2026-08-22 15:32:51,841 [INFO] Loaded init weights from init_ckpt/v21_agiqa3k_seed42.pth
2026-08-22 15:32:51,841 [INFO] Start training
2026-08-22 15:32:51,866 [INFO] number of trainable parameters: 2027397
Not using distributed mode
['msqr_dgmpq_abl_v21', 'msqr_dgmpq_cadr_v18', 'msqr_dgmpq_daps_v16', 'msqr_dgmpq_hcmi_v8', 'msqr_dgmpq_hmqe_dcga_v20', 'msqr_dgmpq_mscm_v10', 'msqr_dgmpq_mscm_v11', 'msqr_dgmpq_mscm_v12', 'msqr_dgmpq_msrc_v14', 'msqr_dgmpq_ptlc_v15', 'msqr_dgmpq_qard_v17', 'msqr_dgmpq_tcap_v9', 'msqr_dgmpqplus_dcar_v19']
2026-08-22 15:32:53,454 [INFO] Start training epoch 0, 37 iters per inner epoch.
2026-08-22 15:33:16,445 [INFO] Averaged stats: lr: 0.000036  loss: 6.685452
2026-08-22 15:33:16,517 [INFO] gates: {"epoch": 0, "quality_ratio": 0.0698, "lambda_q": 0.0115, "deviation_mean": 0.0, "deviation_std": 0.0, "patch_w_mean": 0.5113, "patch_w_std": 0.0219}
2026-08-22 15:33:16,517 [INFO] Evaluating on val.
Train: data epoch: [0]  [ 0/37]  eta: 0:02:57  lr: 0.000000  loss: 7.4702  time: 4.7854  data: 0.0001  max mem: 5049
Train: data epoch: [0]  [20/37]  eta: 0:00:12  lr: 0.000040  loss: 7.2338  time: 0.5110  data: 0.0000  max mem: 5063
Train: data epoch: [0]  [36/37]  eta: 0:00:00  lr: 0.000072  loss: 5.2531  time: 0.5015  data: 0.0000  max mem: 5063
Train: data epoch: [0] Total time: 0:00:22 (0.6214 s / it)
2026-08-22 15:33:23,562 [INFO] Qual: EPOCH[0] -> PLCC: -0.137884, SROCC: -0.115879, KROCC: -0.076598, LOSS: 5.867088
2026-08-22 15:33:23,562 [INFO] Align: EPOCH[0] -> PLCC: -0.064734, SROCC: -0.007249, KROCC: -0.004492, LOSS: 5.297912
2026-08-22 15:33:23,576 [INFO] Saving checkpoint at epoch 0 to run/20260822153_A_single_nodev/checkpoint_best.pth.
2026-08-22 15:33:23,623 [INFO] Saving checkpoint at epoch 0 to run/20260822153_A_single_nodev/checkpoint_best_joint.pth.
2026-08-22 15:33:23,657 [INFO] Start training
2026-08-22 15:33:23,936 [INFO] Start training epoch 1, 37 iters per inner epoch.
2026-08-22 15:33:43,958 [INFO] Averaged stats: lr: 0.000100  loss: 2.544118
2026-08-22 15:33:44,049 [INFO] gates: {"epoch": 1, "quality_ratio": 0.0451, "lambda_q": 0.016, "deviation_mean": 0.0, "deviation_std": 0.0, "patch_w_mean": 0.4137, "patch_w_std": 0.0306}
2026-08-22 15:33:44,049 [INFO] Evaluating on val.
Train: data epoch: [1]  [ 0/37]  eta: 0:01:00  lr: 0.000100  loss: 5.4803  time: 1.6451  data: 0.0001  max mem: 5063
Train: data epoch: [1]  [20/37]  eta: 0:00:09  lr: 0.000100  loss: 1.5769  time: 0.5027  data: 0.0000  max mem: 5063
Train: data epoch: [1]  [36/37]  eta: 0:00:00  lr: 0.000100  loss: 0.7238  time: 0.5149  data: 0.0000  max mem: 5063
Train: data epoch: [1] Total time: 0:00:20 (0.5411 s / it)
2026-08-22 15:33:49,248 [INFO] Qual: EPOCH[1] -> PLCC: 0.377490, SROCC: 0.344960, KROCC: 0.233847, LOSS: 0.880507
2026-08-22 15:33:49,248 [INFO] Align: EPOCH[1] -> PLCC: 0.429907, SROCC: 0.407768, KROCC: 0.275376, LOSS: 0.873446
2026-08-22 15:33:49,264 [INFO] Saving checkpoint at epoch 1 to run/20260822153_A_single_nodev/checkpoint_best.pth.
2026-08-22 15:33:49,332 [INFO] Saving checkpoint at epoch 1 to run/20260822153_A_single_nodev/checkpoint_best_joint.pth.
2026-08-22 15:33:49,382 [INFO] Start training
2026-08-22 15:33:49,689 [INFO] Start training epoch 2, 37 iters per inner epoch.
2026-08-22 15:34:07,710 [INFO] Averaged stats: lr: 0.000100  loss: 0.696352
2026-08-22 15:34:07,800 [INFO] gates: {"epoch": 2, "quality_ratio": 0.0482, "lambda_q": 0.016, "deviation_mean": 0.0, "deviation_std": 0.0, "patch_w_mean": 0.2888, "patch_w_std": 0.0728}
2026-08-22 15:34:07,800 [INFO] Evaluating on val.
Train: data epoch: [2]  [ 0/37]  eta: 0:00:49  lr: 0.000100  loss: 0.9537  time: 1.3507  data: 0.0001  max mem: 5063
Train: data epoch: [2]  [20/37]  eta: 0:00:07  lr: 0.000100  loss: 0.6437  time: 0.4158  data: 0.0000  max mem: 5063
Train: data epoch: [2]  [36/37]  eta: 0:00:00  lr: 0.000100  loss: 0.4322  time: 0.5212  data: 0.0000  max mem: 5063
Train: data epoch: [2] Total time: 0:00:18 (0.4870 s / it)
2026-08-22 15:34:13,440 [INFO] Qual: EPOCH[2] -> PLCC: 0.758222, SROCC: 0.687969, KROCC: 0.501606, LOSS: 0.431929
2026-08-22 15:34:13,440 [INFO] Align: EPOCH[2] -> PLCC: 0.710496, SROCC: 0.619488, KROCC: 0.439365, LOSS: 0.512707
2026-08-22 15:34:13,457 [INFO] Saving checkpoint at epoch 2 to run/20260822153_A_single_nodev/checkpoint_best.pth.
2026-08-22 15:34:13,532 [INFO] Saving checkpoint at epoch 2 to run/20260822153_A_single_nodev/checkpoint_best_joint.pth.
2026-08-22 15:34:13,586 [INFO] Start training
2026-08-22 15:34:13,884 [INFO] Start training epoch 3, 37 iters per inner epoch.
2026-08-22 15:34:32,416 [INFO] Averaged stats: lr: 0.000099  loss: 0.363582
2026-08-22 15:34:32,518 [INFO] gates: {"epoch": 3, "quality_ratio": 0.0489, "lambda_q": 0.0163, "deviation_mean": 0.0, "deviation_std": 0.0, "patch_w_mean": 0.1914, "patch_w_std": 0.1212}
2026-08-22 15:34:32,519 [INFO] Evaluating on val.
Train: data epoch: [3]  [ 0/37]  eta: 0:00:49  lr: 0.000099  loss: 0.4294  time: 1.3307  data: 0.0001  max mem: 5063
Train: data epoch: [3]  [20/37]  eta: 0:00:08  lr: 0.000099  loss: 0.4168  time: 0.4470  data: 0.0000  max mem: 5063
Train: data epoch: [3]  [36/37]  eta: 0:00:00  lr: 0.000099  loss: 0.2974  time: 0.5160  data: 0.0000  max mem: 5063
Train: data epoch: [3] Total time: 0:00:18 (0.5008 s / it)
2026-08-22 15:34:38,547 [INFO] Qual: EPOCH[3] -> PLCC: 0.852661, SROCC: 0.774850, KROCC: 0.587835, LOSS: 0.263025
2026-08-22 15:34:38,547 [INFO] Align: EPOCH[3] -> PLCC: 0.780125, SROCC: 0.649138, KROCC: 0.468349, LOSS: 0.387105
2026-08-22 15:34:38,562 [INFO] Saving checkpoint at epoch 3 to run/20260822153_A_single_nodev/checkpoint_best.pth.
2026-08-22 15:34:38,638 [INFO] Saving checkpoint at epoch 3 to run/20260822153_A_single_nodev/checkpoint_best_joint.pth.
2026-08-22 15:34:38,697 [INFO] Start training
2026-08-22 15:34:39,000 [INFO] Start training epoch 4, 37 iters per inner epoch.
2026-08-22 15:34:58,076 [INFO] Averaged stats: lr: 0.000098  loss: 0.261799
2026-08-22 15:34:58,154 [INFO] gates: {"epoch": 4, "quality_ratio": 0.0475, "lambda_q": 0.0167, "deviation_mean": 0.0, "deviation_std": 0.0, "patch_w_mean": 0.1762, "patch_w_std": 0.1429}
2026-08-22 15:34:58,154 [INFO] Evaluating on val.
Train: data epoch: [4]  [ 0/37]  eta: 0:00:54  lr: 0.000098  loss: 0.3193  time: 1.4730  data: 0.0001  max mem: 5063
Train: data epoch: [4]  [20/37]  eta: 0:00:08  lr: 0.000098  loss: 0.3541  time: 0.4669  data: 0.0000  max mem: 5063
Train: data epoch: [4]  [36/37]  eta: 0:00:00  lr: 0.000098  loss: 0.2301  time: 0.5163  data: 0.0000  max mem: 5063
Train: data epoch: [4] Total time: 0:00:19 (0.5155 s / it)
2026-08-22 15:35:04,353 [INFO] Qual: EPOCH[4] -> PLCC: 0.883079, SROCC: 0.815975, KROCC: 0.630921, LOSS: 0.204468
2026-08-22 15:35:04,353 [INFO] Align: EPOCH[4] -> PLCC: 0.809611, SROCC: 0.662026, KROCC: 0.481153, LOSS: 0.330527
2026-08-22 15:35:04,366 [INFO] Saving checkpoint at epoch 4 to run/20260822153_A_single_nodev/checkpoint_best.pth.
2026-08-22 15:35:04,423 [INFO] Saving checkpoint at epoch 4 to run/20260822153_A_single_nodev/checkpoint_best_joint.pth.
2026-08-22 15:35:04,476 [INFO] Start training
2026-08-22 15:35:04,782 [INFO] Start training epoch 5, 37 iters per inner epoch.
2026-08-22 15:35:23,458 [INFO] Averaged stats: lr: 0.000098  loss: 0.231195
2026-08-22 15:35:23,555 [INFO] gates: {"epoch": 5, "quality_ratio": 0.0497, "lambda_q": 0.0169, "deviation_mean": 0.0, "deviation_std": 0.0, "patch_w_mean": 0.1231, "patch_w_std": 0.154}
2026-08-22 15:35:23,556 [INFO] Evaluating on val.
Train: data epoch: [5]  [ 0/37]  eta: 0:00:33  lr: 0.000098  loss: 0.1852  time: 0.9026  data: 0.0001  max mem: 5063
Train: data epoch: [5]  [20/37]  eta: 0:00:08  lr: 0.000098  loss: 0.2507  time: 0.4746  data: 0.0000  max mem: 5063
Train: data epoch: [5]  [36/37]  eta: 0:00:00  lr: 0.000098  loss: 0.3158  time: 0.5176  data: 0.0000  max mem: 5063
Train: data epoch: [5] Total time: 0:00:18 (0.5047 s / it)
2026-08-22 15:35:29,761 [INFO] Qual: EPOCH[5] -> PLCC: 0.892735, SROCC: 0.831871, KROCC: 0.649091, LOSS: 0.187674
2026-08-22 15:35:29,762 [INFO] Align: EPOCH[5] -> PLCC: 0.818644, SROCC: 0.665488, KROCC: 0.485439, LOSS: 0.318508
2026-08-22 15:35:29,774 [INFO] Saving checkpoint at epoch 5 to run/20260822153_A_single_nodev/checkpoint_best.pth.
2026-08-22 15:35:29,827 [INFO] Saving checkpoint at epoch 5 to run/20260822153_A_single_nodev/checkpoint_best_joint.pth.
2026-08-22 15:35:29,879 [INFO] Start training
2026-08-22 15:35:30,188 [INFO] Start training epoch 6, 37 iters per inner epoch.
2026-08-22 15:35:48,188 [INFO] Averaged stats: lr: 0.000097  loss: 0.214366
2026-08-22 15:35:48,290 [INFO] gates: {"epoch": 6, "quality_ratio": 0.0534, "lambda_q": 0.0172, "deviation_mean": 0.0, "deviation_std": 0.0, "patch_w_mean": 0.1276, "patch_w_std": 0.1586}
2026-08-22 15:35:48,290 [INFO] Evaluating on val.
Train: data epoch: [6]  [ 0/37]  eta: 0:00:40  lr: 0.000097  loss: 0.1749  time: 1.0874  data: 0.0001  max mem: 5063
Train: data epoch: [6]  [20/37]  eta: 0:00:07  lr: 0.000097  loss: 0.2444  time: 0.4324  data: 0.0000  max mem: 5063
Train: data epoch: [6]  [36/37]  eta: 0:00:00  lr: 0.000097  loss: 0.2104  time: 0.5085  data: 0.0000  max mem: 5063
Train: data epoch: [6] Total time: 0:00:17 (0.4865 s / it)
2026-08-22 15:35:54,444 [INFO] Qual: EPOCH[6] -> PLCC: 0.897429, SROCC: 0.838663, KROCC: 0.657218, LOSS: 0.187422
2026-08-22 15:35:54,444 [INFO] Align: EPOCH[6] -> PLCC: 0.820516, SROCC: 0.668931, KROCC: 0.489102, LOSS: 0.315818
2026-08-22 15:35:54,460 [INFO] Saving checkpoint at epoch 6 to run/20260822153_A_single_nodev/checkpoint_best.pth.
2026-08-22 15:35:54,524 [INFO] Saving checkpoint at epoch 6 to run/20260822153_A_single_nodev/checkpoint_best_joint.pth.
2026-08-22 15:35:54,572 [INFO] Start training
2026-08-22 15:35:54,875 [INFO] Start training epoch 7, 37 iters per inner epoch.
2026-08-22 15:36:13,021 [INFO] Averaged stats: lr: 0.000095  loss: 0.199148
2026-08-22 15:36:13,135 [INFO] gates: {"epoch": 7, "quality_ratio": 0.0523, "lambda_q": 0.0175, "deviation_mean": 0.0, "deviation_std": 0.0, "patch_w_mean": 0.1105, "patch_w_std": 0.1669}
2026-08-22 15:36:13,135 [INFO] Evaluating on val.
Train: data epoch: [7]  [ 0/37]  eta: 0:00:45  lr: 0.000095  loss: 0.1938  time: 1.2346  data: 0.0001  max mem: 5063
Train: data epoch: [7]  [20/37]  eta: 0:00:07  lr: 0.000095  loss: 0.2584  time: 0.4282  data: 0.0000  max mem: 5063
Train: data epoch: [7]  [36/37]  eta: 0:00:00  lr: 0.000095  loss: 0.1828  time: 0.4889  data: 0.0000  max mem: 5063
Train: data epoch: [7] Total time: 0:00:18 (0.4904 s / it)
2026-08-22 15:36:19,268 [INFO] Qual: EPOCH[7] -> PLCC: 0.901320, SROCC: 0.843320, KROCC: 0.662262, LOSS: 0.174331
2026-08-22 15:36:19,269 [INFO] Align: EPOCH[7] -> PLCC: 0.826912, SROCC: 0.670615, KROCC: 0.490683, LOSS: 0.302866
2026-08-22 15:36:19,283 [INFO] Saving checkpoint at epoch 7 to run/20260822153_A_single_nodev/checkpoint_best.pth.
2026-08-22 15:36:19,335 [INFO] Saving checkpoint at epoch 7 to run/20260822153_A_single_nodev/checkpoint_best_joint.pth.
2026-08-22 15:36:19,375 [INFO] Start training
2026-08-22 15:36:19,648 [INFO] Start training epoch 8, 37 iters per inner epoch.
2026-08-22 15:36:37,081 [INFO] Averaged stats: lr: 0.000094  loss: 0.191804
2026-08-22 15:36:37,176 [INFO] gates: {"epoch": 8, "quality_ratio": 0.0547, "lambda_q": 0.0178, "deviation_mean": 0.0, "deviation_std": 0.0, "patch_w_mean": 0.1426, "patch_w_std": 0.1668}
2026-08-22 15:36:37,177 [INFO] Evaluating on val.
Train: data epoch: [8]  [ 0/37]  eta: 0:00:46  lr: 0.000094  loss: 0.1612  time: 1.2480  data: 0.0001  max mem: 5063
Train: data epoch: [8]  [20/37]  eta: 0:00:07  lr: 0.000094  loss: 0.1772  time: 0.4209  data: 0.0000  max mem: 5063
Train: data epoch: [8]  [36/37]  eta: 0:00:00  lr: 0.000094  loss: 0.2553  time: 0.4945  data: 0.0000  max mem: 5063
Train: data epoch: [8] Total time: 0:00:17 (0.4711 s / it)
2026-08-22 15:36:43,653 [INFO] Qual: EPOCH[8] -> PLCC: 0.903517, SROCC: 0.844353, KROCC: 0.663442, LOSS: 0.171413
2026-08-22 15:36:43,653 [INFO] Align: EPOCH[8] -> PLCC: 0.828667, SROCC: 0.674182, KROCC: 0.493244, LOSS: 0.301881
2026-08-22 15:36:43,669 [INFO] Saving checkpoint at epoch 8 to run/20260822153_A_single_nodev/checkpoint_best.pth.
2026-08-22 15:36:43,737 [INFO] Saving checkpoint at epoch 8 to run/20260822153_A_single_nodev/checkpoint_best_joint.pth.
2026-08-22 15:36:43,787 [INFO] Start training
2026-08-22 15:36:44,110 [INFO] Start training epoch 9, 37 iters per inner epoch.
2026-08-22 15:37:02,506 [INFO] Averaged stats: lr: 0.000092  loss: 0.181441
2026-08-22 15:37:02,633 [INFO] gates: {"epoch": 9, "quality_ratio": 0.054, "lambda_q": 0.0179, "deviation_mean": 0.0, "deviation_std": 0.0, "patch_w_mean": 0.1183, "patch_w_std": 0.1797}
2026-08-22 15:37:02,633 [INFO] Evaluating on val.
Train: data epoch: [9]  [ 0/37]  eta: 0:00:44  lr: 0.000092  loss: 0.1680  time: 1.2022  data: 0.0001  max mem: 5063
Train: data epoch: [9]  [20/37]  eta: 0:00:08  lr: 0.000092  loss: 0.1833  time: 0.4731  data: 0.0000  max mem: 5063
Train: data epoch: [9]  [36/37]  eta: 0:00:00  lr: 0.000092  loss: 0.1982  time: 0.4914  data: 0.0000  max mem: 5063
Train: data epoch: [9] Total time: 0:00:18 (0.4972 s / it)
2026-08-22 15:37:09,125 [INFO] Qual: EPOCH[9] -> PLCC: 0.905689, SROCC: 0.849846, KROCC: 0.669198, LOSS: 0.170520
2026-08-22 15:37:09,126 [INFO] Align: EPOCH[9] -> PLCC: 0.830824, SROCC: 0.676161, KROCC: 0.495604, LOSS: 0.296397
2026-08-22 15:37:09,141 [INFO] Saving checkpoint at epoch 9 to run/20260822153_A_single_nodev/checkpoint_best.pth.
2026-08-22 15:37:09,219 [INFO] Saving checkpoint at epoch 9 to run/20260822153_A_single_nodev/checkpoint_best_joint.pth.
2026-08-22 15:37:09,280 [INFO] Start training
2026-08-22 15:37:09,591 [INFO] Start training epoch 10, 37 iters per inner epoch.
2026-08-22 15:37:28,763 [INFO] Averaged stats: lr: 0.000091  loss: 0.173803
2026-08-22 15:37:28,865 [INFO] gates: {"epoch": 10, "quality_ratio": 0.0545, "lambda_q": 0.0182, "deviation_mean": 0.0, "deviation_std": 0.0, "patch_w_mean": 0.1131, "patch_w_std": 0.1727}
2026-08-22 15:37:28,865 [INFO] Evaluating on val.
Train: data epoch: [10]  [ 0/37]  eta: 0:01:01  lr: 0.000091  loss: 0.1621  time: 1.6721  data: 0.0001  max mem: 5063
Train: data epoch: [10]  [20/37]  eta: 0:00:08  lr: 0.000091  loss: 0.1506  time: 0.4596  data: 0.0000  max mem: 5063
Train: data epoch: [10]  [36/37]  eta: 0:00:00  lr: 0.000091  loss: 0.2052  time: 0.4873  data: 0.0000  max mem: 5063
Train: data epoch: [10] Total time: 0:00:19 (0.5181 s / it)
2026-08-22 15:37:35,458 [INFO] Qual: EPOCH[10] -> PLCC: 0.907426, SROCC: 0.851418, KROCC: 0.671024, LOSS: 0.173479
2026-08-22 15:37:35,458 [INFO] Align: EPOCH[10] -> PLCC: 0.833081, SROCC: 0.678006, KROCC: 0.497225, LOSS: 0.294530
2026-08-22 15:37:35,474 [INFO] Saving checkpoint at epoch 10 to run/20260822153_A_single_nodev/checkpoint_best.pth.
2026-08-22 15:37:35,552 [INFO] Saving checkpoint at epoch 10 to run/20260822153_A_single_nodev/checkpoint_best_joint.pth.
2026-08-22 15:37:35,614 [INFO] Start training
2026-08-22 15:37:35,926 [INFO] Start training epoch 11, 37 iters per inner epoch.
2026-08-22 15:37:54,917 [INFO] Averaged stats: lr: 0.000089  loss: 0.166152
2026-08-22 15:37:55,011 [INFO] gates: {"epoch": 11, "quality_ratio": 0.056, "lambda_q": 0.0185, "deviation_mean": 0.0, "deviation_std": 0.0, "patch_w_mean": 0.1085, "patch_w_std": 0.1729}
2026-08-22 15:37:55,011 [INFO] Evaluating on val.
Train: data epoch: [11]  [ 0/37]  eta: 0:00:49  lr: 0.000089  loss: 0.1739  time: 1.3477  data: 0.0001  max mem: 5063
Train: data epoch: [11]  [20/37]  eta: 0:00:08  lr: 0.000089  loss: 0.1722  time: 0.4634  data: 0.0000  max mem: 5063
Train: data epoch: [11]  [36/37]  eta: 0:00:00  lr: 0.000089  loss: 0.1435  time: 0.5156  data: 0.0000  max mem: 5063
Train: data epoch: [11] Total time: 0:00:18 (0.5132 s / it)
2026-08-22 15:38:01,571 [INFO] Qual: EPOCH[11] -> PLCC: 0.907984, SROCC: 0.851840, KROCC: 0.671335, LOSS: 0.163780
2026-08-22 15:38:01,571 [INFO] Align: EPOCH[11] -> PLCC: 0.833800, SROCC: 0.680363, KROCC: 0.499478, LOSS: 0.292707
2026-08-22 15:38:01,587 [INFO] Saving checkpoint at epoch 11 to run/20260822153_A_single_nodev/checkpoint_best.pth.
2026-08-22 15:38:01,669 [INFO] Saving checkpoint at epoch 11 to run/20260822153_A_single_nodev/checkpoint_best_joint.pth.
2026-08-22 15:38:01,726 [INFO] Start training
2026-08-22 15:38:02,051 [INFO] Start training epoch 12, 37 iters per inner epoch.
2026-08-22 15:38:20,926 [INFO] Averaged stats: lr: 0.000087  loss: 0.159517
2026-08-22 15:38:21,039 [INFO] gates: {"epoch": 12, "quality_ratio": 0.0575, "lambda_q": 0.0187, "deviation_mean": 0.0, "deviation_std": 0.0, "patch_w_mean": 0.0973, "patch_w_std": 0.1705}
2026-08-22 15:38:21,039 [INFO] Evaluating on val.
Train: data epoch: [12]  [ 0/37]  eta: 0:00:49  lr: 0.000087  loss: 0.1811  time: 1.3381  data: 0.0001  max mem: 5063
Train: data epoch: [12]  [20/37]  eta: 0:00:08  lr: 0.000087  loss: 0.1924  time: 0.4645  data: 0.0000  max mem: 5063
Train: data epoch: [12]  [36/37]  eta: 0:00:00  lr: 0.000087  loss: 0.1488  time: 0.5167  data: 0.0000  max mem: 5063
Train: data epoch: [12] Total time: 0:00:18 (0.5101 s / it)
2026-08-22 15:38:27,369 [INFO] Qual: EPOCH[12] -> PLCC: 0.908809, SROCC: 0.853074, KROCC: 0.672994, LOSS: 0.162504
2026-08-22 15:38:27,370 [INFO] Align: EPOCH[12] -> PLCC: 0.834244, SROCC: 0.682480, KROCC: 0.501671, LOSS: 0.292583
2026-08-22 15:38:27,385 [INFO] Saving checkpoint at epoch 12 to run/20260822153_A_single_nodev/checkpoint_best.pth.
2026-08-22 15:38:27,439 [INFO] Saving checkpoint at epoch 12 to run/20260822153_A_single_nodev/checkpoint_best_joint.pth.
2026-08-22 15:38:27,482 [INFO] Start training
2026-08-22 15:38:27,766 [INFO] Start training epoch 13, 37 iters per inner epoch.
2026-08-22 15:38:46,348 [INFO] Averaged stats: lr: 0.000084  loss: 0.153621
2026-08-22 15:38:46,453 [INFO] gates: {"epoch": 13, "quality_ratio": 0.0573, "lambda_q": 0.0189, "deviation_mean": 0.0, "deviation_std": 0.0, "patch_w_mean": 0.0898, "patch_w_std": 0.1726}
2026-08-22 15:38:46,453 [INFO] Evaluating on val.
Train: data epoch: [13]  [ 0/37]  eta: 0:00:44  lr: 0.000084  loss: 0.1187  time: 1.1896  data: 0.0001  max mem: 5063
Train: data epoch: [13]  [20/37]  eta: 0:00:08  lr: 0.000084  loss: 0.1687  time: 0.4588  data: 0.0000  max mem: 5063
Train: data epoch: [13]  [36/37]  eta: 0:00:00  lr: 0.000084  loss: 0.1659  time: 0.5165  data: 0.0000  max mem: 5063
Train: data epoch: [13] Total time: 0:00:18 (0.5022 s / it)
2026-08-22 15:38:52,882 [INFO] Qual: EPOCH[13] -> PLCC: 0.909280, SROCC: 0.853446, KROCC: 0.673707, LOSS: 0.166845
2026-08-22 15:38:52,882 [INFO] Align: EPOCH[13] -> PLCC: 0.835264, SROCC: 0.683001, KROCC: 0.501927, LOSS: 0.291043
2026-08-22 15:38:52,897 [INFO] Saving checkpoint at epoch 13 to run/20260822153_A_single_nodev/checkpoint_best.pth.
2026-08-22 15:38:52,951 [INFO] Saving checkpoint at epoch 13 to run/20260822153_A_single_nodev/checkpoint_best_joint.pth.
2026-08-22 15:38:53,004 [INFO] Start training
2026-08-22 15:38:53,328 [INFO] Start training epoch 14, 37 iters per inner epoch.
2026-08-22 15:39:12,003 [INFO] Averaged stats: lr: 0.000082  loss: 0.149091
2026-08-22 15:39:12,087 [INFO] gates: {"epoch": 14, "quality_ratio": 0.0577, "lambda_q": 0.0192, "deviation_mean": 0.0, "deviation_std": 0.0, "patch_w_mean": 0.099, "patch_w_std": 0.1701}
2026-08-22 15:39:12,088 [INFO] Evaluating on val.
Train: data epoch: [14]  [ 0/37]  eta: 0:00:39  lr: 0.000082  loss: 0.1479  time: 1.0681  data: 0.0001  max mem: 5063
Train: data epoch: [14]  [20/37]  eta: 0:00:08  lr: 0.000082  loss: 0.1359  time: 0.4674  data: 0.0000  max mem: 5063
Train: data epoch: [14]  [36/37]  eta: 0:00:00  lr: 0.000082  loss: 0.1597  time: 0.5161  data: 0.0000  max mem: 5063
Train: data epoch: [14] Total time: 0:00:18 (0.5047 s / it)
2026-08-22 15:39:18,409 [INFO] Qual: EPOCH[14] -> PLCC: 0.910115, SROCC: 0.854592, KROCC: 0.674776, LOSS: 0.162168
2026-08-22 15:39:18,409 [INFO] Align: EPOCH[14] -> PLCC: 0.834643, SROCC: 0.682082, KROCC: 0.501182, LOSS: 0.291266
2026-08-22 15:39:18,422 [INFO] Saving checkpoint at epoch 14 to run/20260822153_A_single_nodev/checkpoint_best.pth.
2026-08-22 15:39:18,501 [INFO] Saving checkpoint at epoch 14 to run/20260822153_A_single_nodev/checkpoint_best_joint.pth.
2026-08-22 15:39:18,542 [INFO] Start training
2026-08-22 15:39:18,844 [INFO] Start training epoch 15, 37 iters per inner epoch.
2026-08-22 15:39:37,497 [INFO] Averaged stats: lr: 0.000080  loss: 0.145273
2026-08-22 15:39:37,595 [INFO] gates: {"epoch": 15, "quality_ratio": 0.0546, "lambda_q": 0.0194, "deviation_mean": 0.0, "deviation_std": 0.0, "patch_w_mean": 0.1232, "patch_w_std": 0.1716}
2026-08-22 15:39:37,595 [INFO] Evaluating on val.
Train: data epoch: [15]  [ 0/37]  eta: 0:00:43  lr: 0.000080  loss: 0.1625  time: 1.1851  data: 0.0001  max mem: 5063
Train: data epoch: [15]  [20/37]  eta: 0:00:08  lr: 0.000080  loss: 0.1414  time: 0.4566  data: 0.0000  max mem: 5063
Train: data epoch: [15]  [36/37]  eta: 0:00:00  lr: 0.000080  loss: 0.1261  time: 0.5200  data: 0.0000  max mem: 5063
Train: data epoch: [15] Total time: 0:00:18 (0.5041 s / it)
2026-08-22 15:39:43,983 [INFO] Qual: EPOCH[15] -> PLCC: 0.910903, SROCC: 0.856256, KROCC: 0.676624, LOSS: 0.161950
2026-08-22 15:39:43,983 [INFO] Align: EPOCH[15] -> PLCC: 0.834186, SROCC: 0.683607, KROCC: 0.502807, LOSS: 0.292337
2026-08-22 15:39:43,999 [INFO] Saving checkpoint at epoch 15 to run/20260822153_A_single_nodev/checkpoint_best.pth.
2026-08-22 15:39:44,053 [INFO] Saving checkpoint at epoch 15 to run/20260822153_A_single_nodev/checkpoint_best_joint.pth.
2026-08-22 15:39:44,092 [INFO] Start training
2026-08-22 15:39:44,383 [INFO] Start training epoch 16, 37 iters per inner epoch.
2026-08-22 15:40:02,655 [INFO] Averaged stats: lr: 0.000077  loss: 0.140659
2026-08-22 15:40:02,751 [INFO] gates: {"epoch": 16, "quality_ratio": 0.057, "lambda_q": 0.0197, "deviation_mean": 0.0, "deviation_std": 0.0, "patch_w_mean": 0.0961, "patch_w_std": 0.1704}
2026-08-22 15:40:02,751 [INFO] Evaluating on val.
Train: data epoch: [16]  [ 0/37]  eta: 0:00:35  lr: 0.000077  loss: 0.1915  time: 0.9677  data: 0.0001  max mem: 5063
Train: data epoch: [16]  [20/37]  eta: 0:00:08  lr: 0.000077  loss: 0.1576  time: 0.4517  data: 0.0000  max mem: 5063
Train: data epoch: [16]  [36/37]  eta: 0:00:00  lr: 0.000077  loss: 0.1781  time: 0.5077  data: 0.0000  max mem: 5063
Train: data epoch: [16] Total time: 0:00:18 (0.4938 s / it)
2026-08-22 15:40:09,072 [INFO] Qual: EPOCH[16] -> PLCC: 0.910169, SROCC: 0.853739, KROCC: 0.674263, LOSS: 0.159874
2026-08-22 15:40:09,073 [INFO] Align: EPOCH[16] -> PLCC: 0.834759, SROCC: 0.682216, KROCC: 0.501337, LOSS: 0.291476
2026-08-22 15:40:09,074 [INFO] Start training
2026-08-22 15:40:09,391 [INFO] Start training epoch 17, 37 iters per inner epoch.
2026-08-22 15:40:28,375 [INFO] Averaged stats: lr: 0.000074  loss: 0.137145
2026-08-22 15:40:28,470 [INFO] gates: {"epoch": 17, "quality_ratio": 0.0579, "lambda_q": 0.0199, "deviation_mean": 0.0, "deviation_std": 0.0, "patch_w_mean": 0.0792, "patch_w_std": 0.1642}
2026-08-22 15:40:28,470 [INFO] Evaluating on val.
Train: data epoch: [17]  [ 0/37]  eta: 0:00:45  lr: 0.000074  loss: 0.1503  time: 1.2187  data: 0.0001  max mem: 5063
Train: data epoch: [17]  [20/37]  eta: 0:00:08  lr: 0.000074  loss: 0.1649  time: 0.4711  data: 0.0000  max mem: 5063
Train: data epoch: [17]  [36/37]  eta: 0:00:00  lr: 0.000074  loss: 0.1010  time: 0.5210  data: 0.0000  max mem: 5063
Train: data epoch: [17] Total time: 0:00:18 (0.5131 s / it)
2026-08-22 15:40:34,865 [INFO] Qual: EPOCH[17] -> PLCC: 0.909428, SROCC: 0.853633, KROCC: 0.674152, LOSS: 0.167099
2026-08-22 15:40:34,865 [INFO] Align: EPOCH[17] -> PLCC: 0.833370, SROCC: 0.681396, KROCC: 0.500703, LOSS: 0.294379
2026-08-22 15:40:34,866 [INFO] Start training
2026-08-22 15:40:35,189 [INFO] Start training epoch 18, 37 iters per inner epoch.
2026-08-22 15:40:53,840 [INFO] Averaged stats: lr: 0.000072  loss: 0.133293
2026-08-22 15:40:53,944 [INFO] gates: {"epoch": 18, "quality_ratio": 0.062, "lambda_q": 0.0201, "deviation_mean": 0.0, "deviation_std": 0.0, "patch_w_mean": 0.0885, "patch_w_std": 0.1698}
2026-08-22 15:40:53,944 [INFO] Evaluating on val.
Train: data epoch: [18]  [ 0/37]  eta: 0:00:39  lr: 0.000072  loss: 0.1625  time: 1.0654  data: 0.0001  max mem: 5063
Train: data epoch: [18]  [20/37]  eta: 0:00:08  lr: 0.000072  loss: 0.1479  time: 0.4657  data: 0.0000  max mem: 5063
Train: data epoch: [18]  [36/37]  eta: 0:00:00  lr: 0.000072  loss: 0.1237  time: 0.5163  data: 0.0000  max mem: 5063
Train: data epoch: [18] Total time: 0:00:18 (0.5041 s / it)
2026-08-22 15:41:00,424 [INFO] Qual: EPOCH[18] -> PLCC: 0.910301, SROCC: 0.855714, KROCC: 0.676401, LOSS: 0.161362
2026-08-22 15:41:00,424 [INFO] Align: EPOCH[18] -> PLCC: 0.832890, SROCC: 0.681120, KROCC: 0.500335, LOSS: 0.296700
2026-08-22 15:41:00,424 [INFO] Start training
2026-08-22 15:41:00,726 [INFO] Start training epoch 19, 37 iters per inner epoch.
2026-08-22 15:41:19,303 [INFO] Averaged stats: lr: 0.000069  loss: 0.130138
2026-08-22 15:41:19,396 [INFO] gates: {"epoch": 19, "quality_ratio": 0.0633, "lambda_q": 0.0202, "deviation_mean": 0.0, "deviation_std": 0.0, "patch_w_mean": 0.089, "patch_w_std": 0.1726}
2026-08-22 15:41:19,397 [INFO] Evaluating on val.
Train: data epoch: [19]  [ 0/37]  eta: 0:00:41  lr: 0.000069  loss: 0.1389  time: 1.1301  data: 0.0001  max mem: 5063
Train: data epoch: [19]  [20/37]  eta: 0:00:08  lr: 0.000069  loss: 0.1764  time: 0.4638  data: 0.0000  max mem: 5063
Train: data epoch: [19]  [36/37]  eta: 0:00:00  lr: 0.000069  loss: 0.1441  time: 0.5088  data: 0.0000  max mem: 5063
Train: data epoch: [19] Total time: 0:00:18 (0.5021 s / it)
2026-08-22 15:41:25,992 [INFO] Qual: EPOCH[19] -> PLCC: 0.910605, SROCC: 0.856221, KROCC: 0.677448, LOSS: 0.161735
2026-08-22 15:41:25,992 [INFO] Align: EPOCH[19] -> PLCC: 0.831552, SROCC: 0.679884, KROCC: 0.499834, LOSS: 0.298313
2026-08-22 15:41:25,993 [INFO] Start training
2026-08-22 15:41:26,305 [INFO] Start training epoch 20, 37 iters per inner epoch.
2026-08-22 15:41:44,591 [INFO] Averaged stats: lr: 0.000066  loss: 0.127721
2026-08-22 15:41:44,685 [INFO] gates: {"epoch": 20, "quality_ratio": 0.062, "lambda_q": 0.0204, "deviation_mean": 0.0, "deviation_std": 0.0, "patch_w_mean": 0.0861, "patch_w_std": 0.171}
2026-08-22 15:41:44,686 [INFO] Evaluating on val.
Train: data epoch: [20]  [ 0/37]  eta: 0:00:35  lr: 0.000066  loss: 0.1096  time: 0.9502  data: 0.0001  max mem: 5063
Train: data epoch: [20]  [20/37]  eta: 0:00:08  lr: 0.000066  loss: 0.1149  time: 0.4557  data: 0.0000  max mem: 5063
Train: data epoch: [20]  [36/37]  eta: 0:00:00  lr: 0.000066  loss: 0.1239  time: 0.4979  data: 0.0000  max mem: 5063
Train: data epoch: [20] Total time: 0:00:18 (0.4942 s / it)
2026-08-22 15:41:51,271 [INFO] Qual: EPOCH[20] -> PLCC: 0.909345, SROCC: 0.853723, KROCC: 0.674208, LOSS: 0.167781
2026-08-22 15:41:51,271 [INFO] Align: EPOCH[20] -> PLCC: 0.831837, SROCC: 0.678808, KROCC: 0.498988, LOSS: 0.297662
2026-08-22 15:41:51,287 [INFO] Saving checkpoint at epoch 20 to run/20260822153_A_single_nodev/checkpoint_latest.pth.
2026-08-22 15:41:51,332 [INFO] Start training
2026-08-22 15:41:51,639 [INFO] Start training epoch 21, 37 iters per inner epoch.
2026-08-22 15:42:10,482 [INFO] Averaged stats: lr: 0.000063  loss: 0.123305
2026-08-22 15:42:10,589 [INFO] gates: {"epoch": 21, "quality_ratio": 0.0675, "lambda_q": 0.0205, "deviation_mean": 0.0, "deviation_std": 0.0, "patch_w_mean": 0.0904, "patch_w_std": 0.173}
2026-08-22 15:42:10,589 [INFO] Evaluating on val.
Train: data epoch: [21]  [ 0/37]  eta: 0:00:57  lr: 0.000063  loss: 0.1806  time: 1.5434  data: 0.0001  max mem: 5063
Train: data epoch: [21]  [20/37]  eta: 0:00:08  lr: 0.000063  loss: 0.1342  time: 0.4527  data: 0.0000  max mem: 5063
Train: data epoch: [21]  [36/37]  eta: 0:00:00  lr: 0.000063  loss: 0.1299  time: 0.5037  data: 0.0000  max mem: 5063
Train: data epoch: [21] Total time: 0:00:18 (0.5092 s / it)
2026-08-22 15:42:17,212 [INFO] Qual: EPOCH[21] -> PLCC: 0.911117, SROCC: 0.857843, KROCC: 0.679652, LOSS: 0.159332
2026-08-22 15:42:17,212 [INFO] Align: EPOCH[21] -> PLCC: 0.830375, SROCC: 0.678173, KROCC: 0.498944, LOSS: 0.303094
2026-08-22 15:42:17,228 [INFO] Saving checkpoint at epoch 21 to run/20260822153_A_single_nodev/checkpoint_best.pth.
2026-08-22 15:42:17,278 [INFO] Start training
2026-08-22 15:42:17,580 [INFO] Start training epoch 22, 37 iters per inner epoch.
2026-08-22 15:42:35,116 [INFO] Averaged stats: lr: 0.000060  loss: 0.122290
2026-08-22 15:42:35,207 [INFO] gates: {"epoch": 22, "quality_ratio": 0.0617, "lambda_q": 0.0206, "deviation_mean": 0.0, "deviation_std": 0.0, "patch_w_mean": 0.0826, "patch_w_std": 0.1759}
2026-08-22 15:42:35,207 [INFO] Evaluating on val.
Train: data epoch: [22]  [ 0/37]  eta: 0:00:39  lr: 0.000060  loss: 0.0903  time: 1.0764  data: 0.0002  max mem: 5063
Train: data epoch: [22]  [20/37]  eta: 0:00:07  lr: 0.000060  loss: 0.1434  time: 0.4123  data: 0.0000  max mem: 5063
Train: data epoch: [22]  [36/37]  eta: 0:00:00  lr: 0.000060  loss: 0.1274  time: 0.4730  data: 0.0000  max mem: 5063
Train: data epoch: [22] Total time: 0:00:17 (0.4739 s / it)
2026-08-22 15:42:41,851 [INFO] Qual: EPOCH[22] -> PLCC: 0.907890, SROCC: 0.853654, KROCC: 0.674041, LOSS: 0.180983
2026-08-22 15:42:41,851 [INFO] Align: EPOCH[22] -> PLCC: 0.829650, SROCC: 0.677254, KROCC: 0.497797, LOSS: 0.304288
2026-08-22 15:42:41,852 [INFO] Start training
2026-08-22 15:42:42,154 [INFO] Start training epoch 23, 37 iters per inner epoch.
2026-08-22 15:43:00,671 [INFO] Averaged stats: lr: 0.000057  loss: 0.118528
2026-08-22 15:43:00,796 [INFO] gates: {"epoch": 23, "quality_ratio": 0.0603, "lambda_q": 0.0207, "deviation_mean": 0.0, "deviation_std": 0.0, "patch_w_mean": 0.0937, "patch_w_std": 0.1752}
2026-08-22 15:43:00,797 [INFO] Evaluating on val.
Train: data epoch: [23]  [ 0/37]  eta: 0:00:42  lr: 0.000057  loss: 0.1189  time: 1.1464  data: 0.0001  max mem: 5063
Train: data epoch: [23]  [20/37]  eta: 0:00:08  lr: 0.000057  loss: 0.1514  time: 0.4553  data: 0.0000  max mem: 5063
Train: data epoch: [23]  [36/37]  eta: 0:00:00  lr: 0.000057  loss: 0.1179  time: 0.4923  data: 0.0000  max mem: 5063
Train: data epoch: [23] Total time: 0:00:18 (0.5004 s / it)
2026-08-22 15:43:07,409 [INFO] Qual: EPOCH[23] -> PLCC: 0.909537, SROCC: 0.856325, KROCC: 0.677325, LOSS: 0.166309
2026-08-22 15:43:07,410 [INFO] Align: EPOCH[23] -> PLCC: 0.828472, SROCC: 0.674793, KROCC: 0.495715, LOSS: 0.304167
2026-08-22 15:43:07,410 [INFO] Start training
2026-08-22 15:43:07,707 [INFO] Start training epoch 24, 37 iters per inner epoch.
2026-08-22 15:43:26,071 [INFO] Averaged stats: lr: 0.000054  loss: 0.116290
2026-08-22 15:43:26,170 [INFO] gates: {"epoch": 24, "quality_ratio": 0.0616, "lambda_q": 0.0209, "deviation_mean": 0.0, "deviation_std": 0.0, "patch_w_mean": 0.091, "patch_w_std": 0.169}
2026-08-22 15:43:26,170 [INFO] Evaluating on val.
Train: data epoch: [24]  [ 0/37]  eta: 0:00:49  lr: 0.000054  loss: 0.1013  time: 1.3296  data: 0.0001  max mem: 5063
Train: data epoch: [24]  [20/37]  eta: 0:00:08  lr: 0.000054  loss: 0.1291  time: 0.4461  data: 0.0000  max mem: 5063
Train: data epoch: [24]  [36/37]  eta: 0:00:00  lr: 0.000054  loss: 0.1442  time: 0.4835  data: 0.0000  max mem: 5063
Train: data epoch: [24] Total time: 0:00:18 (0.4963 s / it)
2026-08-22 15:43:32,772 [INFO] Qual: EPOCH[24] -> PLCC: 0.909673, SROCC: 0.855847, KROCC: 0.676891, LOSS: 0.162941
2026-08-22 15:43:32,772 [INFO] Align: EPOCH[24] -> PLCC: 0.828124, SROCC: 0.674472, KROCC: 0.495170, LOSS: 0.304605
2026-08-22 15:43:32,773 [INFO] Start training
2026-08-22 15:43:33,068 [INFO] Start training epoch 25, 37 iters per inner epoch.
2026-08-22 15:43:51,648 [INFO] Averaged stats: lr: 0.000050  loss: 0.115110
2026-08-22 15:43:51,749 [INFO] gates: {"epoch": 25, "quality_ratio": 0.0633, "lambda_q": 0.021, "deviation_mean": 0.0, "deviation_std": 0.0, "patch_w_mean": 0.0839, "patch_w_std": 0.1689}
2026-08-22 15:43:51,750 [INFO] Evaluating on val.
Train: data epoch: [25]  [ 0/37]  eta: 0:00:47  lr: 0.000051  loss: 0.0989  time: 1.2708  data: 0.0001  max mem: 5063
Train: data epoch: [25]  [20/37]  eta: 0:00:08  lr: 0.000051  loss: 0.1363  time: 0.4594  data: 0.0000  max mem: 5063
Train: data epoch: [25]  [36/37]  eta: 0:00:00  lr: 0.000051  loss: 0.0924  time: 0.4958  data: 0.0000  max mem: 5063
Train: data epoch: [25] Total time: 0:00:18 (0.5022 s / it)
2026-08-22 15:43:58,335 [INFO] Qual: EPOCH[25] -> PLCC: 0.908743, SROCC: 0.854870, KROCC: 0.675466, LOSS: 0.167849
2026-08-22 15:43:58,335 [INFO] Align: EPOCH[25] -> PLCC: 0.827155, SROCC: 0.672374, KROCC: 0.493255, LOSS: 0.306432
2026-08-22 15:43:58,351 [INFO] Saving checkpoint at epoch 25 to run/20260822153_A_single_nodev/checkpoint_latest.pth.
2026-08-22 15:43:58,409 [INFO] Start training
2026-08-22 15:43:58,710 [INFO] Start training epoch 26, 37 iters per inner epoch.
2026-08-22 15:44:16,812 [INFO] Averaged stats: lr: 0.000047  loss: 0.112596
2026-08-22 15:44:16,895 [INFO] gates: {"epoch": 26, "quality_ratio": 0.0649, "lambda_q": 0.0212, "deviation_mean": 0.0, "deviation_std": 0.0, "patch_w_mean": 0.0881, "patch_w_std": 0.1743}
2026-08-22 15:44:16,895 [INFO] Evaluating on val.
Train: data epoch: [26]  [ 0/37]  eta: 0:00:36  lr: 0.000047  loss: 0.1187  time: 0.9839  data: 0.0001  max mem: 5063
Train: data epoch: [26]  [20/37]  eta: 0:00:08  lr: 0.000047  loss: 0.1324  time: 0.4626  data: 0.0000  max mem: 5063
Train: data epoch: [26]  [36/37]  eta: 0:00:00  lr: 0.000047  loss: 0.0865  time: 0.4875  data: 0.0000  max mem: 5063
Train: data epoch: [26] Total time: 0:00:18 (0.4892 s / it)
2026-08-22 15:44:23,493 [INFO] Qual: EPOCH[26] -> PLCC: 0.908200, SROCC: 0.855125, KROCC: 0.675933, LOSS: 0.165992
2026-08-22 15:44:23,493 [INFO] Align: EPOCH[26] -> PLCC: 0.826730, SROCC: 0.673250, KROCC: 0.494279, LOSS: 0.308671
2026-08-22 15:44:23,494 [INFO] Start training
2026-08-22 15:44:23,753 [INFO] Start training epoch 27, 37 iters per inner epoch.
2026-08-22 15:44:41,994 [INFO] Averaged stats: lr: 0.000044  loss: 0.111395
2026-08-22 15:44:42,115 [INFO] gates: {"epoch": 27, "quality_ratio": 0.0645, "lambda_q": 0.0213, "deviation_mean": 0.0, "deviation_std": 0.0, "patch_w_mean": 0.0957, "patch_w_std": 0.174}
2026-08-22 15:44:42,115 [INFO] Evaluating on val.
Train: data epoch: [27]  [ 0/37]  eta: 0:00:36  lr: 0.000044  loss: 0.1020  time: 0.9796  data: 0.0001  max mem: 5063
Train: data epoch: [27]  [20/37]  eta: 0:00:08  lr: 0.000044  loss: 0.0927  time: 0.4767  data: 0.0000  max mem: 5063
Train: data epoch: [27]  [36/37]  eta: 0:00:00  lr: 0.000044  loss: 0.1851  time: 0.4914  data: 0.0000  max mem: 5063
Train: data epoch: [27] Total time: 0:00:18 (0.4930 s / it)
2026-08-22 15:44:48,710 [INFO] Qual: EPOCH[27] -> PLCC: 0.908976, SROCC: 0.856064, KROCC: 0.677102, LOSS: 0.164415
2026-08-22 15:44:48,710 [INFO] Align: EPOCH[27] -> PLCC: 0.826423, SROCC: 0.672719, KROCC: 0.493644, LOSS: 0.316055
2026-08-22 15:44:48,710 [INFO] Start training
2026-08-22 15:44:48,982 [INFO] Start training epoch 28, 37 iters per inner epoch.
2026-08-22 15:45:07,465 [INFO] Averaged stats: lr: 0.000041  loss: 0.110603
2026-08-22 15:45:07,560 [INFO] gates: {"epoch": 28, "quality_ratio": 0.0637, "lambda_q": 0.0214, "deviation_mean": 0.0, "deviation_std": 0.0, "patch_w_mean": 0.0953, "patch_w_std": 0.1761}
2026-08-22 15:45:07,560 [INFO] Evaluating on val.
Train: data epoch: [28]  [ 0/37]  eta: 0:00:47  lr: 0.000041  loss: 0.1301  time: 1.2940  data: 0.0001  max mem: 5063
Train: data epoch: [28]  [20/37]  eta: 0:00:08  lr: 0.000041  loss: 0.1074  time: 0.4727  data: 0.0000  max mem: 5063
Train: data epoch: [28]  [36/37]  eta: 0:00:00  lr: 0.000041  loss: 0.1135  time: 0.4928  data: 0.0000  max mem: 5063
Train: data epoch: [28] Total time: 0:00:18 (0.4995 s / it)
2026-08-22 15:45:14,115 [INFO] Qual: EPOCH[28] -> PLCC: 0.908601, SROCC: 0.854345, KROCC: 0.675484, LOSS: 0.164603
2026-08-22 15:45:14,116 [INFO] Align: EPOCH[28] -> PLCC: 0.826563, SROCC: 0.672227, KROCC: 0.493411, LOSS: 0.307556
2026-08-22 15:45:14,116 [INFO] Start training
2026-08-22 15:45:14,433 [INFO] Start training epoch 29, 37 iters per inner epoch.
2026-08-22 15:45:32,901 [INFO] Averaged stats: lr: 0.000038  loss: 0.108167
2026-08-22 15:45:33,000 [INFO] gates: {"epoch": 29, "quality_ratio": 0.0694, "lambda_q": 0.0216, "deviation_mean": 0.0, "deviation_std": 0.0, "patch_w_mean": 0.0909, "patch_w_std": 0.1756}
2026-08-22 15:45:33,000 [INFO] Evaluating on val.
Train: data epoch: [29]  [ 0/37]  eta: 0:00:44  lr: 0.000038  loss: 0.1346  time: 1.2022  data: 0.0001  max mem: 5063
Train: data epoch: [29]  [20/37]  eta: 0:00:08  lr: 0.000038  loss: 0.0906  time: 0.4718  data: 0.0000  max mem: 5063
Train: data epoch: [29]  [36/37]  eta: 0:00:00  lr: 0.000038  loss: 0.1015  time: 0.4982  data: 0.0000  max mem: 5063
Train: data epoch: [29] Total time: 0:00:18 (0.4991 s / it)
2026-08-22 15:45:39,655 [INFO] Qual: EPOCH[29] -> PLCC: 0.908506, SROCC: 0.854463, KROCC: 0.675766, LOSS: 0.164732
2026-08-22 15:45:39,655 [INFO] Align: EPOCH[29] -> PLCC: 0.826284, SROCC: 0.671388, KROCC: 0.492553, LOSS: 0.309180
2026-08-22 15:45:39,656 [INFO] Start training
2026-08-22 15:45:39,959 [INFO] Start training epoch 30, 37 iters per inner epoch.
2026-08-22 15:45:58,223 [INFO] Averaged stats: lr: 0.000035  loss: 0.105992
2026-08-22 15:45:58,338 [INFO] gates: {"epoch": 30, "quality_ratio": 0.0709, "lambda_q": 0.0217, "deviation_mean": 0.0, "deviation_std": 0.0, "patch_w_mean": 0.0874, "patch_w_std": 0.1769}
2026-08-22 15:45:58,338 [INFO] Evaluating on val.
Train: data epoch: [30]  [ 0/37]  eta: 0:00:40  lr: 0.000035  loss: 0.0902  time: 1.0956  data: 0.0001  max mem: 5063
Train: data epoch: [30]  [20/37]  eta: 0:00:08  lr: 0.000035  loss: 0.1002  time: 0.4697  data: 0.0000  max mem: 5063
Train: data epoch: [30]  [36/37]  eta: 0:00:00  lr: 0.000035  loss: 0.1077  time: 0.4952  data: 0.0000  max mem: 5063
Train: data epoch: [30] Total time: 0:00:18 (0.4936 s / it)
2026-08-22 15:46:04,749 [INFO] Qual: EPOCH[30] -> PLCC: 0.906816, SROCC: 0.852860, KROCC: 0.673551, LOSS: 0.168458
2026-08-22 15:46:04,749 [INFO] Align: EPOCH[30] -> PLCC: 0.825087, SROCC: 0.670927, KROCC: 0.492197, LOSS: 0.311749
2026-08-22 15:46:04,765 [INFO] Saving checkpoint at epoch 30 to run/20260822153_A_single_nodev/checkpoint_latest.pth.
2026-08-22 15:46:04,815 [INFO] Start training
2026-08-22 15:46:05,118 [INFO] Start training epoch 31, 37 iters per inner epoch.
2026-08-22 15:46:23,096 [INFO] Averaged stats: lr: 0.000032  loss: 0.105076
2026-08-22 15:46:23,202 [INFO] gates: {"epoch": 31, "quality_ratio": 0.0653, "lambda_q": 0.0218, "deviation_mean": 0.0, "deviation_std": 0.0, "patch_w_mean": 0.0884, "patch_w_std": 0.1729}
2026-08-22 15:46:23,202 [INFO] Evaluating on val.
Train: data epoch: [31]  [ 0/37]  eta: 0:00:36  lr: 0.000032  loss: 0.1101  time: 0.9884  data: 0.0001  max mem: 5063
Train: data epoch: [31]  [20/37]  eta: 0:00:08  lr: 0.000032  loss: 0.0831  time: 0.4652  data: 0.0000  max mem: 5063
Train: data epoch: [31]  [36/37]  eta: 0:00:00  lr: 0.000032  loss: 0.0635  time: 0.4847  data: 0.0000  max mem: 5063
Train: data epoch: [31] Total time: 0:00:17 (0.4859 s / it)
2026-08-22 15:46:29,895 [INFO] Qual: EPOCH[31] -> PLCC: 0.907131, SROCC: 0.853189, KROCC: 0.673629, LOSS: 0.167119
2026-08-22 15:46:29,895 [INFO] Align: EPOCH[31] -> PLCC: 0.823998, SROCC: 0.669669, KROCC: 0.491073, LOSS: 0.312616
2026-08-22 15:46:29,896 [INFO] Start training
2026-08-22 15:46:30,204 [INFO] Start training epoch 32, 37 iters per inner epoch.
2026-08-22 15:46:48,623 [INFO] Averaged stats: lr: 0.000029  loss: 0.102903
2026-08-22 15:46:48,724 [INFO] gates: {"epoch": 32, "quality_ratio": 0.0659, "lambda_q": 0.0218, "deviation_mean": 0.0, "deviation_std": 0.0, "patch_w_mean": 0.0934, "patch_w_std": 0.1761}
2026-08-22 15:46:48,724 [INFO] Evaluating on val.
Train: data epoch: [32]  [ 0/37]  eta: 0:00:46  lr: 0.000029  loss: 0.1158  time: 1.2595  data: 0.0001  max mem: 5063
Train: data epoch: [32]  [20/37]  eta: 0:00:08  lr: 0.000029  loss: 0.1158  time: 0.4614  data: 0.0000  max mem: 5063
Train: data epoch: [32]  [36/37]  eta: 0:00:00  lr: 0.000029  loss: 0.1218  time: 0.4970  data: 0.0000  max mem: 5063
Train: data epoch: [32] Total time: 0:00:18 (0.4978 s / it)
2026-08-22 15:46:55,173 [INFO] Qual: EPOCH[32] -> PLCC: 0.907137, SROCC: 0.852459, KROCC: 0.673061, LOSS: 0.167575
2026-08-22 15:46:55,173 [INFO] Align: EPOCH[32] -> PLCC: 0.824000, SROCC: 0.669549, KROCC: 0.491184, LOSS: 0.312035
2026-08-22 15:46:55,174 [INFO] Start training
2026-08-22 15:46:55,448 [INFO] Start training epoch 33, 37 iters per inner epoch.
2026-08-22 15:47:14,106 [INFO] Averaged stats: lr: 0.000027  loss: 0.103367
2026-08-22 15:47:14,195 [INFO] gates: {"epoch": 33, "quality_ratio": 0.0653, "lambda_q": 0.0219, "deviation_mean": 0.0, "deviation_std": 0.0, "patch_w_mean": 0.0899, "patch_w_std": 0.1712}
2026-08-22 15:47:14,195 [INFO] Evaluating on val.
Train: data epoch: [33]  [ 0/37]  eta: 0:00:51  lr: 0.000027  loss: 0.0995  time: 1.3787  data: 0.0001  max mem: 5063
Train: data epoch: [33]  [20/37]  eta: 0:00:08  lr: 0.000027  loss: 0.1143  time: 0.4688  data: 0.0000  max mem: 5063
Train: data epoch: [33]  [36/37]  eta: 0:00:00  lr: 0.000027  loss: 0.1333  time: 0.5023  data: 0.0000  max mem: 5063
Train: data epoch: [33] Total time: 0:00:18 (0.5042 s / it)
2026-08-22 15:47:20,812 [INFO] Qual: EPOCH[33] -> PLCC: 0.906603, SROCC: 0.851873, KROCC: 0.672282, LOSS: 0.167677
2026-08-22 15:47:20,813 [INFO] Align: EPOCH[33] -> PLCC: 0.823806, SROCC: 0.668727, KROCC: 0.490482, LOSS: 0.312802
2026-08-22 15:47:20,814 [INFO] Start training
2026-08-22 15:47:21,121 [INFO] Start training epoch 34, 37 iters per inner epoch.
2026-08-22 15:47:39,602 [INFO] Averaged stats: lr: 0.000024  loss: 0.102936
2026-08-22 15:47:39,709 [INFO] gates: {"epoch": 34, "quality_ratio": 0.0659, "lambda_q": 0.022, "deviation_mean": 0.0, "deviation_std": 0.0, "patch_w_mean": 0.0877, "patch_w_std": 0.171}
2026-08-22 15:47:39,709 [INFO] Evaluating on val.
Train: data epoch: [34]  [ 0/37]  eta: 0:00:46  lr: 0.000024  loss: 0.0767  time: 1.2590  data: 0.0001  max mem: 5063
Train: data epoch: [34]  [20/37]  eta: 0:00:08  lr: 0.000024  loss: 0.1105  time: 0.4738  data: 0.0000  max mem: 5063
Train: data epoch: [34]  [36/37]  eta: 0:00:00  lr: 0.000024  loss: 0.0872  time: 0.4934  data: 0.0000  max mem: 5063
Train: data epoch: [34] Total time: 0:00:18 (0.4995 s / it)
2026-08-22 15:47:46,293 [INFO] Qual: EPOCH[34] -> PLCC: 0.905633, SROCC: 0.851065, KROCC: 0.670957, LOSS: 0.169903
2026-08-22 15:47:46,293 [INFO] Align: EPOCH[34] -> PLCC: 0.823542, SROCC: 0.668675, KROCC: 0.490471, LOSS: 0.313569
2026-08-22 15:47:46,294 [INFO] Start training
2026-08-22 15:47:46,567 [INFO] Start training epoch 35, 37 iters per inner epoch.
2026-08-22 15:48:04,525 [INFO] Averaged stats: lr: 0.000021  loss: 0.101516
2026-08-22 15:48:04,624 [INFO] gates: {"epoch": 35, "quality_ratio": 0.0692, "lambda_q": 0.022, "deviation_mean": 0.0, "deviation_std": 0.0, "patch_w_mean": 0.0866, "patch_w_std": 0.1721}
2026-08-22 15:48:04,624 [INFO] Evaluating on val.
Train: data epoch: [35]  [ 0/37]  eta: 0:00:39  lr: 0.000021  loss: 0.1144  time: 1.0734  data: 0.0001  max mem: 5063
Train: data epoch: [35]  [20/37]  eta: 0:00:08  lr: 0.000021  loss: 0.1076  time: 0.4510  data: 0.0000  max mem: 5063
Train: data epoch: [35]  [36/37]  eta: 0:00:00  lr: 0.000021  loss: 0.0999  time: 0.4960  data: 0.0000  max mem: 5063
Train: data epoch: [35] Total time: 0:00:17 (0.4853 s / it)
2026-08-22 15:48:11,243 [INFO] Qual: EPOCH[35] -> PLCC: 0.904700, SROCC: 0.850291, KROCC: 0.669599, LOSS: 0.172658
2026-08-22 15:48:11,243 [INFO] Align: EPOCH[35] -> PLCC: 0.823080, SROCC: 0.668306, KROCC: 0.490026, LOSS: 0.315340
2026-08-22 15:48:11,256 [INFO] Saving checkpoint at epoch 35 to run/20260822153_A_single_nodev/checkpoint_latest.pth.
2026-08-22 15:48:11,297 [INFO] Start training
2026-08-22 15:48:11,578 [INFO] Start training epoch 36, 37 iters per inner epoch.
2026-08-22 15:48:28,964 [INFO] Averaged stats: lr: 0.000019  loss: 0.100736
2026-08-22 15:48:29,062 [INFO] gates: {"epoch": 36, "quality_ratio": 0.0687, "lambda_q": 0.0221, "deviation_mean": 0.0, "deviation_std": 0.0, "patch_w_mean": 0.0854, "patch_w_std": 0.1711}
2026-08-22 15:48:29,062 [INFO] Evaluating on val.
Train: data epoch: [36]  [ 0/37]  eta: 0:00:47  lr: 0.000019  loss: 0.1241  time: 1.2864  data: 0.0002  max mem: 5063
Train: data epoch: [36]  [20/37]  eta: 0:00:07  lr: 0.000019  loss: 0.0916  time: 0.4115  data: 0.0000  max mem: 5063
Train: data epoch: [36]  [36/37]  eta: 0:00:00  lr: 0.000019  loss: 0.1166  time: 0.4519  data: 0.0000  max mem: 5063
Train: data epoch: [36] Total time: 0:00:17 (0.4699 s / it)
2026-08-22 15:48:35,658 [INFO] Qual: EPOCH[36] -> PLCC: 0.904950, SROCC: 0.849947, KROCC: 0.669610, LOSS: 0.171134
2026-08-22 15:48:35,658 [INFO] Align: EPOCH[36] -> PLCC: 0.822561, SROCC: 0.667067, KROCC: 0.488946, LOSS: 0.317339
2026-08-22 15:48:35,659 [INFO] Start training
2026-08-22 15:48:35,970 [INFO] Start training epoch 37, 37 iters per inner epoch.
2026-08-22 15:48:53,314 [INFO] Averaged stats: lr: 0.000017  loss: 0.100267
2026-08-22 15:48:53,451 [INFO] gates: {"epoch": 37, "quality_ratio": 0.0647, "lambda_q": 0.0221, "deviation_mean": 0.0, "deviation_std": 0.0, "patch_w_mean": 0.0884, "patch_w_std": 0.1722}
2026-08-22 15:48:53,451 [INFO] Evaluating on val.
Train: data epoch: [37]  [ 0/37]  eta: 0:00:47  lr: 0.000017  loss: 0.1008  time: 1.2746  data: 0.0001  max mem: 5063
Train: data epoch: [37]  [20/37]  eta: 0:00:08  lr: 0.000017  loss: 0.0992  time: 0.4458  data: 0.0000  max mem: 5063
Train: data epoch: [37]  [36/37]  eta: 0:00:00  lr: 0.000017  loss: 0.1007  time: 0.4023  data: 0.0000  max mem: 5063
Train: data epoch: [37] Total time: 0:00:17 (0.4687 s / it)
2026-08-22 15:49:00,537 [INFO] Qual: EPOCH[37] -> PLCC: 0.905510, SROCC: 0.850463, KROCC: 0.670523, LOSS: 0.169866
2026-08-22 15:49:00,537 [INFO] Align: EPOCH[37] -> PLCC: 0.822321, SROCC: 0.666903, KROCC: 0.488902, LOSS: 0.315626
2026-08-22 15:49:00,538 [INFO] Start training
2026-08-22 15:49:00,837 [INFO] Start training epoch 38, 37 iters per inner epoch.
2026-08-22 15:49:19,382 [INFO] Averaged stats: lr: 0.000014  loss: 0.099024
2026-08-22 15:49:19,467 [INFO] gates: {"epoch": 38, "quality_ratio": 0.0668, "lambda_q": 0.0221, "deviation_mean": 0.0, "deviation_std": 0.0, "patch_w_mean": 0.0877, "patch_w_std": 0.1747}
2026-08-22 15:49:19,468 [INFO] Evaluating on val.
Train: data epoch: [38]  [ 0/37]  eta: 0:00:48  lr: 0.000014  loss: 0.0709  time: 1.3163  data: 0.0001  max mem: 5063
Train: data epoch: [38]  [20/37]  eta: 0:00:08  lr: 0.000014  loss: 0.0645  time: 0.4736  data: 0.0000  max mem: 5063
Train: data epoch: [38]  [36/37]  eta: 0:00:00  lr: 0.000014  loss: 0.1066  time: 0.4654  data: 0.0000  max mem: 5063
Train: data epoch: [38] Total time: 0:00:18 (0.5012 s / it)
2026-08-22 15:49:26,309 [INFO] Qual: EPOCH[38] -> PLCC: 0.905665, SROCC: 0.850318, KROCC: 0.670456, LOSS: 0.169377
2026-08-22 15:49:26,310 [INFO] Align: EPOCH[38] -> PLCC: 0.822724, SROCC: 0.667114, KROCC: 0.489169, LOSS: 0.315293
2026-08-22 15:49:26,310 [INFO] Start training
2026-08-22 15:49:26,587 [INFO] Start training epoch 39, 37 iters per inner epoch.
2026-08-22 15:49:45,237 [INFO] Averaged stats: lr: 0.000012  loss: 0.099121
2026-08-22 15:49:45,318 [INFO] gates: {"epoch": 39, "quality_ratio": 0.0678, "lambda_q": 0.0222, "deviation_mean": 0.0, "deviation_std": 0.0, "patch_w_mean": 0.0865, "patch_w_std": 0.1778}
2026-08-22 15:49:45,319 [INFO] Evaluating on val.
Train: data epoch: [39]  [ 0/37]  eta: 0:00:46  lr: 0.000012  loss: 0.1106  time: 1.2586  data: 0.0001  max mem: 5063
Train: data epoch: [39]  [20/37]  eta: 0:00:08  lr: 0.000012  loss: 0.0757  time: 0.4748  data: 0.0000  max mem: 5063
Train: data epoch: [39]  [36/37]  eta: 0:00:00  lr: 0.000012  loss: 0.0756  time: 0.4760  data: 0.0000  max mem: 5063
Train: data epoch: [39] Total time: 0:00:18 (0.5040 s / it)
2026-08-22 15:49:52,204 [INFO] Qual: EPOCH[39] -> PLCC: 0.904028, SROCC: 0.849107, KROCC: 0.668240, LOSS: 0.175073
2026-08-22 15:49:52,204 [INFO] Align: EPOCH[39] -> PLCC: 0.822392, SROCC: 0.667509, KROCC: 0.489536, LOSS: 0.315998
2026-08-22 15:49:52,204 [INFO] Start training
2026-08-22 15:49:52,473 [INFO] Start training epoch 40, 37 iters per inner epoch.
2026-08-22 15:50:11,307 [INFO] Averaged stats: lr: 0.000010  loss: 0.099215
2026-08-22 15:50:11,400 [INFO] gates: {"epoch": 40, "quality_ratio": 0.0674, "lambda_q": 0.0222, "deviation_mean": 0.0, "deviation_std": 0.0, "patch_w_mean": 0.0907, "patch_w_std": 0.1726}
2026-08-22 15:50:11,401 [INFO] Evaluating on val.
Train: data epoch: [40]  [ 0/37]  eta: 0:00:43  lr: 0.000010  loss: 0.1140  time: 1.1656  data: 0.0001  max mem: 5063
Train: data epoch: [40]  [20/37]  eta: 0:00:08  lr: 0.000010  loss: 0.0800  time: 0.4879  data: 0.0000  max mem: 5063
Train: data epoch: [40]  [36/37]  eta: 0:00:00  lr: 0.000010  loss: 0.0930  time: 0.4992  data: 0.0000  max mem: 5063
Train: data epoch: [40] Total time: 0:00:18 (0.5090 s / it)
2026-08-22 15:50:18,062 [INFO] Qual: EPOCH[40] -> PLCC: 0.904742, SROCC: 0.849993, KROCC: 0.669643, LOSS: 0.172362
2026-08-22 15:50:18,062 [INFO] Align: EPOCH[40] -> PLCC: 0.822267, SROCC: 0.667449, KROCC: 0.489492, LOSS: 0.316493
2026-08-22 15:50:18,075 [INFO] Saving checkpoint at epoch 40 to run/20260822153_A_single_nodev/checkpoint_latest.pth.
2026-08-22 15:50:18,117 [INFO] Start training
2026-08-22 15:50:18,423 [INFO] Start training epoch 41, 37 iters per inner epoch.
2026-08-22 15:50:37,516 [INFO] Averaged stats: lr: 0.000009  loss: 0.097586
2026-08-22 15:50:37,595 [INFO] gates: {"epoch": 41, "quality_ratio": 0.067, "lambda_q": 0.0222, "deviation_mean": 0.0, "deviation_std": 0.0, "patch_w_mean": 0.0969, "patch_w_std": 0.1767}
2026-08-22 15:50:37,596 [INFO] Evaluating on val.
Train: data epoch: [41]  [ 0/37]  eta: 0:00:45  lr: 0.000009  loss: 0.0676  time: 1.2358  data: 0.0001  max mem: 5063
Train: data epoch: [41]  [20/37]  eta: 0:00:09  lr: 0.000009  loss: 0.0907  time: 0.5010  data: 0.0000  max mem: 5063
Train: data epoch: [41]  [36/37]  eta: 0:00:00  lr: 0.000009  loss: 0.0898  time: 0.4951  data: 0.0000  max mem: 5063
Train: data epoch: [41] Total time: 0:00:19 (0.5160 s / it)
2026-08-22 15:50:44,285 [INFO] Qual: EPOCH[41] -> PLCC: 0.904496, SROCC: 0.849668, KROCC: 0.669320, LOSS: 0.172168
2026-08-22 15:50:44,286 [INFO] Align: EPOCH[41] -> PLCC: 0.822030, SROCC: 0.667094, KROCC: 0.489146, LOSS: 0.316409
2026-08-22 15:50:44,286 [INFO] Start training
2026-08-22 15:50:44,557 [INFO] Start training epoch 42, 37 iters per inner epoch.
2026-08-22 15:51:03,743 [INFO] Averaged stats: lr: 0.000007  loss: 0.098079
2026-08-22 15:51:03,846 [INFO] gates: {"epoch": 42, "quality_ratio": 0.0688, "lambda_q": 0.0222, "deviation_mean": 0.0, "deviation_std": 0.0, "patch_w_mean": 0.0903, "patch_w_std": 0.1748}
2026-08-22 15:51:03,846 [INFO] Evaluating on val.
Train: data epoch: [42]  [ 0/37]  eta: 0:00:47  lr: 0.000007  loss: 0.0787  time: 1.2705  data: 0.0001  max mem: 5063
Train: data epoch: [42]  [20/37]  eta: 0:00:09  lr: 0.000007  loss: 0.0928  time: 0.4938  data: 0.0000  max mem: 5063
Train: data epoch: [42]  [36/37]  eta: 0:00:00  lr: 0.000007  loss: 0.0851  time: 0.5061  data: 0.0000  max mem: 5063
Train: data epoch: [42] Total time: 0:00:19 (0.5185 s / it)
2026-08-22 15:51:10,536 [INFO] Qual: EPOCH[42] -> PLCC: 0.904211, SROCC: 0.849422, KROCC: 0.669008, LOSS: 0.173725
2026-08-22 15:51:10,536 [INFO] Align: EPOCH[42] -> PLCC: 0.821806, SROCC: 0.667015, KROCC: 0.489013, LOSS: 0.316884
2026-08-22 15:51:10,537 [INFO] Start training
2026-08-22 15:51:10,805 [INFO] Start training epoch 43, 37 iters per inner epoch.
2026-08-22 15:51:30,098 [INFO] Averaged stats: lr: 0.000006  loss: 0.098133
2026-08-22 15:51:30,182 [INFO] gates: {"epoch": 43, "quality_ratio": 0.0679, "lambda_q": 0.0222, "deviation_mean": 0.0, "deviation_std": 0.0, "patch_w_mean": 0.0947, "patch_w_std": 0.1757}
2026-08-22 15:51:30,182 [INFO] Evaluating on val.
Train: data epoch: [43]  [ 0/37]  eta: 0:00:52  lr: 0.000006  loss: 0.1035  time: 1.4190  data: 0.0001  max mem: 5063
Train: data epoch: [43]  [20/37]  eta: 0:00:09  lr: 0.000006  loss: 0.1396  time: 0.4946  data: 0.0000  max mem: 5063
Train: data epoch: [43]  [36/37]  eta: 0:00:00  lr: 0.000006  loss: 0.0788  time: 0.5038  data: 0.0000  max mem: 5063
Train: data epoch: [43] Total time: 0:00:19 (0.5214 s / it)
2026-08-22 15:51:37,210 [INFO] Qual: EPOCH[43] -> PLCC: 0.903830, SROCC: 0.849037, KROCC: 0.668474, LOSS: 0.174449
2026-08-22 15:51:37,211 [INFO] Align: EPOCH[43] -> PLCC: 0.821710, SROCC: 0.666909, KROCC: 0.489002, LOSS: 0.317631
2026-08-22 15:51:37,211 [INFO] Start training
2026-08-22 15:51:37,518 [INFO] Start training epoch 44, 37 iters per inner epoch.
2026-08-22 15:51:56,436 [INFO] Averaged stats: lr: 0.000004  loss: 0.097287
2026-08-22 15:51:56,534 [INFO] gates: {"epoch": 44, "quality_ratio": 0.0687, "lambda_q": 0.0223, "deviation_mean": 0.0, "deviation_std": 0.0, "patch_w_mean": 0.0944, "patch_w_std": 0.1816}
2026-08-22 15:51:56,534 [INFO] Evaluating on val.
Train: data epoch: [44]  [ 0/37]  eta: 0:00:34  lr: 0.000004  loss: 0.1158  time: 0.9350  data: 0.0002  max mem: 5063
Train: data epoch: [44]  [20/37]  eta: 0:00:08  lr: 0.000004  loss: 0.0913  time: 0.4983  data: 0.0000  max mem: 5063
Train: data epoch: [44]  [36/37]  eta: 0:00:00  lr: 0.000004  loss: 0.0969  time: 0.5045  data: 0.0000  max mem: 5063
Train: data epoch: [44] Total time: 0:00:18 (0.5113 s / it)
2026-08-22 15:52:01,909 [INFO] Qual: EPOCH[44] -> PLCC: 0.903834, SROCC: 0.848815, KROCC: 0.668107, LOSS: 0.174820
2026-08-22 15:52:01,909 [INFO] Align: EPOCH[44] -> PLCC: 0.821676, SROCC: 0.666892, KROCC: 0.488913, LOSS: 0.317395
2026-08-22 15:52:01,910 [INFO] Start training
2026-08-22 15:52:02,185 [INFO] Start training epoch 45, 37 iters per inner epoch.
2026-08-22 15:52:21,262 [INFO] Averaged stats: lr: 0.000003  loss: 0.096542
2026-08-22 15:52:21,355 [INFO] gates: {"epoch": 45, "quality_ratio": 0.0681, "lambda_q": 0.0223, "deviation_mean": 0.0, "deviation_std": 0.0, "patch_w_mean": 0.0859, "patch_w_std": 0.1719}
2026-08-22 15:52:21,355 [INFO] Evaluating on val.
Train: data epoch: [45]  [ 0/37]  eta: 0:00:49  lr: 0.000003  loss: 0.0794  time: 1.3373  data: 0.0001  max mem: 5063
Train: data epoch: [45]  [20/37]  eta: 0:00:09  lr: 0.000003  loss: 0.0928  time: 0.4894  data: 0.0000  max mem: 5063
Train: data epoch: [45]  [36/37]  eta: 0:00:00  lr: 0.000003  loss: 0.1072  time: 0.4983  data: 0.0000  max mem: 5063
Train: data epoch: [45] Total time: 0:00:19 (0.5156 s / it)
2026-08-22 15:52:27,109 [INFO] Qual: EPOCH[45] -> PLCC: 0.904173, SROCC: 0.849213, KROCC: 0.668908, LOSS: 0.172738
2026-08-22 15:52:27,109 [INFO] Align: EPOCH[45] -> PLCC: 0.821678, SROCC: 0.666739, KROCC: 0.488846, LOSS: 0.317234
2026-08-22 15:52:27,125 [INFO] Saving checkpoint at epoch 45 to run/20260822153_A_single_nodev/checkpoint_latest.pth.
2026-08-22 15:52:27,174 [INFO] Start training
2026-08-22 15:52:27,485 [INFO] Start training epoch 46, 37 iters per inner epoch.
2026-08-22 15:52:46,382 [INFO] Averaged stats: lr: 0.000003  loss: 0.096827
2026-08-22 15:52:46,466 [INFO] gates: {"epoch": 46, "quality_ratio": 0.0671, "lambda_q": 0.0223, "deviation_mean": 0.0, "deviation_std": 0.0, "patch_w_mean": 0.0823, "patch_w_std": 0.1716}
2026-08-22 15:52:46,467 [INFO] Evaluating on val.
Train: data epoch: [46]  [ 0/37]  eta: 0:00:39  lr: 0.000003  loss: 0.0645  time: 1.0682  data: 0.0001  max mem: 5063
Train: data epoch: [46]  [20/37]  eta: 0:00:08  lr: 0.000003  loss: 0.0842  time: 0.4929  data: 0.0000  max mem: 5063
Train: data epoch: [46]  [36/37]  eta: 0:00:00  lr: 0.000003  loss: 0.0888  time: 0.5029  data: 0.0000  max mem: 5063
Train: data epoch: [46] Total time: 0:00:18 (0.5107 s / it)
2026-08-22 15:52:52,116 [INFO] Qual: EPOCH[46] -> PLCC: 0.903867, SROCC: 0.848959, KROCC: 0.668329, LOSS: 0.173858
2026-08-22 15:52:52,116 [INFO] Align: EPOCH[46] -> PLCC: 0.821597, SROCC: 0.666697, KROCC: 0.488723, LOSS: 0.317222
2026-08-22 15:52:52,117 [INFO] Start training
2026-08-22 15:52:52,411 [INFO] Start training epoch 47, 37 iters per inner epoch.
2026-08-22 15:53:11,507 [INFO] Averaged stats: lr: 0.000002  loss: 0.097406
2026-08-22 15:53:11,623 [INFO] gates: {"epoch": 47, "quality_ratio": 0.0676, "lambda_q": 0.0223, "deviation_mean": 0.0, "deviation_std": 0.0, "patch_w_mean": 0.0944, "patch_w_std": 0.1771}
2026-08-22 15:53:11,624 [INFO] Evaluating on val.
Train: data epoch: [47]  [ 0/37]  eta: 0:00:49  lr: 0.000002  loss: 0.0929  time: 1.3395  data: 0.0001  max mem: 5063
Train: data epoch: [47]  [20/37]  eta: 0:00:09  lr: 0.000002  loss: 0.1009  time: 0.4936  data: 0.0000  max mem: 5063
Train: data epoch: [47]  [36/37]  eta: 0:00:00  lr: 0.000002  loss: 0.1012  time: 0.4990  data: 0.0000  max mem: 5063
Train: data epoch: [47] Total time: 0:00:19 (0.5161 s / it)
2026-08-22 15:53:17,295 [INFO] Qual: EPOCH[47] -> PLCC: 0.904240, SROCC: 0.849272, KROCC: 0.669075, LOSS: 0.172733
2026-08-22 15:53:17,296 [INFO] Align: EPOCH[47] -> PLCC: 0.821598, SROCC: 0.666733, KROCC: 0.488812, LOSS: 0.317371
2026-08-22 15:53:17,296 [INFO] Start training
2026-08-22 15:53:17,597 [INFO] Start training epoch 48, 37 iters per inner epoch.
2026-08-22 15:53:36,571 [INFO] Averaged stats: lr: 0.000001  loss: 0.097384
2026-08-22 15:53:36,669 [INFO] gates: {"epoch": 48, "quality_ratio": 0.0693, "lambda_q": 0.0223, "deviation_mean": 0.0, "deviation_std": 0.0, "patch_w_mean": 0.0927, "patch_w_std": 0.1778}
2026-08-22 15:53:36,670 [INFO] Evaluating on val.
Train: data epoch: [48]  [ 0/37]  eta: 0:00:43  lr: 0.000001  loss: 0.1114  time: 1.1781  data: 0.0001  max mem: 5063
Train: data epoch: [48]  [20/37]  eta: 0:00:09  lr: 0.000001  loss: 0.0886  time: 0.4975  data: 0.0000  max mem: 5063
Train: data epoch: [48]  [36/37]  eta: 0:00:00  lr: 0.000001  loss: 0.0837  time: 0.4954  data: 0.0000  max mem: 5063
Train: data epoch: [48] Total time: 0:00:18 (0.5128 s / it)
2026-08-22 15:53:42,120 [INFO] Qual: EPOCH[48] -> PLCC: 0.904036, SROCC: 0.849116, KROCC: 0.668741, LOSS: 0.173351
2026-08-22 15:53:42,120 [INFO] Align: EPOCH[48] -> PLCC: 0.821554, SROCC: 0.666764, KROCC: 0.488812, LOSS: 0.317467
2026-08-22 15:53:42,121 [INFO] Start training
2026-08-22 15:53:42,417 [INFO] Start training epoch 49, 37 iters per inner epoch.
2026-08-22 15:54:01,692 [INFO] Averaged stats: lr: 0.000001  loss: 0.097633
2026-08-22 15:54:01,785 [INFO] gates: {"epoch": 49, "quality_ratio": 0.0693, "lambda_q": 0.0223, "deviation_mean": 0.0, "deviation_std": 0.0, "patch_w_mean": 0.0802, "patch_w_std": 0.1717}
2026-08-22 15:54:01,785 [INFO] Evaluating on val.
Train: data epoch: [49]  [ 0/37]  eta: 0:00:52  lr: 0.000001  loss: 0.1026  time: 1.4182  data: 0.0001  max mem: 5063
Train: data epoch: [49]  [20/37]  eta: 0:00:09  lr: 0.000001  loss: 0.0840  time: 0.4976  data: 0.0000  max mem: 5063
Train: data epoch: [49]  [36/37]  eta: 0:00:00  lr: 0.000001  loss: 0.0821  time: 0.4980  data: 0.0000  max mem: 5063
Train: data epoch: [49] Total time: 0:00:19 (0.5209 s / it)
2026-08-22 15:54:07,316 [INFO] Qual: EPOCH[49] -> PLCC: 0.904096, SROCC: 0.849251, KROCC: 0.668931, LOSS: 0.173125
2026-08-22 15:54:07,316 [INFO] Align: EPOCH[49] -> PLCC: 0.821554, SROCC: 0.666674, KROCC: 0.488701, LOSS: 0.317474
2026-08-22 15:54:07,364 [INFO] Saving checkpoint at epoch 49 to run/20260822153_A_single_nodev/checkpoint_latest.pth.
[{'agg_metrics': np.float64(4.464382644188893), 'qual_agg': np.float64(2.4437834072551055), 'qual_PLCC': np.float64(0.9109032827665633), 'qual_SROCC': np.float64(0.8562564124454314), 'qual_KROCC': np.float64(0.676623712043111), 'align_agg': np.float64(2.0205992369337875), 'align_PLCC': np.float64(0.8341856904470217), 'align_SROCC': np.float64(0.683606540369872), 'align_KROCC': np.float64(0.502807006116894)}]
{'agg_metrics': np.float64(4.464382644188893), 'qual_agg': np.float64(2.4437834072551055), 'qual_PLCC': np.float64(0.9109032827665633), 'qual_SROCC': np.float64(0.8562564124454314), 'qual_KROCC': np.float64(0.676623712043111), 'align_agg': np.float64(2.0205992369337875), 'align_PLCC': np.float64(0.8341856904470217), 'align_SROCC': np.float64(0.683606540369872), 'align_KROCC': np.float64(0.502807006116894)}
