2026-08-22 23:49:25,886 [INFO] Loaded init weights from init_ckpt/v26_aigiqa20k_seed42.pth
2026-08-22 23:49:25,886 [INFO] Start training
2026-08-22 23:49:25,902 [INFO] number of trainable parameters: 1501444
Not using distributed mode
['lace_aigiqa20k_v26', 'msqr_dgmpq_abl_v21', 'msqr_dgmpq_cadr_v18', 'msqr_dgmpq_daps_v16', 'msqr_dgmpq_hcmi_v8', 'msqr_dgmpq_hmqe_dcga_v20', 'msqr_dgmpq_mscm_v10', 'msqr_dgmpq_mscm_v11', 'msqr_dgmpq_mscm_v12', 'msqr_dgmpq_msrc_v14', 'msqr_dgmpq_ptlc_v15', 'msqr_dgmpq_qard_v17', 'msqr_dgmpq_tcap_v9', 'msqr_dgmpqplus_dcar_v19', 'msqr_mlpq_mgsc_v23', 'msqr_mlpq_mgsc_v23_final', 'msqr_mlpq_mgsc_v23_refined', 'msqr_qare_csae_v24']
2026-08-22 23:49:26,368 [INFO] Start training epoch 0, 218 iters per inner epoch.
2026-08-22 23:51:28,146 [INFO] Averaged stats: lr: 0.000088  loss: 4.163677
2026-08-22 23:51:28,217 [INFO] gates: {"epoch": 0, "quality_gate": 0.01}
2026-08-22 23:51:28,217 [INFO] Evaluating on val.
Train: data epoch: [0]  [  0/218]  eta: 0:39:12  lr: 0.000000  loss: 16.1742  time: 10.7916  data: 0.0001  max mem: 5045
Train: data epoch: [0]  [ 20/218]  eta: 0:03:14  lr: 0.000040  loss: 15.8896  time: 0.4897  data: 0.0000  max mem: 5053
Train: data epoch: [0]  [ 40/218]  eta: 0:02:14  lr: 0.000080  loss: 13.0100  time: 0.5157  data: 0.0000  max mem: 5053
Train: data epoch: [0]  [ 60/218]  eta: 0:01:51  lr: 0.000100  loss: 5.9165  time: 0.6042  data: 0.0000  max mem: 5053
Train: data epoch: [0]  [ 80/218]  eta: 0:01:30  lr: 0.000100  loss: 0.4603  time: 0.5150  data: 0.0000  max mem: 5053
Train: data epoch: [0]  [100/218]  eta: 0:01:13  lr: 0.000100  loss: 0.6181  time: 0.4999  data: 0.0000  max mem: 5053
Train: data epoch: [0]  [120/218]  eta: 0:00:59  lr: 0.000100  loss: 0.2696  time: 0.5201  data: 0.0000  max mem: 5053
Train: data epoch: [0]  [140/218]  eta: 0:00:46  lr: 0.000100  loss: 0.1832  time: 0.5099  data: 0.0000  max mem: 5053
Train: data epoch: [0]  [160/218]  eta: 0:00:33  lr: 0.000100  loss: 0.2199  time: 0.4699  data: 0.0000  max mem: 5053
Train: data epoch: [0]  [180/218]  eta: 0:00:21  lr: 0.000100  loss: 0.2602  time: 0.4914  data: 0.0000  max mem: 5053
Train: data epoch: [0]  [200/218]  eta: 0:00:10  lr: 0.000100  loss: 0.2567  time: 0.5186  data: 0.0000  max mem: 5053
Train: data epoch: [0]  [217/218]  eta: 0:00:00  lr: 0.000100  loss: 0.1931  time: 0.4895  data: 0.0000  max mem: 5053
Train: data epoch: [0] Total time: 0:02:01 (0.5586 s / it)
2026-08-22 23:51:49,498 [INFO] AIGIQA-20K: EPOCH[0] -> SRCC 0.6922 PLCC_raw 0.7971 PLCC_mapped 0.8019 KRCC 0.5085 MainScore_official 0.7471
2026-08-22 23:51:49,515 [INFO] Saving checkpoint at epoch 0 to run/20260822234_B0_baseline/checkpoint_best.pth.
2026-08-22 23:51:49,561 [INFO] Saving checkpoint at epoch 0 to run/20260822234_B0_baseline/checkpoint_best_joint.pth.
2026-08-22 23:51:49,605 [INFO] Saving checkpoint at epoch 0 to run/20260822234_B0_baseline/checkpoint_best_main.pth.
2026-08-22 23:51:49,637 [INFO] Start training
2026-08-22 23:51:49,891 [INFO] Start training epoch 1, 218 iters per inner epoch.
2026-08-22 23:53:39,647 [INFO] Averaged stats: lr: 0.000099  loss: 0.145461
2026-08-22 23:53:39,755 [INFO] gates: {"epoch": 1, "quality_gate": 0.01}
2026-08-22 23:53:39,756 [INFO] Evaluating on val.
Train: data epoch: [1]  [  0/218]  eta: 0:10:34  lr: 0.000099  loss: 0.2373  time: 2.9089  data: 0.0001  max mem: 5053
Train: data epoch: [1]  [ 20/218]  eta: 0:01:33  lr: 0.000099  loss: 0.2383  time: 0.3526  data: 0.0000  max mem: 5053
Train: data epoch: [1]  [ 40/218]  eta: 0:01:35  lr: 0.000099  loss: 0.1918  time: 0.6050  data: 0.0000  max mem: 5053
Train: data epoch: [1]  [ 60/218]  eta: 0:01:22  lr: 0.000099  loss: 0.1276  time: 0.4800  data: 0.0000  max mem: 5053
Train: data epoch: [1]  [ 80/218]  eta: 0:01:10  lr: 0.000099  loss: 0.1432  time: 0.4949  data: 0.0000  max mem: 5053
Train: data epoch: [1]  [100/218]  eta: 0:01:00  lr: 0.000099  loss: 0.1564  time: 0.5100  data: 0.0000  max mem: 5053
Train: data epoch: [1]  [120/218]  eta: 0:00:49  lr: 0.000099  loss: 0.1814  time: 0.4562  data: 0.0000  max mem: 5053
Train: data epoch: [1]  [140/218]  eta: 0:00:39  lr: 0.000099  loss: 0.1015  time: 0.5338  data: 0.0000  max mem: 5053
Train: data epoch: [1]  [160/218]  eta: 0:00:29  lr: 0.000099  loss: 0.1151  time: 0.4951  data: 0.0000  max mem: 5053
Train: data epoch: [1]  [180/218]  eta: 0:00:19  lr: 0.000099  loss: 0.1458  time: 0.5048  data: 0.0000  max mem: 5053
Train: data epoch: [1]  [200/218]  eta: 0:00:09  lr: 0.000099  loss: 0.1322  time: 0.4861  data: 0.0000  max mem: 5053
Train: data epoch: [1]  [217/218]  eta: 0:00:00  lr: 0.000099  loss: 0.1250  time: 0.4982  data: 0.0000  max mem: 5053
Train: data epoch: [1] Total time: 0:01:49 (0.5035 s / it)
2026-08-22 23:54:02,179 [INFO] AIGIQA-20K: EPOCH[1] -> SRCC 0.7923 PLCC_raw 0.8672 PLCC_mapped 0.8682 KRCC 0.6045 MainScore_official 0.8303
2026-08-22 23:54:02,192 [INFO] Saving checkpoint at epoch 1 to run/20260822234_B0_baseline/checkpoint_best_main.pth.
2026-08-22 23:54:02,223 [INFO] Start training
2026-08-22 23:54:02,442 [INFO] Start training epoch 2, 218 iters per inner epoch.
2026-08-22 23:55:50,146 [INFO] Averaged stats: lr: 0.000098  loss: 0.109169
2026-08-22 23:55:50,254 [INFO] gates: {"epoch": 2, "quality_gate": 0.01}
2026-08-22 23:55:50,255 [INFO] Evaluating on val.
Train: data epoch: [2]  [  0/218]  eta: 0:09:07  lr: 0.000098  loss: 0.1164  time: 2.5114  data: 0.0001  max mem: 5053
Train: data epoch: [2]  [ 20/218]  eta: 0:01:26  lr: 0.000098  loss: 0.1151  time: 0.3349  data: 0.0000  max mem: 5053
Train: data epoch: [2]  [ 40/218]  eta: 0:01:16  lr: 0.000098  loss: 0.1182  time: 0.4200  data: 0.0000  max mem: 5053
Train: data epoch: [2]  [ 60/218]  eta: 0:01:10  lr: 0.000098  loss: 0.0927  time: 0.4837  data: 0.0000  max mem: 5053
Train: data epoch: [2]  [ 80/218]  eta: 0:01:01  lr: 0.000098  loss: 0.1083  time: 0.4429  data: 0.0000  max mem: 5053
Train: data epoch: [2]  [100/218]  eta: 0:00:52  lr: 0.000098  loss: 0.1398  time: 0.4548  data: 0.0000  max mem: 5053
Train: data epoch: [2]  [120/218]  eta: 0:00:44  lr: 0.000098  loss: 0.1154  time: 0.4884  data: 0.0000  max mem: 5053
Train: data epoch: [2]  [140/218]  eta: 0:00:38  lr: 0.000098  loss: 0.0829  time: 0.7500  data: 0.0000  max mem: 5053
Train: data epoch: [2]  [160/218]  eta: 0:00:28  lr: 0.000098  loss: 0.1448  time: 0.4999  data: 0.0000  max mem: 5053
Train: data epoch: [2]  [180/218]  eta: 0:00:18  lr: 0.000098  loss: 0.1036  time: 0.4898  data: 0.0000  max mem: 5053
Train: data epoch: [2]  [200/218]  eta: 0:00:08  lr: 0.000098  loss: 0.1097  time: 0.4769  data: 0.0000  max mem: 5053
Train: data epoch: [2]  [217/218]  eta: 0:00:00  lr: 0.000098  loss: 0.1454  time: 0.4895  data: 0.0000  max mem: 5053
Train: data epoch: [2] Total time: 0:01:47 (0.4941 s / it)
2026-08-22 23:56:13,157 [INFO] AIGIQA-20K: EPOCH[2] -> SRCC 0.8204 PLCC_raw 0.8852 PLCC_mapped 0.8863 KRCC 0.6343 MainScore_official 0.8533
2026-08-22 23:56:13,177 [INFO] Saving checkpoint at epoch 2 to run/20260822234_B0_baseline/checkpoint_best_main.pth.
2026-08-22 23:56:13,226 [INFO] Start training
2026-08-22 23:56:13,478 [INFO] Start training epoch 3, 218 iters per inner epoch.
2026-08-22 23:57:58,653 [INFO] Averaged stats: lr: 0.000095  loss: 0.096371
2026-08-22 23:57:58,769 [INFO] gates: {"epoch": 3, "quality_gate": 0.01}
2026-08-22 23:57:58,769 [INFO] Evaluating on val.
Train: data epoch: [3]  [  0/218]  eta: 0:14:09  lr: 0.000095  loss: 0.1190  time: 3.8948  data: 0.0001  max mem: 5053
Train: data epoch: [3]  [ 20/218]  eta: 0:02:04  lr: 0.000095  loss: 0.1149  time: 0.4641  data: 0.0000  max mem: 5053
Train: data epoch: [3]  [ 40/218]  eta: 0:01:34  lr: 0.000095  loss: 0.0912  time: 0.4290  data: 0.0000  max mem: 5053
Train: data epoch: [3]  [ 60/218]  eta: 0:01:15  lr: 0.000095  loss: 0.1162  time: 0.3658  data: 0.0000  max mem: 5053
Train: data epoch: [3]  [ 80/218]  eta: 0:01:04  lr: 0.000095  loss: 0.0808  time: 0.4353  data: 0.0000  max mem: 5053
Train: data epoch: [3]  [100/218]  eta: 0:00:55  lr: 0.000095  loss: 0.1403  time: 0.4996  data: 0.0000  max mem: 5053
Train: data epoch: [3]  [120/218]  eta: 0:00:46  lr: 0.000095  loss: 0.0941  time: 0.4714  data: 0.0000  max mem: 5053
Train: data epoch: [3]  [140/218]  eta: 0:00:36  lr: 0.000095  loss: 0.1425  time: 0.4838  data: 0.0000  max mem: 5053
Train: data epoch: [3]  [160/218]  eta: 0:00:27  lr: 0.000095  loss: 0.1378  time: 0.4601  data: 0.0000  max mem: 5053
Train: data epoch: [3]  [180/218]  eta: 0:00:18  lr: 0.000095  loss: 0.0751  time: 0.5100  data: 0.0000  max mem: 5053
Train: data epoch: [3]  [200/218]  eta: 0:00:08  lr: 0.000095  loss: 0.1318  time: 0.5220  data: 0.0000  max mem: 5053
Train: data epoch: [3]  [217/218]  eta: 0:00:00  lr: 0.000095  loss: 0.0879  time: 0.4949  data: 0.0000  max mem: 5053
Train: data epoch: [3] Total time: 0:01:45 (0.4825 s / it)
2026-08-22 23:58:23,091 [INFO] AIGIQA-20K: EPOCH[3] -> SRCC 0.8331 PLCC_raw 0.8921 PLCC_mapped 0.8937 KRCC 0.6478 MainScore_official 0.8634
2026-08-22 23:58:23,103 [INFO] Saving checkpoint at epoch 3 to run/20260822234_B0_baseline/checkpoint_best_main.pth.
2026-08-22 23:58:23,139 [INFO] Start training
2026-08-22 23:58:23,385 [INFO] Start training epoch 4, 218 iters per inner epoch.
2026-08-23 00:00:06,528 [INFO] Averaged stats: lr: 0.000091  loss: 0.089189
2026-08-23 00:00:06,626 [INFO] gates: {"epoch": 4, "quality_gate": 0.01}
2026-08-23 00:00:06,626 [INFO] Evaluating on val.
Train: data epoch: [4]  [  0/218]  eta: 0:19:38  lr: 0.000091  loss: 0.0823  time: 5.4037  data: 0.0001  max mem: 5053
Train: data epoch: [4]  [ 20/218]  eta: 0:02:15  lr: 0.000091  loss: 0.0810  time: 0.4482  data: 0.0000  max mem: 5053
Train: data epoch: [4]  [ 40/218]  eta: 0:01:38  lr: 0.000091  loss: 0.0738  time: 0.4151  data: 0.0000  max mem: 5053
Train: data epoch: [4]  [ 60/218]  eta: 0:01:23  lr: 0.000091  loss: 0.0682  time: 0.4748  data: 0.0000  max mem: 5053
Train: data epoch: [4]  [ 80/218]  eta: 0:01:07  lr: 0.000091  loss: 0.0785  time: 0.3826  data: 0.0000  max mem: 5053
Train: data epoch: [4]  [100/218]  eta: 0:00:56  lr: 0.000091  loss: 0.0810  time: 0.4233  data: 0.0000  max mem: 5053
Train: data epoch: [4]  [120/218]  eta: 0:00:44  lr: 0.000091  loss: 0.0678  time: 0.3591  data: 0.0000  max mem: 5053
Train: data epoch: [4]  [140/218]  eta: 0:00:36  lr: 0.000091  loss: 0.0695  time: 0.5073  data: 0.0000  max mem: 5053
Train: data epoch: [4]  [160/218]  eta: 0:00:27  lr: 0.000091  loss: 0.0815  time: 0.5178  data: 0.0000  max mem: 5053
Train: data epoch: [4]  [180/218]  eta: 0:00:17  lr: 0.000091  loss: 0.0780  time: 0.4151  data: 0.0000  max mem: 5053
Train: data epoch: [4]  [200/218]  eta: 0:00:08  lr: 0.000091  loss: 0.0778  time: 0.5211  data: 0.0000  max mem: 5053
Train: data epoch: [4]  [217/218]  eta: 0:00:00  lr: 0.000091  loss: 0.1023  time: 0.4987  data: 0.0000  max mem: 5053
Train: data epoch: [4] Total time: 0:01:43 (0.4731 s / it)
2026-08-23 00:00:33,589 [INFO] AIGIQA-20K: EPOCH[4] -> SRCC 0.8398 PLCC_raw 0.8962 PLCC_mapped 0.8971 KRCC 0.6556 MainScore_official 0.8684
2026-08-23 00:00:33,610 [INFO] Saving checkpoint at epoch 4 to run/20260822234_B0_baseline/checkpoint_best_main.pth.
2026-08-23 00:00:33,661 [INFO] Start training
2026-08-23 00:00:33,955 [INFO] Start training epoch 5, 218 iters per inner epoch.
2026-08-23 00:02:23,242 [INFO] Averaged stats: lr: 0.000086  loss: 0.082992
2026-08-23 00:02:23,320 [INFO] gates: {"epoch": 5, "quality_gate": 0.01}
2026-08-23 00:02:23,321 [INFO] Evaluating on val.
Train: data epoch: [5]  [  0/218]  eta: 0:24:20  lr: 0.000086  loss: 0.0854  time: 6.6984  data: 0.0001  max mem: 5053
Train: data epoch: [5]  [ 20/218]  eta: 0:02:36  lr: 0.000086  loss: 0.0715  time: 0.4949  data: 0.0000  max mem: 5053
Train: data epoch: [5]  [ 40/218]  eta: 0:01:43  lr: 0.000086  loss: 0.0765  time: 0.3605  data: 0.0000  max mem: 5053
Train: data epoch: [5]  [ 60/218]  eta: 0:01:28  lr: 0.000086  loss: 0.0855  time: 0.5197  data: 0.0000  max mem: 5053
Train: data epoch: [5]  [ 80/218]  eta: 0:01:19  lr: 0.000086  loss: 0.1413  time: 0.6148  data: 0.0000  max mem: 5053
Train: data epoch: [5]  [100/218]  eta: 0:01:05  lr: 0.000086  loss: 0.0879  time: 0.4851  data: 0.0000  max mem: 5053
Train: data epoch: [5]  [120/218]  eta: 0:00:52  lr: 0.000086  loss: 0.0741  time: 0.4400  data: 0.0000  max mem: 5053
Train: data epoch: [5]  [140/218]  eta: 0:00:40  lr: 0.000086  loss: 0.0690  time: 0.4104  data: 0.0000  max mem: 5053
Train: data epoch: [5]  [160/218]  eta: 0:00:30  lr: 0.000086  loss: 0.0592  time: 0.5495  data: 0.0000  max mem: 5053
Train: data epoch: [5]  [180/218]  eta: 0:00:19  lr: 0.000086  loss: 0.0654  time: 0.4711  data: 0.0000  max mem: 5053
Train: data epoch: [5]  [200/218]  eta: 0:00:09  lr: 0.000086  loss: 0.0521  time: 0.3688  data: 0.0000  max mem: 5053
Train: data epoch: [5]  [217/218]  eta: 0:00:00  lr: 0.000086  loss: 0.1006  time: 0.4790  data: 0.0000  max mem: 5053
Train: data epoch: [5] Total time: 0:01:49 (0.5013 s / it)
2026-08-23 00:02:50,976 [INFO] AIGIQA-20K: EPOCH[5] -> SRCC 0.8439 PLCC_raw 0.8986 PLCC_mapped 0.8997 KRCC 0.6600 MainScore_official 0.8718
2026-08-23 00:02:50,989 [INFO] Saving checkpoint at epoch 5 to run/20260822234_B0_baseline/checkpoint_best_main.pth.
2026-08-23 00:02:51,024 [INFO] Start training
2026-08-23 00:02:51,277 [INFO] Start training epoch 6, 218 iters per inner epoch.
2026-08-23 00:04:41,873 [INFO] Averaged stats: lr: 0.000080  loss: 0.079185
2026-08-23 00:04:41,996 [INFO] gates: {"epoch": 6, "quality_gate": 0.01}
2026-08-23 00:04:41,996 [INFO] Evaluating on val.
Train: data epoch: [6]  [  0/218]  eta: 0:13:21  lr: 0.000080  loss: 0.0672  time: 3.6777  data: 0.0001  max mem: 5053
Train: data epoch: [6]  [ 20/218]  eta: 0:02:11  lr: 0.000080  loss: 0.0709  time: 0.5149  data: 0.0000  max mem: 5053
Train: data epoch: [6]  [ 40/218]  eta: 0:01:35  lr: 0.000080  loss: 0.0646  time: 0.3962  data: 0.0000  max mem: 5053
Train: data epoch: [6]  [ 60/218]  eta: 0:01:22  lr: 0.000080  loss: 0.0887  time: 0.5036  data: 0.0000  max mem: 5053
Train: data epoch: [6]  [ 80/218]  eta: 0:01:11  lr: 0.000080  loss: 0.0677  time: 0.4949  data: 0.0000  max mem: 5053
Train: data epoch: [6]  [100/218]  eta: 0:01:06  lr: 0.000080  loss: 0.0707  time: 0.7412  data: 0.0000  max mem: 5053
Train: data epoch: [6]  [120/218]  eta: 0:00:53  lr: 0.000080  loss: 0.0854  time: 0.4984  data: 0.0000  max mem: 5053
Train: data epoch: [6]  [140/218]  eta: 0:00:41  lr: 0.000080  loss: 0.0803  time: 0.4362  data: 0.0000  max mem: 5053
Train: data epoch: [6]  [160/218]  eta: 0:00:30  lr: 0.000080  loss: 0.0822  time: 0.3995  data: 0.0000  max mem: 5053
Train: data epoch: [6]  [180/218]  eta: 0:00:19  lr: 0.000080  loss: 0.0862  time: 0.5046  data: 0.0000  max mem: 5053
Train: data epoch: [6]  [200/218]  eta: 0:00:09  lr: 0.000080  loss: 0.1108  time: 0.4897  data: 0.0000  max mem: 5053
Train: data epoch: [6]  [217/218]  eta: 0:00:00  lr: 0.000080  loss: 0.0930  time: 0.4170  data: 0.0000  max mem: 5053
Train: data epoch: [6] Total time: 0:01:50 (0.5073 s / it)
2026-08-23 00:05:05,212 [INFO] AIGIQA-20K: EPOCH[6] -> SRCC 0.8464 PLCC_raw 0.8999 PLCC_mapped 0.9012 KRCC 0.6632 MainScore_official 0.8738
2026-08-23 00:05:05,224 [INFO] Saving checkpoint at epoch 6 to run/20260822234_B0_baseline/checkpoint_best_main.pth.
2026-08-23 00:05:05,261 [INFO] Start training
2026-08-23 00:05:05,516 [INFO] Start training epoch 7, 218 iters per inner epoch.
2026-08-23 00:06:51,679 [INFO] Averaged stats: lr: 0.000073  loss: 0.075351
2026-08-23 00:06:51,755 [INFO] gates: {"epoch": 7, "quality_gate": 0.01}
2026-08-23 00:06:51,755 [INFO] Evaluating on val.
Train: data epoch: [7]  [  0/218]  eta: 0:14:18  lr: 0.000073  loss: 0.0815  time: 3.9379  data: 0.0001  max mem: 5053
Train: data epoch: [7]  [ 20/218]  eta: 0:02:08  lr: 0.000073  loss: 0.0584  time: 0.4821  data: 0.0000  max mem: 5053
Train: data epoch: [7]  [ 40/218]  eta: 0:01:32  lr: 0.000073  loss: 0.0489  time: 0.3829  data: 0.0000  max mem: 5053
Train: data epoch: [7]  [ 60/218]  eta: 0:01:24  lr: 0.000073  loss: 0.0781  time: 0.5599  data: 0.0000  max mem: 5053
Train: data epoch: [7]  [ 80/218]  eta: 0:01:13  lr: 0.000073  loss: 0.0502  time: 0.5250  data: 0.0000  max mem: 5053
Train: data epoch: [7]  [100/218]  eta: 0:01:01  lr: 0.000073  loss: 0.0665  time: 0.4749  data: 0.0000  max mem: 5053
Train: data epoch: [7]  [120/218]  eta: 0:00:50  lr: 0.000073  loss: 0.0994  time: 0.4798  data: 0.0000  max mem: 5053
Train: data epoch: [7]  [140/218]  eta: 0:00:39  lr: 0.000073  loss: 0.0609  time: 0.4793  data: 0.0000  max mem: 5053
Train: data epoch: [7]  [160/218]  eta: 0:00:29  lr: 0.000073  loss: 0.0683  time: 0.4969  data: 0.0000  max mem: 5053
Train: data epoch: [7]  [180/218]  eta: 0:00:18  lr: 0.000073  loss: 0.0941  time: 0.4091  data: 0.0000  max mem: 5053
Train: data epoch: [7]  [200/218]  eta: 0:00:08  lr: 0.000073  loss: 0.0650  time: 0.3858  data: 0.0000  max mem: 5053
Train: data epoch: [7]  [217/218]  eta: 0:00:00  lr: 0.000073  loss: 0.0827  time: 0.5112  data: 0.0000  max mem: 5053
Train: data epoch: [7] Total time: 0:01:46 (0.4870 s / it)
2026-08-23 00:07:12,962 [INFO] AIGIQA-20K: EPOCH[7] -> SRCC 0.8467 PLCC_raw 0.9016 PLCC_mapped 0.9021 KRCC 0.6640 MainScore_official 0.8744
2026-08-23 00:07:12,978 [INFO] Saving checkpoint at epoch 7 to run/20260822234_B0_baseline/checkpoint_best_main.pth.
2026-08-23 00:07:13,053 [INFO] Start training
2026-08-23 00:07:13,488 [INFO] Start training epoch 8, 218 iters per inner epoch.
2026-08-23 00:09:00,714 [INFO] Averaged stats: lr: 0.000066  loss: 0.073335
2026-08-23 00:09:00,907 [INFO] gates: {"epoch": 8, "quality_gate": 0.01}
2026-08-23 00:09:00,907 [INFO] Evaluating on val.
Train: data epoch: [8]  [  0/218]  eta: 0:24:13  lr: 0.000066  loss: 0.0962  time: 6.6680  data: 0.0001  max mem: 5053
Train: data epoch: [8]  [ 20/218]  eta: 0:02:41  lr: 0.000066  loss: 0.0616  time: 0.5230  data: 0.0000  max mem: 5053
Train: data epoch: [8]  [ 40/218]  eta: 0:01:49  lr: 0.000066  loss: 0.0621  time: 0.4007  data: 0.0000  max mem: 5053
Train: data epoch: [8]  [ 60/218]  eta: 0:01:27  lr: 0.000066  loss: 0.0730  time: 0.4294  data: 0.0000  max mem: 5053
Train: data epoch: [8]  [ 80/218]  eta: 0:01:12  lr: 0.000066  loss: 0.0789  time: 0.4401  data: 0.0000  max mem: 5053
Train: data epoch: [8]  [100/218]  eta: 0:00:59  lr: 0.000066  loss: 0.0627  time: 0.4400  data: 0.0000  max mem: 5053
Train: data epoch: [8]  [120/218]  eta: 0:00:50  lr: 0.000066  loss: 0.0397  time: 0.5261  data: 0.0000  max mem: 5053
Train: data epoch: [8]  [140/218]  eta: 0:00:39  lr: 0.000066  loss: 0.0687  time: 0.4739  data: 0.0000  max mem: 5053
Train: data epoch: [8]  [160/218]  eta: 0:00:29  lr: 0.000066  loss: 0.0731  time: 0.4861  data: 0.0000  max mem: 5053
Train: data epoch: [8]  [180/218]  eta: 0:00:19  lr: 0.000066  loss: 0.0653  time: 0.4983  data: 0.0000  max mem: 5053
Train: data epoch: [8]  [200/218]  eta: 0:00:09  lr: 0.000066  loss: 0.0999  time: 0.4971  data: 0.0000  max mem: 5053
Train: data epoch: [8]  [217/218]  eta: 0:00:00  lr: 0.000066  loss: 0.0835  time: 0.3858  data: 0.0000  max mem: 5053
Train: data epoch: [8] Total time: 0:01:47 (0.4919 s / it)
2026-08-23 00:09:28,120 [INFO] AIGIQA-20K: EPOCH[8] -> SRCC 0.8491 PLCC_raw 0.9009 PLCC_mapped 0.9025 KRCC 0.6665 MainScore_official 0.8758
2026-08-23 00:09:28,134 [INFO] Saving checkpoint at epoch 8 to run/20260822234_B0_baseline/checkpoint_best_main.pth.
2026-08-23 00:09:28,165 [INFO] Start training
2026-08-23 00:09:28,410 [INFO] Start training epoch 9, 218 iters per inner epoch.
2026-08-23 00:11:20,005 [INFO] Averaged stats: lr: 0.000058  loss: 0.069915
2026-08-23 00:11:20,165 [INFO] gates: {"epoch": 9, "quality_gate": 0.01}
2026-08-23 00:11:20,165 [INFO] Evaluating on val.
Train: data epoch: [9]  [  0/218]  eta: 0:24:08  lr: 0.000058  loss: 0.0662  time: 6.6442  data: 0.0001  max mem: 5053
Train: data epoch: [9]  [ 20/218]  eta: 0:02:37  lr: 0.000058  loss: 0.0584  time: 0.5055  data: 0.0000  max mem: 5053
Train: data epoch: [9]  [ 40/218]  eta: 0:01:56  lr: 0.000058  loss: 0.0552  time: 0.5069  data: 0.0000  max mem: 5053
Train: data epoch: [9]  [ 60/218]  eta: 0:01:29  lr: 0.000058  loss: 0.0653  time: 0.3776  data: 0.0000  max mem: 5053
Train: data epoch: [9]  [ 80/218]  eta: 0:01:15  lr: 0.000058  loss: 0.0957  time: 0.4899  data: 0.0000  max mem: 5053
Train: data epoch: [9]  [100/218]  eta: 0:01:03  lr: 0.000058  loss: 0.0593  time: 0.5199  data: 0.0000  max mem: 5053
Train: data epoch: [9]  [120/218]  eta: 0:00:53  lr: 0.000058  loss: 0.0714  time: 0.5754  data: 0.0000  max mem: 5053
Train: data epoch: [9]  [140/218]  eta: 0:00:41  lr: 0.000058  loss: 0.0721  time: 0.4849  data: 0.0000  max mem: 5053
Train: data epoch: [9]  [160/218]  eta: 0:00:30  lr: 0.000058  loss: 0.0594  time: 0.4809  data: 0.0000  max mem: 5053
Train: data epoch: [9]  [180/218]  eta: 0:00:20  lr: 0.000058  loss: 0.0515  time: 0.4987  data: 0.0000  max mem: 5053
Train: data epoch: [9]  [200/218]  eta: 0:00:09  lr: 0.000058  loss: 0.0941  time: 0.4960  data: 0.0000  max mem: 5053
Train: data epoch: [9]  [217/218]  eta: 0:00:00  lr: 0.000058  loss: 0.0598  time: 0.3864  data: 0.0000  max mem: 5053
Train: data epoch: [9] Total time: 0:01:51 (0.5119 s / it)
2026-08-23 00:11:46,089 [INFO] AIGIQA-20K: EPOCH[9] -> SRCC 0.8503 PLCC_raw 0.9024 PLCC_mapped 0.9034 KRCC 0.6678 MainScore_official 0.8768
2026-08-23 00:11:46,109 [INFO] Saving checkpoint at epoch 9 to run/20260822234_B0_baseline/checkpoint_best_main.pth.
2026-08-23 00:11:46,203 [INFO] Start training
2026-08-23 00:11:46,669 [INFO] Start training epoch 10, 218 iters per inner epoch.
2026-08-23 00:13:42,833 [INFO] Averaged stats: lr: 0.000051  loss: 0.067499
2026-08-23 00:13:42,967 [INFO] gates: {"epoch": 10, "quality_gate": 0.01}
2026-08-23 00:13:42,967 [INFO] Evaluating on val.
Train: data epoch: [10]  [  0/218]  eta: 0:28:18  lr: 0.000051  loss: 0.0579  time: 7.7912  data: 0.0001  max mem: 5053
Train: data epoch: [10]  [ 20/218]  eta: 0:02:52  lr: 0.000051  loss: 0.0551  time: 0.5246  data: 0.0000  max mem: 5053
Train: data epoch: [10]  [ 40/218]  eta: 0:02:01  lr: 0.000051  loss: 0.0601  time: 0.4803  data: 0.0000  max mem: 5053
Train: data epoch: [10]  [ 60/218]  eta: 0:01:30  lr: 0.000051  loss: 0.0595  time: 0.3446  data: 0.0000  max mem: 5053
Train: data epoch: [10]  [ 80/218]  eta: 0:01:27  lr: 0.000051  loss: 0.0522  time: 0.8398  data: 0.0000  max mem: 5053
Train: data epoch: [10]  [100/218]  eta: 0:01:11  lr: 0.000051  loss: 0.0691  time: 0.5009  data: 0.0000  max mem: 5053
Train: data epoch: [10]  [120/218]  eta: 0:00:58  lr: 0.000051  loss: 0.0837  time: 0.5042  data: 0.0000  max mem: 5053
Train: data epoch: [10]  [140/218]  eta: 0:00:44  lr: 0.000051  loss: 0.0419  time: 0.4767  data: 0.0000  max mem: 5053
Train: data epoch: [10]  [160/218]  eta: 0:00:32  lr: 0.000051  loss: 0.0560  time: 0.4830  data: 0.0000  max mem: 5053
Train: data epoch: [10]  [180/218]  eta: 0:00:21  lr: 0.000051  loss: 0.0751  time: 0.4875  data: 0.0000  max mem: 5053
Train: data epoch: [10]  [200/218]  eta: 0:00:09  lr: 0.000051  loss: 0.0675  time: 0.4148  data: 0.0000  max mem: 5053
Train: data epoch: [10]  [217/218]  eta: 0:00:00  lr: 0.000051  loss: 0.0708  time: 0.4189  data: 0.0000  max mem: 5053
Train: data epoch: [10] Total time: 0:01:56 (0.5329 s / it)
2026-08-23 00:14:05,653 [INFO] AIGIQA-20K: EPOCH[10] -> SRCC 0.8518 PLCC_raw 0.9024 PLCC_mapped 0.9037 KRCC 0.6697 MainScore_official 0.8777
2026-08-23 00:14:05,666 [INFO] Saving checkpoint at epoch 10 to run/20260822234_B0_baseline/checkpoint_best_main.pth.
2026-08-23 00:14:05,694 [INFO] Start training
2026-08-23 00:14:05,942 [INFO] Start training epoch 11, 218 iters per inner epoch.
2026-08-23 00:15:55,089 [INFO] Averaged stats: lr: 0.000043  loss: 0.065677
2026-08-23 00:15:55,294 [INFO] gates: {"epoch": 11, "quality_gate": 0.01}
2026-08-23 00:15:55,295 [INFO] Evaluating on val.
Train: data epoch: [11]  [  0/218]  eta: 0:10:38  lr: 0.000043  loss: 0.0627  time: 2.9304  data: 0.0001  max mem: 5053
Train: data epoch: [11]  [ 20/218]  eta: 0:02:05  lr: 0.000043  loss: 0.0672  time: 0.5190  data: 0.0000  max mem: 5053
Train: data epoch: [11]  [ 40/218]  eta: 0:01:43  lr: 0.000043  loss: 0.0671  time: 0.5301  data: 0.0000  max mem: 5053
Train: data epoch: [11]  [ 60/218]  eta: 0:01:26  lr: 0.000043  loss: 0.0730  time: 0.4729  data: 0.0000  max mem: 5053
Train: data epoch: [11]  [ 80/218]  eta: 0:01:11  lr: 0.000043  loss: 0.0609  time: 0.4219  data: 0.0000  max mem: 5053
Train: data epoch: [11]  [100/218]  eta: 0:00:59  lr: 0.000043  loss: 0.0718  time: 0.4650  data: 0.0000  max mem: 5053
Train: data epoch: [11]  [120/218]  eta: 0:00:49  lr: 0.000043  loss: 0.0695  time: 0.4950  data: 0.0000  max mem: 5053
Train: data epoch: [11]  [140/218]  eta: 0:00:39  lr: 0.000043  loss: 0.0606  time: 0.5162  data: 0.0000  max mem: 5053
Train: data epoch: [11]  [160/218]  eta: 0:00:29  lr: 0.000043  loss: 0.0509  time: 0.4886  data: 0.0000  max mem: 5053
Train: data epoch: [11]  [180/218]  eta: 0:00:19  lr: 0.000043  loss: 0.0732  time: 0.4964  data: 0.0000  max mem: 5053
Train: data epoch: [11]  [200/218]  eta: 0:00:09  lr: 0.000043  loss: 0.0756  time: 0.5321  data: 0.0000  max mem: 5053
Train: data epoch: [11]  [217/218]  eta: 0:00:00  lr: 0.000043  loss: 0.0547  time: 0.4472  data: 0.0000  max mem: 5053
Train: data epoch: [11] Total time: 0:01:49 (0.5007 s / it)
2026-08-23 00:16:26,286 [INFO] AIGIQA-20K: EPOCH[11] -> SRCC 0.8511 PLCC_raw 0.9030 PLCC_mapped 0.9039 KRCC 0.6689 MainScore_official 0.8775
2026-08-23 00:16:26,288 [INFO] Start training
2026-08-23 00:16:26,981 [INFO] Start training epoch 12, 218 iters per inner epoch.
2026-08-23 00:18:17,991 [INFO] Averaged stats: lr: 0.000035  loss: 0.063586
2026-08-23 00:18:18,164 [INFO] gates: {"epoch": 12, "quality_gate": 0.01}
2026-08-23 00:18:18,165 [INFO] Evaluating on val.
Train: data epoch: [12]  [  0/218]  eta: 0:22:47  lr: 0.000035  loss: 0.0618  time: 6.2745  data: 0.0001  max mem: 5053
Train: data epoch: [12]  [ 20/218]  eta: 0:02:35  lr: 0.000035  loss: 0.0801  time: 0.5100  data: 0.0000  max mem: 5053
Train: data epoch: [12]  [ 40/218]  eta: 0:01:47  lr: 0.000035  loss: 0.0552  time: 0.4147  data: 0.0000  max mem: 5053
Train: data epoch: [12]  [ 60/218]  eta: 0:01:25  lr: 0.000035  loss: 0.1092  time: 0.4200  data: 0.0000  max mem: 5053
Train: data epoch: [12]  [ 80/218]  eta: 0:01:14  lr: 0.000035  loss: 0.0337  time: 0.5210  data: 0.0000  max mem: 5053
Train: data epoch: [12]  [100/218]  eta: 0:01:02  lr: 0.000035  loss: 0.0390  time: 0.4841  data: 0.0000  max mem: 5053
Train: data epoch: [12]  [120/218]  eta: 0:00:50  lr: 0.000035  loss: 0.0679  time: 0.4816  data: 0.0000  max mem: 5053
Train: data epoch: [12]  [140/218]  eta: 0:00:40  lr: 0.000035  loss: 0.0443  time: 0.4932  data: 0.0000  max mem: 5053
Train: data epoch: [12]  [160/218]  eta: 0:00:29  lr: 0.000035  loss: 0.0911  time: 0.4926  data: 0.0000  max mem: 5053
Train: data epoch: [12]  [180/218]  eta: 0:00:19  lr: 0.000035  loss: 0.0549  time: 0.5044  data: 0.0000  max mem: 5053
Train: data epoch: [12]  [200/218]  eta: 0:00:09  lr: 0.000035  loss: 0.0593  time: 0.5058  data: 0.0000  max mem: 5053
Train: data epoch: [12]  [217/218]  eta: 0:00:00  lr: 0.000035  loss: 0.0579  time: 0.4840  data: 0.0000  max mem: 5053
Train: data epoch: [12] Total time: 0:01:51 (0.5092 s / it)
2026-08-23 00:18:45,586 [INFO] AIGIQA-20K: EPOCH[12] -> SRCC 0.8514 PLCC_raw 0.9032 PLCC_mapped 0.9040 KRCC 0.6692 MainScore_official 0.8777
2026-08-23 00:18:45,587 [INFO] Start training
2026-08-23 00:18:45,878 [INFO] Start training epoch 13, 218 iters per inner epoch.
2026-08-23 00:20:35,359 [INFO] Averaged stats: lr: 0.000028  loss: 0.062435
2026-08-23 00:20:35,473 [INFO] gates: {"epoch": 13, "quality_gate": 0.01}
2026-08-23 00:20:35,473 [INFO] Evaluating on val.
Train: data epoch: [13]  [  0/218]  eta: 0:20:15  lr: 0.000028  loss: 0.0465  time: 5.5757  data: 0.0001  max mem: 5053
Train: data epoch: [13]  [ 20/218]  eta: 0:02:18  lr: 0.000028  loss: 0.0637  time: 0.4550  data: 0.0000  max mem: 5053
Train: data epoch: [13]  [ 40/218]  eta: 0:01:46  lr: 0.000028  loss: 0.0492  time: 0.4941  data: 0.0000  max mem: 5053
Train: data epoch: [13]  [ 60/218]  eta: 0:01:23  lr: 0.000028  loss: 0.0571  time: 0.3909  data: 0.0000  max mem: 5053
Train: data epoch: [13]  [ 80/218]  eta: 0:01:11  lr: 0.000028  loss: 0.0681  time: 0.4711  data: 0.0000  max mem: 5053
Train: data epoch: [13]  [100/218]  eta: 0:01:00  lr: 0.000028  loss: 0.0847  time: 0.4888  data: 0.0000  max mem: 5053
Train: data epoch: [13]  [120/218]  eta: 0:00:49  lr: 0.000028  loss: 0.0729  time: 0.4999  data: 0.0000  max mem: 5053
Train: data epoch: [13]  [140/218]  eta: 0:00:39  lr: 0.000028  loss: 0.0513  time: 0.4949  data: 0.0000  max mem: 5053
Train: data epoch: [13]  [160/218]  eta: 0:00:29  lr: 0.000028  loss: 0.0483  time: 0.5301  data: 0.0000  max mem: 5053
Train: data epoch: [13]  [180/218]  eta: 0:00:19  lr: 0.000028  loss: 0.0601  time: 0.4800  data: 0.0000  max mem: 5053
Train: data epoch: [13]  [200/218]  eta: 0:00:09  lr: 0.000028  loss: 0.0606  time: 0.4619  data: 0.0000  max mem: 5053
Train: data epoch: [13]  [217/218]  eta: 0:00:00  lr: 0.000028  loss: 0.0556  time: 0.4952  data: 0.0000  max mem: 5053
Train: data epoch: [13] Total time: 0:01:49 (0.5022 s / it)
2026-08-23 00:20:58,956 [INFO] AIGIQA-20K: EPOCH[13] -> SRCC 0.8511 PLCC_raw 0.9028 PLCC_mapped 0.9037 KRCC 0.6689 MainScore_official 0.8774
2026-08-23 00:20:58,957 [INFO] Start training
2026-08-23 00:20:59,246 [INFO] Start training epoch 14, 218 iters per inner epoch.
2026-08-23 00:22:40,021 [INFO] Averaged stats: lr: 0.000021  loss: 0.061088
2026-08-23 00:22:40,096 [INFO] gates: {"epoch": 14, "quality_gate": 0.01}
2026-08-23 00:22:40,097 [INFO] Evaluating on val.
Train: data epoch: [14]  [  0/218]  eta: 0:10:11  lr: 0.000021  loss: 0.0800  time: 2.8052  data: 0.0001  max mem: 5053
Train: data epoch: [14]  [ 20/218]  eta: 0:01:47  lr: 0.000021  loss: 0.0619  time: 0.4273  data: 0.0000  max mem: 5053
Train: data epoch: [14]  [ 40/218]  eta: 0:01:16  lr: 0.000021  loss: 0.0511  time: 0.3078  data: 0.0000  max mem: 5053
Train: data epoch: [14]  [ 60/218]  eta: 0:01:03  lr: 0.000021  loss: 0.0694  time: 0.3549  data: 0.0000  max mem: 5053
Train: data epoch: [14]  [ 80/218]  eta: 0:00:58  lr: 0.000021  loss: 0.0595  time: 0.4946  data: 0.0000  max mem: 5053
Train: data epoch: [14]  [100/218]  eta: 0:00:48  lr: 0.000021  loss: 0.0542  time: 0.3552  data: 0.0000  max mem: 5053
Train: data epoch: [14]  [120/218]  eta: 0:00:40  lr: 0.000021  loss: 0.0786  time: 0.4450  data: 0.0000  max mem: 5053
Train: data epoch: [14]  [140/218]  eta: 0:00:32  lr: 0.000021  loss: 0.0526  time: 0.4049  data: 0.0000  max mem: 5053
Train: data epoch: [14]  [160/218]  eta: 0:00:26  lr: 0.000021  loss: 0.0518  time: 0.6900  data: 0.0000  max mem: 5053
Train: data epoch: [14]  [180/218]  eta: 0:00:17  lr: 0.000021  loss: 0.0673  time: 0.5002  data: 0.0000  max mem: 5053
Train: data epoch: [14]  [200/218]  eta: 0:00:08  lr: 0.000021  loss: 0.0604  time: 0.4949  data: 0.0000  max mem: 5053
Train: data epoch: [14]  [217/218]  eta: 0:00:00  lr: 0.000021  loss: 0.0442  time: 0.4983  data: 0.0000  max mem: 5053
Train: data epoch: [14] Total time: 0:01:40 (0.4623 s / it)
2026-08-23 00:23:07,469 [INFO] AIGIQA-20K: EPOCH[14] -> SRCC 0.8522 PLCC_raw 0.9032 PLCC_mapped 0.9042 KRCC 0.6702 MainScore_official 0.8782
2026-08-23 00:23:07,486 [INFO] Saving checkpoint at epoch 14 to run/20260822234_B0_baseline/checkpoint_best_main.pth.
2026-08-23 00:23:07,524 [INFO] Start training
2026-08-23 00:23:07,871 [INFO] Start training epoch 15, 218 iters per inner epoch.
2026-08-23 00:24:56,549 [INFO] Averaged stats: lr: 0.000015  loss: 0.060172
2026-08-23 00:24:56,622 [INFO] gates: {"epoch": 15, "quality_gate": 0.01}
2026-08-23 00:24:56,622 [INFO] Evaluating on val.
Train: data epoch: [15]  [  0/218]  eta: 0:21:00  lr: 0.000015  loss: 0.0509  time: 5.7828  data: 0.0002  max mem: 5053
Train: data epoch: [15]  [ 20/218]  eta: 0:02:23  lr: 0.000015  loss: 0.0756  time: 0.4738  data: 0.0000  max mem: 5053
Train: data epoch: [15]  [ 40/218]  eta: 0:01:45  lr: 0.000015  loss: 0.0761  time: 0.4509  data: 0.0000  max mem: 5053
Train: data epoch: [15]  [ 60/218]  eta: 0:01:25  lr: 0.000015  loss: 0.0617  time: 0.4410  data: 0.0000  max mem: 5053
Train: data epoch: [15]  [ 80/218]  eta: 0:01:12  lr: 0.000015  loss: 0.0578  time: 0.4779  data: 0.0000  max mem: 5053
Train: data epoch: [15]  [100/218]  eta: 0:00:58  lr: 0.000015  loss: 0.0439  time: 0.3563  data: 0.0000  max mem: 5053
Train: data epoch: [15]  [120/218]  eta: 0:00:47  lr: 0.000015  loss: 0.0699  time: 0.4500  data: 0.0000  max mem: 5053
Train: data epoch: [15]  [140/218]  eta: 0:00:39  lr: 0.000015  loss: 0.0509  time: 0.6048  data: 0.0000  max mem: 5053
Train: data epoch: [15]  [160/218]  eta: 0:00:28  lr: 0.000015  loss: 0.0557  time: 0.4799  data: 0.0000  max mem: 5053
Train: data epoch: [15]  [180/218]  eta: 0:00:19  lr: 0.000015  loss: 0.0568  time: 0.5353  data: 0.0000  max mem: 5053
Train: data epoch: [15]  [200/218]  eta: 0:00:09  lr: 0.000015  loss: 0.0680  time: 0.4664  data: 0.0000  max mem: 5053
Train: data epoch: [15]  [217/218]  eta: 0:00:00  lr: 0.000015  loss: 0.0560  time: 0.4647  data: 0.0000  max mem: 5053
Train: data epoch: [15] Total time: 0:01:48 (0.4985 s / it)
2026-08-23 00:25:24,307 [INFO] AIGIQA-20K: EPOCH[15] -> SRCC 0.8520 PLCC_raw 0.9031 PLCC_mapped 0.9042 KRCC 0.6699 MainScore_official 0.8781
2026-08-23 00:25:24,323 [INFO] Saving checkpoint at epoch 15 to run/20260822234_B0_baseline/checkpoint_latest.pth.
2026-08-23 00:25:24,356 [INFO] Start training
2026-08-23 00:25:24,673 [INFO] Start training epoch 16, 218 iters per inner epoch.
2026-08-23 00:27:08,570 [INFO] Averaged stats: lr: 0.000010  loss: 0.059430
2026-08-23 00:27:08,640 [INFO] gates: {"epoch": 16, "quality_gate": 0.01}
2026-08-23 00:27:08,640 [INFO] Evaluating on val.
Train: data epoch: [16]  [  0/218]  eta: 0:14:32  lr: 0.000010  loss: 0.0473  time: 4.0002  data: 0.0001  max mem: 5053
Train: data epoch: [16]  [ 20/218]  eta: 0:02:09  lr: 0.000010  loss: 0.0521  time: 0.4870  data: 0.0000  max mem: 5053
Train: data epoch: [16]  [ 40/218]  eta: 0:01:34  lr: 0.000010  loss: 0.0816  time: 0.4020  data: 0.0000  max mem: 5053
Train: data epoch: [16]  [ 60/218]  eta: 0:01:18  lr: 0.000010  loss: 0.0426  time: 0.4285  data: 0.0000  max mem: 5053
Train: data epoch: [16]  [ 80/218]  eta: 0:01:06  lr: 0.000010  loss: 0.0577  time: 0.4424  data: 0.0000  max mem: 5053
Train: data epoch: [16]  [100/218]  eta: 0:00:55  lr: 0.000010  loss: 0.0741  time: 0.4239  data: 0.0000  max mem: 5053
Train: data epoch: [16]  [120/218]  eta: 0:00:46  lr: 0.000010  loss: 0.0420  time: 0.4703  data: 0.0000  max mem: 5053
Train: data epoch: [16]  [140/218]  eta: 0:00:36  lr: 0.000010  loss: 0.0580  time: 0.4898  data: 0.0000  max mem: 5053
Train: data epoch: [16]  [160/218]  eta: 0:00:27  lr: 0.000010  loss: 0.0617  time: 0.4499  data: 0.0000  max mem: 5053
Train: data epoch: [16]  [180/218]  eta: 0:00:17  lr: 0.000010  loss: 0.0394  time: 0.4800  data: 0.0000  max mem: 5053
Train: data epoch: [16]  [200/218]  eta: 0:00:08  lr: 0.000010  loss: 0.0434  time: 0.4985  data: 0.0000  max mem: 5053
Train: data epoch: [16]  [217/218]  eta: 0:00:00  lr: 0.000010  loss: 0.0784  time: 0.4988  data: 0.0000  max mem: 5053
Train: data epoch: [16] Total time: 0:01:43 (0.4766 s / it)
2026-08-23 00:27:36,961 [INFO] AIGIQA-20K: EPOCH[16] -> SRCC 0.8521 PLCC_raw 0.9029 PLCC_mapped 0.9040 KRCC 0.6700 MainScore_official 0.8781
2026-08-23 00:27:36,962 [INFO] Start training
2026-08-23 00:27:37,255 [INFO] Start training epoch 17, 218 iters per inner epoch.
2026-08-23 00:29:24,295 [INFO] Averaged stats: lr: 0.000006  loss: 0.058704
2026-08-23 00:29:24,389 [INFO] gates: {"epoch": 17, "quality_gate": 0.01}
2026-08-23 00:29:24,389 [INFO] Evaluating on val.
Train: data epoch: [17]  [  0/218]  eta: 0:17:04  lr: 0.000006  loss: 0.0579  time: 4.7005  data: 0.0001  max mem: 5053
Train: data epoch: [17]  [ 20/218]  eta: 0:02:44  lr: 0.000006  loss: 0.0491  time: 0.6355  data: 0.0000  max mem: 5053
Train: data epoch: [17]  [ 40/218]  eta: 0:01:46  lr: 0.000006  loss: 0.0550  time: 0.3506  data: 0.0000  max mem: 5053
Train: data epoch: [17]  [ 60/218]  eta: 0:01:18  lr: 0.000006  loss: 0.0599  time: 0.3037  data: 0.0000  max mem: 5053
Train: data epoch: [17]  [ 80/218]  eta: 0:01:08  lr: 0.000006  loss: 0.0732  time: 0.4831  data: 0.0000  max mem: 5053
Train: data epoch: [17]  [100/218]  eta: 0:00:58  lr: 0.000006  loss: 0.0775  time: 0.4819  data: 0.0000  max mem: 5053
Train: data epoch: [17]  [120/218]  eta: 0:00:45  lr: 0.000006  loss: 0.0522  time: 0.3249  data: 0.0000  max mem: 5053
Train: data epoch: [17]  [140/218]  eta: 0:00:36  lr: 0.000006  loss: 0.0671  time: 0.4461  data: 0.0000  max mem: 5053
Train: data epoch: [17]  [160/218]  eta: 0:00:27  lr: 0.000006  loss: 0.0688  time: 0.5545  data: 0.0000  max mem: 5053
Train: data epoch: [17]  [180/218]  eta: 0:00:18  lr: 0.000006  loss: 0.0796  time: 0.5393  data: 0.0000  max mem: 5053
Train: data epoch: [17]  [200/218]  eta: 0:00:08  lr: 0.000006  loss: 0.0518  time: 0.5699  data: 0.0000  max mem: 5053
Train: data epoch: [17]  [217/218]  eta: 0:00:00  lr: 0.000006  loss: 0.0640  time: 0.5058  data: 0.0000  max mem: 5053
Train: data epoch: [17] Total time: 0:01:47 (0.4910 s / it)
2026-08-23 00:29:52,508 [INFO] AIGIQA-20K: EPOCH[17] -> SRCC 0.8522 PLCC_raw 0.9030 PLCC_mapped 0.9041 KRCC 0.6701 MainScore_official 0.8781
2026-08-23 00:29:52,509 [INFO] Start training
2026-08-23 00:29:52,805 [INFO] Start training epoch 18, 218 iters per inner epoch.
2026-08-23 00:31:38,174 [INFO] Averaged stats: lr: 0.000003  loss: 0.058731
2026-08-23 00:31:38,304 [INFO] gates: {"epoch": 18, "quality_gate": 0.01}
2026-08-23 00:31:38,304 [INFO] Evaluating on val.
Train: data epoch: [18]  [  0/218]  eta: 0:23:29  lr: 0.000003  loss: 0.0399  time: 6.4668  data: 0.0001  max mem: 5053
Train: data epoch: [18]  [ 20/218]  eta: 0:03:24  lr: 0.000003  loss: 0.0596  time: 0.7591  data: 0.0000  max mem: 5053
Train: data epoch: [18]  [ 40/218]  eta: 0:02:14  lr: 0.000003  loss: 0.0669  time: 0.4652  data: 0.0000  max mem: 5053
Train: data epoch: [18]  [ 60/218]  eta: 0:01:32  lr: 0.000003  loss: 0.0392  time: 0.2363  data: 0.0000  max mem: 5053
Train: data epoch: [18]  [ 80/218]  eta: 0:01:14  lr: 0.000003  loss: 0.0878  time: 0.4088  data: 0.0000  max mem: 5053
Train: data epoch: [18]  [100/218]  eta: 0:01:03  lr: 0.000003  loss: 0.0482  time: 0.5382  data: 0.0000  max mem: 5053
Train: data epoch: [18]  [120/218]  eta: 0:00:50  lr: 0.000003  loss: 0.0583  time: 0.3862  data: 0.0000  max mem: 5053
Train: data epoch: [18]  [140/218]  eta: 0:00:37  lr: 0.000003  loss: 0.0502  time: 0.2750  data: 0.0000  max mem: 5053
Train: data epoch: [18]  [160/218]  eta: 0:00:27  lr: 0.000003  loss: 0.0520  time: 0.4599  data: 0.0000  max mem: 5053
Train: data epoch: [18]  [180/218]  eta: 0:00:18  lr: 0.000003  loss: 0.0616  time: 0.4503  data: 0.0000  max mem: 5053
Train: data epoch: [18]  [200/218]  eta: 0:00:08  lr: 0.000003  loss: 0.0547  time: 0.5547  data: 0.0000  max mem: 5053
Train: data epoch: [18]  [217/218]  eta: 0:00:00  lr: 0.000003  loss: 0.0596  time: 0.4759  data: 0.0000  max mem: 5053
Train: data epoch: [18] Total time: 0:01:45 (0.4833 s / it)
2026-08-23 00:32:06,427 [INFO] AIGIQA-20K: EPOCH[18] -> SRCC 0.8521 PLCC_raw 0.9030 PLCC_mapped 0.9040 KRCC 0.6701 MainScore_official 0.8781
2026-08-23 00:32:06,428 [INFO] Start training
2026-08-23 00:32:06,746 [INFO] Start training epoch 19, 218 iters per inner epoch.
2026-08-23 00:33:50,678 [INFO] Averaged stats: lr: 0.000002  loss: 0.058112
2026-08-23 00:33:50,761 [INFO] gates: {"epoch": 19, "quality_gate": 0.01}
2026-08-23 00:33:50,761 [INFO] Evaluating on val.
Train: data epoch: [19]  [  0/218]  eta: 0:14:55  lr: 0.000002  loss: 0.0613  time: 4.1087  data: 0.0001  max mem: 5053
Train: data epoch: [19]  [ 20/218]  eta: 0:02:32  lr: 0.000002  loss: 0.0882  time: 0.6011  data: 0.0000  max mem: 5053
Train: data epoch: [19]  [ 40/218]  eta: 0:02:01  lr: 0.000002  loss: 0.0406  time: 0.5889  data: 0.0000  max mem: 5053
Train: data epoch: [19]  [ 60/218]  eta: 0:01:36  lr: 0.000002  loss: 0.0620  time: 0.4726  data: 0.0000  max mem: 5053
Train: data epoch: [19]  [ 80/218]  eta: 0:01:17  lr: 0.000002  loss: 0.0628  time: 0.4022  data: 0.0000  max mem: 5053
Train: data epoch: [19]  [100/218]  eta: 0:01:01  lr: 0.000002  loss: 0.0412  time: 0.3449  data: 0.0000  max mem: 5053
Train: data epoch: [19]  [120/218]  eta: 0:00:47  lr: 0.000002  loss: 0.0463  time: 0.3201  data: 0.0000  max mem: 5053
Train: data epoch: [19]  [140/218]  eta: 0:00:37  lr: 0.000002  loss: 0.0518  time: 0.4665  data: 0.0000  max mem: 5053
Train: data epoch: [19]  [160/218]  eta: 0:00:27  lr: 0.000002  loss: 0.0642  time: 0.4683  data: 0.0000  max mem: 5053
Train: data epoch: [19]  [180/218]  eta: 0:00:17  lr: 0.000002  loss: 0.0665  time: 0.4100  data: 0.0000  max mem: 5053
Train: data epoch: [19]  [200/218]  eta: 0:00:08  lr: 0.000002  loss: 0.0644  time: 0.4899  data: 0.0000  max mem: 5053
Train: data epoch: [19]  [217/218]  eta: 0:00:00  lr: 0.000002  loss: 0.0480  time: 0.4950  data: 0.0000  max mem: 5053
Train: data epoch: [19] Total time: 0:01:43 (0.4767 s / it)
2026-08-23 00:34:18,530 [INFO] AIGIQA-20K: EPOCH[19] -> SRCC 0.8522 PLCC_raw 0.9030 PLCC_mapped 0.9040 KRCC 0.6701 MainScore_official 0.8781
2026-08-23 00:34:18,543 [INFO] Saving checkpoint at epoch 19 to run/20260822234_B0_baseline/checkpoint_latest.pth.
[{'agg_metrics': np.float64(0.878211170715621), 'main_score_raw': np.float64(0.877707693133059), 'main_score_official': np.float64(0.878211170715621), 'srcc': np.float64(0.8521782494336961), 'plcc_raw': np.float64(0.9032371368324217), 'plcc_mapped': np.float64(0.9042440919975459), 'krcc': np.float64(0.6701524112818467), 'mse': 0.094867433356329, 'loss': 0.094867433356329}]
{'agg_metrics': np.float64(0.878211170715621), 'main_score_raw': np.float64(0.877707693133059), 'main_score_official': np.float64(0.878211170715621), 'srcc': np.float64(0.8521782494336961), 'plcc_raw': np.float64(0.9032371368324217), 'plcc_mapped': np.float64(0.9042440919975459), 'krcc': np.float64(0.6701524112818467), 'mse': 0.094867433356329, 'loss': 0.094867433356329}
