2026-08-21 02:07:19,578 [INFO] Start training
2026-08-21 02:07:20,101 [INFO] number of trainable parameters: 394499
Not using distributed mode
['msqr_dgmpq_hcmi_v8']
2026-08-21 02:07:22,297 [INFO] Start training epoch 0, 37 iters per inner epoch.
2026-08-21 02:07:36,055 [INFO] Averaged stats: lr: 0.000036  loss: 6.826955
2026-08-21 02:07:36,116 [INFO] Evaluating on val.
Train: data epoch: [0]  [ 0/37]  eta: 0:03:14  lr: 0.000000  loss: 7.4297  time: 5.2615  data: 0.0001  max mem: 1357
Train: data epoch: [0]  [20/37]  eta: 0:00:08  lr: 0.000040  loss: 7.3448  time: 0.2329  data: 0.0000  max mem: 1368
Train: data epoch: [0]  [36/37]  eta: 0:00:00  lr: 0.000072  loss: 6.2281  time: 0.2404  data: 0.0000  max mem: 1368
Train: data epoch: [0] Total time: 0:00:13 (0.3718 s / it)
2026-08-21 02:07:42,591 [INFO] Qual: EPOCH[0] -> PLCC: 0.033720, SROCC: 0.070181, KROCC: 0.045197, LOSS: 6.576279
2026-08-21 02:07:42,591 [INFO] Align: EPOCH[0] -> PLCC: -0.097301, SROCC: -0.041295, KROCC: -0.024455, LOSS: 6.026246
2026-08-21 02:07:42,600 [INFO] Saving checkpoint at epoch 0 to run/20260821020_B0_frozen/checkpoint_best.pth.
2026-08-21 02:07:42,618 [INFO] Saving checkpoint at epoch 0 to run/20260821020_B0_frozen/checkpoint_best_joint.pth.
2026-08-21 02:07:42,627 [INFO] Start training
2026-08-21 02:07:42,880 [INFO] Start training epoch 1, 37 iters per inner epoch.
2026-08-21 02:07:51,331 [INFO] Averaged stats: lr: 0.000100  loss: 3.798354
2026-08-21 02:07:51,393 [INFO] Evaluating on val.
Train: data epoch: [1]  [ 0/37]  eta: 0:00:28  lr: 0.000100  loss: 6.7029  time: 0.7607  data: 0.0001  max mem: 1590
Train: data epoch: [1]  [20/37]  eta: 0:00:03  lr: 0.000100  loss: 3.8181  time: 0.1851  data: 0.0000  max mem: 1590
Train: data epoch: [1]  [36/37]  eta: 0:00:00  lr: 0.000100  loss: 1.4172  time: 0.2330  data: 0.0000  max mem: 1590
Train: data epoch: [1] Total time: 0:00:08 (0.2284 s / it)
2026-08-21 02:07:55,817 [INFO] Qual: EPOCH[1] -> PLCC: 0.167637, SROCC: 0.190746, KROCC: 0.128171, LOSS: 1.428423
2026-08-21 02:07:55,817 [INFO] Align: EPOCH[1] -> PLCC: 0.145553, SROCC: 0.167802, KROCC: 0.112851, LOSS: 1.163663
2026-08-21 02:07:55,826 [INFO] Saving checkpoint at epoch 1 to run/20260821020_B0_frozen/checkpoint_best.pth.
2026-08-21 02:07:55,848 [INFO] Saving checkpoint at epoch 1 to run/20260821020_B0_frozen/checkpoint_best_joint.pth.
2026-08-21 02:07:55,858 [INFO] Start training
2026-08-21 02:07:56,127 [INFO] Start training epoch 2, 37 iters per inner epoch.
2026-08-21 02:08:06,031 [INFO] Averaged stats: lr: 0.000100  loss: 0.903803
2026-08-21 02:08:06,117 [INFO] Evaluating on val.
Train: data epoch: [2]  [ 0/37]  eta: 0:00:41  lr: 0.000100  loss: 1.3456  time: 1.1287  data: 0.0001  max mem: 1590
Train: data epoch: [2]  [20/37]  eta: 0:00:04  lr: 0.000100  loss: 0.8013  time: 0.2424  data: 0.0000  max mem: 1590
Train: data epoch: [2]  [36/37]  eta: 0:00:00  lr: 0.000100  loss: 0.7874  time: 0.2449  data: 0.0000  max mem: 1590
Train: data epoch: [2] Total time: 0:00:09 (0.2677 s / it)
2026-08-21 02:08:12,080 [INFO] Qual: EPOCH[2] -> PLCC: 0.541954, SROCC: 0.531811, KROCC: 0.373642, LOSS: 0.731325
2026-08-21 02:08:12,080 [INFO] Align: EPOCH[2] -> PLCC: 0.490365, SROCC: 0.469825, KROCC: 0.325261, LOSS: 0.730952
2026-08-21 02:08:12,092 [INFO] Saving checkpoint at epoch 2 to run/20260821020_B0_frozen/checkpoint_best.pth.
2026-08-21 02:08:12,114 [INFO] Saving checkpoint at epoch 2 to run/20260821020_B0_frozen/checkpoint_best_joint.pth.
2026-08-21 02:08:12,125 [INFO] Start training
2026-08-21 02:08:12,416 [INFO] Start training epoch 3, 37 iters per inner epoch.
2026-08-21 02:08:20,890 [INFO] Averaged stats: lr: 0.000099  loss: 0.602582
2026-08-21 02:08:21,031 [INFO] Evaluating on val.
Train: data epoch: [3]  [ 0/37]  eta: 0:00:36  lr: 0.000099  loss: 0.9761  time: 0.9814  data: 0.0001  max mem: 1590
Train: data epoch: [3]  [20/37]  eta: 0:00:04  lr: 0.000099  loss: 0.6021  time: 0.2152  data: 0.0000  max mem: 1590
Train: data epoch: [3]  [36/37]  eta: 0:00:00  lr: 0.000099  loss: 0.5115  time: 0.2058  data: 0.0000  max mem: 1590
Train: data epoch: [3] Total time: 0:00:08 (0.2290 s / it)
2026-08-21 02:08:27,493 [INFO] Qual: EPOCH[3] -> PLCC: 0.740165, SROCC: 0.694778, KROCC: 0.513554, LOSS: 0.461798
2026-08-21 02:08:27,493 [INFO] Align: EPOCH[3] -> PLCC: 0.672462, SROCC: 0.603423, KROCC: 0.429975, LOSS: 0.526572
2026-08-21 02:08:27,502 [INFO] Saving checkpoint at epoch 3 to run/20260821020_B0_frozen/checkpoint_best.pth.
2026-08-21 02:08:27,522 [INFO] Saving checkpoint at epoch 3 to run/20260821020_B0_frozen/checkpoint_best_joint.pth.
2026-08-21 02:08:27,532 [INFO] Start training
2026-08-21 02:08:27,792 [INFO] Start training epoch 4, 37 iters per inner epoch.
2026-08-21 02:08:36,853 [INFO] Averaged stats: lr: 0.000098  loss: 0.405424
2026-08-21 02:08:36,936 [INFO] Evaluating on val.
Train: data epoch: [4]  [ 0/37]  eta: 0:00:36  lr: 0.000098  loss: 0.4276  time: 0.9991  data: 0.0001  max mem: 1590
Train: data epoch: [4]  [20/37]  eta: 0:00:04  lr: 0.000098  loss: 0.2923  time: 0.2395  data: 0.0000  max mem: 1590
Train: data epoch: [4]  [36/37]  eta: 0:00:00  lr: 0.000098  loss: 0.4199  time: 0.2103  data: 0.0000  max mem: 1590
Train: data epoch: [4] Total time: 0:00:09 (0.2449 s / it)
2026-08-21 02:08:42,014 [INFO] Qual: EPOCH[4] -> PLCC: 0.817819, SROCC: 0.752624, KROCC: 0.571096, LOSS: 0.332272
2026-08-21 02:08:42,014 [INFO] Align: EPOCH[4] -> PLCC: 0.742091, SROCC: 0.637733, KROCC: 0.462545, LOSS: 0.427128
2026-08-21 02:08:42,025 [INFO] Saving checkpoint at epoch 4 to run/20260821020_B0_frozen/checkpoint_best.pth.
2026-08-21 02:08:42,048 [INFO] Saving checkpoint at epoch 4 to run/20260821020_B0_frozen/checkpoint_best_joint.pth.
2026-08-21 02:08:42,060 [INFO] Start training
2026-08-21 02:08:42,341 [INFO] Start training epoch 5, 37 iters per inner epoch.
2026-08-21 02:08:51,340 [INFO] Averaged stats: lr: 0.000098  loss: 0.322014
2026-08-21 02:08:51,410 [INFO] Evaluating on val.
Train: data epoch: [5]  [ 0/37]  eta: 0:00:35  lr: 0.000098  loss: 0.3510  time: 0.9522  data: 0.0001  max mem: 1590
Train: data epoch: [5]  [20/37]  eta: 0:00:04  lr: 0.000098  loss: 0.3137  time: 0.2112  data: 0.0000  max mem: 1590
Train: data epoch: [5]  [36/37]  eta: 0:00:00  lr: 0.000098  loss: 0.2497  time: 0.2372  data: 0.0000  max mem: 1590
Train: data epoch: [5] Total time: 0:00:08 (0.2432 s / it)
2026-08-21 02:08:57,679 [INFO] Qual: EPOCH[5] -> PLCC: 0.847100, SROCC: 0.774548, KROCC: 0.592616, LOSS: 0.287827
2026-08-21 02:08:57,679 [INFO] Align: EPOCH[5] -> PLCC: 0.771202, SROCC: 0.648701, KROCC: 0.472923, LOSS: 0.389112
2026-08-21 02:08:57,690 [INFO] Saving checkpoint at epoch 5 to run/20260821020_B0_frozen/checkpoint_best.pth.
2026-08-21 02:08:57,712 [INFO] Saving checkpoint at epoch 5 to run/20260821020_B0_frozen/checkpoint_best_joint.pth.
2026-08-21 02:08:57,723 [INFO] Start training
2026-08-21 02:08:57,998 [INFO] Start training epoch 6, 37 iters per inner epoch.
2026-08-21 02:09:05,992 [INFO] Averaged stats: lr: 0.000097  loss: 0.288736
2026-08-21 02:09:06,135 [INFO] Evaluating on val.
Train: data epoch: [6]  [ 0/37]  eta: 0:00:25  lr: 0.000097  loss: 0.4011  time: 0.6951  data: 0.0001  max mem: 1590
Train: data epoch: [6]  [20/37]  eta: 0:00:04  lr: 0.000097  loss: 0.2280  time: 0.2347  data: 0.0000  max mem: 1590
Train: data epoch: [6]  [36/37]  eta: 0:00:00  lr: 0.000097  loss: 0.3215  time: 0.1800  data: 0.0000  max mem: 1590
Train: data epoch: [6] Total time: 0:00:07 (0.2160 s / it)
2026-08-21 02:09:12,833 [INFO] Qual: EPOCH[6] -> PLCC: 0.859221, SROCC: 0.783286, KROCC: 0.600966, LOSS: 0.275359
2026-08-21 02:09:12,833 [INFO] Align: EPOCH[6] -> PLCC: 0.786790, SROCC: 0.651774, KROCC: 0.476174, LOSS: 0.371472
2026-08-21 02:09:12,845 [INFO] Saving checkpoint at epoch 6 to run/20260821020_B0_frozen/checkpoint_best.pth.
2026-08-21 02:09:12,896 [INFO] Saving checkpoint at epoch 6 to run/20260821020_B0_frozen/checkpoint_best_joint.pth.
2026-08-21 02:09:12,908 [INFO] Start training
2026-08-21 02:09:13,213 [INFO] Start training epoch 7, 37 iters per inner epoch.
2026-08-21 02:09:22,902 [INFO] Averaged stats: lr: 0.000095  loss: 0.270616
2026-08-21 02:09:22,981 [INFO] Evaluating on val.
Train: data epoch: [7]  [ 0/37]  eta: 0:00:38  lr: 0.000095  loss: 0.3447  time: 1.0409  data: 0.0001  max mem: 1590
Train: data epoch: [7]  [20/37]  eta: 0:00:04  lr: 0.000095  loss: 0.2089  time: 0.2408  data: 0.0000  max mem: 1590
Train: data epoch: [7]  [36/37]  eta: 0:00:00  lr: 0.000095  loss: 0.2219  time: 0.2394  data: 0.0000  max mem: 1590
Train: data epoch: [7] Total time: 0:00:09 (0.2619 s / it)
2026-08-21 02:09:28,871 [INFO] Qual: EPOCH[7] -> PLCC: 0.864675, SROCC: 0.786183, KROCC: 0.604127, LOSS: 0.259665
2026-08-21 02:09:28,871 [INFO] Align: EPOCH[7] -> PLCC: 0.795034, SROCC: 0.653521, KROCC: 0.477720, LOSS: 0.354469
2026-08-21 02:09:28,880 [INFO] Saving checkpoint at epoch 7 to run/20260821020_B0_frozen/checkpoint_best.pth.
2026-08-21 02:09:28,899 [INFO] Saving checkpoint at epoch 7 to run/20260821020_B0_frozen/checkpoint_best_joint.pth.
2026-08-21 02:09:28,909 [INFO] Start training
2026-08-21 02:09:29,159 [INFO] Start training epoch 8, 37 iters per inner epoch.
2026-08-21 02:09:37,041 [INFO] Averaged stats: lr: 0.000094  loss: 0.253420
2026-08-21 02:09:37,133 [INFO] Evaluating on val.
Train: data epoch: [8]  [ 0/37]  eta: 0:00:32  lr: 0.000094  loss: 0.2589  time: 0.8907  data: 0.0001  max mem: 1590
Train: data epoch: [8]  [20/37]  eta: 0:00:03  lr: 0.000094  loss: 0.2550  time: 0.1507  data: 0.0000  max mem: 1590
Train: data epoch: [8]  [36/37]  eta: 0:00:00  lr: 0.000094  loss: 0.2068  time: 0.2362  data: 0.0000  max mem: 1590
Train: data epoch: [8] Total time: 0:00:07 (0.2130 s / it)
2026-08-21 02:09:42,958 [INFO] Qual: EPOCH[8] -> PLCC: 0.869663, SROCC: 0.790315, KROCC: 0.608655, LOSS: 0.251256
2026-08-21 02:09:42,958 [INFO] Align: EPOCH[8] -> PLCC: 0.802551, SROCC: 0.654183, KROCC: 0.478438, LOSS: 0.344232
2026-08-21 02:09:42,969 [INFO] Saving checkpoint at epoch 8 to run/20260821020_B0_frozen/checkpoint_best.pth.
2026-08-21 02:09:42,995 [INFO] Saving checkpoint at epoch 8 to run/20260821020_B0_frozen/checkpoint_best_joint.pth.
2026-08-21 02:09:43,008 [INFO] Start training
2026-08-21 02:09:43,266 [INFO] Start training epoch 9, 37 iters per inner epoch.
2026-08-21 02:09:52,282 [INFO] Averaged stats: lr: 0.000092  loss: 0.244292
2026-08-21 02:09:52,349 [INFO] Evaluating on val.
Train: data epoch: [9]  [ 0/37]  eta: 0:00:28  lr: 0.000092  loss: 0.2368  time: 0.7743  data: 0.0001  max mem: 1590
Train: data epoch: [9]  [20/37]  eta: 0:00:04  lr: 0.000092  loss: 0.2328  time: 0.2403  data: 0.0000  max mem: 1590
Train: data epoch: [9]  [36/37]  eta: 0:00:00  lr: 0.000092  loss: 0.2349  time: 0.2181  data: 0.0000  max mem: 1590
Train: data epoch: [9] Total time: 0:00:09 (0.2437 s / it)
2026-08-21 02:09:58,152 [INFO] Qual: EPOCH[9] -> PLCC: 0.873058, SROCC: 0.793124, KROCC: 0.611311, LOSS: 0.239866
2026-08-21 02:09:58,152 [INFO] Align: EPOCH[9] -> PLCC: 0.807497, SROCC: 0.654826, KROCC: 0.478774, LOSS: 0.335073
2026-08-21 02:09:58,164 [INFO] Saving checkpoint at epoch 9 to run/20260821020_B0_frozen/checkpoint_best.pth.
2026-08-21 02:09:58,188 [INFO] Saving checkpoint at epoch 9 to run/20260821020_B0_frozen/checkpoint_best_joint.pth.
2026-08-21 02:09:58,202 [INFO] Start training
2026-08-21 02:09:58,501 [INFO] Start training epoch 10, 37 iters per inner epoch.
2026-08-21 02:10:08,110 [INFO] Averaged stats: lr: 0.000091  loss: 0.238297
2026-08-21 02:10:08,173 [INFO] Evaluating on val.
Train: data epoch: [10]  [ 0/37]  eta: 0:00:53  lr: 0.000091  loss: 0.2280  time: 1.4452  data: 0.0001  max mem: 1590
Train: data epoch: [10]  [20/37]  eta: 0:00:05  lr: 0.000091  loss: 0.2190  time: 0.2444  data: 0.0000  max mem: 1590
Train: data epoch: [10]  [36/37]  eta: 0:00:00  lr: 0.000091  loss: 0.2316  time: 0.2072  data: 0.0000  max mem: 1590
Train: data epoch: [10] Total time: 0:00:09 (0.2597 s / it)
2026-08-21 02:10:14,122 [INFO] Qual: EPOCH[10] -> PLCC: 0.876227, SROCC: 0.796825, KROCC: 0.615156, LOSS: 0.241814
2026-08-21 02:10:14,122 [INFO] Align: EPOCH[10] -> PLCC: 0.811134, SROCC: 0.657862, KROCC: 0.481766, LOSS: 0.331116
2026-08-21 02:10:14,134 [INFO] Saving checkpoint at epoch 10 to run/20260821020_B0_frozen/checkpoint_best.pth.
2026-08-21 02:10:14,159 [INFO] Saving checkpoint at epoch 10 to run/20260821020_B0_frozen/checkpoint_best_joint.pth.
2026-08-21 02:10:14,173 [INFO] Start training
2026-08-21 02:10:14,443 [INFO] Start training epoch 11, 37 iters per inner epoch.
2026-08-21 02:10:23,663 [INFO] Averaged stats: lr: 0.000089  loss: 0.232739
2026-08-21 02:10:23,735 [INFO] Evaluating on val.
Train: data epoch: [11]  [ 0/37]  eta: 0:00:38  lr: 0.000089  loss: 0.2550  time: 1.0320  data: 0.0001  max mem: 1590
Train: data epoch: [11]  [20/37]  eta: 0:00:04  lr: 0.000089  loss: 0.2420  time: 0.2180  data: 0.0000  max mem: 1590
Train: data epoch: [11]  [36/37]  eta: 0:00:00  lr: 0.000089  loss: 0.1963  time: 0.2343  data: 0.0000  max mem: 1590
Train: data epoch: [11] Total time: 0:00:09 (0.2492 s / it)
2026-08-21 02:10:29,929 [INFO] Qual: EPOCH[11] -> PLCC: 0.878177, SROCC: 0.797955, KROCC: 0.616725, LOSS: 0.231871
2026-08-21 02:10:29,929 [INFO] Align: EPOCH[11] -> PLCC: 0.814222, SROCC: 0.659021, KROCC: 0.482797, LOSS: 0.324564
2026-08-21 02:10:29,939 [INFO] Saving checkpoint at epoch 11 to run/20260821020_B0_frozen/checkpoint_best.pth.
2026-08-21 02:10:29,957 [INFO] Saving checkpoint at epoch 11 to run/20260821020_B0_frozen/checkpoint_best_joint.pth.
2026-08-21 02:10:29,965 [INFO] Start training
2026-08-21 02:10:30,203 [INFO] Start training epoch 12, 37 iters per inner epoch.
2026-08-21 02:10:39,024 [INFO] Averaged stats: lr: 0.000087  loss: 0.222982
2026-08-21 02:10:39,099 [INFO] Evaluating on val.
Train: data epoch: [12]  [ 0/37]  eta: 0:00:33  lr: 0.000087  loss: 0.2252  time: 0.9082  data: 0.0001  max mem: 1590
Train: data epoch: [12]  [20/37]  eta: 0:00:04  lr: 0.000087  loss: 0.1760  time: 0.2243  data: 0.0000  max mem: 1590
Train: data epoch: [12]  [36/37]  eta: 0:00:00  lr: 0.000087  loss: 0.1966  time: 0.2181  data: 0.0000  max mem: 1590
Train: data epoch: [12] Total time: 0:00:08 (0.2384 s / it)
2026-08-21 02:10:44,785 [INFO] Qual: EPOCH[12] -> PLCC: 0.880339, SROCC: 0.800970, KROCC: 0.619605, LOSS: 0.230932
2026-08-21 02:10:44,785 [INFO] Align: EPOCH[12] -> PLCC: 0.817442, SROCC: 0.659611, KROCC: 0.483123, LOSS: 0.329458
2026-08-21 02:10:44,793 [INFO] Saving checkpoint at epoch 12 to run/20260821020_B0_frozen/checkpoint_best.pth.
2026-08-21 02:10:44,813 [INFO] Saving checkpoint at epoch 12 to run/20260821020_B0_frozen/checkpoint_best_joint.pth.
2026-08-21 02:10:44,822 [INFO] Start training
2026-08-21 02:10:45,071 [INFO] Start training epoch 13, 37 iters per inner epoch.
2026-08-21 02:10:54,209 [INFO] Averaged stats: lr: 0.000084  loss: 0.216101
2026-08-21 02:10:54,292 [INFO] Evaluating on val.
Train: data epoch: [13]  [ 0/37]  eta: 0:00:28  lr: 0.000084  loss: 0.2101  time: 0.7677  data: 0.0001  max mem: 1590
Train: data epoch: [13]  [20/37]  eta: 0:00:04  lr: 0.000084  loss: 0.2148  time: 0.2439  data: 0.0000  max mem: 1590
Train: data epoch: [13]  [36/37]  eta: 0:00:00  lr: 0.000084  loss: 0.2069  time: 0.2225  data: 0.0000  max mem: 1590
Train: data epoch: [13] Total time: 0:00:09 (0.2470 s / it)
2026-08-21 02:11:00,101 [INFO] Qual: EPOCH[13] -> PLCC: 0.881698, SROCC: 0.802146, KROCC: 0.621051, LOSS: 0.225181
2026-08-21 02:11:00,101 [INFO] Align: EPOCH[13] -> PLCC: 0.817297, SROCC: 0.660449, KROCC: 0.483190, LOSS: 0.318491
2026-08-21 02:11:00,113 [INFO] Saving checkpoint at epoch 13 to run/20260821020_B0_frozen/checkpoint_best.pth.
2026-08-21 02:11:00,142 [INFO] Saving checkpoint at epoch 13 to run/20260821020_B0_frozen/checkpoint_best_joint.pth.
2026-08-21 02:11:00,158 [INFO] Start training
2026-08-21 02:11:00,409 [INFO] Start training epoch 14, 37 iters per inner epoch.
2026-08-21 02:11:09,807 [INFO] Averaged stats: lr: 0.000082  loss: 0.214222
2026-08-21 02:11:09,878 [INFO] Evaluating on val.
Train: data epoch: [14]  [ 0/37]  eta: 0:00:47  lr: 0.000082  loss: 0.1685  time: 1.2809  data: 0.0001  max mem: 1590
Train: data epoch: [14]  [20/37]  eta: 0:00:04  lr: 0.000082  loss: 0.1746  time: 0.2358  data: 0.0000  max mem: 1590
Train: data epoch: [14]  [36/37]  eta: 0:00:00  lr: 0.000082  loss: 0.2195  time: 0.2199  data: 0.0000  max mem: 1590
Train: data epoch: [14] Total time: 0:00:09 (0.2540 s / it)
2026-08-21 02:11:16,081 [INFO] Qual: EPOCH[14] -> PLCC: 0.883721, SROCC: 0.804587, KROCC: 0.624021, LOSS: 0.225682
2026-08-21 02:11:16,081 [INFO] Align: EPOCH[14] -> PLCC: 0.819898, SROCC: 0.660289, KROCC: 0.483156, LOSS: 0.322249
2026-08-21 02:11:16,097 [INFO] Saving checkpoint at epoch 14 to run/20260821020_B0_frozen/checkpoint_best.pth.
2026-08-21 02:11:16,120 [INFO] Saving checkpoint at epoch 14 to run/20260821020_B0_frozen/checkpoint_best_joint.pth.
2026-08-21 02:11:16,133 [INFO] Start training
2026-08-21 02:11:16,407 [INFO] Start training epoch 15, 37 iters per inner epoch.
2026-08-21 02:11:25,517 [INFO] Averaged stats: lr: 0.000080  loss: 0.205150
2026-08-21 02:11:25,604 [INFO] Evaluating on val.
Train: data epoch: [15]  [ 0/37]  eta: 0:00:30  lr: 0.000080  loss: 0.2978  time: 0.8162  data: 0.0001  max mem: 1590
Train: data epoch: [15]  [20/37]  eta: 0:00:04  lr: 0.000080  loss: 0.2381  time: 0.2477  data: 0.0000  max mem: 1590
Train: data epoch: [15]  [36/37]  eta: 0:00:00  lr: 0.000080  loss: 0.1892  time: 0.2152  data: 0.0000  max mem: 1590
Train: data epoch: [15] Total time: 0:00:09 (0.2462 s / it)
2026-08-21 02:11:32,531 [INFO] Qual: EPOCH[15] -> PLCC: 0.885173, SROCC: 0.807216, KROCC: 0.626790, LOSS: 0.225270
2026-08-21 02:11:32,531 [INFO] Align: EPOCH[15] -> PLCC: 0.820972, SROCC: 0.659903, KROCC: 0.482943, LOSS: 0.318782
2026-08-21 02:11:32,542 [INFO] Saving checkpoint at epoch 15 to run/20260821020_B0_frozen/checkpoint_best.pth.
2026-08-21 02:11:32,566 [INFO] Saving checkpoint at epoch 15 to run/20260821020_B0_frozen/checkpoint_best_joint.pth.
2026-08-21 02:11:32,579 [INFO] Start training
2026-08-21 02:11:32,863 [INFO] Start training epoch 16, 37 iters per inner epoch.
2026-08-21 02:11:42,473 [INFO] Averaged stats: lr: 0.000077  loss: 0.205163
2026-08-21 02:11:42,563 [INFO] Evaluating on val.
Train: data epoch: [16]  [ 0/37]  eta: 0:00:52  lr: 0.000077  loss: 0.1942  time: 1.4287  data: 0.0001  max mem: 1590
Train: data epoch: [16]  [20/37]  eta: 0:00:04  lr: 0.000077  loss: 0.2028  time: 0.2301  data: 0.0000  max mem: 1590
Train: data epoch: [16]  [36/37]  eta: 0:00:00  lr: 0.000077  loss: 0.1945  time: 0.2190  data: 0.0000  max mem: 1590
Train: data epoch: [16] Total time: 0:00:09 (0.2597 s / it)
2026-08-21 02:11:48,361 [INFO] Qual: EPOCH[16] -> PLCC: 0.885614, SROCC: 0.808604, KROCC: 0.628303, LOSS: 0.220016
2026-08-21 02:11:48,361 [INFO] Align: EPOCH[16] -> PLCC: 0.821042, SROCC: 0.659953, KROCC: 0.482943, LOSS: 0.317247
2026-08-21 02:11:48,373 [INFO] Saving checkpoint at epoch 16 to run/20260821020_B0_frozen/checkpoint_best.pth.
2026-08-21 02:11:48,395 [INFO] Saving checkpoint at epoch 16 to run/20260821020_B0_frozen/checkpoint_best_joint.pth.
2026-08-21 02:11:48,406 [INFO] Start training
2026-08-21 02:11:48,693 [INFO] Start training epoch 17, 37 iters per inner epoch.
2026-08-21 02:11:58,063 [INFO] Averaged stats: lr: 0.000074  loss: 0.197277
2026-08-21 02:11:58,150 [INFO] Evaluating on val.
Train: data epoch: [17]  [ 0/37]  eta: 0:00:39  lr: 0.000074  loss: 0.2114  time: 1.0543  data: 0.0001  max mem: 1590
Train: data epoch: [17]  [20/37]  eta: 0:00:04  lr: 0.000074  loss: 0.1514  time: 0.2201  data: 0.0000  max mem: 1590
Train: data epoch: [17]  [36/37]  eta: 0:00:00  lr: 0.000074  loss: 0.1719  time: 0.2457  data: 0.0000  max mem: 1590
Train: data epoch: [17] Total time: 0:00:09 (0.2532 s / it)
2026-08-21 02:12:04,555 [INFO] Qual: EPOCH[17] -> PLCC: 0.886627, SROCC: 0.809470, KROCC: 0.629110, LOSS: 0.219227
2026-08-21 02:12:04,555 [INFO] Align: EPOCH[17] -> PLCC: 0.821745, SROCC: 0.659597, KROCC: 0.482495, LOSS: 0.321657
2026-08-21 02:12:04,564 [INFO] Saving checkpoint at epoch 17 to run/20260821020_B0_frozen/checkpoint_best.pth.
2026-08-21 02:12:04,582 [INFO] Saving checkpoint at epoch 17 to run/20260821020_B0_frozen/checkpoint_best_joint.pth.
2026-08-21 02:12:04,591 [INFO] Start training
2026-08-21 02:12:04,849 [INFO] Start training epoch 18, 37 iters per inner epoch.
2026-08-21 02:12:13,973 [INFO] Averaged stats: lr: 0.000072  loss: 0.198600
2026-08-21 02:12:14,051 [INFO] Evaluating on val.
Train: data epoch: [18]  [ 0/37]  eta: 0:00:35  lr: 0.000072  loss: 0.1835  time: 0.9657  data: 0.0001  max mem: 1590
Train: data epoch: [18]  [20/37]  eta: 0:00:04  lr: 0.000072  loss: 0.1655  time: 0.2285  data: 0.0000  max mem: 1590
Train: data epoch: [18]  [36/37]  eta: 0:00:00  lr: 0.000072  loss: 0.2087  time: 0.2112  data: 0.0000  max mem: 1590
Train: data epoch: [18] Total time: 0:00:09 (0.2466 s / it)
2026-08-21 02:12:20,048 [INFO] Qual: EPOCH[18] -> PLCC: 0.887486, SROCC: 0.812207, KROCC: 0.631990, LOSS: 0.210383
2026-08-21 02:12:20,048 [INFO] Align: EPOCH[18] -> PLCC: 0.822076, SROCC: 0.661304, KROCC: 0.484109, LOSS: 0.312449
2026-08-21 02:12:20,060 [INFO] Saving checkpoint at epoch 18 to run/20260821020_B0_frozen/checkpoint_best.pth.
2026-08-21 02:12:20,084 [INFO] Saving checkpoint at epoch 18 to run/20260821020_B0_frozen/checkpoint_best_joint.pth.
2026-08-21 02:12:20,096 [INFO] Start training
2026-08-21 02:12:20,377 [INFO] Start training epoch 19, 37 iters per inner epoch.
2026-08-21 02:12:29,406 [INFO] Averaged stats: lr: 0.000069  loss: 0.191029
2026-08-21 02:12:29,500 [INFO] Evaluating on val.
Train: data epoch: [19]  [ 0/37]  eta: 0:00:33  lr: 0.000069  loss: 0.1878  time: 0.9124  data: 0.0001  max mem: 1590
Train: data epoch: [19]  [20/37]  eta: 0:00:04  lr: 0.000069  loss: 0.2357  time: 0.2151  data: 0.0000  max mem: 1590
Train: data epoch: [19]  [36/37]  eta: 0:00:00  lr: 0.000069  loss: 0.1926  time: 0.2377  data: 0.0000  max mem: 1590
Train: data epoch: [19] Total time: 0:00:09 (0.2440 s / it)
2026-08-21 02:12:35,950 [INFO] Qual: EPOCH[19] -> PLCC: 0.888010, SROCC: 0.812620, KROCC: 0.632203, LOSS: 0.209677
2026-08-21 02:12:35,950 [INFO] Align: EPOCH[19] -> PLCC: 0.822351, SROCC: 0.661284, KROCC: 0.483784, LOSS: 0.312054
2026-08-21 02:12:35,961 [INFO] Saving checkpoint at epoch 19 to run/20260821020_B0_frozen/checkpoint_best.pth.
2026-08-21 02:12:35,983 [INFO] Saving checkpoint at epoch 19 to run/20260821020_B0_frozen/checkpoint_best_joint.pth.
2026-08-21 02:12:35,994 [INFO] Start training
2026-08-21 02:12:36,268 [INFO] Start training epoch 20, 37 iters per inner epoch.
2026-08-21 02:12:45,088 [INFO] Averaged stats: lr: 0.000066  loss: 0.189299
2026-08-21 02:12:45,157 [INFO] Evaluating on val.
Train: data epoch: [20]  [ 0/37]  eta: 0:00:29  lr: 0.000066  loss: 0.1895  time: 0.7988  data: 0.0001  max mem: 1590
Train: data epoch: [20]  [20/37]  eta: 0:00:03  lr: 0.000066  loss: 0.1665  time: 0.2033  data: 0.0000  max mem: 1590
Train: data epoch: [20]  [36/37]  eta: 0:00:00  lr: 0.000066  loss: 0.1965  time: 0.2449  data: 0.0000  max mem: 1590
Train: data epoch: [20] Total time: 0:00:08 (0.2384 s / it)
2026-08-21 02:12:51,294 [INFO] Qual: EPOCH[20] -> PLCC: 0.888050, SROCC: 0.812915, KROCC: 0.632685, LOSS: 0.207600
2026-08-21 02:12:51,294 [INFO] Align: EPOCH[20] -> PLCC: 0.822744, SROCC: 0.660570, KROCC: 0.483134, LOSS: 0.313204
2026-08-21 02:12:51,304 [INFO] Saving checkpoint at epoch 20 to run/20260821020_B0_frozen/checkpoint_best.pth.
2026-08-21 02:12:51,324 [INFO] Saving checkpoint at epoch 20 to run/20260821020_B0_frozen/checkpoint_best_joint.pth.
2026-08-21 02:12:51,334 [INFO] Start training
2026-08-21 02:12:51,592 [INFO] Start training epoch 21, 37 iters per inner epoch.
2026-08-21 02:13:00,938 [INFO] Averaged stats: lr: 0.000063  loss: 0.183413
2026-08-21 02:13:01,011 [INFO] Evaluating on val.
Train: data epoch: [21]  [ 0/37]  eta: 0:00:39  lr: 0.000063  loss: 0.2005  time: 1.0583  data: 0.0001  max mem: 1590
Train: data epoch: [21]  [20/37]  eta: 0:00:04  lr: 0.000063  loss: 0.1878  time: 0.2203  data: 0.0000  max mem: 1590
Train: data epoch: [21]  [36/37]  eta: 0:00:00  lr: 0.000063  loss: 0.2257  time: 0.2256  data: 0.0000  max mem: 1590
Train: data epoch: [21] Total time: 0:00:09 (0.2526 s / it)
2026-08-21 02:13:06,429 [INFO] Qual: EPOCH[21] -> PLCC: 0.889011, SROCC: 0.814206, KROCC: 0.633918, LOSS: 0.209401
2026-08-21 02:13:06,429 [INFO] Align: EPOCH[21] -> PLCC: 0.823129, SROCC: 0.660052, KROCC: 0.482457, LOSS: 0.316569
2026-08-21 02:13:06,440 [INFO] Saving checkpoint at epoch 21 to run/20260821020_B0_frozen/checkpoint_best.pth.
2026-08-21 02:13:06,463 [INFO] Saving checkpoint at epoch 21 to run/20260821020_B0_frozen/checkpoint_best_joint.pth.
2026-08-21 02:13:06,475 [INFO] Start training
2026-08-21 02:13:06,760 [INFO] Start training epoch 22, 37 iters per inner epoch.
2026-08-21 02:13:15,828 [INFO] Averaged stats: lr: 0.000060  loss: 0.185023
2026-08-21 02:13:15,896 [INFO] Evaluating on val.
Train: data epoch: [22]  [ 0/37]  eta: 0:00:31  lr: 0.000060  loss: 0.1876  time: 0.8543  data: 0.0001  max mem: 1590
Train: data epoch: [22]  [20/37]  eta: 0:00:04  lr: 0.000060  loss: 0.1756  time: 0.2195  data: 0.0000  max mem: 1590
Train: data epoch: [22]  [36/37]  eta: 0:00:00  lr: 0.000060  loss: 0.1989  time: 0.2386  data: 0.0000  max mem: 1590
Train: data epoch: [22] Total time: 0:00:09 (0.2451 s / it)
2026-08-21 02:13:22,227 [INFO] Qual: EPOCH[22] -> PLCC: 0.889859, SROCC: 0.814894, KROCC: 0.634490, LOSS: 0.214572
2026-08-21 02:13:22,227 [INFO] Align: EPOCH[22] -> PLCC: 0.822654, SROCC: 0.659157, KROCC: 0.481565, LOSS: 0.318471
2026-08-21 02:13:22,236 [INFO] Saving checkpoint at epoch 22 to run/20260821020_B0_frozen/checkpoint_best.pth.
2026-08-21 02:13:22,253 [INFO] Saving checkpoint at epoch 22 to run/20260821020_B0_frozen/checkpoint_best_joint.pth.
2026-08-21 02:13:22,262 [INFO] Start training
2026-08-21 02:13:22,511 [INFO] Start training epoch 23, 37 iters per inner epoch.
2026-08-21 02:13:31,398 [INFO] Averaged stats: lr: 0.000057  loss: 0.181124
2026-08-21 02:13:31,488 [INFO] Evaluating on val.
Train: data epoch: [23]  [ 0/37]  eta: 0:00:40  lr: 0.000057  loss: 0.1763  time: 1.0821  data: 0.0001  max mem: 1590
Train: data epoch: [23]  [20/37]  eta: 0:00:04  lr: 0.000057  loss: 0.2023  time: 0.2251  data: 0.0000  max mem: 1590
Train: data epoch: [23]  [36/37]  eta: 0:00:00  lr: 0.000057  loss: 0.1888  time: 0.1983  data: 0.0000  max mem: 1590
Train: data epoch: [23] Total time: 0:00:08 (0.2402 s / it)
2026-08-21 02:13:37,392 [INFO] Qual: EPOCH[23] -> PLCC: 0.889055, SROCC: 0.813935, KROCC: 0.633717, LOSS: 0.206782
2026-08-21 02:13:37,392 [INFO] Align: EPOCH[23] -> PLCC: 0.821719, SROCC: 0.658582, KROCC: 0.480803, LOSS: 0.314917
2026-08-21 02:13:37,393 [INFO] Start training
2026-08-21 02:13:37,676 [INFO] Start training epoch 24, 37 iters per inner epoch.
2026-08-21 02:13:47,086 [INFO] Averaged stats: lr: 0.000054  loss: 0.181190
2026-08-21 02:13:47,162 [INFO] Evaluating on val.
Train: data epoch: [24]  [ 0/37]  eta: 0:00:28  lr: 0.000054  loss: 0.1571  time: 0.7667  data: 0.0001  max mem: 1590
Train: data epoch: [24]  [20/37]  eta: 0:00:04  lr: 0.000054  loss: 0.1761  time: 0.2408  data: 0.0000  max mem: 1590
Train: data epoch: [24]  [36/37]  eta: 0:00:00  lr: 0.000054  loss: 0.1415  time: 0.2387  data: 0.0000  max mem: 1590
Train: data epoch: [24] Total time: 0:00:09 (0.2543 s / it)
2026-08-21 02:13:52,771 [INFO] Qual: EPOCH[24] -> PLCC: 0.889924, SROCC: 0.815468, KROCC: 0.635159, LOSS: 0.209112
2026-08-21 02:13:52,772 [INFO] Align: EPOCH[24] -> PLCC: 0.821369, SROCC: 0.658293, KROCC: 0.480545, LOSS: 0.316286
2026-08-21 02:13:52,781 [INFO] Saving checkpoint at epoch 24 to run/20260821020_B0_frozen/checkpoint_best.pth.
2026-08-21 02:13:52,791 [INFO] Start training
2026-08-21 02:13:53,043 [INFO] Start training epoch 25, 37 iters per inner epoch.
2026-08-21 02:14:01,625 [INFO] Averaged stats: lr: 0.000050  loss: 0.179363
2026-08-21 02:14:01,703 [INFO] Evaluating on val.
Train: data epoch: [25]  [ 0/37]  eta: 0:00:30  lr: 0.000051  loss: 0.2261  time: 0.8231  data: 0.0001  max mem: 1590
Train: data epoch: [25]  [20/37]  eta: 0:00:04  lr: 0.000051  loss: 0.1359  time: 0.2078  data: 0.0000  max mem: 1590
Train: data epoch: [25]  [36/37]  eta: 0:00:00  lr: 0.000051  loss: 0.1899  time: 0.2117  data: 0.0000  max mem: 1590
Train: data epoch: [25] Total time: 0:00:08 (0.2319 s / it)
2026-08-21 02:14:08,126 [INFO] Qual: EPOCH[25] -> PLCC: 0.890073, SROCC: 0.815685, KROCC: 0.635330, LOSS: 0.208150
2026-08-21 02:14:08,126 [INFO] Align: EPOCH[25] -> PLCC: 0.822111, SROCC: 0.658637, KROCC: 0.480556, LOSS: 0.318055
2026-08-21 02:14:08,135 [INFO] Saving checkpoint at epoch 25 to run/20260821020_B0_frozen/checkpoint_best.pth.
2026-08-21 02:14:08,156 [INFO] Saving checkpoint at epoch 25 to run/20260821020_B0_frozen/checkpoint_latest.pth.
2026-08-21 02:14:08,164 [INFO] Start training
2026-08-21 02:14:08,413 [INFO] Start training epoch 26, 37 iters per inner epoch.
2026-08-21 02:14:16,875 [INFO] Averaged stats: lr: 0.000047  loss: 0.177069
2026-08-21 02:14:16,948 [INFO] Evaluating on val.
Train: data epoch: [26]  [ 0/37]  eta: 0:00:30  lr: 0.000047  loss: 0.2245  time: 0.8345  data: 0.0001  max mem: 1590
Train: data epoch: [26]  [20/37]  eta: 0:00:04  lr: 0.000047  loss: 0.1919  time: 0.2400  data: 0.0000  max mem: 1590
Train: data epoch: [26]  [36/37]  eta: 0:00:00  lr: 0.000047  loss: 0.1606  time: 0.1889  data: 0.0000  max mem: 1590
Train: data epoch: [26] Total time: 0:00:08 (0.2287 s / it)
2026-08-21 02:14:22,808 [INFO] Qual: EPOCH[26] -> PLCC: 0.890454, SROCC: 0.816268, KROCC: 0.636037, LOSS: 0.208879
2026-08-21 02:14:22,808 [INFO] Align: EPOCH[26] -> PLCC: 0.821314, SROCC: 0.658664, KROCC: 0.480477, LOSS: 0.316214
2026-08-21 02:14:22,819 [INFO] Saving checkpoint at epoch 26 to run/20260821020_B0_frozen/checkpoint_best.pth.
2026-08-21 02:14:22,842 [INFO] Saving checkpoint at epoch 26 to run/20260821020_B0_frozen/checkpoint_best_joint.pth.
2026-08-21 02:14:22,853 [INFO] Start training
2026-08-21 02:14:23,330 [INFO] Start training epoch 27, 37 iters per inner epoch.
2026-08-21 02:14:34,579 [INFO] Averaged stats: lr: 0.000044  loss: 0.176324
2026-08-21 02:14:34,648 [INFO] Evaluating on val.
Train: data epoch: [27]  [ 0/37]  eta: 0:01:35  lr: 0.000044  loss: 0.1992  time: 2.5713  data: 0.0001  max mem: 1590
Train: data epoch: [27]  [20/37]  eta: 0:00:06  lr: 0.000044  loss: 0.1636  time: 0.2424  data: 0.0000  max mem: 1590
Train: data epoch: [27]  [36/37]  eta: 0:00:00  lr: 0.000044  loss: 0.1744  time: 0.2394  data: 0.0000  max mem: 1590
Train: data epoch: [27] Total time: 0:00:11 (0.3040 s / it)
2026-08-21 02:14:40,973 [INFO] Qual: EPOCH[27] -> PLCC: 0.890194, SROCC: 0.815957, KROCC: 0.635745, LOSS: 0.203998
2026-08-21 02:14:40,973 [INFO] Align: EPOCH[27] -> PLCC: 0.820686, SROCC: 0.658070, KROCC: 0.479794, LOSS: 0.316452
2026-08-21 02:14:40,973 [INFO] Start training
2026-08-21 02:14:41,244 [INFO] Start training epoch 28, 37 iters per inner epoch.
2026-08-21 02:14:49,667 [INFO] Averaged stats: lr: 0.000041  loss: 0.174496
2026-08-21 02:14:49,752 [INFO] Evaluating on val.
Train: data epoch: [28]  [ 0/37]  eta: 0:00:42  lr: 0.000041  loss: 0.1692  time: 1.1480  data: 0.0001  max mem: 1590
Train: data epoch: [28]  [20/37]  eta: 0:00:04  lr: 0.000041  loss: 0.1402  time: 0.2372  data: 0.0000  max mem: 1590
Train: data epoch: [28]  [36/37]  eta: 0:00:00  lr: 0.000041  loss: 0.1986  time: 0.1717  data: 0.0000  max mem: 1590
Train: data epoch: [28] Total time: 0:00:08 (0.2276 s / it)
2026-08-21 02:14:56,066 [INFO] Qual: EPOCH[28] -> PLCC: 0.890778, SROCC: 0.817053, KROCC: 0.636866, LOSS: 0.204797
2026-08-21 02:14:56,066 [INFO] Align: EPOCH[28] -> PLCC: 0.821122, SROCC: 0.658029, KROCC: 0.479469, LOSS: 0.316873
2026-08-21 02:14:56,075 [INFO] Saving checkpoint at epoch 28 to run/20260821020_B0_frozen/checkpoint_best.pth.
2026-08-21 02:14:56,094 [INFO] Saving checkpoint at epoch 28 to run/20260821020_B0_frozen/checkpoint_best_joint.pth.
2026-08-21 02:14:56,106 [INFO] Start training
2026-08-21 02:14:56,350 [INFO] Start training epoch 29, 37 iters per inner epoch.
2026-08-21 02:15:05,977 [INFO] Averaged stats: lr: 0.000038  loss: 0.170402
2026-08-21 02:15:06,052 [INFO] Evaluating on val.
Train: data epoch: [29]  [ 0/37]  eta: 0:00:36  lr: 0.000038  loss: 0.1906  time: 0.9936  data: 0.0001  max mem: 1590
Train: data epoch: [29]  [20/37]  eta: 0:00:04  lr: 0.000038  loss: 0.1572  time: 0.2409  data: 0.0000  max mem: 1590
Train: data epoch: [29]  [36/37]  eta: 0:00:00  lr: 0.000038  loss: 0.1792  time: 0.2391  data: 0.0000  max mem: 1590
Train: data epoch: [29] Total time: 0:00:09 (0.2602 s / it)
2026-08-21 02:15:10,868 [INFO] Qual: EPOCH[29] -> PLCC: 0.890861, SROCC: 0.816914, KROCC: 0.636866, LOSS: 0.203219
2026-08-21 02:15:10,868 [INFO] Align: EPOCH[29] -> PLCC: 0.820998, SROCC: 0.657220, KROCC: 0.478998, LOSS: 0.317460
2026-08-21 02:15:10,869 [INFO] Start training
2026-08-21 02:15:11,121 [INFO] Start training epoch 30, 37 iters per inner epoch.
2026-08-21 02:15:18,704 [INFO] Averaged stats: lr: 0.000035  loss: 0.169529
2026-08-21 02:15:18,777 [INFO] Evaluating on val.
Train: data epoch: [30]  [ 0/37]  eta: 0:00:37  lr: 0.000035  loss: 0.1690  time: 1.0092  data: 0.0001  max mem: 1590
Train: data epoch: [30]  [20/37]  eta: 0:00:03  lr: 0.000035  loss: 0.1576  time: 0.1538  data: 0.0000  max mem: 1590
Train: data epoch: [30]  [36/37]  eta: 0:00:00  lr: 0.000035  loss: 0.1353  time: 0.2046  data: 0.0000  max mem: 1590
Train: data epoch: [30] Total time: 0:00:07 (0.2049 s / it)
2026-08-21 02:15:25,090 [INFO] Qual: EPOCH[30] -> PLCC: 0.890989, SROCC: 0.816852, KROCC: 0.636519, LOSS: 0.204143
2026-08-21 02:15:25,090 [INFO] Align: EPOCH[30] -> PLCC: 0.820335, SROCC: 0.655822, KROCC: 0.478001, LOSS: 0.317555
2026-08-21 02:15:25,100 [INFO] Saving checkpoint at epoch 30 to run/20260821020_B0_frozen/checkpoint_best.pth.
2026-08-21 02:15:25,119 [INFO] Saving checkpoint at epoch 30 to run/20260821020_B0_frozen/checkpoint_latest.pth.
2026-08-21 02:15:25,129 [INFO] Start training
2026-08-21 02:15:25,378 [INFO] Start training epoch 31, 37 iters per inner epoch.
2026-08-21 02:15:34,438 [INFO] Averaged stats: lr: 0.000032  loss: 0.166678
2026-08-21 02:15:34,515 [INFO] Evaluating on val.
Train: data epoch: [31]  [ 0/37]  eta: 0:00:34  lr: 0.000032  loss: 0.1501  time: 0.9268  data: 0.0001  max mem: 1590
Train: data epoch: [31]  [20/37]  eta: 0:00:04  lr: 0.000032  loss: 0.1365  time: 0.2416  data: 0.0000  max mem: 1590
Train: data epoch: [31]  [36/37]  eta: 0:00:00  lr: 0.000032  loss: 0.1685  time: 0.2136  data: 0.0000  max mem: 1590
Train: data epoch: [31] Total time: 0:00:09 (0.2449 s / it)
2026-08-21 02:15:40,722 [INFO] Qual: EPOCH[31] -> PLCC: 0.891274, SROCC: 0.817300, KROCC: 0.637001, LOSS: 0.204737
2026-08-21 02:15:40,722 [INFO] Align: EPOCH[31] -> PLCC: 0.820263, SROCC: 0.656118, KROCC: 0.477687, LOSS: 0.317520
2026-08-21 02:15:40,733 [INFO] Saving checkpoint at epoch 31 to run/20260821020_B0_frozen/checkpoint_best.pth.
2026-08-21 02:15:40,746 [INFO] Start training
2026-08-21 02:15:41,008 [INFO] Start training epoch 32, 37 iters per inner epoch.
2026-08-21 02:15:50,821 [INFO] Averaged stats: lr: 0.000029  loss: 0.167127
2026-08-21 02:15:50,893 [INFO] Evaluating on val.
Train: data epoch: [32]  [ 0/37]  eta: 0:00:36  lr: 0.000029  loss: 0.1411  time: 0.9849  data: 0.0001  max mem: 1590
Train: data epoch: [32]  [20/37]  eta: 0:00:04  lr: 0.000029  loss: 0.2271  time: 0.2502  data: 0.0000  max mem: 1590
Train: data epoch: [32]  [36/37]  eta: 0:00:00  lr: 0.000029  loss: 0.1681  time: 0.2391  data: 0.0000  max mem: 1590
Train: data epoch: [32] Total time: 0:00:09 (0.2652 s / it)
2026-08-21 02:15:56,863 [INFO] Qual: EPOCH[32] -> PLCC: 0.891426, SROCC: 0.817382, KROCC: 0.637370, LOSS: 0.202939
2026-08-21 02:15:56,863 [INFO] Align: EPOCH[32] -> PLCC: 0.820705, SROCC: 0.656307, KROCC: 0.477866, LOSS: 0.319084
2026-08-21 02:15:56,872 [INFO] Saving checkpoint at epoch 32 to run/20260821020_B0_frozen/checkpoint_best.pth.
2026-08-21 02:15:56,885 [INFO] Start training
2026-08-21 02:15:57,126 [INFO] Start training epoch 33, 37 iters per inner epoch.
2026-08-21 02:16:06,080 [INFO] Averaged stats: lr: 0.000027  loss: 0.166565
2026-08-21 02:16:06,154 [INFO] Evaluating on val.
Train: data epoch: [33]  [ 0/37]  eta: 0:00:34  lr: 0.000027  loss: 0.2186  time: 0.9205  data: 0.0001  max mem: 1590
Train: data epoch: [33]  [20/37]  eta: 0:00:04  lr: 0.000027  loss: 0.1152  time: 0.2198  data: 0.0000  max mem: 1590
Train: data epoch: [33]  [36/37]  eta: 0:00:00  lr: 0.000027  loss: 0.1948  time: 0.2203  data: 0.0000  max mem: 1590
Train: data epoch: [33] Total time: 0:00:08 (0.2420 s / it)
2026-08-21 02:16:12,085 [INFO] Qual: EPOCH[33] -> PLCC: 0.892010, SROCC: 0.818464, KROCC: 0.638424, LOSS: 0.203496
2026-08-21 02:16:12,085 [INFO] Align: EPOCH[33] -> PLCC: 0.820594, SROCC: 0.656205, KROCC: 0.477709, LOSS: 0.318351
2026-08-21 02:16:12,094 [INFO] Saving checkpoint at epoch 33 to run/20260821020_B0_frozen/checkpoint_best.pth.
2026-08-21 02:16:12,112 [INFO] Saving checkpoint at epoch 33 to run/20260821020_B0_frozen/checkpoint_best_joint.pth.
2026-08-21 02:16:12,121 [INFO] Start training
2026-08-21 02:16:12,376 [INFO] Start training epoch 34, 37 iters per inner epoch.
2026-08-21 02:16:21,528 [INFO] Averaged stats: lr: 0.000024  loss: 0.167756
2026-08-21 02:16:21,601 [INFO] Evaluating on val.
Train: data epoch: [34]  [ 0/37]  eta: 0:00:35  lr: 0.000024  loss: 0.1380  time: 0.9618  data: 0.0001  max mem: 1590
Train: data epoch: [34]  [20/37]  eta: 0:00:04  lr: 0.000024  loss: 0.1980  time: 0.2410  data: 0.0000  max mem: 1590
Train: data epoch: [34]  [36/37]  eta: 0:00:00  lr: 0.000024  loss: 0.1715  time: 0.2168  data: 0.0000  max mem: 1590
Train: data epoch: [34] Total time: 0:00:09 (0.2473 s / it)
2026-08-21 02:16:27,641 [INFO] Qual: EPOCH[34] -> PLCC: 0.891682, SROCC: 0.817803, KROCC: 0.638009, LOSS: 0.202529
2026-08-21 02:16:27,641 [INFO] Align: EPOCH[34] -> PLCC: 0.820197, SROCC: 0.655764, KROCC: 0.477507, LOSS: 0.318971
2026-08-21 02:16:27,642 [INFO] Start training
2026-08-21 02:16:27,898 [INFO] Start training epoch 35, 37 iters per inner epoch.
2026-08-21 02:16:36,892 [INFO] Averaged stats: lr: 0.000021  loss: 0.166756
2026-08-21 02:16:37,000 [INFO] Evaluating on val.
Train: data epoch: [35]  [ 0/37]  eta: 0:00:33  lr: 0.000021  loss: 0.1581  time: 0.8962  data: 0.0001  max mem: 1590
Train: data epoch: [35]  [20/37]  eta: 0:00:04  lr: 0.000021  loss: 0.1452  time: 0.2349  data: 0.0000  max mem: 1590
Train: data epoch: [35]  [36/37]  eta: 0:00:00  lr: 0.000021  loss: 0.1540  time: 0.2192  data: 0.0000  max mem: 1590
Train: data epoch: [35] Total time: 0:00:08 (0.2431 s / it)
2026-08-21 02:16:43,127 [INFO] Qual: EPOCH[35] -> PLCC: 0.891652, SROCC: 0.817926, KROCC: 0.638110, LOSS: 0.202444
2026-08-21 02:16:43,128 [INFO] Align: EPOCH[35] -> PLCC: 0.820222, SROCC: 0.655934, KROCC: 0.477496, LOSS: 0.319656
2026-08-21 02:16:43,147 [INFO] Saving checkpoint at epoch 35 to run/20260821020_B0_frozen/checkpoint_latest.pth.
2026-08-21 02:16:43,168 [INFO] Start training
2026-08-21 02:16:43,470 [INFO] Start training epoch 36, 37 iters per inner epoch.
2026-08-21 02:16:52,760 [INFO] Averaged stats: lr: 0.000019  loss: 0.162987
2026-08-21 02:16:52,828 [INFO] Evaluating on val.
Train: data epoch: [36]  [ 0/37]  eta: 0:00:34  lr: 0.000019  loss: 0.1574  time: 0.9421  data: 0.0001  max mem: 1590
Train: data epoch: [36]  [20/37]  eta: 0:00:04  lr: 0.000019  loss: 0.1406  time: 0.2366  data: 0.0000  max mem: 1590
Train: data epoch: [36]  [36/37]  eta: 0:00:00  lr: 0.000019  loss: 0.1813  time: 0.2181  data: 0.0000  max mem: 1590
Train: data epoch: [36] Total time: 0:00:09 (0.2511 s / it)
2026-08-21 02:16:58,826 [INFO] Qual: EPOCH[36] -> PLCC: 0.892312, SROCC: 0.819116, KROCC: 0.639298, LOSS: 0.204561
2026-08-21 02:16:58,826 [INFO] Align: EPOCH[36] -> PLCC: 0.820576, SROCC: 0.655616, KROCC: 0.477115, LOSS: 0.320334
2026-08-21 02:16:58,838 [INFO] Saving checkpoint at epoch 36 to run/20260821020_B0_frozen/checkpoint_best.pth.
2026-08-21 02:16:58,861 [INFO] Saving checkpoint at epoch 36 to run/20260821020_B0_frozen/checkpoint_best_joint.pth.
2026-08-21 02:16:58,872 [INFO] Start training
2026-08-21 02:16:59,142 [INFO] Start training epoch 37, 37 iters per inner epoch.
2026-08-21 02:17:07,677 [INFO] Averaged stats: lr: 0.000017  loss: 0.164947
2026-08-21 02:17:07,760 [INFO] Evaluating on val.
Train: data epoch: [37]  [ 0/37]  eta: 0:00:29  lr: 0.000017  loss: 0.1416  time: 0.7844  data: 0.0001  max mem: 1590
Train: data epoch: [37]  [20/37]  eta: 0:00:04  lr: 0.000017  loss: 0.1425  time: 0.2162  data: 0.0000  max mem: 1590
Train: data epoch: [37]  [36/37]  eta: 0:00:00  lr: 0.000017  loss: 0.1476  time: 0.2194  data: 0.0000  max mem: 1590
Train: data epoch: [37] Total time: 0:00:08 (0.2307 s / it)
2026-08-21 02:17:13,820 [INFO] Qual: EPOCH[37] -> PLCC: 0.891985, SROCC: 0.818623, KROCC: 0.638760, LOSS: 0.202556
2026-08-21 02:17:13,820 [INFO] Align: EPOCH[37] -> PLCC: 0.820069, SROCC: 0.655496, KROCC: 0.477048, LOSS: 0.319646
2026-08-21 02:17:13,821 [INFO] Start training
2026-08-21 02:17:14,165 [INFO] Start training epoch 38, 37 iters per inner epoch.
2026-08-21 02:17:23,756 [INFO] Averaged stats: lr: 0.000014  loss: 0.161361
2026-08-21 02:17:23,833 [INFO] Evaluating on val.
Train: data epoch: [38]  [ 0/37]  eta: 0:00:47  lr: 0.000014  loss: 0.1534  time: 1.2967  data: 0.0001  max mem: 1590
Train: data epoch: [38]  [20/37]  eta: 0:00:04  lr: 0.000014  loss: 0.1829  time: 0.2417  data: 0.0000  max mem: 1590
Train: data epoch: [38]  [36/37]  eta: 0:00:00  lr: 0.000014  loss: 0.1344  time: 0.2209  data: 0.0000  max mem: 1590
Train: data epoch: [38] Total time: 0:00:09 (0.2592 s / it)
2026-08-21 02:17:29,860 [INFO] Qual: EPOCH[38] -> PLCC: 0.891954, SROCC: 0.818216, KROCC: 0.638334, LOSS: 0.202474
2026-08-21 02:17:29,860 [INFO] Align: EPOCH[38] -> PLCC: 0.820045, SROCC: 0.655178, KROCC: 0.476555, LOSS: 0.319978
2026-08-21 02:17:29,861 [INFO] Start training
2026-08-21 02:17:30,112 [INFO] Start training epoch 39, 37 iters per inner epoch.
2026-08-21 02:17:38,769 [INFO] Averaged stats: lr: 0.000012  loss: 0.163703
2026-08-21 02:17:38,847 [INFO] Evaluating on val.
Train: data epoch: [39]  [ 0/37]  eta: 0:00:30  lr: 0.000012  loss: 0.1708  time: 0.8149  data: 0.0001  max mem: 1590
Train: data epoch: [39]  [20/37]  eta: 0:00:04  lr: 0.000012  loss: 0.1665  time: 0.2217  data: 0.0000  max mem: 1590
Train: data epoch: [39]  [36/37]  eta: 0:00:00  lr: 0.000012  loss: 0.1924  time: 0.2199  data: 0.0000  max mem: 1590
Train: data epoch: [39] Total time: 0:00:08 (0.2340 s / it)
2026-08-21 02:17:45,216 [INFO] Qual: EPOCH[39] -> PLCC: 0.892179, SROCC: 0.818724, KROCC: 0.638861, LOSS: 0.203572
2026-08-21 02:17:45,216 [INFO] Align: EPOCH[39] -> PLCC: 0.820008, SROCC: 0.655187, KROCC: 0.476476, LOSS: 0.320657
2026-08-21 02:17:45,217 [INFO] Start training
2026-08-21 02:17:45,481 [INFO] Start training epoch 40, 37 iters per inner epoch.
2026-08-21 02:17:54,013 [INFO] Averaged stats: lr: 0.000010  loss: 0.163538
2026-08-21 02:17:54,140 [INFO] Evaluating on val.
Train: data epoch: [40]  [ 0/37]  eta: 0:00:23  lr: 0.000010  loss: 0.1591  time: 0.6431  data: 0.0001  max mem: 1590
Train: data epoch: [40]  [20/37]  eta: 0:00:04  lr: 0.000010  loss: 0.1651  time: 0.2256  data: 0.0000  max mem: 1590
Train: data epoch: [40]  [36/37]  eta: 0:00:00  lr: 0.000010  loss: 0.1695  time: 0.2186  data: 0.0000  max mem: 1590
Train: data epoch: [40] Total time: 0:00:08 (0.2306 s / it)
2026-08-21 02:18:00,256 [INFO] Qual: EPOCH[40] -> PLCC: 0.891821, SROCC: 0.818312, KROCC: 0.638379, LOSS: 0.202358
2026-08-21 02:18:00,256 [INFO] Align: EPOCH[40] -> PLCC: 0.819674, SROCC: 0.655002, KROCC: 0.476230, LOSS: 0.320113
2026-08-21 02:18:00,266 [INFO] Saving checkpoint at epoch 40 to run/20260821020_B0_frozen/checkpoint_latest.pth.
2026-08-21 02:18:00,276 [INFO] Start training
2026-08-21 02:18:00,535 [INFO] Start training epoch 41, 37 iters per inner epoch.
2026-08-21 02:18:09,535 [INFO] Averaged stats: lr: 0.000009  loss: 0.162876
2026-08-21 02:18:09,618 [INFO] Evaluating on val.
Train: data epoch: [41]  [ 0/37]  eta: 0:00:32  lr: 0.000009  loss: 0.1779  time: 0.8781  data: 0.0001  max mem: 1590
Train: data epoch: [41]  [20/37]  eta: 0:00:04  lr: 0.000009  loss: 0.1359  time: 0.2132  data: 0.0000  max mem: 1590
Train: data epoch: [41]  [36/37]  eta: 0:00:00  lr: 0.000009  loss: 0.2247  time: 0.2405  data: 0.0000  max mem: 1590
Train: data epoch: [41] Total time: 0:00:08 (0.2432 s / it)
2026-08-21 02:18:15,580 [INFO] Qual: EPOCH[41] -> PLCC: 0.892026, SROCC: 0.818541, KROCC: 0.638671, LOSS: 0.203051
2026-08-21 02:18:15,580 [INFO] Align: EPOCH[41] -> PLCC: 0.819724, SROCC: 0.654870, KROCC: 0.476129, LOSS: 0.320091
2026-08-21 02:18:15,581 [INFO] Start training
2026-08-21 02:18:15,853 [INFO] Start training epoch 42, 37 iters per inner epoch.
2026-08-21 02:18:24,591 [INFO] Averaged stats: lr: 0.000007  loss: 0.163699
2026-08-21 02:18:24,657 [INFO] Evaluating on val.
Train: data epoch: [42]  [ 0/37]  eta: 0:00:37  lr: 0.000007  loss: 0.1422  time: 1.0131  data: 0.0001  max mem: 1590
Train: data epoch: [42]  [20/37]  eta: 0:00:03  lr: 0.000007  loss: 0.1999  time: 0.1877  data: 0.0000  max mem: 1590
Train: data epoch: [42]  [36/37]  eta: 0:00:00  lr: 0.000007  loss: 0.1724  time: 0.2299  data: 0.0000  max mem: 1590
Train: data epoch: [42] Total time: 0:00:08 (0.2362 s / it)
2026-08-21 02:18:30,466 [INFO] Qual: EPOCH[42] -> PLCC: 0.892073, SROCC: 0.818637, KROCC: 0.638760, LOSS: 0.202826
2026-08-21 02:18:30,466 [INFO] Align: EPOCH[42] -> PLCC: 0.819757, SROCC: 0.655009, KROCC: 0.476241, LOSS: 0.320433
2026-08-21 02:18:30,467 [INFO] Start training
2026-08-21 02:18:30,722 [INFO] Start training epoch 43, 37 iters per inner epoch.
2026-08-21 02:18:39,941 [INFO] Averaged stats: lr: 0.000006  loss: 0.162667
2026-08-21 02:18:40,012 [INFO] Evaluating on val.
Train: data epoch: [43]  [ 0/37]  eta: 0:00:38  lr: 0.000006  loss: 0.1869  time: 1.0377  data: 0.0001  max mem: 1590
Train: data epoch: [43]  [20/37]  eta: 0:00:04  lr: 0.000006  loss: 0.1290  time: 0.2409  data: 0.0000  max mem: 1590
Train: data epoch: [43]  [36/37]  eta: 0:00:00  lr: 0.000006  loss: 0.1623  time: 0.2154  data: 0.0000  max mem: 1590
Train: data epoch: [43] Total time: 0:00:09 (0.2491 s / it)
2026-08-21 02:18:45,450 [INFO] Qual: EPOCH[43] -> PLCC: 0.892099, SROCC: 0.818620, KROCC: 0.638682, LOSS: 0.202855
2026-08-21 02:18:45,451 [INFO] Align: EPOCH[43] -> PLCC: 0.819760, SROCC: 0.655031, KROCC: 0.476196, LOSS: 0.320805
2026-08-21 02:18:45,452 [INFO] Start training
2026-08-21 02:18:45,861 [INFO] Start training epoch 44, 37 iters per inner epoch.
2026-08-21 02:18:55,638 [INFO] Averaged stats: lr: 0.000004  loss: 0.164643
2026-08-21 02:18:55,731 [INFO] Evaluating on val.
Train: data epoch: [44]  [ 0/37]  eta: 0:00:59  lr: 0.000004  loss: 0.1579  time: 1.6027  data: 0.0001  max mem: 1590
Train: data epoch: [44]  [20/37]  eta: 0:00:04  lr: 0.000004  loss: 0.1667  time: 0.2172  data: 0.0000  max mem: 1590
Train: data epoch: [44]  [36/37]  eta: 0:00:00  lr: 0.000004  loss: 0.1617  time: 0.2337  data: 0.0000  max mem: 1590
Train: data epoch: [44] Total time: 0:00:09 (0.2642 s / it)
2026-08-21 02:19:02,078 [INFO] Qual: EPOCH[44] -> PLCC: 0.892099, SROCC: 0.818581, KROCC: 0.638558, LOSS: 0.202953
2026-08-21 02:19:02,078 [INFO] Align: EPOCH[44] -> PLCC: 0.819764, SROCC: 0.654995, KROCC: 0.476207, LOSS: 0.320843
2026-08-21 02:19:02,079 [INFO] Start training
2026-08-21 02:19:02,339 [INFO] Start training epoch 45, 37 iters per inner epoch.
2026-08-21 02:19:11,313 [INFO] Averaged stats: lr: 0.000003  loss: 0.161831
2026-08-21 02:19:11,400 [INFO] Evaluating on val.
Train: data epoch: [45]  [ 0/37]  eta: 0:00:34  lr: 0.000003  loss: 0.1817  time: 0.9384  data: 0.0001  max mem: 1590
Train: data epoch: [45]  [20/37]  eta: 0:00:04  lr: 0.000003  loss: 0.2013  time: 0.2203  data: 0.0000  max mem: 1590
Train: data epoch: [45]  [36/37]  eta: 0:00:00  lr: 0.000003  loss: 0.1364  time: 0.2320  data: 0.0000  max mem: 1590
Train: data epoch: [45] Total time: 0:00:08 (0.2425 s / it)
2026-08-21 02:19:17,244 [INFO] Qual: EPOCH[45] -> PLCC: 0.892082, SROCC: 0.818551, KROCC: 0.638570, LOSS: 0.202601
2026-08-21 02:19:17,244 [INFO] Align: EPOCH[45] -> PLCC: 0.819720, SROCC: 0.654932, KROCC: 0.476118, LOSS: 0.320641
2026-08-21 02:19:17,255 [INFO] Saving checkpoint at epoch 45 to run/20260821020_B0_frozen/checkpoint_latest.pth.
2026-08-21 02:19:17,268 [INFO] Start training
2026-08-21 02:19:17,554 [INFO] Start training epoch 46, 37 iters per inner epoch.
2026-08-21 02:19:27,387 [INFO] Averaged stats: lr: 0.000003  loss: 0.162951
2026-08-21 02:19:27,457 [INFO] Evaluating on val.
Train: data epoch: [46]  [ 0/37]  eta: 0:00:42  lr: 0.000003  loss: 0.1344  time: 1.1548  data: 0.0001  max mem: 1590
Train: data epoch: [46]  [20/37]  eta: 0:00:04  lr: 0.000003  loss: 0.1519  time: 0.2423  data: 0.0000  max mem: 1590
Train: data epoch: [46]  [36/37]  eta: 0:00:00  lr: 0.000003  loss: 0.1570  time: 0.2404  data: 0.0000  max mem: 1590
Train: data epoch: [46] Total time: 0:00:09 (0.2658 s / it)
2026-08-21 02:19:32,759 [INFO] Qual: EPOCH[46] -> PLCC: 0.892106, SROCC: 0.818634, KROCC: 0.638715, LOSS: 0.202584
2026-08-21 02:19:32,759 [INFO] Align: EPOCH[46] -> PLCC: 0.819750, SROCC: 0.654954, KROCC: 0.476118, LOSS: 0.320763
2026-08-21 02:19:32,760 [INFO] Start training
2026-08-21 02:19:33,059 [INFO] Start training epoch 47, 37 iters per inner epoch.
2026-08-21 02:19:41,366 [INFO] Averaged stats: lr: 0.000002  loss: 0.162699
2026-08-21 02:19:41,441 [INFO] Evaluating on val.
Train: data epoch: [47]  [ 0/37]  eta: 0:00:36  lr: 0.000002  loss: 0.1829  time: 0.9954  data: 0.0001  max mem: 1590
Train: data epoch: [47]  [20/37]  eta: 0:00:04  lr: 0.000002  loss: 0.1719  time: 0.2209  data: 0.0000  max mem: 1590
Train: data epoch: [47]  [36/37]  eta: 0:00:00  lr: 0.000002  loss: 0.1446  time: 0.1654  data: 0.0000  max mem: 1590
Train: data epoch: [47] Total time: 0:00:08 (0.2245 s / it)
2026-08-21 02:19:47,629 [INFO] Qual: EPOCH[47] -> PLCC: 0.892147, SROCC: 0.818704, KROCC: 0.638682, LOSS: 0.202877
2026-08-21 02:19:47,629 [INFO] Align: EPOCH[47] -> PLCC: 0.819774, SROCC: 0.654965, KROCC: 0.476084, LOSS: 0.320902
2026-08-21 02:19:47,630 [INFO] Start training
2026-08-21 02:19:47,879 [INFO] Start training epoch 48, 37 iters per inner epoch.
2026-08-21 02:19:57,421 [INFO] Averaged stats: lr: 0.000001  loss: 0.161542
2026-08-21 02:19:57,506 [INFO] Evaluating on val.
Train: data epoch: [48]  [ 0/37]  eta: 0:00:33  lr: 0.000001  loss: 0.1389  time: 0.9048  data: 0.0001  max mem: 1590
Train: data epoch: [48]  [20/37]  eta: 0:00:04  lr: 0.000001  loss: 0.1741  time: 0.2397  data: 0.0000  max mem: 1590
Train: data epoch: [48]  [36/37]  eta: 0:00:00  lr: 0.000001  loss: 0.1667  time: 0.2397  data: 0.0000  max mem: 1590
Train: data epoch: [48] Total time: 0:00:09 (0.2579 s / it)
2026-08-21 02:20:04,052 [INFO] Qual: EPOCH[48] -> PLCC: 0.892156, SROCC: 0.818728, KROCC: 0.638727, LOSS: 0.202827
2026-08-21 02:20:04,052 [INFO] Align: EPOCH[48] -> PLCC: 0.819770, SROCC: 0.655043, KROCC: 0.476185, LOSS: 0.320824
2026-08-21 02:20:04,053 [INFO] Start training
2026-08-21 02:20:04,327 [INFO] Start training epoch 49, 37 iters per inner epoch.
2026-08-21 02:20:13,255 [INFO] Averaged stats: lr: 0.000001  loss: 0.161043
2026-08-21 02:20:13,346 [INFO] Evaluating on val.
Train: data epoch: [49]  [ 0/37]  eta: 0:00:25  lr: 0.000001  loss: 0.1099  time: 0.6871  data: 0.0001  max mem: 1590
Train: data epoch: [49]  [20/37]  eta: 0:00:04  lr: 0.000001  loss: 0.1658  time: 0.2195  data: 0.0000  max mem: 1590
Train: data epoch: [49]  [36/37]  eta: 0:00:00  lr: 0.000001  loss: 0.2134  time: 0.2426  data: 0.0000  max mem: 1590
Train: data epoch: [49] Total time: 0:00:08 (0.2413 s / it)
2026-08-21 02:20:19,636 [INFO] Qual: EPOCH[49] -> PLCC: 0.892140, SROCC: 0.818678, KROCC: 0.638727, LOSS: 0.202739
2026-08-21 02:20:19,637 [INFO] Align: EPOCH[49] -> PLCC: 0.819750, SROCC: 0.655084, KROCC: 0.476219, LOSS: 0.320821
2026-08-21 02:20:19,648 [INFO] Saving checkpoint at epoch 49 to run/20260821020_B0_frozen/checkpoint_latest.pth.
[{'agg_metrics': np.float64(4.304032888579389), 'qual_agg': np.float64(2.350725365703779), 'qual_PLCC': np.float64(0.892311505628786), 'qual_SROCC': np.float64(0.8191156781217209), 'qual_KROCC': np.float64(0.6392981819532724), 'align_agg': np.float64(1.95330752287561), 'align_PLCC': np.float64(0.8205764407497), 'align_SROCC': np.float64(0.6556159411582146), 'align_KROCC': np.float64(0.47711514096769536)}]
{'agg_metrics': np.float64(4.304032888579389), 'qual_agg': np.float64(2.350725365703779), 'qual_PLCC': np.float64(0.892311505628786), 'qual_SROCC': np.float64(0.8191156781217209), 'qual_KROCC': np.float64(0.6392981819532724), 'align_agg': np.float64(1.95330752287561), 'align_PLCC': np.float64(0.8205764407497), 'align_SROCC': np.float64(0.6556159411582146), 'align_KROCC': np.float64(0.47711514096769536)}
