2026-08-21 00:43:30,601 [INFO] Start training
2026-08-21 00:43:31,632 [INFO] number of trainable parameters: 1633413
Not using distributed mode
['msqr_dgmpq_dphcmi_v8']
2026-08-21 00:43:32,509 [INFO] Start training epoch 0, 37 iters per inner epoch.
2026-08-21 00:43:54,293 [INFO] Averaged stats: lr: 0.000036  loss: 7.055637
2026-08-21 00:43:54,379 [INFO] gates: {"epoch": 0, "raw_quality_ratio": 6.1272, "quality_ratio": 0.0699, "lambda_q": 0.0115, "deviation_mean": 1.0041, "deviation_std": 0.0681, "patch_w_mean": 0.4911, "patch_w_std": 0.0143}
2026-08-21 00:43:54,379 [INFO] Evaluating on val.
Train: data epoch: [0]  [ 0/37]  eta: 0:02:06  lr: 0.000000  loss: 7.1232  time: 3.4145  data: 0.0001  max mem: 5146
Train: data epoch: [0]  [20/37]  eta: 0:00:11  lr: 0.000040  loss: 7.7137  time: 0.5302  data: 0.0000  max mem: 5159
Train: data epoch: [0]  [36/37]  eta: 0:00:00  lr: 0.000072  loss: 6.1747  time: 0.5025  data: 0.0000  max mem: 5159
Train: data epoch: [0] Total time: 0:00:21 (0.5887 s / it)
2026-08-21 00:44:00,009 [INFO] Qual: EPOCH[0] -> PLCC: -0.150798, SROCC: -0.107547, KROCC: -0.071480, LOSS: 6.626285
2026-08-21 00:44:00,010 [INFO] Align: EPOCH[0] -> PLCC: -0.112120, SROCC: -0.101424, KROCC: -0.066563, LOSS: 6.258595
2026-08-21 00:44:00,025 [INFO] Saving checkpoint at epoch 0 to run/20260821004_B1_dgmpq/checkpoint_best.pth.
2026-08-21 00:44:00,088 [INFO] Saving checkpoint at epoch 0 to run/20260821004_B1_dgmpq/checkpoint_best_joint.pth.
2026-08-21 00:44:00,148 [INFO] Saving checkpoint at epoch 0 to run/20260821004_B1_dgmpq/checkpoint_latest.pth.
2026-08-21 00:44:00,196 [INFO] Start training
2026-08-21 00:44:00,499 [INFO] Start training epoch 1, 37 iters per inner epoch.
2026-08-21 00:44:19,902 [INFO] Averaged stats: lr: 0.000100  loss: 3.294979
2026-08-21 00:44:20,044 [INFO] gates: {"epoch": 1, "raw_quality_ratio": 2.3542, "quality_ratio": 0.0387, "lambda_q": 0.0165, "deviation_mean": 1.0352, "deviation_std": 0.0813, "patch_w_mean": 0.5332, "patch_w_std": 0.0235}
2026-08-21 00:44:20,044 [INFO] Evaluating on val.
Train: data epoch: [1]  [ 0/37]  eta: 0:00:48  lr: 0.000100  loss: 6.6150  time: 1.3049  data: 0.0001  max mem: 5159
Train: data epoch: [1]  [20/37]  eta: 0:00:09  lr: 0.000100  loss: 2.8454  time: 0.5211  data: 0.0000  max mem: 5159
Train: data epoch: [1]  [36/37]  eta: 0:00:00  lr: 0.000100  loss: 0.9296  time: 0.4923  data: 0.0000  max mem: 5159
Train: data epoch: [1] Total time: 0:00:19 (0.5244 s / it)
2026-08-21 00:44:25,982 [INFO] Qual: EPOCH[1] -> PLCC: 0.256260, SROCC: 0.260643, KROCC: 0.176075, LOSS: 0.961547
2026-08-21 00:44:25,982 [INFO] Align: EPOCH[1] -> PLCC: 0.262800, SROCC: 0.278448, KROCC: 0.190992, LOSS: 0.920544
2026-08-21 00:44:25,995 [INFO] Saving checkpoint at epoch 1 to run/20260821004_B1_dgmpq/checkpoint_best.pth.
2026-08-21 00:44:26,052 [INFO] Saving checkpoint at epoch 1 to run/20260821004_B1_dgmpq/checkpoint_best_joint.pth.
2026-08-21 00:44:26,092 [INFO] Start training
2026-08-21 00:44:26,373 [INFO] Start training epoch 2, 37 iters per inner epoch.
2026-08-21 00:44:45,578 [INFO] Averaged stats: lr: 0.000099  loss: 0.791550
2026-08-21 00:44:45,688 [INFO] gates: {"epoch": 2, "raw_quality_ratio": 2.4342, "quality_ratio": 0.0405, "lambda_q": 0.0166, "deviation_mean": 1.0307, "deviation_std": 0.0581, "patch_w_mean": 0.5382, "patch_w_std": 0.0189}
2026-08-21 00:44:45,689 [INFO] Evaluating on val.
Train: data epoch: [2]  [ 0/37]  eta: 0:00:37  lr: 0.000099  loss: 1.2481  time: 1.0217  data: 0.0001  max mem: 5159
Train: data epoch: [2]  [20/37]  eta: 0:00:09  lr: 0.000099  loss: 0.7860  time: 0.5079  data: 0.0000  max mem: 5159
Train: data epoch: [2]  [36/37]  eta: 0:00:00  lr: 0.000099  loss: 0.5016  time: 0.5080  data: 0.0000  max mem: 5159
Train: data epoch: [2] Total time: 0:00:19 (0.5190 s / it)
2026-08-21 00:44:51,674 [INFO] Qual: EPOCH[2] -> PLCC: 0.712724, SROCC: 0.665743, KROCC: 0.481846, LOSS: 0.534531
2026-08-21 00:44:51,674 [INFO] Align: EPOCH[2] -> PLCC: 0.642954, SROCC: 0.571909, KROCC: 0.402471, LOSS: 0.597824
2026-08-21 00:44:51,690 [INFO] Saving checkpoint at epoch 2 to run/20260821004_B1_dgmpq/checkpoint_best.pth.
2026-08-21 00:44:51,771 [INFO] Saving checkpoint at epoch 2 to run/20260821004_B1_dgmpq/checkpoint_best_joint.pth.
2026-08-21 00:44:51,835 [INFO] Start training
2026-08-21 00:44:52,155 [INFO] Start training epoch 3, 37 iters per inner epoch.
2026-08-21 00:45:11,328 [INFO] Averaged stats: lr: 0.000098  loss: 0.434123
2026-08-21 00:45:11,410 [INFO] gates: {"epoch": 3, "raw_quality_ratio": 2.5819, "quality_ratio": 0.0445, "lambda_q": 0.0173, "deviation_mean": 1.1717, "deviation_std": 0.1626, "patch_w_mean": 0.4808, "patch_w_std": 0.0234}
2026-08-21 00:45:11,411 [INFO] Evaluating on val.
Train: data epoch: [3]  [ 0/37]  eta: 0:00:48  lr: 0.000098  loss: 0.5513  time: 1.3241  data: 0.0001  max mem: 5159
Train: data epoch: [3]  [20/37]  eta: 0:00:09  lr: 0.000098  loss: 0.3776  time: 0.5266  data: 0.0000  max mem: 5159
Train: data epoch: [3]  [36/37]  eta: 0:00:00  lr: 0.000098  loss: 0.3212  time: 0.4706  data: 0.0000  max mem: 5159
Train: data epoch: [3] Total time: 0:00:19 (0.5182 s / it)
2026-08-21 00:45:18,684 [INFO] Qual: EPOCH[3] -> PLCC: 0.853498, SROCC: 0.758015, KROCC: 0.571130, LOSS: 0.272823
2026-08-21 00:45:18,685 [INFO] Align: EPOCH[3] -> PLCC: 0.774548, SROCC: 0.623943, KROCC: 0.448950, LOSS: 0.383830
2026-08-21 00:45:18,699 [INFO] Saving checkpoint at epoch 3 to run/20260821004_B1_dgmpq/checkpoint_best.pth.
2026-08-21 00:45:18,773 [INFO] Saving checkpoint at epoch 3 to run/20260821004_B1_dgmpq/checkpoint_best_joint.pth.
2026-08-21 00:45:18,827 [INFO] Start training
2026-08-21 00:45:19,109 [INFO] Start training epoch 4, 37 iters per inner epoch.
2026-08-21 00:45:37,195 [INFO] Averaged stats: lr: 0.000096  loss: 0.285342
2026-08-21 00:45:37,490 [INFO] gates: {"epoch": 4, "raw_quality_ratio": 2.635, "quality_ratio": 0.0471, "lambda_q": 0.0179, "deviation_mean": 1.2098, "deviation_std": 0.1255, "patch_w_mean": 0.4605, "patch_w_std": 0.0274}
2026-08-21 00:45:37,491 [INFO] Evaluating on val.
Train: data epoch: [4]  [ 0/37]  eta: 0:00:51  lr: 0.000096  loss: 0.3006  time: 1.3921  data: 0.0001  max mem: 5159
Train: data epoch: [4]  [20/37]  eta: 0:00:08  lr: 0.000096  loss: 0.2405  time: 0.4800  data: 0.0000  max mem: 5159
Train: data epoch: [4]  [36/37]  eta: 0:00:00  lr: 0.000096  loss: 0.2349  time: 0.4124  data: 0.0000  max mem: 5159
Train: data epoch: [4] Total time: 0:00:18 (0.4888 s / it)
2026-08-21 00:45:44,794 [INFO] Qual: EPOCH[4] -> PLCC: 0.882645, SROCC: 0.795830, KROCC: 0.607534, LOSS: 0.220990
2026-08-21 00:45:44,794 [INFO] Align: EPOCH[4] -> PLCC: 0.812380, SROCC: 0.650313, KROCC: 0.474313, LOSS: 0.324580
2026-08-21 00:45:44,810 [INFO] Saving checkpoint at epoch 4 to run/20260821004_B1_dgmpq/checkpoint_best.pth.
2026-08-21 00:45:44,891 [INFO] Saving checkpoint at epoch 4 to run/20260821004_B1_dgmpq/checkpoint_best_joint.pth.
2026-08-21 00:45:44,945 [INFO] Start training
2026-08-21 00:45:45,253 [INFO] Start training epoch 5, 37 iters per inner epoch.
2026-08-21 00:46:03,362 [INFO] Averaged stats: lr: 0.000093  loss: 0.247044
2026-08-21 00:46:03,462 [INFO] gates: {"epoch": 5, "raw_quality_ratio": 2.4916, "quality_ratio": 0.0457, "lambda_q": 0.0184, "deviation_mean": 1.2431, "deviation_std": 0.1263, "patch_w_mean": 0.4384, "patch_w_std": 0.0426}
2026-08-21 00:46:03,463 [INFO] Evaluating on val.
Train: data epoch: [5]  [ 0/37]  eta: 0:00:53  lr: 0.000093  loss: 0.3171  time: 1.4409  data: 0.0001  max mem: 5159
Train: data epoch: [5]  [20/37]  eta: 0:00:08  lr: 0.000093  loss: 0.2108  time: 0.4434  data: 0.0000  max mem: 5159
Train: data epoch: [5]  [36/37]  eta: 0:00:00  lr: 0.000093  loss: 0.2180  time: 0.4984  data: 0.0000  max mem: 5159
Train: data epoch: [5] Total time: 0:00:18 (0.4894 s / it)
2026-08-21 00:46:09,837 [INFO] Qual: EPOCH[5] -> PLCC: 0.891848, SROCC: 0.820535, KROCC: 0.632046, LOSS: 0.215708
2026-08-21 00:46:09,837 [INFO] Align: EPOCH[5] -> PLCC: 0.820855, SROCC: 0.666615, KROCC: 0.490273, LOSS: 0.312633
2026-08-21 00:46:09,849 [INFO] Saving checkpoint at epoch 5 to run/20260821004_B1_dgmpq/checkpoint_best.pth.
2026-08-21 00:46:09,905 [INFO] Saving checkpoint at epoch 5 to run/20260821004_B1_dgmpq/checkpoint_best_joint.pth.
2026-08-21 00:46:09,948 [INFO] Start training
2026-08-21 00:46:10,232 [INFO] Start training epoch 6, 37 iters per inner epoch.
2026-08-21 00:46:27,032 [INFO] Averaged stats: lr: 0.000091  loss: 0.231335
2026-08-21 00:46:27,131 [INFO] gates: {"epoch": 6, "raw_quality_ratio": 2.5377, "quality_ratio": 0.0477, "lambda_q": 0.0188, "deviation_mean": 1.2824, "deviation_std": 0.1559, "patch_w_mean": 0.4145, "patch_w_std": 0.0706}
2026-08-21 00:46:27,132 [INFO] Evaluating on val.
Train: data epoch: [6]  [ 0/37]  eta: 0:00:43  lr: 0.000091  loss: 0.2133  time: 1.1625  data: 0.0001  max mem: 5159
Train: data epoch: [6]  [20/37]  eta: 0:00:08  lr: 0.000091  loss: 0.1764  time: 0.4617  data: 0.0000  max mem: 5159
Train: data epoch: [6]  [36/37]  eta: 0:00:00  lr: 0.000091  loss: 0.2686  time: 0.4387  data: 0.0000  max mem: 5159
Train: data epoch: [6] Total time: 0:00:16 (0.4540 s / it)
2026-08-21 00:46:33,877 [INFO] Qual: EPOCH[6] -> PLCC: 0.896015, SROCC: 0.826877, KROCC: 0.639164, LOSS: 0.217434
2026-08-21 00:46:33,877 [INFO] Align: EPOCH[6] -> PLCC: 0.824982, SROCC: 0.675766, KROCC: 0.497737, LOSS: 0.308208
2026-08-21 00:46:33,892 [INFO] Saving checkpoint at epoch 6 to run/20260821004_B1_dgmpq/checkpoint_best.pth.
2026-08-21 00:46:33,956 [INFO] Saving checkpoint at epoch 6 to run/20260821004_B1_dgmpq/checkpoint_best_joint.pth.
2026-08-21 00:46:34,005 [INFO] Start training
2026-08-21 00:46:34,294 [INFO] Start training epoch 7, 37 iters per inner epoch.
2026-08-21 00:46:52,681 [INFO] Averaged stats: lr: 0.000087  loss: 0.218057
2026-08-21 00:46:52,786 [INFO] gates: {"epoch": 7, "raw_quality_ratio": 2.6048, "quality_ratio": 0.0501, "lambda_q": 0.0193, "deviation_mean": 1.327, "deviation_std": 0.1678, "patch_w_mean": 0.3767, "patch_w_std": 0.0913}
2026-08-21 00:46:52,787 [INFO] Evaluating on val.
Train: data epoch: [7]  [ 0/37]  eta: 0:00:44  lr: 0.000087  loss: 0.2361  time: 1.2011  data: 0.0001  max mem: 5159
Train: data epoch: [7]  [20/37]  eta: 0:00:08  lr: 0.000087  loss: 0.2252  time: 0.4687  data: 0.0000  max mem: 5159
Train: data epoch: [7]  [36/37]  eta: 0:00:00  lr: 0.000087  loss: 0.2414  time: 0.4994  data: 0.0000  max mem: 5159
Train: data epoch: [7] Total time: 0:00:18 (0.4969 s / it)
2026-08-21 00:46:59,326 [INFO] Qual: EPOCH[7] -> PLCC: 0.898070, SROCC: 0.830214, KROCC: 0.642918, LOSS: 0.202056
2026-08-21 00:46:59,326 [INFO] Align: EPOCH[7] -> PLCC: 0.830223, SROCC: 0.682488, KROCC: 0.504193, LOSS: 0.295324
2026-08-21 00:46:59,339 [INFO] Saving checkpoint at epoch 7 to run/20260821004_B1_dgmpq/checkpoint_best.pth.
2026-08-21 00:46:59,405 [INFO] Saving checkpoint at epoch 7 to run/20260821004_B1_dgmpq/checkpoint_best_joint.pth.
2026-08-21 00:46:59,456 [INFO] Start training
2026-08-21 00:46:59,743 [INFO] Start training epoch 8, 37 iters per inner epoch.
2026-08-21 00:47:18,278 [INFO] Averaged stats: lr: 0.000084  loss: 0.207391
2026-08-21 00:47:18,385 [INFO] gates: {"epoch": 8, "raw_quality_ratio": 2.671, "quality_ratio": 0.0527, "lambda_q": 0.0198, "deviation_mean": 1.3316, "deviation_std": 0.1632, "patch_w_mean": 0.3578, "patch_w_std": 0.1066}
2026-08-21 00:47:18,385 [INFO] Evaluating on val.
Train: data epoch: [8]  [ 0/37]  eta: 0:00:49  lr: 0.000084  loss: 0.1834  time: 1.3476  data: 0.0001  max mem: 5159
Train: data epoch: [8]  [20/37]  eta: 0:00:09  lr: 0.000084  loss: 0.2084  time: 0.4993  data: 0.0000  max mem: 5159
Train: data epoch: [8]  [36/37]  eta: 0:00:00  lr: 0.000084  loss: 0.2023  time: 0.4793  data: 0.0000  max mem: 5159
Train: data epoch: [8] Total time: 0:00:18 (0.5009 s / it)
2026-08-21 00:47:24,726 [INFO] Qual: EPOCH[8] -> PLCC: 0.900639, SROCC: 0.834253, KROCC: 0.647592, LOSS: 0.190004
2026-08-21 00:47:24,726 [INFO] Align: EPOCH[8] -> PLCC: 0.833592, SROCC: 0.689484, KROCC: 0.510750, LOSS: 0.289438
2026-08-21 00:47:24,739 [INFO] Saving checkpoint at epoch 8 to run/20260821004_B1_dgmpq/checkpoint_best.pth.
2026-08-21 00:47:24,806 [INFO] Saving checkpoint at epoch 8 to run/20260821004_B1_dgmpq/checkpoint_best_joint.pth.
2026-08-21 00:47:24,858 [INFO] Start training
2026-08-21 00:47:25,128 [INFO] Start training epoch 9, 37 iters per inner epoch.
2026-08-21 00:47:43,821 [INFO] Averaged stats: lr: 0.000080  loss: 0.197575
2026-08-21 00:47:43,997 [INFO] gates: {"epoch": 9, "raw_quality_ratio": 2.5229, "quality_ratio": 0.0512, "lambda_q": 0.0203, "deviation_mean": 1.3319, "deviation_std": 0.1623, "patch_w_mean": 0.3253, "patch_w_std": 0.121}
2026-08-21 00:47:43,997 [INFO] Evaluating on val.
Train: data epoch: [9]  [ 0/37]  eta: 0:00:39  lr: 0.000080  loss: 0.1806  time: 1.0664  data: 0.0001  max mem: 5159
Train: data epoch: [9]  [20/37]  eta: 0:00:08  lr: 0.000080  loss: 0.1988  time: 0.5005  data: 0.0000  max mem: 5159
Train: data epoch: [9]  [36/37]  eta: 0:00:00  lr: 0.000080  loss: 0.1580  time: 0.4930  data: 0.0000  max mem: 5159
Train: data epoch: [9] Total time: 0:00:18 (0.5052 s / it)
2026-08-21 00:47:51,325 [INFO] Qual: EPOCH[9] -> PLCC: 0.903314, SROCC: 0.838592, KROCC: 0.653443, LOSS: 0.181916
2026-08-21 00:47:51,326 [INFO] Align: EPOCH[9] -> PLCC: 0.836237, SROCC: 0.696565, KROCC: 0.516645, LOSS: 0.285125
2026-08-21 00:47:51,341 [INFO] Saving checkpoint at epoch 9 to run/20260821004_B1_dgmpq/checkpoint_best.pth.
2026-08-21 00:47:51,412 [INFO] Saving checkpoint at epoch 9 to run/20260821004_B1_dgmpq/checkpoint_best_joint.pth.
2026-08-21 00:47:51,463 [INFO] Start training
2026-08-21 00:47:51,765 [INFO] Start training epoch 10, 37 iters per inner epoch.
2026-08-21 00:48:10,168 [INFO] Averaged stats: lr: 0.000075  loss: 0.189299
2026-08-21 00:48:10,269 [INFO] gates: {"epoch": 10, "raw_quality_ratio": 2.7978, "quality_ratio": 0.0587, "lambda_q": 0.021, "deviation_mean": 1.3526, "deviation_std": 0.1632, "patch_w_mean": 0.3175, "patch_w_std": 0.1204}
2026-08-21 00:48:10,269 [INFO] Evaluating on val.
Train: data epoch: [10]  [ 0/37]  eta: 0:00:31  lr: 0.000075  loss: 0.2464  time: 0.8435  data: 0.0001  max mem: 5159
Train: data epoch: [10]  [20/37]  eta: 0:00:08  lr: 0.000075  loss: 0.1903  time: 0.4707  data: 0.0000  max mem: 5159
Train: data epoch: [10]  [36/37]  eta: 0:00:00  lr: 0.000075  loss: 0.1869  time: 0.4869  data: 0.0000  max mem: 5159
Train: data epoch: [10] Total time: 0:00:18 (0.4974 s / it)
2026-08-21 00:48:16,674 [INFO] Qual: EPOCH[10] -> PLCC: 0.904818, SROCC: 0.840317, KROCC: 0.655281, LOSS: 0.187201
2026-08-21 00:48:16,675 [INFO] Align: EPOCH[10] -> PLCC: 0.837189, SROCC: 0.697634, KROCC: 0.517407, LOSS: 0.286178
2026-08-21 00:48:16,689 [INFO] Saving checkpoint at epoch 10 to run/20260821004_B1_dgmpq/checkpoint_best.pth.
2026-08-21 00:48:16,756 [INFO] Saving checkpoint at epoch 10 to run/20260821004_B1_dgmpq/checkpoint_best_joint.pth.
2026-08-21 00:48:16,810 [INFO] Start training
2026-08-21 00:48:17,097 [INFO] Start training epoch 11, 37 iters per inner epoch.
2026-08-21 00:48:36,413 [INFO] Averaged stats: lr: 0.000071  loss: 0.178583
2026-08-21 00:48:36,515 [INFO] gates: {"epoch": 11, "raw_quality_ratio": 2.5935, "quality_ratio": 0.0561, "lambda_q": 0.0216, "deviation_mean": 1.2451, "deviation_std": 0.1617, "patch_w_mean": 0.2941, "patch_w_std": 0.1214}
2026-08-21 00:48:36,515 [INFO] Evaluating on val.
Train: data epoch: [11]  [ 0/37]  eta: 0:00:41  lr: 0.000071  loss: 0.1546  time: 1.1273  data: 0.0001  max mem: 5159
Train: data epoch: [11]  [20/37]  eta: 0:00:08  lr: 0.000071  loss: 0.1337  time: 0.4979  data: 0.0000  max mem: 5159
Train: data epoch: [11]  [36/37]  eta: 0:00:00  lr: 0.000071  loss: 0.1650  time: 0.5157  data: 0.0000  max mem: 5159
Train: data epoch: [11] Total time: 0:00:19 (0.5221 s / it)
2026-08-21 00:48:43,105 [INFO] Qual: EPOCH[11] -> PLCC: 0.906344, SROCC: 0.842091, KROCC: 0.658139, LOSS: 0.189282
2026-08-21 00:48:43,106 [INFO] Align: EPOCH[11] -> PLCC: 0.837737, SROCC: 0.699156, KROCC: 0.518830, LOSS: 0.284063
2026-08-21 00:48:43,121 [INFO] Saving checkpoint at epoch 11 to run/20260821004_B1_dgmpq/checkpoint_best.pth.
2026-08-21 00:48:43,202 [INFO] Saving checkpoint at epoch 11 to run/20260821004_B1_dgmpq/checkpoint_best_joint.pth.
2026-08-21 00:48:43,266 [INFO] Start training
2026-08-21 00:48:43,578 [INFO] Start training epoch 12, 37 iters per inner epoch.
2026-08-21 00:49:01,545 [INFO] Averaged stats: lr: 0.000066  loss: 0.172998
2026-08-21 00:49:01,633 [INFO] gates: {"epoch": 12, "raw_quality_ratio": 2.514, "quality_ratio": 0.056, "lambda_q": 0.0223, "deviation_mean": 1.3273, "deviation_std": 0.1615, "patch_w_mean": 0.2696, "patch_w_std": 0.123}
2026-08-21 00:49:01,633 [INFO] Evaluating on val.
Train: data epoch: [12]  [ 0/37]  eta: 0:00:37  lr: 0.000066  loss: 0.2066  time: 1.0186  data: 0.0001  max mem: 5159
Train: data epoch: [12]  [20/37]  eta: 0:00:07  lr: 0.000066  loss: 0.1617  time: 0.4285  data: 0.0000  max mem: 5159
Train: data epoch: [12]  [36/37]  eta: 0:00:00  lr: 0.000066  loss: 0.1410  time: 0.5109  data: 0.0000  max mem: 5159
Train: data epoch: [12] Total time: 0:00:17 (0.4856 s / it)
2026-08-21 00:49:08,665 [INFO] Qual: EPOCH[12] -> PLCC: 0.907250, SROCC: 0.842978, KROCC: 0.659338, LOSS: 0.180428
2026-08-21 00:49:08,665 [INFO] Align: EPOCH[12] -> PLCC: 0.839528, SROCC: 0.700856, KROCC: 0.519727, LOSS: 0.283264
2026-08-21 00:49:08,680 [INFO] Saving checkpoint at epoch 12 to run/20260821004_B1_dgmpq/checkpoint_best.pth.
2026-08-21 00:49:08,753 [INFO] Saving checkpoint at epoch 12 to run/20260821004_B1_dgmpq/checkpoint_best_joint.pth.
2026-08-21 00:49:08,817 [INFO] Start training
2026-08-21 00:49:09,145 [INFO] Start training epoch 13, 37 iters per inner epoch.
2026-08-21 00:49:28,840 [INFO] Averaged stats: lr: 0.000061  loss: 0.165358
2026-08-21 00:49:28,942 [INFO] gates: {"epoch": 13, "raw_quality_ratio": 2.6336, "quality_ratio": 0.0603, "lambda_q": 0.0229, "deviation_mean": 1.2954, "deviation_std": 0.1721, "patch_w_mean": 0.2561, "patch_w_std": 0.1243}
2026-08-21 00:49:28,943 [INFO] Evaluating on val.
Train: data epoch: [13]  [ 0/37]  eta: 0:00:54  lr: 0.000061  loss: 0.1430  time: 1.4667  data: 0.0001  max mem: 5159
Train: data epoch: [13]  [20/37]  eta: 0:00:09  lr: 0.000061  loss: 0.1480  time: 0.4978  data: 0.0000  max mem: 5159
Train: data epoch: [13]  [36/37]  eta: 0:00:00  lr: 0.000061  loss: 0.2110  time: 0.5181  data: 0.0000  max mem: 5159
Train: data epoch: [13] Total time: 0:00:19 (0.5323 s / it)
2026-08-21 00:49:34,464 [INFO] Qual: EPOCH[13] -> PLCC: 0.909285, SROCC: 0.847526, KROCC: 0.664584, LOSS: 0.182084
2026-08-21 00:49:34,464 [INFO] Align: EPOCH[13] -> PLCC: 0.839994, SROCC: 0.703068, KROCC: 0.521666, LOSS: 0.283909
2026-08-21 00:49:34,479 [INFO] Saving checkpoint at epoch 13 to run/20260821004_B1_dgmpq/checkpoint_best.pth.
2026-08-21 00:49:34,560 [INFO] Saving checkpoint at epoch 13 to run/20260821004_B1_dgmpq/checkpoint_best_joint.pth.
2026-08-21 00:49:34,623 [INFO] Start training
2026-08-21 00:49:34,940 [INFO] Start training epoch 14, 37 iters per inner epoch.
2026-08-21 00:49:54,659 [INFO] Averaged stats: lr: 0.000056  loss: 0.161831
2026-08-21 00:49:54,753 [INFO] gates: {"epoch": 14, "raw_quality_ratio": 2.4393, "quality_ratio": 0.0574, "lambda_q": 0.0236, "deviation_mean": 1.2591, "deviation_std": 0.1687, "patch_w_mean": 0.2313, "patch_w_std": 0.1239}
2026-08-21 00:49:54,753 [INFO] Evaluating on val.
Train: data epoch: [14]  [ 0/37]  eta: 0:00:49  lr: 0.000056  loss: 0.1660  time: 1.3347  data: 0.0001  max mem: 5159
Train: data epoch: [14]  [20/37]  eta: 0:00:09  lr: 0.000056  loss: 0.2437  time: 0.5115  data: 0.0000  max mem: 5159
Train: data epoch: [14]  [36/37]  eta: 0:00:00  lr: 0.000056  loss: 0.1299  time: 0.5231  data: 0.0000  max mem: 5159
Train: data epoch: [14] Total time: 0:00:19 (0.5329 s / it)
2026-08-21 00:50:00,924 [INFO] Qual: EPOCH[14] -> PLCC: 0.909823, SROCC: 0.847059, KROCC: 0.664147, LOSS: 0.172530
2026-08-21 00:50:00,924 [INFO] Align: EPOCH[14] -> PLCC: 0.841606, SROCC: 0.703813, KROCC: 0.521688, LOSS: 0.278612
2026-08-21 00:50:00,936 [INFO] Saving checkpoint at epoch 14 to run/20260821004_B1_dgmpq/checkpoint_best.pth.
2026-08-21 00:50:00,993 [INFO] Saving checkpoint at epoch 14 to run/20260821004_B1_dgmpq/checkpoint_best_joint.pth.
2026-08-21 00:50:01,037 [INFO] Start training
2026-08-21 00:50:01,347 [INFO] Start training epoch 15, 37 iters per inner epoch.
2026-08-21 00:50:19,678 [INFO] Averaged stats: lr: 0.000050  loss: 0.151884
2026-08-21 00:50:19,798 [INFO] gates: {"epoch": 15, "raw_quality_ratio": 2.6087, "quality_ratio": 0.063, "lambda_q": 0.0242, "deviation_mean": 1.2128, "deviation_std": 0.1714, "patch_w_mean": 0.2215, "patch_w_std": 0.1223}
2026-08-21 00:50:19,798 [INFO] Evaluating on val.
Train: data epoch: [15]  [ 0/37]  eta: 0:00:43  lr: 0.000051  loss: 0.1337  time: 1.1793  data: 0.0001  max mem: 5159
Train: data epoch: [15]  [20/37]  eta: 0:00:08  lr: 0.000051  loss: 0.1631  time: 0.4508  data: 0.0000  max mem: 5159
Train: data epoch: [15]  [36/37]  eta: 0:00:00  lr: 0.000051  loss: 0.1139  time: 0.5154  data: 0.0000  max mem: 5159
Train: data epoch: [15] Total time: 0:00:18 (0.4954 s / it)
2026-08-21 00:50:26,149 [INFO] Qual: EPOCH[15] -> PLCC: 0.908986, SROCC: 0.845344, KROCC: 0.662533, LOSS: 0.171915
2026-08-21 00:50:26,149 [INFO] Align: EPOCH[15] -> PLCC: 0.841836, SROCC: 0.701064, KROCC: 0.519077, LOSS: 0.281520
2026-08-21 00:50:26,163 [INFO] Saving checkpoint at epoch 15 to run/20260821004_B1_dgmpq/checkpoint_latest.pth.
2026-08-21 00:50:26,222 [INFO] Start training
2026-08-21 00:50:26,543 [INFO] Start training epoch 16, 37 iters per inner epoch.
2026-08-21 00:50:45,031 [INFO] Averaged stats: lr: 0.000045  loss: 0.148665
2026-08-21 00:50:45,139 [INFO] gates: {"epoch": 16, "raw_quality_ratio": 2.4148, "quality_ratio": 0.0596, "lambda_q": 0.0247, "deviation_mean": 1.2376, "deviation_std": 0.1635, "patch_w_mean": 0.1935, "patch_w_std": 0.12}
2026-08-21 00:50:45,139 [INFO] Evaluating on val.
Train: data epoch: [16]  [ 0/37]  eta: 0:00:45  lr: 0.000045  loss: 0.1407  time: 1.2201  data: 0.0001  max mem: 5159
Train: data epoch: [16]  [20/37]  eta: 0:00:08  lr: 0.000045  loss: 0.1312  time: 0.4531  data: 0.0000  max mem: 5159
Train: data epoch: [16]  [36/37]  eta: 0:00:00  lr: 0.000045  loss: 0.1432  time: 0.5128  data: 0.0000  max mem: 5159
Train: data epoch: [16] Total time: 0:00:18 (0.4997 s / it)
2026-08-21 00:50:51,138 [INFO] Qual: EPOCH[16] -> PLCC: 0.911368, SROCC: 0.848975, KROCC: 0.666702, LOSS: 0.170091
2026-08-21 00:50:51,139 [INFO] Align: EPOCH[16] -> PLCC: 0.843088, SROCC: 0.704938, KROCC: 0.522966, LOSS: 0.276936
2026-08-21 00:50:51,151 [INFO] Saving checkpoint at epoch 16 to run/20260821004_B1_dgmpq/checkpoint_best.pth.
2026-08-21 00:50:51,232 [INFO] Saving checkpoint at epoch 16 to run/20260821004_B1_dgmpq/checkpoint_best_joint.pth.
2026-08-21 00:50:51,286 [INFO] Start training
2026-08-21 00:50:51,583 [INFO] Start training epoch 17, 37 iters per inner epoch.
2026-08-21 00:51:11,171 [INFO] Averaged stats: lr: 0.000040  loss: 0.144836
2026-08-21 00:51:11,266 [INFO] gates: {"epoch": 17, "raw_quality_ratio": 2.3787, "quality_ratio": 0.06, "lambda_q": 0.0252, "deviation_mean": 1.24, "deviation_std": 0.1651, "patch_w_mean": 0.182, "patch_w_std": 0.1156}
2026-08-21 00:51:11,266 [INFO] Evaluating on val.
Train: data epoch: [17]  [ 0/37]  eta: 0:00:44  lr: 0.000040  loss: 0.1311  time: 1.2125  data: 0.0001  max mem: 5159
Train: data epoch: [17]  [20/37]  eta: 0:00:09  lr: 0.000040  loss: 0.1104  time: 0.5025  data: 0.0000  max mem: 5159
Train: data epoch: [17]  [36/37]  eta: 0:00:00  lr: 0.000040  loss: 0.1133  time: 0.5312  data: 0.0000  max mem: 5159
Train: data epoch: [17] Total time: 0:00:19 (0.5294 s / it)
2026-08-21 00:51:17,468 [INFO] Qual: EPOCH[17] -> PLCC: 0.912251, SROCC: 0.850603, KROCC: 0.668731, LOSS: 0.168533
2026-08-21 00:51:17,468 [INFO] Align: EPOCH[17] -> PLCC: 0.843013, SROCC: 0.705113, KROCC: 0.522977, LOSS: 0.279590
2026-08-21 00:51:17,483 [INFO] Saving checkpoint at epoch 17 to run/20260821004_B1_dgmpq/checkpoint_best.pth.
2026-08-21 00:51:17,563 [INFO] Saving checkpoint at epoch 17 to run/20260821004_B1_dgmpq/checkpoint_best_joint.pth.
2026-08-21 00:51:17,626 [INFO] Start training
2026-08-21 00:51:17,932 [INFO] Start training epoch 18, 37 iters per inner epoch.
2026-08-21 00:51:31,994 [INFO] Averaged stats: lr: 0.000035  loss: 0.139077
2026-08-21 00:51:32,148 [INFO] gates: {"epoch": 18, "raw_quality_ratio": 2.5797, "quality_ratio": 0.0663, "lambda_q": 0.0257, "deviation_mean": 1.2053, "deviation_std": 0.1754, "patch_w_mean": 0.1721, "patch_w_std": 0.1102}
2026-08-21 00:51:32,149 [INFO] Evaluating on val.
Train: data epoch: [18]  [ 0/37]  eta: 0:00:46  lr: 0.000035  loss: 0.1126  time: 1.2622  data: 0.0001  max mem: 5159
Train: data epoch: [18]  [20/37]  eta: 0:00:06  lr: 0.000035  loss: 0.1398  time: 0.3432  data: 0.0000  max mem: 5159
Train: data epoch: [18]  [36/37]  eta: 0:00:00  lr: 0.000035  loss: 0.1101  time: 0.3702  data: 0.0000  max mem: 5159
Train: data epoch: [18] Total time: 0:00:14 (0.3800 s / it)
2026-08-21 00:51:38,076 [INFO] Qual: EPOCH[18] -> PLCC: 0.911487, SROCC: 0.849935, KROCC: 0.668066, LOSS: 0.166433
2026-08-21 00:51:38,077 [INFO] Align: EPOCH[18] -> PLCC: 0.843093, SROCC: 0.703911, KROCC: 0.521935, LOSS: 0.279538
2026-08-21 00:51:38,077 [INFO] Start training
2026-08-21 00:51:38,364 [INFO] Start training epoch 19, 37 iters per inner epoch.
2026-08-21 00:51:58,356 [INFO] Averaged stats: lr: 0.000030  loss: 0.138521
2026-08-21 00:51:58,456 [INFO] gates: {"epoch": 19, "raw_quality_ratio": 2.5526, "quality_ratio": 0.0668, "lambda_q": 0.0262, "deviation_mean": 1.2376, "deviation_std": 0.1659, "patch_w_mean": 0.1639, "patch_w_std": 0.114}
2026-08-21 00:51:58,456 [INFO] Evaluating on val.
Train: data epoch: [19]  [ 0/37]  eta: 0:00:43  lr: 0.000030  loss: 0.1404  time: 1.1858  data: 0.0001  max mem: 5159
Train: data epoch: [19]  [20/37]  eta: 0:00:09  lr: 0.000030  loss: 0.1196  time: 0.5263  data: 0.0000  max mem: 5159
Train: data epoch: [19]  [36/37]  eta: 0:00:00  lr: 0.000030  loss: 0.1341  time: 0.5245  data: 0.0000  max mem: 5159
Train: data epoch: [19] Total time: 0:00:19 (0.5403 s / it)
2026-08-21 00:52:04,861 [INFO] Qual: EPOCH[19] -> PLCC: 0.912556, SROCC: 0.851123, KROCC: 0.669571, LOSS: 0.167465
2026-08-21 00:52:04,861 [INFO] Align: EPOCH[19] -> PLCC: 0.843018, SROCC: 0.704823, KROCC: 0.522361, LOSS: 0.278969
2026-08-21 00:52:04,874 [INFO] Saving checkpoint at epoch 19 to run/20260821004_B1_dgmpq/checkpoint_best.pth.
2026-08-21 00:52:04,943 [INFO] Saving checkpoint at epoch 19 to run/20260821004_B1_dgmpq/checkpoint_best_joint.pth.
2026-08-21 00:52:04,999 [INFO] Start training
2026-08-21 00:52:05,327 [INFO] Start training epoch 20, 37 iters per inner epoch.
2026-08-21 00:52:26,666 [INFO] Averaged stats: lr: 0.000026  loss: 0.131636
2026-08-21 00:52:26,764 [INFO] gates: {"epoch": 20, "raw_quality_ratio": 2.4482, "quality_ratio": 0.0649, "lambda_q": 0.0265, "deviation_mean": 1.2253, "deviation_std": 0.1761, "patch_w_mean": 0.1622, "patch_w_std": 0.1101}
2026-08-21 00:52:26,765 [INFO] Evaluating on val.
Train: data epoch: [20]  [ 0/37]  eta: 0:01:20  lr: 0.000026  loss: 0.1180  time: 2.1835  data: 0.0001  max mem: 5159
Train: data epoch: [20]  [20/37]  eta: 0:00:10  lr: 0.000026  loss: 0.1155  time: 0.5588  data: 0.0000  max mem: 5159
Train: data epoch: [20]  [36/37]  eta: 0:00:00  lr: 0.000026  loss: 0.1707  time: 0.5104  data: 0.0000  max mem: 5159
Train: data epoch: [20] Total time: 0:00:21 (0.5767 s / it)
2026-08-21 00:52:32,593 [INFO] Qual: EPOCH[20] -> PLCC: 0.913318, SROCC: 0.852369, KROCC: 0.670995, LOSS: 0.165687
2026-08-21 00:52:32,593 [INFO] Align: EPOCH[20] -> PLCC: 0.843003, SROCC: 0.704916, KROCC: 0.522809, LOSS: 0.278269
2026-08-21 00:52:32,609 [INFO] Saving checkpoint at epoch 20 to run/20260821004_B1_dgmpq/checkpoint_best.pth.
2026-08-21 00:52:32,702 [INFO] Saving checkpoint at epoch 20 to run/20260821004_B1_dgmpq/checkpoint_best_joint.pth.
2026-08-21 00:52:32,755 [INFO] Start training
2026-08-21 00:52:33,139 [INFO] Start training epoch 21, 37 iters per inner epoch.
2026-08-21 00:52:53,421 [INFO] Averaged stats: lr: 0.000021  loss: 0.130453
2026-08-21 00:52:53,528 [INFO] gates: {"epoch": 21, "raw_quality_ratio": 2.4427, "quality_ratio": 0.0655, "lambda_q": 0.0268, "deviation_mean": 1.203, "deviation_std": 0.1797, "patch_w_mean": 0.148, "patch_w_std": 0.1045}
2026-08-21 00:52:53,529 [INFO] Evaluating on val.
Train: data epoch: [21]  [ 0/37]  eta: 0:00:46  lr: 0.000021  loss: 0.0947  time: 1.2573  data: 0.0001  max mem: 5159
Train: data epoch: [21]  [20/37]  eta: 0:00:09  lr: 0.000021  loss: 0.1347  time: 0.5478  data: 0.0000  max mem: 5159
Train: data epoch: [21]  [36/37]  eta: 0:00:00  lr: 0.000021  loss: 0.1505  time: 0.5128  data: 0.0000  max mem: 5159
Train: data epoch: [21] Total time: 0:00:20 (0.5481 s / it)
2026-08-21 00:52:58,634 [INFO] Qual: EPOCH[21] -> PLCC: 0.913808, SROCC: 0.853887, KROCC: 0.672665, LOSS: 0.165016
2026-08-21 00:52:58,634 [INFO] Align: EPOCH[21] -> PLCC: 0.842630, SROCC: 0.704501, KROCC: 0.522002, LOSS: 0.279200
2026-08-21 00:52:58,649 [INFO] Saving checkpoint at epoch 21 to run/20260821004_B1_dgmpq/checkpoint_best.pth.
2026-08-21 00:52:58,727 [INFO] Saving checkpoint at epoch 21 to run/20260821004_B1_dgmpq/checkpoint_best_joint.pth.
2026-08-21 00:52:58,789 [INFO] Start training
2026-08-21 00:52:59,102 [INFO] Start training epoch 22, 37 iters per inner epoch.
2026-08-21 00:53:19,285 [INFO] Averaged stats: lr: 0.000017  loss: 0.129032
2026-08-21 00:53:19,387 [INFO] gates: {"epoch": 22, "raw_quality_ratio": 2.6032, "quality_ratio": 0.0705, "lambda_q": 0.0271, "deviation_mean": 1.2216, "deviation_std": 0.1799, "patch_w_mean": 0.1395, "patch_w_std": 0.0968}
2026-08-21 00:53:19,387 [INFO] Evaluating on val.
Train: data epoch: [22]  [ 0/37]  eta: 0:00:54  lr: 0.000017  loss: 0.1032  time: 1.4833  data: 0.0001  max mem: 5159
Train: data epoch: [22]  [20/37]  eta: 0:00:10  lr: 0.000017  loss: 0.1487  time: 0.5506  data: 0.0000  max mem: 5159
Train: data epoch: [22]  [36/37]  eta: 0:00:00  lr: 0.000017  loss: 0.1011  time: 0.4949  data: 0.0000  max mem: 5159
Train: data epoch: [22] Total time: 0:00:20 (0.5455 s / it)
2026-08-21 00:53:24,951 [INFO] Qual: EPOCH[22] -> PLCC: 0.913114, SROCC: 0.852209, KROCC: 0.670715, LOSS: 0.164473
2026-08-21 00:53:24,951 [INFO] Align: EPOCH[22] -> PLCC: 0.842342, SROCC: 0.702850, KROCC: 0.520075, LOSS: 0.281245
2026-08-21 00:53:24,952 [INFO] Start training
2026-08-21 00:53:25,245 [INFO] Start training epoch 23, 37 iters per inner epoch.
2026-08-21 00:53:45,761 [INFO] Averaged stats: lr: 0.000014  loss: 0.129738
2026-08-21 00:53:45,860 [INFO] gates: {"epoch": 23, "raw_quality_ratio": 2.5603, "quality_ratio": 0.07, "lambda_q": 0.0273, "deviation_mean": 1.2285, "deviation_std": 0.168, "patch_w_mean": 0.1427, "patch_w_std": 0.1028}
2026-08-21 00:53:45,860 [INFO] Evaluating on val.
Train: data epoch: [23]  [ 0/37]  eta: 0:00:52  lr: 0.000014  loss: 0.1575  time: 1.4255  data: 0.0001  max mem: 5159
Train: data epoch: [23]  [20/37]  eta: 0:00:10  lr: 0.000014  loss: 0.1233  time: 0.5524  data: 0.0000  max mem: 5159
Train: data epoch: [23]  [36/37]  eta: 0:00:00  lr: 0.000014  loss: 0.1134  time: 0.5130  data: 0.0000  max mem: 5159
Train: data epoch: [23] Total time: 0:00:20 (0.5545 s / it)
2026-08-21 00:53:51,794 [INFO] Qual: EPOCH[23] -> PLCC: 0.913036, SROCC: 0.852003, KROCC: 0.670491, LOSS: 0.163497
2026-08-21 00:53:51,795 [INFO] Align: EPOCH[23] -> PLCC: 0.842387, SROCC: 0.702819, KROCC: 0.520344, LOSS: 0.280582
2026-08-21 00:53:51,795 [INFO] Start training
2026-08-21 00:53:52,231 [INFO] Start training epoch 24, 37 iters per inner epoch.
2026-08-21 00:54:12,493 [INFO] Averaged stats: lr: 0.000010  loss: 0.128545
2026-08-21 00:54:12,637 [INFO] gates: {"epoch": 24, "raw_quality_ratio": 2.525, "quality_ratio": 0.0694, "lambda_q": 0.0275, "deviation_mean": 1.2052, "deviation_std": 0.1805, "patch_w_mean": 0.1262, "patch_w_std": 0.094}
2026-08-21 00:54:12,638 [INFO] Evaluating on val.
Train: data epoch: [24]  [ 0/37]  eta: 0:01:03  lr: 0.000010  loss: 0.1177  time: 1.7151  data: 0.0001  max mem: 5159
Train: data epoch: [24]  [20/37]  eta: 0:00:10  lr: 0.000010  loss: 0.1341  time: 0.5519  data: 0.0000  max mem: 5159
Train: data epoch: [24]  [36/37]  eta: 0:00:00  lr: 0.000010  loss: 0.1401  time: 0.4858  data: 0.0000  max mem: 5159
Train: data epoch: [24] Total time: 0:00:20 (0.5476 s / it)
2026-08-21 00:54:20,053 [INFO] Qual: EPOCH[24] -> PLCC: 0.913645, SROCC: 0.853527, KROCC: 0.672172, LOSS: 0.164161
2026-08-21 00:54:20,054 [INFO] Align: EPOCH[24] -> PLCC: 0.842440, SROCC: 0.703493, KROCC: 0.520870, LOSS: 0.280321
2026-08-21 00:54:20,055 [INFO] Start training
2026-08-21 00:54:20,435 [INFO] Start training epoch 25, 37 iters per inner epoch.
2026-08-21 00:54:41,085 [INFO] Averaged stats: lr: 0.000008  loss: 0.123747
2026-08-21 00:54:41,180 [INFO] gates: {"epoch": 25, "raw_quality_ratio": 2.6018, "quality_ratio": 0.0718, "lambda_q": 0.0276, "deviation_mean": 1.2167, "deviation_std": 0.1759, "patch_w_mean": 0.1348, "patch_w_std": 0.101}
2026-08-21 00:54:41,181 [INFO] Evaluating on val.
Train: data epoch: [25]  [ 0/37]  eta: 0:01:20  lr: 0.000008  loss: 0.1196  time: 2.1866  data: 0.0001  max mem: 5159
Train: data epoch: [25]  [20/37]  eta: 0:00:10  lr: 0.000008  loss: 0.1055  time: 0.5369  data: 0.0000  max mem: 5159
Train: data epoch: [25]  [36/37]  eta: 0:00:00  lr: 0.000008  loss: 0.1366  time: 0.5016  data: 0.0000  max mem: 5159
Train: data epoch: [25] Total time: 0:00:20 (0.5581 s / it)
2026-08-21 00:54:47,604 [INFO] Qual: EPOCH[25] -> PLCC: 0.913924, SROCC: 0.854050, KROCC: 0.672407, LOSS: 0.164628
2026-08-21 00:54:47,604 [INFO] Align: EPOCH[25] -> PLCC: 0.842473, SROCC: 0.703684, KROCC: 0.520882, LOSS: 0.280364
2026-08-21 00:54:47,616 [INFO] Saving checkpoint at epoch 25 to run/20260821004_B1_dgmpq/checkpoint_best.pth.
2026-08-21 00:54:47,674 [INFO] Saving checkpoint at epoch 25 to run/20260821004_B1_dgmpq/checkpoint_latest.pth.
2026-08-21 00:54:47,719 [INFO] Start training
2026-08-21 00:54:48,030 [INFO] Start training epoch 26, 37 iters per inner epoch.
2026-08-21 00:55:08,642 [INFO] Averaged stats: lr: 0.000005  loss: 0.126621
2026-08-21 00:55:08,750 [INFO] gates: {"epoch": 26, "raw_quality_ratio": 2.4968, "quality_ratio": 0.0692, "lambda_q": 0.0277, "deviation_mean": 1.2075, "deviation_std": 0.1638, "patch_w_mean": 0.1192, "patch_w_std": 0.0893}
2026-08-21 00:55:08,750 [INFO] Evaluating on val.
Train: data epoch: [26]  [ 0/37]  eta: 0:01:01  lr: 0.000005  loss: 0.1348  time: 1.6668  data: 0.0001  max mem: 5159
Train: data epoch: [26]  [20/37]  eta: 0:00:09  lr: 0.000005  loss: 0.1159  time: 0.5284  data: 0.0000  max mem: 5159
Train: data epoch: [26]  [36/37]  eta: 0:00:00  lr: 0.000005  loss: 0.1403  time: 0.5272  data: 0.0000  max mem: 5159
Train: data epoch: [26] Total time: 0:00:20 (0.5571 s / it)
2026-08-21 00:55:15,879 [INFO] Qual: EPOCH[26] -> PLCC: 0.913717, SROCC: 0.853542, KROCC: 0.672015, LOSS: 0.164693
2026-08-21 00:55:15,879 [INFO] Align: EPOCH[26] -> PLCC: 0.842158, SROCC: 0.702996, KROCC: 0.520288, LOSS: 0.281658
2026-08-21 00:55:15,880 [INFO] Start training
2026-08-21 00:55:16,188 [INFO] Start training epoch 27, 37 iters per inner epoch.
2026-08-21 00:55:34,552 [INFO] Averaged stats: lr: 0.000003  loss: 0.125022
2026-08-21 00:55:34,663 [INFO] gates: {"epoch": 27, "raw_quality_ratio": 2.5688, "quality_ratio": 0.0713, "lambda_q": 0.0278, "deviation_mean": 1.2005, "deviation_std": 0.173, "patch_w_mean": 0.1346, "patch_w_std": 0.1002}
2026-08-21 00:55:34,664 [INFO] Evaluating on val.
Train: data epoch: [27]  [ 0/37]  eta: 0:00:40  lr: 0.000003  loss: 0.1406  time: 1.1052  data: 0.0001  max mem: 5159
Train: data epoch: [27]  [20/37]  eta: 0:00:07  lr: 0.000003  loss: 0.1464  time: 0.4275  data: 0.0000  max mem: 5159
Train: data epoch: [27]  [36/37]  eta: 0:00:00  lr: 0.000003  loss: 0.1147  time: 0.5235  data: 0.0000  max mem: 5159
Train: data epoch: [27] Total time: 0:00:18 (0.4963 s / it)
2026-08-21 00:55:41,040 [INFO] Qual: EPOCH[27] -> PLCC: 0.913772, SROCC: 0.853759, KROCC: 0.672082, LOSS: 0.163637
2026-08-21 00:55:41,040 [INFO] Align: EPOCH[27] -> PLCC: 0.842352, SROCC: 0.703244, KROCC: 0.520534, LOSS: 0.280507
2026-08-21 00:55:41,041 [INFO] Start training
2026-08-21 00:55:41,317 [INFO] Start training epoch 28, 37 iters per inner epoch.
2026-08-21 00:55:57,150 [INFO] Averaged stats: lr: 0.000002  loss: 0.123140
2026-08-21 00:55:57,240 [INFO] gates: {"epoch": 28, "raw_quality_ratio": 2.5467, "quality_ratio": 0.0708, "lambda_q": 0.0278, "deviation_mean": 1.2232, "deviation_std": 0.1638, "patch_w_mean": 0.1338, "patch_w_std": 0.1013}
2026-08-21 00:55:57,240 [INFO] Evaluating on val.
Train: data epoch: [28]  [ 0/37]  eta: 0:00:39  lr: 0.000002  loss: 0.1061  time: 1.0570  data: 0.0001  max mem: 5159
Train: data epoch: [28]  [20/37]  eta: 0:00:08  lr: 0.000002  loss: 0.1058  time: 0.4454  data: 0.0000  max mem: 5159
Train: data epoch: [28]  [36/37]  eta: 0:00:00  lr: 0.000002  loss: 0.1238  time: 0.3784  data: 0.0000  max mem: 5159
Train: data epoch: [28] Total time: 0:00:15 (0.4279 s / it)
2026-08-21 00:56:01,649 [INFO] Qual: EPOCH[28] -> PLCC: 0.913850, SROCC: 0.853783, KROCC: 0.672217, LOSS: 0.163898
2026-08-21 00:56:01,649 [INFO] Align: EPOCH[28] -> PLCC: 0.842294, SROCC: 0.703271, KROCC: 0.520624, LOSS: 0.280812
2026-08-21 00:56:01,650 [INFO] Start training
2026-08-21 00:56:02,520 [INFO] Start training epoch 29, 37 iters per inner epoch.
2026-08-21 00:56:23,007 [INFO] Averaged stats: lr: 0.000001  loss: 0.127038
2026-08-21 00:56:23,108 [INFO] gates: {"epoch": 29, "raw_quality_ratio": 2.5731, "quality_ratio": 0.0716, "lambda_q": 0.0278, "deviation_mean": 1.2246, "deviation_std": 0.172, "patch_w_mean": 0.1294, "patch_w_std": 0.0969}
2026-08-21 00:56:23,108 [INFO] Evaluating on val.
Train: data epoch: [29]  [ 0/37]  eta: 0:01:24  lr: 0.000001  loss: 0.1296  time: 2.2750  data: 0.0001  max mem: 5159
Train: data epoch: [29]  [20/37]  eta: 0:00:09  lr: 0.000001  loss: 0.1286  time: 0.4729  data: 0.0000  max mem: 5159
Train: data epoch: [29]  [36/37]  eta: 0:00:00  lr: 0.000001  loss: 0.1117  time: 0.5470  data: 0.0000  max mem: 5159
Train: data epoch: [29] Total time: 0:00:20 (0.5537 s / it)
2026-08-21 00:56:29,172 [INFO] Qual: EPOCH[29] -> PLCC: 0.913855, SROCC: 0.853739, KROCC: 0.672093, LOSS: 0.163617
2026-08-21 00:56:29,173 [INFO] Align: EPOCH[29] -> PLCC: 0.842343, SROCC: 0.703452, KROCC: 0.520792, LOSS: 0.280587
2026-08-21 00:56:29,188 [INFO] Saving checkpoint at epoch 29 to run/20260821004_B1_dgmpq/checkpoint_latest.pth.
[{'agg_metrics': np.float64(4.509493548497072), 'qual_agg': np.float64(2.440359694917472), 'qual_PLCC': np.float64(0.9138079817695558), 'qual_SROCC': np.float64(0.8538867580909523), 'qual_KROCC': np.float64(0.6726649550569637), 'align_agg': np.float64(2.0691338535796), 'align_PLCC': np.float64(0.8426301453087632), 'align_SROCC': np.float64(0.7045014134488863), 'align_KROCC': np.float64(0.52200229482195)}]
{'agg_metrics': np.float64(4.509493548497072), 'qual_agg': np.float64(2.440359694917472), 'qual_PLCC': np.float64(0.9138079817695558), 'qual_SROCC': np.float64(0.8538867580909523), 'qual_KROCC': np.float64(0.6726649550569637), 'align_agg': np.float64(2.0691338535796), 'align_PLCC': np.float64(0.8426301453087632), 'align_SROCC': np.float64(0.7045014134488863), 'align_KROCC': np.float64(0.52200229482195)}
