2026-08-21 02:07:19,613 [INFO] Start training
2026-08-21 02:07:20,123 [INFO] number of trainable parameters: 1633413
Not using distributed mode
['msqr_dgmpq_hcmi_v8']
2026-08-21 02:07:22,597 [INFO] Start training epoch 0, 37 iters per inner epoch.
2026-08-21 02:07:46,407 [INFO] Averaged stats: lr: 0.000036  loss: 7.055637
2026-08-21 02:07:46,532 [INFO] gates: {"epoch": 0, "raw_quality_ratio": 6.1272, "quality_ratio": 0.0699, "lambda_q": 0.0115, "deviation_mean": 1.0041, "deviation_std": 0.0681, "patch_w_mean": 0.4911, "patch_w_std": 0.0143}
2026-08-21 02:07:46,532 [INFO] Evaluating on val.
Train: data epoch: [0]  [ 0/37]  eta: 0:03:17  lr: 0.000000  loss: 7.1232  time: 5.3328  data: 0.0001  max mem: 5146
Train: data epoch: [0]  [20/37]  eta: 0:00:12  lr: 0.000040  loss: 7.7137  time: 0.5226  data: 0.0000  max mem: 5159
Train: data epoch: [0]  [36/37]  eta: 0:00:00  lr: 0.000072  loss: 6.1747  time: 0.4978  data: 0.0000  max mem: 5159
Train: data epoch: [0] Total time: 0:00:23 (0.6435 s / it)
2026-08-21 02:07:52,306 [INFO] Qual: EPOCH[0] -> PLCC: -0.150798, SROCC: -0.107547, KROCC: -0.071480, LOSS: 6.626285
2026-08-21 02:07:52,307 [INFO] Align: EPOCH[0] -> PLCC: -0.112120, SROCC: -0.101424, KROCC: -0.066563, LOSS: 6.258595
2026-08-21 02:07:52,324 [INFO] Saving checkpoint at epoch 0 to run/20260821020_B1_dgmpq/checkpoint_best.pth.
2026-08-21 02:07:52,407 [INFO] Saving checkpoint at epoch 0 to run/20260821020_B1_dgmpq/checkpoint_best_joint.pth.
2026-08-21 02:07:52,464 [INFO] Start training
2026-08-21 02:07:52,930 [INFO] Start training epoch 1, 37 iters per inner epoch.
2026-08-21 02:08:12,844 [INFO] Averaged stats: lr: 0.000100  loss: 3.291222
2026-08-21 02:08:13,023 [INFO] gates: {"epoch": 1, "raw_quality_ratio": 2.3524, "quality_ratio": 0.0387, "lambda_q": 0.0165, "deviation_mean": 1.0352, "deviation_std": 0.0813, "patch_w_mean": 0.5332, "patch_w_std": 0.0235}
2026-08-21 02:08:13,024 [INFO] Evaluating on val.
Train: data epoch: [1]  [ 0/37]  eta: 0:01:04  lr: 0.000100  loss: 6.6150  time: 1.7380  data: 0.0001  max mem: 5159
Train: data epoch: [1]  [20/37]  eta: 0:00:09  lr: 0.000100  loss: 2.8388  time: 0.5170  data: 0.0000  max mem: 5159
Train: data epoch: [1]  [36/37]  eta: 0:00:00  lr: 0.000100  loss: 0.9297  time: 0.5014  data: 0.0000  max mem: 5159
Train: data epoch: [1] Total time: 0:00:19 (0.5382 s / it)
2026-08-21 02:08:19,538 [INFO] Qual: EPOCH[1] -> PLCC: 0.257047, SROCC: 0.261343, KROCC: 0.176523, LOSS: 0.962429
2026-08-21 02:08:19,539 [INFO] Align: EPOCH[1] -> PLCC: 0.263445, SROCC: 0.279049, KROCC: 0.191283, LOSS: 0.921797
2026-08-21 02:08:19,555 [INFO] Saving checkpoint at epoch 1 to run/20260821020_B1_dgmpq/checkpoint_best.pth.
2026-08-21 02:08:19,631 [INFO] Saving checkpoint at epoch 1 to run/20260821020_B1_dgmpq/checkpoint_best_joint.pth.
2026-08-21 02:08:19,688 [INFO] Start training
2026-08-21 02:08:20,023 [INFO] Start training epoch 2, 37 iters per inner epoch.
2026-08-21 02:08:39,364 [INFO] Averaged stats: lr: 0.000100  loss: 0.789972
2026-08-21 02:08:39,454 [INFO] gates: {"epoch": 2, "raw_quality_ratio": 2.4335, "quality_ratio": 0.0405, "lambda_q": 0.0166, "deviation_mean": 1.0304, "deviation_std": 0.058, "patch_w_mean": 0.5379, "patch_w_std": 0.0188}
2026-08-21 02:08:39,454 [INFO] Evaluating on val.
Train: data epoch: [2]  [ 0/37]  eta: 0:00:43  lr: 0.000100  loss: 1.2508  time: 1.1744  data: 0.0001  max mem: 5159
Train: data epoch: [2]  [20/37]  eta: 0:00:09  lr: 0.000100  loss: 0.7849  time: 0.5145  data: 0.0000  max mem: 5159
Train: data epoch: [2]  [36/37]  eta: 0:00:00  lr: 0.000100  loss: 0.4993  time: 0.5019  data: 0.0000  max mem: 5159
Train: data epoch: [2] Total time: 0:00:19 (0.5227 s / it)
2026-08-21 02:08:45,151 [INFO] Qual: EPOCH[2] -> PLCC: 0.714671, SROCC: 0.666908, KROCC: 0.483090, LOSS: 0.531553
2026-08-21 02:08:45,151 [INFO] Align: EPOCH[2] -> PLCC: 0.644576, SROCC: 0.572878, KROCC: 0.403144, LOSS: 0.595541
2026-08-21 02:08:45,164 [INFO] Saving checkpoint at epoch 2 to run/20260821020_B1_dgmpq/checkpoint_best.pth.
2026-08-21 02:08:45,225 [INFO] Saving checkpoint at epoch 2 to run/20260821020_B1_dgmpq/checkpoint_best_joint.pth.
2026-08-21 02:08:45,278 [INFO] Start training
2026-08-21 02:08:45,603 [INFO] Start training epoch 3, 37 iters per inner epoch.
2026-08-21 02:09:05,147 [INFO] Averaged stats: lr: 0.000099  loss: 0.430890
2026-08-21 02:09:05,262 [INFO] gates: {"epoch": 3, "raw_quality_ratio": 2.5829, "quality_ratio": 0.0445, "lambda_q": 0.0173, "deviation_mean": 1.1705, "deviation_std": 0.1652, "patch_w_mean": 0.4803, "patch_w_std": 0.0237}
2026-08-21 02:09:05,262 [INFO] Evaluating on val.
Train: data epoch: [3]  [ 0/37]  eta: 0:00:56  lr: 0.000099  loss: 0.5484  time: 1.5370  data: 0.0001  max mem: 5159
Train: data epoch: [3]  [20/37]  eta: 0:00:09  lr: 0.000099  loss: 0.3759  time: 0.5321  data: 0.0000  max mem: 5159
Train: data epoch: [3]  [36/37]  eta: 0:00:00  lr: 0.000099  loss: 0.3187  time: 0.4792  data: 0.0000  max mem: 5159
Train: data epoch: [3] Total time: 0:00:19 (0.5282 s / it)
2026-08-21 02:09:11,411 [INFO] Qual: EPOCH[3] -> PLCC: 0.854724, SROCC: 0.758792, KROCC: 0.571825, LOSS: 0.270536
2026-08-21 02:09:11,412 [INFO] Align: EPOCH[3] -> PLCC: 0.775977, SROCC: 0.624461, KROCC: 0.449589, LOSS: 0.381455
2026-08-21 02:09:11,427 [INFO] Saving checkpoint at epoch 3 to run/20260821020_B1_dgmpq/checkpoint_best.pth.
2026-08-21 02:09:11,497 [INFO] Saving checkpoint at epoch 3 to run/20260821020_B1_dgmpq/checkpoint_best_joint.pth.
2026-08-21 02:09:11,549 [INFO] Start training
2026-08-21 02:09:11,836 [INFO] Start training epoch 4, 37 iters per inner epoch.
2026-08-21 02:09:30,803 [INFO] Averaged stats: lr: 0.000098  loss: 0.283485
2026-08-21 02:09:31,003 [INFO] gates: {"epoch": 4, "raw_quality_ratio": 2.6325, "quality_ratio": 0.0471, "lambda_q": 0.0179, "deviation_mean": 1.2101, "deviation_std": 0.124, "patch_w_mean": 0.4603, "patch_w_std": 0.0279}
2026-08-21 02:09:31,003 [INFO] Evaluating on val.
Train: data epoch: [4]  [ 0/37]  eta: 0:00:42  lr: 0.000098  loss: 0.2985  time: 1.1538  data: 0.0001  max mem: 5159
Train: data epoch: [4]  [20/37]  eta: 0:00:09  lr: 0.000098  loss: 0.2389  time: 0.5110  data: 0.0000  max mem: 5159
Train: data epoch: [4]  [36/37]  eta: 0:00:00  lr: 0.000098  loss: 0.2326  time: 0.4808  data: 0.0000  max mem: 5159
Train: data epoch: [4] Total time: 0:00:18 (0.5126 s / it)
2026-08-21 02:09:38,095 [INFO] Qual: EPOCH[4] -> PLCC: 0.883344, SROCC: 0.797660, KROCC: 0.609238, LOSS: 0.219334
2026-08-21 02:09:38,095 [INFO] Align: EPOCH[4] -> PLCC: 0.813174, SROCC: 0.651031, KROCC: 0.474728, LOSS: 0.323020
2026-08-21 02:09:38,110 [INFO] Saving checkpoint at epoch 4 to run/20260821020_B1_dgmpq/checkpoint_best.pth.
2026-08-21 02:09:38,194 [INFO] Saving checkpoint at epoch 4 to run/20260821020_B1_dgmpq/checkpoint_best_joint.pth.
2026-08-21 02:09:38,260 [INFO] Start training
2026-08-21 02:09:38,571 [INFO] Start training epoch 5, 37 iters per inner epoch.
2026-08-21 02:09:57,978 [INFO] Averaged stats: lr: 0.000098  loss: 0.245661
2026-08-21 02:09:58,072 [INFO] gates: {"epoch": 5, "raw_quality_ratio": 2.4891, "quality_ratio": 0.0458, "lambda_q": 0.0184, "deviation_mean": 1.2452, "deviation_std": 0.1299, "patch_w_mean": 0.4362, "patch_w_std": 0.0447}
2026-08-21 02:09:58,073 [INFO] Evaluating on val.
Train: data epoch: [5]  [ 0/37]  eta: 0:00:43  lr: 0.000098  loss: 0.3151  time: 1.1845  data: 0.0001  max mem: 5159
Train: data epoch: [5]  [20/37]  eta: 0:00:09  lr: 0.000098  loss: 0.2104  time: 0.5016  data: 0.0000  max mem: 5159
Train: data epoch: [5]  [36/37]  eta: 0:00:00  lr: 0.000098  loss: 0.2163  time: 0.4906  data: 0.0000  max mem: 5159
Train: data epoch: [5] Total time: 0:00:19 (0.5245 s / it)
2026-08-21 02:10:04,658 [INFO] Qual: EPOCH[5] -> PLCC: 0.892405, SROCC: 0.821866, KROCC: 0.633134, LOSS: 0.212861
2026-08-21 02:10:04,658 [INFO] Align: EPOCH[5] -> PLCC: 0.821629, SROCC: 0.667580, KROCC: 0.491069, LOSS: 0.311070
2026-08-21 02:10:04,671 [INFO] Saving checkpoint at epoch 5 to run/20260821020_B1_dgmpq/checkpoint_best.pth.
2026-08-21 02:10:04,740 [INFO] Saving checkpoint at epoch 5 to run/20260821020_B1_dgmpq/checkpoint_best_joint.pth.
2026-08-21 02:10:04,796 [INFO] Start training
2026-08-21 02:10:05,077 [INFO] Start training epoch 6, 37 iters per inner epoch.
2026-08-21 02:10:24,157 [INFO] Averaged stats: lr: 0.000097  loss: 0.229751
2026-08-21 02:10:24,262 [INFO] gates: {"epoch": 6, "raw_quality_ratio": 2.5394, "quality_ratio": 0.0478, "lambda_q": 0.0188, "deviation_mean": 1.2858, "deviation_std": 0.1591, "patch_w_mean": 0.4107, "patch_w_std": 0.0743}
2026-08-21 02:10:24,263 [INFO] Evaluating on val.
Train: data epoch: [6]  [ 0/37]  eta: 0:00:50  lr: 0.000097  loss: 0.2109  time: 1.3541  data: 0.0001  max mem: 5159
Train: data epoch: [6]  [20/37]  eta: 0:00:09  lr: 0.000097  loss: 0.1737  time: 0.4958  data: 0.0000  max mem: 5159
Train: data epoch: [6]  [36/37]  eta: 0:00:00  lr: 0.000097  loss: 0.2674  time: 0.4858  data: 0.0000  max mem: 5159
Train: data epoch: [6] Total time: 0:00:19 (0.5157 s / it)
2026-08-21 02:10:30,823 [INFO] Qual: EPOCH[6] -> PLCC: 0.896644, SROCC: 0.828132, KROCC: 0.640677, LOSS: 0.216025
2026-08-21 02:10:30,823 [INFO] Align: EPOCH[6] -> PLCC: 0.825889, SROCC: 0.677237, KROCC: 0.499004, LOSS: 0.306627
2026-08-21 02:10:30,839 [INFO] Saving checkpoint at epoch 6 to run/20260821020_B1_dgmpq/checkpoint_best.pth.
2026-08-21 02:10:30,953 [INFO] Saving checkpoint at epoch 6 to run/20260821020_B1_dgmpq/checkpoint_best_joint.pth.
2026-08-21 02:10:31,031 [INFO] Start training
2026-08-21 02:10:31,352 [INFO] Start training epoch 7, 37 iters per inner epoch.
2026-08-21 02:10:50,747 [INFO] Averaged stats: lr: 0.000095  loss: 0.215818
2026-08-21 02:10:50,837 [INFO] gates: {"epoch": 7, "raw_quality_ratio": 2.6113, "quality_ratio": 0.0505, "lambda_q": 0.0194, "deviation_mean": 1.3292, "deviation_std": 0.1702, "patch_w_mean": 0.3704, "patch_w_std": 0.0972}
2026-08-21 02:10:50,837 [INFO] Evaluating on val.
Train: data epoch: [7]  [ 0/37]  eta: 0:00:46  lr: 0.000095  loss: 0.2337  time: 1.2443  data: 0.0001  max mem: 5159
Train: data epoch: [7]  [20/37]  eta: 0:00:09  lr: 0.000095  loss: 0.2219  time: 0.4985  data: 0.0000  max mem: 5159
Train: data epoch: [7]  [36/37]  eta: 0:00:00  lr: 0.000095  loss: 0.2383  time: 0.5115  data: 0.0000  max mem: 5159
Train: data epoch: [7] Total time: 0:00:19 (0.5242 s / it)
2026-08-21 02:10:57,134 [INFO] Qual: EPOCH[7] -> PLCC: 0.898823, SROCC: 0.831302, KROCC: 0.644420, LOSS: 0.202146
2026-08-21 02:10:57,134 [INFO] Align: EPOCH[7] -> PLCC: 0.830917, SROCC: 0.684490, KROCC: 0.505874, LOSS: 0.294640
2026-08-21 02:10:57,146 [INFO] Saving checkpoint at epoch 7 to run/20260821020_B1_dgmpq/checkpoint_best.pth.
2026-08-21 02:10:57,200 [INFO] Saving checkpoint at epoch 7 to run/20260821020_B1_dgmpq/checkpoint_best_joint.pth.
2026-08-21 02:10:57,243 [INFO] Start training
2026-08-21 02:10:57,525 [INFO] Start training epoch 8, 37 iters per inner epoch.
2026-08-21 02:11:15,637 [INFO] Averaged stats: lr: 0.000094  loss: 0.204293
2026-08-21 02:11:15,731 [INFO] gates: {"epoch": 8, "raw_quality_ratio": 2.6794, "quality_ratio": 0.0533, "lambda_q": 0.0199, "deviation_mean": 1.3344, "deviation_std": 0.1629, "patch_w_mean": 0.3494, "patch_w_std": 0.1126}
2026-08-21 02:11:15,731 [INFO] Evaluating on val.
Train: data epoch: [8]  [ 0/37]  eta: 0:00:42  lr: 0.000094  loss: 0.1806  time: 1.1512  data: 0.0001  max mem: 5159
Train: data epoch: [8]  [20/37]  eta: 0:00:08  lr: 0.000094  loss: 0.2080  time: 0.4470  data: 0.0000  max mem: 5159
Train: data epoch: [8]  [36/37]  eta: 0:00:00  lr: 0.000094  loss: 0.2009  time: 0.5128  data: 0.0000  max mem: 5159
Train: data epoch: [8] Total time: 0:00:18 (0.4895 s / it)
2026-08-21 02:11:22,227 [INFO] Qual: EPOCH[8] -> PLCC: 0.901603, SROCC: 0.835172, KROCC: 0.648825, LOSS: 0.189228
2026-08-21 02:11:22,227 [INFO] Align: EPOCH[8] -> PLCC: 0.834331, SROCC: 0.691594, KROCC: 0.512296, LOSS: 0.288966
2026-08-21 02:11:22,245 [INFO] Saving checkpoint at epoch 8 to run/20260821020_B1_dgmpq/checkpoint_best.pth.
2026-08-21 02:11:22,324 [INFO] Saving checkpoint at epoch 8 to run/20260821020_B1_dgmpq/checkpoint_best_joint.pth.
2026-08-21 02:11:22,387 [INFO] Start training
2026-08-21 02:11:22,697 [INFO] Start training epoch 9, 37 iters per inner epoch.
2026-08-21 02:11:38,576 [INFO] Averaged stats: lr: 0.000092  loss: 0.194221
2026-08-21 02:11:38,693 [INFO] gates: {"epoch": 9, "raw_quality_ratio": 2.5236, "quality_ratio": 0.0519, "lambda_q": 0.0206, "deviation_mean": 1.3319, "deviation_std": 0.158, "patch_w_mean": 0.313, "patch_w_std": 0.1245}
2026-08-21 02:11:38,694 [INFO] Evaluating on val.
Train: data epoch: [9]  [ 0/37]  eta: 0:00:38  lr: 0.000092  loss: 0.1762  time: 1.0311  data: 0.0001  max mem: 5159
Train: data epoch: [9]  [20/37]  eta: 0:00:08  lr: 0.000092  loss: 0.1941  time: 0.4431  data: 0.0000  max mem: 5159
Train: data epoch: [9]  [36/37]  eta: 0:00:00  lr: 0.000092  loss: 0.1541  time: 0.4045  data: 0.0000  max mem: 5159
Train: data epoch: [9] Total time: 0:00:15 (0.4291 s / it)
2026-08-21 02:11:45,113 [INFO] Qual: EPOCH[9] -> PLCC: 0.904220, SROCC: 0.839566, KROCC: 0.654765, LOSS: 0.178759
2026-08-21 02:11:45,113 [INFO] Align: EPOCH[9] -> PLCC: 0.837275, SROCC: 0.697503, KROCC: 0.517642, LOSS: 0.283398
2026-08-21 02:11:45,132 [INFO] Saving checkpoint at epoch 9 to run/20260821020_B1_dgmpq/checkpoint_best.pth.
2026-08-21 02:11:45,213 [INFO] Saving checkpoint at epoch 9 to run/20260821020_B1_dgmpq/checkpoint_best_joint.pth.
2026-08-21 02:11:45,257 [INFO] Start training
2026-08-21 02:11:45,543 [INFO] Start training epoch 10, 37 iters per inner epoch.
2026-08-21 02:12:03,406 [INFO] Averaged stats: lr: 0.000091  loss: 0.184616
2026-08-21 02:12:03,500 [INFO] gates: {"epoch": 10, "raw_quality_ratio": 2.8128, "quality_ratio": 0.06, "lambda_q": 0.0214, "deviation_mean": 1.3525, "deviation_std": 0.166, "patch_w_mean": 0.3015, "patch_w_std": 0.124}
2026-08-21 02:12:03,501 [INFO] Evaluating on val.
Train: data epoch: [10]  [ 0/37]  eta: 0:00:47  lr: 0.000091  loss: 0.2427  time: 1.2839  data: 0.0001  max mem: 5159
Train: data epoch: [10]  [20/37]  eta: 0:00:09  lr: 0.000091  loss: 0.1865  time: 0.5001  data: 0.0000  max mem: 5159
Train: data epoch: [10]  [36/37]  eta: 0:00:00  lr: 0.000091  loss: 0.1801  time: 0.4406  data: 0.0000  max mem: 5159
Train: data epoch: [10] Total time: 0:00:17 (0.4828 s / it)
2026-08-21 02:12:09,645 [INFO] Qual: EPOCH[10] -> PLCC: 0.906203, SROCC: 0.842270, KROCC: 0.658083, LOSS: 0.189547
2026-08-21 02:12:09,645 [INFO] Align: EPOCH[10] -> PLCC: 0.838137, SROCC: 0.699274, KROCC: 0.519021, LOSS: 0.286616
2026-08-21 02:12:09,657 [INFO] Saving checkpoint at epoch 10 to run/20260821020_B1_dgmpq/checkpoint_best.pth.
2026-08-21 02:12:09,725 [INFO] Saving checkpoint at epoch 10 to run/20260821020_B1_dgmpq/checkpoint_best_joint.pth.
2026-08-21 02:12:09,778 [INFO] Start training
2026-08-21 02:12:10,057 [INFO] Start training epoch 11, 37 iters per inner epoch.
2026-08-21 02:12:29,581 [INFO] Averaged stats: lr: 0.000089  loss: 0.173233
2026-08-21 02:12:29,670 [INFO] gates: {"epoch": 11, "raw_quality_ratio": 2.6047, "quality_ratio": 0.0577, "lambda_q": 0.0222, "deviation_mean": 1.2788, "deviation_std": 0.1629, "patch_w_mean": 0.2722, "patch_w_std": 0.1264}
2026-08-21 02:12:29,671 [INFO] Evaluating on val.
Train: data epoch: [11]  [ 0/37]  eta: 0:00:49  lr: 0.000089  loss: 0.1506  time: 1.3273  data: 0.0001  max mem: 5159
Train: data epoch: [11]  [20/37]  eta: 0:00:09  lr: 0.000089  loss: 0.1295  time: 0.5049  data: 0.0000  max mem: 5159
Train: data epoch: [11]  [36/37]  eta: 0:00:00  lr: 0.000089  loss: 0.1601  time: 0.4951  data: 0.0000  max mem: 5159
Train: data epoch: [11] Total time: 0:00:19 (0.5276 s / it)
2026-08-21 02:12:36,636 [INFO] Qual: EPOCH[11] -> PLCC: 0.908233, SROCC: 0.844595, KROCC: 0.661378, LOSS: 0.190551
2026-08-21 02:12:36,636 [INFO] Align: EPOCH[11] -> PLCC: 0.838511, SROCC: 0.700531, KROCC: 0.519682, LOSS: 0.283517
2026-08-21 02:12:36,650 [INFO] Saving checkpoint at epoch 11 to run/20260821020_B1_dgmpq/checkpoint_best.pth.
2026-08-21 02:12:36,711 [INFO] Saving checkpoint at epoch 11 to run/20260821020_B1_dgmpq/checkpoint_best_joint.pth.
2026-08-21 02:12:36,755 [INFO] Start training
2026-08-21 02:12:37,136 [INFO] Start training epoch 12, 37 iters per inner epoch.
2026-08-21 02:12:56,273 [INFO] Averaged stats: lr: 0.000087  loss: 0.165728
2026-08-21 02:12:56,394 [INFO] gates: {"epoch": 12, "raw_quality_ratio": 2.5209, "quality_ratio": 0.058, "lambda_q": 0.023, "deviation_mean": 1.3407, "deviation_std": 0.1636, "patch_w_mean": 0.2359, "patch_w_std": 0.1252}
2026-08-21 02:12:56,394 [INFO] Evaluating on val.
Train: data epoch: [12]  [ 0/37]  eta: 0:00:57  lr: 0.000087  loss: 0.1993  time: 1.5608  data: 0.0001  max mem: 5159
Train: data epoch: [12]  [20/37]  eta: 0:00:08  lr: 0.000087  loss: 0.1549  time: 0.4622  data: 0.0000  max mem: 5159
Train: data epoch: [12]  [36/37]  eta: 0:00:00  lr: 0.000087  loss: 0.1340  time: 0.5142  data: 0.0000  max mem: 5159
Train: data epoch: [12] Total time: 0:00:19 (0.5172 s / it)
2026-08-21 02:13:02,660 [INFO] Qual: EPOCH[12] -> PLCC: 0.907916, SROCC: 0.843314, KROCC: 0.660571, LOSS: 0.174990
2026-08-21 02:13:02,660 [INFO] Align: EPOCH[12] -> PLCC: 0.840245, SROCC: 0.698166, KROCC: 0.516880, LOSS: 0.282187
2026-08-21 02:13:02,661 [INFO] Start training
2026-08-21 02:13:02,965 [INFO] Start training epoch 13, 37 iters per inner epoch.
2026-08-21 02:13:22,479 [INFO] Averaged stats: lr: 0.000084  loss: 0.156833
2026-08-21 02:13:22,590 [INFO] gates: {"epoch": 13, "raw_quality_ratio": 2.6509, "quality_ratio": 0.0632, "lambda_q": 0.0239, "deviation_mean": 1.3078, "deviation_std": 0.1712, "patch_w_mean": 0.2238, "patch_w_std": 0.1264}
2026-08-21 02:13:22,590 [INFO] Evaluating on val.
Train: data epoch: [13]  [ 0/37]  eta: 0:00:44  lr: 0.000084  loss: 0.1327  time: 1.1949  data: 0.0001  max mem: 5159
Train: data epoch: [13]  [20/37]  eta: 0:00:08  lr: 0.000084  loss: 0.1376  time: 0.4940  data: 0.0000  max mem: 5159
Train: data epoch: [13]  [36/37]  eta: 0:00:00  lr: 0.000084  loss: 0.1953  time: 0.5297  data: 0.0000  max mem: 5159
Train: data epoch: [13] Total time: 0:00:19 (0.5274 s / it)
2026-08-21 02:13:29,188 [INFO] Qual: EPOCH[13] -> PLCC: 0.911142, SROCC: 0.850759, KROCC: 0.668540, LOSS: 0.187746
2026-08-21 02:13:29,189 [INFO] Align: EPOCH[13] -> PLCC: 0.840956, SROCC: 0.703702, KROCC: 0.521946, LOSS: 0.283739
2026-08-21 02:13:29,201 [INFO] Saving checkpoint at epoch 13 to run/20260821020_B1_dgmpq/checkpoint_best.pth.
2026-08-21 02:13:29,265 [INFO] Saving checkpoint at epoch 13 to run/20260821020_B1_dgmpq/checkpoint_best_joint.pth.
2026-08-21 02:13:29,316 [INFO] Start training
2026-08-21 02:13:29,597 [INFO] Start training epoch 14, 37 iters per inner epoch.
2026-08-21 02:13:49,015 [INFO] Averaged stats: lr: 0.000082  loss: 0.152384
2026-08-21 02:13:49,102 [INFO] gates: {"epoch": 14, "raw_quality_ratio": 2.4431, "quality_ratio": 0.0605, "lambda_q": 0.0248, "deviation_mean": 1.2905, "deviation_std": 0.1707, "patch_w_mean": 0.1907, "patch_w_std": 0.1238}
2026-08-21 02:13:49,102 [INFO] Evaluating on val.
Train: data epoch: [14]  [ 0/37]  eta: 0:00:44  lr: 0.000082  loss: 0.1535  time: 1.2118  data: 0.0001  max mem: 5159
Train: data epoch: [14]  [20/37]  eta: 0:00:09  lr: 0.000082  loss: 0.2310  time: 0.4961  data: 0.0000  max mem: 5159
Train: data epoch: [14]  [36/37]  eta: 0:00:00  lr: 0.000082  loss: 0.1234  time: 0.5234  data: 0.0000  max mem: 5159
Train: data epoch: [14] Total time: 0:00:19 (0.5248 s / it)
2026-08-21 02:13:55,270 [INFO] Qual: EPOCH[14] -> PLCC: 0.912455, SROCC: 0.851298, KROCC: 0.669359, LOSS: 0.165980
2026-08-21 02:13:55,270 [INFO] Align: EPOCH[14] -> PLCC: 0.842942, SROCC: 0.705430, KROCC: 0.523235, LOSS: 0.276290
2026-08-21 02:13:55,283 [INFO] Saving checkpoint at epoch 14 to run/20260821020_B1_dgmpq/checkpoint_best.pth.
2026-08-21 02:13:55,341 [INFO] Saving checkpoint at epoch 14 to run/20260821020_B1_dgmpq/checkpoint_best_joint.pth.
2026-08-21 02:13:55,381 [INFO] Start training
2026-08-21 02:13:55,669 [INFO] Start training epoch 15, 37 iters per inner epoch.
2026-08-21 02:14:15,394 [INFO] Averaged stats: lr: 0.000080  loss: 0.141112
2026-08-21 02:14:15,491 [INFO] gates: {"epoch": 15, "raw_quality_ratio": 2.6212, "quality_ratio": 0.0673, "lambda_q": 0.0257, "deviation_mean": 1.2504, "deviation_std": 0.1633, "patch_w_mean": 0.1716, "patch_w_std": 0.1195}
2026-08-21 02:14:15,491 [INFO] Evaluating on val.
Train: data epoch: [15]  [ 0/37]  eta: 0:00:53  lr: 0.000080  loss: 0.1218  time: 1.4516  data: 0.0001  max mem: 5159
Train: data epoch: [15]  [20/37]  eta: 0:00:09  lr: 0.000080  loss: 0.1467  time: 0.4986  data: 0.0000  max mem: 5159
Train: data epoch: [15]  [36/37]  eta: 0:00:00  lr: 0.000080  loss: 0.1039  time: 0.5302  data: 0.0000  max mem: 5159
Train: data epoch: [15] Total time: 0:00:19 (0.5331 s / it)
2026-08-21 02:14:21,670 [INFO] Qual: EPOCH[15] -> PLCC: 0.910971, SROCC: 0.849247, KROCC: 0.666792, LOSS: 0.167225
2026-08-21 02:14:21,671 [INFO] Align: EPOCH[15] -> PLCC: 0.842638, SROCC: 0.702688, KROCC: 0.520478, LOSS: 0.281493
2026-08-21 02:14:21,683 [INFO] Saving checkpoint at epoch 15 to run/20260821020_B1_dgmpq/checkpoint_latest.pth.
2026-08-21 02:14:21,723 [INFO] Start training
2026-08-21 02:14:22,069 [INFO] Start training epoch 16, 37 iters per inner epoch.
2026-08-21 02:14:40,628 [INFO] Averaged stats: lr: 0.000077  loss: 0.134703
2026-08-21 02:14:40,748 [INFO] gates: {"epoch": 16, "raw_quality_ratio": 2.4271, "quality_ratio": 0.0646, "lambda_q": 0.0266, "deviation_mean": 1.2561, "deviation_std": 0.1697, "patch_w_mean": 0.1353, "patch_w_std": 0.1103}
2026-08-21 02:14:40,748 [INFO] Evaluating on val.
Train: data epoch: [16]  [ 0/37]  eta: 0:00:41  lr: 0.000077  loss: 0.1266  time: 1.1271  data: 0.0001  max mem: 5159
Train: data epoch: [16]  [20/37]  eta: 0:00:08  lr: 0.000077  loss: 0.1183  time: 0.4473  data: 0.0000  max mem: 5159
Train: data epoch: [16]  [36/37]  eta: 0:00:00  lr: 0.000077  loss: 0.1387  time: 0.5316  data: 0.0000  max mem: 5159
Train: data epoch: [16] Total time: 0:00:18 (0.5016 s / it)
2026-08-21 02:14:47,021 [INFO] Qual: EPOCH[16] -> PLCC: 0.913148, SROCC: 0.853128, KROCC: 0.671567, LOSS: 0.163458
2026-08-21 02:14:47,021 [INFO] Align: EPOCH[16] -> PLCC: 0.843091, SROCC: 0.705826, KROCC: 0.523616, LOSS: 0.280866
2026-08-21 02:14:47,034 [INFO] Saving checkpoint at epoch 16 to run/20260821020_B1_dgmpq/checkpoint_best.pth.
2026-08-21 02:14:47,103 [INFO] Saving checkpoint at epoch 16 to run/20260821020_B1_dgmpq/checkpoint_best_joint.pth.
2026-08-21 02:14:47,157 [INFO] Start training
2026-08-21 02:14:47,444 [INFO] Start training epoch 17, 37 iters per inner epoch.
2026-08-21 02:15:06,862 [INFO] Averaged stats: lr: 0.000074  loss: 0.129063
2026-08-21 02:15:06,942 [INFO] gates: {"epoch": 17, "raw_quality_ratio": 2.4147, "quality_ratio": 0.0663, "lambda_q": 0.0275, "deviation_mean": 1.2304, "deviation_std": 0.1649, "patch_w_mean": 0.1179, "patch_w_std": 0.1028}
2026-08-21 02:15:06,943 [INFO] Evaluating on val.
Train: data epoch: [17]  [ 0/37]  eta: 0:00:43  lr: 0.000074  loss: 0.1160  time: 1.1743  data: 0.0001  max mem: 5159
Train: data epoch: [17]  [20/37]  eta: 0:00:09  lr: 0.000074  loss: 0.1005  time: 0.4986  data: 0.0000  max mem: 5159
Train: data epoch: [17]  [36/37]  eta: 0:00:00  lr: 0.000074  loss: 0.1018  time: 0.5118  data: 0.0000  max mem: 5159
Train: data epoch: [17] Total time: 0:00:19 (0.5248 s / it)
2026-08-21 02:15:13,402 [INFO] Qual: EPOCH[17] -> PLCC: 0.915313, SROCC: 0.856258, KROCC: 0.675658, LOSS: 0.164945
2026-08-21 02:15:13,402 [INFO] Align: EPOCH[17] -> PLCC: 0.843189, SROCC: 0.704594, KROCC: 0.521957, LOSS: 0.281795
2026-08-21 02:15:13,418 [INFO] Saving checkpoint at epoch 17 to run/20260821020_B1_dgmpq/checkpoint_best.pth.
2026-08-21 02:15:13,501 [INFO] Saving checkpoint at epoch 17 to run/20260821020_B1_dgmpq/checkpoint_best_joint.pth.
2026-08-21 02:15:13,568 [INFO] Start training
2026-08-21 02:15:13,938 [INFO] Start training epoch 18, 37 iters per inner epoch.
2026-08-21 02:15:34,640 [INFO] Averaged stats: lr: 0.000072  loss: 0.122481
2026-08-21 02:15:34,723 [INFO] gates: {"epoch": 18, "raw_quality_ratio": 2.6339, "quality_ratio": 0.0748, "lambda_q": 0.0284, "deviation_mean": 1.2395, "deviation_std": 0.171, "patch_w_mean": 0.1041, "patch_w_std": 0.0951}
2026-08-21 02:15:34,723 [INFO] Evaluating on val.
Train: data epoch: [18]  [ 0/37]  eta: 0:01:28  lr: 0.000072  loss: 0.0989  time: 2.4050  data: 0.0001  max mem: 5159
Train: data epoch: [18]  [20/37]  eta: 0:00:10  lr: 0.000072  loss: 0.1224  time: 0.5120  data: 0.0000  max mem: 5159
Train: data epoch: [18]  [36/37]  eta: 0:00:00  lr: 0.000072  loss: 0.0925  time: 0.4873  data: 0.0000  max mem: 5159
Train: data epoch: [18] Total time: 0:00:20 (0.5595 s / it)
2026-08-21 02:15:41,130 [INFO] Qual: EPOCH[18] -> PLCC: 0.913901, SROCC: 0.856046, KROCC: 0.674469, LOSS: 0.173094
2026-08-21 02:15:41,130 [INFO] Align: EPOCH[18] -> PLCC: 0.842495, SROCC: 0.702473, KROCC: 0.519918, LOSS: 0.283411
2026-08-21 02:15:41,131 [INFO] Start training
2026-08-21 02:15:41,539 [INFO] Start training epoch 19, 37 iters per inner epoch.
2026-08-21 02:16:02,150 [INFO] Averaged stats: lr: 0.000069  loss: 0.118349
2026-08-21 02:16:02,290 [INFO] gates: {"epoch": 19, "raw_quality_ratio": 2.5964, "quality_ratio": 0.0761, "lambda_q": 0.0293, "deviation_mean": 1.2583, "deviation_std": 0.1674, "patch_w_mean": 0.089, "patch_w_std": 0.0888}
2026-08-21 02:16:02,291 [INFO] Evaluating on val.
Train: data epoch: [19]  [ 0/37]  eta: 0:01:27  lr: 0.000069  loss: 0.1240  time: 2.3562  data: 0.0001  max mem: 5159
Train: data epoch: [19]  [20/37]  eta: 0:00:10  lr: 0.000069  loss: 0.1001  time: 0.5276  data: 0.0000  max mem: 5159
Train: data epoch: [19]  [36/37]  eta: 0:00:00  lr: 0.000069  loss: 0.1139  time: 0.4993  data: 0.0000  max mem: 5159
Train: data epoch: [19] Total time: 0:00:20 (0.5570 s / it)
2026-08-21 02:16:08,500 [INFO] Qual: EPOCH[19] -> PLCC: 0.913895, SROCC: 0.853569, KROCC: 0.672396, LOSS: 0.163005
2026-08-21 02:16:08,501 [INFO] Align: EPOCH[19] -> PLCC: 0.841228, SROCC: 0.700347, KROCC: 0.517829, LOSS: 0.287024
2026-08-21 02:16:08,501 [INFO] Start training
2026-08-21 02:16:08,781 [INFO] Start training epoch 20, 37 iters per inner epoch.
2026-08-21 02:16:28,056 [INFO] Averaged stats: lr: 0.000066  loss: 0.110305
2026-08-21 02:16:28,209 [INFO] gates: {"epoch": 20, "raw_quality_ratio": 2.5045, "quality_ratio": 0.0755, "lambda_q": 0.0302, "deviation_mean": 1.2284, "deviation_std": 0.176, "patch_w_mean": 0.0825, "patch_w_std": 0.0877}
2026-08-21 02:16:28,209 [INFO] Evaluating on val.
Train: data epoch: [20]  [ 0/37]  eta: 0:00:45  lr: 0.000066  loss: 0.0980  time: 1.2172  data: 0.0001  max mem: 5159
Train: data epoch: [20]  [20/37]  eta: 0:00:09  lr: 0.000066  loss: 0.0941  time: 0.5011  data: 0.0000  max mem: 5159
Train: data epoch: [20]  [36/37]  eta: 0:00:00  lr: 0.000066  loss: 0.1480  time: 0.4902  data: 0.0000  max mem: 5159
Train: data epoch: [20] Total time: 0:00:19 (0.5209 s / it)
2026-08-21 02:16:35,506 [INFO] Qual: EPOCH[20] -> PLCC: 0.914733, SROCC: 0.856165, KROCC: 0.674951, LOSS: 0.161966
2026-08-21 02:16:35,506 [INFO] Align: EPOCH[20] -> PLCC: 0.839799, SROCC: 0.698214, KROCC: 0.515995, LOSS: 0.286875
2026-08-21 02:16:35,518 [INFO] Saving checkpoint at epoch 20 to run/20260821020_B1_dgmpq/checkpoint_latest.pth.
2026-08-21 02:16:35,575 [INFO] Start training
2026-08-21 02:16:35,859 [INFO] Start training epoch 21, 37 iters per inner epoch.
2026-08-21 02:16:54,467 [INFO] Averaged stats: lr: 0.000063  loss: 0.105631
2026-08-21 02:16:54,570 [INFO] gates: {"epoch": 21, "raw_quality_ratio": 2.5115, "quality_ratio": 0.0777, "lambda_q": 0.031, "deviation_mean": 1.1542, "deviation_std": 0.1919, "patch_w_mean": 0.0668, "patch_w_std": 0.0739}
2026-08-21 02:16:54,571 [INFO] Evaluating on val.
Train: data epoch: [21]  [ 0/37]  eta: 0:00:45  lr: 0.000063  loss: 0.0734  time: 1.2243  data: 0.0001  max mem: 5159
Train: data epoch: [21]  [20/37]  eta: 0:00:08  lr: 0.000063  loss: 0.1070  time: 0.4775  data: 0.0000  max mem: 5159
Train: data epoch: [21]  [36/37]  eta: 0:00:00  lr: 0.000063  loss: 0.1171  time: 0.5045  data: 0.0000  max mem: 5159
Train: data epoch: [21] Total time: 0:00:18 (0.5029 s / it)
2026-08-21 02:17:01,063 [INFO] Qual: EPOCH[21] -> PLCC: 0.914062, SROCC: 0.855981, KROCC: 0.674447, LOSS: 0.164452
2026-08-21 02:17:01,063 [INFO] Align: EPOCH[21] -> PLCC: 0.838857, SROCC: 0.697098, KROCC: 0.514762, LOSS: 0.291094
2026-08-21 02:17:01,064 [INFO] Start training
2026-08-21 02:17:01,389 [INFO] Start training epoch 22, 37 iters per inner epoch.
2026-08-21 02:17:20,464 [INFO] Averaged stats: lr: 0.000060  loss: 0.102765
2026-08-21 02:17:20,572 [INFO] gates: {"epoch": 22, "raw_quality_ratio": 2.6865, "quality_ratio": 0.0852, "lambda_q": 0.0317, "deviation_mean": 1.2583, "deviation_std": 0.1865, "patch_w_mean": 0.0496, "patch_w_std": 0.0594}
2026-08-21 02:17:20,572 [INFO] Evaluating on val.
Train: data epoch: [22]  [ 0/37]  eta: 0:00:48  lr: 0.000060  loss: 0.0777  time: 1.3067  data: 0.0001  max mem: 5159
Train: data epoch: [22]  [20/37]  eta: 0:00:09  lr: 0.000060  loss: 0.1169  time: 0.5228  data: 0.0000  max mem: 5159
Train: data epoch: [22]  [36/37]  eta: 0:00:00  lr: 0.000060  loss: 0.0834  time: 0.4787  data: 0.0000  max mem: 5159
Train: data epoch: [22] Total time: 0:00:19 (0.5155 s / it)
2026-08-21 02:17:26,964 [INFO] Qual: EPOCH[22] -> PLCC: 0.914218, SROCC: 0.856068, KROCC: 0.674469, LOSS: 0.164664
2026-08-21 02:17:26,964 [INFO] Align: EPOCH[22] -> PLCC: 0.838661, SROCC: 0.695628, KROCC: 0.513798, LOSS: 0.291956
2026-08-21 02:17:26,965 [INFO] Start training
2026-08-21 02:17:27,237 [INFO] Start training epoch 23, 37 iters per inner epoch.
2026-08-21 02:17:45,972 [INFO] Averaged stats: lr: 0.000057  loss: 0.099033
2026-08-21 02:17:46,151 [INFO] gates: {"epoch": 23, "raw_quality_ratio": 2.6516, "quality_ratio": 0.0861, "lambda_q": 0.0325, "deviation_mean": 1.2082, "deviation_std": 0.1804, "patch_w_mean": 0.0509, "patch_w_std": 0.0635}
2026-08-21 02:17:46,152 [INFO] Evaluating on val.
Train: data epoch: [23]  [ 0/37]  eta: 0:00:39  lr: 0.000057  loss: 0.1206  time: 1.0778  data: 0.0001  max mem: 5159
Train: data epoch: [23]  [20/37]  eta: 0:00:08  lr: 0.000057  loss: 0.0951  time: 0.4898  data: 0.0000  max mem: 5159
Train: data epoch: [23]  [36/37]  eta: 0:00:00  lr: 0.000057  loss: 0.0825  time: 0.4939  data: 0.0000  max mem: 5159
Train: data epoch: [23] Total time: 0:00:18 (0.5063 s / it)
2026-08-21 02:17:53,056 [INFO] Qual: EPOCH[23] -> PLCC: 0.914361, SROCC: 0.855213, KROCC: 0.674391, LOSS: 0.169207
2026-08-21 02:17:53,056 [INFO] Align: EPOCH[23] -> PLCC: 0.840817, SROCC: 0.696483, KROCC: 0.514964, LOSS: 0.282167
2026-08-21 02:17:53,057 [INFO] Start training
2026-08-21 02:17:53,374 [INFO] Start training epoch 24, 37 iters per inner epoch.
2026-08-21 02:18:12,233 [INFO] Averaged stats: lr: 0.000054  loss: 0.095708
2026-08-21 02:18:12,332 [INFO] gates: {"epoch": 24, "raw_quality_ratio": 2.6234, "quality_ratio": 0.0871, "lambda_q": 0.0332, "deviation_mean": 1.1774, "deviation_std": 0.1908, "patch_w_mean": 0.0375, "patch_w_std": 0.0503}
2026-08-21 02:18:12,332 [INFO] Evaluating on val.
Train: data epoch: [24]  [ 0/37]  eta: 0:00:38  lr: 0.000054  loss: 0.0935  time: 1.0529  data: 0.0001  max mem: 5159
Train: data epoch: [24]  [20/37]  eta: 0:00:08  lr: 0.000054  loss: 0.0992  time: 0.4747  data: 0.0000  max mem: 5159
Train: data epoch: [24]  [36/37]  eta: 0:00:00  lr: 0.000054  loss: 0.0946  time: 0.5069  data: 0.0000  max mem: 5159
Train: data epoch: [24] Total time: 0:00:18 (0.5097 s / it)
2026-08-21 02:18:18,582 [INFO] Qual: EPOCH[24] -> PLCC: 0.914518, SROCC: 0.855847, KROCC: 0.674963, LOSS: 0.160900
2026-08-21 02:18:18,582 [INFO] Align: EPOCH[24] -> PLCC: 0.837987, SROCC: 0.694994, KROCC: 0.512722, LOSS: 0.289904
2026-08-21 02:18:18,583 [INFO] Start training
2026-08-21 02:18:18,904 [INFO] Start training epoch 25, 37 iters per inner epoch.
2026-08-21 02:18:38,351 [INFO] Averaged stats: lr: 0.000050  loss: 0.088945
2026-08-21 02:18:38,455 [INFO] gates: {"epoch": 25, "raw_quality_ratio": 2.7021, "quality_ratio": 0.0916, "lambda_q": 0.0339, "deviation_mean": 1.2058, "deviation_std": 0.1853, "patch_w_mean": 0.0399, "patch_w_std": 0.0555}
2026-08-21 02:18:38,456 [INFO] Evaluating on val.
Train: data epoch: [25]  [ 0/37]  eta: 0:00:46  lr: 0.000051  loss: 0.0864  time: 1.2625  data: 0.0001  max mem: 5159
Train: data epoch: [25]  [20/37]  eta: 0:00:09  lr: 0.000051  loss: 0.0730  time: 0.5030  data: 0.0000  max mem: 5159
Train: data epoch: [25]  [36/37]  eta: 0:00:00  lr: 0.000051  loss: 0.0819  time: 0.5204  data: 0.0000  max mem: 5159
Train: data epoch: [25] Total time: 0:00:19 (0.5256 s / it)
2026-08-21 02:18:44,956 [INFO] Qual: EPOCH[25] -> PLCC: 0.914830, SROCC: 0.857746, KROCC: 0.676599, LOSS: 0.164615
2026-08-21 02:18:44,956 [INFO] Align: EPOCH[25] -> PLCC: 0.837298, SROCC: 0.694119, KROCC: 0.512039, LOSS: 0.295737
2026-08-21 02:18:44,969 [INFO] Saving checkpoint at epoch 25 to run/20260821020_B1_dgmpq/checkpoint_best.pth.
2026-08-21 02:18:45,041 [INFO] Saving checkpoint at epoch 25 to run/20260821020_B1_dgmpq/checkpoint_latest.pth.
2026-08-21 02:18:45,106 [INFO] Start training
2026-08-21 02:18:45,439 [INFO] Start training epoch 26, 37 iters per inner epoch.
2026-08-21 02:19:05,011 [INFO] Averaged stats: lr: 0.000047  loss: 0.087041
2026-08-21 02:19:05,122 [INFO] gates: {"epoch": 26, "raw_quality_ratio": 2.5877, "quality_ratio": 0.0892, "lambda_q": 0.0345, "deviation_mean": 1.2008, "deviation_std": 0.1743, "patch_w_mean": 0.028, "patch_w_std": 0.0423}
2026-08-21 02:19:05,122 [INFO] Evaluating on val.
Train: data epoch: [26]  [ 0/37]  eta: 0:00:50  lr: 0.000047  loss: 0.0911  time: 1.3576  data: 0.0001  max mem: 5159
Train: data epoch: [26]  [20/37]  eta: 0:00:08  lr: 0.000047  loss: 0.0726  time: 0.4845  data: 0.0000  max mem: 5159
Train: data epoch: [26]  [36/37]  eta: 0:00:00  lr: 0.000047  loss: 0.0883  time: 0.5150  data: 0.0000  max mem: 5159
Train: data epoch: [26] Total time: 0:00:19 (0.5290 s / it)
2026-08-21 02:19:11,415 [INFO] Qual: EPOCH[26] -> PLCC: 0.913133, SROCC: 0.854670, KROCC: 0.673349, LOSS: 0.168652
2026-08-21 02:19:11,415 [INFO] Align: EPOCH[26] -> PLCC: 0.835839, SROCC: 0.695203, KROCC: 0.512745, LOSS: 0.294474
2026-08-21 02:19:11,415 [INFO] Start training
2026-08-21 02:19:11,707 [INFO] Start training epoch 27, 37 iters per inner epoch.
2026-08-21 02:19:31,663 [INFO] Averaged stats: lr: 0.000044  loss: 0.084972
2026-08-21 02:19:31,769 [INFO] gates: {"epoch": 27, "raw_quality_ratio": 2.6885, "quality_ratio": 0.0942, "lambda_q": 0.0351, "deviation_mean": 1.1766, "deviation_std": 0.1878, "patch_w_mean": 0.0303, "patch_w_std": 0.0439}
2026-08-21 02:19:31,770 [INFO] Evaluating on val.
Train: data epoch: [27]  [ 0/37]  eta: 0:00:56  lr: 0.000044  loss: 0.0974  time: 1.5201  data: 0.0001  max mem: 5159
Train: data epoch: [27]  [20/37]  eta: 0:00:09  lr: 0.000044  loss: 0.1000  time: 0.4986  data: 0.0000  max mem: 5159
Train: data epoch: [27]  [36/37]  eta: 0:00:00  lr: 0.000044  loss: 0.0678  time: 0.5304  data: 0.0000  max mem: 5159
Train: data epoch: [27] Total time: 0:00:19 (0.5393 s / it)
2026-08-21 02:19:37,781 [INFO] Qual: EPOCH[27] -> PLCC: 0.913947, SROCC: 0.855206, KROCC: 0.674044, LOSS: 0.162391
2026-08-21 02:19:37,781 [INFO] Align: EPOCH[27] -> PLCC: 0.835436, SROCC: 0.691620, KROCC: 0.509405, LOSS: 0.295899
2026-08-21 02:19:37,782 [INFO] Start training
2026-08-21 02:19:38,057 [INFO] Start training epoch 28, 37 iters per inner epoch.
2026-08-21 02:19:57,802 [INFO] Averaged stats: lr: 0.000041  loss: 0.079912
2026-08-21 02:19:57,915 [INFO] gates: {"epoch": 28, "raw_quality_ratio": 2.6751, "quality_ratio": 0.0951, "lambda_q": 0.0356, "deviation_mean": 1.1779, "deviation_std": 0.1706, "patch_w_mean": 0.0306, "patch_w_std": 0.047}
2026-08-21 02:19:57,915 [INFO] Evaluating on val.
Train: data epoch: [28]  [ 0/37]  eta: 0:00:45  lr: 0.000041  loss: 0.0670  time: 1.2370  data: 0.0001  max mem: 5159
Train: data epoch: [28]  [20/37]  eta: 0:00:09  lr: 0.000041  loss: 0.0776  time: 0.5145  data: 0.0000  max mem: 5159
Train: data epoch: [28]  [36/37]  eta: 0:00:00  lr: 0.000041  loss: 0.0883  time: 0.5029  data: 0.0000  max mem: 5159
Train: data epoch: [28] Total time: 0:00:19 (0.5336 s / it)
2026-08-21 02:20:04,741 [INFO] Qual: EPOCH[28] -> PLCC: 0.913125, SROCC: 0.855157, KROCC: 0.674245, LOSS: 0.164404
2026-08-21 02:20:04,741 [INFO] Align: EPOCH[28] -> PLCC: 0.834437, SROCC: 0.693085, KROCC: 0.510380, LOSS: 0.298940
2026-08-21 02:20:04,742 [INFO] Start training
2026-08-21 02:20:05,307 [INFO] Start training epoch 29, 37 iters per inner epoch.
2026-08-21 02:20:24,098 [INFO] Averaged stats: lr: 0.000038  loss: 0.080333
2026-08-21 02:20:24,188 [INFO] gates: {"epoch": 29, "raw_quality_ratio": 2.7004, "quality_ratio": 0.0975, "lambda_q": 0.0361, "deviation_mean": 1.2108, "deviation_std": 0.178, "patch_w_mean": 0.0266, "patch_w_std": 0.0417}
2026-08-21 02:20:24,189 [INFO] Evaluating on val.
Train: data epoch: [29]  [ 0/37]  eta: 0:01:33  lr: 0.000038  loss: 0.0869  time: 2.5144  data: 0.0001  max mem: 5159
Train: data epoch: [29]  [20/37]  eta: 0:00:10  lr: 0.000038  loss: 0.0755  time: 0.5358  data: 0.0000  max mem: 5159
Train: data epoch: [29]  [36/37]  eta: 0:00:00  lr: 0.000038  loss: 0.0769  time: 0.3922  data: 0.0000  max mem: 5159
Train: data epoch: [29] Total time: 0:00:18 (0.5078 s / it)
2026-08-21 02:20:28,269 [INFO] Qual: EPOCH[29] -> PLCC: 0.913133, SROCC: 0.855913, KROCC: 0.675198, LOSS: 0.164929
2026-08-21 02:20:28,270 [INFO] Align: EPOCH[29] -> PLCC: 0.833680, SROCC: 0.692851, KROCC: 0.509831, LOSS: 0.303956
2026-08-21 02:20:28,290 [INFO] Start training
2026-08-21 02:20:28,597 [INFO] Start training epoch 30, 37 iters per inner epoch.
2026-08-21 02:20:42,168 [INFO] Averaged stats: lr: 0.000035  loss: 0.076830
2026-08-21 02:20:42,259 [INFO] gates: {"epoch": 30, "raw_quality_ratio": 2.6986, "quality_ratio": 0.0985, "lambda_q": 0.0365, "deviation_mean": 1.1746, "deviation_std": 0.1869, "patch_w_mean": 0.0251, "patch_w_std": 0.0396}
2026-08-21 02:20:42,259 [INFO] Evaluating on val.
Train: data epoch: [30]  [ 0/37]  eta: 0:00:40  lr: 0.000035  loss: 0.0728  time: 1.1026  data: 0.0001  max mem: 5159
Train: data epoch: [30]  [20/37]  eta: 0:00:06  lr: 0.000035  loss: 0.0698  time: 0.3694  data: 0.0000  max mem: 5159
Train: data epoch: [30]  [36/37]  eta: 0:00:00  lr: 0.000035  loss: 0.0569  time: 0.3280  data: 0.0000  max mem: 5159
Train: data epoch: [30] Total time: 0:00:13 (0.3668 s / it)
2026-08-21 02:20:46,047 [INFO] Qual: EPOCH[30] -> PLCC: 0.913337, SROCC: 0.854680, KROCC: 0.673819, LOSS: 0.162851
2026-08-21 02:20:46,047 [INFO] Align: EPOCH[30] -> PLCC: 0.833809, SROCC: 0.689289, KROCC: 0.507017, LOSS: 0.301141
2026-08-21 02:20:46,063 [INFO] Saving checkpoint at epoch 30 to run/20260821020_B1_dgmpq/checkpoint_latest.pth.
2026-08-21 02:20:46,120 [INFO] Start training
2026-08-21 02:20:46,433 [INFO] Start training epoch 31, 37 iters per inner epoch.
2026-08-21 02:21:00,200 [INFO] Averaged stats: lr: 0.000032  loss: 0.075247
2026-08-21 02:21:00,290 [INFO] gates: {"epoch": 31, "raw_quality_ratio": 2.7418, "quality_ratio": 0.1011, "lambda_q": 0.0369, "deviation_mean": 1.1428, "deviation_std": 0.2017, "patch_w_mean": 0.0255, "patch_w_std": 0.042}
2026-08-21 02:21:00,290 [INFO] Evaluating on val.
Train: data epoch: [31]  [ 0/37]  eta: 0:00:38  lr: 0.000032  loss: 0.0687  time: 1.0367  data: 0.0001  max mem: 5159
Train: data epoch: [31]  [20/37]  eta: 0:00:06  lr: 0.000032  loss: 0.0599  time: 0.3737  data: 0.0000  max mem: 5159
Train: data epoch: [31]  [36/37]  eta: 0:00:00  lr: 0.000032  loss: 0.0926  time: 0.3371  data: 0.0000  max mem: 5159
Train: data epoch: [31] Total time: 0:00:13 (0.3721 s / it)
2026-08-21 02:21:04,775 [INFO] Qual: EPOCH[31] -> PLCC: 0.913052, SROCC: 0.855869, KROCC: 0.675310, LOSS: 0.164400
2026-08-21 02:21:04,776 [INFO] Align: EPOCH[31] -> PLCC: 0.834079, SROCC: 0.688718, KROCC: 0.506480, LOSS: 0.302248
2026-08-21 02:21:04,776 [INFO] Start training
2026-08-21 02:21:05,066 [INFO] Start training epoch 32, 37 iters per inner epoch.
2026-08-21 02:21:18,545 [INFO] Averaged stats: lr: 0.000029  loss: 0.071655
2026-08-21 02:21:18,648 [INFO] gates: {"epoch": 32, "raw_quality_ratio": 2.8904, "quality_ratio": 0.1077, "lambda_q": 0.0373, "deviation_mean": 1.1641, "deviation_std": 0.1774, "patch_w_mean": 0.024, "patch_w_std": 0.0391}
2026-08-21 02:21:18,648 [INFO] Evaluating on val.
Train: data epoch: [32]  [ 0/37]  eta: 0:00:44  lr: 0.000029  loss: 0.0947  time: 1.2047  data: 0.0001  max mem: 5159
Train: data epoch: [32]  [20/37]  eta: 0:00:06  lr: 0.000029  loss: 0.0815  time: 0.3644  data: 0.0000  max mem: 5159
Train: data epoch: [32]  [36/37]  eta: 0:00:00  lr: 0.000029  loss: 0.0881  time: 0.3127  data: 0.0000  max mem: 5159
Train: data epoch: [32] Total time: 0:00:13 (0.3643 s / it)
2026-08-21 02:21:23,807 [INFO] Qual: EPOCH[32] -> PLCC: 0.911385, SROCC: 0.854362, KROCC: 0.672990, LOSS: 0.172434
2026-08-21 02:21:23,807 [INFO] Align: EPOCH[32] -> PLCC: 0.831275, SROCC: 0.690396, KROCC: 0.507623, LOSS: 0.306652
2026-08-21 02:21:23,808 [INFO] Start training
2026-08-21 02:21:24,123 [INFO] Start training epoch 33, 37 iters per inner epoch.
2026-08-21 02:21:37,000 [INFO] Averaged stats: lr: 0.000027  loss: 0.070552
2026-08-21 02:21:37,122 [INFO] gates: {"epoch": 33, "raw_quality_ratio": 2.8175, "quality_ratio": 0.1059, "lambda_q": 0.0376, "deviation_mean": 1.1484, "deviation_std": 0.183, "patch_w_mean": 0.0224, "patch_w_std": 0.0402}
2026-08-21 02:21:37,123 [INFO] Evaluating on val.
Train: data epoch: [33]  [ 0/37]  eta: 0:00:41  lr: 0.000027  loss: 0.0598  time: 1.1217  data: 0.0001  max mem: 5159
Train: data epoch: [33]  [20/37]  eta: 0:00:06  lr: 0.000027  loss: 0.0468  time: 0.3253  data: 0.0000  max mem: 5159
Train: data epoch: [33]  [36/37]  eta: 0:00:00  lr: 0.000027  loss: 0.0800  time: 0.3008  data: 0.0000  max mem: 5159
Train: data epoch: [33] Total time: 0:00:12 (0.3480 s / it)
2026-08-21 02:21:41,942 [INFO] Qual: EPOCH[33] -> PLCC: 0.912225, SROCC: 0.853631, KROCC: 0.672530, LOSS: 0.166981
2026-08-21 02:21:41,942 [INFO] Align: EPOCH[33] -> PLCC: 0.833046, SROCC: 0.687486, KROCC: 0.505168, LOSS: 0.302149
2026-08-21 02:21:41,943 [INFO] Start training
2026-08-21 02:21:42,256 [INFO] Start training epoch 34, 37 iters per inner epoch.
2026-08-21 02:21:55,196 [INFO] Averaged stats: lr: 0.000024  loss: 0.068266
2026-08-21 02:21:55,284 [INFO] gates: {"epoch": 34, "raw_quality_ratio": 2.7346, "quality_ratio": 0.1037, "lambda_q": 0.0379, "deviation_mean": 1.1436, "deviation_std": 0.1784, "patch_w_mean": 0.0231, "patch_w_std": 0.0393}
2026-08-21 02:21:55,284 [INFO] Evaluating on val.
Train: data epoch: [34]  [ 0/37]  eta: 0:00:40  lr: 0.000024  loss: 0.0756  time: 1.1047  data: 0.0001  max mem: 5159
Train: data epoch: [34]  [20/37]  eta: 0:00:06  lr: 0.000024  loss: 0.0968  time: 0.3307  data: 0.0000  max mem: 5159
Train: data epoch: [34]  [36/37]  eta: 0:00:00  lr: 0.000024  loss: 0.0700  time: 0.3385  data: 0.0000  max mem: 5159
Train: data epoch: [34] Total time: 0:00:12 (0.3497 s / it)
2026-08-21 02:22:00,078 [INFO] Qual: EPOCH[34] -> PLCC: 0.911939, SROCC: 0.853864, KROCC: 0.672553, LOSS: 0.167328
2026-08-21 02:22:00,079 [INFO] Align: EPOCH[34] -> PLCC: 0.831177, SROCC: 0.688358, KROCC: 0.505874, LOSS: 0.308088
2026-08-21 02:22:00,079 [INFO] Start training
2026-08-21 02:22:00,390 [INFO] Start training epoch 35, 37 iters per inner epoch.
2026-08-21 02:22:13,459 [INFO] Averaged stats: lr: 0.000021  loss: 0.065984
2026-08-21 02:22:13,556 [INFO] gates: {"epoch": 35, "raw_quality_ratio": 2.7364, "quality_ratio": 0.1044, "lambda_q": 0.0382, "deviation_mean": 1.1316, "deviation_std": 0.1856, "patch_w_mean": 0.0221, "patch_w_std": 0.0363}
2026-08-21 02:22:13,557 [INFO] Evaluating on val.
Train: data epoch: [35]  [ 0/37]  eta: 0:00:41  lr: 0.000021  loss: 0.0769  time: 1.1350  data: 0.0001  max mem: 5159
Train: data epoch: [35]  [20/37]  eta: 0:00:06  lr: 0.000021  loss: 0.0491  time: 0.3458  data: 0.0000  max mem: 5159
Train: data epoch: [35]  [36/37]  eta: 0:00:00  lr: 0.000021  loss: 0.0623  time: 0.3292  data: 0.0000  max mem: 5159
Train: data epoch: [35] Total time: 0:00:13 (0.3532 s / it)
2026-08-21 02:22:18,411 [INFO] Qual: EPOCH[35] -> PLCC: 0.911624, SROCC: 0.853646, KROCC: 0.672351, LOSS: 0.168785
2026-08-21 02:22:18,411 [INFO] Align: EPOCH[35] -> PLCC: 0.830392, SROCC: 0.687792, KROCC: 0.505426, LOSS: 0.310369
2026-08-21 02:22:18,424 [INFO] Saving checkpoint at epoch 35 to run/20260821020_B1_dgmpq/checkpoint_latest.pth.
2026-08-21 02:22:18,482 [INFO] Start training
2026-08-21 02:22:18,769 [INFO] Start training epoch 36, 37 iters per inner epoch.
2026-08-21 02:22:31,631 [INFO] Averaged stats: lr: 0.000019  loss: 0.067241
2026-08-21 02:22:31,715 [INFO] gates: {"epoch": 36, "raw_quality_ratio": 2.8601, "quality_ratio": 0.1098, "lambda_q": 0.0384, "deviation_mean": 1.1267, "deviation_std": 0.1888, "patch_w_mean": 0.0223, "patch_w_std": 0.0361}
2026-08-21 02:22:31,716 [INFO] Evaluating on val.
Train: data epoch: [36]  [ 0/37]  eta: 0:00:39  lr: 0.000019  loss: 0.0668  time: 1.0640  data: 0.0001  max mem: 5159
Train: data epoch: [36]  [20/37]  eta: 0:00:05  lr: 0.000019  loss: 0.0545  time: 0.2998  data: 0.0000  max mem: 5159
Train: data epoch: [36]  [36/37]  eta: 0:00:00  lr: 0.000019  loss: 0.0695  time: 0.3274  data: 0.0000  max mem: 5159
Train: data epoch: [36] Total time: 0:00:12 (0.3476 s / it)
2026-08-21 02:22:36,657 [INFO] Qual: EPOCH[36] -> PLCC: 0.911556, SROCC: 0.853334, KROCC: 0.671892, LOSS: 0.169001
2026-08-21 02:22:36,658 [INFO] Align: EPOCH[36] -> PLCC: 0.830985, SROCC: 0.687979, KROCC: 0.505179, LOSS: 0.307516
2026-08-21 02:22:36,658 [INFO] Start training
2026-08-21 02:22:37,002 [INFO] Start training epoch 37, 37 iters per inner epoch.
2026-08-21 02:22:50,328 [INFO] Averaged stats: lr: 0.000017  loss: 0.065480
2026-08-21 02:22:50,423 [INFO] gates: {"epoch": 37, "raw_quality_ratio": 2.7339, "quality_ratio": 0.1055, "lambda_q": 0.0386, "deviation_mean": 1.1462, "deviation_std": 0.1939, "patch_w_mean": 0.018, "patch_w_std": 0.031}
2026-08-21 02:22:50,423 [INFO] Evaluating on val.
Train: data epoch: [37]  [ 0/37]  eta: 0:00:36  lr: 0.000017  loss: 0.0775  time: 0.9935  data: 0.0001  max mem: 5159
Train: data epoch: [37]  [20/37]  eta: 0:00:05  lr: 0.000017  loss: 0.0856  time: 0.3176  data: 0.0000  max mem: 5159
Train: data epoch: [37]  [36/37]  eta: 0:00:00  lr: 0.000017  loss: 0.0674  time: 0.3655  data: 0.0000  max mem: 5159
Train: data epoch: [37] Total time: 0:00:13 (0.3602 s / it)
2026-08-21 02:22:55,237 [INFO] Qual: EPOCH[37] -> PLCC: 0.911065, SROCC: 0.852856, KROCC: 0.671656, LOSS: 0.171541
2026-08-21 02:22:55,237 [INFO] Align: EPOCH[37] -> PLCC: 0.829353, SROCC: 0.686866, KROCC: 0.504126, LOSS: 0.311001
2026-08-21 02:22:55,238 [INFO] Start training
2026-08-21 02:22:55,535 [INFO] Start training epoch 38, 37 iters per inner epoch.
2026-08-21 02:23:09,397 [INFO] Averaged stats: lr: 0.000014  loss: 0.065086
2026-08-21 02:23:09,497 [INFO] gates: {"epoch": 38, "raw_quality_ratio": 2.8236, "quality_ratio": 0.1095, "lambda_q": 0.0388, "deviation_mean": 1.156, "deviation_std": 0.1799, "patch_w_mean": 0.0205, "patch_w_std": 0.0376}
2026-08-21 02:23:09,498 [INFO] Evaluating on val.
Train: data epoch: [38]  [ 0/37]  eta: 0:00:50  lr: 0.000014  loss: 0.0608  time: 1.3713  data: 0.0001  max mem: 5159
Train: data epoch: [38]  [20/37]  eta: 0:00:06  lr: 0.000014  loss: 0.0630  time: 0.3258  data: 0.0000  max mem: 5159
Train: data epoch: [38]  [36/37]  eta: 0:00:00  lr: 0.000014  loss: 0.0476  time: 0.3732  data: 0.0000  max mem: 5159
Train: data epoch: [38] Total time: 0:00:13 (0.3746 s / it)
2026-08-21 02:23:13,667 [INFO] Qual: EPOCH[38] -> PLCC: 0.910930, SROCC: 0.852000, KROCC: 0.670872, LOSS: 0.169518
2026-08-21 02:23:13,667 [INFO] Align: EPOCH[38] -> PLCC: 0.829319, SROCC: 0.686584, KROCC: 0.503879, LOSS: 0.310375
2026-08-21 02:23:13,668 [INFO] Start training
2026-08-21 02:23:13,993 [INFO] Start training epoch 39, 37 iters per inner epoch.
2026-08-21 02:23:27,479 [INFO] Averaged stats: lr: 0.000012  loss: 0.063153
2026-08-21 02:23:27,572 [INFO] gates: {"epoch": 39, "raw_quality_ratio": 2.7556, "quality_ratio": 0.1072, "lambda_q": 0.0389, "deviation_mean": 1.1461, "deviation_std": 0.1857, "patch_w_mean": 0.0182, "patch_w_std": 0.0318}
2026-08-21 02:23:27,572 [INFO] Evaluating on val.
Train: data epoch: [39]  [ 0/37]  eta: 0:00:34  lr: 0.000012  loss: 0.0496  time: 0.9303  data: 0.0001  max mem: 5159
Train: data epoch: [39]  [20/37]  eta: 0:00:06  lr: 0.000012  loss: 0.0620  time: 0.3282  data: 0.0000  max mem: 5159
Train: data epoch: [39]  [36/37]  eta: 0:00:00  lr: 0.000012  loss: 0.0703  time: 0.3744  data: 0.0000  max mem: 5159
Train: data epoch: [39] Total time: 0:00:13 (0.3644 s / it)
2026-08-21 02:23:31,757 [INFO] Qual: EPOCH[39] -> PLCC: 0.910613, SROCC: 0.851595, KROCC: 0.670188, LOSS: 0.172408
2026-08-21 02:23:31,757 [INFO] Align: EPOCH[39] -> PLCC: 0.828428, SROCC: 0.685811, KROCC: 0.503573, LOSS: 0.311673
2026-08-21 02:23:31,758 [INFO] Start training
2026-08-21 02:23:32,055 [INFO] Start training epoch 40, 37 iters per inner epoch.
2026-08-21 02:23:45,406 [INFO] Averaged stats: lr: 0.000010  loss: 0.063402
2026-08-21 02:23:45,502 [INFO] gates: {"epoch": 40, "raw_quality_ratio": 2.8699, "quality_ratio": 0.1121, "lambda_q": 0.0391, "deviation_mean": 1.1262, "deviation_std": 0.1881, "patch_w_mean": 0.0216, "patch_w_std": 0.038}
2026-08-21 02:23:45,502 [INFO] Evaluating on val.
Train: data epoch: [40]  [ 0/37]  eta: 0:00:39  lr: 0.000010  loss: 0.0713  time: 1.0756  data: 0.0001  max mem: 5159
Train: data epoch: [40]  [20/37]  eta: 0:00:05  lr: 0.000010  loss: 0.0361  time: 0.3166  data: 0.0000  max mem: 5159
Train: data epoch: [40]  [36/37]  eta: 0:00:00  lr: 0.000010  loss: 0.0566  time: 0.3702  data: 0.0000  max mem: 5159
Train: data epoch: [40] Total time: 0:00:13 (0.3608 s / it)
2026-08-21 02:23:49,613 [INFO] Qual: EPOCH[40] -> PLCC: 0.910329, SROCC: 0.851331, KROCC: 0.669975, LOSS: 0.172979
2026-08-21 02:23:49,613 [INFO] Align: EPOCH[40] -> PLCC: 0.828946, SROCC: 0.686076, KROCC: 0.503577, LOSS: 0.311586
2026-08-21 02:23:49,626 [INFO] Saving checkpoint at epoch 40 to run/20260821020_B1_dgmpq/checkpoint_latest.pth.
2026-08-21 02:23:49,682 [INFO] Start training
2026-08-21 02:23:49,963 [INFO] Start training epoch 41, 37 iters per inner epoch.
2026-08-21 02:24:03,645 [INFO] Averaged stats: lr: 0.000009  loss: 0.061721
2026-08-21 02:24:03,736 [INFO] gates: {"epoch": 41, "raw_quality_ratio": 2.7858, "quality_ratio": 0.1091, "lambda_q": 0.0392, "deviation_mean": 1.1613, "deviation_std": 0.1912, "patch_w_mean": 0.02, "patch_w_std": 0.0368}
2026-08-21 02:24:03,736 [INFO] Evaluating on val.
Train: data epoch: [41]  [ 0/37]  eta: 0:00:34  lr: 0.000009  loss: 0.0592  time: 0.9334  data: 0.0001  max mem: 5159
Train: data epoch: [41]  [20/37]  eta: 0:00:06  lr: 0.000009  loss: 0.0762  time: 0.3396  data: 0.0000  max mem: 5159
Train: data epoch: [41]  [36/37]  eta: 0:00:00  lr: 0.000009  loss: 0.0593  time: 0.3712  data: 0.0000  max mem: 5159
Train: data epoch: [41] Total time: 0:00:13 (0.3698 s / it)
2026-08-21 02:24:08,874 [INFO] Qual: EPOCH[41] -> PLCC: 0.910468, SROCC: 0.851778, KROCC: 0.670468, LOSS: 0.170582
2026-08-21 02:24:08,874 [INFO] Align: EPOCH[41] -> PLCC: 0.828525, SROCC: 0.685398, KROCC: 0.503039, LOSS: 0.312074
2026-08-21 02:24:08,875 [INFO] Start training
2026-08-21 02:24:09,168 [INFO] Start training epoch 42, 37 iters per inner epoch.
2026-08-21 02:24:23,839 [INFO] Averaged stats: lr: 0.000007  loss: 0.061610
2026-08-21 02:24:23,945 [INFO] gates: {"epoch": 42, "raw_quality_ratio": 2.9524, "quality_ratio": 0.1159, "lambda_q": 0.0393, "deviation_mean": 1.1536, "deviation_std": 0.1885, "patch_w_mean": 0.0223, "patch_w_std": 0.0401}
2026-08-21 02:24:23,945 [INFO] Evaluating on val.
Train: data epoch: [42]  [ 0/37]  eta: 0:00:57  lr: 0.000007  loss: 0.0542  time: 1.5633  data: 0.0001  max mem: 5159
Train: data epoch: [42]  [20/37]  eta: 0:00:07  lr: 0.000007  loss: 0.0510  time: 0.3770  data: 0.0000  max mem: 5159
Train: data epoch: [42]  [36/37]  eta: 0:00:00  lr: 0.000007  loss: 0.0774  time: 0.3529  data: 0.0000  max mem: 5159
Train: data epoch: [42] Total time: 0:00:14 (0.3965 s / it)
2026-08-21 02:24:28,550 [INFO] Qual: EPOCH[42] -> PLCC: 0.910155, SROCC: 0.851452, KROCC: 0.670009, LOSS: 0.171193
2026-08-21 02:24:28,550 [INFO] Align: EPOCH[42] -> PLCC: 0.828585, SROCC: 0.685959, KROCC: 0.503610, LOSS: 0.313175
2026-08-21 02:24:28,551 [INFO] Start training
2026-08-21 02:24:28,916 [INFO] Start training epoch 43, 37 iters per inner epoch.
2026-08-21 02:24:43,144 [INFO] Averaged stats: lr: 0.000006  loss: 0.061626
2026-08-21 02:24:43,237 [INFO] gates: {"epoch": 43, "raw_quality_ratio": 2.7819, "quality_ratio": 0.1094, "lambda_q": 0.0393, "deviation_mean": 1.1543, "deviation_std": 0.1763, "patch_w_mean": 0.0187, "patch_w_std": 0.0361}
2026-08-21 02:24:43,238 [INFO] Evaluating on val.
Train: data epoch: [43]  [ 0/37]  eta: 0:01:00  lr: 0.000006  loss: 0.0612  time: 1.6480  data: 0.0001  max mem: 5159
Train: data epoch: [43]  [20/37]  eta: 0:00:07  lr: 0.000006  loss: 0.0609  time: 0.3745  data: 0.0000  max mem: 5159
Train: data epoch: [43]  [36/37]  eta: 0:00:00  lr: 0.000006  loss: 0.0539  time: 0.3306  data: 0.0000  max mem: 5159
Train: data epoch: [43] Total time: 0:00:14 (0.3845 s / it)
2026-08-21 02:24:47,167 [INFO] Qual: EPOCH[43] -> PLCC: 0.910338, SROCC: 0.851769, KROCC: 0.670289, LOSS: 0.170688
2026-08-21 02:24:47,167 [INFO] Align: EPOCH[43] -> PLCC: 0.828390, SROCC: 0.685136, KROCC: 0.502781, LOSS: 0.312793
2026-08-21 02:24:47,168 [INFO] Start training
2026-08-21 02:24:47,469 [INFO] Start training epoch 44, 37 iters per inner epoch.
2026-08-21 02:25:01,303 [INFO] Averaged stats: lr: 0.000004  loss: 0.059809
2026-08-21 02:25:01,415 [INFO] gates: {"epoch": 44, "raw_quality_ratio": 2.6633, "quality_ratio": 0.1049, "lambda_q": 0.0394, "deviation_mean": 1.1558, "deviation_std": 0.1795, "patch_w_mean": 0.0182, "patch_w_std": 0.0337}
2026-08-21 02:25:01,416 [INFO] Evaluating on val.
Train: data epoch: [44]  [ 0/37]  eta: 0:00:44  lr: 0.000004  loss: 0.0571  time: 1.2023  data: 0.0001  max mem: 5159
Train: data epoch: [44]  [20/37]  eta: 0:00:07  lr: 0.000004  loss: 0.0584  time: 0.3724  data: 0.0000  max mem: 5159
Train: data epoch: [44]  [36/37]  eta: 0:00:00  lr: 0.000004  loss: 0.0555  time: 0.3338  data: 0.0000  max mem: 5159
Train: data epoch: [44] Total time: 0:00:13 (0.3739 s / it)
2026-08-21 02:25:05,629 [INFO] Qual: EPOCH[44] -> PLCC: 0.909938, SROCC: 0.851578, KROCC: 0.669930, LOSS: 0.173527
2026-08-21 02:25:05,629 [INFO] Align: EPOCH[44] -> PLCC: 0.828416, SROCC: 0.685428, KROCC: 0.503072, LOSS: 0.313159
2026-08-21 02:25:05,630 [INFO] Start training
2026-08-21 02:25:05,924 [INFO] Start training epoch 45, 37 iters per inner epoch.
2026-08-21 02:25:19,452 [INFO] Averaged stats: lr: 0.000003  loss: 0.061669
2026-08-21 02:25:19,541 [INFO] gates: {"epoch": 45, "raw_quality_ratio": 2.7492, "quality_ratio": 0.1084, "lambda_q": 0.0394, "deviation_mean": 1.1458, "deviation_std": 0.1772, "patch_w_mean": 0.0218, "patch_w_std": 0.0378}
2026-08-21 02:25:19,541 [INFO] Evaluating on val.
Train: data epoch: [45]  [ 0/37]  eta: 0:00:45  lr: 0.000003  loss: 0.0691  time: 1.2167  data: 0.0001  max mem: 5159
Train: data epoch: [45]  [20/37]  eta: 0:00:06  lr: 0.000003  loss: 0.0674  time: 0.3674  data: 0.0000  max mem: 5159
Train: data epoch: [45]  [36/37]  eta: 0:00:00  lr: 0.000003  loss: 0.0657  time: 0.3178  data: 0.0000  max mem: 5159
Train: data epoch: [45] Total time: 0:00:13 (0.3656 s / it)
2026-08-21 02:25:24,682 [INFO] Qual: EPOCH[45] -> PLCC: 0.910147, SROCC: 0.851388, KROCC: 0.669863, LOSS: 0.171031
2026-08-21 02:25:24,682 [INFO] Align: EPOCH[45] -> PLCC: 0.828158, SROCC: 0.684775, KROCC: 0.502512, LOSS: 0.313214
2026-08-21 02:25:24,698 [INFO] Saving checkpoint at epoch 45 to run/20260821020_B1_dgmpq/checkpoint_latest.pth.
2026-08-21 02:25:24,763 [INFO] Start training
2026-08-21 02:25:25,086 [INFO] Start training epoch 46, 37 iters per inner epoch.
2026-08-21 02:25:37,544 [INFO] Averaged stats: lr: 0.000003  loss: 0.059932
2026-08-21 02:25:37,640 [INFO] gates: {"epoch": 46, "raw_quality_ratio": 2.5516, "quality_ratio": 0.1007, "lambda_q": 0.0395, "deviation_mean": 1.1266, "deviation_std": 0.1997, "patch_w_mean": 0.0184, "patch_w_std": 0.033}
2026-08-21 02:25:37,640 [INFO] Evaluating on val.
Train: data epoch: [46]  [ 0/37]  eta: 0:00:37  lr: 0.000003  loss: 0.0561  time: 1.0184  data: 0.0001  max mem: 5159
Train: data epoch: [46]  [20/37]  eta: 0:00:06  lr: 0.000003  loss: 0.0600  time: 0.3295  data: 0.0000  max mem: 5159
Train: data epoch: [46]  [36/37]  eta: 0:00:00  lr: 0.000003  loss: 0.0666  time: 0.2848  data: 0.0000  max mem: 5159
Train: data epoch: [46] Total time: 0:00:12 (0.3367 s / it)
2026-08-21 02:25:40,646 [INFO] Qual: EPOCH[46] -> PLCC: 0.909992, SROCC: 0.851371, KROCC: 0.669762, LOSS: 0.172425
2026-08-21 02:25:40,646 [INFO] Align: EPOCH[46] -> PLCC: 0.828102, SROCC: 0.684626, KROCC: 0.502333, LOSS: 0.313581
2026-08-21 02:25:40,647 [INFO] Start training
2026-08-21 02:25:40,951 [INFO] Start training epoch 47, 37 iters per inner epoch.
2026-08-21 02:25:48,498 [INFO] Averaged stats: lr: 0.000002  loss: 0.060465
2026-08-21 02:25:48,592 [INFO] gates: {"epoch": 47, "raw_quality_ratio": 2.7492, "quality_ratio": 0.1086, "lambda_q": 0.0395, "deviation_mean": 1.1656, "deviation_std": 0.1861, "patch_w_mean": 0.0181, "patch_w_std": 0.0323}
2026-08-21 02:25:48,592 [INFO] Evaluating on val.
Train: data epoch: [47]  [ 0/37]  eta: 0:00:32  lr: 0.000002  loss: 0.0611  time: 0.8681  data: 0.0001  max mem: 5159
Train: data epoch: [47]  [20/37]  eta: 0:00:03  lr: 0.000002  loss: 0.0446  time: 0.1863  data: 0.0000  max mem: 5159
Train: data epoch: [47]  [36/37]  eta: 0:00:00  lr: 0.000002  loss: 0.0723  time: 0.1843  data: 0.0000  max mem: 5159
Train: data epoch: [47] Total time: 0:00:07 (0.2040 s / it)
2026-08-21 02:25:51,533 [INFO] Qual: EPOCH[47] -> PLCC: 0.910029, SROCC: 0.851295, KROCC: 0.669695, LOSS: 0.172271
2026-08-21 02:25:51,534 [INFO] Align: EPOCH[47] -> PLCC: 0.828041, SROCC: 0.684531, KROCC: 0.502422, LOSS: 0.313127
2026-08-21 02:25:51,535 [INFO] Start training
2026-08-21 02:25:51,848 [INFO] Start training epoch 48, 37 iters per inner epoch.
2026-08-21 02:25:59,341 [INFO] Averaged stats: lr: 0.000001  loss: 0.061284
2026-08-21 02:25:59,443 [INFO] gates: {"epoch": 48, "raw_quality_ratio": 2.7538, "quality_ratio": 0.1088, "lambda_q": 0.0395, "deviation_mean": 1.1438, "deviation_std": 0.1801, "patch_w_mean": 0.0194, "patch_w_std": 0.0353}
2026-08-21 02:25:59,444 [INFO] Evaluating on val.
Train: data epoch: [48]  [ 0/37]  eta: 0:00:29  lr: 0.000001  loss: 0.0614  time: 0.7911  data: 0.0001  max mem: 5159
Train: data epoch: [48]  [20/37]  eta: 0:00:03  lr: 0.000001  loss: 0.0681  time: 0.1871  data: 0.0000  max mem: 5159
Train: data epoch: [48]  [36/37]  eta: 0:00:00  lr: 0.000001  loss: 0.0474  time: 0.1845  data: 0.0000  max mem: 5159
Train: data epoch: [48] Total time: 0:00:07 (0.2025 s / it)
2026-08-21 02:26:02,378 [INFO] Qual: EPOCH[48] -> PLCC: 0.910102, SROCC: 0.851412, KROCC: 0.669930, LOSS: 0.171719
2026-08-21 02:26:02,378 [INFO] Align: EPOCH[48] -> PLCC: 0.828106, SROCC: 0.684360, KROCC: 0.502288, LOSS: 0.313226
2026-08-21 02:26:02,379 [INFO] Start training
2026-08-21 02:26:02,700 [INFO] Start training epoch 49, 37 iters per inner epoch.
2026-08-21 02:26:10,141 [INFO] Averaged stats: lr: 0.000001  loss: 0.059752
2026-08-21 02:26:10,221 [INFO] gates: {"epoch": 49, "raw_quality_ratio": 2.6121, "quality_ratio": 0.1033, "lambda_q": 0.0395, "deviation_mean": 1.1549, "deviation_std": 0.1827, "patch_w_mean": 0.0197, "patch_w_std": 0.0368}
2026-08-21 02:26:10,221 [INFO] Evaluating on val.
Train: data epoch: [49]  [ 0/37]  eta: 0:00:25  lr: 0.000001  loss: 0.0673  time: 0.7015  data: 0.0001  max mem: 5159
Train: data epoch: [49]  [20/37]  eta: 0:00:03  lr: 0.000001  loss: 0.0693  time: 0.1890  data: 0.0000  max mem: 5159
Train: data epoch: [49]  [36/37]  eta: 0:00:00  lr: 0.000001  loss: 0.0576  time: 0.1849  data: 0.0000  max mem: 5159
Train: data epoch: [49] Total time: 0:00:07 (0.2011 s / it)
2026-08-21 02:26:13,145 [INFO] Qual: EPOCH[49] -> PLCC: 0.910003, SROCC: 0.851449, KROCC: 0.669930, LOSS: 0.172443
2026-08-21 02:26:13,145 [INFO] Align: EPOCH[49] -> PLCC: 0.828029, SROCC: 0.684390, KROCC: 0.502142, LOSS: 0.313535
2026-08-21 02:26:13,161 [INFO] Saving checkpoint at epoch 49 to run/20260821020_B1_dgmpq/checkpoint_latest.pth.
[{'agg_metrics': np.float64(4.5169684716024525), 'qual_agg': np.float64(2.447228258268721), 'qual_PLCC': np.float64(0.9153125628430472), 'qual_SROCC': np.float64(0.8562581544034147), 'qual_KROCC': np.float64(0.6756575410222593), 'align_agg': np.float64(2.0697402133337315), 'align_PLCC': np.float64(0.8431889146284665), 'align_SROCC': np.float64(0.7045938349982753), 'align_KROCC': np.float64(0.5219574637069895)}]
{'agg_metrics': np.float64(4.5169684716024525), 'qual_agg': np.float64(2.447228258268721), 'qual_PLCC': np.float64(0.9153125628430472), 'qual_SROCC': np.float64(0.8562581544034147), 'qual_KROCC': np.float64(0.6756575410222593), 'align_agg': np.float64(2.0697402133337315), 'align_PLCC': np.float64(0.8431889146284665), 'align_SROCC': np.float64(0.7045938349982753), 'align_KROCC': np.float64(0.5219574637069895)}
