2026-08-22 23:49:26,491 [INFO] Loaded init weights from init_ckpt/v26_aigiqa20k_seed42.pth
2026-08-22 23:49:26,491 [INFO] Start training
2026-08-22 23:49:26,556 [INFO] number of trainable parameters: 1501444
Not using distributed mode
['lace_aigiqa20k_v26', 'msqr_dgmpq_abl_v21', 'msqr_dgmpq_cadr_v18', 'msqr_dgmpq_daps_v16', 'msqr_dgmpq_hcmi_v8', 'msqr_dgmpq_hmqe_dcga_v20', 'msqr_dgmpq_mscm_v10', 'msqr_dgmpq_mscm_v11', 'msqr_dgmpq_mscm_v12', 'msqr_dgmpq_msrc_v14', 'msqr_dgmpq_ptlc_v15', 'msqr_dgmpq_qard_v17', 'msqr_dgmpq_tcap_v9', 'msqr_dgmpqplus_dcar_v19', 'msqr_mlpq_mgsc_v23', 'msqr_mlpq_mgsc_v23_final', 'msqr_mlpq_mgsc_v23_refined', 'msqr_qare_csae_v24']
2026-08-22 23:49:27,458 [INFO] Start training epoch 0, 218 iters per inner epoch.
2026-08-22 23:51:29,826 [INFO] Averaged stats: lr: 0.000088  loss: 4.111638
2026-08-22 23:51:29,906 [INFO] gates: {"epoch": 0, "quality_gate": 0.0174, "patch_w_mean": 0.568, "patch_w_std": 0.0211}
2026-08-22 23:51:29,906 [INFO] Evaluating on val.
Train: data epoch: [0]  [  0/218]  eta: 0:40:23  lr: 0.000000  loss: 16.1819  time: 11.1180  data: 0.0001  max mem: 5151
Train: data epoch: [0]  [ 20/218]  eta: 0:03:26  lr: 0.000040  loss: 15.8485  time: 0.5388  data: 0.0000  max mem: 5162
Train: data epoch: [0]  [ 40/218]  eta: 0:02:20  lr: 0.000080  loss: 12.8587  time: 0.5200  data: 0.0000  max mem: 5162
Train: data epoch: [0]  [ 60/218]  eta: 0:01:49  lr: 0.000100  loss: 5.6064  time: 0.4904  data: 0.0000  max mem: 5162
Train: data epoch: [0]  [ 80/218]  eta: 0:01:29  lr: 0.000100  loss: 0.4705  time: 0.5352  data: 0.0000  max mem: 5162
Train: data epoch: [0]  [100/218]  eta: 0:01:13  lr: 0.000100  loss: 0.6077  time: 0.5245  data: 0.0000  max mem: 5162
Train: data epoch: [0]  [120/218]  eta: 0:00:59  lr: 0.000100  loss: 0.2639  time: 0.4948  data: 0.0000  max mem: 5162
Train: data epoch: [0]  [140/218]  eta: 0:00:46  lr: 0.000100  loss: 0.1784  time: 0.5174  data: 0.0000  max mem: 5162
Train: data epoch: [0]  [160/218]  eta: 0:00:33  lr: 0.000100  loss: 0.2119  time: 0.5003  data: 0.0000  max mem: 5162
Train: data epoch: [0]  [180/218]  eta: 0:00:21  lr: 0.000100  loss: 0.2534  time: 0.5203  data: 0.0000  max mem: 5162
Train: data epoch: [0]  [200/218]  eta: 0:00:10  lr: 0.000100  loss: 0.2496  time: 0.5245  data: 0.0000  max mem: 5162
Train: data epoch: [0]  [217/218]  eta: 0:00:00  lr: 0.000100  loss: 0.1825  time: 0.4680  data: 0.0000  max mem: 5162
Train: data epoch: [0] Total time: 0:02:02 (0.5613 s / it)
2026-08-22 23:51:52,991 [INFO] AIGIQA-20K: EPOCH[0] -> SRCC 0.7021 PLCC_raw 0.8053 PLCC_mapped 0.8095 KRCC 0.5175 MainScore_official 0.7558
2026-08-22 23:51:53,007 [INFO] Saving checkpoint at epoch 0 to run/20260822234_B1_lqea/checkpoint_best.pth.
2026-08-22 23:51:53,088 [INFO] Saving checkpoint at epoch 0 to run/20260822234_B1_lqea/checkpoint_best_joint.pth.
2026-08-22 23:51:53,156 [INFO] Saving checkpoint at epoch 0 to run/20260822234_B1_lqea/checkpoint_best_main.pth.
2026-08-22 23:51:53,201 [INFO] Start training
2026-08-22 23:51:53,516 [INFO] Start training epoch 1, 218 iters per inner epoch.
2026-08-22 23:53:51,128 [INFO] Averaged stats: lr: 0.000099  loss: 0.138019
2026-08-22 23:53:51,223 [INFO] gates: {"epoch": 1, "quality_gate": 0.0188, "patch_w_mean": 0.5226, "patch_w_std": 0.063}
2026-08-22 23:53:51,224 [INFO] Evaluating on val.
Train: data epoch: [1]  [  0/218]  eta: 0:16:08  lr: 0.000099  loss: 0.2255  time: 4.4414  data: 0.0001  max mem: 5162
Train: data epoch: [1]  [ 20/218]  eta: 0:02:35  lr: 0.000099  loss: 0.2300  time: 0.5999  data: 0.0000  max mem: 5162
Train: data epoch: [1]  [ 40/218]  eta: 0:01:57  lr: 0.000099  loss: 0.1792  time: 0.5262  data: 0.0000  max mem: 5162
Train: data epoch: [1]  [ 60/218]  eta: 0:01:37  lr: 0.000099  loss: 0.1219  time: 0.5340  data: 0.0000  max mem: 5162
Train: data epoch: [1]  [ 80/218]  eta: 0:01:22  lr: 0.000099  loss: 0.1353  time: 0.5295  data: 0.0000  max mem: 5162
Train: data epoch: [1]  [100/218]  eta: 0:01:11  lr: 0.000099  loss: 0.1551  time: 0.6399  data: 0.0000  max mem: 5162
Train: data epoch: [1]  [120/218]  eta: 0:00:57  lr: 0.000099  loss: 0.1652  time: 0.4950  data: 0.0000  max mem: 5162
Train: data epoch: [1]  [140/218]  eta: 0:00:44  lr: 0.000099  loss: 0.1116  time: 0.5202  data: 0.0000  max mem: 5162
Train: data epoch: [1]  [160/218]  eta: 0:00:32  lr: 0.000099  loss: 0.1031  time: 0.5050  data: 0.0000  max mem: 5162
Train: data epoch: [1]  [180/218]  eta: 0:00:21  lr: 0.000099  loss: 0.1372  time: 0.5019  data: 0.0000  max mem: 5162
Train: data epoch: [1]  [200/218]  eta: 0:00:09  lr: 0.000099  loss: 0.1260  time: 0.4281  data: 0.0000  max mem: 5162
Train: data epoch: [1]  [217/218]  eta: 0:00:00  lr: 0.000099  loss: 0.1185  time: 0.4335  data: 0.0000  max mem: 5162
Train: data epoch: [1] Total time: 0:01:57 (0.5395 s / it)
2026-08-22 23:54:10,687 [INFO] AIGIQA-20K: EPOCH[1] -> SRCC 0.8100 PLCC_raw 0.8766 PLCC_mapped 0.8776 KRCC 0.6225 MainScore_official 0.8438
2026-08-22 23:54:10,709 [INFO] Saving checkpoint at epoch 1 to run/20260822234_B1_lqea/checkpoint_best_main.pth.
2026-08-22 23:54:10,804 [INFO] Start training
2026-08-22 23:54:11,273 [INFO] Start training epoch 2, 218 iters per inner epoch.
2026-08-22 23:56:00,875 [INFO] Averaged stats: lr: 0.000098  loss: 0.102941
2026-08-22 23:56:00,979 [INFO] gates: {"epoch": 2, "quality_gate": 0.0199, "patch_w_mean": 0.44, "patch_w_std": 0.132}
2026-08-22 23:56:00,980 [INFO] Evaluating on val.
Train: data epoch: [2]  [  0/218]  eta: 0:22:33  lr: 0.000098  loss: 0.1071  time: 6.2075  data: 0.0001  max mem: 5162
Train: data epoch: [2]  [ 20/218]  eta: 0:02:33  lr: 0.000098  loss: 0.1164  time: 0.5049  data: 0.0000  max mem: 5162
Train: data epoch: [2]  [ 40/218]  eta: 0:01:51  lr: 0.000098  loss: 0.1086  time: 0.4736  data: 0.0000  max mem: 5162
Train: data epoch: [2]  [ 60/218]  eta: 0:01:29  lr: 0.000098  loss: 0.0857  time: 0.4451  data: 0.0000  max mem: 5162
Train: data epoch: [2]  [ 80/218]  eta: 0:01:15  lr: 0.000098  loss: 0.1054  time: 0.4960  data: 0.0000  max mem: 5162
Train: data epoch: [2]  [100/218]  eta: 0:01:03  lr: 0.000098  loss: 0.1313  time: 0.4939  data: 0.0000  max mem: 5162
Train: data epoch: [2]  [120/218]  eta: 0:00:51  lr: 0.000098  loss: 0.1125  time: 0.4406  data: 0.0000  max mem: 5162
Train: data epoch: [2]  [140/218]  eta: 0:00:40  lr: 0.000098  loss: 0.0847  time: 0.5243  data: 0.0000  max mem: 5162
Train: data epoch: [2]  [160/218]  eta: 0:00:30  lr: 0.000098  loss: 0.1367  time: 0.5101  data: 0.0000  max mem: 5162
Train: data epoch: [2]  [180/218]  eta: 0:00:19  lr: 0.000098  loss: 0.0958  time: 0.5128  data: 0.0000  max mem: 5162
Train: data epoch: [2]  [200/218]  eta: 0:00:09  lr: 0.000098  loss: 0.1109  time: 0.4238  data: 0.0000  max mem: 5162
Train: data epoch: [2]  [217/218]  eta: 0:00:00  lr: 0.000098  loss: 0.1257  time: 0.3909  data: 0.0000  max mem: 5162
Train: data epoch: [2] Total time: 0:01:49 (0.5028 s / it)
2026-08-22 23:56:25,221 [INFO] AIGIQA-20K: EPOCH[2] -> SRCC 0.8357 PLCC_raw 0.8922 PLCC_mapped 0.8934 KRCC 0.6508 MainScore_official 0.8645
2026-08-22 23:56:25,235 [INFO] Saving checkpoint at epoch 2 to run/20260822234_B1_lqea/checkpoint_best_main.pth.
2026-08-22 23:56:25,279 [INFO] Start training
2026-08-22 23:56:25,527 [INFO] Start training epoch 3, 218 iters per inner epoch.
2026-08-22 23:58:13,554 [INFO] Averaged stats: lr: 0.000095  loss: 0.090177
2026-08-22 23:58:13,657 [INFO] gates: {"epoch": 3, "quality_gate": 0.0211, "patch_w_mean": 0.3595, "patch_w_std": 0.1584}
2026-08-22 23:58:13,657 [INFO] Evaluating on val.
Train: data epoch: [3]  [  0/218]  eta: 0:13:11  lr: 0.000095  loss: 0.1038  time: 3.6294  data: 0.0001  max mem: 5162
Train: data epoch: [3]  [ 20/218]  eta: 0:02:01  lr: 0.000095  loss: 0.1138  time: 0.4604  data: 0.0000  max mem: 5162
Train: data epoch: [3]  [ 40/218]  eta: 0:01:31  lr: 0.000095  loss: 0.0855  time: 0.4151  data: 0.0000  max mem: 5162
Train: data epoch: [3]  [ 60/218]  eta: 0:01:22  lr: 0.000095  loss: 0.1101  time: 0.5345  data: 0.0000  max mem: 5162
Train: data epoch: [3]  [ 80/218]  eta: 0:01:12  lr: 0.000095  loss: 0.0741  time: 0.5423  data: 0.0000  max mem: 5162
Train: data epoch: [3]  [100/218]  eta: 0:00:59  lr: 0.000095  loss: 0.1325  time: 0.4124  data: 0.0000  max mem: 5162
Train: data epoch: [3]  [120/218]  eta: 0:00:49  lr: 0.000095  loss: 0.0887  time: 0.4949  data: 0.0000  max mem: 5162
Train: data epoch: [3]  [140/218]  eta: 0:00:40  lr: 0.000095  loss: 0.1358  time: 0.5899  data: 0.0000  max mem: 5162
Train: data epoch: [3]  [160/218]  eta: 0:00:29  lr: 0.000095  loss: 0.1303  time: 0.5251  data: 0.0000  max mem: 5162
Train: data epoch: [3]  [180/218]  eta: 0:00:19  lr: 0.000095  loss: 0.0757  time: 0.4955  data: 0.0000  max mem: 5162
Train: data epoch: [3]  [200/218]  eta: 0:00:08  lr: 0.000095  loss: 0.1195  time: 0.3491  data: 0.0000  max mem: 5162
Train: data epoch: [3]  [217/218]  eta: 0:00:00  lr: 0.000095  loss: 0.0761  time: 0.4499  data: 0.0000  max mem: 5162
Train: data epoch: [3] Total time: 0:01:48 (0.4955 s / it)
2026-08-22 23:58:35,475 [INFO] AIGIQA-20K: EPOCH[3] -> SRCC 0.8472 PLCC_raw 0.8991 PLCC_mapped 0.9004 KRCC 0.6634 MainScore_official 0.8738
2026-08-22 23:58:35,492 [INFO] Saving checkpoint at epoch 3 to run/20260822234_B1_lqea/checkpoint_best_main.pth.
2026-08-22 23:58:35,548 [INFO] Start training
2026-08-22 23:58:35,861 [INFO] Start training epoch 4, 218 iters per inner epoch.
2026-08-23 00:00:28,564 [INFO] Averaged stats: lr: 0.000091  loss: 0.082901
2026-08-23 00:00:28,652 [INFO] gates: {"epoch": 4, "quality_gate": 0.0223, "patch_w_mean": 0.2719, "patch_w_std": 0.1756}
2026-08-23 00:00:28,653 [INFO] Evaluating on val.
Train: data epoch: [4]  [  0/218]  eta: 0:17:02  lr: 0.000091  loss: 0.0714  time: 4.6925  data: 0.0001  max mem: 5162
Train: data epoch: [4]  [ 20/218]  eta: 0:02:35  lr: 0.000091  loss: 0.0745  time: 0.5905  data: 0.0000  max mem: 5162
Train: data epoch: [4]  [ 40/218]  eta: 0:02:14  lr: 0.000091  loss: 0.0669  time: 0.7242  data: 0.0000  max mem: 5162
Train: data epoch: [4]  [ 60/218]  eta: 0:01:40  lr: 0.000091  loss: 0.0631  time: 0.3863  data: 0.0000  max mem: 5162
Train: data epoch: [4]  [ 80/218]  eta: 0:01:22  lr: 0.000091  loss: 0.0728  time: 0.4889  data: 0.0000  max mem: 5162
Train: data epoch: [4]  [100/218]  eta: 0:01:08  lr: 0.000091  loss: 0.0738  time: 0.4866  data: 0.0000  max mem: 5162
Train: data epoch: [4]  [120/218]  eta: 0:00:54  lr: 0.000091  loss: 0.0689  time: 0.4433  data: 0.0000  max mem: 5162
Train: data epoch: [4]  [140/218]  eta: 0:00:42  lr: 0.000091  loss: 0.0582  time: 0.4651  data: 0.0000  max mem: 5162
Train: data epoch: [4]  [160/218]  eta: 0:00:31  lr: 0.000091  loss: 0.0848  time: 0.5257  data: 0.0000  max mem: 5162
Train: data epoch: [4]  [180/218]  eta: 0:00:19  lr: 0.000091  loss: 0.0701  time: 0.4143  data: 0.0000  max mem: 5162
Train: data epoch: [4]  [200/218]  eta: 0:00:09  lr: 0.000091  loss: 0.0722  time: 0.4258  data: 0.0000  max mem: 5162
Train: data epoch: [4]  [217/218]  eta: 0:00:00  lr: 0.000091  loss: 0.0993  time: 0.5253  data: 0.0000  max mem: 5162
Train: data epoch: [4] Total time: 0:01:52 (0.5170 s / it)
2026-08-23 00:00:51,754 [INFO] AIGIQA-20K: EPOCH[4] -> SRCC 0.8529 PLCC_raw 0.9029 PLCC_mapped 0.9036 KRCC 0.6703 MainScore_official 0.8783
2026-08-23 00:00:51,771 [INFO] Saving checkpoint at epoch 4 to run/20260822234_B1_lqea/checkpoint_best_main.pth.
2026-08-23 00:00:51,821 [INFO] Start training
2026-08-23 00:00:52,077 [INFO] Start training epoch 5, 218 iters per inner epoch.
2026-08-23 00:02:42,008 [INFO] Averaged stats: lr: 0.000086  loss: 0.075616
2026-08-23 00:02:42,098 [INFO] gates: {"epoch": 5, "quality_gate": 0.0237, "patch_w_mean": 0.2481, "patch_w_std": 0.1733}
2026-08-23 00:02:42,098 [INFO] Evaluating on val.
Train: data epoch: [5]  [  0/218]  eta: 0:20:17  lr: 0.000086  loss: 0.0762  time: 5.5855  data: 0.0001  max mem: 5162
Train: data epoch: [5]  [ 20/218]  eta: 0:02:30  lr: 0.000086  loss: 0.0689  time: 0.5207  data: 0.0000  max mem: 5162
Train: data epoch: [5]  [ 40/218]  eta: 0:02:00  lr: 0.000086  loss: 0.0732  time: 0.5848  data: 0.0000  max mem: 5162
Train: data epoch: [5]  [ 60/218]  eta: 0:01:39  lr: 0.000086  loss: 0.0746  time: 0.5291  data: 0.0000  max mem: 5162
Train: data epoch: [5]  [ 80/218]  eta: 0:01:20  lr: 0.000086  loss: 0.1299  time: 0.4498  data: 0.0000  max mem: 5162
Train: data epoch: [5]  [100/218]  eta: 0:01:04  lr: 0.000086  loss: 0.0794  time: 0.4103  data: 0.0000  max mem: 5162
Train: data epoch: [5]  [120/218]  eta: 0:00:53  lr: 0.000086  loss: 0.0735  time: 0.5318  data: 0.0000  max mem: 5162
Train: data epoch: [5]  [140/218]  eta: 0:00:42  lr: 0.000086  loss: 0.0617  time: 0.4926  data: 0.0000  max mem: 5162
Train: data epoch: [5]  [160/218]  eta: 0:00:30  lr: 0.000086  loss: 0.0490  time: 0.4601  data: 0.0000  max mem: 5162
Train: data epoch: [5]  [180/218]  eta: 0:00:19  lr: 0.000086  loss: 0.0531  time: 0.4349  data: 0.0000  max mem: 5162
Train: data epoch: [5]  [200/218]  eta: 0:00:09  lr: 0.000086  loss: 0.0563  time: 0.3870  data: 0.0000  max mem: 5162
Train: data epoch: [5]  [217/218]  eta: 0:00:00  lr: 0.000086  loss: 0.0945  time: 0.4726  data: 0.0000  max mem: 5162
Train: data epoch: [5] Total time: 0:01:49 (0.5043 s / it)
2026-08-23 00:03:03,277 [INFO] AIGIQA-20K: EPOCH[5] -> SRCC 0.8567 PLCC_raw 0.9044 PLCC_mapped 0.9057 KRCC 0.6742 MainScore_official 0.8812
2026-08-23 00:03:03,293 [INFO] Saving checkpoint at epoch 5 to run/20260822234_B1_lqea/checkpoint_best_main.pth.
2026-08-23 00:03:03,347 [INFO] Start training
2026-08-23 00:03:03,671 [INFO] Start training epoch 6, 218 iters per inner epoch.
2026-08-23 00:04:54,715 [INFO] Averaged stats: lr: 0.000080  loss: 0.071876
2026-08-23 00:04:54,813 [INFO] gates: {"epoch": 6, "quality_gate": 0.0249, "patch_w_mean": 0.2106, "patch_w_std": 0.1644}
2026-08-23 00:04:54,813 [INFO] Evaluating on val.
Train: data epoch: [6]  [  0/218]  eta: 0:18:50  lr: 0.000080  loss: 0.0670  time: 5.1852  data: 0.0001  max mem: 5162
Train: data epoch: [6]  [ 20/218]  eta: 0:02:53  lr: 0.000080  loss: 0.0727  time: 0.6600  data: 0.0000  max mem: 5162
Train: data epoch: [6]  [ 40/218]  eta: 0:02:07  lr: 0.000080  loss: 0.0631  time: 0.5448  data: 0.0000  max mem: 5162
Train: data epoch: [6]  [ 60/218]  eta: 0:01:41  lr: 0.000080  loss: 0.0817  time: 0.4901  data: 0.0000  max mem: 5162
Train: data epoch: [6]  [ 80/218]  eta: 0:01:25  lr: 0.000080  loss: 0.0673  time: 0.5449  data: 0.0000  max mem: 5162
Train: data epoch: [6]  [100/218]  eta: 0:01:09  lr: 0.000080  loss: 0.0658  time: 0.4946  data: 0.0000  max mem: 5162
Train: data epoch: [6]  [120/218]  eta: 0:00:54  lr: 0.000080  loss: 0.0783  time: 0.3801  data: 0.0000  max mem: 5162
Train: data epoch: [6]  [140/218]  eta: 0:00:42  lr: 0.000080  loss: 0.0694  time: 0.4950  data: 0.0000  max mem: 5162
Train: data epoch: [6]  [160/218]  eta: 0:00:31  lr: 0.000080  loss: 0.0650  time: 0.5376  data: 0.0000  max mem: 5162
Train: data epoch: [6]  [180/218]  eta: 0:00:20  lr: 0.000080  loss: 0.0743  time: 0.4195  data: 0.0000  max mem: 5162
Train: data epoch: [6]  [200/218]  eta: 0:00:09  lr: 0.000080  loss: 0.1041  time: 0.3527  data: 0.0000  max mem: 5162
Train: data epoch: [6]  [217/218]  eta: 0:00:00  lr: 0.000080  loss: 0.0782  time: 0.4230  data: 0.0000  max mem: 5162
Train: data epoch: [6] Total time: 0:01:51 (0.5094 s / it)
2026-08-23 00:05:17,997 [INFO] AIGIQA-20K: EPOCH[6] -> SRCC 0.8561 PLCC_raw 0.9054 PLCC_mapped 0.9059 KRCC 0.6739 MainScore_official 0.8810
2026-08-23 00:05:17,998 [INFO] Start training
2026-08-23 00:05:18,304 [INFO] Start training epoch 7, 218 iters per inner epoch.
2026-08-23 00:07:10,182 [INFO] Averaged stats: lr: 0.000073  loss: 0.066771
2026-08-23 00:07:10,272 [INFO] gates: {"epoch": 7, "quality_gate": 0.0262, "patch_w_mean": 0.1564, "patch_w_std": 0.1442}
2026-08-23 00:07:10,272 [INFO] Evaluating on val.
Train: data epoch: [7]  [  0/218]  eta: 0:16:33  lr: 0.000073  loss: 0.0669  time: 4.5551  data: 0.0001  max mem: 5162
Train: data epoch: [7]  [ 20/218]  eta: 0:02:33  lr: 0.000073  loss: 0.0507  time: 0.5847  data: 0.0000  max mem: 5162
Train: data epoch: [7]  [ 40/218]  eta: 0:01:55  lr: 0.000073  loss: 0.0406  time: 0.5207  data: 0.0000  max mem: 5162
Train: data epoch: [7]  [ 60/218]  eta: 0:01:36  lr: 0.000073  loss: 0.0651  time: 0.5204  data: 0.0000  max mem: 5162
Train: data epoch: [7]  [ 80/218]  eta: 0:01:20  lr: 0.000073  loss: 0.0432  time: 0.5037  data: 0.0000  max mem: 5162
Train: data epoch: [7]  [100/218]  eta: 0:01:06  lr: 0.000073  loss: 0.0587  time: 0.5052  data: 0.0000  max mem: 5162
Train: data epoch: [7]  [120/218]  eta: 0:00:54  lr: 0.000073  loss: 0.0899  time: 0.5175  data: 0.0000  max mem: 5162
Train: data epoch: [7]  [140/218]  eta: 0:00:42  lr: 0.000073  loss: 0.0480  time: 0.4521  data: 0.0000  max mem: 5162
Train: data epoch: [7]  [160/218]  eta: 0:00:30  lr: 0.000073  loss: 0.0627  time: 0.4101  data: 0.0000  max mem: 5162
Train: data epoch: [7]  [180/218]  eta: 0:00:19  lr: 0.000073  loss: 0.0913  time: 0.5015  data: 0.0000  max mem: 5162
Train: data epoch: [7]  [200/218]  eta: 0:00:09  lr: 0.000073  loss: 0.0522  time: 0.4033  data: 0.0000  max mem: 5162
Train: data epoch: [7]  [217/218]  eta: 0:00:00  lr: 0.000073  loss: 0.0792  time: 0.5064  data: 0.0000  max mem: 5162
Train: data epoch: [7] Total time: 0:01:51 (0.5132 s / it)
2026-08-23 00:07:34,890 [INFO] AIGIQA-20K: EPOCH[7] -> SRCC 0.8561 PLCC_raw 0.9059 PLCC_mapped 0.9063 KRCC 0.6742 MainScore_official 0.8812
2026-08-23 00:07:34,903 [INFO] Saving checkpoint at epoch 7 to run/20260822234_B1_lqea/checkpoint_best_main.pth.
2026-08-23 00:07:34,949 [INFO] Start training
2026-08-23 00:07:35,258 [INFO] Start training epoch 8, 218 iters per inner epoch.
2026-08-23 00:09:27,975 [INFO] Averaged stats: lr: 0.000066  loss: 0.063477
2026-08-23 00:09:28,066 [INFO] gates: {"epoch": 8, "quality_gate": 0.0274, "patch_w_mean": 0.1155, "patch_w_std": 0.1328}
2026-08-23 00:09:28,067 [INFO] Evaluating on val.
Train: data epoch: [8]  [  0/218]  eta: 0:17:48  lr: 0.000066  loss: 0.0779  time: 4.9007  data: 0.0001  max mem: 5162
Train: data epoch: [8]  [ 20/218]  eta: 0:02:35  lr: 0.000066  loss: 0.0563  time: 0.5805  data: 0.0000  max mem: 5162
Train: data epoch: [8]  [ 40/218]  eta: 0:02:11  lr: 0.000066  loss: 0.0528  time: 0.6842  data: 0.0000  max mem: 5162
Train: data epoch: [8]  [ 60/218]  eta: 0:01:43  lr: 0.000066  loss: 0.0665  time: 0.4809  data: 0.0000  max mem: 5162
Train: data epoch: [8]  [ 80/218]  eta: 0:01:24  lr: 0.000066  loss: 0.0665  time: 0.4990  data: 0.0000  max mem: 5162
Train: data epoch: [8]  [100/218]  eta: 0:01:10  lr: 0.000066  loss: 0.0488  time: 0.5100  data: 0.0000  max mem: 5162
Train: data epoch: [8]  [120/218]  eta: 0:00:56  lr: 0.000066  loss: 0.0325  time: 0.5038  data: 0.0000  max mem: 5162
Train: data epoch: [8]  [140/218]  eta: 0:00:44  lr: 0.000066  loss: 0.0651  time: 0.5157  data: 0.0000  max mem: 5162
Train: data epoch: [8]  [160/218]  eta: 0:00:31  lr: 0.000066  loss: 0.0667  time: 0.3304  data: 0.0000  max mem: 5162
Train: data epoch: [8]  [180/218]  eta: 0:00:19  lr: 0.000066  loss: 0.0563  time: 0.3567  data: 0.0000  max mem: 5162
Train: data epoch: [8]  [200/218]  eta: 0:00:09  lr: 0.000066  loss: 0.0936  time: 0.5016  data: 0.0000  max mem: 5162
Train: data epoch: [8]  [217/218]  eta: 0:00:00  lr: 0.000066  loss: 0.0761  time: 0.4848  data: 0.0000  max mem: 5162
Train: data epoch: [8] Total time: 0:01:52 (0.5170 s / it)
2026-08-23 00:09:56,125 [INFO] AIGIQA-20K: EPOCH[8] -> SRCC 0.8596 PLCC_raw 0.9050 PLCC_mapped 0.9066 KRCC 0.6778 MainScore_official 0.8831
2026-08-23 00:09:56,137 [INFO] Saving checkpoint at epoch 8 to run/20260822234_B1_lqea/checkpoint_best_main.pth.
2026-08-23 00:09:56,199 [INFO] Start training
2026-08-23 00:09:56,537 [INFO] Start training epoch 9, 218 iters per inner epoch.
2026-08-23 00:11:44,268 [INFO] Averaged stats: lr: 0.000058  loss: 0.060485
2026-08-23 00:11:44,390 [INFO] gates: {"epoch": 9, "quality_gate": 0.0284, "patch_w_mean": 0.1074, "patch_w_std": 0.1314}
2026-08-23 00:11:44,390 [INFO] Evaluating on val.
Train: data epoch: [9]  [  0/218]  eta: 0:22:35  lr: 0.000058  loss: 0.0593  time: 6.2186  data: 0.0001  max mem: 5162
Train: data epoch: [9]  [ 20/218]  eta: 0:02:47  lr: 0.000058  loss: 0.0518  time: 0.5761  data: 0.0000  max mem: 5162
Train: data epoch: [9]  [ 40/218]  eta: 0:01:59  lr: 0.000058  loss: 0.0511  time: 0.4888  data: 0.0000  max mem: 5162
Train: data epoch: [9]  [ 60/218]  eta: 0:01:35  lr: 0.000058  loss: 0.0459  time: 0.4750  data: 0.0000  max mem: 5162
Train: data epoch: [9]  [ 80/218]  eta: 0:01:20  lr: 0.000058  loss: 0.0826  time: 0.5053  data: 0.0000  max mem: 5162
Train: data epoch: [9]  [100/218]  eta: 0:01:07  lr: 0.000058  loss: 0.0462  time: 0.5246  data: 0.0000  max mem: 5162
Train: data epoch: [9]  [120/218]  eta: 0:00:54  lr: 0.000058  loss: 0.0661  time: 0.5113  data: 0.0000  max mem: 5162
Train: data epoch: [9]  [140/218]  eta: 0:00:43  lr: 0.000058  loss: 0.0573  time: 0.5205  data: 0.0000  max mem: 5162
Train: data epoch: [9]  [160/218]  eta: 0:00:30  lr: 0.000058  loss: 0.0569  time: 0.3229  data: 0.0000  max mem: 5162
Train: data epoch: [9]  [180/218]  eta: 0:00:19  lr: 0.000058  loss: 0.0488  time: 0.3000  data: 0.0000  max mem: 5162
Train: data epoch: [9]  [200/218]  eta: 0:00:08  lr: 0.000058  loss: 0.0784  time: 0.4565  data: 0.0000  max mem: 5162
Train: data epoch: [9]  [217/218]  eta: 0:00:00  lr: 0.000058  loss: 0.0465  time: 0.4773  data: 0.0000  max mem: 5162
Train: data epoch: [9] Total time: 0:01:47 (0.4942 s / it)
2026-08-23 00:12:13,481 [INFO] AIGIQA-20K: EPOCH[9] -> SRCC 0.8589 PLCC_raw 0.9060 PLCC_mapped 0.9068 KRCC 0.6770 MainScore_official 0.8828
2026-08-23 00:12:13,482 [INFO] Start training
2026-08-23 00:12:13,785 [INFO] Start training epoch 10, 218 iters per inner epoch.
2026-08-23 00:14:08,553 [INFO] Averaged stats: lr: 0.000051  loss: 0.057018
2026-08-23 00:14:08,751 [INFO] gates: {"epoch": 10, "quality_gate": 0.0295, "patch_w_mean": 0.0951, "patch_w_std": 0.1138}
2026-08-23 00:14:08,751 [INFO] Evaluating on val.
Train: data epoch: [10]  [  0/218]  eta: 0:19:52  lr: 0.000051  loss: 0.0450  time: 5.4702  data: 0.0001  max mem: 5162
Train: data epoch: [10]  [ 20/218]  eta: 0:02:59  lr: 0.000051  loss: 0.0489  time: 0.6799  data: 0.0000  max mem: 5162
Train: data epoch: [10]  [ 40/218]  eta: 0:02:02  lr: 0.000051  loss: 0.0520  time: 0.4550  data: 0.0000  max mem: 5162
Train: data epoch: [10]  [ 60/218]  eta: 0:01:42  lr: 0.000051  loss: 0.0535  time: 0.5611  data: 0.0000  max mem: 5162
Train: data epoch: [10]  [ 80/218]  eta: 0:01:25  lr: 0.000051  loss: 0.0453  time: 0.5539  data: 0.0000  max mem: 5162
Train: data epoch: [10]  [100/218]  eta: 0:01:10  lr: 0.000051  loss: 0.0623  time: 0.5102  data: 0.0000  max mem: 5162
Train: data epoch: [10]  [120/218]  eta: 0:00:57  lr: 0.000051  loss: 0.0659  time: 0.5240  data: 0.0000  max mem: 5162
Train: data epoch: [10]  [140/218]  eta: 0:00:44  lr: 0.000051  loss: 0.0325  time: 0.4556  data: 0.0000  max mem: 5162
Train: data epoch: [10]  [160/218]  eta: 0:00:32  lr: 0.000051  loss: 0.0488  time: 0.4376  data: 0.0000  max mem: 5162
Train: data epoch: [10]  [180/218]  eta: 0:00:20  lr: 0.000051  loss: 0.0643  time: 0.4302  data: 0.0000  max mem: 5162
Train: data epoch: [10]  [200/218]  eta: 0:00:09  lr: 0.000051  loss: 0.0472  time: 0.4859  data: 0.0000  max mem: 5162
Train: data epoch: [10]  [217/218]  eta: 0:00:00  lr: 0.000051  loss: 0.0548  time: 0.4516  data: 0.0000  max mem: 5162
Train: data epoch: [10] Total time: 0:01:54 (0.5265 s / it)
2026-08-23 00:14:38,238 [INFO] AIGIQA-20K: EPOCH[10] -> SRCC 0.8577 PLCC_raw 0.9051 PLCC_mapped 0.9056 KRCC 0.6759 MainScore_official 0.8816
2026-08-23 00:14:38,258 [INFO] Saving checkpoint at epoch 10 to run/20260822234_B1_lqea/checkpoint_latest.pth.
2026-08-23 00:14:38,304 [INFO] Start training
2026-08-23 00:14:38,627 [INFO] Start training epoch 11, 218 iters per inner epoch.
2026-08-23 00:16:22,365 [INFO] Averaged stats: lr: 0.000043  loss: 0.054325
2026-08-23 00:16:22,480 [INFO] gates: {"epoch": 11, "quality_gate": 0.0303, "patch_w_mean": 0.0901, "patch_w_std": 0.1126}
2026-08-23 00:16:22,481 [INFO] Evaluating on val.
Train: data epoch: [11]  [  0/218]  eta: 0:17:32  lr: 0.000043  loss: 0.0448  time: 4.8274  data: 0.0001  max mem: 5162
Train: data epoch: [11]  [ 20/218]  eta: 0:02:29  lr: 0.000043  loss: 0.0588  time: 0.5499  data: 0.0000  max mem: 5162
Train: data epoch: [11]  [ 40/218]  eta: 0:01:51  lr: 0.000043  loss: 0.0610  time: 0.4949  data: 0.0000  max mem: 5162
Train: data epoch: [11]  [ 60/218]  eta: 0:01:34  lr: 0.000043  loss: 0.0555  time: 0.5400  data: 0.0000  max mem: 5162
Train: data epoch: [11]  [ 80/218]  eta: 0:01:18  lr: 0.000043  loss: 0.0475  time: 0.4900  data: 0.0000  max mem: 5162
Train: data epoch: [11]  [100/218]  eta: 0:01:05  lr: 0.000043  loss: 0.0597  time: 0.5000  data: 0.0000  max mem: 5162
Train: data epoch: [11]  [120/218]  eta: 0:00:53  lr: 0.000043  loss: 0.0507  time: 0.4750  data: 0.0000  max mem: 5162
Train: data epoch: [11]  [140/218]  eta: 0:00:41  lr: 0.000043  loss: 0.0473  time: 0.4872  data: 0.0000  max mem: 5162
Train: data epoch: [11]  [160/218]  eta: 0:00:29  lr: 0.000043  loss: 0.0499  time: 0.2528  data: 0.0000  max mem: 5162
Train: data epoch: [11]  [180/218]  eta: 0:00:18  lr: 0.000043  loss: 0.0540  time: 0.3799  data: 0.0000  max mem: 5162
Train: data epoch: [11]  [200/218]  eta: 0:00:08  lr: 0.000043  loss: 0.0657  time: 0.3513  data: 0.0000  max mem: 5162
Train: data epoch: [11]  [217/218]  eta: 0:00:00  lr: 0.000043  loss: 0.0476  time: 0.5061  data: 0.0000  max mem: 5162
Train: data epoch: [11] Total time: 0:01:43 (0.4759 s / it)
2026-08-23 00:16:48,922 [INFO] AIGIQA-20K: EPOCH[11] -> SRCC 0.8573 PLCC_raw 0.9046 PLCC_mapped 0.9052 KRCC 0.6752 MainScore_official 0.8813
2026-08-23 00:16:48,924 [INFO] Start training
2026-08-23 00:16:49,245 [INFO] Start training epoch 12, 218 iters per inner epoch.
2026-08-23 00:18:42,628 [INFO] Averaged stats: lr: 0.000035  loss: 0.051690
2026-08-23 00:18:42,716 [INFO] gates: {"epoch": 12, "quality_gate": 0.0311, "patch_w_mean": 0.0759, "patch_w_std": 0.1026}
2026-08-23 00:18:42,716 [INFO] Evaluating on val.
Train: data epoch: [12]  [  0/218]  eta: 0:17:27  lr: 0.000035  loss: 0.0421  time: 4.8057  data: 0.0001  max mem: 5162
Train: data epoch: [12]  [ 20/218]  eta: 0:02:49  lr: 0.000035  loss: 0.0617  time: 0.6569  data: 0.0000  max mem: 5162
Train: data epoch: [12]  [ 40/218]  eta: 0:02:16  lr: 0.000035  loss: 0.0518  time: 0.6732  data: 0.0000  max mem: 5162
Train: data epoch: [12]  [ 60/218]  eta: 0:01:47  lr: 0.000035  loss: 0.0868  time: 0.5100  data: 0.0000  max mem: 5162
Train: data epoch: [12]  [ 80/218]  eta: 0:01:27  lr: 0.000035  loss: 0.0265  time: 0.4955  data: 0.0000  max mem: 5162
Train: data epoch: [12]  [100/218]  eta: 0:01:11  lr: 0.000035  loss: 0.0310  time: 0.5032  data: 0.0000  max mem: 5162
Train: data epoch: [12]  [120/218]  eta: 0:00:58  lr: 0.000035  loss: 0.0666  time: 0.5154  data: 0.0000  max mem: 5162
Train: data epoch: [12]  [140/218]  eta: 0:00:45  lr: 0.000035  loss: 0.0420  time: 0.5197  data: 0.0000  max mem: 5162
Train: data epoch: [12]  [160/218]  eta: 0:00:32  lr: 0.000035  loss: 0.0666  time: 0.3911  data: 0.0000  max mem: 5162
Train: data epoch: [12]  [180/218]  eta: 0:00:20  lr: 0.000035  loss: 0.0409  time: 0.2949  data: 0.0000  max mem: 5162
Train: data epoch: [12]  [200/218]  eta: 0:00:09  lr: 0.000035  loss: 0.0507  time: 0.4102  data: 0.0000  max mem: 5162
Train: data epoch: [12]  [217/218]  eta: 0:00:00  lr: 0.000035  loss: 0.0412  time: 0.5428  data: 0.0000  max mem: 5162
Train: data epoch: [12] Total time: 0:01:53 (0.5201 s / it)
2026-08-23 00:19:12,703 [INFO] AIGIQA-20K: EPOCH[12] -> SRCC 0.8566 PLCC_raw 0.9043 PLCC_mapped 0.9049 KRCC 0.6744 MainScore_official 0.8807
2026-08-23 00:19:12,704 [INFO] Start training
2026-08-23 00:19:12,959 [INFO] Start training epoch 13, 218 iters per inner epoch.
2026-08-23 00:21:06,319 [INFO] Averaged stats: lr: 0.000028  loss: 0.050367
2026-08-23 00:21:06,409 [INFO] gates: {"epoch": 13, "quality_gate": 0.0318, "patch_w_mean": 0.0775, "patch_w_std": 0.1091}
2026-08-23 00:21:06,409 [INFO] Evaluating on val.
Train: data epoch: [13]  [  0/218]  eta: 0:19:39  lr: 0.000028  loss: 0.0380  time: 5.4128  data: 0.0001  max mem: 5162
Train: data epoch: [13]  [ 20/218]  eta: 0:02:48  lr: 0.000028  loss: 0.0564  time: 0.6240  data: 0.0000  max mem: 5162
Train: data epoch: [13]  [ 40/218]  eta: 0:02:02  lr: 0.000028  loss: 0.0378  time: 0.5162  data: 0.0000  max mem: 5162
Train: data epoch: [13]  [ 60/218]  eta: 0:01:39  lr: 0.000028  loss: 0.0494  time: 0.5146  data: 0.0000  max mem: 5162
Train: data epoch: [13]  [ 80/218]  eta: 0:01:23  lr: 0.000028  loss: 0.0564  time: 0.5242  data: 0.0000  max mem: 5162
Train: data epoch: [13]  [100/218]  eta: 0:01:08  lr: 0.000028  loss: 0.0651  time: 0.4853  data: 0.0000  max mem: 5162
Train: data epoch: [13]  [120/218]  eta: 0:00:56  lr: 0.000028  loss: 0.0616  time: 0.5297  data: 0.0000  max mem: 5162
Train: data epoch: [13]  [140/218]  eta: 0:00:44  lr: 0.000028  loss: 0.0522  time: 0.5250  data: 0.0000  max mem: 5162
Train: data epoch: [13]  [160/218]  eta: 0:00:31  lr: 0.000028  loss: 0.0413  time: 0.3848  data: 0.0000  max mem: 5162
Train: data epoch: [13]  [180/218]  eta: 0:00:20  lr: 0.000028  loss: 0.0595  time: 0.4380  data: 0.0000  max mem: 5162
Train: data epoch: [13]  [200/218]  eta: 0:00:09  lr: 0.000028  loss: 0.0444  time: 0.4587  data: 0.0000  max mem: 5162
Train: data epoch: [13]  [217/218]  eta: 0:00:00  lr: 0.000028  loss: 0.0442  time: 0.4805  data: 0.0000  max mem: 5162
Train: data epoch: [13] Total time: 0:01:53 (0.5200 s / it)
2026-08-23 00:21:35,527 [INFO] AIGIQA-20K: EPOCH[13] -> SRCC 0.8554 PLCC_raw 0.9037 PLCC_mapped 0.9041 KRCC 0.6730 MainScore_official 0.8798
2026-08-23 00:21:35,529 [INFO] Start training
2026-08-23 00:21:35,821 [INFO] Start training epoch 14, 218 iters per inner epoch.
2026-08-23 00:23:28,521 [INFO] Averaged stats: lr: 0.000021  loss: 0.048516
2026-08-23 00:23:28,611 [INFO] gates: {"epoch": 14, "quality_gate": 0.0324, "patch_w_mean": 0.0669, "patch_w_std": 0.0979}
2026-08-23 00:23:28,611 [INFO] Evaluating on val.
Train: data epoch: [14]  [  0/218]  eta: 0:25:11  lr: 0.000021  loss: 0.0602  time: 6.9348  data: 0.0001  max mem: 5162
Train: data epoch: [14]  [ 20/218]  eta: 0:03:27  lr: 0.000021  loss: 0.0496  time: 0.7549  data: 0.0000  max mem: 5162
Train: data epoch: [14]  [ 40/218]  eta: 0:02:18  lr: 0.000021  loss: 0.0334  time: 0.4949  data: 0.0000  max mem: 5162
Train: data epoch: [14]  [ 60/218]  eta: 0:01:49  lr: 0.000021  loss: 0.0568  time: 0.5110  data: 0.0000  max mem: 5162
Train: data epoch: [14]  [ 80/218]  eta: 0:01:28  lr: 0.000021  loss: 0.0419  time: 0.5039  data: 0.0000  max mem: 5162
Train: data epoch: [14]  [100/218]  eta: 0:01:12  lr: 0.000021  loss: 0.0400  time: 0.5109  data: 0.0000  max mem: 5162
Train: data epoch: [14]  [120/218]  eta: 0:00:56  lr: 0.000021  loss: 0.0537  time: 0.3889  data: 0.0000  max mem: 5162
Train: data epoch: [14]  [140/218]  eta: 0:00:43  lr: 0.000021  loss: 0.0443  time: 0.4202  data: 0.0000  max mem: 5162
Train: data epoch: [14]  [160/218]  eta: 0:00:32  lr: 0.000021  loss: 0.0379  time: 0.5277  data: 0.0000  max mem: 5162
Train: data epoch: [14]  [180/218]  eta: 0:00:19  lr: 0.000021  loss: 0.0475  time: 0.3021  data: 0.0000  max mem: 5162
Train: data epoch: [14]  [200/218]  eta: 0:00:09  lr: 0.000021  loss: 0.0521  time: 0.4500  data: 0.0000  max mem: 5162
Train: data epoch: [14]  [217/218]  eta: 0:00:00  lr: 0.000021  loss: 0.0340  time: 0.4718  data: 0.0000  max mem: 5162
Train: data epoch: [14] Total time: 0:01:52 (0.5170 s / it)
2026-08-23 00:23:50,776 [INFO] AIGIQA-20K: EPOCH[14] -> SRCC 0.8563 PLCC_raw 0.9036 PLCC_mapped 0.9047 KRCC 0.6738 MainScore_official 0.8805
2026-08-23 00:23:50,778 [INFO] Start training
2026-08-23 00:23:51,063 [INFO] Start training epoch 15, 218 iters per inner epoch.
2026-08-23 00:25:45,627 [INFO] Averaged stats: lr: 0.000015  loss: 0.047348
2026-08-23 00:25:45,717 [INFO] gates: {"epoch": 15, "quality_gate": 0.0327, "patch_w_mean": 0.0651, "patch_w_std": 0.0971}
2026-08-23 00:25:45,717 [INFO] Evaluating on val.
Train: data epoch: [15]  [  0/218]  eta: 0:17:01  lr: 0.000015  loss: 0.0369  time: 4.6878  data: 0.0001  max mem: 5162
Train: data epoch: [15]  [ 20/218]  eta: 0:02:48  lr: 0.000015  loss: 0.0611  time: 0.6601  data: 0.0000  max mem: 5162
Train: data epoch: [15]  [ 40/218]  eta: 0:02:02  lr: 0.000015  loss: 0.0684  time: 0.5201  data: 0.0000  max mem: 5162
Train: data epoch: [15]  [ 60/218]  eta: 0:01:43  lr: 0.000015  loss: 0.0384  time: 0.5851  data: 0.0000  max mem: 5162
Train: data epoch: [15]  [ 80/218]  eta: 0:01:27  lr: 0.000015  loss: 0.0378  time: 0.5797  data: 0.0000  max mem: 5162
Train: data epoch: [15]  [100/218]  eta: 0:01:13  lr: 0.000015  loss: 0.0391  time: 0.5649  data: 0.0000  max mem: 5162
Train: data epoch: [15]  [120/218]  eta: 0:00:57  lr: 0.000015  loss: 0.0456  time: 0.3951  data: 0.0000  max mem: 5162
Train: data epoch: [15]  [140/218]  eta: 0:00:44  lr: 0.000015  loss: 0.0380  time: 0.4450  data: 0.0000  max mem: 5162
Train: data epoch: [15]  [160/218]  eta: 0:00:32  lr: 0.000015  loss: 0.0526  time: 0.5330  data: 0.0000  max mem: 5162
Train: data epoch: [15]  [180/218]  eta: 0:00:20  lr: 0.000015  loss: 0.0512  time: 0.3968  data: 0.0000  max mem: 5162
Train: data epoch: [15]  [200/218]  eta: 0:00:09  lr: 0.000015  loss: 0.0502  time: 0.4716  data: 0.0000  max mem: 5162
Train: data epoch: [15]  [217/218]  eta: 0:00:00  lr: 0.000015  loss: 0.0399  time: 0.3986  data: 0.0000  max mem: 5162
Train: data epoch: [15] Total time: 0:01:54 (0.5255 s / it)
2026-08-23 00:26:09,643 [INFO] AIGIQA-20K: EPOCH[15] -> SRCC 0.8554 PLCC_raw 0.9030 PLCC_mapped 0.9036 KRCC 0.6729 MainScore_official 0.8795
2026-08-23 00:26:09,656 [INFO] Saving checkpoint at epoch 15 to run/20260822234_B1_lqea/checkpoint_latest.pth.
2026-08-23 00:26:09,708 [INFO] Start training
2026-08-23 00:26:09,958 [INFO] Start training epoch 16, 218 iters per inner epoch.
2026-08-23 00:28:00,105 [INFO] Averaged stats: lr: 0.000010  loss: 0.046386
2026-08-23 00:28:00,312 [INFO] gates: {"epoch": 16, "quality_gate": 0.0331, "patch_w_mean": 0.0605, "patch_w_std": 0.0895}
2026-08-23 00:28:00,312 [INFO] Evaluating on val.
Train: data epoch: [16]  [  0/218]  eta: 0:18:10  lr: 0.000010  loss: 0.0323  time: 5.0017  data: 0.0001  max mem: 5162
Train: data epoch: [16]  [ 20/218]  eta: 0:02:28  lr: 0.000010  loss: 0.0340  time: 0.5359  data: 0.0000  max mem: 5162
Train: data epoch: [16]  [ 40/218]  eta: 0:02:04  lr: 0.000010  loss: 0.0496  time: 0.6488  data: 0.0000  max mem: 5162
Train: data epoch: [16]  [ 60/218]  eta: 0:01:41  lr: 0.000010  loss: 0.0265  time: 0.5169  data: 0.0000  max mem: 5162
Train: data epoch: [16]  [ 80/218]  eta: 0:01:24  lr: 0.000010  loss: 0.0438  time: 0.5136  data: 0.0000  max mem: 5162
Train: data epoch: [16]  [100/218]  eta: 0:01:09  lr: 0.000010  loss: 0.0579  time: 0.5004  data: 0.0000  max mem: 5162
Train: data epoch: [16]  [120/218]  eta: 0:00:53  lr: 0.000010  loss: 0.0299  time: 0.3539  data: 0.0000  max mem: 5162
Train: data epoch: [16]  [140/218]  eta: 0:00:41  lr: 0.000010  loss: 0.0428  time: 0.4601  data: 0.0000  max mem: 5162
Train: data epoch: [16]  [160/218]  eta: 0:00:31  lr: 0.000010  loss: 0.0467  time: 0.5301  data: 0.0000  max mem: 5162
Train: data epoch: [16]  [180/218]  eta: 0:00:19  lr: 0.000010  loss: 0.0360  time: 0.3798  data: 0.0000  max mem: 5162
Train: data epoch: [16]  [200/218]  eta: 0:00:09  lr: 0.000010  loss: 0.0375  time: 0.4314  data: 0.0000  max mem: 5162
Train: data epoch: [16]  [217/218]  eta: 0:00:00  lr: 0.000010  loss: 0.0659  time: 0.4610  data: 0.0000  max mem: 5162
Train: data epoch: [16] Total time: 0:01:50 (0.5053 s / it)
2026-08-23 00:28:27,471 [INFO] AIGIQA-20K: EPOCH[16] -> SRCC 0.8556 PLCC_raw 0.9027 PLCC_mapped 0.9036 KRCC 0.6730 MainScore_official 0.8796
2026-08-23 00:28:27,472 [INFO] Start training
2026-08-23 00:28:27,962 [INFO] Start training epoch 17, 218 iters per inner epoch.
2026-08-23 00:30:23,446 [INFO] Averaged stats: lr: 0.000006  loss: 0.045557
2026-08-23 00:30:23,526 [INFO] gates: {"epoch": 17, "quality_gate": 0.0333, "patch_w_mean": 0.0639, "patch_w_std": 0.0922}
2026-08-23 00:30:23,526 [INFO] Evaluating on val.
Train: data epoch: [17]  [  0/218]  eta: 0:28:18  lr: 0.000006  loss: 0.0427  time: 7.7933  data: 0.0001  max mem: 5162
Train: data epoch: [17]  [ 20/218]  eta: 0:03:25  lr: 0.000006  loss: 0.0429  time: 0.7000  data: 0.0000  max mem: 5162
Train: data epoch: [17]  [ 40/218]  eta: 0:02:14  lr: 0.000006  loss: 0.0529  time: 0.4599  data: 0.0000  max mem: 5162
Train: data epoch: [17]  [ 60/218]  eta: 0:01:45  lr: 0.000006  loss: 0.0473  time: 0.4948  data: 0.0000  max mem: 5162
Train: data epoch: [17]  [ 80/218]  eta: 0:01:30  lr: 0.000006  loss: 0.0630  time: 0.6203  data: 0.0000  max mem: 5162
Train: data epoch: [17]  [100/218]  eta: 0:01:12  lr: 0.000006  loss: 0.0632  time: 0.4198  data: 0.0000  max mem: 5162
Train: data epoch: [17]  [120/218]  eta: 0:00:57  lr: 0.000006  loss: 0.0417  time: 0.4451  data: 0.0000  max mem: 5162
Train: data epoch: [17]  [140/218]  eta: 0:00:44  lr: 0.000006  loss: 0.0519  time: 0.5170  data: 0.0000  max mem: 5162
Train: data epoch: [17]  [160/218]  eta: 0:00:32  lr: 0.000006  loss: 0.0417  time: 0.3978  data: 0.0000  max mem: 5162
Train: data epoch: [17]  [180/218]  eta: 0:00:20  lr: 0.000006  loss: 0.0619  time: 0.3700  data: 0.0000  max mem: 5162
Train: data epoch: [17]  [200/218]  eta: 0:00:09  lr: 0.000006  loss: 0.0491  time: 0.5251  data: 0.0000  max mem: 5162
Train: data epoch: [17]  [217/218]  eta: 0:00:00  lr: 0.000006  loss: 0.0463  time: 0.5094  data: 0.0000  max mem: 5162
Train: data epoch: [17] Total time: 0:01:55 (0.5297 s / it)
2026-08-23 00:30:52,861 [INFO] AIGIQA-20K: EPOCH[17] -> SRCC 0.8554 PLCC_raw 0.9026 PLCC_mapped 0.9034 KRCC 0.6727 MainScore_official 0.8794
2026-08-23 00:30:52,862 [INFO] Start training
2026-08-23 00:30:53,105 [INFO] Start training epoch 18, 218 iters per inner epoch.
2026-08-23 00:32:49,091 [INFO] Averaged stats: lr: 0.000003  loss: 0.045346
2026-08-23 00:32:49,180 [INFO] gates: {"epoch": 18, "quality_gate": 0.0334, "patch_w_mean": 0.0661, "patch_w_std": 0.0946}
2026-08-23 00:32:49,180 [INFO] Evaluating on val.
Train: data epoch: [18]  [  0/218]  eta: 0:20:53  lr: 0.000003  loss: 0.0340  time: 5.7515  data: 0.0001  max mem: 5162
Train: data epoch: [18]  [ 20/218]  eta: 0:03:02  lr: 0.000003  loss: 0.0388  time: 0.6805  data: 0.0000  max mem: 5162
Train: data epoch: [18]  [ 40/218]  eta: 0:02:19  lr: 0.000003  loss: 0.0505  time: 0.6352  data: 0.0000  max mem: 5162
Train: data epoch: [18]  [ 60/218]  eta: 0:01:51  lr: 0.000003  loss: 0.0313  time: 0.5453  data: 0.0000  max mem: 5162
Train: data epoch: [18]  [ 80/218]  eta: 0:01:26  lr: 0.000003  loss: 0.0659  time: 0.3787  data: 0.0000  max mem: 5162
Train: data epoch: [18]  [100/218]  eta: 0:01:09  lr: 0.000003  loss: 0.0342  time: 0.4463  data: 0.0000  max mem: 5162
Train: data epoch: [18]  [120/218]  eta: 0:00:56  lr: 0.000003  loss: 0.0413  time: 0.5291  data: 0.0000  max mem: 5162
Train: data epoch: [18]  [140/218]  eta: 0:00:43  lr: 0.000003  loss: 0.0387  time: 0.4095  data: 0.0000  max mem: 5162
Train: data epoch: [18]  [160/218]  eta: 0:00:31  lr: 0.000003  loss: 0.0452  time: 0.5000  data: 0.0000  max mem: 5162
Train: data epoch: [18]  [180/218]  eta: 0:00:20  lr: 0.000003  loss: 0.0513  time: 0.4500  data: 0.0000  max mem: 5162
Train: data epoch: [18]  [200/218]  eta: 0:00:09  lr: 0.000003  loss: 0.0405  time: 0.4958  data: 0.0000  max mem: 5162
Train: data epoch: [18]  [217/218]  eta: 0:00:00  lr: 0.000003  loss: 0.0454  time: 0.5160  data: 0.0000  max mem: 5162
Train: data epoch: [18] Total time: 0:01:55 (0.5320 s / it)
2026-08-23 00:33:11,901 [INFO] AIGIQA-20K: EPOCH[18] -> SRCC 0.8553 PLCC_raw 0.9025 PLCC_mapped 0.9033 KRCC 0.6726 MainScore_official 0.8793
2026-08-23 00:33:11,902 [INFO] Start training
2026-08-23 00:33:12,130 [INFO] Start training epoch 19, 218 iters per inner epoch.
2026-08-23 00:34:48,398 [INFO] Averaged stats: lr: 0.000002  loss: 0.044695
2026-08-23 00:34:48,474 [INFO] gates: {"epoch": 19, "quality_gate": 0.0334, "patch_w_mean": 0.061, "patch_w_std": 0.0914}
2026-08-23 00:34:48,474 [INFO] Evaluating on val.
Train: data epoch: [19]  [  0/218]  eta: 0:11:04  lr: 0.000002  loss: 0.0511  time: 3.0490  data: 0.0001  max mem: 5162
Train: data epoch: [19]  [ 20/218]  eta: 0:02:03  lr: 0.000002  loss: 0.0743  time: 0.5037  data: 0.0000  max mem: 5162
Train: data epoch: [19]  [ 40/218]  eta: 0:01:36  lr: 0.000002  loss: 0.0419  time: 0.4552  data: 0.0000  max mem: 5162
Train: data epoch: [19]  [ 60/218]  eta: 0:01:24  lr: 0.000002  loss: 0.0447  time: 0.5172  data: 0.0000  max mem: 5162
Train: data epoch: [19]  [ 80/218]  eta: 0:01:10  lr: 0.000002  loss: 0.0497  time: 0.4489  data: 0.0000  max mem: 5162
Train: data epoch: [19]  [100/218]  eta: 0:00:58  lr: 0.000002  loss: 0.0346  time: 0.4137  data: 0.0000  max mem: 5162
Train: data epoch: [19]  [120/218]  eta: 0:00:49  lr: 0.000002  loss: 0.0334  time: 0.5415  data: 0.0000  max mem: 5162
Train: data epoch: [19]  [140/218]  eta: 0:00:38  lr: 0.000002  loss: 0.0364  time: 0.4442  data: 0.0000  max mem: 5162
Train: data epoch: [19]  [160/218]  eta: 0:00:27  lr: 0.000002  loss: 0.0516  time: 0.3486  data: 0.0000  max mem: 5162
Train: data epoch: [19]  [180/218]  eta: 0:00:17  lr: 0.000002  loss: 0.0502  time: 0.3449  data: 0.0000  max mem: 5162
Train: data epoch: [19]  [200/218]  eta: 0:00:08  lr: 0.000002  loss: 0.0483  time: 0.3460  data: 0.0000  max mem: 5162
Train: data epoch: [19]  [217/218]  eta: 0:00:00  lr: 0.000002  loss: 0.0398  time: 0.3489  data: 0.0000  max mem: 5162
Train: data epoch: [19] Total time: 0:01:36 (0.4416 s / it)
2026-08-23 00:35:03,093 [INFO] AIGIQA-20K: EPOCH[19] -> SRCC 0.8552 PLCC_raw 0.9025 PLCC_mapped 0.9033 KRCC 0.6725 MainScore_official 0.8793
2026-08-23 00:35:03,106 [INFO] Saving checkpoint at epoch 19 to run/20260822234_B1_lqea/checkpoint_latest.pth.
[{'agg_metrics': np.float64(0.8830949635562964), 'main_score_raw': np.float64(0.8822606285879169), 'main_score_official': np.float64(0.8830949635562964), 'srcc': np.float64(0.8595564316784426), 'plcc_raw': np.float64(0.9049648254973912), 'plcc_mapped': np.float64(0.9066334954341501), 'krcc': np.float64(0.6777555555334069), 'mse': 0.09385067098369092, 'loss': 0.09385067098369092}]
{'agg_metrics': np.float64(0.8830949635562964), 'main_score_raw': np.float64(0.8822606285879169), 'main_score_official': np.float64(0.8830949635562964), 'srcc': np.float64(0.8595564316784426), 'plcc_raw': np.float64(0.9049648254973912), 'plcc_mapped': np.float64(0.9066334954341501), 'krcc': np.float64(0.6777555555334069), 'mse': 0.09385067098369092, 'loss': 0.09385067098369092}
