2026-08-21 14:18:58,899 [INFO] Start training
2026-08-21 14:19:00,039 [INFO] number of trainable parameters: 1764741
Not using distributed mode
['msqr_dgmpq_hcmi_v8', 'msqr_dgmpq_mscm_v10', 'msqr_dgmpq_tcap_v9']
2026-08-21 14:19:01,040 [INFO] Start training epoch 0, 37 iters per inner epoch.
2026-08-21 14:19:24,674 [INFO] Averaged stats: lr: 0.000036  loss: 6.779149
2026-08-21 14:19:24,735 [INFO] gates: {"epoch": 0, "raw_quality_ratio": 6.0554, "quality_ratio": 0.0696, "lambda_q": 0.0116, "deviation_mean": 1.0205, "deviation_std": 0.0914, "patch_w_mean": 0.5031, "patch_w_std": 0.0201}
2026-08-21 14:19:24,735 [INFO] Evaluating on val.
Train: data epoch: [0]  [ 0/37]  eta: 0:02:48  lr: 0.000000  loss: 7.7115  time: 4.5625  data: 0.0001  max mem: 5147
Train: data epoch: [0]  [20/37]  eta: 0:00:12  lr: 0.000040  loss: 6.2867  time: 0.5260  data: 0.0000  max mem: 5161
Train: data epoch: [0]  [36/37]  eta: 0:00:00  lr: 0.000072  loss: 5.6672  time: 0.5337  data: 0.0000  max mem: 5161
Train: data epoch: [0] Total time: 0:00:23 (0.6387 s / it)
2026-08-21 14:19:31,352 [INFO] Qual: EPOCH[0] -> PLCC: -0.020311, SROCC: -0.008033, KROCC: -0.004688, LOSS: 5.121749
2026-08-21 14:19:31,352 [INFO] Align: EPOCH[0] -> PLCC: -0.109077, SROCC: -0.053020, KROCC: -0.035585, LOSS: 5.982227
2026-08-21 14:19:31,368 [INFO] Saving checkpoint at epoch 0 to run/20260821141_B1_MSCM_s4/checkpoint_best.pth.
2026-08-21 14:19:31,438 [INFO] Saving checkpoint at epoch 0 to run/20260821141_B1_MSCM_s4/checkpoint_best_joint.pth.
2026-08-21 14:19:31,489 [INFO] Start training
2026-08-21 14:19:31,782 [INFO] Start training epoch 1, 37 iters per inner epoch.
2026-08-21 14:19:51,411 [INFO] Averaged stats: lr: 0.000100  loss: 2.700190
2026-08-21 14:19:51,505 [INFO] gates: {"epoch": 1, "raw_quality_ratio": 2.6191, "quality_ratio": 0.0416, "lambda_q": 0.0159, "deviation_mean": 1.02, "deviation_std": 0.1162, "patch_w_mean": 0.5183, "patch_w_std": 0.0325}
2026-08-21 14:19:51,506 [INFO] Evaluating on val.
Train: data epoch: [1]  [ 0/37]  eta: 0:00:57  lr: 0.000100  loss: 5.9450  time: 1.5652  data: 0.0001  max mem: 5161
Train: data epoch: [1]  [20/37]  eta: 0:00:09  lr: 0.000100  loss: 1.9388  time: 0.5022  data: 0.0000  max mem: 5161
Train: data epoch: [1]  [36/37]  eta: 0:00:00  lr: 0.000100  loss: 1.1881  time: 0.5095  data: 0.0000  max mem: 5161
Train: data epoch: [1] Total time: 0:00:19 (0.5305 s / it)
2026-08-21 14:19:56,974 [INFO] Qual: EPOCH[1] -> PLCC: 0.425394, SROCC: 0.417208, KROCC: 0.287973, LOSS: 0.947886
2026-08-21 14:19:56,974 [INFO] Align: EPOCH[1] -> PLCC: 0.361438, SROCC: 0.363796, KROCC: 0.251431, LOSS: 0.829878
2026-08-21 14:19:56,987 [INFO] Saving checkpoint at epoch 1 to run/20260821141_B1_MSCM_s4/checkpoint_best.pth.
2026-08-21 14:19:57,058 [INFO] Saving checkpoint at epoch 1 to run/20260821141_B1_MSCM_s4/checkpoint_best_joint.pth.
2026-08-21 14:19:57,105 [INFO] Start training
2026-08-21 14:19:57,362 [INFO] Start training epoch 2, 37 iters per inner epoch.
2026-08-21 14:20:17,630 [INFO] Averaged stats: lr: 0.000100  loss: 0.699705
2026-08-21 14:20:17,710 [INFO] gates: {"epoch": 2, "raw_quality_ratio": 2.7753, "quality_ratio": 0.0444, "lambda_q": 0.016, "deviation_mean": 1.0188, "deviation_std": 0.1036, "patch_w_mean": 0.5, "patch_w_std": 0.0315}
2026-08-21 14:20:17,711 [INFO] Evaluating on val.
Train: data epoch: [2]  [ 0/37]  eta: 0:01:03  lr: 0.000100  loss: 0.7283  time: 1.7207  data: 0.0001  max mem: 5161
Train: data epoch: [2]  [20/37]  eta: 0:00:09  lr: 0.000100  loss: 0.6385  time: 0.5053  data: 0.0000  max mem: 5161
Train: data epoch: [2]  [36/37]  eta: 0:00:00  lr: 0.000100  loss: 0.4349  time: 0.5270  data: 0.0000  max mem: 5161
Train: data epoch: [2] Total time: 0:00:20 (0.5477 s / it)
2026-08-21 14:20:24,000 [INFO] Qual: EPOCH[2] -> PLCC: 0.778439, SROCC: 0.725049, KROCC: 0.536442, LOSS: 0.445117
2026-08-21 14:20:24,000 [INFO] Align: EPOCH[2] -> PLCC: 0.698103, SROCC: 0.619313, KROCC: 0.444837, LOSS: 0.508744
2026-08-21 14:20:24,015 [INFO] Saving checkpoint at epoch 2 to run/20260821141_B1_MSCM_s4/checkpoint_best.pth.
2026-08-21 14:20:24,086 [INFO] Saving checkpoint at epoch 2 to run/20260821141_B1_MSCM_s4/checkpoint_best_joint.pth.
2026-08-21 14:20:24,143 [INFO] Start training
2026-08-21 14:20:24,385 [INFO] Start training epoch 3, 37 iters per inner epoch.
2026-08-21 14:20:43,121 [INFO] Averaged stats: lr: 0.000099  loss: 0.372271
2026-08-21 14:20:43,208 [INFO] gates: {"epoch": 3, "raw_quality_ratio": 2.7788, "quality_ratio": 0.0461, "lambda_q": 0.0166, "deviation_mean": 0.8354, "deviation_std": 0.1376, "patch_w_mean": 0.4727, "patch_w_std": 0.0275}
2026-08-21 14:20:43,208 [INFO] Evaluating on val.
Train: data epoch: [3]  [ 0/37]  eta: 0:00:49  lr: 0.000099  loss: 0.4574  time: 1.3503  data: 0.0001  max mem: 5161
Train: data epoch: [3]  [20/37]  eta: 0:00:08  lr: 0.000099  loss: 0.4029  time: 0.4441  data: 0.0000  max mem: 5161
Train: data epoch: [3]  [36/37]  eta: 0:00:00  lr: 0.000099  loss: 0.2775  time: 0.5300  data: 0.0000  max mem: 5161
Train: data epoch: [3] Total time: 0:00:18 (0.5064 s / it)
2026-08-21 14:20:49,177 [INFO] Qual: EPOCH[3] -> PLCC: 0.855028, SROCC: 0.786745, KROCC: 0.596627, LOSS: 0.261697
2026-08-21 14:20:49,177 [INFO] Align: EPOCH[3] -> PLCC: 0.790070, SROCC: 0.671295, KROCC: 0.489031, LOSS: 0.356268
2026-08-21 14:20:49,192 [INFO] Saving checkpoint at epoch 3 to run/20260821141_B1_MSCM_s4/checkpoint_best.pth.
2026-08-21 14:20:49,281 [INFO] Saving checkpoint at epoch 3 to run/20260821141_B1_MSCM_s4/checkpoint_best_joint.pth.
2026-08-21 14:20:49,352 [INFO] Start training
2026-08-21 14:20:49,605 [INFO] Start training epoch 4, 37 iters per inner epoch.
2026-08-21 14:21:09,204 [INFO] Averaged stats: lr: 0.000098  loss: 0.269584
2026-08-21 14:21:09,290 [INFO] gates: {"epoch": 4, "raw_quality_ratio": 2.8044, "quality_ratio": 0.0481, "lambda_q": 0.0172, "deviation_mean": 0.7575, "deviation_std": 0.1518, "patch_w_mean": 0.4642, "patch_w_std": 0.0324}
2026-08-21 14:21:09,290 [INFO] Evaluating on val.
Train: data epoch: [4]  [ 0/37]  eta: 0:00:53  lr: 0.000098  loss: 0.2930  time: 1.4434  data: 0.0001  max mem: 5161
Train: data epoch: [4]  [20/37]  eta: 0:00:09  lr: 0.000098  loss: 0.2901  time: 0.4848  data: 0.0000  max mem: 5161
Train: data epoch: [4]  [36/37]  eta: 0:00:00  lr: 0.000098  loss: 0.2434  time: 0.5286  data: 0.0000  max mem: 5161
Train: data epoch: [4] Total time: 0:00:19 (0.5297 s / it)
2026-08-21 14:21:15,342 [INFO] Qual: EPOCH[4] -> PLCC: 0.873624, SROCC: 0.818869, KROCC: 0.628322, LOSS: 0.229906
2026-08-21 14:21:15,342 [INFO] Align: EPOCH[4] -> PLCC: 0.821024, SROCC: 0.694196, KROCC: 0.511528, LOSS: 0.310170
2026-08-21 14:21:15,354 [INFO] Saving checkpoint at epoch 4 to run/20260821141_B1_MSCM_s4/checkpoint_best.pth.
2026-08-21 14:21:15,411 [INFO] Saving checkpoint at epoch 4 to run/20260821141_B1_MSCM_s4/checkpoint_best_joint.pth.
2026-08-21 14:21:15,457 [INFO] Start training
2026-08-21 14:21:15,672 [INFO] Start training epoch 5, 37 iters per inner epoch.
2026-08-21 14:21:34,361 [INFO] Averaged stats: lr: 0.000098  loss: 0.244282
2026-08-21 14:21:34,463 [INFO] gates: {"epoch": 5, "raw_quality_ratio": 2.5902, "quality_ratio": 0.0455, "lambda_q": 0.0176, "deviation_mean": 0.8072, "deviation_std": 0.2102, "patch_w_mean": 0.45, "patch_w_std": 0.0484}
2026-08-21 14:21:34,463 [INFO] Evaluating on val.
Train: data epoch: [5]  [ 0/37]  eta: 0:00:35  lr: 0.000098  loss: 0.2169  time: 0.9667  data: 0.0001  max mem: 5161
Train: data epoch: [5]  [20/37]  eta: 0:00:08  lr: 0.000098  loss: 0.3169  time: 0.4565  data: 0.0000  max mem: 5161
Train: data epoch: [5]  [36/37]  eta: 0:00:00  lr: 0.000098  loss: 0.2154  time: 0.5339  data: 0.0000  max mem: 5161
Train: data epoch: [5] Total time: 0:00:18 (0.5051 s / it)
2026-08-21 14:21:40,307 [INFO] Qual: EPOCH[5] -> PLCC: 0.881022, SROCC: 0.831876, KROCC: 0.642720, LOSS: 0.219680
2026-08-21 14:21:40,307 [INFO] Align: EPOCH[5] -> PLCC: 0.830630, SROCC: 0.703064, KROCC: 0.520362, LOSS: 0.292793
2026-08-21 14:21:40,320 [INFO] Saving checkpoint at epoch 5 to run/20260821141_B1_MSCM_s4/checkpoint_best.pth.
2026-08-21 14:21:40,381 [INFO] Saving checkpoint at epoch 5 to run/20260821141_B1_MSCM_s4/checkpoint_best_joint.pth.
2026-08-21 14:21:40,424 [INFO] Start training
2026-08-21 14:21:40,627 [INFO] Start training epoch 6, 37 iters per inner epoch.
2026-08-21 14:21:59,018 [INFO] Averaged stats: lr: 0.000097  loss: 0.224856
2026-08-21 14:21:59,115 [INFO] gates: {"epoch": 6, "raw_quality_ratio": 2.7523, "quality_ratio": 0.0497, "lambda_q": 0.0181, "deviation_mean": 0.7629, "deviation_std": 0.1878, "patch_w_mean": 0.4326, "patch_w_std": 0.0653}
2026-08-21 14:21:59,115 [INFO] Evaluating on val.
Train: data epoch: [6]  [ 0/37]  eta: 0:00:36  lr: 0.000097  loss: 0.1636  time: 0.9843  data: 0.0001  max mem: 5161
Train: data epoch: [6]  [20/37]  eta: 0:00:08  lr: 0.000097  loss: 0.2561  time: 0.4655  data: 0.0000  max mem: 5161
Train: data epoch: [6]  [36/37]  eta: 0:00:00  lr: 0.000097  loss: 0.2024  time: 0.5020  data: 0.0000  max mem: 5161
Train: data epoch: [6] Total time: 0:00:18 (0.4970 s / it)
2026-08-21 14:22:05,419 [INFO] Qual: EPOCH[6] -> PLCC: 0.887225, SROCC: 0.840960, KROCC: 0.652254, LOSS: 0.213603
2026-08-21 14:22:05,419 [INFO] Align: EPOCH[6] -> PLCC: 0.834687, SROCC: 0.710186, KROCC: 0.526974, LOSS: 0.303364
2026-08-21 14:22:05,432 [INFO] Saving checkpoint at epoch 6 to run/20260821141_B1_MSCM_s4/checkpoint_best.pth.
2026-08-21 14:22:05,505 [INFO] Saving checkpoint at epoch 6 to run/20260821141_B1_MSCM_s4/checkpoint_best_joint.pth.
2026-08-21 14:22:05,560 [INFO] Start training
2026-08-21 14:22:05,767 [INFO] Start training epoch 7, 37 iters per inner epoch.
2026-08-21 14:22:24,283 [INFO] Averaged stats: lr: 0.000095  loss: 0.211662
2026-08-21 14:22:24,377 [INFO] gates: {"epoch": 7, "raw_quality_ratio": 2.6608, "quality_ratio": 0.0495, "lambda_q": 0.0186, "deviation_mean": 0.7538, "deviation_std": 0.2046, "patch_w_mean": 0.4152, "patch_w_std": 0.0951}
2026-08-21 14:22:24,377 [INFO] Evaluating on val.
Train: data epoch: [7]  [ 0/37]  eta: 0:00:46  lr: 0.000095  loss: 0.1522  time: 1.2676  data: 0.0001  max mem: 5161
Train: data epoch: [7]  [20/37]  eta: 0:00:08  lr: 0.000095  loss: 0.2547  time: 0.4700  data: 0.0000  max mem: 5161
Train: data epoch: [7]  [36/37]  eta: 0:00:00  lr: 0.000095  loss: 0.1847  time: 0.4998  data: 0.0000  max mem: 5161
Train: data epoch: [7] Total time: 0:00:18 (0.5004 s / it)
2026-08-21 14:22:30,671 [INFO] Qual: EPOCH[7] -> PLCC: 0.890547, SROCC: 0.845210, KROCC: 0.657704, LOSS: 0.202575
2026-08-21 14:22:30,671 [INFO] Align: EPOCH[7] -> PLCC: 0.840409, SROCC: 0.715254, KROCC: 0.531791, LOSS: 0.290940
2026-08-21 14:22:30,683 [INFO] Saving checkpoint at epoch 7 to run/20260821141_B1_MSCM_s4/checkpoint_best.pth.
2026-08-21 14:22:30,753 [INFO] Saving checkpoint at epoch 7 to run/20260821141_B1_MSCM_s4/checkpoint_best_joint.pth.
2026-08-21 14:22:30,804 [INFO] Start training
2026-08-21 14:22:31,003 [INFO] Start training epoch 8, 37 iters per inner epoch.
2026-08-21 14:22:47,788 [INFO] Averaged stats: lr: 0.000094  loss: 0.200296
2026-08-21 14:22:47,897 [INFO] gates: {"epoch": 8, "raw_quality_ratio": 2.8095, "quality_ratio": 0.054, "lambda_q": 0.0192, "deviation_mean": 0.7286, "deviation_std": 0.2012, "patch_w_mean": 0.3976, "patch_w_std": 0.1079}
2026-08-21 14:22:47,897 [INFO] Evaluating on val.
Train: data epoch: [8]  [ 0/37]  eta: 0:00:38  lr: 0.000094  loss: 0.2205  time: 1.0353  data: 0.0001  max mem: 5161
Train: data epoch: [8]  [20/37]  eta: 0:00:07  lr: 0.000094  loss: 0.2144  time: 0.4197  data: 0.0000  max mem: 5161
Train: data epoch: [8]  [36/37]  eta: 0:00:00  lr: 0.000094  loss: 0.2350  time: 0.4093  data: 0.0000  max mem: 5161
Train: data epoch: [8] Total time: 0:00:16 (0.4536 s / it)
2026-08-21 14:22:54,701 [INFO] Qual: EPOCH[8] -> PLCC: 0.893188, SROCC: 0.848652, KROCC: 0.662229, LOSS: 0.198441
2026-08-21 14:22:54,701 [INFO] Align: EPOCH[8] -> PLCC: 0.842673, SROCC: 0.716988, KROCC: 0.533337, LOSS: 0.283429
2026-08-21 14:22:54,717 [INFO] Saving checkpoint at epoch 8 to run/20260821141_B1_MSCM_s4/checkpoint_best.pth.
2026-08-21 14:22:54,799 [INFO] Saving checkpoint at epoch 8 to run/20260821141_B1_MSCM_s4/checkpoint_best_joint.pth.
2026-08-21 14:22:54,858 [INFO] Start training
2026-08-21 14:22:55,100 [INFO] Start training epoch 9, 37 iters per inner epoch.
2026-08-21 14:23:14,124 [INFO] Averaged stats: lr: 0.000092  loss: 0.190768
2026-08-21 14:23:14,214 [INFO] gates: {"epoch": 9, "raw_quality_ratio": 2.8197, "quality_ratio": 0.0563, "lambda_q": 0.02, "deviation_mean": 0.7236, "deviation_std": 0.1811, "patch_w_mean": 0.3782, "patch_w_std": 0.1158}
2026-08-21 14:23:14,214 [INFO] Evaluating on val.
Train: data epoch: [9]  [ 0/37]  eta: 0:00:44  lr: 0.000092  loss: 0.1666  time: 1.2113  data: 0.0001  max mem: 5161
Train: data epoch: [9]  [20/37]  eta: 0:00:09  lr: 0.000092  loss: 0.1739  time: 0.5047  data: 0.0000  max mem: 5161
Train: data epoch: [9]  [36/37]  eta: 0:00:00  lr: 0.000092  loss: 0.2210  time: 0.4813  data: 0.0000  max mem: 5161
Train: data epoch: [9] Total time: 0:00:19 (0.5142 s / it)
2026-08-21 14:23:19,935 [INFO] Qual: EPOCH[9] -> PLCC: 0.895831, SROCC: 0.851480, KROCC: 0.665726, LOSS: 0.194862
2026-08-21 14:23:19,935 [INFO] Align: EPOCH[9] -> PLCC: 0.843762, SROCC: 0.717299, KROCC: 0.533788, LOSS: 0.276550
2026-08-21 14:23:19,952 [INFO] Saving checkpoint at epoch 9 to run/20260821141_B1_MSCM_s4/checkpoint_best.pth.
2026-08-21 14:23:20,035 [INFO] Saving checkpoint at epoch 9 to run/20260821141_B1_MSCM_s4/checkpoint_best_joint.pth.
2026-08-21 14:23:20,101 [INFO] Start training
2026-08-21 14:23:20,340 [INFO] Start training epoch 10, 37 iters per inner epoch.
2026-08-21 14:23:39,509 [INFO] Averaged stats: lr: 0.000091  loss: 0.184254
2026-08-21 14:23:39,606 [INFO] gates: {"epoch": 10, "raw_quality_ratio": 2.8381, "quality_ratio": 0.0586, "lambda_q": 0.0207, "deviation_mean": 0.7616, "deviation_std": 0.1638, "patch_w_mean": 0.3737, "patch_w_std": 0.1144}
2026-08-21 14:23:39,606 [INFO] Evaluating on val.
Train: data epoch: [10]  [ 0/37]  eta: 0:00:46  lr: 0.000091  loss: 0.1374  time: 1.2634  data: 0.0001  max mem: 5161
Train: data epoch: [10]  [20/37]  eta: 0:00:09  lr: 0.000091  loss: 0.2058  time: 0.5191  data: 0.0000  max mem: 5161
Train: data epoch: [10]  [36/37]  eta: 0:00:00  lr: 0.000091  loss: 0.2025  time: 0.4875  data: 0.0000  max mem: 5161
Train: data epoch: [10] Total time: 0:00:19 (0.5181 s / it)
2026-08-21 14:23:45,375 [INFO] Qual: EPOCH[10] -> PLCC: 0.899954, SROCC: 0.855641, KROCC: 0.671278, LOSS: 0.198838
2026-08-21 14:23:45,375 [INFO] Align: EPOCH[10] -> PLCC: 0.844281, SROCC: 0.721554, KROCC: 0.537816, LOSS: 0.294514
2026-08-21 14:23:45,391 [INFO] Saving checkpoint at epoch 10 to run/20260821141_B1_MSCM_s4/checkpoint_best.pth.
2026-08-21 14:23:45,480 [INFO] Saving checkpoint at epoch 10 to run/20260821141_B1_MSCM_s4/checkpoint_best_joint.pth.
2026-08-21 14:23:45,552 [INFO] Start training
2026-08-21 14:23:45,811 [INFO] Start training epoch 11, 37 iters per inner epoch.
2026-08-21 14:24:05,046 [INFO] Averaged stats: lr: 0.000089  loss: 0.175739
2026-08-21 14:24:05,133 [INFO] gates: {"epoch": 11, "raw_quality_ratio": 2.7481, "quality_ratio": 0.0588, "lambda_q": 0.0214, "deviation_mean": 0.7651, "deviation_std": 0.1775, "patch_w_mean": 0.3526, "patch_w_std": 0.1376}
2026-08-21 14:24:05,133 [INFO] Evaluating on val.
Train: data epoch: [11]  [ 0/37]  eta: 0:00:55  lr: 0.000089  loss: 0.2346  time: 1.4911  data: 0.0001  max mem: 5161
Train: data epoch: [11]  [20/37]  eta: 0:00:09  lr: 0.000089  loss: 0.1405  time: 0.5076  data: 0.0000  max mem: 5161
Train: data epoch: [11]  [36/37]  eta: 0:00:00  lr: 0.000089  loss: 0.1696  time: 0.4884  data: 0.0000  max mem: 5161
Train: data epoch: [11] Total time: 0:00:19 (0.5198 s / it)
2026-08-21 14:24:11,051 [INFO] Qual: EPOCH[11] -> PLCC: 0.899876, SROCC: 0.855080, KROCC: 0.670511, LOSS: 0.185182
2026-08-21 14:24:11,051 [INFO] Align: EPOCH[11] -> PLCC: 0.847093, SROCC: 0.720647, KROCC: 0.536902, LOSS: 0.267853
2026-08-21 14:24:11,063 [INFO] Saving checkpoint at epoch 11 to run/20260821141_B1_MSCM_s4/checkpoint_best_joint.pth.
2026-08-21 14:24:11,116 [INFO] Start training
2026-08-21 14:24:11,381 [INFO] Start training epoch 12, 37 iters per inner epoch.
2026-08-21 14:24:30,965 [INFO] Averaged stats: lr: 0.000087  loss: 0.167157
2026-08-21 14:24:31,067 [INFO] gates: {"epoch": 12, "raw_quality_ratio": 2.8718, "quality_ratio": 0.064, "lambda_q": 0.0223, "deviation_mean": 0.8413, "deviation_std": 0.1665, "patch_w_mean": 0.349, "patch_w_std": 0.1309}
2026-08-21 14:24:31,068 [INFO] Evaluating on val.
Train: data epoch: [12]  [ 0/37]  eta: 0:00:49  lr: 0.000087  loss: 0.1377  time: 1.3258  data: 0.0001  max mem: 5161
Train: data epoch: [12]  [20/37]  eta: 0:00:09  lr: 0.000087  loss: 0.1589  time: 0.5148  data: 0.0000  max mem: 5161
Train: data epoch: [12]  [36/37]  eta: 0:00:00  lr: 0.000087  loss: 0.1996  time: 0.5088  data: 0.0000  max mem: 5161
Train: data epoch: [12] Total time: 0:00:19 (0.5293 s / it)
2026-08-21 14:24:37,321 [INFO] Qual: EPOCH[12] -> PLCC: 0.902418, SROCC: 0.856750, KROCC: 0.673512, LOSS: 0.189850
2026-08-21 14:24:37,321 [INFO] Align: EPOCH[12] -> PLCC: 0.847641, SROCC: 0.723011, KROCC: 0.538493, LOSS: 0.281098
2026-08-21 14:24:37,334 [INFO] Saving checkpoint at epoch 12 to run/20260821141_B1_MSCM_s4/checkpoint_best.pth.
2026-08-21 14:24:37,391 [INFO] Saving checkpoint at epoch 12 to run/20260821141_B1_MSCM_s4/checkpoint_best_joint.pth.
2026-08-21 14:24:37,447 [INFO] Start training
2026-08-21 14:24:37,698 [INFO] Start training epoch 13, 37 iters per inner epoch.
2026-08-21 14:24:56,592 [INFO] Averaged stats: lr: 0.000084  loss: 0.156930
2026-08-21 14:24:56,686 [INFO] gates: {"epoch": 13, "raw_quality_ratio": 3.0378, "quality_ratio": 0.0704, "lambda_q": 0.0232, "deviation_mean": 0.8397, "deviation_std": 0.1751, "patch_w_mean": 0.3323, "patch_w_std": 0.1421}
2026-08-21 14:24:56,686 [INFO] Evaluating on val.
Train: data epoch: [13]  [ 0/37]  eta: 0:00:38  lr: 0.000084  loss: 0.2098  time: 1.0363  data: 0.0001  max mem: 5161
Train: data epoch: [13]  [20/37]  eta: 0:00:08  lr: 0.000084  loss: 0.1561  time: 0.4959  data: 0.0000  max mem: 5161
Train: data epoch: [13]  [36/37]  eta: 0:00:00  lr: 0.000084  loss: 0.1566  time: 0.5048  data: 0.0000  max mem: 5161
Train: data epoch: [13] Total time: 0:00:18 (0.5106 s / it)
2026-08-21 14:25:02,562 [INFO] Qual: EPOCH[13] -> PLCC: 0.902017, SROCC: 0.855947, KROCC: 0.672553, LOSS: 0.181006
2026-08-21 14:25:02,562 [INFO] Align: EPOCH[13] -> PLCC: 0.850537, SROCC: 0.722765, KROCC: 0.538538, LOSS: 0.265546
2026-08-21 14:25:02,574 [INFO] Saving checkpoint at epoch 13 to run/20260821141_B1_MSCM_s4/checkpoint_best_joint.pth.
2026-08-21 14:25:02,631 [INFO] Start training
2026-08-21 14:25:02,843 [INFO] Start training epoch 14, 37 iters per inner epoch.
2026-08-21 14:25:21,722 [INFO] Averaged stats: lr: 0.000082  loss: 0.150453
2026-08-21 14:25:21,811 [INFO] gates: {"epoch": 14, "raw_quality_ratio": 2.6455, "quality_ratio": 0.0638, "lambda_q": 0.0241, "deviation_mean": 0.9, "deviation_std": 0.1797, "patch_w_mean": 0.3407, "patch_w_std": 0.1449}
2026-08-21 14:25:21,811 [INFO] Evaluating on val.
Train: data epoch: [14]  [ 0/37]  eta: 0:00:37  lr: 0.000082  loss: 0.1389  time: 1.0098  data: 0.0001  max mem: 5161
Train: data epoch: [14]  [20/37]  eta: 0:00:08  lr: 0.000082  loss: 0.1823  time: 0.4913  data: 0.0000  max mem: 5161
Train: data epoch: [14]  [36/37]  eta: 0:00:00  lr: 0.000082  loss: 0.1375  time: 0.5131  data: 0.0000  max mem: 5161
Train: data epoch: [14] Total time: 0:00:18 (0.5102 s / it)
2026-08-21 14:25:28,188 [INFO] Qual: EPOCH[14] -> PLCC: 0.904413, SROCC: 0.858903, KROCC: 0.676671, LOSS: 0.177622
2026-08-21 14:25:28,189 [INFO] Align: EPOCH[14] -> PLCC: 0.850269, SROCC: 0.724795, KROCC: 0.540242, LOSS: 0.267996
2026-08-21 14:25:28,203 [INFO] Saving checkpoint at epoch 14 to run/20260821141_B1_MSCM_s4/checkpoint_best.pth.
2026-08-21 14:25:28,288 [INFO] Saving checkpoint at epoch 14 to run/20260821141_B1_MSCM_s4/checkpoint_best_joint.pth.
2026-08-21 14:25:28,333 [INFO] Start training
2026-08-21 14:25:28,545 [INFO] Start training epoch 15, 37 iters per inner epoch.
2026-08-21 14:25:46,763 [INFO] Averaged stats: lr: 0.000080  loss: 0.143268
2026-08-21 14:25:46,860 [INFO] gates: {"epoch": 15, "raw_quality_ratio": 2.7418, "quality_ratio": 0.0684, "lambda_q": 0.025, "deviation_mean": 0.8133, "deviation_std": 0.1675, "patch_w_mean": 0.3204, "patch_w_std": 0.1461}
2026-08-21 14:25:46,860 [INFO] Evaluating on val.
Train: data epoch: [15]  [ 0/37]  eta: 0:00:49  lr: 0.000080  loss: 0.1207  time: 1.3415  data: 0.0001  max mem: 5161
Train: data epoch: [15]  [20/37]  eta: 0:00:08  lr: 0.000080  loss: 0.1209  time: 0.4347  data: 0.0000  max mem: 5161
Train: data epoch: [15]  [36/37]  eta: 0:00:00  lr: 0.000080  loss: 0.1750  time: 0.5064  data: 0.0000  max mem: 5161
Train: data epoch: [15] Total time: 0:00:18 (0.4924 s / it)
2026-08-21 14:25:53,286 [INFO] Qual: EPOCH[15] -> PLCC: 0.905707, SROCC: 0.859923, KROCC: 0.677800, LOSS: 0.176317
2026-08-21 14:25:53,287 [INFO] Align: EPOCH[15] -> PLCC: 0.851802, SROCC: 0.726155, KROCC: 0.541686, LOSS: 0.269628
2026-08-21 14:25:53,302 [INFO] Saving checkpoint at epoch 15 to run/20260821141_B1_MSCM_s4/checkpoint_best.pth.
2026-08-21 14:25:53,372 [INFO] Saving checkpoint at epoch 15 to run/20260821141_B1_MSCM_s4/checkpoint_best_joint.pth.
2026-08-21 14:25:53,428 [INFO] Start training
2026-08-21 14:25:53,671 [INFO] Start training epoch 16, 37 iters per inner epoch.
2026-08-21 14:26:12,333 [INFO] Averaged stats: lr: 0.000077  loss: 0.135638
2026-08-21 14:26:12,428 [INFO] gates: {"epoch": 16, "raw_quality_ratio": 2.7279, "quality_ratio": 0.0705, "lambda_q": 0.0259, "deviation_mean": 0.898, "deviation_std": 0.1742, "patch_w_mean": 0.3051, "patch_w_std": 0.1464}
2026-08-21 14:26:12,428 [INFO] Evaluating on val.
Train: data epoch: [16]  [ 0/37]  eta: 0:00:42  lr: 0.000077  loss: 0.1169  time: 1.1422  data: 0.0001  max mem: 5161
Train: data epoch: [16]  [20/37]  eta: 0:00:08  lr: 0.000077  loss: 0.1329  time: 0.4768  data: 0.0000  max mem: 5161
Train: data epoch: [16]  [36/37]  eta: 0:00:00  lr: 0.000077  loss: 0.1446  time: 0.4675  data: 0.0000  max mem: 5161
Train: data epoch: [16] Total time: 0:00:18 (0.5044 s / it)
2026-08-21 14:26:18,765 [INFO] Qual: EPOCH[16] -> PLCC: 0.907852, SROCC: 0.862560, KROCC: 0.681715, LOSS: 0.173559
2026-08-21 14:26:18,765 [INFO] Align: EPOCH[16] -> PLCC: 0.852293, SROCC: 0.728133, KROCC: 0.542995, LOSS: 0.265558
2026-08-21 14:26:18,777 [INFO] Saving checkpoint at epoch 16 to run/20260821141_B1_MSCM_s4/checkpoint_best.pth.
2026-08-21 14:26:18,850 [INFO] Saving checkpoint at epoch 16 to run/20260821141_B1_MSCM_s4/checkpoint_best_joint.pth.
2026-08-21 14:26:18,906 [INFO] Start training
2026-08-21 14:26:19,115 [INFO] Start training epoch 17, 37 iters per inner epoch.
2026-08-21 14:26:37,628 [INFO] Averaged stats: lr: 0.000074  loss: 0.130592
2026-08-21 14:26:37,722 [INFO] gates: {"epoch": 17, "raw_quality_ratio": 2.8235, "quality_ratio": 0.0755, "lambda_q": 0.0268, "deviation_mean": 0.8132, "deviation_std": 0.1696, "patch_w_mean": 0.2844, "patch_w_std": 0.1495}
2026-08-21 14:26:37,722 [INFO] Evaluating on val.
Train: data epoch: [17]  [ 0/37]  eta: 0:00:37  lr: 0.000074  loss: 0.1030  time: 1.0015  data: 0.0001  max mem: 5161
Train: data epoch: [17]  [20/37]  eta: 0:00:08  lr: 0.000074  loss: 0.1390  time: 0.5017  data: 0.0000  max mem: 5161
Train: data epoch: [17]  [36/37]  eta: 0:00:00  lr: 0.000074  loss: 0.1378  time: 0.4687  data: 0.0000  max mem: 5161
Train: data epoch: [17] Total time: 0:00:18 (0.5003 s / it)
2026-08-21 14:26:44,234 [INFO] Qual: EPOCH[17] -> PLCC: 0.907761, SROCC: 0.861250, KROCC: 0.680079, LOSS: 0.172721
2026-08-21 14:26:44,234 [INFO] Align: EPOCH[17] -> PLCC: 0.851773, SROCC: 0.723674, KROCC: 0.539418, LOSS: 0.267975
2026-08-21 14:26:44,235 [INFO] Start training
2026-08-21 14:26:44,474 [INFO] Start training epoch 18, 37 iters per inner epoch.
2026-08-21 14:27:03,032 [INFO] Averaged stats: lr: 0.000072  loss: 0.126008
2026-08-21 14:27:03,138 [INFO] gates: {"epoch": 18, "raw_quality_ratio": 2.8888, "quality_ratio": 0.0799, "lambda_q": 0.0277, "deviation_mean": 0.9, "deviation_std": 0.1833, "patch_w_mean": 0.2613, "patch_w_std": 0.138}
2026-08-21 14:27:03,139 [INFO] Evaluating on val.
Train: data epoch: [18]  [ 0/37]  eta: 0:00:43  lr: 0.000072  loss: 0.1275  time: 1.1848  data: 0.0001  max mem: 5161
Train: data epoch: [18]  [20/37]  eta: 0:00:08  lr: 0.000072  loss: 0.1048  time: 0.4939  data: 0.0000  max mem: 5161
Train: data epoch: [18]  [36/37]  eta: 0:00:00  lr: 0.000072  loss: 0.1196  time: 0.4619  data: 0.0000  max mem: 5161
Train: data epoch: [18] Total time: 0:00:18 (0.5015 s / it)
2026-08-21 14:27:09,496 [INFO] Qual: EPOCH[18] -> PLCC: 0.908771, SROCC: 0.863170, KROCC: 0.683080, LOSS: 0.170653
2026-08-21 14:27:09,496 [INFO] Align: EPOCH[18] -> PLCC: 0.853272, SROCC: 0.725719, KROCC: 0.541630, LOSS: 0.267683
2026-08-21 14:27:09,511 [INFO] Saving checkpoint at epoch 18 to run/20260821141_B1_MSCM_s4/checkpoint_best.pth.
2026-08-21 14:27:09,598 [INFO] Saving checkpoint at epoch 18 to run/20260821141_B1_MSCM_s4/checkpoint_best_joint.pth.
2026-08-21 14:27:09,671 [INFO] Start training
2026-08-21 14:27:09,910 [INFO] Start training epoch 19, 37 iters per inner epoch.
2026-08-21 14:27:28,514 [INFO] Averaged stats: lr: 0.000069  loss: 0.120811
2026-08-21 14:27:28,647 [INFO] gates: {"epoch": 19, "raw_quality_ratio": 2.8523, "quality_ratio": 0.0814, "lambda_q": 0.0286, "deviation_mean": 0.8247, "deviation_std": 0.1624, "patch_w_mean": 0.2501, "patch_w_std": 0.1389}
2026-08-21 14:27:28,647 [INFO] Evaluating on val.
Train: data epoch: [19]  [ 0/37]  eta: 0:00:49  lr: 0.000069  loss: 0.0997  time: 1.3442  data: 0.0001  max mem: 5161
Train: data epoch: [19]  [20/37]  eta: 0:00:09  lr: 0.000069  loss: 0.1204  time: 0.5103  data: 0.0000  max mem: 5161
Train: data epoch: [19]  [36/37]  eta: 0:00:00  lr: 0.000069  loss: 0.1286  time: 0.4338  data: 0.0000  max mem: 5161
Train: data epoch: [19] Total time: 0:00:18 (0.5028 s / it)
2026-08-21 14:27:35,950 [INFO] Qual: EPOCH[19] -> PLCC: 0.909617, SROCC: 0.864118, KROCC: 0.684366, LOSS: 0.175036
2026-08-21 14:27:35,950 [INFO] Align: EPOCH[19] -> PLCC: 0.851587, SROCC: 0.725832, KROCC: 0.541348, LOSS: 0.280512
2026-08-21 14:27:35,964 [INFO] Saving checkpoint at epoch 19 to run/20260821141_B1_MSCM_s4/checkpoint_best.pth.
2026-08-21 14:27:36,039 [INFO] Saving checkpoint at epoch 19 to run/20260821141_B1_MSCM_s4/checkpoint_best_joint.pth.
2026-08-21 14:27:36,100 [INFO] Start training
2026-08-21 14:27:36,319 [INFO] Start training epoch 20, 37 iters per inner epoch.
2026-08-21 14:27:55,084 [INFO] Averaged stats: lr: 0.000066  loss: 0.113747
2026-08-21 14:27:55,174 [INFO] gates: {"epoch": 20, "raw_quality_ratio": 2.9848, "quality_ratio": 0.0877, "lambda_q": 0.0294, "deviation_mean": 0.8573, "deviation_std": 0.1682, "patch_w_mean": 0.2298, "patch_w_std": 0.1412}
2026-08-21 14:27:55,174 [INFO] Evaluating on val.
Train: data epoch: [20]  [ 0/37]  eta: 0:00:40  lr: 0.000066  loss: 0.1110  time: 1.1014  data: 0.0001  max mem: 5161
Train: data epoch: [20]  [20/37]  eta: 0:00:09  lr: 0.000066  loss: 0.0906  time: 0.5366  data: 0.0000  max mem: 5161
Train: data epoch: [20]  [36/37]  eta: 0:00:00  lr: 0.000066  loss: 0.1283  time: 0.4537  data: 0.0000  max mem: 5161
Train: data epoch: [20] Total time: 0:00:18 (0.5072 s / it)
2026-08-21 14:27:58,963 [INFO] Qual: EPOCH[20] -> PLCC: 0.909596, SROCC: 0.863202, KROCC: 0.683317, LOSS: 0.171907
2026-08-21 14:27:58,963 [INFO] Align: EPOCH[20] -> PLCC: 0.851237, SROCC: 0.721982, KROCC: 0.537297, LOSS: 0.271764
2026-08-21 14:27:58,976 [INFO] Saving checkpoint at epoch 20 to run/20260821141_B1_MSCM_s4/checkpoint_latest.pth.
2026-08-21 14:27:59,074 [INFO] Start training
2026-08-21 14:27:59,471 [INFO] Start training epoch 21, 37 iters per inner epoch.
2026-08-21 14:28:19,425 [INFO] Averaged stats: lr: 0.000063  loss: 0.109117
2026-08-21 14:28:19,508 [INFO] gates: {"epoch": 21, "raw_quality_ratio": 2.8899, "quality_ratio": 0.0874, "lambda_q": 0.0303, "deviation_mean": 0.8596, "deviation_std": 0.1637, "patch_w_mean": 0.2106, "patch_w_std": 0.1442}
2026-08-21 14:28:19,508 [INFO] Evaluating on val.
Train: data epoch: [21]  [ 0/37]  eta: 0:00:50  lr: 0.000063  loss: 0.0846  time: 1.3662  data: 0.0001  max mem: 5161
Train: data epoch: [21]  [20/37]  eta: 0:00:09  lr: 0.000063  loss: 0.1075  time: 0.5307  data: 0.0000  max mem: 5161
Train: data epoch: [21]  [36/37]  eta: 0:00:00  lr: 0.000063  loss: 0.1032  time: 0.5046  data: 0.0000  max mem: 5161
Train: data epoch: [21] Total time: 0:00:19 (0.5393 s / it)
2026-08-21 14:28:25,658 [INFO] Qual: EPOCH[21] -> PLCC: 0.909446, SROCC: 0.862886, KROCC: 0.682832, LOSS: 0.176808
2026-08-21 14:28:25,658 [INFO] Align: EPOCH[21] -> PLCC: 0.851493, SROCC: 0.722028, KROCC: 0.537004, LOSS: 0.285593
2026-08-21 14:28:25,658 [INFO] Start training
2026-08-21 14:28:25,871 [INFO] Start training epoch 22, 37 iters per inner epoch.
2026-08-21 14:28:45,406 [INFO] Averaged stats: lr: 0.000060  loss: 0.105315
2026-08-21 14:28:45,504 [INFO] gates: {"epoch": 22, "raw_quality_ratio": 2.991, "quality_ratio": 0.0928, "lambda_q": 0.0311, "deviation_mean": 0.8935, "deviation_std": 0.1521, "patch_w_mean": 0.1932, "patch_w_std": 0.1313}
2026-08-21 14:28:45,504 [INFO] Evaluating on val.
Train: data epoch: [22]  [ 0/37]  eta: 0:00:39  lr: 0.000060  loss: 0.1002  time: 1.0651  data: 0.0001  max mem: 5161
Train: data epoch: [22]  [20/37]  eta: 0:00:09  lr: 0.000060  loss: 0.1432  time: 0.5154  data: 0.0000  max mem: 5161
Train: data epoch: [22]  [36/37]  eta: 0:00:00  lr: 0.000060  loss: 0.0835  time: 0.5147  data: 0.0000  max mem: 5161
Train: data epoch: [22] Total time: 0:00:19 (0.5280 s / it)
2026-08-21 14:28:50,177 [INFO] Qual: EPOCH[22] -> PLCC: 0.910473, SROCC: 0.864788, KROCC: 0.685382, LOSS: 0.167441
2026-08-21 14:28:50,177 [INFO] Align: EPOCH[22] -> PLCC: 0.850057, SROCC: 0.718027, KROCC: 0.532863, LOSS: 0.273141
2026-08-21 14:28:50,238 [INFO] Saving checkpoint at epoch 22 to run/20260821141_B1_MSCM_s4/checkpoint_best.pth.
2026-08-21 14:28:50,302 [INFO] Start training
2026-08-21 14:28:50,641 [INFO] Start training epoch 23, 37 iters per inner epoch.
2026-08-21 14:29:10,329 [INFO] Averaged stats: lr: 0.000057  loss: 0.100468
2026-08-21 14:29:10,409 [INFO] gates: {"epoch": 23, "raw_quality_ratio": 2.9454, "quality_ratio": 0.0936, "lambda_q": 0.0318, "deviation_mean": 0.8821, "deviation_std": 0.1551, "patch_w_mean": 0.1904, "patch_w_std": 0.1327}
2026-08-21 14:29:10,409 [INFO] Evaluating on val.
Train: data epoch: [23]  [ 0/37]  eta: 0:00:56  lr: 0.000057  loss: 0.0927  time: 1.5157  data: 0.0001  max mem: 5161
Train: data epoch: [23]  [20/37]  eta: 0:00:09  lr: 0.000057  loss: 0.0828  time: 0.5042  data: 0.0000  max mem: 5161
Train: data epoch: [23]  [36/37]  eta: 0:00:00  lr: 0.000057  loss: 0.0903  time: 0.5099  data: 0.0000  max mem: 5161
Train: data epoch: [23] Total time: 0:00:19 (0.5321 s / it)
2026-08-21 14:29:16,489 [INFO] Qual: EPOCH[23] -> PLCC: 0.910288, SROCC: 0.863552, KROCC: 0.683407, LOSS: 0.168018
2026-08-21 14:29:16,489 [INFO] Align: EPOCH[23] -> PLCC: 0.848469, SROCC: 0.715847, KROCC: 0.531329, LOSS: 0.277454
2026-08-21 14:29:16,490 [INFO] Start training
2026-08-21 14:29:16,765 [INFO] Start training epoch 24, 37 iters per inner epoch.
2026-08-21 14:29:35,872 [INFO] Averaged stats: lr: 0.000054  loss: 0.094996
2026-08-21 14:29:35,967 [INFO] gates: {"epoch": 24, "raw_quality_ratio": 2.9828, "quality_ratio": 0.0971, "lambda_q": 0.0326, "deviation_mean": 0.8541, "deviation_std": 0.1529, "patch_w_mean": 0.1724, "patch_w_std": 0.1269}
2026-08-21 14:29:35,968 [INFO] Evaluating on val.
Train: data epoch: [24]  [ 0/37]  eta: 0:00:40  lr: 0.000054  loss: 0.1043  time: 1.0831  data: 0.0001  max mem: 5161
Train: data epoch: [24]  [20/37]  eta: 0:00:08  lr: 0.000054  loss: 0.0984  time: 0.4997  data: 0.0000  max mem: 5161
Train: data epoch: [24]  [36/37]  eta: 0:00:00  lr: 0.000054  loss: 0.1032  time: 0.5052  data: 0.0000  max mem: 5161
Train: data epoch: [24] Total time: 0:00:19 (0.5164 s / it)
2026-08-21 14:29:42,388 [INFO] Qual: EPOCH[24] -> PLCC: 0.910153, SROCC: 0.863380, KROCC: 0.683170, LOSS: 0.172420
2026-08-21 14:29:42,388 [INFO] Align: EPOCH[24] -> PLCC: 0.847470, SROCC: 0.711995, KROCC: 0.527752, LOSS: 0.274688
2026-08-21 14:29:42,389 [INFO] Start training
2026-08-21 14:29:42,733 [INFO] Start training epoch 25, 37 iters per inner epoch.
2026-08-21 14:30:02,902 [INFO] Averaged stats: lr: 0.000050  loss: 0.090782
2026-08-21 14:30:02,991 [INFO] gates: {"epoch": 25, "raw_quality_ratio": 3.1696, "quality_ratio": 0.1053, "lambda_q": 0.0333, "deviation_mean": 0.8821, "deviation_std": 0.1507, "patch_w_mean": 0.1601, "patch_w_std": 0.1262}
2026-08-21 14:30:02,992 [INFO] Evaluating on val.
Train: data epoch: [25]  [ 0/37]  eta: 0:01:14  lr: 0.000051  loss: 0.0857  time: 2.0022  data: 0.0001  max mem: 5161
Train: data epoch: [25]  [20/37]  eta: 0:00:09  lr: 0.000051  loss: 0.0919  time: 0.5012  data: 0.0000  max mem: 5161
Train: data epoch: [25]  [36/37]  eta: 0:00:00  lr: 0.000051  loss: 0.0995  time: 0.5132  data: 0.0000  max mem: 5161
Train: data epoch: [25] Total time: 0:00:20 (0.5451 s / it)
2026-08-21 14:30:09,253 [INFO] Qual: EPOCH[25] -> PLCC: 0.910331, SROCC: 0.864027, KROCC: 0.683757, LOSS: 0.169199
2026-08-21 14:30:09,253 [INFO] Align: EPOCH[25] -> PLCC: 0.847924, SROCC: 0.712398, KROCC: 0.528091, LOSS: 0.279602
2026-08-21 14:30:09,269 [INFO] Saving checkpoint at epoch 25 to run/20260821141_B1_MSCM_s4/checkpoint_latest.pth.
2026-08-21 14:30:09,368 [INFO] Start training
2026-08-21 14:30:09,669 [INFO] Start training epoch 26, 37 iters per inner epoch.
2026-08-21 14:30:29,246 [INFO] Averaged stats: lr: 0.000047  loss: 0.089203
2026-08-21 14:30:29,334 [INFO] gates: {"epoch": 26, "raw_quality_ratio": 3.0717, "quality_ratio": 0.1041, "lambda_q": 0.0339, "deviation_mean": 0.928, "deviation_std": 0.1672, "patch_w_mean": 0.1524, "patch_w_std": 0.1199}
2026-08-21 14:30:29,335 [INFO] Evaluating on val.
Train: data epoch: [26]  [ 0/37]  eta: 0:00:58  lr: 0.000047  loss: 0.0914  time: 1.5790  data: 0.0001  max mem: 5161
Train: data epoch: [26]  [20/37]  eta: 0:00:09  lr: 0.000047  loss: 0.0867  time: 0.4913  data: 0.0000  max mem: 5161
Train: data epoch: [26]  [36/37]  eta: 0:00:00  lr: 0.000047  loss: 0.0913  time: 0.4945  data: 0.0000  max mem: 5161
Train: data epoch: [26] Total time: 0:00:19 (0.5291 s / it)
2026-08-21 14:30:35,454 [INFO] Qual: EPOCH[26] -> PLCC: 0.911033, SROCC: 0.865146, KROCC: 0.685043, LOSS: 0.168525
2026-08-21 14:30:35,454 [INFO] Align: EPOCH[26] -> PLCC: 0.845465, SROCC: 0.707592, KROCC: 0.522980, LOSS: 0.280651
2026-08-21 14:30:35,472 [INFO] Saving checkpoint at epoch 26 to run/20260821141_B1_MSCM_s4/checkpoint_best.pth.
2026-08-21 14:30:35,554 [INFO] Start training
2026-08-21 14:30:35,844 [INFO] Start training epoch 27, 37 iters per inner epoch.
2026-08-21 14:30:55,431 [INFO] Averaged stats: lr: 0.000044  loss: 0.085742
2026-08-21 14:30:55,532 [INFO] gates: {"epoch": 27, "raw_quality_ratio": 2.9224, "quality_ratio": 0.1008, "lambda_q": 0.0345, "deviation_mean": 0.8691, "deviation_std": 0.1518, "patch_w_mean": 0.1301, "patch_w_std": 0.1101}
2026-08-21 14:30:55,532 [INFO] Evaluating on val.
Train: data epoch: [27]  [ 0/37]  eta: 0:00:45  lr: 0.000044  loss: 0.0897  time: 1.2340  data: 0.0001  max mem: 5161
Train: data epoch: [27]  [20/37]  eta: 0:00:09  lr: 0.000044  loss: 0.0839  time: 0.5132  data: 0.0000  max mem: 5161
Train: data epoch: [27]  [36/37]  eta: 0:00:00  lr: 0.000044  loss: 0.0772  time: 0.5082  data: 0.0000  max mem: 5161
Train: data epoch: [27] Total time: 0:00:19 (0.5294 s / it)
2026-08-21 14:31:01,582 [INFO] Qual: EPOCH[27] -> PLCC: 0.910976, SROCC: 0.865448, KROCC: 0.685969, LOSS: 0.169752
2026-08-21 14:31:01,582 [INFO] Align: EPOCH[27] -> PLCC: 0.844869, SROCC: 0.706933, KROCC: 0.522021, LOSS: 0.283985
2026-08-21 14:31:01,599 [INFO] Saving checkpoint at epoch 27 to run/20260821141_B1_MSCM_s4/checkpoint_best.pth.
2026-08-21 14:31:01,682 [INFO] Start training
2026-08-21 14:31:01,967 [INFO] Start training epoch 28, 37 iters per inner epoch.
2026-08-21 14:31:21,204 [INFO] Averaged stats: lr: 0.000041  loss: 0.083663
2026-08-21 14:31:21,368 [INFO] gates: {"epoch": 28, "raw_quality_ratio": 3.0515, "quality_ratio": 0.1067, "lambda_q": 0.035, "deviation_mean": 0.8965, "deviation_std": 0.1619, "patch_w_mean": 0.1212, "patch_w_std": 0.108}
2026-08-21 14:31:21,368 [INFO] Evaluating on val.
Train: data epoch: [28]  [ 0/37]  eta: 0:00:45  lr: 0.000041  loss: 0.0686  time: 1.2420  data: 0.0001  max mem: 5161
Train: data epoch: [28]  [20/37]  eta: 0:00:09  lr: 0.000041  loss: 0.0910  time: 0.5146  data: 0.0000  max mem: 5161
Train: data epoch: [28]  [36/37]  eta: 0:00:00  lr: 0.000041  loss: 0.0769  time: 0.4951  data: 0.0000  max mem: 5161
Train: data epoch: [28] Total time: 0:00:19 (0.5199 s / it)
2026-08-21 14:31:27,975 [INFO] Qual: EPOCH[28] -> PLCC: 0.910185, SROCC: 0.863814, KROCC: 0.683780, LOSS: 0.169203
2026-08-21 14:31:27,975 [INFO] Align: EPOCH[28] -> PLCC: 0.843165, SROCC: 0.703862, KROCC: 0.519290, LOSS: 0.283993
2026-08-21 14:31:27,976 [INFO] Start training
2026-08-21 14:31:28,239 [INFO] Start training epoch 29, 37 iters per inner epoch.
2026-08-21 14:31:48,582 [INFO] Averaged stats: lr: 0.000038  loss: 0.080172
2026-08-21 14:31:48,661 [INFO] gates: {"epoch": 29, "raw_quality_ratio": 3.0699, "quality_ratio": 0.1089, "lambda_q": 0.0355, "deviation_mean": 0.8867, "deviation_std": 0.1475, "patch_w_mean": 0.11, "patch_w_std": 0.1023}
2026-08-21 14:31:48,661 [INFO] Evaluating on val.
Train: data epoch: [29]  [ 0/37]  eta: 0:01:13  lr: 0.000038  loss: 0.0538  time: 1.9946  data: 0.0001  max mem: 5161
Train: data epoch: [29]  [20/37]  eta: 0:00:09  lr: 0.000038  loss: 0.1089  time: 0.5100  data: 0.0000  max mem: 5161
Train: data epoch: [29]  [36/37]  eta: 0:00:00  lr: 0.000038  loss: 0.0692  time: 0.4994  data: 0.0000  max mem: 5161
Train: data epoch: [29] Total time: 0:00:20 (0.5498 s / it)
2026-08-21 14:31:55,559 [INFO] Qual: EPOCH[29] -> PLCC: 0.910603, SROCC: 0.864548, KROCC: 0.684344, LOSS: 0.168812
2026-08-21 14:31:55,560 [INFO] Align: EPOCH[29] -> PLCC: 0.841883, SROCC: 0.702309, KROCC: 0.517282, LOSS: 0.287259
2026-08-21 14:31:55,561 [INFO] Start training
2026-08-21 14:31:55,801 [INFO] Start training epoch 30, 37 iters per inner epoch.
2026-08-21 14:32:15,541 [INFO] Averaged stats: lr: 0.000035  loss: 0.075428
2026-08-21 14:32:15,627 [INFO] gates: {"epoch": 30, "raw_quality_ratio": 3.1516, "quality_ratio": 0.1133, "lambda_q": 0.036, "deviation_mean": 0.8935, "deviation_std": 0.1524, "patch_w_mean": 0.0992, "patch_w_std": 0.0956}
2026-08-21 14:32:15,627 [INFO] Evaluating on val.
Train: data epoch: [30]  [ 0/37]  eta: 0:01:00  lr: 0.000035  loss: 0.0862  time: 1.6387  data: 0.0001  max mem: 5161
Train: data epoch: [30]  [20/37]  eta: 0:00:09  lr: 0.000035  loss: 0.0728  time: 0.4813  data: 0.0000  max mem: 5161
Train: data epoch: [30]  [36/37]  eta: 0:00:00  lr: 0.000035  loss: 0.0567  time: 0.5055  data: 0.0000  max mem: 5161
Train: data epoch: [30] Total time: 0:00:19 (0.5335 s / it)
2026-08-21 14:32:21,541 [INFO] Qual: EPOCH[30] -> PLCC: 0.910424, SROCC: 0.864852, KROCC: 0.684773, LOSS: 0.169927
2026-08-21 14:32:21,541 [INFO] Align: EPOCH[30] -> PLCC: 0.840420, SROCC: 0.699389, KROCC: 0.515093, LOSS: 0.291229
2026-08-21 14:32:21,554 [INFO] Saving checkpoint at epoch 30 to run/20260821141_B1_MSCM_s4/checkpoint_latest.pth.
2026-08-21 14:32:21,602 [INFO] Start training
2026-08-21 14:32:21,845 [INFO] Start training epoch 31, 37 iters per inner epoch.
2026-08-21 14:32:41,009 [INFO] Averaged stats: lr: 0.000032  loss: 0.073649
2026-08-21 14:32:41,094 [INFO] gates: {"epoch": 31, "raw_quality_ratio": 3.075, "quality_ratio": 0.1118, "lambda_q": 0.0364, "deviation_mean": 0.9034, "deviation_std": 0.1632, "patch_w_mean": 0.103, "patch_w_std": 0.0957}
2026-08-21 14:32:41,094 [INFO] Evaluating on val.
Train: data epoch: [31]  [ 0/37]  eta: 0:00:44  lr: 0.000032  loss: 0.0664  time: 1.1916  data: 0.0001  max mem: 5161
Train: data epoch: [31]  [20/37]  eta: 0:00:09  lr: 0.000032  loss: 0.0700  time: 0.4991  data: 0.0000  max mem: 5161
Train: data epoch: [31]  [36/37]  eta: 0:00:00  lr: 0.000032  loss: 0.0701  time: 0.5076  data: 0.0000  max mem: 5161
Train: data epoch: [31] Total time: 0:00:19 (0.5179 s / it)
2026-08-21 14:32:47,087 [INFO] Qual: EPOCH[31] -> PLCC: 0.909656, SROCC: 0.862802, KROCC: 0.682685, LOSS: 0.168874
2026-08-21 14:32:47,088 [INFO] Align: EPOCH[31] -> PLCC: 0.839818, SROCC: 0.697069, KROCC: 0.513446, LOSS: 0.290370
2026-08-21 14:32:47,088 [INFO] Start training
2026-08-21 14:32:47,330 [INFO] Start training epoch 32, 37 iters per inner epoch.
2026-08-21 14:33:06,604 [INFO] Averaged stats: lr: 0.000029  loss: 0.072077
2026-08-21 14:33:06,692 [INFO] gates: {"epoch": 32, "raw_quality_ratio": 3.0571, "quality_ratio": 0.1124, "lambda_q": 0.0368, "deviation_mean": 0.8946, "deviation_std": 0.1681, "patch_w_mean": 0.0996, "patch_w_std": 0.0941}
2026-08-21 14:33:06,693 [INFO] Evaluating on val.
Train: data epoch: [32]  [ 0/37]  eta: 0:00:49  lr: 0.000029  loss: 0.0844  time: 1.3387  data: 0.0001  max mem: 5161
Train: data epoch: [32]  [20/37]  eta: 0:00:09  lr: 0.000029  loss: 0.0816  time: 0.4932  data: 0.0000  max mem: 5161
Train: data epoch: [32]  [36/37]  eta: 0:00:00  lr: 0.000029  loss: 0.0763  time: 0.5130  data: 0.0000  max mem: 5161
Train: data epoch: [32] Total time: 0:00:19 (0.5209 s / it)
2026-08-21 14:33:12,609 [INFO] Qual: EPOCH[32] -> PLCC: 0.909702, SROCC: 0.863766, KROCC: 0.683859, LOSS: 0.173553
2026-08-21 14:33:12,610 [INFO] Align: EPOCH[32] -> PLCC: 0.838399, SROCC: 0.696579, KROCC: 0.512498, LOSS: 0.301888
2026-08-21 14:33:12,610 [INFO] Start training
2026-08-21 14:33:12,824 [INFO] Start training epoch 33, 37 iters per inner epoch.
2026-08-21 14:33:31,750 [INFO] Averaged stats: lr: 0.000027  loss: 0.070997
2026-08-21 14:33:31,841 [INFO] gates: {"epoch": 33, "raw_quality_ratio": 3.1046, "quality_ratio": 0.1152, "lambda_q": 0.0371, "deviation_mean": 0.9259, "deviation_std": 0.1592, "patch_w_mean": 0.0979, "patch_w_std": 0.0942}
2026-08-21 14:33:31,841 [INFO] Evaluating on val.
Train: data epoch: [33]  [ 0/37]  eta: 0:00:43  lr: 0.000027  loss: 0.0825  time: 1.1804  data: 0.0001  max mem: 5161
Train: data epoch: [33]  [20/37]  eta: 0:00:08  lr: 0.000027  loss: 0.0531  time: 0.4802  data: 0.0000  max mem: 5161
Train: data epoch: [33]  [36/37]  eta: 0:00:00  lr: 0.000027  loss: 0.0541  time: 0.4905  data: 0.0000  max mem: 5161
Train: data epoch: [33] Total time: 0:00:18 (0.5115 s / it)
2026-08-21 14:33:37,725 [INFO] Qual: EPOCH[33] -> PLCC: 0.908897, SROCC: 0.861894, KROCC: 0.682166, LOSS: 0.172804
2026-08-21 14:33:37,725 [INFO] Align: EPOCH[33] -> PLCC: 0.837589, SROCC: 0.693444, KROCC: 0.510039, LOSS: 0.296937
2026-08-21 14:33:37,726 [INFO] Start training
2026-08-21 14:33:37,929 [INFO] Start training epoch 34, 37 iters per inner epoch.
2026-08-21 14:33:57,016 [INFO] Averaged stats: lr: 0.000024  loss: 0.069477
2026-08-21 14:33:57,095 [INFO] gates: {"epoch": 34, "raw_quality_ratio": 3.125, "quality_ratio": 0.1169, "lambda_q": 0.0374, "deviation_mean": 0.9087, "deviation_std": 0.1538, "patch_w_mean": 0.0967, "patch_w_std": 0.0918}
2026-08-21 14:33:57,096 [INFO] Evaluating on val.
Train: data epoch: [34]  [ 0/37]  eta: 0:00:38  lr: 0.000024  loss: 0.0643  time: 1.0362  data: 0.0001  max mem: 5161
Train: data epoch: [34]  [20/37]  eta: 0:00:08  lr: 0.000024  loss: 0.0814  time: 0.5040  data: 0.0000  max mem: 5161
Train: data epoch: [34]  [36/37]  eta: 0:00:00  lr: 0.000024  loss: 0.0768  time: 0.5051  data: 0.0000  max mem: 5161
Train: data epoch: [34] Total time: 0:00:19 (0.5159 s / it)
2026-08-21 14:34:03,538 [INFO] Qual: EPOCH[34] -> PLCC: 0.909198, SROCC: 0.863319, KROCC: 0.683498, LOSS: 0.173271
2026-08-21 14:34:03,539 [INFO] Align: EPOCH[34] -> PLCC: 0.836527, SROCC: 0.692660, KROCC: 0.509508, LOSS: 0.299048
2026-08-21 14:34:03,540 [INFO] Start training
2026-08-21 14:34:03,787 [INFO] Start training epoch 35, 37 iters per inner epoch.
2026-08-21 14:34:23,462 [INFO] Averaged stats: lr: 0.000021  loss: 0.068168
2026-08-21 14:34:23,552 [INFO] gates: {"epoch": 35, "raw_quality_ratio": 3.077, "quality_ratio": 0.1159, "lambda_q": 0.0377, "deviation_mean": 0.916, "deviation_std": 0.1582, "patch_w_mean": 0.0895, "patch_w_std": 0.0878}
2026-08-21 14:34:23,552 [INFO] Evaluating on val.
Train: data epoch: [35]  [ 0/37]  eta: 0:00:54  lr: 0.000021  loss: 0.0780  time: 1.4650  data: 0.0001  max mem: 5161
Train: data epoch: [35]  [20/37]  eta: 0:00:09  lr: 0.000021  loss: 0.0531  time: 0.5043  data: 0.0000  max mem: 5161
Train: data epoch: [35]  [36/37]  eta: 0:00:00  lr: 0.000021  loss: 0.0909  time: 0.5123  data: 0.0000  max mem: 5161
Train: data epoch: [35] Total time: 0:00:19 (0.5318 s / it)
2026-08-21 14:34:29,068 [INFO] Qual: EPOCH[35] -> PLCC: 0.908645, SROCC: 0.862478, KROCC: 0.682527, LOSS: 0.173782
2026-08-21 14:34:29,068 [INFO] Align: EPOCH[35] -> PLCC: 0.835484, SROCC: 0.689695, KROCC: 0.506519, LOSS: 0.299949
2026-08-21 14:34:29,084 [INFO] Saving checkpoint at epoch 35 to run/20260821141_B1_MSCM_s4/checkpoint_latest.pth.
2026-08-21 14:34:29,147 [INFO] Start training
2026-08-21 14:34:29,428 [INFO] Start training epoch 36, 37 iters per inner epoch.
2026-08-21 14:34:49,192 [INFO] Averaged stats: lr: 0.000019  loss: 0.066681
2026-08-21 14:34:49,281 [INFO] gates: {"epoch": 36, "raw_quality_ratio": 3.0515, "quality_ratio": 0.1158, "lambda_q": 0.038, "deviation_mean": 0.9145, "deviation_std": 0.1628, "patch_w_mean": 0.0898, "patch_w_std": 0.09}
2026-08-21 14:34:49,282 [INFO] Evaluating on val.
Train: data epoch: [36]  [ 0/37]  eta: 0:00:56  lr: 0.000019  loss: 0.0595  time: 1.5234  data: 0.0001  max mem: 5161
Train: data epoch: [36]  [20/37]  eta: 0:00:09  lr: 0.000019  loss: 0.1008  time: 0.5063  data: 0.0000  max mem: 5161
Train: data epoch: [36]  [36/37]  eta: 0:00:00  lr: 0.000019  loss: 0.0694  time: 0.5100  data: 0.0000  max mem: 5161
Train: data epoch: [36] Total time: 0:00:19 (0.5342 s / it)
2026-08-21 14:34:54,873 [INFO] Qual: EPOCH[36] -> PLCC: 0.909078, SROCC: 0.863662, KROCC: 0.683712, LOSS: 0.174787
2026-08-21 14:34:54,873 [INFO] Align: EPOCH[36] -> PLCC: 0.835131, SROCC: 0.691266, KROCC: 0.507951, LOSS: 0.302183
2026-08-21 14:34:54,874 [INFO] Start training
2026-08-21 14:34:55,151 [INFO] Start training epoch 37, 37 iters per inner epoch.
2026-08-21 14:35:14,772 [INFO] Averaged stats: lr: 0.000017  loss: 0.064957
2026-08-21 14:35:14,884 [INFO] gates: {"epoch": 37, "raw_quality_ratio": 3.1105, "quality_ratio": 0.1187, "lambda_q": 0.0382, "deviation_mean": 0.9267, "deviation_std": 0.171, "patch_w_mean": 0.0895, "patch_w_std": 0.0858}
2026-08-21 14:35:14,885 [INFO] Evaluating on val.
Train: data epoch: [37]  [ 0/37]  eta: 0:00:51  lr: 0.000017  loss: 0.0540  time: 1.4053  data: 0.0001  max mem: 5161
Train: data epoch: [37]  [20/37]  eta: 0:00:09  lr: 0.000017  loss: 0.0701  time: 0.5073  data: 0.0000  max mem: 5161
Train: data epoch: [37]  [36/37]  eta: 0:00:00  lr: 0.000017  loss: 0.0579  time: 0.5094  data: 0.0000  max mem: 5161
Train: data epoch: [37] Total time: 0:00:19 (0.5303 s / it)
2026-08-21 14:35:20,862 [INFO] Qual: EPOCH[37] -> PLCC: 0.908407, SROCC: 0.862391, KROCC: 0.681997, LOSS: 0.172926
2026-08-21 14:35:20,862 [INFO] Align: EPOCH[37] -> PLCC: 0.833608, SROCC: 0.686861, KROCC: 0.503766, LOSS: 0.305705
2026-08-21 14:35:20,863 [INFO] Start training
2026-08-21 14:35:21,110 [INFO] Start training epoch 38, 37 iters per inner epoch.
2026-08-21 14:35:40,319 [INFO] Averaged stats: lr: 0.000014  loss: 0.064936
2026-08-21 14:35:40,402 [INFO] gates: {"epoch": 38, "raw_quality_ratio": 3.1904, "quality_ratio": 0.1223, "lambda_q": 0.0383, "deviation_mean": 0.9294, "deviation_std": 0.1631, "patch_w_mean": 0.0861, "patch_w_std": 0.0867}
2026-08-21 14:35:40,402 [INFO] Evaluating on val.
Train: data epoch: [38]  [ 0/37]  eta: 0:00:45  lr: 0.000014  loss: 0.0489  time: 1.2248  data: 0.0001  max mem: 5161
Train: data epoch: [38]  [20/37]  eta: 0:00:09  lr: 0.000014  loss: 0.0825  time: 0.5022  data: 0.0000  max mem: 5161
Train: data epoch: [38]  [36/37]  eta: 0:00:00  lr: 0.000014  loss: 0.0703  time: 0.5011  data: 0.0000  max mem: 5161
Train: data epoch: [38] Total time: 0:00:19 (0.5192 s / it)
2026-08-21 14:35:46,592 [INFO] Qual: EPOCH[38] -> PLCC: 0.908248, SROCC: 0.861506, KROCC: 0.681388, LOSS: 0.173076
2026-08-21 14:35:46,592 [INFO] Align: EPOCH[38] -> PLCC: 0.832952, SROCC: 0.684192, KROCC: 0.501498, LOSS: 0.301456
2026-08-21 14:35:46,593 [INFO] Start training
2026-08-21 14:35:46,868 [INFO] Start training epoch 39, 37 iters per inner epoch.
2026-08-21 14:36:07,407 [INFO] Averaged stats: lr: 0.000012  loss: 0.063127
2026-08-21 14:36:07,480 [INFO] gates: {"epoch": 39, "raw_quality_ratio": 3.1095, "quality_ratio": 0.1197, "lambda_q": 0.0385, "deviation_mean": 0.9229, "deviation_std": 0.1573, "patch_w_mean": 0.0883, "patch_w_std": 0.0878}
2026-08-21 14:36:07,481 [INFO] Evaluating on val.
Train: data epoch: [39]  [ 0/37]  eta: 0:01:20  lr: 0.000012  loss: 0.0511  time: 2.1669  data: 0.0001  max mem: 5161
Train: data epoch: [39]  [20/37]  eta: 0:00:09  lr: 0.000012  loss: 0.0630  time: 0.5003  data: 0.0000  max mem: 5161
Train: data epoch: [39]  [36/37]  eta: 0:00:00  lr: 0.000012  loss: 0.0590  time: 0.5249  data: 0.0000  max mem: 5161
Train: data epoch: [39] Total time: 0:00:20 (0.5551 s / it)
2026-08-21 14:36:14,244 [INFO] Qual: EPOCH[39] -> PLCC: 0.908043, SROCC: 0.861204, KROCC: 0.681038, LOSS: 0.174124
2026-08-21 14:36:14,244 [INFO] Align: EPOCH[39] -> PLCC: 0.832096, SROCC: 0.682845, KROCC: 0.500336, LOSS: 0.308690
2026-08-21 14:36:14,245 [INFO] Start training
2026-08-21 14:36:14,467 [INFO] Start training epoch 40, 37 iters per inner epoch.
2026-08-21 14:36:34,755 [INFO] Averaged stats: lr: 0.000010  loss: 0.063132
2026-08-21 14:36:34,852 [INFO] gates: {"epoch": 40, "raw_quality_ratio": 3.2843, "quality_ratio": 0.1269, "lambda_q": 0.0386, "deviation_mean": 0.8956, "deviation_std": 0.1542, "patch_w_mean": 0.0842, "patch_w_std": 0.0872}
2026-08-21 14:36:34,853 [INFO] Evaluating on val.
Train: data epoch: [40]  [ 0/37]  eta: 0:00:46  lr: 0.000010  loss: 0.0626  time: 1.2683  data: 0.0001  max mem: 5161
Train: data epoch: [40]  [20/37]  eta: 0:00:09  lr: 0.000010  loss: 0.0704  time: 0.5251  data: 0.0000  max mem: 5161
Train: data epoch: [40]  [36/37]  eta: 0:00:00  lr: 0.000010  loss: 0.0727  time: 0.5221  data: 0.0000  max mem: 5161
Train: data epoch: [40] Total time: 0:00:20 (0.5483 s / it)
2026-08-21 14:36:40,844 [INFO] Qual: EPOCH[40] -> PLCC: 0.908114, SROCC: 0.861527, KROCC: 0.681647, LOSS: 0.174295
2026-08-21 14:36:40,844 [INFO] Align: EPOCH[40] -> PLCC: 0.831841, SROCC: 0.683025, KROCC: 0.500302, LOSS: 0.307147
2026-08-21 14:36:40,857 [INFO] Saving checkpoint at epoch 40 to run/20260821141_B1_MSCM_s4/checkpoint_latest.pth.
2026-08-21 14:36:40,915 [INFO] Start training
2026-08-21 14:36:41,124 [INFO] Start training epoch 41, 37 iters per inner epoch.
2026-08-21 14:36:59,258 [INFO] Averaged stats: lr: 0.000009  loss: 0.061306
2026-08-21 14:36:59,356 [INFO] gates: {"epoch": 41, "raw_quality_ratio": 3.1652, "quality_ratio": 0.1227, "lambda_q": 0.0388, "deviation_mean": 0.9033, "deviation_std": 0.1485, "patch_w_mean": 0.0763, "patch_w_std": 0.0801}
2026-08-21 14:36:59,357 [INFO] Evaluating on val.
Train: data epoch: [41]  [ 0/37]  eta: 0:00:37  lr: 0.000009  loss: 0.0578  time: 1.0259  data: 0.0001  max mem: 5161
Train: data epoch: [41]  [20/37]  eta: 0:00:08  lr: 0.000009  loss: 0.0463  time: 0.4601  data: 0.0000  max mem: 5161
Train: data epoch: [41]  [36/37]  eta: 0:00:00  lr: 0.000009  loss: 0.0616  time: 0.5025  data: 0.0000  max mem: 5161
Train: data epoch: [41] Total time: 0:00:18 (0.4901 s / it)
2026-08-21 14:37:05,375 [INFO] Qual: EPOCH[41] -> PLCC: 0.908096, SROCC: 0.861822, KROCC: 0.681816, LOSS: 0.175026
2026-08-21 14:37:05,375 [INFO] Align: EPOCH[41] -> PLCC: 0.831594, SROCC: 0.682913, KROCC: 0.500370, LOSS: 0.310037
2026-08-21 14:37:05,376 [INFO] Start training
2026-08-21 14:37:05,585 [INFO] Start training epoch 42, 37 iters per inner epoch.
2026-08-21 14:37:24,387 [INFO] Averaged stats: lr: 0.000007  loss: 0.060891
2026-08-21 14:37:24,482 [INFO] gates: {"epoch": 42, "raw_quality_ratio": 3.2749, "quality_ratio": 0.1272, "lambda_q": 0.0389, "deviation_mean": 0.9143, "deviation_std": 0.1574, "patch_w_mean": 0.081, "patch_w_std": 0.0848}
2026-08-21 14:37:24,482 [INFO] Evaluating on val.
Train: data epoch: [42]  [ 0/37]  eta: 0:00:40  lr: 0.000007  loss: 0.0648  time: 1.0849  data: 0.0001  max mem: 5161
Train: data epoch: [42]  [20/37]  eta: 0:00:08  lr: 0.000007  loss: 0.0575  time: 0.4855  data: 0.0000  max mem: 5161
Train: data epoch: [42]  [36/37]  eta: 0:00:00  lr: 0.000007  loss: 0.0481  time: 0.5091  data: 0.0000  max mem: 5161
Train: data epoch: [42] Total time: 0:00:18 (0.5081 s / it)
2026-08-21 14:37:30,809 [INFO] Qual: EPOCH[42] -> PLCC: 0.907812, SROCC: 0.861262, KROCC: 0.681117, LOSS: 0.174744
2026-08-21 14:37:30,809 [INFO] Align: EPOCH[42] -> PLCC: 0.831128, SROCC: 0.681820, KROCC: 0.499343, LOSS: 0.309559
2026-08-21 14:37:30,809 [INFO] Start training
2026-08-21 14:37:31,025 [INFO] Start training epoch 43, 37 iters per inner epoch.
2026-08-21 14:37:48,402 [INFO] Averaged stats: lr: 0.000006  loss: 0.061209
2026-08-21 14:37:48,479 [INFO] gates: {"epoch": 43, "raw_quality_ratio": 3.314, "quality_ratio": 0.129, "lambda_q": 0.0389, "deviation_mean": 0.9032, "deviation_std": 0.1575, "patch_w_mean": 0.0781, "patch_w_std": 0.0823}
2026-08-21 14:37:48,480 [INFO] Evaluating on val.
Train: data epoch: [43]  [ 0/37]  eta: 0:00:48  lr: 0.000006  loss: 0.0463  time: 1.3136  data: 0.0001  max mem: 5161
Train: data epoch: [43]  [20/37]  eta: 0:00:07  lr: 0.000006  loss: 0.0554  time: 0.3978  data: 0.0000  max mem: 5161
Train: data epoch: [43]  [36/37]  eta: 0:00:00  lr: 0.000006  loss: 0.0476  time: 0.4484  data: 0.0000  max mem: 5161
Train: data epoch: [43] Total time: 0:00:17 (0.4696 s / it)
2026-08-21 14:37:54,810 [INFO] Qual: EPOCH[43] -> PLCC: 0.908045, SROCC: 0.861894, KROCC: 0.681749, LOSS: 0.175105
2026-08-21 14:37:54,810 [INFO] Align: EPOCH[43] -> PLCC: 0.831046, SROCC: 0.682274, KROCC: 0.499794, LOSS: 0.309745
2026-08-21 14:37:54,811 [INFO] Start training
2026-08-21 14:37:55,022 [INFO] Start training epoch 44, 37 iters per inner epoch.
2026-08-21 14:38:13,390 [INFO] Averaged stats: lr: 0.000004  loss: 0.061596
2026-08-21 14:38:13,544 [INFO] gates: {"epoch": 44, "raw_quality_ratio": 3.0796, "quality_ratio": 0.1201, "lambda_q": 0.039, "deviation_mean": 0.9075, "deviation_std": 0.1508, "patch_w_mean": 0.0789, "patch_w_std": 0.0804}
2026-08-21 14:38:13,545 [INFO] Evaluating on val.
Train: data epoch: [44]  [ 0/37]  eta: 0:00:37  lr: 0.000004  loss: 0.0809  time: 1.0139  data: 0.0001  max mem: 5161
Train: data epoch: [44]  [20/37]  eta: 0:00:09  lr: 0.000004  loss: 0.0507  time: 0.5180  data: 0.0000  max mem: 5161
Train: data epoch: [44]  [36/37]  eta: 0:00:00  lr: 0.000004  loss: 0.0632  time: 0.4584  data: 0.0000  max mem: 5161
Train: data epoch: [44] Total time: 0:00:18 (0.4964 s / it)
2026-08-21 14:38:20,480 [INFO] Qual: EPOCH[44] -> PLCC: 0.907853, SROCC: 0.861631, KROCC: 0.681625, LOSS: 0.175067
2026-08-21 14:38:20,480 [INFO] Align: EPOCH[44] -> PLCC: 0.830908, SROCC: 0.681870, KROCC: 0.499523, LOSS: 0.309990
2026-08-21 14:38:20,481 [INFO] Start training
2026-08-21 14:38:20,691 [INFO] Start training epoch 45, 37 iters per inner epoch.
2026-08-21 14:38:39,590 [INFO] Averaged stats: lr: 0.000003  loss: 0.060061
2026-08-21 14:38:39,682 [INFO] gates: {"epoch": 45, "raw_quality_ratio": 3.1625, "quality_ratio": 0.1235, "lambda_q": 0.039, "deviation_mean": 0.8864, "deviation_std": 0.1662, "patch_w_mean": 0.0751, "patch_w_std": 0.0804}
2026-08-21 14:38:39,682 [INFO] Evaluating on val.
Train: data epoch: [45]  [ 0/37]  eta: 0:00:37  lr: 0.000003  loss: 0.0513  time: 1.0076  data: 0.0001  max mem: 5161
Train: data epoch: [45]  [20/37]  eta: 0:00:09  lr: 0.000003  loss: 0.0590  time: 0.5102  data: 0.0000  max mem: 5161
Train: data epoch: [45]  [36/37]  eta: 0:00:00  lr: 0.000003  loss: 0.0611  time: 0.4919  data: 0.0000  max mem: 5161
Train: data epoch: [45] Total time: 0:00:18 (0.5108 s / it)
2026-08-21 14:38:46,964 [INFO] Qual: EPOCH[45] -> PLCC: 0.907676, SROCC: 0.861178, KROCC: 0.681094, LOSS: 0.174541
2026-08-21 14:38:46,964 [INFO] Align: EPOCH[45] -> PLCC: 0.830620, SROCC: 0.680827, KROCC: 0.498643, LOSS: 0.310591
2026-08-21 14:38:46,976 [INFO] Saving checkpoint at epoch 45 to run/20260821141_B1_MSCM_s4/checkpoint_latest.pth.
2026-08-21 14:38:47,021 [INFO] Start training
2026-08-21 14:38:47,234 [INFO] Start training epoch 46, 37 iters per inner epoch.
2026-08-21 14:39:06,054 [INFO] Averaged stats: lr: 0.000003  loss: 0.060333
2026-08-21 14:39:06,187 [INFO] gates: {"epoch": 46, "raw_quality_ratio": 3.1625, "quality_ratio": 0.1236, "lambda_q": 0.0391, "deviation_mean": 0.9082, "deviation_std": 0.1634, "patch_w_mean": 0.0773, "patch_w_std": 0.0817}
2026-08-21 14:39:06,187 [INFO] Evaluating on val.
Train: data epoch: [46]  [ 0/37]  eta: 0:00:46  lr: 0.000003  loss: 0.0523  time: 1.2685  data: 0.0001  max mem: 5161
Train: data epoch: [46]  [20/37]  eta: 0:00:09  lr: 0.000003  loss: 0.0624  time: 0.5103  data: 0.0000  max mem: 5161
Train: data epoch: [46]  [36/37]  eta: 0:00:00  lr: 0.000003  loss: 0.0694  time: 0.4758  data: 0.0000  max mem: 5161
Train: data epoch: [46] Total time: 0:00:18 (0.5086 s / it)
2026-08-21 14:39:13,230 [INFO] Qual: EPOCH[46] -> PLCC: 0.907778, SROCC: 0.861523, KROCC: 0.681376, LOSS: 0.174869
2026-08-21 14:39:13,230 [INFO] Align: EPOCH[46] -> PLCC: 0.830553, SROCC: 0.680979, KROCC: 0.498643, LOSS: 0.310925
2026-08-21 14:39:13,231 [INFO] Start training
2026-08-21 14:39:13,443 [INFO] Start training epoch 47, 37 iters per inner epoch.
2026-08-21 14:39:32,500 [INFO] Averaged stats: lr: 0.000002  loss: 0.060079
2026-08-21 14:39:32,651 [INFO] gates: {"epoch": 47, "raw_quality_ratio": 3.0708, "quality_ratio": 0.1201, "lambda_q": 0.0391, "deviation_mean": 0.8943, "deviation_std": 0.1464, "patch_w_mean": 0.0795, "patch_w_std": 0.0811}
2026-08-21 14:39:32,651 [INFO] Evaluating on val.
Train: data epoch: [47]  [ 0/37]  eta: 0:00:38  lr: 0.000002  loss: 0.0516  time: 1.0510  data: 0.0001  max mem: 5161
Train: data epoch: [47]  [20/37]  eta: 0:00:09  lr: 0.000002  loss: 0.0464  time: 0.5117  data: 0.0000  max mem: 5161
Train: data epoch: [47]  [36/37]  eta: 0:00:00  lr: 0.000002  loss: 0.0755  time: 0.4839  data: 0.0000  max mem: 5161
Train: data epoch: [47] Total time: 0:00:19 (0.5150 s / it)
2026-08-21 14:39:39,897 [INFO] Qual: EPOCH[47] -> PLCC: 0.907745, SROCC: 0.861523, KROCC: 0.681297, LOSS: 0.174876
2026-08-21 14:39:39,897 [INFO] Align: EPOCH[47] -> PLCC: 0.830434, SROCC: 0.680954, KROCC: 0.498632, LOSS: 0.311510
2026-08-21 14:39:39,898 [INFO] Start training
2026-08-21 14:39:40,139 [INFO] Start training epoch 48, 37 iters per inner epoch.
2026-08-21 14:39:59,350 [INFO] Averaged stats: lr: 0.000001  loss: 0.061139
2026-08-21 14:39:59,455 [INFO] gates: {"epoch": 48, "raw_quality_ratio": 3.2909, "quality_ratio": 0.1287, "lambda_q": 0.0391, "deviation_mean": 0.8972, "deviation_std": 0.1498, "patch_w_mean": 0.0783, "patch_w_std": 0.0832}
2026-08-21 14:39:59,455 [INFO] Evaluating on val.
Train: data epoch: [48]  [ 0/37]  eta: 0:00:47  lr: 0.000001  loss: 0.0754  time: 1.2748  data: 0.0001  max mem: 5161
Train: data epoch: [48]  [20/37]  eta: 0:00:09  lr: 0.000001  loss: 0.0437  time: 0.5109  data: 0.0000  max mem: 5161
Train: data epoch: [48]  [36/37]  eta: 0:00:00  lr: 0.000001  loss: 0.0548  time: 0.4876  data: 0.0000  max mem: 5161
Train: data epoch: [48] Total time: 0:00:19 (0.5192 s / it)
2026-08-21 14:40:06,890 [INFO] Qual: EPOCH[48] -> PLCC: 0.907717, SROCC: 0.861505, KROCC: 0.681309, LOSS: 0.174828
2026-08-21 14:40:06,890 [INFO] Align: EPOCH[48] -> PLCC: 0.830339, SROCC: 0.680983, KROCC: 0.498700, LOSS: 0.312244
2026-08-21 14:40:06,891 [INFO] Start training
2026-08-21 14:40:07,146 [INFO] Start training epoch 49, 37 iters per inner epoch.
2026-08-21 14:40:26,481 [INFO] Averaged stats: lr: 0.000001  loss: 0.059221
2026-08-21 14:40:26,585 [INFO] gates: {"epoch": 49, "raw_quality_ratio": 2.9531, "quality_ratio": 0.1156, "lambda_q": 0.0391, "deviation_mean": 0.8879, "deviation_std": 0.1447, "patch_w_mean": 0.0778, "patch_w_std": 0.0815}
2026-08-21 14:40:26,586 [INFO] Evaluating on val.
Train: data epoch: [49]  [ 0/37]  eta: 0:00:54  lr: 0.000001  loss: 0.0453  time: 1.4843  data: 0.0001  max mem: 5161
Train: data epoch: [49]  [20/37]  eta: 0:00:09  lr: 0.000001  loss: 0.0621  time: 0.5103  data: 0.0000  max mem: 5161
Train: data epoch: [49]  [36/37]  eta: 0:00:00  lr: 0.000001  loss: 0.0672  time: 0.4918  data: 0.0000  max mem: 5161
Train: data epoch: [49] Total time: 0:00:19 (0.5226 s / it)
2026-08-21 14:40:33,417 [INFO] Qual: EPOCH[49] -> PLCC: 0.907747, SROCC: 0.861511, KROCC: 0.681354, LOSS: 0.175151
2026-08-21 14:40:33,417 [INFO] Align: EPOCH[49] -> PLCC: 0.830316, SROCC: 0.680946, KROCC: 0.498609, LOSS: 0.312183
2026-08-21 14:40:33,432 [INFO] Saving checkpoint at epoch 49 to run/20260821141_B1_MSCM_s4/checkpoint_latest.pth.
[{'agg_metrics': np.float64(4.576868181329837), 'qual_agg': np.float64(2.458101545422628), 'qual_PLCC': np.float64(0.9096168375125212), 'qual_SROCC': np.float64(0.8641182584162928), 'qual_KROCC': np.float64(0.6843664494938139), 'align_agg': np.float64(2.1187666359072086), 'align_PLCC': np.float64(0.851586941944961), 'align_SROCC': np.float64(0.7258319767475512), 'align_KROCC': np.float64(0.5413477172146963)}]
{'agg_metrics': np.float64(4.576868181329837), 'qual_agg': np.float64(2.458101545422628), 'qual_PLCC': np.float64(0.9096168375125212), 'qual_SROCC': np.float64(0.8641182584162928), 'qual_KROCC': np.float64(0.6843664494938139), 'align_agg': np.float64(2.1187666359072086), 'align_PLCC': np.float64(0.851586941944961), 'align_SROCC': np.float64(0.7258319767475512), 'align_KROCC': np.float64(0.5413477172146963)}
