2026-08-21 12:07:53,473 [INFO] Start training
2026-08-21 12:07:53,961 [INFO] number of trainable parameters: 1633413
Not using distributed mode
['msqr_dgmpq_hcmi_v8']
2026-08-21 12:07:55,539 [INFO] Start training epoch 0, 37 iters per inner epoch.
2026-08-21 12:08:19,132 [INFO] Averaged stats: lr: 0.000036  loss: 7.087686
2026-08-21 12:08:19,217 [INFO] gates: {"epoch": 0, "raw_quality_ratio": 6.0935, "quality_ratio": 0.0696, "lambda_q": 0.0115, "deviation_mean": 1.0013, "deviation_std": 0.0664, "patch_w_mean": 0.4916, "patch_w_std": 0.0145}
2026-08-21 12:08:19,217 [INFO] Evaluating on val.
Train: data epoch: [0]  [ 0/37]  eta: 0:03:01  lr: 0.000000  loss: 7.0023  time: 4.8948  data: 0.0001  max mem: 5146
Train: data epoch: [0]  [20/37]  eta: 0:00:12  lr: 0.000040  loss: 7.4149  time: 0.5203  data: 0.0000  max mem: 5159
Train: data epoch: [0]  [36/37]  eta: 0:00:00  lr: 0.000072  loss: 5.8675  time: 0.5189  data: 0.0000  max mem: 5159
Train: data epoch: [0] Total time: 0:00:23 (0.6376 s / it)
2026-08-21 12:08:24,495 [INFO] Qual: EPOCH[0] -> PLCC: -0.142669, SROCC: -0.117721, KROCC: -0.077834, LOSS: 6.357671
2026-08-21 12:08:24,495 [INFO] Align: EPOCH[0] -> PLCC: -0.118647, SROCC: -0.075435, KROCC: -0.049103, LOSS: 6.313467
2026-08-21 12:08:24,511 [INFO] Saving checkpoint at epoch 0 to run/20260821120_B1_s5/checkpoint_best.pth.
2026-08-21 12:08:24,576 [INFO] Saving checkpoint at epoch 0 to run/20260821120_B1_s5/checkpoint_best_joint.pth.
2026-08-21 12:08:24,626 [INFO] Start training
2026-08-21 12:08:24,895 [INFO] Start training epoch 1, 37 iters per inner epoch.
2026-08-21 12:08:42,818 [INFO] Averaged stats: lr: 0.000100  loss: 3.306117
2026-08-21 12:08:42,905 [INFO] gates: {"epoch": 1, "raw_quality_ratio": 2.3517, "quality_ratio": 0.0387, "lambda_q": 0.0165, "deviation_mean": 1.0582, "deviation_std": 0.0857, "patch_w_mean": 0.5305, "patch_w_std": 0.0251}
2026-08-21 12:08:42,905 [INFO] Evaluating on val.
Train: data epoch: [1]  [ 0/37]  eta: 0:00:44  lr: 0.000100  loss: 6.5004  time: 1.2078  data: 0.0001  max mem: 5159
Train: data epoch: [1]  [20/37]  eta: 0:00:07  lr: 0.000100  loss: 3.2435  time: 0.4174  data: 0.0000  max mem: 5159
Train: data epoch: [1]  [36/37]  eta: 0:00:00  lr: 0.000100  loss: 0.7401  time: 0.5241  data: 0.0000  max mem: 5159
Train: data epoch: [1] Total time: 0:00:17 (0.4844 s / it)
2026-08-21 12:08:48,976 [INFO] Qual: EPOCH[1] -> PLCC: 0.269799, SROCC: 0.226390, KROCC: 0.152506, LOSS: 0.921749
2026-08-21 12:08:48,976 [INFO] Align: EPOCH[1] -> PLCC: 0.319391, SROCC: 0.278957, KROCC: 0.185620, LOSS: 0.896100
2026-08-21 12:08:48,993 [INFO] Saving checkpoint at epoch 1 to run/20260821120_B1_s5/checkpoint_best.pth.
2026-08-21 12:08:49,074 [INFO] Saving checkpoint at epoch 1 to run/20260821120_B1_s5/checkpoint_best_joint.pth.
2026-08-21 12:08:49,133 [INFO] Start training
2026-08-21 12:08:49,393 [INFO] Start training epoch 2, 37 iters per inner epoch.
2026-08-21 12:09:08,079 [INFO] Averaged stats: lr: 0.000100  loss: 0.802695
2026-08-21 12:09:08,202 [INFO] gates: {"epoch": 2, "raw_quality_ratio": 2.5298, "quality_ratio": 0.0422, "lambda_q": 0.0167, "deviation_mean": 1.1088, "deviation_std": 0.0667, "patch_w_mean": 0.5232, "patch_w_std": 0.0202}
2026-08-21 12:09:08,203 [INFO] Evaluating on val.
Train: data epoch: [2]  [ 0/37]  eta: 0:00:42  lr: 0.000100  loss: 0.9709  time: 1.1459  data: 0.0001  max mem: 5159
Train: data epoch: [2]  [20/37]  eta: 0:00:08  lr: 0.000100  loss: 0.6512  time: 0.4561  data: 0.0000  max mem: 5159
Train: data epoch: [2]  [36/37]  eta: 0:00:00  lr: 0.000100  loss: 0.6050  time: 0.5204  data: 0.0000  max mem: 5159
Train: data epoch: [2] Total time: 0:00:18 (0.5050 s / it)
2026-08-21 12:09:14,667 [INFO] Qual: EPOCH[2] -> PLCC: 0.713487, SROCC: 0.646932, KROCC: 0.463507, LOSS: 0.504685
2026-08-21 12:09:14,667 [INFO] Align: EPOCH[2] -> PLCC: 0.671004, SROCC: 0.586458, KROCC: 0.406259, LOSS: 0.583497
2026-08-21 12:09:14,684 [INFO] Saving checkpoint at epoch 2 to run/20260821120_B1_s5/checkpoint_best.pth.
2026-08-21 12:09:14,765 [INFO] Saving checkpoint at epoch 2 to run/20260821120_B1_s5/checkpoint_best_joint.pth.
2026-08-21 12:09:14,822 [INFO] Start training
2026-08-21 12:09:15,159 [INFO] Start training epoch 3, 37 iters per inner epoch.
2026-08-21 12:09:34,107 [INFO] Averaged stats: lr: 0.000099  loss: 0.420996
2026-08-21 12:09:34,208 [INFO] gates: {"epoch": 3, "raw_quality_ratio": 2.5835, "quality_ratio": 0.0448, "lambda_q": 0.0174, "deviation_mean": 1.1999, "deviation_std": 0.1923, "patch_w_mean": 0.4653, "patch_w_std": 0.0282}
2026-08-21 12:09:34,209 [INFO] Evaluating on val.
Train: data epoch: [3]  [ 0/37]  eta: 0:00:41  lr: 0.000099  loss: 0.5991  time: 1.1298  data: 0.0001  max mem: 5159
Train: data epoch: [3]  [20/37]  eta: 0:00:08  lr: 0.000099  loss: 0.4867  time: 0.4708  data: 0.0000  max mem: 5159
Train: data epoch: [3]  [36/37]  eta: 0:00:00  lr: 0.000099  loss: 0.2989  time: 0.4964  data: 0.0000  max mem: 5159
Train: data epoch: [3] Total time: 0:00:18 (0.5121 s / it)
2026-08-21 12:09:40,773 [INFO] Qual: EPOCH[3] -> PLCC: 0.841077, SROCC: 0.745153, KROCC: 0.557630, LOSS: 0.271614
2026-08-21 12:09:40,773 [INFO] Align: EPOCH[3] -> PLCC: 0.778090, SROCC: 0.630354, KROCC: 0.450158, LOSS: 0.383928
2026-08-21 12:09:40,796 [INFO] Saving checkpoint at epoch 3 to run/20260821120_B1_s5/checkpoint_best.pth.
2026-08-21 12:09:40,869 [INFO] Saving checkpoint at epoch 3 to run/20260821120_B1_s5/checkpoint_best_joint.pth.
2026-08-21 12:09:40,926 [INFO] Start training
2026-08-21 12:09:41,254 [INFO] Start training epoch 4, 37 iters per inner epoch.
2026-08-21 12:10:00,918 [INFO] Averaged stats: lr: 0.000098  loss: 0.282371
2026-08-21 12:10:01,021 [INFO] gates: {"epoch": 4, "raw_quality_ratio": 2.543, "quality_ratio": 0.0459, "lambda_q": 0.018, "deviation_mean": 1.223, "deviation_std": 0.2035, "patch_w_mean": 0.4371, "patch_w_std": 0.0464}
2026-08-21 12:10:01,021 [INFO] Evaluating on val.
Train: data epoch: [4]  [ 0/37]  eta: 0:01:02  lr: 0.000098  loss: 0.3912  time: 1.6785  data: 0.0001  max mem: 5159
Train: data epoch: [4]  [20/37]  eta: 0:00:09  lr: 0.000098  loss: 0.2958  time: 0.4751  data: 0.0000  max mem: 5159
Train: data epoch: [4]  [36/37]  eta: 0:00:00  lr: 0.000098  loss: 0.2976  time: 0.5057  data: 0.0000  max mem: 5159
Train: data epoch: [4] Total time: 0:00:19 (0.5314 s / it)
2026-08-21 12:10:07,617 [INFO] Qual: EPOCH[4] -> PLCC: 0.871415, SROCC: 0.788328, KROCC: 0.601005, LOSS: 0.223838
2026-08-21 12:10:07,617 [INFO] Align: EPOCH[4] -> PLCC: 0.810252, SROCC: 0.646195, KROCC: 0.465755, LOSS: 0.328980
2026-08-21 12:10:07,635 [INFO] Saving checkpoint at epoch 4 to run/20260821120_B1_s5/checkpoint_best.pth.
2026-08-21 12:10:07,713 [INFO] Saving checkpoint at epoch 4 to run/20260821120_B1_s5/checkpoint_best_joint.pth.
2026-08-21 12:10:07,768 [INFO] Start training
2026-08-21 12:10:08,091 [INFO] Start training epoch 5, 37 iters per inner epoch.
2026-08-21 12:10:26,551 [INFO] Averaged stats: lr: 0.000098  loss: 0.249336
2026-08-21 12:10:26,653 [INFO] gates: {"epoch": 5, "raw_quality_ratio": 2.4663, "quality_ratio": 0.0457, "lambda_q": 0.0185, "deviation_mean": 1.2631, "deviation_std": 0.2025, "patch_w_mean": 0.4078, "patch_w_std": 0.0613}
2026-08-21 12:10:26,654 [INFO] Evaluating on val.
Train: data epoch: [5]  [ 0/37]  eta: 0:00:34  lr: 0.000098  loss: 0.2271  time: 0.9446  data: 0.0001  max mem: 5159
Train: data epoch: [5]  [20/37]  eta: 0:00:08  lr: 0.000098  loss: 0.2588  time: 0.4802  data: 0.0000  max mem: 5159
Train: data epoch: [5]  [36/37]  eta: 0:00:00  lr: 0.000098  loss: 0.2864  time: 0.4987  data: 0.0000  max mem: 5159
Train: data epoch: [5] Total time: 0:00:18 (0.4989 s / it)
2026-08-21 12:10:33,310 [INFO] Qual: EPOCH[5] -> PLCC: 0.884952, SROCC: 0.817531, KROCC: 0.630810, LOSS: 0.203224
2026-08-21 12:10:33,310 [INFO] Align: EPOCH[5] -> PLCC: 0.819773, SROCC: 0.659531, KROCC: 0.479438, LOSS: 0.314442
2026-08-21 12:10:33,328 [INFO] Saving checkpoint at epoch 5 to run/20260821120_B1_s5/checkpoint_best.pth.
2026-08-21 12:10:33,418 [INFO] Saving checkpoint at epoch 5 to run/20260821120_B1_s5/checkpoint_best_joint.pth.
2026-08-21 12:10:33,487 [INFO] Start training
2026-08-21 12:10:33,828 [INFO] Start training epoch 6, 37 iters per inner epoch.
2026-08-21 12:10:52,378 [INFO] Averaged stats: lr: 0.000097  loss: 0.231985
2026-08-21 12:10:52,472 [INFO] gates: {"epoch": 6, "raw_quality_ratio": 2.5461, "quality_ratio": 0.0484, "lambda_q": 0.019, "deviation_mean": 1.3197, "deviation_std": 0.199, "patch_w_mean": 0.3641, "patch_w_std": 0.0896}
2026-08-21 12:10:52,472 [INFO] Evaluating on val.
Train: data epoch: [6]  [ 0/37]  eta: 0:00:42  lr: 0.000097  loss: 0.1868  time: 1.1427  data: 0.0002  max mem: 5159
Train: data epoch: [6]  [20/37]  eta: 0:00:08  lr: 0.000097  loss: 0.2559  time: 0.4775  data: 0.0000  max mem: 5159
Train: data epoch: [6]  [36/37]  eta: 0:00:00  lr: 0.000097  loss: 0.1971  time: 0.4861  data: 0.0000  max mem: 5159
Train: data epoch: [6] Total time: 0:00:18 (0.5013 s / it)
2026-08-21 12:10:59,060 [INFO] Qual: EPOCH[6] -> PLCC: 0.893570, SROCC: 0.832739, KROCC: 0.647632, LOSS: 0.188477
2026-08-21 12:10:59,060 [INFO] Align: EPOCH[6] -> PLCC: 0.821475, SROCC: 0.669818, KROCC: 0.489458, LOSS: 0.316820
2026-08-21 12:10:59,077 [INFO] Saving checkpoint at epoch 6 to run/20260821120_B1_s5/checkpoint_best.pth.
2026-08-21 12:10:59,166 [INFO] Saving checkpoint at epoch 6 to run/20260821120_B1_s5/checkpoint_best_joint.pth.
2026-08-21 12:10:59,244 [INFO] Start training
2026-08-21 12:10:59,569 [INFO] Start training epoch 7, 37 iters per inner epoch.
2026-08-21 12:11:17,325 [INFO] Averaged stats: lr: 0.000095  loss: 0.216402
2026-08-21 12:11:17,470 [INFO] gates: {"epoch": 7, "raw_quality_ratio": 2.5762, "quality_ratio": 0.0501, "lambda_q": 0.0194, "deviation_mean": 1.3481, "deviation_std": 0.1875, "patch_w_mean": 0.3247, "patch_w_std": 0.1127}
2026-08-21 12:11:17,471 [INFO] Evaluating on val.
Train: data epoch: [7]  [ 0/37]  eta: 0:00:49  lr: 0.000095  loss: 0.2186  time: 1.3336  data: 0.0001  max mem: 5159
Train: data epoch: [7]  [20/37]  eta: 0:00:08  lr: 0.000095  loss: 0.1559  time: 0.4516  data: 0.0000  max mem: 5159
Train: data epoch: [7]  [36/37]  eta: 0:00:00  lr: 0.000095  loss: 0.1923  time: 0.4115  data: 0.0000  max mem: 5159
Train: data epoch: [7] Total time: 0:00:17 (0.4799 s / it)
2026-08-21 12:11:24,545 [INFO] Qual: EPOCH[7] -> PLCC: 0.897493, SROCC: 0.838725, KROCC: 0.654490, LOSS: 0.192468
2026-08-21 12:11:24,545 [INFO] Align: EPOCH[7] -> PLCC: 0.826188, SROCC: 0.673970, KROCC: 0.493622, LOSS: 0.308536
2026-08-21 12:11:24,561 [INFO] Saving checkpoint at epoch 7 to run/20260821120_B1_s5/checkpoint_best.pth.
2026-08-21 12:11:24,639 [INFO] Saving checkpoint at epoch 7 to run/20260821120_B1_s5/checkpoint_best_joint.pth.
2026-08-21 12:11:24,705 [INFO] Start training
2026-08-21 12:11:25,044 [INFO] Start training epoch 8, 37 iters per inner epoch.
2026-08-21 12:11:44,292 [INFO] Averaged stats: lr: 0.000094  loss: 0.203561
2026-08-21 12:11:44,378 [INFO] gates: {"epoch": 8, "raw_quality_ratio": 2.5135, "quality_ratio": 0.0503, "lambda_q": 0.02, "deviation_mean": 1.337, "deviation_std": 0.1711, "patch_w_mean": 0.3197, "patch_w_std": 0.1173}
2026-08-21 12:11:44,379 [INFO] Evaluating on val.
Train: data epoch: [8]  [ 0/37]  eta: 0:00:46  lr: 0.000094  loss: 0.2413  time: 1.2690  data: 0.0001  max mem: 5159
Train: data epoch: [8]  [20/37]  eta: 0:00:09  lr: 0.000094  loss: 0.2285  time: 0.5011  data: 0.0000  max mem: 5159
Train: data epoch: [8]  [36/37]  eta: 0:00:00  lr: 0.000094  loss: 0.2027  time: 0.4885  data: 0.0000  max mem: 5159
Train: data epoch: [8] Total time: 0:00:19 (0.5202 s / it)
2026-08-21 12:11:50,455 [INFO] Qual: EPOCH[8] -> PLCC: 0.901422, SROCC: 0.845042, KROCC: 0.662540, LOSS: 0.173535
2026-08-21 12:11:50,455 [INFO] Align: EPOCH[8] -> PLCC: 0.828824, SROCC: 0.675580, KROCC: 0.496261, LOSS: 0.299469
2026-08-21 12:11:50,471 [INFO] Saving checkpoint at epoch 8 to run/20260821120_B1_s5/checkpoint_best.pth.
2026-08-21 12:11:50,556 [INFO] Saving checkpoint at epoch 8 to run/20260821120_B1_s5/checkpoint_best_joint.pth.
2026-08-21 12:11:50,615 [INFO] Start training
2026-08-21 12:11:50,928 [INFO] Start training epoch 9, 37 iters per inner epoch.
2026-08-21 12:12:09,841 [INFO] Averaged stats: lr: 0.000092  loss: 0.195438
2026-08-21 12:12:09,927 [INFO] gates: {"epoch": 9, "raw_quality_ratio": 2.5946, "quality_ratio": 0.0534, "lambda_q": 0.0206, "deviation_mean": 1.345, "deviation_std": 0.1919, "patch_w_mean": 0.2865, "patch_w_std": 0.1343}
2026-08-21 12:12:09,927 [INFO] Evaluating on val.
Train: data epoch: [9]  [ 0/37]  eta: 0:00:48  lr: 0.000092  loss: 0.1509  time: 1.3023  data: 0.0001  max mem: 5159
Train: data epoch: [9]  [20/37]  eta: 0:00:09  lr: 0.000092  loss: 0.2268  time: 0.5155  data: 0.0000  max mem: 5159
Train: data epoch: [9]  [36/37]  eta: 0:00:00  lr: 0.000092  loss: 0.1971  time: 0.4716  data: 0.0000  max mem: 5159
Train: data epoch: [9] Total time: 0:00:18 (0.5111 s / it)
2026-08-21 12:12:16,030 [INFO] Qual: EPOCH[9] -> PLCC: 0.902551, SROCC: 0.846967, KROCC: 0.664945, LOSS: 0.172089
2026-08-21 12:12:16,030 [INFO] Align: EPOCH[9] -> PLCC: 0.832521, SROCC: 0.678300, KROCC: 0.498409, LOSS: 0.294703
2026-08-21 12:12:16,047 [INFO] Saving checkpoint at epoch 9 to run/20260821120_B1_s5/checkpoint_best.pth.
2026-08-21 12:12:16,118 [INFO] Saving checkpoint at epoch 9 to run/20260821120_B1_s5/checkpoint_best_joint.pth.
2026-08-21 12:12:16,182 [INFO] Start training
2026-08-21 12:12:16,500 [INFO] Start training epoch 10, 37 iters per inner epoch.
2026-08-21 12:12:35,580 [INFO] Averaged stats: lr: 0.000091  loss: 0.184707
2026-08-21 12:12:35,683 [INFO] gates: {"epoch": 10, "raw_quality_ratio": 2.4661, "quality_ratio": 0.0527, "lambda_q": 0.0214, "deviation_mean": 1.3075, "deviation_std": 0.1622, "patch_w_mean": 0.2731, "patch_w_std": 0.1329}
2026-08-21 12:12:35,683 [INFO] Evaluating on val.
Train: data epoch: [10]  [ 0/37]  eta: 0:00:44  lr: 0.000091  loss: 0.1751  time: 1.2001  data: 0.0001  max mem: 5159
Train: data epoch: [10]  [20/37]  eta: 0:00:09  lr: 0.000091  loss: 0.1839  time: 0.5169  data: 0.0000  max mem: 5159
Train: data epoch: [10]  [36/37]  eta: 0:00:00  lr: 0.000091  loss: 0.2084  time: 0.4864  data: 0.0000  max mem: 5159
Train: data epoch: [10] Total time: 0:00:19 (0.5157 s / it)
2026-08-21 12:12:42,274 [INFO] Qual: EPOCH[10] -> PLCC: 0.905512, SROCC: 0.849069, KROCC: 0.668162, LOSS: 0.172567
2026-08-21 12:12:42,274 [INFO] Align: EPOCH[10] -> PLCC: 0.830352, SROCC: 0.681976, KROCC: 0.502685, LOSS: 0.299869
2026-08-21 12:12:42,291 [INFO] Saving checkpoint at epoch 10 to run/20260821120_B1_s5/checkpoint_best.pth.
2026-08-21 12:12:42,379 [INFO] Saving checkpoint at epoch 10 to run/20260821120_B1_s5/checkpoint_best_joint.pth.
2026-08-21 12:12:42,437 [INFO] Start training
2026-08-21 12:12:42,839 [INFO] Start training epoch 11, 37 iters per inner epoch.
2026-08-21 12:13:03,077 [INFO] Averaged stats: lr: 0.000089  loss: 0.173103
2026-08-21 12:13:03,173 [INFO] gates: {"epoch": 11, "raw_quality_ratio": 2.4134, "quality_ratio": 0.0534, "lambda_q": 0.0222, "deviation_mean": 1.2157, "deviation_std": 0.1572, "patch_w_mean": 0.2572, "patch_w_std": 0.132}
2026-08-21 12:13:03,173 [INFO] Evaluating on val.
Train: data epoch: [11]  [ 0/37]  eta: 0:01:16  lr: 0.000089  loss: 0.1697  time: 2.0547  data: 0.0001  max mem: 5159
Train: data epoch: [11]  [20/37]  eta: 0:00:10  lr: 0.000089  loss: 0.2081  time: 0.5178  data: 0.0000  max mem: 5159
Train: data epoch: [11]  [36/37]  eta: 0:00:00  lr: 0.000089  loss: 0.1580  time: 0.5033  data: 0.0000  max mem: 5159
Train: data epoch: [11] Total time: 0:00:20 (0.5470 s / it)
2026-08-21 12:13:10,141 [INFO] Qual: EPOCH[11] -> PLCC: 0.907018, SROCC: 0.850720, KROCC: 0.670690, LOSS: 0.169474
2026-08-21 12:13:10,141 [INFO] Align: EPOCH[11] -> PLCC: 0.830901, SROCC: 0.682148, KROCC: 0.502551, LOSS: 0.307208
2026-08-21 12:13:10,158 [INFO] Saving checkpoint at epoch 11 to run/20260821120_B1_s5/checkpoint_best.pth.
2026-08-21 12:13:10,232 [INFO] Saving checkpoint at epoch 11 to run/20260821120_B1_s5/checkpoint_best_joint.pth.
2026-08-21 12:13:10,291 [INFO] Start training
2026-08-21 12:13:10,644 [INFO] Start training epoch 12, 37 iters per inner epoch.
2026-08-21 12:13:30,185 [INFO] Averaged stats: lr: 0.000087  loss: 0.163334
2026-08-21 12:13:30,281 [INFO] gates: {"epoch": 12, "raw_quality_ratio": 2.5525, "quality_ratio": 0.0586, "lambda_q": 0.023, "deviation_mean": 1.204, "deviation_std": 0.1816, "patch_w_mean": 0.2307, "patch_w_std": 0.1269}
2026-08-21 12:13:30,281 [INFO] Evaluating on val.
Train: data epoch: [12]  [ 0/37]  eta: 0:00:51  lr: 0.000087  loss: 0.1736  time: 1.3915  data: 0.0001  max mem: 5159
Train: data epoch: [12]  [20/37]  eta: 0:00:09  lr: 0.000087  loss: 0.1238  time: 0.4884  data: 0.0000  max mem: 5159
Train: data epoch: [12]  [36/37]  eta: 0:00:00  lr: 0.000087  loss: 0.1510  time: 0.4994  data: 0.0000  max mem: 5159
Train: data epoch: [12] Total time: 0:00:19 (0.5281 s / it)
2026-08-21 12:13:36,495 [INFO] Qual: EPOCH[12] -> PLCC: 0.909080, SROCC: 0.854166, KROCC: 0.674776, LOSS: 0.173442
2026-08-21 12:13:36,495 [INFO] Align: EPOCH[12] -> PLCC: 0.832320, SROCC: 0.686157, KROCC: 0.506125, LOSS: 0.302170
2026-08-21 12:13:36,512 [INFO] Saving checkpoint at epoch 12 to run/20260821120_B1_s5/checkpoint_best.pth.
2026-08-21 12:13:36,585 [INFO] Saving checkpoint at epoch 12 to run/20260821120_B1_s5/checkpoint_best_joint.pth.
2026-08-21 12:13:36,641 [INFO] Start training
2026-08-21 12:13:36,968 [INFO] Start training epoch 13, 37 iters per inner epoch.
2026-08-21 12:13:55,805 [INFO] Averaged stats: lr: 0.000084  loss: 0.158315
2026-08-21 12:13:55,902 [INFO] gates: {"epoch": 13, "raw_quality_ratio": 2.5083, "quality_ratio": 0.0598, "lambda_q": 0.0239, "deviation_mean": 1.146, "deviation_std": 0.1997, "patch_w_mean": 0.2236, "patch_w_std": 0.1383}
2026-08-21 12:13:55,902 [INFO] Evaluating on val.
Train: data epoch: [13]  [ 0/37]  eta: 0:00:52  lr: 0.000084  loss: 0.1759  time: 1.4065  data: 0.0001  max mem: 5159
Train: data epoch: [13]  [20/37]  eta: 0:00:08  lr: 0.000084  loss: 0.1343  time: 0.4784  data: 0.0000  max mem: 5159
Train: data epoch: [13]  [36/37]  eta: 0:00:00  lr: 0.000084  loss: 0.1342  time: 0.5021  data: 0.0000  max mem: 5159
Train: data epoch: [13] Total time: 0:00:18 (0.5091 s / it)
2026-08-21 12:14:02,044 [INFO] Qual: EPOCH[13] -> PLCC: 0.909245, SROCC: 0.852618, KROCC: 0.673139, LOSS: 0.160687
2026-08-21 12:14:02,044 [INFO] Align: EPOCH[13] -> PLCC: 0.834255, SROCC: 0.685660, KROCC: 0.505156, LOSS: 0.293912
2026-08-21 12:14:02,061 [INFO] Saving checkpoint at epoch 13 to run/20260821120_B1_s5/checkpoint_best_joint.pth.
2026-08-21 12:14:02,120 [INFO] Start training
2026-08-21 12:14:02,449 [INFO] Start training epoch 14, 37 iters per inner epoch.
2026-08-21 12:14:20,405 [INFO] Averaged stats: lr: 0.000082  loss: 0.150231
2026-08-21 12:14:20,482 [INFO] gates: {"epoch": 14, "raw_quality_ratio": 2.4951, "quality_ratio": 0.0615, "lambda_q": 0.0247, "deviation_mean": 1.2426, "deviation_std": 0.1887, "patch_w_mean": 0.1992, "patch_w_std": 0.1254}
2026-08-21 12:14:20,483 [INFO] Evaluating on val.
Train: data epoch: [14]  [ 0/37]  eta: 0:00:44  lr: 0.000082  loss: 0.1244  time: 1.2150  data: 0.0002  max mem: 5159
Train: data epoch: [14]  [20/37]  eta: 0:00:08  lr: 0.000082  loss: 0.1480  time: 0.4338  data: 0.0000  max mem: 5159
Train: data epoch: [14]  [36/37]  eta: 0:00:00  lr: 0.000082  loss: 0.1179  time: 0.5096  data: 0.0000  max mem: 5159
Train: data epoch: [14] Total time: 0:00:17 (0.4853 s / it)
2026-08-21 12:14:26,982 [INFO] Qual: EPOCH[14] -> PLCC: 0.909357, SROCC: 0.851595, KROCC: 0.672248, LOSS: 0.161437
2026-08-21 12:14:26,982 [INFO] Align: EPOCH[14] -> PLCC: 0.834582, SROCC: 0.687286, KROCC: 0.506681, LOSS: 0.294058
2026-08-21 12:14:27,000 [INFO] Saving checkpoint at epoch 14 to run/20260821120_B1_s5/checkpoint_best_joint.pth.
2026-08-21 12:14:27,061 [INFO] Start training
2026-08-21 12:14:27,380 [INFO] Start training epoch 15, 37 iters per inner epoch.
2026-08-21 12:14:45,105 [INFO] Averaged stats: lr: 0.000080  loss: 0.140311
2026-08-21 12:14:45,253 [INFO] gates: {"epoch": 15, "raw_quality_ratio": 2.434, "quality_ratio": 0.0623, "lambda_q": 0.0256, "deviation_mean": 1.2247, "deviation_std": 0.1886, "patch_w_mean": 0.1744, "patch_w_std": 0.12}
2026-08-21 12:14:45,253 [INFO] Evaluating on val.
Train: data epoch: [15]  [ 0/37]  eta: 0:00:43  lr: 0.000080  loss: 0.1665  time: 1.1713  data: 0.0001  max mem: 5159
Train: data epoch: [15]  [20/37]  eta: 0:00:08  lr: 0.000080  loss: 0.1309  time: 0.4450  data: 0.0000  max mem: 5159
Train: data epoch: [15]  [36/37]  eta: 0:00:00  lr: 0.000080  loss: 0.1459  time: 0.4246  data: 0.0000  max mem: 5159
Train: data epoch: [15] Total time: 0:00:17 (0.4790 s / it)
2026-08-21 12:14:52,425 [INFO] Qual: EPOCH[15] -> PLCC: 0.910963, SROCC: 0.854911, KROCC: 0.676345, LOSS: 0.168593
2026-08-21 12:14:52,425 [INFO] Align: EPOCH[15] -> PLCC: 0.835059, SROCC: 0.689492, KROCC: 0.509097, LOSS: 0.295504
2026-08-21 12:14:52,442 [INFO] Saving checkpoint at epoch 15 to run/20260821120_B1_s5/checkpoint_best.pth.
2026-08-21 12:14:52,515 [INFO] Saving checkpoint at epoch 15 to run/20260821120_B1_s5/checkpoint_best_joint.pth.
2026-08-21 12:14:52,573 [INFO] Start training
2026-08-21 12:14:52,895 [INFO] Start training epoch 16, 37 iters per inner epoch.
2026-08-21 12:15:10,844 [INFO] Averaged stats: lr: 0.000077  loss: 0.134255
2026-08-21 12:15:10,946 [INFO] gates: {"epoch": 16, "raw_quality_ratio": 2.493, "quality_ratio": 0.0661, "lambda_q": 0.0266, "deviation_mean": 1.1122, "deviation_std": 0.2032, "patch_w_mean": 0.1716, "patch_w_std": 0.1191}
2026-08-21 12:15:10,946 [INFO] Evaluating on val.
Train: data epoch: [16]  [ 0/37]  eta: 0:00:48  lr: 0.000077  loss: 0.1144  time: 1.3149  data: 0.0001  max mem: 5159
Train: data epoch: [16]  [20/37]  eta: 0:00:09  lr: 0.000077  loss: 0.1760  time: 0.5150  data: 0.0000  max mem: 5159
Train: data epoch: [16]  [36/37]  eta: 0:00:00  lr: 0.000077  loss: 0.1229  time: 0.4171  data: 0.0000  max mem: 5159
Train: data epoch: [16] Total time: 0:00:17 (0.4851 s / it)
2026-08-21 12:15:17,007 [INFO] Qual: EPOCH[16] -> PLCC: 0.911518, SROCC: 0.855311, KROCC: 0.677036, LOSS: 0.161338
2026-08-21 12:15:17,007 [INFO] Align: EPOCH[16] -> PLCC: 0.834865, SROCC: 0.688505, KROCC: 0.507423, LOSS: 0.296013
2026-08-21 12:15:17,023 [INFO] Saving checkpoint at epoch 16 to run/20260821120_B1_s5/checkpoint_best.pth.
2026-08-21 12:15:17,087 [INFO] Start training
2026-08-21 12:15:17,462 [INFO] Start training epoch 17, 37 iters per inner epoch.
2026-08-21 12:15:35,603 [INFO] Averaged stats: lr: 0.000074  loss: 0.129557
2026-08-21 12:15:35,697 [INFO] gates: {"epoch": 17, "raw_quality_ratio": 2.6844, "quality_ratio": 0.0737, "lambda_q": 0.0275, "deviation_mean": 1.1831, "deviation_std": 0.1895, "patch_w_mean": 0.1338, "patch_w_std": 0.1025}
2026-08-21 12:15:35,698 [INFO] Evaluating on val.
Train: data epoch: [17]  [ 0/37]  eta: 0:00:53  lr: 0.000074  loss: 0.1172  time: 1.4423  data: 0.0001  max mem: 5159
Train: data epoch: [17]  [20/37]  eta: 0:00:09  lr: 0.000074  loss: 0.1290  time: 0.5160  data: 0.0000  max mem: 5159
Train: data epoch: [17]  [36/37]  eta: 0:00:00  lr: 0.000074  loss: 0.1135  time: 0.4299  data: 0.0000  max mem: 5159
Train: data epoch: [17] Total time: 0:00:18 (0.4903 s / it)
2026-08-21 12:15:41,929 [INFO] Qual: EPOCH[17] -> PLCC: 0.911833, SROCC: 0.856053, KROCC: 0.678182, LOSS: 0.157643
2026-08-21 12:15:41,929 [INFO] Align: EPOCH[17] -> PLCC: 0.835042, SROCC: 0.690164, KROCC: 0.509320, LOSS: 0.295267
2026-08-21 12:15:41,946 [INFO] Saving checkpoint at epoch 17 to run/20260821120_B1_s5/checkpoint_best.pth.
2026-08-21 12:15:42,034 [INFO] Saving checkpoint at epoch 17 to run/20260821120_B1_s5/checkpoint_best_joint.pth.
2026-08-21 12:15:42,094 [INFO] Start training
2026-08-21 12:15:42,428 [INFO] Start training epoch 18, 37 iters per inner epoch.
2026-08-21 12:16:02,166 [INFO] Averaged stats: lr: 0.000072  loss: 0.123649
2026-08-21 12:16:02,261 [INFO] gates: {"epoch": 18, "raw_quality_ratio": 2.6276, "quality_ratio": 0.0745, "lambda_q": 0.0284, "deviation_mean": 1.2005, "deviation_std": 0.1893, "patch_w_mean": 0.1111, "patch_w_std": 0.0979}
2026-08-21 12:16:02,261 [INFO] Evaluating on val.
Train: data epoch: [18]  [ 0/37]  eta: 0:00:50  lr: 0.000072  loss: 0.1246  time: 1.3761  data: 0.0001  max mem: 5159
Train: data epoch: [18]  [20/37]  eta: 0:00:09  lr: 0.000072  loss: 0.0895  time: 0.5318  data: 0.0000  max mem: 5159
Train: data epoch: [18]  [36/37]  eta: 0:00:00  lr: 0.000072  loss: 0.1464  time: 0.4931  data: 0.0000  max mem: 5159
Train: data epoch: [18] Total time: 0:00:19 (0.5334 s / it)
2026-08-21 12:16:09,115 [INFO] Qual: EPOCH[18] -> PLCC: 0.911844, SROCC: 0.855743, KROCC: 0.677759, LOSS: 0.158998
2026-08-21 12:16:09,115 [INFO] Align: EPOCH[18] -> PLCC: 0.835451, SROCC: 0.689884, KROCC: 0.508741, LOSS: 0.294653
2026-08-21 12:16:09,116 [INFO] Start training
2026-08-21 12:16:09,436 [INFO] Start training epoch 19, 37 iters per inner epoch.
2026-08-21 12:16:29,401 [INFO] Averaged stats: lr: 0.000069  loss: 0.118827
2026-08-21 12:16:29,494 [INFO] gates: {"epoch": 19, "raw_quality_ratio": 2.5677, "quality_ratio": 0.0751, "lambda_q": 0.0293, "deviation_mean": 1.2193, "deviation_std": 0.1763, "patch_w_mean": 0.0935, "patch_w_std": 0.0897}
2026-08-21 12:16:29,495 [INFO] Evaluating on val.
Train: data epoch: [19]  [ 0/37]  eta: 0:00:51  lr: 0.000069  loss: 0.0889  time: 1.4008  data: 0.0001  max mem: 5159
Train: data epoch: [19]  [20/37]  eta: 0:00:09  lr: 0.000069  loss: 0.1825  time: 0.5321  data: 0.0000  max mem: 5159
Train: data epoch: [19]  [36/37]  eta: 0:00:00  lr: 0.000069  loss: 0.1337  time: 0.5017  data: 0.0000  max mem: 5159
Train: data epoch: [19] Total time: 0:00:19 (0.5396 s / it)
2026-08-21 12:16:35,323 [INFO] Qual: EPOCH[19] -> PLCC: 0.911713, SROCC: 0.856768, KROCC: 0.678695, LOSS: 0.164658
2026-08-21 12:16:35,323 [INFO] Align: EPOCH[19] -> PLCC: 0.834471, SROCC: 0.690674, KROCC: 0.509754, LOSS: 0.303285
2026-08-21 12:16:35,340 [INFO] Saving checkpoint at epoch 19 to run/20260821120_B1_s5/checkpoint_best.pth.
2026-08-21 12:16:35,425 [INFO] Saving checkpoint at epoch 19 to run/20260821120_B1_s5/checkpoint_best_joint.pth.
2026-08-21 12:16:35,488 [INFO] Start training
2026-08-21 12:16:35,809 [INFO] Start training epoch 20, 37 iters per inner epoch.
2026-08-21 12:16:55,781 [INFO] Averaged stats: lr: 0.000066  loss: 0.113371
2026-08-21 12:16:55,874 [INFO] gates: {"epoch": 20, "raw_quality_ratio": 2.6709, "quality_ratio": 0.0799, "lambda_q": 0.03, "deviation_mean": 1.1812, "deviation_std": 0.1977, "patch_w_mean": 0.0832, "patch_w_std": 0.0791}
2026-08-21 12:16:55,874 [INFO] Evaluating on val.
Train: data epoch: [20]  [ 0/37]  eta: 0:00:59  lr: 0.000066  loss: 0.1002  time: 1.6198  data: 0.0001  max mem: 5159
Train: data epoch: [20]  [20/37]  eta: 0:00:09  lr: 0.000066  loss: 0.1312  time: 0.5310  data: 0.0000  max mem: 5159
Train: data epoch: [20]  [36/37]  eta: 0:00:00  lr: 0.000066  loss: 0.1286  time: 0.4945  data: 0.0000  max mem: 5159
Train: data epoch: [20] Total time: 0:00:19 (0.5397 s / it)
2026-08-21 12:17:00,987 [INFO] Qual: EPOCH[20] -> PLCC: 0.911206, SROCC: 0.857100, KROCC: 0.678427, LOSS: 0.171884
2026-08-21 12:17:00,987 [INFO] Align: EPOCH[20] -> PLCC: 0.835252, SROCC: 0.696301, KROCC: 0.515900, LOSS: 0.296869
2026-08-21 12:17:01,008 [INFO] Saving checkpoint at epoch 20 to run/20260821120_B1_s5/checkpoint_best_joint.pth.
2026-08-21 12:17:01,089 [INFO] Start training
2026-08-21 12:17:01,424 [INFO] Start training epoch 21, 37 iters per inner epoch.
2026-08-21 12:17:20,827 [INFO] Averaged stats: lr: 0.000063  loss: 0.108258
2026-08-21 12:17:20,932 [INFO] gates: {"epoch": 21, "raw_quality_ratio": 2.5978, "quality_ratio": 0.0798, "lambda_q": 0.0307, "deviation_mean": 1.2139, "deviation_std": 0.1757, "patch_w_mean": 0.0769, "patch_w_std": 0.0842}
2026-08-21 12:17:20,932 [INFO] Evaluating on val.
Train: data epoch: [21]  [ 0/37]  eta: 0:00:44  lr: 0.000063  loss: 0.0833  time: 1.2127  data: 0.0001  max mem: 5159
Train: data epoch: [21]  [20/37]  eta: 0:00:09  lr: 0.000063  loss: 0.0978  time: 0.5289  data: 0.0000  max mem: 5159
Train: data epoch: [21]  [36/37]  eta: 0:00:00  lr: 0.000063  loss: 0.1146  time: 0.4871  data: 0.0000  max mem: 5159
Train: data epoch: [21] Total time: 0:00:19 (0.5244 s / it)
2026-08-21 12:17:27,473 [INFO] Qual: EPOCH[21] -> PLCC: 0.912412, SROCC: 0.856248, KROCC: 0.678706, LOSS: 0.156675
2026-08-21 12:17:27,473 [INFO] Align: EPOCH[21] -> PLCC: 0.835017, SROCC: 0.689391, KROCC: 0.509175, LOSS: 0.294073
2026-08-21 12:17:27,494 [INFO] Saving checkpoint at epoch 21 to run/20260821120_B1_s5/checkpoint_best.pth.
2026-08-21 12:17:27,578 [INFO] Start training
2026-08-21 12:17:27,991 [INFO] Start training epoch 22, 37 iters per inner epoch.
2026-08-21 12:17:49,377 [INFO] Averaged stats: lr: 0.000060  loss: 0.105988
2026-08-21 12:17:49,477 [INFO] gates: {"epoch": 22, "raw_quality_ratio": 2.638, "quality_ratio": 0.0831, "lambda_q": 0.0315, "deviation_mean": 1.2245, "deviation_std": 0.1815, "patch_w_mean": 0.0656, "patch_w_std": 0.0776}
2026-08-21 12:17:49,477 [INFO] Evaluating on val.
Train: data epoch: [22]  [ 0/37]  eta: 0:01:34  lr: 0.000060  loss: 0.1024  time: 2.5463  data: 0.0002  max mem: 5159
Train: data epoch: [22]  [20/37]  eta: 0:00:10  lr: 0.000060  loss: 0.1249  time: 0.5296  data: 0.0000  max mem: 5159
Train: data epoch: [22]  [36/37]  eta: 0:00:00  lr: 0.000060  loss: 0.0770  time: 0.5176  data: 0.0000  max mem: 5159
Train: data epoch: [22] Total time: 0:00:21 (0.5780 s / it)
2026-08-21 12:17:55,778 [INFO] Qual: EPOCH[22] -> PLCC: 0.911661, SROCC: 0.855868, KROCC: 0.678149, LOSS: 0.158384
2026-08-21 12:17:55,778 [INFO] Align: EPOCH[22] -> PLCC: 0.833000, SROCC: 0.691700, KROCC: 0.512237, LOSS: 0.301469
2026-08-21 12:17:55,779 [INFO] Start training
2026-08-21 12:17:56,099 [INFO] Start training epoch 23, 37 iters per inner epoch.
2026-08-21 12:18:16,469 [INFO] Averaged stats: lr: 0.000057  loss: 0.101019
2026-08-21 12:18:16,570 [INFO] gates: {"epoch": 23, "raw_quality_ratio": 2.6213, "quality_ratio": 0.0844, "lambda_q": 0.0322, "deviation_mean": 1.1969, "deviation_std": 0.1735, "patch_w_mean": 0.0627, "patch_w_std": 0.0766}
2026-08-21 12:18:16,571 [INFO] Evaluating on val.
Train: data epoch: [23]  [ 0/37]  eta: 0:01:00  lr: 0.000057  loss: 0.0913  time: 1.6475  data: 0.0001  max mem: 5159
Train: data epoch: [23]  [20/37]  eta: 0:00:09  lr: 0.000057  loss: 0.1080  time: 0.5338  data: 0.0000  max mem: 5159
Train: data epoch: [23]  [36/37]  eta: 0:00:00  lr: 0.000057  loss: 0.1210  time: 0.5084  data: 0.0000  max mem: 5159
Train: data epoch: [23] Total time: 0:00:20 (0.5505 s / it)
2026-08-21 12:18:22,668 [INFO] Qual: EPOCH[23] -> PLCC: 0.912636, SROCC: 0.856627, KROCC: 0.679351, LOSS: 0.155994
2026-08-21 12:18:22,668 [INFO] Align: EPOCH[23] -> PLCC: 0.833457, SROCC: 0.687227, KROCC: 0.506982, LOSS: 0.299991
2026-08-21 12:18:22,685 [INFO] Saving checkpoint at epoch 23 to run/20260821120_B1_s5/checkpoint_best.pth.
2026-08-21 12:18:22,743 [INFO] Start training
2026-08-21 12:18:23,081 [INFO] Start training epoch 24, 37 iters per inner epoch.
2026-08-21 12:18:42,670 [INFO] Averaged stats: lr: 0.000054  loss: 0.094207
2026-08-21 12:18:42,758 [INFO] gates: {"epoch": 24, "raw_quality_ratio": 2.6924, "quality_ratio": 0.0885, "lambda_q": 0.0329, "deviation_mean": 1.2037, "deviation_std": 0.1871, "patch_w_mean": 0.051, "patch_w_std": 0.0632}
2026-08-21 12:18:42,759 [INFO] Evaluating on val.
Train: data epoch: [24]  [ 0/37]  eta: 0:00:51  lr: 0.000054  loss: 0.1033  time: 1.3889  data: 0.0001  max mem: 5159
Train: data epoch: [24]  [20/37]  eta: 0:00:09  lr: 0.000054  loss: 0.1213  time: 0.5012  data: 0.0000  max mem: 5159
Train: data epoch: [24]  [36/37]  eta: 0:00:00  lr: 0.000054  loss: 0.0921  time: 0.5145  data: 0.0000  max mem: 5159
Train: data epoch: [24] Total time: 0:00:19 (0.5294 s / it)
2026-08-21 12:18:48,741 [INFO] Qual: EPOCH[24] -> PLCC: 0.911902, SROCC: 0.856602, KROCC: 0.678828, LOSS: 0.159152
2026-08-21 12:18:48,741 [INFO] Align: EPOCH[24] -> PLCC: 0.832769, SROCC: 0.689978, KROCC: 0.509877, LOSS: 0.299202
2026-08-21 12:18:48,742 [INFO] Start training
2026-08-21 12:18:49,090 [INFO] Start training epoch 25, 37 iters per inner epoch.
2026-08-21 12:19:09,306 [INFO] Averaged stats: lr: 0.000050  loss: 0.088986
2026-08-21 12:19:09,394 [INFO] gates: {"epoch": 25, "raw_quality_ratio": 2.6133, "quality_ratio": 0.0876, "lambda_q": 0.0335, "deviation_mean": 1.1516, "deviation_std": 0.1789, "patch_w_mean": 0.0438, "patch_w_std": 0.0565}
2026-08-21 12:19:09,395 [INFO] Evaluating on val.
Train: data epoch: [25]  [ 0/37]  eta: 0:01:00  lr: 0.000051  loss: 0.0932  time: 1.6437  data: 0.0003  max mem: 5159
Train: data epoch: [25]  [20/37]  eta: 0:00:09  lr: 0.000051  loss: 0.1008  time: 0.5060  data: 0.0000  max mem: 5159
Train: data epoch: [25]  [36/37]  eta: 0:00:00  lr: 0.000051  loss: 0.0994  time: 0.5278  data: 0.0000  max mem: 5159
Train: data epoch: [25] Total time: 0:00:20 (0.5464 s / it)
2026-08-21 12:19:16,125 [INFO] Qual: EPOCH[25] -> PLCC: 0.912344, SROCC: 0.857017, KROCC: 0.679652, LOSS: 0.157227
2026-08-21 12:19:16,125 [INFO] Align: EPOCH[25] -> PLCC: 0.830615, SROCC: 0.684371, KROCC: 0.505156, LOSS: 0.304027
2026-08-21 12:19:16,142 [INFO] Saving checkpoint at epoch 25 to run/20260821120_B1_s5/checkpoint_best.pth.
2026-08-21 12:19:16,223 [INFO] Saving checkpoint at epoch 25 to run/20260821120_B1_s5/checkpoint_latest.pth.
2026-08-21 12:19:16,273 [INFO] Start training
2026-08-21 12:19:16,587 [INFO] Start training epoch 26, 37 iters per inner epoch.
2026-08-21 12:19:37,993 [INFO] Averaged stats: lr: 0.000047  loss: 0.089583
2026-08-21 12:19:38,096 [INFO] gates: {"epoch": 26, "raw_quality_ratio": 2.6848, "quality_ratio": 0.0917, "lambda_q": 0.0342, "deviation_mean": 1.1726, "deviation_std": 0.1741, "patch_w_mean": 0.0417, "patch_w_std": 0.0579}
2026-08-21 12:19:38,097 [INFO] Evaluating on val.
Train: data epoch: [26]  [ 0/37]  eta: 0:01:26  lr: 0.000047  loss: 0.0921  time: 2.3479  data: 0.0001  max mem: 5159
Train: data epoch: [26]  [20/37]  eta: 0:00:10  lr: 0.000047  loss: 0.1058  time: 0.5312  data: 0.0000  max mem: 5159
Train: data epoch: [26]  [36/37]  eta: 0:00:00  lr: 0.000047  loss: 0.1138  time: 0.5282  data: 0.0000  max mem: 5159
Train: data epoch: [26] Total time: 0:00:21 (0.5785 s / it)
2026-08-21 12:19:43,757 [INFO] Qual: EPOCH[26] -> PLCC: 0.911245, SROCC: 0.855392, KROCC: 0.677693, LOSS: 0.159250
2026-08-21 12:19:43,757 [INFO] Align: EPOCH[26] -> PLCC: 0.829748, SROCC: 0.685413, KROCC: 0.506036, LOSS: 0.307436
2026-08-21 12:19:43,758 [INFO] Start training
2026-08-21 12:19:44,063 [INFO] Start training epoch 27, 37 iters per inner epoch.
2026-08-21 12:20:02,327 [INFO] Averaged stats: lr: 0.000044  loss: 0.085725
2026-08-21 12:20:02,404 [INFO] gates: {"epoch": 27, "raw_quality_ratio": 2.6492, "quality_ratio": 0.0919, "lambda_q": 0.0347, "deviation_mean": 1.1331, "deviation_std": 0.1922, "patch_w_mean": 0.0402, "patch_w_std": 0.0559}
2026-08-21 12:20:02,405 [INFO] Evaluating on val.
Train: data epoch: [27]  [ 0/37]  eta: 0:00:45  lr: 0.000044  loss: 0.0745  time: 1.2390  data: 0.0001  max mem: 5159
Train: data epoch: [27]  [20/37]  eta: 0:00:07  lr: 0.000044  loss: 0.0884  time: 0.4203  data: 0.0000  max mem: 5159
Train: data epoch: [27]  [36/37]  eta: 0:00:00  lr: 0.000044  loss: 0.1011  time: 0.5371  data: 0.0000  max mem: 5159
Train: data epoch: [27] Total time: 0:00:18 (0.4936 s / it)
2026-08-21 12:20:08,436 [INFO] Qual: EPOCH[27] -> PLCC: 0.911846, SROCC: 0.856550, KROCC: 0.679151, LOSS: 0.158177
2026-08-21 12:20:08,436 [INFO] Align: EPOCH[27] -> PLCC: 0.829476, SROCC: 0.685084, KROCC: 0.506136, LOSS: 0.304974
2026-08-21 12:20:08,437 [INFO] Start training
2026-08-21 12:20:08,847 [INFO] Start training epoch 28, 37 iters per inner epoch.
2026-08-21 12:20:27,709 [INFO] Averaged stats: lr: 0.000041  loss: 0.082136
2026-08-21 12:20:27,825 [INFO] gates: {"epoch": 28, "raw_quality_ratio": 2.8487, "quality_ratio": 0.1003, "lambda_q": 0.0352, "deviation_mean": 1.2167, "deviation_std": 0.173, "patch_w_mean": 0.032, "patch_w_std": 0.0489}
2026-08-21 12:20:27,826 [INFO] Evaluating on val.
Train: data epoch: [28]  [ 0/37]  eta: 0:00:54  lr: 0.000041  loss: 0.0860  time: 1.4661  data: 0.0001  max mem: 5159
Train: data epoch: [28]  [20/37]  eta: 0:00:08  lr: 0.000041  loss: 0.0664  time: 0.4438  data: 0.0000  max mem: 5159
Train: data epoch: [28]  [36/37]  eta: 0:00:00  lr: 0.000041  loss: 0.0689  time: 0.5336  data: 0.0000  max mem: 5159
Train: data epoch: [28] Total time: 0:00:18 (0.5098 s / it)
2026-08-21 12:20:34,446 [INFO] Qual: EPOCH[28] -> PLCC: 0.911479, SROCC: 0.856353, KROCC: 0.679218, LOSS: 0.157950
2026-08-21 12:20:34,446 [INFO] Align: EPOCH[28] -> PLCC: 0.829066, SROCC: 0.682325, KROCC: 0.503931, LOSS: 0.307858
2026-08-21 12:20:34,447 [INFO] Start training
2026-08-21 12:20:34,787 [INFO] Start training epoch 29, 37 iters per inner epoch.
2026-08-21 12:20:51,757 [INFO] Averaged stats: lr: 0.000038  loss: 0.079468
2026-08-21 12:20:51,857 [INFO] gates: {"epoch": 29, "raw_quality_ratio": 2.8311, "quality_ratio": 0.1011, "lambda_q": 0.0357, "deviation_mean": 1.2175, "deviation_std": 0.1698, "patch_w_mean": 0.0337, "patch_w_std": 0.0504}
2026-08-21 12:20:51,858 [INFO] Evaluating on val.
Train: data epoch: [29]  [ 0/37]  eta: 0:00:46  lr: 0.000038  loss: 0.1010  time: 1.2534  data: 0.0001  max mem: 5159
Train: data epoch: [29]  [20/37]  eta: 0:00:07  lr: 0.000038  loss: 0.0622  time: 0.4197  data: 0.0000  max mem: 5159
Train: data epoch: [29]  [36/37]  eta: 0:00:00  lr: 0.000038  loss: 0.0794  time: 0.4319  data: 0.0000  max mem: 5159
Train: data epoch: [29] Total time: 0:00:16 (0.4586 s / it)
2026-08-21 12:20:58,415 [INFO] Qual: EPOCH[29] -> PLCC: 0.910572, SROCC: 0.855412, KROCC: 0.677681, LOSS: 0.161999
2026-08-21 12:20:58,416 [INFO] Align: EPOCH[29] -> PLCC: 0.828742, SROCC: 0.682788, KROCC: 0.503931, LOSS: 0.310651
2026-08-21 12:20:58,417 [INFO] Start training
2026-08-21 12:20:58,738 [INFO] Start training epoch 30, 37 iters per inner epoch.
2026-08-21 12:21:17,717 [INFO] Averaged stats: lr: 0.000035  loss: 0.077452
2026-08-21 12:21:17,838 [INFO] gates: {"epoch": 30, "raw_quality_ratio": 2.7001, "quality_ratio": 0.0977, "lambda_q": 0.0362, "deviation_mean": 1.2107, "deviation_std": 0.1705, "patch_w_mean": 0.0318, "patch_w_std": 0.0496}
2026-08-21 12:21:17,839 [INFO] Evaluating on val.
Train: data epoch: [30]  [ 0/37]  eta: 0:00:48  lr: 0.000035  loss: 0.0743  time: 1.3214  data: 0.0001  max mem: 5159
Train: data epoch: [30]  [20/37]  eta: 0:00:09  lr: 0.000035  loss: 0.0951  time: 0.5010  data: 0.0000  max mem: 5159
Train: data epoch: [30]  [36/37]  eta: 0:00:00  lr: 0.000035  loss: 0.0928  time: 0.4958  data: 0.0000  max mem: 5159
Train: data epoch: [30] Total time: 0:00:18 (0.5129 s / it)
2026-08-21 12:21:24,472 [INFO] Qual: EPOCH[30] -> PLCC: 0.910696, SROCC: 0.857000, KROCC: 0.679351, LOSS: 0.162150
2026-08-21 12:21:24,472 [INFO] Align: EPOCH[30] -> PLCC: 0.827245, SROCC: 0.685878, KROCC: 0.506581, LOSS: 0.313668
2026-08-21 12:21:24,489 [INFO] Saving checkpoint at epoch 30 to run/20260821120_B1_s5/checkpoint_latest.pth.
2026-08-21 12:21:24,562 [INFO] Start training
2026-08-21 12:21:24,890 [INFO] Start training epoch 31, 37 iters per inner epoch.
2026-08-21 12:21:43,901 [INFO] Averaged stats: lr: 0.000032  loss: 0.075512
2026-08-21 12:21:44,007 [INFO] gates: {"epoch": 31, "raw_quality_ratio": 2.7405, "quality_ratio": 0.1003, "lambda_q": 0.0366, "deviation_mean": 1.168, "deviation_std": 0.1769, "patch_w_mean": 0.03, "patch_w_std": 0.0451}
2026-08-21 12:21:44,007 [INFO] Evaluating on val.
Train: data epoch: [31]  [ 0/37]  eta: 0:00:49  lr: 0.000032  loss: 0.0735  time: 1.3339  data: 0.0001  max mem: 5159
Train: data epoch: [31]  [20/37]  eta: 0:00:09  lr: 0.000032  loss: 0.0765  time: 0.4961  data: 0.0000  max mem: 5159
Train: data epoch: [31]  [36/37]  eta: 0:00:00  lr: 0.000032  loss: 0.0619  time: 0.4765  data: 0.0000  max mem: 5159
Train: data epoch: [31] Total time: 0:00:19 (0.5138 s / it)
2026-08-21 12:21:50,671 [INFO] Qual: EPOCH[31] -> PLCC: 0.910273, SROCC: 0.855646, KROCC: 0.677937, LOSS: 0.162090
2026-08-21 12:21:50,671 [INFO] Align: EPOCH[31] -> PLCC: 0.826423, SROCC: 0.682670, KROCC: 0.504021, LOSS: 0.313350
2026-08-21 12:21:50,672 [INFO] Start training
2026-08-21 12:21:50,982 [INFO] Start training epoch 32, 37 iters per inner epoch.
2026-08-21 12:22:09,911 [INFO] Averaged stats: lr: 0.000029  loss: 0.073618
2026-08-21 12:22:10,054 [INFO] gates: {"epoch": 32, "raw_quality_ratio": 2.8237, "quality_ratio": 0.1043, "lambda_q": 0.037, "deviation_mean": 1.1913, "deviation_std": 0.1733, "patch_w_mean": 0.0269, "patch_w_std": 0.0434}
2026-08-21 12:22:10,054 [INFO] Evaluating on val.
Train: data epoch: [32]  [ 0/37]  eta: 0:00:46  lr: 0.000029  loss: 0.0771  time: 1.2567  data: 0.0001  max mem: 5159
Train: data epoch: [32]  [20/37]  eta: 0:00:09  lr: 0.000029  loss: 0.0803  time: 0.5102  data: 0.0000  max mem: 5159
Train: data epoch: [32]  [36/37]  eta: 0:00:00  lr: 0.000029  loss: 0.0699  time: 0.4815  data: 0.0000  max mem: 5159
Train: data epoch: [32] Total time: 0:00:18 (0.5116 s / it)
2026-08-21 12:22:17,281 [INFO] Qual: EPOCH[32] -> PLCC: 0.909788, SROCC: 0.856140, KROCC: 0.678249, LOSS: 0.163888
2026-08-21 12:22:17,281 [INFO] Align: EPOCH[32] -> PLCC: 0.824726, SROCC: 0.683655, KROCC: 0.504399, LOSS: 0.323589
2026-08-21 12:22:17,282 [INFO] Start training
2026-08-21 12:22:17,595 [INFO] Start training epoch 33, 37 iters per inner epoch.
2026-08-21 12:22:36,984 [INFO] Averaged stats: lr: 0.000027  loss: 0.073213
2026-08-21 12:22:37,088 [INFO] gates: {"epoch": 33, "raw_quality_ratio": 2.7637, "quality_ratio": 0.103, "lambda_q": 0.0373, "deviation_mean": 1.1581, "deviation_std": 0.1822, "patch_w_mean": 0.0267, "patch_w_std": 0.0429}
2026-08-21 12:22:37,089 [INFO] Evaluating on val.
Train: data epoch: [33]  [ 0/37]  eta: 0:00:47  lr: 0.000027  loss: 0.0716  time: 1.2799  data: 0.0001  max mem: 5159
Train: data epoch: [33]  [20/37]  eta: 0:00:09  lr: 0.000027  loss: 0.0761  time: 0.5144  data: 0.0000  max mem: 5159
Train: data epoch: [33]  [36/37]  eta: 0:00:00  lr: 0.000027  loss: 0.0658  time: 0.5004  data: 0.0000  max mem: 5159
Train: data epoch: [33] Total time: 0:00:19 (0.5240 s / it)
2026-08-21 12:22:44,187 [INFO] Qual: EPOCH[33] -> PLCC: 0.910452, SROCC: 0.856197, KROCC: 0.678683, LOSS: 0.161122
2026-08-21 12:22:44,187 [INFO] Align: EPOCH[33] -> PLCC: 0.825581, SROCC: 0.683065, KROCC: 0.504277, LOSS: 0.314824
2026-08-21 12:22:44,188 [INFO] Start training
2026-08-21 12:22:44,523 [INFO] Start training epoch 34, 37 iters per inner epoch.
2026-08-21 12:23:03,803 [INFO] Averaged stats: lr: 0.000024  loss: 0.071201
2026-08-21 12:23:03,895 [INFO] gates: {"epoch": 34, "raw_quality_ratio": 2.7523, "quality_ratio": 0.1035, "lambda_q": 0.0376, "deviation_mean": 1.1527, "deviation_std": 0.1752, "patch_w_mean": 0.0282, "patch_w_std": 0.0452}
2026-08-21 12:23:03,895 [INFO] Evaluating on val.
Train: data epoch: [34]  [ 0/37]  eta: 0:00:44  lr: 0.000024  loss: 0.0785  time: 1.2128  data: 0.0001  max mem: 5159
Train: data epoch: [34]  [20/37]  eta: 0:00:09  lr: 0.000024  loss: 0.0807  time: 0.5206  data: 0.0000  max mem: 5159
Train: data epoch: [34]  [36/37]  eta: 0:00:00  lr: 0.000024  loss: 0.0632  time: 0.4919  data: 0.0000  max mem: 5159
Train: data epoch: [34] Total time: 0:00:19 (0.5211 s / it)
2026-08-21 12:23:10,037 [INFO] Qual: EPOCH[34] -> PLCC: 0.909932, SROCC: 0.855656, KROCC: 0.677826, LOSS: 0.163971
2026-08-21 12:23:10,037 [INFO] Align: EPOCH[34] -> PLCC: 0.825592, SROCC: 0.682180, KROCC: 0.503631, LOSS: 0.315831
2026-08-21 12:23:10,038 [INFO] Start training
2026-08-21 12:23:10,373 [INFO] Start training epoch 35, 37 iters per inner epoch.
2026-08-21 12:23:29,792 [INFO] Averaged stats: lr: 0.000021  loss: 0.068171
2026-08-21 12:23:29,891 [INFO] gates: {"epoch": 35, "raw_quality_ratio": 2.6461, "quality_ratio": 0.1002, "lambda_q": 0.0379, "deviation_mean": 1.1743, "deviation_std": 0.1666, "patch_w_mean": 0.0256, "patch_w_std": 0.0405}
2026-08-21 12:23:29,891 [INFO] Evaluating on val.
Train: data epoch: [35]  [ 0/37]  eta: 0:00:58  lr: 0.000021  loss: 0.0978  time: 1.5923  data: 0.0002  max mem: 5159
Train: data epoch: [35]  [20/37]  eta: 0:00:09  lr: 0.000021  loss: 0.0632  time: 0.5153  data: 0.0000  max mem: 5159
Train: data epoch: [35]  [36/37]  eta: 0:00:00  lr: 0.000021  loss: 0.0716  time: 0.4853  data: 0.0000  max mem: 5159
Train: data epoch: [35] Total time: 0:00:19 (0.5248 s / it)
2026-08-21 12:23:36,161 [INFO] Qual: EPOCH[35] -> PLCC: 0.909717, SROCC: 0.855565, KROCC: 0.677871, LOSS: 0.163556
2026-08-21 12:23:36,161 [INFO] Align: EPOCH[35] -> PLCC: 0.823946, SROCC: 0.681029, KROCC: 0.502161, LOSS: 0.319119
2026-08-21 12:23:36,190 [INFO] Saving checkpoint at epoch 35 to run/20260821120_B1_s5/checkpoint_latest.pth.
2026-08-21 12:23:36,281 [INFO] Start training
2026-08-21 12:23:36,670 [INFO] Start training epoch 36, 37 iters per inner epoch.
2026-08-21 12:23:56,376 [INFO] Averaged stats: lr: 0.000019  loss: 0.067923
2026-08-21 12:23:56,484 [INFO] gates: {"epoch": 36, "raw_quality_ratio": 2.7265, "quality_ratio": 0.1038, "lambda_q": 0.0381, "deviation_mean": 1.1705, "deviation_std": 0.1823, "patch_w_mean": 0.0269, "patch_w_std": 0.0446}
2026-08-21 12:23:56,484 [INFO] Evaluating on val.
Train: data epoch: [36]  [ 0/37]  eta: 0:00:45  lr: 0.000019  loss: 0.0725  time: 1.2425  data: 0.0002  max mem: 5159
Train: data epoch: [36]  [20/37]  eta: 0:00:09  lr: 0.000019  loss: 0.0658  time: 0.5175  data: 0.0000  max mem: 5159
Train: data epoch: [36]  [36/37]  eta: 0:00:00  lr: 0.000019  loss: 0.0567  time: 0.5142  data: 0.0000  max mem: 5159
Train: data epoch: [36] Total time: 0:00:19 (0.5326 s / it)
2026-08-21 12:24:03,453 [INFO] Qual: EPOCH[36] -> PLCC: 0.910085, SROCC: 0.855801, KROCC: 0.678327, LOSS: 0.162541
2026-08-21 12:24:03,454 [INFO] Align: EPOCH[36] -> PLCC: 0.824871, SROCC: 0.681040, KROCC: 0.502551, LOSS: 0.316457
2026-08-21 12:24:03,455 [INFO] Start training
2026-08-21 12:24:03,798 [INFO] Start training epoch 37, 37 iters per inner epoch.
2026-08-21 12:24:23,110 [INFO] Averaged stats: lr: 0.000017  loss: 0.067147
2026-08-21 12:24:23,215 [INFO] gates: {"epoch": 37, "raw_quality_ratio": 2.7615, "quality_ratio": 0.1058, "lambda_q": 0.0383, "deviation_mean": 1.1842, "deviation_std": 0.1594, "patch_w_mean": 0.0251, "patch_w_std": 0.0419}
2026-08-21 12:24:23,216 [INFO] Evaluating on val.
Train: data epoch: [37]  [ 0/37]  eta: 0:00:45  lr: 0.000017  loss: 0.0732  time: 1.2379  data: 0.0001  max mem: 5159
Train: data epoch: [37]  [20/37]  eta: 0:00:08  lr: 0.000017  loss: 0.0764  time: 0.4861  data: 0.0000  max mem: 5159
Train: data epoch: [37]  [36/37]  eta: 0:00:00  lr: 0.000017  loss: 0.0576  time: 0.5083  data: 0.0000  max mem: 5159
Train: data epoch: [37] Total time: 0:00:19 (0.5219 s / it)
2026-08-21 12:24:29,252 [INFO] Qual: EPOCH[37] -> PLCC: 0.909849, SROCC: 0.856428, KROCC: 0.678917, LOSS: 0.165333
2026-08-21 12:24:29,252 [INFO] Align: EPOCH[37] -> PLCC: 0.823886, SROCC: 0.680360, KROCC: 0.501671, LOSS: 0.319608
2026-08-21 12:24:29,253 [INFO] Start training
2026-08-21 12:24:29,583 [INFO] Start training epoch 38, 37 iters per inner epoch.
2026-08-21 12:24:48,332 [INFO] Averaged stats: lr: 0.000014  loss: 0.066718
2026-08-21 12:24:48,453 [INFO] gates: {"epoch": 38, "raw_quality_ratio": 2.7323, "quality_ratio": 0.1051, "lambda_q": 0.0385, "deviation_mean": 1.1932, "deviation_std": 0.1709, "patch_w_mean": 0.0241, "patch_w_std": 0.0423}
2026-08-21 12:24:48,453 [INFO] Evaluating on val.
Train: data epoch: [38]  [ 0/37]  eta: 0:00:46  lr: 0.000014  loss: 0.0498  time: 1.2637  data: 0.0001  max mem: 5159
Train: data epoch: [38]  [20/37]  eta: 0:00:08  lr: 0.000014  loss: 0.0570  time: 0.4730  data: 0.0000  max mem: 5159
Train: data epoch: [38]  [36/37]  eta: 0:00:00  lr: 0.000014  loss: 0.0709  time: 0.5092  data: 0.0000  max mem: 5159
Train: data epoch: [38] Total time: 0:00:18 (0.5067 s / it)
2026-08-21 12:24:55,107 [INFO] Qual: EPOCH[38] -> PLCC: 0.909789, SROCC: 0.855454, KROCC: 0.678071, LOSS: 0.162713
2026-08-21 12:24:55,107 [INFO] Align: EPOCH[38] -> PLCC: 0.823511, SROCC: 0.679711, KROCC: 0.501059, LOSS: 0.318797
2026-08-21 12:24:55,108 [INFO] Start training
2026-08-21 12:24:55,444 [INFO] Start training epoch 39, 37 iters per inner epoch.
2026-08-21 12:25:14,759 [INFO] Averaged stats: lr: 0.000012  loss: 0.064959
2026-08-21 12:25:14,880 [INFO] gates: {"epoch": 39, "raw_quality_ratio": 2.6931, "quality_ratio": 0.104, "lambda_q": 0.0386, "deviation_mean": 1.1614, "deviation_std": 0.1822, "patch_w_mean": 0.0245, "patch_w_std": 0.0419}
2026-08-21 12:25:14,881 [INFO] Evaluating on val.
Train: data epoch: [39]  [ 0/37]  eta: 0:00:57  lr: 0.000012  loss: 0.0613  time: 1.5430  data: 0.0001  max mem: 5159
Train: data epoch: [39]  [20/37]  eta: 0:00:09  lr: 0.000012  loss: 0.0704  time: 0.4855  data: 0.0000  max mem: 5159
Train: data epoch: [39]  [36/37]  eta: 0:00:00  lr: 0.000012  loss: 0.0688  time: 0.5012  data: 0.0000  max mem: 5159
Train: data epoch: [39] Total time: 0:00:19 (0.5220 s / it)
2026-08-21 12:25:21,417 [INFO] Qual: EPOCH[39] -> PLCC: 0.909663, SROCC: 0.855102, KROCC: 0.677559, LOSS: 0.162490
2026-08-21 12:25:21,417 [INFO] Align: EPOCH[39] -> PLCC: 0.822808, SROCC: 0.679002, KROCC: 0.500302, LOSS: 0.320022
2026-08-21 12:25:21,417 [INFO] Start training
2026-08-21 12:25:21,702 [INFO] Start training epoch 40, 37 iters per inner epoch.
2026-08-21 12:25:40,423 [INFO] Averaged stats: lr: 0.000010  loss: 0.064748
2026-08-21 12:25:40,515 [INFO] gates: {"epoch": 40, "raw_quality_ratio": 2.7656, "quality_ratio": 0.1071, "lambda_q": 0.0387, "deviation_mean": 1.1704, "deviation_std": 0.172, "patch_w_mean": 0.021, "patch_w_std": 0.0357}
2026-08-21 12:25:40,516 [INFO] Evaluating on val.
Train: data epoch: [40]  [ 0/37]  eta: 0:00:46  lr: 0.000010  loss: 0.0540  time: 1.2622  data: 0.0001  max mem: 5159
Train: data epoch: [40]  [20/37]  eta: 0:00:08  lr: 0.000010  loss: 0.0624  time: 0.4750  data: 0.0000  max mem: 5159
Train: data epoch: [40]  [36/37]  eta: 0:00:00  lr: 0.000010  loss: 0.0768  time: 0.4837  data: 0.0000  max mem: 5159
Train: data epoch: [40] Total time: 0:00:18 (0.5059 s / it)
2026-08-21 12:25:47,115 [INFO] Qual: EPOCH[40] -> PLCC: 0.909509, SROCC: 0.855211, KROCC: 0.677626, LOSS: 0.162989
2026-08-21 12:25:47,115 [INFO] Align: EPOCH[40] -> PLCC: 0.822552, SROCC: 0.678262, KROCC: 0.499601, LOSS: 0.320679
2026-08-21 12:25:47,143 [INFO] Saving checkpoint at epoch 40 to run/20260821120_B1_s5/checkpoint_latest.pth.
2026-08-21 12:25:47,203 [INFO] Start training
2026-08-21 12:25:47,533 [INFO] Start training epoch 41, 37 iters per inner epoch.
2026-08-21 12:26:04,448 [INFO] Averaged stats: lr: 0.000009  loss: 0.064080
2026-08-21 12:26:04,548 [INFO] gates: {"epoch": 41, "raw_quality_ratio": 2.8521, "quality_ratio": 0.1108, "lambda_q": 0.0389, "deviation_mean": 1.1676, "deviation_std": 0.1811, "patch_w_mean": 0.0208, "patch_w_std": 0.0375}
2026-08-21 12:26:04,549 [INFO] Evaluating on val.
Train: data epoch: [41]  [ 0/37]  eta: 0:00:49  lr: 0.000009  loss: 0.0656  time: 1.3364  data: 0.0001  max mem: 5159
Train: data epoch: [41]  [20/37]  eta: 0:00:08  lr: 0.000009  loss: 0.0697  time: 0.4575  data: 0.0000  max mem: 5159
Train: data epoch: [41]  [36/37]  eta: 0:00:00  lr: 0.000009  loss: 0.0633  time: 0.4351  data: 0.0000  max mem: 5159
Train: data epoch: [41] Total time: 0:00:16 (0.4571 s / it)
2026-08-21 12:26:11,165 [INFO] Qual: EPOCH[41] -> PLCC: 0.909620, SROCC: 0.855499, KROCC: 0.678093, LOSS: 0.163037
2026-08-21 12:26:11,165 [INFO] Align: EPOCH[41] -> PLCC: 0.822231, SROCC: 0.678425, KROCC: 0.499667, LOSS: 0.321987
2026-08-21 12:26:11,166 [INFO] Start training
2026-08-21 12:26:11,488 [INFO] Start training epoch 42, 37 iters per inner epoch.
2026-08-21 12:26:30,236 [INFO] Averaged stats: lr: 0.000007  loss: 0.062895
2026-08-21 12:26:30,468 [INFO] gates: {"epoch": 42, "raw_quality_ratio": 2.7705, "quality_ratio": 0.1079, "lambda_q": 0.0389, "deviation_mean": 1.184, "deviation_std": 0.1695, "patch_w_mean": 0.02, "patch_w_std": 0.0328}
2026-08-21 12:26:30,468 [INFO] Evaluating on val.
Train: data epoch: [42]  [ 0/37]  eta: 0:00:48  lr: 0.000007  loss: 0.0760  time: 1.3211  data: 0.0001  max mem: 5159
Train: data epoch: [42]  [20/37]  eta: 0:00:09  lr: 0.000007  loss: 0.0530  time: 0.5041  data: 0.0000  max mem: 5159
Train: data epoch: [42]  [36/37]  eta: 0:00:00  lr: 0.000007  loss: 0.0680  time: 0.4443  data: 0.0000  max mem: 5159
Train: data epoch: [42] Total time: 0:00:18 (0.5067 s / it)
2026-08-21 12:26:37,932 [INFO] Qual: EPOCH[42] -> PLCC: 0.909636, SROCC: 0.855692, KROCC: 0.678093, LOSS: 0.162986
2026-08-21 12:26:37,932 [INFO] Align: EPOCH[42] -> PLCC: 0.822011, SROCC: 0.677672, KROCC: 0.498899, LOSS: 0.322333
2026-08-21 12:26:37,933 [INFO] Start training
2026-08-21 12:26:38,219 [INFO] Start training epoch 43, 37 iters per inner epoch.
2026-08-21 12:26:57,272 [INFO] Averaged stats: lr: 0.000006  loss: 0.063731
2026-08-21 12:26:57,370 [INFO] gates: {"epoch": 43, "raw_quality_ratio": 2.8623, "quality_ratio": 0.1117, "lambda_q": 0.039, "deviation_mean": 1.1701, "deviation_std": 0.165, "patch_w_mean": 0.0207, "patch_w_std": 0.0369}
2026-08-21 12:26:57,370 [INFO] Evaluating on val.
Train: data epoch: [43]  [ 0/37]  eta: 0:00:45  lr: 0.000006  loss: 0.0578  time: 1.2290  data: 0.0001  max mem: 5159
Train: data epoch: [43]  [20/37]  eta: 0:00:09  lr: 0.000006  loss: 0.0477  time: 0.5059  data: 0.0000  max mem: 5159
Train: data epoch: [43]  [36/37]  eta: 0:00:00  lr: 0.000006  loss: 0.0786  time: 0.4694  data: 0.0000  max mem: 5159
Train: data epoch: [43] Total time: 0:00:19 (0.5149 s / it)
2026-08-21 12:27:03,304 [INFO] Qual: EPOCH[43] -> PLCC: 0.909533, SROCC: 0.855661, KROCC: 0.678238, LOSS: 0.163958
2026-08-21 12:27:03,305 [INFO] Align: EPOCH[43] -> PLCC: 0.822194, SROCC: 0.677416, KROCC: 0.498654, LOSS: 0.321475
2026-08-21 12:27:03,306 [INFO] Start training
2026-08-21 12:27:03,628 [INFO] Start training epoch 44, 37 iters per inner epoch.
2026-08-21 12:27:22,336 [INFO] Averaged stats: lr: 0.000004  loss: 0.062401
2026-08-21 12:27:22,479 [INFO] gates: {"epoch": 44, "raw_quality_ratio": 2.7467, "quality_ratio": 0.1074, "lambda_q": 0.0391, "deviation_mean": 1.1677, "deviation_std": 0.1717, "patch_w_mean": 0.0208, "patch_w_std": 0.0379}
2026-08-21 12:27:22,479 [INFO] Evaluating on val.
Train: data epoch: [44]  [ 0/37]  eta: 0:00:50  lr: 0.000004  loss: 0.0702  time: 1.3736  data: 0.0002  max mem: 5159
Train: data epoch: [44]  [20/37]  eta: 0:00:09  lr: 0.000004  loss: 0.0624  time: 0.5195  data: 0.0000  max mem: 5159
Train: data epoch: [44]  [36/37]  eta: 0:00:00  lr: 0.000004  loss: 0.0637  time: 0.4395  data: 0.0000  max mem: 5159
Train: data epoch: [44] Total time: 0:00:18 (0.5056 s / it)
2026-08-21 12:27:29,143 [INFO] Qual: EPOCH[44] -> PLCC: 0.909524, SROCC: 0.855667, KROCC: 0.678182, LOSS: 0.163597
2026-08-21 12:27:29,144 [INFO] Align: EPOCH[44] -> PLCC: 0.822117, SROCC: 0.677137, KROCC: 0.498298, LOSS: 0.322053
2026-08-21 12:27:29,145 [INFO] Start training
2026-08-21 12:27:29,540 [INFO] Start training epoch 45, 37 iters per inner epoch.
2026-08-21 12:27:49,557 [INFO] Averaged stats: lr: 0.000003  loss: 0.062926
2026-08-21 12:27:49,692 [INFO] gates: {"epoch": 45, "raw_quality_ratio": 2.8769, "quality_ratio": 0.1126, "lambda_q": 0.0391, "deviation_mean": 1.162, "deviation_std": 0.1772, "patch_w_mean": 0.0205, "patch_w_std": 0.0373}
2026-08-21 12:27:49,692 [INFO] Evaluating on val.
Train: data epoch: [45]  [ 0/37]  eta: 0:00:57  lr: 0.000003  loss: 0.0655  time: 1.5611  data: 0.0001  max mem: 5159
Train: data epoch: [45]  [20/37]  eta: 0:00:09  lr: 0.000003  loss: 0.0667  time: 0.5305  data: 0.0000  max mem: 5159
Train: data epoch: [45]  [36/37]  eta: 0:00:00  lr: 0.000003  loss: 0.0564  time: 0.4983  data: 0.0000  max mem: 5159
Train: data epoch: [45] Total time: 0:00:20 (0.5410 s / it)
2026-08-21 12:27:57,017 [INFO] Qual: EPOCH[45] -> PLCC: 0.909538, SROCC: 0.855740, KROCC: 0.678316, LOSS: 0.163925
2026-08-21 12:27:57,017 [INFO] Align: EPOCH[45] -> PLCC: 0.821760, SROCC: 0.677096, KROCC: 0.498331, LOSS: 0.322588
2026-08-21 12:27:57,035 [INFO] Saving checkpoint at epoch 45 to run/20260821120_B1_s5/checkpoint_latest.pth.
2026-08-21 12:27:57,095 [INFO] Start training
2026-08-21 12:27:57,423 [INFO] Start training epoch 46, 37 iters per inner epoch.
2026-08-21 12:28:16,809 [INFO] Averaged stats: lr: 0.000003  loss: 0.062656
2026-08-21 12:28:16,916 [INFO] gates: {"epoch": 46, "raw_quality_ratio": 2.8267, "quality_ratio": 0.1107, "lambda_q": 0.0392, "deviation_mean": 1.1829, "deviation_std": 0.1755, "patch_w_mean": 0.021, "patch_w_std": 0.0371}
2026-08-21 12:28:16,916 [INFO] Evaluating on val.
Train: data epoch: [46]  [ 0/37]  eta: 0:00:44  lr: 0.000003  loss: 0.0725  time: 1.2127  data: 0.0001  max mem: 5159
Train: data epoch: [46]  [20/37]  eta: 0:00:08  lr: 0.000003  loss: 0.0627  time: 0.4944  data: 0.0000  max mem: 5159
Train: data epoch: [46]  [36/37]  eta: 0:00:00  lr: 0.000003  loss: 0.0667  time: 0.5081  data: 0.0000  max mem: 5159
Train: data epoch: [46] Total time: 0:00:19 (0.5239 s / it)
2026-08-21 12:28:23,116 [INFO] Qual: EPOCH[46] -> PLCC: 0.909493, SROCC: 0.855709, KROCC: 0.678116, LOSS: 0.164067
2026-08-21 12:28:23,116 [INFO] Align: EPOCH[46] -> PLCC: 0.821472, SROCC: 0.676986, KROCC: 0.498376, LOSS: 0.323604
2026-08-21 12:28:23,117 [INFO] Start training
2026-08-21 12:28:23,405 [INFO] Start training epoch 47, 37 iters per inner epoch.
2026-08-21 12:28:42,398 [INFO] Averaged stats: lr: 0.000002  loss: 0.062477
2026-08-21 12:28:42,492 [INFO] gates: {"epoch": 47, "raw_quality_ratio": 2.7488, "quality_ratio": 0.1077, "lambda_q": 0.0392, "deviation_mean": 1.173, "deviation_std": 0.1744, "patch_w_mean": 0.0206, "patch_w_std": 0.0353}
2026-08-21 12:28:42,493 [INFO] Evaluating on val.
Train: data epoch: [47]  [ 0/37]  eta: 0:00:45  lr: 0.000002  loss: 0.0413  time: 1.2237  data: 0.0001  max mem: 5159
Train: data epoch: [47]  [20/37]  eta: 0:00:08  lr: 0.000002  loss: 0.0710  time: 0.4860  data: 0.0000  max mem: 5159
Train: data epoch: [47]  [36/37]  eta: 0:00:00  lr: 0.000002  loss: 0.0503  time: 0.4906  data: 0.0000  max mem: 5159
Train: data epoch: [47] Total time: 0:00:18 (0.5133 s / it)
2026-08-21 12:28:49,179 [INFO] Qual: EPOCH[47] -> PLCC: 0.909423, SROCC: 0.855500, KROCC: 0.677971, LOSS: 0.164284
2026-08-21 12:28:49,179 [INFO] Align: EPOCH[47] -> PLCC: 0.821626, SROCC: 0.676724, KROCC: 0.498086, LOSS: 0.323027
2026-08-21 12:28:49,180 [INFO] Start training
2026-08-21 12:28:49,504 [INFO] Start training epoch 48, 37 iters per inner epoch.
2026-08-21 12:29:09,064 [INFO] Averaged stats: lr: 0.000001  loss: 0.060824
2026-08-21 12:29:09,158 [INFO] gates: {"epoch": 48, "raw_quality_ratio": 2.7407, "quality_ratio": 0.1075, "lambda_q": 0.0392, "deviation_mean": 1.1725, "deviation_std": 0.1612, "patch_w_mean": 0.0208, "patch_w_std": 0.0366}
2026-08-21 12:29:09,158 [INFO] Evaluating on val.
Train: data epoch: [48]  [ 0/37]  eta: 0:00:54  lr: 0.000001  loss: 0.0715  time: 1.4759  data: 0.0001  max mem: 5159
Train: data epoch: [48]  [20/37]  eta: 0:00:09  lr: 0.000001  loss: 0.0500  time: 0.4936  data: 0.0000  max mem: 5159
Train: data epoch: [48]  [36/37]  eta: 0:00:00  lr: 0.000001  loss: 0.0568  time: 0.5140  data: 0.0000  max mem: 5159
Train: data epoch: [48] Total time: 0:00:19 (0.5286 s / it)
2026-08-21 12:29:15,725 [INFO] Qual: EPOCH[48] -> PLCC: 0.909374, SROCC: 0.855562, KROCC: 0.677993, LOSS: 0.164532
2026-08-21 12:29:15,726 [INFO] Align: EPOCH[48] -> PLCC: 0.821520, SROCC: 0.677052, KROCC: 0.498487, LOSS: 0.323165
2026-08-21 12:29:15,727 [INFO] Start training
2026-08-21 12:29:16,050 [INFO] Start training epoch 49, 37 iters per inner epoch.
2026-08-21 12:29:33,438 [INFO] Averaged stats: lr: 0.000001  loss: 0.062027
2026-08-21 12:29:33,590 [INFO] gates: {"epoch": 49, "raw_quality_ratio": 2.7134, "quality_ratio": 0.1064, "lambda_q": 0.0392, "deviation_mean": 1.1719, "deviation_std": 0.1646, "patch_w_mean": 0.0217, "patch_w_std": 0.0398}
2026-08-21 12:29:33,591 [INFO] Evaluating on val.
Train: data epoch: [49]  [ 0/37]  eta: 0:00:46  lr: 0.000001  loss: 0.0551  time: 1.2550  data: 0.0001  max mem: 5159
Train: data epoch: [49]  [20/37]  eta: 0:00:08  lr: 0.000001  loss: 0.0521  time: 0.4464  data: 0.0000  max mem: 5159
Train: data epoch: [49]  [36/37]  eta: 0:00:00  lr: 0.000001  loss: 0.0685  time: 0.4021  data: 0.0000  max mem: 5159
Train: data epoch: [49] Total time: 0:00:17 (0.4699 s / it)
2026-08-21 12:29:41,170 [INFO] Qual: EPOCH[49] -> PLCC: 0.909342, SROCC: 0.855511, KROCC: 0.677971, LOSS: 0.164602
2026-08-21 12:29:41,170 [INFO] Align: EPOCH[49] -> PLCC: 0.821479, SROCC: 0.677057, KROCC: 0.498398, LOSS: 0.323052
2026-08-21 12:29:41,189 [INFO] Saving checkpoint at epoch 49 to run/20260821120_B1_s5/checkpoint_latest.pth.
[{'agg_metrics': np.float64(4.494185955707057), 'qual_agg': np.float64(2.446733427844272), 'qual_PLCC': np.float64(0.9112064042020592), 'qual_SROCC': np.float64(0.8570996942405115), 'qual_KROCC': np.float64(0.6784273294017016), 'align_agg': np.float64(2.0474525278627853), 'align_PLCC': np.float64(0.8352521796304153), 'align_SROCC': np.float64(0.6963005983746852), 'align_KROCC': np.float64(0.5158997498576848)}]
{'agg_metrics': np.float64(4.494185955707057), 'qual_agg': np.float64(2.446733427844272), 'qual_PLCC': np.float64(0.9112064042020592), 'qual_SROCC': np.float64(0.8570996942405115), 'qual_KROCC': np.float64(0.6784273294017016), 'align_agg': np.float64(2.0474525278627853), 'align_PLCC': np.float64(0.8352521796304153), 'align_SROCC': np.float64(0.6963005983746852), 'align_KROCC': np.float64(0.5158997498576848)}
