2026-08-21 21:53:57,064 [INFO] Loaded init weights from init_ckpt/v17_init_seed42.pth
2026-08-21 21:53:57,064 [INFO] Start training
2026-08-21 21:53:57,082 [INFO] number of trainable parameters: 2886534
Not using distributed mode
['msqr_dgmpq_daps_v16', 'msqr_dgmpq_hcmi_v8', 'msqr_dgmpq_mscm_v10', 'msqr_dgmpq_mscm_v11', 'msqr_dgmpq_mscm_v12', 'msqr_dgmpq_msrc_v14', 'msqr_dgmpq_ptlc_v15', 'msqr_dgmpq_qard_v17', 'msqr_dgmpq_tcap_v9']
2026-08-21 21:53:59,661 [INFO] Start training epoch 0, 37 iters per inner epoch.
2026-08-21 21:54:24,294 [INFO] Averaged stats: lr: 0.000036  loss: 6.689326
2026-08-21 21:54:24,372 [INFO] gates: {"epoch": 0, "raw_quality_ratio": 6.1552, "quality_ratio": 0.0708, "lambda_q": 0.0116, "deviation_mean": 1.073, "deviation_std": 0.0602, "patch_w_mean": 0.5195, "patch_w_std": 0.0111}
2026-08-21 21:54:24,372 [INFO] Evaluating on val.
Train: data epoch: [0]  [ 0/37]  eta: 0:03:34  lr: 0.000000  loss: 7.1202  time: 5.7847  data: 0.0001  max mem: 5163
Train: data epoch: [0]  [20/37]  eta: 0:00:13  lr: 0.000040  loss: 6.5841  time: 0.5262  data: 0.0000  max mem: 5179
Train: data epoch: [0]  [36/37]  eta: 0:00:00  lr: 0.000072  loss: 5.2632  time: 0.5198  data: 0.0000  max mem: 5179
Train: data epoch: [0] Total time: 0:00:24 (0.6657 s / it)
2026-08-21 21:54:31,344 [INFO] Qual: EPOCH[0] -> PLCC: -0.185240, SROCC: -0.171292, KROCC: -0.113816, LOSS: 5.808932
2026-08-21 21:54:31,344 [INFO] Align: EPOCH[0] -> PLCC: -0.114836, SROCC: -0.084604, KROCC: -0.055940, LOSS: 5.233585
2026-08-21 21:54:31,358 [INFO] Saving checkpoint at epoch 0 to run/20260821215_B1_V17_s6/checkpoint_best.pth.
2026-08-21 21:54:31,425 [INFO] Saving checkpoint at epoch 0 to run/20260821215_B1_V17_s6/checkpoint_best_joint.pth.
2026-08-21 21:54:31,479 [INFO] Start training
2026-08-21 21:54:31,823 [INFO] Start training epoch 1, 37 iters per inner epoch.
2026-08-21 21:54:52,080 [INFO] Averaged stats: lr: 0.000100  loss: 2.551071
2026-08-21 21:54:52,219 [INFO] gates: {"epoch": 1, "raw_quality_ratio": 2.8617, "quality_ratio": 0.0456, "lambda_q": 0.0159, "deviation_mean": 1.1405, "deviation_std": 0.063, "patch_w_mean": 0.5458, "patch_w_std": 0.027}
2026-08-21 21:54:52,219 [INFO] Evaluating on val.
Train: data epoch: [1]  [ 0/37]  eta: 0:01:04  lr: 0.000100  loss: 5.2041  time: 1.7338  data: 0.0001  max mem: 5179
Train: data epoch: [1]  [20/37]  eta: 0:00:09  lr: 0.000100  loss: 1.8688  time: 0.5079  data: 0.0000  max mem: 5179
Train: data epoch: [1]  [36/37]  eta: 0:00:00  lr: 0.000100  loss: 1.2069  time: 0.5251  data: 0.0000  max mem: 5179
Train: data epoch: [1] Total time: 0:00:20 (0.5475 s / it)
2026-08-21 21:54:58,405 [INFO] Qual: EPOCH[1] -> PLCC: 0.395801, SROCC: 0.390988, KROCC: 0.268566, LOSS: 0.985219
2026-08-21 21:54:58,406 [INFO] Align: EPOCH[1] -> PLCC: 0.402883, SROCC: 0.404919, KROCC: 0.277463, LOSS: 0.953331
2026-08-21 21:54:58,459 [INFO] Saving checkpoint at epoch 1 to run/20260821215_B1_V17_s6/checkpoint_best.pth.
2026-08-21 21:54:58,566 [INFO] Saving checkpoint at epoch 1 to run/20260821215_B1_V17_s6/checkpoint_best_joint.pth.
2026-08-21 21:54:58,664 [INFO] Start training
2026-08-21 21:54:59,097 [INFO] Start training epoch 2, 37 iters per inner epoch.
2026-08-21 21:55:20,714 [INFO] Averaged stats: lr: 0.000100  loss: 0.682000
2026-08-21 21:55:20,810 [INFO] gates: {"epoch": 2, "raw_quality_ratio": 3.1515, "quality_ratio": 0.0502, "lambda_q": 0.0159, "deviation_mean": 1.1852, "deviation_std": 0.0639, "patch_w_mean": 0.5079, "patch_w_std": 0.0274}
2026-08-21 21:55:20,810 [INFO] Evaluating on val.
Train: data epoch: [2]  [ 0/37]  eta: 0:01:34  lr: 0.000100  loss: 1.0434  time: 2.5616  data: 0.0001  max mem: 5179
Train: data epoch: [2]  [20/37]  eta: 0:00:10  lr: 0.000100  loss: 0.5743  time: 0.5401  data: 0.0000  max mem: 5179
Train: data epoch: [2]  [36/37]  eta: 0:00:00  lr: 0.000100  loss: 0.6188  time: 0.5198  data: 0.0000  max mem: 5179
Train: data epoch: [2] Total time: 0:00:21 (0.5842 s / it)
2026-08-21 21:55:25,380 [INFO] Qual: EPOCH[2] -> PLCC: 0.784970, SROCC: 0.720897, KROCC: 0.535693, LOSS: 0.432867
2026-08-21 21:55:25,381 [INFO] Align: EPOCH[2] -> PLCC: 0.701997, SROCC: 0.612576, KROCC: 0.433460, LOSS: 0.534921
2026-08-21 21:55:25,395 [INFO] Saving checkpoint at epoch 2 to run/20260821215_B1_V17_s6/checkpoint_best.pth.
2026-08-21 21:55:25,482 [INFO] Saving checkpoint at epoch 2 to run/20260821215_B1_V17_s6/checkpoint_best_joint.pth.
2026-08-21 21:55:25,541 [INFO] Start training
2026-08-21 21:55:25,831 [INFO] Start training epoch 3, 37 iters per inner epoch.
2026-08-21 21:55:45,432 [INFO] Averaged stats: lr: 0.000099  loss: 0.365159
2026-08-21 21:55:45,531 [INFO] gates: {"epoch": 3, "raw_quality_ratio": 3.1808, "quality_ratio": 0.0524, "lambda_q": 0.0165, "deviation_mean": 1.3058, "deviation_std": 0.1158, "patch_w_mean": 0.4703, "patch_w_std": 0.0362}
2026-08-21 21:55:45,531 [INFO] Evaluating on val.
Train: data epoch: [3]  [ 0/37]  eta: 0:00:52  lr: 0.000099  loss: 0.4244  time: 1.4259  data: 0.0001  max mem: 5179
Train: data epoch: [3]  [20/37]  eta: 0:00:09  lr: 0.000099  loss: 0.2870  time: 0.5024  data: 0.0000  max mem: 5179
Train: data epoch: [3]  [36/37]  eta: 0:00:00  lr: 0.000099  loss: 0.3045  time: 0.5148  data: 0.0000  max mem: 5179
Train: data epoch: [3] Total time: 0:00:19 (0.5298 s / it)
2026-08-21 21:55:50,793 [INFO] Qual: EPOCH[3] -> PLCC: 0.870591, SROCC: 0.804876, KROCC: 0.619754, LOSS: 0.236925
2026-08-21 21:55:50,793 [INFO] Align: EPOCH[3] -> PLCC: 0.784402, SROCC: 0.663265, KROCC: 0.480600, LOSS: 0.377811
2026-08-21 21:55:50,820 [INFO] Saving checkpoint at epoch 3 to run/20260821215_B1_V17_s6/checkpoint_best.pth.
2026-08-21 21:55:50,928 [INFO] Saving checkpoint at epoch 3 to run/20260821215_B1_V17_s6/checkpoint_best_joint.pth.
2026-08-21 21:55:51,005 [INFO] Start training
2026-08-21 21:55:51,314 [INFO] Start training epoch 4, 37 iters per inner epoch.
2026-08-21 21:56:10,775 [INFO] Averaged stats: lr: 0.000098  loss: 0.263278
2026-08-21 21:56:10,894 [INFO] gates: {"epoch": 4, "raw_quality_ratio": 3.0198, "quality_ratio": 0.0512, "lambda_q": 0.017, "deviation_mean": 1.3756, "deviation_std": 0.0945, "patch_w_mean": 0.4449, "patch_w_std": 0.0424}
2026-08-21 21:56:10,894 [INFO] Evaluating on val.
Train: data epoch: [4]  [ 0/37]  eta: 0:00:43  lr: 0.000098  loss: 0.3660  time: 1.1716  data: 0.0001  max mem: 5179
Train: data epoch: [4]  [20/37]  eta: 0:00:09  lr: 0.000098  loss: 0.2298  time: 0.5085  data: 0.0000  max mem: 5179
Train: data epoch: [4]  [36/37]  eta: 0:00:00  lr: 0.000098  loss: 0.2275  time: 0.5112  data: 0.0000  max mem: 5179
Train: data epoch: [4] Total time: 0:00:19 (0.5260 s / it)
2026-08-21 21:56:16,774 [INFO] Qual: EPOCH[4] -> PLCC: 0.891919, SROCC: 0.839109, KROCC: 0.655099, LOSS: 0.201114
2026-08-21 21:56:16,774 [INFO] Align: EPOCH[4] -> PLCC: 0.811686, SROCC: 0.688694, KROCC: 0.504182, LOSS: 0.332494
2026-08-21 21:56:16,788 [INFO] Saving checkpoint at epoch 4 to run/20260821215_B1_V17_s6/checkpoint_best.pth.
2026-08-21 21:56:16,869 [INFO] Saving checkpoint at epoch 4 to run/20260821215_B1_V17_s6/checkpoint_best_joint.pth.
2026-08-21 21:56:16,942 [INFO] Start training
2026-08-21 21:56:17,272 [INFO] Start training epoch 5, 37 iters per inner epoch.
2026-08-21 21:56:36,500 [INFO] Averaged stats: lr: 0.000098  loss: 0.235871
2026-08-21 21:56:36,603 [INFO] gates: {"epoch": 5, "raw_quality_ratio": 3.0094, "quality_ratio": 0.0523, "lambda_q": 0.0174, "deviation_mean": 1.3755, "deviation_std": 0.1228, "patch_w_mean": 0.4165, "patch_w_std": 0.0659}
2026-08-21 21:56:36,604 [INFO] Evaluating on val.
Train: data epoch: [5]  [ 0/37]  eta: 0:00:40  lr: 0.000098  loss: 0.2516  time: 1.0867  data: 0.0001  max mem: 5179
Train: data epoch: [5]  [20/37]  eta: 0:00:09  lr: 0.000098  loss: 0.2156  time: 0.5040  data: 0.0000  max mem: 5179
Train: data epoch: [5]  [36/37]  eta: 0:00:00  lr: 0.000098  loss: 0.2266  time: 0.5087  data: 0.0000  max mem: 5179
Train: data epoch: [5] Total time: 0:00:19 (0.5197 s / it)
2026-08-21 21:56:42,621 [INFO] Qual: EPOCH[5] -> PLCC: 0.900966, SROCC: 0.852297, KROCC: 0.670179, LOSS: 0.190845
2026-08-21 21:56:42,622 [INFO] Align: EPOCH[5] -> PLCC: 0.825898, SROCC: 0.703786, KROCC: 0.518902, LOSS: 0.310603
2026-08-21 21:56:42,635 [INFO] Saving checkpoint at epoch 5 to run/20260821215_B1_V17_s6/checkpoint_best.pth.
2026-08-21 21:56:42,719 [INFO] Saving checkpoint at epoch 5 to run/20260821215_B1_V17_s6/checkpoint_best_joint.pth.
2026-08-21 21:56:42,788 [INFO] Start training
2026-08-21 21:56:43,076 [INFO] Start training epoch 6, 37 iters per inner epoch.
2026-08-21 21:57:02,430 [INFO] Averaged stats: lr: 0.000097  loss: 0.219621
2026-08-21 21:57:02,527 [INFO] gates: {"epoch": 6, "raw_quality_ratio": 2.9652, "quality_ratio": 0.0529, "lambda_q": 0.0178, "deviation_mean": 1.3791, "deviation_std": 0.1369, "patch_w_mean": 0.3972, "patch_w_std": 0.0836}
2026-08-21 21:57:02,528 [INFO] Evaluating on val.
Train: data epoch: [6]  [ 0/37]  eta: 0:00:50  lr: 0.000097  loss: 0.2250  time: 1.3713  data: 0.0001  max mem: 5179
Train: data epoch: [6]  [20/37]  eta: 0:00:09  lr: 0.000097  loss: 0.2867  time: 0.4876  data: 0.0000  max mem: 5179
Train: data epoch: [6]  [36/37]  eta: 0:00:00  lr: 0.000097  loss: 0.2963  time: 0.4929  data: 0.0000  max mem: 5179
Train: data epoch: [6] Total time: 0:00:19 (0.5231 s / it)
2026-08-21 21:57:08,541 [INFO] Qual: EPOCH[6] -> PLCC: 0.907027, SROCC: 0.861701, KROCC: 0.681177, LOSS: 0.174726
2026-08-21 21:57:08,542 [INFO] Align: EPOCH[6] -> PLCC: 0.834443, SROCC: 0.715472, KROCC: 0.529428, LOSS: 0.296098
2026-08-21 21:57:08,558 [INFO] Saving checkpoint at epoch 6 to run/20260821215_B1_V17_s6/checkpoint_best.pth.
2026-08-21 21:57:08,672 [INFO] Saving checkpoint at epoch 6 to run/20260821215_B1_V17_s6/checkpoint_best_joint.pth.
2026-08-21 21:57:08,769 [INFO] Start training
2026-08-21 21:57:09,070 [INFO] Start training epoch 7, 37 iters per inner epoch.
2026-08-21 21:57:28,365 [INFO] Averaged stats: lr: 0.000095  loss: 0.205354
2026-08-21 21:57:28,472 [INFO] gates: {"epoch": 7, "raw_quality_ratio": 2.8855, "quality_ratio": 0.0529, "lambda_q": 0.0183, "deviation_mean": 1.364, "deviation_std": 0.1486, "patch_w_mean": 0.3829, "patch_w_std": 0.096}
2026-08-21 21:57:28,473 [INFO] Evaluating on val.
Train: data epoch: [7]  [ 0/37]  eta: 0:00:46  lr: 0.000095  loss: 0.1993  time: 1.2700  data: 0.0001  max mem: 5179
Train: data epoch: [7]  [20/37]  eta: 0:00:09  lr: 0.000095  loss: 0.1857  time: 0.5032  data: 0.0000  max mem: 5179
Train: data epoch: [7]  [36/37]  eta: 0:00:00  lr: 0.000095  loss: 0.1846  time: 0.4903  data: 0.0000  max mem: 5179
Train: data epoch: [7] Total time: 0:00:19 (0.5215 s / it)
2026-08-21 21:57:34,430 [INFO] Qual: EPOCH[7] -> PLCC: 0.911338, SROCC: 0.869341, KROCC: 0.690151, LOSS: 0.166536
2026-08-21 21:57:34,430 [INFO] Align: EPOCH[7] -> PLCC: 0.840321, SROCC: 0.723268, KROCC: 0.536504, LOSS: 0.287448
2026-08-21 21:57:34,449 [INFO] Saving checkpoint at epoch 7 to run/20260821215_B1_V17_s6/checkpoint_best.pth.
2026-08-21 21:57:34,541 [INFO] Saving checkpoint at epoch 7 to run/20260821215_B1_V17_s6/checkpoint_best_joint.pth.
2026-08-21 21:57:34,614 [INFO] Start training
2026-08-21 21:57:34,929 [INFO] Start training epoch 8, 37 iters per inner epoch.
2026-08-21 21:57:53,977 [INFO] Averaged stats: lr: 0.000094  loss: 0.194685
2026-08-21 21:57:54,076 [INFO] gates: {"epoch": 8, "raw_quality_ratio": 2.8867, "quality_ratio": 0.0542, "lambda_q": 0.0188, "deviation_mean": 1.3571, "deviation_std": 0.1771, "patch_w_mean": 0.3542, "patch_w_std": 0.114}
2026-08-21 21:57:54,076 [INFO] Evaluating on val.
Train: data epoch: [8]  [ 0/37]  eta: 0:00:49  lr: 0.000094  loss: 0.1990  time: 1.3314  data: 0.0001  max mem: 5179
Train: data epoch: [8]  [20/37]  eta: 0:00:09  lr: 0.000094  loss: 0.1436  time: 0.5137  data: 0.0000  max mem: 5179
Train: data epoch: [8]  [36/37]  eta: 0:00:00  lr: 0.000094  loss: 0.1514  time: 0.4811  data: 0.0000  max mem: 5179
Train: data epoch: [8] Total time: 0:00:19 (0.5148 s / it)
2026-08-21 21:58:00,253 [INFO] Qual: EPOCH[8] -> PLCC: 0.913753, SROCC: 0.872129, KROCC: 0.693694, LOSS: 0.169407
2026-08-21 21:58:00,253 [INFO] Align: EPOCH[8] -> PLCC: 0.844124, SROCC: 0.727862, KROCC: 0.540977, LOSS: 0.280408
2026-08-21 21:58:00,270 [INFO] Saving checkpoint at epoch 8 to run/20260821215_B1_V17_s6/checkpoint_best.pth.
2026-08-21 21:58:00,367 [INFO] Saving checkpoint at epoch 8 to run/20260821215_B1_V17_s6/checkpoint_best_joint.pth.
2026-08-21 21:58:00,425 [INFO] Start training
2026-08-21 21:58:00,738 [INFO] Start training epoch 9, 37 iters per inner epoch.
2026-08-21 21:58:19,919 [INFO] Averaged stats: lr: 0.000092  loss: 0.188093
2026-08-21 21:58:20,026 [INFO] gates: {"epoch": 9, "raw_quality_ratio": 3.1312, "quality_ratio": 0.0604, "lambda_q": 0.0193, "deviation_mean": 1.3654, "deviation_std": 0.1658, "patch_w_mean": 0.3307, "patch_w_std": 0.1162}
2026-08-21 21:58:20,027 [INFO] Evaluating on val.
Train: data epoch: [9]  [ 0/37]  eta: 0:00:49  lr: 0.000092  loss: 0.2132  time: 1.3389  data: 0.0001  max mem: 5179
Train: data epoch: [9]  [20/37]  eta: 0:00:09  lr: 0.000092  loss: 0.1834  time: 0.5140  data: 0.0000  max mem: 5179
Train: data epoch: [9]  [36/37]  eta: 0:00:00  lr: 0.000092  loss: 0.1447  time: 0.4892  data: 0.0000  max mem: 5179
Train: data epoch: [9] Total time: 0:00:19 (0.5184 s / it)
2026-08-21 21:58:26,099 [INFO] Qual: EPOCH[9] -> PLCC: 0.914621, SROCC: 0.873830, KROCC: 0.695785, LOSS: 0.161520
2026-08-21 21:58:26,099 [INFO] Align: EPOCH[9] -> PLCC: 0.845240, SROCC: 0.731435, KROCC: 0.543957, LOSS: 0.279582
2026-08-21 21:58:26,119 [INFO] Saving checkpoint at epoch 9 to run/20260821215_B1_V17_s6/checkpoint_best.pth.
2026-08-21 21:58:26,210 [INFO] Saving checkpoint at epoch 9 to run/20260821215_B1_V17_s6/checkpoint_best_joint.pth.
2026-08-21 21:58:26,283 [INFO] Start training
2026-08-21 21:58:26,590 [INFO] Start training epoch 10, 37 iters per inner epoch.
2026-08-21 21:58:44,344 [INFO] Averaged stats: lr: 0.000091  loss: 0.178370
2026-08-21 21:58:44,468 [INFO] gates: {"epoch": 10, "raw_quality_ratio": 3.0561, "quality_ratio": 0.0607, "lambda_q": 0.0199, "deviation_mean": 1.3413, "deviation_std": 0.1685, "patch_w_mean": 0.3292, "patch_w_std": 0.1204}
2026-08-21 21:58:44,468 [INFO] Evaluating on val.
Train: data epoch: [10]  [ 0/37]  eta: 0:00:42  lr: 0.000091  loss: 0.1646  time: 1.1444  data: 0.0001  max mem: 5179
Train: data epoch: [10]  [20/37]  eta: 0:00:09  lr: 0.000091  loss: 0.1475  time: 0.5137  data: 0.0000  max mem: 5179
Train: data epoch: [10]  [36/37]  eta: 0:00:00  lr: 0.000091  loss: 0.2203  time: 0.4214  data: 0.0000  max mem: 5179
Train: data epoch: [10] Total time: 0:00:17 (0.4798 s / it)
2026-08-21 21:58:50,497 [INFO] Qual: EPOCH[10] -> PLCC: 0.917418, SROCC: 0.876714, KROCC: 0.699328, LOSS: 0.158523
2026-08-21 21:58:50,498 [INFO] Align: EPOCH[10] -> PLCC: 0.847446, SROCC: 0.734732, KROCC: 0.546600, LOSS: 0.279137
2026-08-21 21:58:50,512 [INFO] Saving checkpoint at epoch 10 to run/20260821215_B1_V17_s6/checkpoint_best.pth.
2026-08-21 21:58:50,624 [INFO] Saving checkpoint at epoch 10 to run/20260821215_B1_V17_s6/checkpoint_best_joint.pth.
2026-08-21 21:58:50,688 [INFO] Start training
2026-08-21 21:58:50,995 [INFO] Start training epoch 11, 37 iters per inner epoch.
2026-08-21 21:59:10,134 [INFO] Averaged stats: lr: 0.000089  loss: 0.170639
2026-08-21 21:59:10,219 [INFO] gates: {"epoch": 11, "raw_quality_ratio": 3.1463, "quality_ratio": 0.0643, "lambda_q": 0.0205, "deviation_mean": 1.3487, "deviation_std": 0.1753, "patch_w_mean": 0.2983, "patch_w_std": 0.1265}
2026-08-21 21:59:10,219 [INFO] Evaluating on val.
Train: data epoch: [11]  [ 0/37]  eta: 0:00:41  lr: 0.000089  loss: 0.1645  time: 1.1164  data: 0.0001  max mem: 5179
Train: data epoch: [11]  [20/37]  eta: 0:00:09  lr: 0.000089  loss: 0.1518  time: 0.5349  data: 0.0000  max mem: 5179
Train: data epoch: [11]  [36/37]  eta: 0:00:00  lr: 0.000089  loss: 0.1640  time: 0.4728  data: 0.0000  max mem: 5179
Train: data epoch: [11] Total time: 0:00:19 (0.5173 s / it)
2026-08-21 21:59:16,628 [INFO] Qual: EPOCH[11] -> PLCC: 0.919056, SROCC: 0.879896, KROCC: 0.702735, LOSS: 0.154731
2026-08-21 21:59:16,628 [INFO] Align: EPOCH[11] -> PLCC: 0.847912, SROCC: 0.736140, KROCC: 0.548129, LOSS: 0.275650
2026-08-21 21:59:16,643 [INFO] Saving checkpoint at epoch 11 to run/20260821215_B1_V17_s6/checkpoint_best.pth.
2026-08-21 21:59:16,715 [INFO] Saving checkpoint at epoch 11 to run/20260821215_B1_V17_s6/checkpoint_best_joint.pth.
2026-08-21 21:59:16,785 [INFO] Start training
2026-08-21 21:59:17,107 [INFO] Start training epoch 12, 37 iters per inner epoch.
2026-08-21 21:59:36,737 [INFO] Averaged stats: lr: 0.000087  loss: 0.163858
2026-08-21 21:59:36,836 [INFO] gates: {"epoch": 12, "raw_quality_ratio": 3.0218, "quality_ratio": 0.0639, "lambda_q": 0.0212, "deviation_mean": 1.2831, "deviation_std": 0.1642, "patch_w_mean": 0.2942, "patch_w_std": 0.1302}
2026-08-21 21:59:36,837 [INFO] Evaluating on val.
Train: data epoch: [12]  [ 0/37]  eta: 0:00:46  lr: 0.000087  loss: 0.1602  time: 1.2669  data: 0.0001  max mem: 5179
Train: data epoch: [12]  [20/37]  eta: 0:00:09  lr: 0.000087  loss: 0.1366  time: 0.5328  data: 0.0000  max mem: 5179
Train: data epoch: [12]  [36/37]  eta: 0:00:00  lr: 0.000087  loss: 0.1341  time: 0.4931  data: 0.0000  max mem: 5179
Train: data epoch: [12] Total time: 0:00:19 (0.5305 s / it)
2026-08-21 21:59:42,079 [INFO] Qual: EPOCH[12] -> PLCC: 0.919627, SROCC: 0.879992, KROCC: 0.703050, LOSS: 0.154861
2026-08-21 21:59:42,079 [INFO] Align: EPOCH[12] -> PLCC: 0.849562, SROCC: 0.739108, KROCC: 0.550727, LOSS: 0.278575
2026-08-21 21:59:42,093 [INFO] Saving checkpoint at epoch 12 to run/20260821215_B1_V17_s6/checkpoint_best.pth.
2026-08-21 21:59:42,190 [INFO] Saving checkpoint at epoch 12 to run/20260821215_B1_V17_s6/checkpoint_best_joint.pth.
2026-08-21 21:59:42,267 [INFO] Start training
2026-08-21 21:59:42,591 [INFO] Start training epoch 13, 37 iters per inner epoch.
2026-08-21 22:00:02,183 [INFO] Averaged stats: lr: 0.000084  loss: 0.158632
2026-08-21 22:00:02,276 [INFO] gates: {"epoch": 13, "raw_quality_ratio": 3.0982, "quality_ratio": 0.0676, "lambda_q": 0.0218, "deviation_mean": 1.2678, "deviation_std": 0.1669, "patch_w_mean": 0.2731, "patch_w_std": 0.1302}
2026-08-21 22:00:02,276 [INFO] Evaluating on val.
Train: data epoch: [13]  [ 0/37]  eta: 0:00:54  lr: 0.000084  loss: 0.1467  time: 1.4754  data: 0.0002  max mem: 5179
Train: data epoch: [13]  [20/37]  eta: 0:00:09  lr: 0.000084  loss: 0.1175  time: 0.5337  data: 0.0000  max mem: 5179
Train: data epoch: [13]  [36/37]  eta: 0:00:00  lr: 0.000084  loss: 0.1950  time: 0.4795  data: 0.0000  max mem: 5179
Train: data epoch: [13] Total time: 0:00:19 (0.5295 s / it)
2026-08-21 22:00:07,298 [INFO] Qual: EPOCH[13] -> PLCC: 0.920598, SROCC: 0.881903, KROCC: 0.704692, LOSS: 0.151257
2026-08-21 22:00:07,299 [INFO] Align: EPOCH[13] -> PLCC: 0.850016, SROCC: 0.739405, KROCC: 0.550929, LOSS: 0.273338
2026-08-21 22:00:07,373 [INFO] Saving checkpoint at epoch 13 to run/20260821215_B1_V17_s6/checkpoint_best.pth.
2026-08-21 22:00:07,513 [INFO] Saving checkpoint at epoch 13 to run/20260821215_B1_V17_s6/checkpoint_best_joint.pth.
2026-08-21 22:00:07,625 [INFO] Start training
2026-08-21 22:00:08,075 [INFO] Start training epoch 14, 37 iters per inner epoch.
2026-08-21 22:00:27,769 [INFO] Averaged stats: lr: 0.000082  loss: 0.152871
2026-08-21 22:00:27,870 [INFO] gates: {"epoch": 14, "raw_quality_ratio": 3.165, "quality_ratio": 0.0713, "lambda_q": 0.0225, "deviation_mean": 1.298, "deviation_std": 0.1785, "patch_w_mean": 0.23, "patch_w_std": 0.1314}
2026-08-21 22:00:27,870 [INFO] Evaluating on val.
Train: data epoch: [14]  [ 0/37]  eta: 0:00:53  lr: 0.000082  loss: 0.1610  time: 1.4338  data: 0.0001  max mem: 5179
Train: data epoch: [14]  [20/37]  eta: 0:00:09  lr: 0.000082  loss: 0.1804  time: 0.5405  data: 0.0000  max mem: 5179
Train: data epoch: [14]  [36/37]  eta: 0:00:00  lr: 0.000082  loss: 0.1332  time: 0.4789  data: 0.0000  max mem: 5179
Train: data epoch: [14] Total time: 0:00:19 (0.5322 s / it)
2026-08-21 22:00:33,408 [INFO] Qual: EPOCH[14] -> PLCC: 0.921382, SROCC: 0.883456, KROCC: 0.706244, LOSS: 0.153668
2026-08-21 22:00:33,408 [INFO] Align: EPOCH[14] -> PLCC: 0.850821, SROCC: 0.741576, KROCC: 0.553246, LOSS: 0.269814
2026-08-21 22:00:33,460 [INFO] Saving checkpoint at epoch 14 to run/20260821215_B1_V17_s6/checkpoint_best.pth.
2026-08-21 22:00:33,587 [INFO] Saving checkpoint at epoch 14 to run/20260821215_B1_V17_s6/checkpoint_best_joint.pth.
2026-08-21 22:00:33,759 [INFO] Start training
2026-08-21 22:00:34,458 [INFO] Start training epoch 15, 37 iters per inner epoch.
2026-08-21 22:00:55,586 [INFO] Averaged stats: lr: 0.000080  loss: 0.146250
2026-08-21 22:00:55,685 [INFO] gates: {"epoch": 15, "raw_quality_ratio": 3.1912, "quality_ratio": 0.0742, "lambda_q": 0.0233, "deviation_mean": 1.2674, "deviation_std": 0.1652, "patch_w_mean": 0.2163, "patch_w_std": 0.1287}
2026-08-21 22:00:55,685 [INFO] Evaluating on val.
Train: data epoch: [15]  [ 0/37]  eta: 0:01:40  lr: 0.000080  loss: 0.1398  time: 2.7113  data: 0.0002  max mem: 5179
Train: data epoch: [15]  [20/37]  eta: 0:00:10  lr: 0.000080  loss: 0.1302  time: 0.5311  data: 0.0000  max mem: 5179
Train: data epoch: [15]  [36/37]  eta: 0:00:00  lr: 0.000080  loss: 0.1376  time: 0.4968  data: 0.0000  max mem: 5179
Train: data epoch: [15] Total time: 0:00:21 (0.5710 s / it)
2026-08-21 22:01:01,191 [INFO] Qual: EPOCH[15] -> PLCC: 0.920891, SROCC: 0.882938, KROCC: 0.705783, LOSS: 0.151088
2026-08-21 22:01:01,191 [INFO] Align: EPOCH[15] -> PLCC: 0.851746, SROCC: 0.743441, KROCC: 0.555101, LOSS: 0.269254
2026-08-21 22:01:01,259 [INFO] Saving checkpoint at epoch 15 to run/20260821215_B1_V17_s6/checkpoint_best_joint.pth.
2026-08-21 22:01:01,378 [INFO] Start training
2026-08-21 22:01:01,910 [INFO] Start training epoch 16, 37 iters per inner epoch.
2026-08-21 22:01:22,071 [INFO] Averaged stats: lr: 0.000077  loss: 0.141262
2026-08-21 22:01:22,178 [INFO] gates: {"epoch": 16, "raw_quality_ratio": 2.9729, "quality_ratio": 0.0712, "lambda_q": 0.024, "deviation_mean": 1.1757, "deviation_std": 0.17, "patch_w_mean": 0.2189, "patch_w_std": 0.1305}
2026-08-21 22:01:22,179 [INFO] Evaluating on val.
Train: data epoch: [16]  [ 0/37]  eta: 0:01:08  lr: 0.000077  loss: 0.1184  time: 1.8503  data: 0.0002  max mem: 5179
Train: data epoch: [16]  [20/37]  eta: 0:00:10  lr: 0.000077  loss: 0.1653  time: 0.5291  data: 0.0000  max mem: 5179
Train: data epoch: [16]  [36/37]  eta: 0:00:00  lr: 0.000077  loss: 0.1823  time: 0.4909  data: 0.0000  max mem: 5179
Train: data epoch: [16] Total time: 0:00:20 (0.5438 s / it)
2026-08-21 22:01:28,107 [INFO] Qual: EPOCH[16] -> PLCC: 0.921542, SROCC: 0.884018, KROCC: 0.707233, LOSS: 0.150141
2026-08-21 22:01:28,107 [INFO] Align: EPOCH[16] -> PLCC: 0.851542, SROCC: 0.743773, KROCC: 0.555371, LOSS: 0.271025
2026-08-21 22:01:28,166 [INFO] Saving checkpoint at epoch 16 to run/20260821215_B1_V17_s6/checkpoint_best.pth.
2026-08-21 22:01:28,267 [INFO] Saving checkpoint at epoch 16 to run/20260821215_B1_V17_s6/checkpoint_best_joint.pth.
2026-08-21 22:01:28,327 [INFO] Start training
2026-08-21 22:01:28,778 [INFO] Start training epoch 17, 37 iters per inner epoch.
2026-08-21 22:01:49,520 [INFO] Averaged stats: lr: 0.000074  loss: 0.135159
2026-08-21 22:01:49,621 [INFO] gates: {"epoch": 17, "raw_quality_ratio": 3.0637, "quality_ratio": 0.0756, "lambda_q": 0.0247, "deviation_mean": 1.2374, "deviation_std": 0.1794, "patch_w_mean": 0.1858, "patch_w_std": 0.1292}
2026-08-21 22:01:49,621 [INFO] Evaluating on val.
Train: data epoch: [17]  [ 0/37]  eta: 0:01:23  lr: 0.000074  loss: 0.1043  time: 2.2538  data: 0.0001  max mem: 5179
Train: data epoch: [17]  [20/37]  eta: 0:00:10  lr: 0.000074  loss: 0.1448  time: 0.5326  data: 0.0000  max mem: 5179
Train: data epoch: [17]  [36/37]  eta: 0:00:00  lr: 0.000074  loss: 0.1206  time: 0.4979  data: 0.0000  max mem: 5179
Train: data epoch: [17] Total time: 0:00:20 (0.5606 s / it)
2026-08-21 22:01:55,257 [INFO] Qual: EPOCH[17] -> PLCC: 0.922404, SROCC: 0.884422, KROCC: 0.707942, LOSS: 0.147589
2026-08-21 22:01:55,257 [INFO] Align: EPOCH[17] -> PLCC: 0.852000, SROCC: 0.744623, KROCC: 0.556304, LOSS: 0.268399
2026-08-21 22:01:55,271 [INFO] Saving checkpoint at epoch 17 to run/20260821215_B1_V17_s6/checkpoint_best.pth.
2026-08-21 22:01:55,358 [INFO] Saving checkpoint at epoch 17 to run/20260821215_B1_V17_s6/checkpoint_best_joint.pth.
2026-08-21 22:01:55,416 [INFO] Start training
2026-08-21 22:01:55,710 [INFO] Start training epoch 18, 37 iters per inner epoch.
2026-08-21 22:02:15,284 [INFO] Averaged stats: lr: 0.000072  loss: 0.133230
2026-08-21 22:02:15,391 [INFO] gates: {"epoch": 18, "raw_quality_ratio": 3.2101, "quality_ratio": 0.0814, "lambda_q": 0.0254, "deviation_mean": 1.2496, "deviation_std": 0.1768, "patch_w_mean": 0.1681, "patch_w_std": 0.1219}
2026-08-21 22:02:15,392 [INFO] Evaluating on val.
Train: data epoch: [18]  [ 0/37]  eta: 0:00:42  lr: 0.000072  loss: 0.1052  time: 1.1512  data: 0.0001  max mem: 5179
Train: data epoch: [18]  [20/37]  eta: 0:00:09  lr: 0.000072  loss: 0.1371  time: 0.5387  data: 0.0000  max mem: 5179
Train: data epoch: [18]  [36/37]  eta: 0:00:00  lr: 0.000072  loss: 0.1214  time: 0.4900  data: 0.0000  max mem: 5179
Train: data epoch: [18] Total time: 0:00:19 (0.5290 s / it)
2026-08-21 22:02:21,091 [INFO] Qual: EPOCH[18] -> PLCC: 0.922471, SROCC: 0.884368, KROCC: 0.707672, LOSS: 0.148051
2026-08-21 22:02:21,091 [INFO] Align: EPOCH[18] -> PLCC: 0.851331, SROCC: 0.743103, KROCC: 0.554651, LOSS: 0.269517
2026-08-21 22:02:21,109 [INFO] Saving checkpoint at epoch 18 to run/20260821215_B1_V17_s6/checkpoint_best.pth.
2026-08-21 22:02:21,216 [INFO] Start training
2026-08-21 22:02:21,657 [INFO] Start training epoch 19, 37 iters per inner epoch.
2026-08-21 22:02:41,210 [INFO] Averaged stats: lr: 0.000069  loss: 0.128460
2026-08-21 22:02:41,323 [INFO] gates: {"epoch": 19, "raw_quality_ratio": 2.9764, "quality_ratio": 0.0773, "lambda_q": 0.026, "deviation_mean": 1.2116, "deviation_std": 0.1661, "patch_w_mean": 0.1568, "patch_w_std": 0.1223}
2026-08-21 22:02:41,324 [INFO] Evaluating on val.
Train: data epoch: [19]  [ 0/37]  eta: 0:00:54  lr: 0.000069  loss: 0.1365  time: 1.4673  data: 0.0001  max mem: 5179
Train: data epoch: [19]  [20/37]  eta: 0:00:09  lr: 0.000069  loss: 0.1299  time: 0.5370  data: 0.0000  max mem: 5179
Train: data epoch: [19]  [36/37]  eta: 0:00:00  lr: 0.000069  loss: 0.1097  time: 0.4734  data: 0.0000  max mem: 5179
Train: data epoch: [19] Total time: 0:00:19 (0.5284 s / it)
2026-08-21 22:02:46,977 [INFO] Qual: EPOCH[19] -> PLCC: 0.923065, SROCC: 0.884288, KROCC: 0.707717, LOSS: 0.146393
2026-08-21 22:02:46,977 [INFO] Align: EPOCH[19] -> PLCC: 0.852078, SROCC: 0.744820, KROCC: 0.556169, LOSS: 0.269916
2026-08-21 22:02:46,995 [INFO] Saving checkpoint at epoch 19 to run/20260821215_B1_V17_s6/checkpoint_best.pth.
2026-08-21 22:02:47,101 [INFO] Saving checkpoint at epoch 19 to run/20260821215_B1_V17_s6/checkpoint_best_joint.pth.
2026-08-21 22:02:47,195 [INFO] Start training
2026-08-21 22:02:47,883 [INFO] Start training epoch 20, 37 iters per inner epoch.
2026-08-21 22:03:08,704 [INFO] Averaged stats: lr: 0.000066  loss: 0.124802
2026-08-21 22:03:08,794 [INFO] gates: {"epoch": 20, "raw_quality_ratio": 3.105, "quality_ratio": 0.0825, "lambda_q": 0.0266, "deviation_mean": 1.1972, "deviation_std": 0.1797, "patch_w_mean": 0.1368, "patch_w_std": 0.1106}
2026-08-21 22:03:08,794 [INFO] Evaluating on val.
Train: data epoch: [20]  [ 0/37]  eta: 0:01:27  lr: 0.000066  loss: 0.0947  time: 2.3728  data: 0.0002  max mem: 5179
Train: data epoch: [20]  [20/37]  eta: 0:00:10  lr: 0.000066  loss: 0.1199  time: 0.5327  data: 0.0000  max mem: 5179
Train: data epoch: [20]  [36/37]  eta: 0:00:00  lr: 0.000066  loss: 0.1712  time: 0.4948  data: 0.0000  max mem: 5179
Train: data epoch: [20] Total time: 0:00:20 (0.5627 s / it)
2026-08-21 22:03:14,476 [INFO] Qual: EPOCH[20] -> PLCC: 0.921907, SROCC: 0.882099, KROCC: 0.705411, LOSS: 0.147516
2026-08-21 22:03:14,476 [INFO] Align: EPOCH[20] -> PLCC: 0.851717, SROCC: 0.744057, KROCC: 0.555303, LOSS: 0.269094
2026-08-21 22:03:14,490 [INFO] Saving checkpoint at epoch 20 to run/20260821215_B1_V17_s6/checkpoint_latest.pth.
2026-08-21 22:03:14,579 [INFO] Start training
2026-08-21 22:03:14,980 [INFO] Start training epoch 21, 37 iters per inner epoch.
2026-08-21 22:03:34,278 [INFO] Averaged stats: lr: 0.000063  loss: 0.121101
2026-08-21 22:03:34,403 [INFO] gates: {"epoch": 21, "raw_quality_ratio": 3.2189, "quality_ratio": 0.0875, "lambda_q": 0.0272, "deviation_mean": 1.2043, "deviation_std": 0.1963, "patch_w_mean": 0.1351, "patch_w_std": 0.1114}
2026-08-21 22:03:34,404 [INFO] Evaluating on val.
Train: data epoch: [21]  [ 0/37]  eta: 0:01:05  lr: 0.000063  loss: 0.0901  time: 1.7643  data: 0.0001  max mem: 5179
Train: data epoch: [21]  [20/37]  eta: 0:00:10  lr: 0.000063  loss: 0.1126  time: 0.5304  data: 0.0000  max mem: 5179
Train: data epoch: [21]  [36/37]  eta: 0:00:00  lr: 0.000063  loss: 0.0912  time: 0.4514  data: 0.0000  max mem: 5179
Train: data epoch: [21] Total time: 0:00:19 (0.5216 s / it)
2026-08-21 22:03:40,356 [INFO] Qual: EPOCH[21] -> PLCC: 0.922132, SROCC: 0.881835, KROCC: 0.704658, LOSS: 0.147384
2026-08-21 22:03:40,356 [INFO] Align: EPOCH[21] -> PLCC: 0.851811, SROCC: 0.744739, KROCC: 0.555720, LOSS: 0.271832
2026-08-21 22:03:40,357 [INFO] Start training
2026-08-21 22:03:41,373 [INFO] Start training epoch 22, 37 iters per inner epoch.
2026-08-21 22:04:02,171 [INFO] Averaged stats: lr: 0.000060  loss: 0.119459
2026-08-21 22:04:02,307 [INFO] gates: {"epoch": 22, "raw_quality_ratio": 3.28, "quality_ratio": 0.091, "lambda_q": 0.0278, "deviation_mean": 1.2208, "deviation_std": 0.1723, "patch_w_mean": 0.1177, "patch_w_std": 0.1031}
2026-08-21 22:04:02,307 [INFO] Evaluating on val.
Train: data epoch: [22]  [ 0/37]  eta: 0:01:17  lr: 0.000060  loss: 0.0792  time: 2.0978  data: 0.0001  max mem: 5179
Train: data epoch: [22]  [20/37]  eta: 0:00:10  lr: 0.000060  loss: 0.1332  time: 0.5304  data: 0.0000  max mem: 5179
Train: data epoch: [22]  [36/37]  eta: 0:00:00  lr: 0.000060  loss: 0.1628  time: 0.5110  data: 0.0000  max mem: 5179
Train: data epoch: [22] Total time: 0:00:20 (0.5621 s / it)
2026-08-21 22:04:08,990 [INFO] Qual: EPOCH[22] -> PLCC: 0.921078, SROCC: 0.880506, KROCC: 0.703702, LOSS: 0.150803
2026-08-21 22:04:08,990 [INFO] Align: EPOCH[22] -> PLCC: 0.850915, SROCC: 0.741790, KROCC: 0.552762, LOSS: 0.270688
2026-08-21 22:04:08,991 [INFO] Start training
2026-08-21 22:04:09,281 [INFO] Start training epoch 23, 37 iters per inner epoch.
2026-08-21 22:04:30,585 [INFO] Averaged stats: lr: 0.000057  loss: 0.115210
2026-08-21 22:04:30,718 [INFO] gates: {"epoch": 23, "raw_quality_ratio": 3.3356, "quality_ratio": 0.0942, "lambda_q": 0.0283, "deviation_mean": 1.1737, "deviation_std": 0.1929, "patch_w_mean": 0.1157, "patch_w_std": 0.1026}
2026-08-21 22:04:30,718 [INFO] Evaluating on val.
Train: data epoch: [23]  [ 0/37]  eta: 0:01:29  lr: 0.000057  loss: 0.1299  time: 2.4270  data: 0.0001  max mem: 5179
Train: data epoch: [23]  [20/37]  eta: 0:00:10  lr: 0.000057  loss: 0.1637  time: 0.5447  data: 0.0000  max mem: 5179
Train: data epoch: [23]  [36/37]  eta: 0:00:00  lr: 0.000057  loss: 0.1073  time: 0.5077  data: 0.0000  max mem: 5179
Train: data epoch: [23] Total time: 0:00:21 (0.5758 s / it)
2026-08-21 22:04:38,738 [INFO] Qual: EPOCH[23] -> PLCC: 0.921554, SROCC: 0.880596, KROCC: 0.703162, LOSS: 0.149876
2026-08-21 22:04:38,738 [INFO] Align: EPOCH[23] -> PLCC: 0.850419, SROCC: 0.741096, KROCC: 0.552402, LOSS: 0.271910
2026-08-21 22:04:38,739 [INFO] Start training
2026-08-21 22:04:39,065 [INFO] Start training epoch 24, 37 iters per inner epoch.
2026-08-21 22:04:59,366 [INFO] Averaged stats: lr: 0.000054  loss: 0.114307
2026-08-21 22:04:59,474 [INFO] gates: {"epoch": 24, "raw_quality_ratio": 3.0789, "quality_ratio": 0.0885, "lambda_q": 0.0288, "deviation_mean": 1.1535, "deviation_std": 0.1864, "patch_w_mean": 0.1104, "patch_w_std": 0.1021}
2026-08-21 22:04:59,474 [INFO] Evaluating on val.
Train: data epoch: [24]  [ 0/37]  eta: 0:01:11  lr: 0.000054  loss: 0.1436  time: 1.9260  data: 0.0001  max mem: 5179
Train: data epoch: [24]  [20/37]  eta: 0:00:09  lr: 0.000054  loss: 0.1071  time: 0.5128  data: 0.0000  max mem: 5179
Train: data epoch: [24]  [36/37]  eta: 0:00:00  lr: 0.000054  loss: 0.0916  time: 0.5144  data: 0.0000  max mem: 5179
Train: data epoch: [24] Total time: 0:00:20 (0.5486 s / it)
2026-08-21 22:05:05,954 [INFO] Qual: EPOCH[24] -> PLCC: 0.919979, SROCC: 0.879110, KROCC: 0.701341, LOSS: 0.153816
2026-08-21 22:05:05,954 [INFO] Align: EPOCH[24] -> PLCC: 0.849864, SROCC: 0.739852, KROCC: 0.550997, LOSS: 0.274832
2026-08-21 22:05:05,955 [INFO] Start training
2026-08-21 22:05:06,274 [INFO] Start training epoch 25, 37 iters per inner epoch.
2026-08-21 22:05:25,447 [INFO] Averaged stats: lr: 0.000050  loss: 0.112421
2026-08-21 22:05:25,541 [INFO] gates: {"epoch": 25, "raw_quality_ratio": 3.303, "quality_ratio": 0.0964, "lambda_q": 0.0292, "deviation_mean": 1.2285, "deviation_std": 0.1743, "patch_w_mean": 0.0889, "patch_w_std": 0.0872}
2026-08-21 22:05:25,541 [INFO] Evaluating on val.
Train: data epoch: [25]  [ 0/37]  eta: 0:00:47  lr: 0.000051  loss: 0.1136  time: 1.2822  data: 0.0001  max mem: 5179
Train: data epoch: [25]  [20/37]  eta: 0:00:09  lr: 0.000051  loss: 0.1358  time: 0.4981  data: 0.0000  max mem: 5179
Train: data epoch: [25]  [36/37]  eta: 0:00:00  lr: 0.000051  loss: 0.1250  time: 0.5061  data: 0.0000  max mem: 5179
Train: data epoch: [25] Total time: 0:00:19 (0.5182 s / it)
2026-08-21 22:05:31,675 [INFO] Qual: EPOCH[25] -> PLCC: 0.918672, SROCC: 0.876175, KROCC: 0.698844, LOSS: 0.155210
2026-08-21 22:05:31,675 [INFO] Align: EPOCH[25] -> PLCC: 0.850789, SROCC: 0.740801, KROCC: 0.551806, LOSS: 0.270964
2026-08-21 22:05:31,689 [INFO] Saving checkpoint at epoch 25 to run/20260821215_B1_V17_s6/checkpoint_latest.pth.
2026-08-21 22:05:31,746 [INFO] Start training
2026-08-21 22:05:32,034 [INFO] Start training epoch 26, 37 iters per inner epoch.
2026-08-21 22:05:51,029 [INFO] Averaged stats: lr: 0.000047  loss: 0.108974
2026-08-21 22:05:51,125 [INFO] gates: {"epoch": 26, "raw_quality_ratio": 3.3115, "quality_ratio": 0.0981, "lambda_q": 0.0296, "deviation_mean": 1.1708, "deviation_std": 0.1996, "patch_w_mean": 0.0901, "patch_w_std": 0.0884}
2026-08-21 22:05:51,125 [INFO] Evaluating on val.
Train: data epoch: [26]  [ 0/37]  eta: 0:00:43  lr: 0.000047  loss: 0.1173  time: 1.1726  data: 0.0001  max mem: 5179
Train: data epoch: [26]  [20/37]  eta: 0:00:08  lr: 0.000047  loss: 0.0858  time: 0.4922  data: 0.0000  max mem: 5179
Train: data epoch: [26]  [36/37]  eta: 0:00:00  lr: 0.000047  loss: 0.0993  time: 0.5095  data: 0.0000  max mem: 5179
Train: data epoch: [26] Total time: 0:00:18 (0.5134 s / it)
2026-08-21 22:05:57,129 [INFO] Qual: EPOCH[26] -> PLCC: 0.918644, SROCC: 0.875952, KROCC: 0.697674, LOSS: 0.154827
2026-08-21 22:05:57,130 [INFO] Align: EPOCH[26] -> PLCC: 0.850192, SROCC: 0.739751, KROCC: 0.550862, LOSS: 0.271152
2026-08-21 22:05:57,130 [INFO] Start training
2026-08-21 22:05:57,446 [INFO] Start training epoch 27, 37 iters per inner epoch.
2026-08-21 22:06:16,796 [INFO] Averaged stats: lr: 0.000044  loss: 0.108504
2026-08-21 22:06:16,901 [INFO] gates: {"epoch": 27, "raw_quality_ratio": 3.4465, "quality_ratio": 0.1033, "lambda_q": 0.03, "deviation_mean": 1.2179, "deviation_std": 0.1746, "patch_w_mean": 0.0779, "patch_w_std": 0.0813}
2026-08-21 22:06:16,901 [INFO] Evaluating on val.
Train: data epoch: [27]  [ 0/37]  eta: 0:00:47  lr: 0.000044  loss: 0.1076  time: 1.2858  data: 0.0001  max mem: 5179
Train: data epoch: [27]  [20/37]  eta: 0:00:09  lr: 0.000044  loss: 0.1661  time: 0.4936  data: 0.0000  max mem: 5179
Train: data epoch: [27]  [36/37]  eta: 0:00:00  lr: 0.000044  loss: 0.1086  time: 0.5202  data: 0.0000  max mem: 5179
Train: data epoch: [27] Total time: 0:00:19 (0.5230 s / it)
2026-08-21 22:06:23,303 [INFO] Qual: EPOCH[27] -> PLCC: 0.919320, SROCC: 0.876200, KROCC: 0.697933, LOSS: 0.156177
2026-08-21 22:06:23,304 [INFO] Align: EPOCH[27] -> PLCC: 0.850346, SROCC: 0.740132, KROCC: 0.551221, LOSS: 0.271218
2026-08-21 22:06:23,304 [INFO] Start training
2026-08-21 22:06:23,619 [INFO] Start training epoch 28, 37 iters per inner epoch.
2026-08-21 22:06:41,571 [INFO] Averaged stats: lr: 0.000041  loss: 0.105437
2026-08-21 22:06:41,682 [INFO] gates: {"epoch": 28, "raw_quality_ratio": 3.2159, "quality_ratio": 0.0975, "lambda_q": 0.0303, "deviation_mean": 1.1692, "deviation_std": 0.1952, "patch_w_mean": 0.0744, "patch_w_std": 0.0777}
2026-08-21 22:06:41,683 [INFO] Evaluating on val.
Train: data epoch: [28]  [ 0/37]  eta: 0:00:47  lr: 0.000041  loss: 0.1242  time: 1.2743  data: 0.0001  max mem: 5179
Train: data epoch: [28]  [20/37]  eta: 0:00:07  lr: 0.000041  loss: 0.0913  time: 0.4251  data: 0.0000  max mem: 5179
Train: data epoch: [28]  [36/37]  eta: 0:00:00  lr: 0.000041  loss: 0.0767  time: 0.5150  data: 0.0000  max mem: 5179
Train: data epoch: [28] Total time: 0:00:17 (0.4852 s / it)
2026-08-21 22:06:48,193 [INFO] Qual: EPOCH[28] -> PLCC: 0.918026, SROCC: 0.874966, KROCC: 0.696179, LOSS: 0.157606
2026-08-21 22:06:48,193 [INFO] Align: EPOCH[28] -> PLCC: 0.849421, SROCC: 0.738852, KROCC: 0.550086, LOSS: 0.272970
2026-08-21 22:06:48,194 [INFO] Start training
2026-08-21 22:06:48,509 [INFO] Start training epoch 29, 37 iters per inner epoch.
2026-08-21 22:07:06,634 [INFO] Averaged stats: lr: 0.000038  loss: 0.103030
2026-08-21 22:07:06,743 [INFO] gates: {"epoch": 29, "raw_quality_ratio": 3.3542, "quality_ratio": 0.1027, "lambda_q": 0.0306, "deviation_mean": 1.1979, "deviation_std": 0.1835, "patch_w_mean": 0.0681, "patch_w_std": 0.0718}
2026-08-21 22:07:06,744 [INFO] Evaluating on val.
Train: data epoch: [29]  [ 0/37]  eta: 0:00:45  lr: 0.000038  loss: 0.1062  time: 1.2218  data: 0.0001  max mem: 5179
Train: data epoch: [29]  [20/37]  eta: 0:00:08  lr: 0.000038  loss: 0.0789  time: 0.4361  data: 0.0000  max mem: 5179
Train: data epoch: [29]  [36/37]  eta: 0:00:00  lr: 0.000038  loss: 0.1148  time: 0.4522  data: 0.0000  max mem: 5179
Train: data epoch: [29] Total time: 0:00:18 (0.4899 s / it)
2026-08-21 22:07:13,286 [INFO] Qual: EPOCH[29] -> PLCC: 0.917232, SROCC: 0.873522, KROCC: 0.694796, LOSS: 0.158874
2026-08-21 22:07:13,286 [INFO] Align: EPOCH[29] -> PLCC: 0.848919, SROCC: 0.737702, KROCC: 0.548939, LOSS: 0.273889
2026-08-21 22:07:13,287 [INFO] Start training
2026-08-21 22:07:13,608 [INFO] Start training epoch 30, 37 iters per inner epoch.
2026-08-21 22:07:32,177 [INFO] Averaged stats: lr: 0.000035  loss: 0.101616
2026-08-21 22:07:32,279 [INFO] gates: {"epoch": 30, "raw_quality_ratio": 3.3986, "quality_ratio": 0.105, "lambda_q": 0.0309, "deviation_mean": 1.162, "deviation_std": 0.192, "patch_w_mean": 0.0623, "patch_w_std": 0.0715}
2026-08-21 22:07:32,280 [INFO] Evaluating on val.
Train: data epoch: [30]  [ 0/37]  eta: 0:00:44  lr: 0.000035  loss: 0.0740  time: 1.2024  data: 0.0001  max mem: 5179
Train: data epoch: [30]  [20/37]  eta: 0:00:09  lr: 0.000035  loss: 0.1239  time: 0.4978  data: 0.0000  max mem: 5179
Train: data epoch: [30]  [36/37]  eta: 0:00:00  lr: 0.000035  loss: 0.0952  time: 0.4615  data: 0.0000  max mem: 5179
Train: data epoch: [30] Total time: 0:00:18 (0.5019 s / it)
2026-08-21 22:07:38,864 [INFO] Qual: EPOCH[30] -> PLCC: 0.916965, SROCC: 0.872920, KROCC: 0.693918, LOSS: 0.158067
2026-08-21 22:07:38,864 [INFO] Align: EPOCH[30] -> PLCC: 0.848681, SROCC: 0.737393, KROCC: 0.548444, LOSS: 0.274648
2026-08-21 22:07:38,880 [INFO] Saving checkpoint at epoch 30 to run/20260821215_B1_V17_s6/checkpoint_latest.pth.
2026-08-21 22:07:38,958 [INFO] Start training
2026-08-21 22:07:39,245 [INFO] Start training epoch 31, 37 iters per inner epoch.
2026-08-21 22:07:58,260 [INFO] Averaged stats: lr: 0.000032  loss: 0.101034
2026-08-21 22:07:58,355 [INFO] gates: {"epoch": 31, "raw_quality_ratio": 3.3047, "quality_ratio": 0.1029, "lambda_q": 0.0312, "deviation_mean": 1.1714, "deviation_std": 0.2033, "patch_w_mean": 0.0615, "patch_w_std": 0.0665}
2026-08-21 22:07:58,355 [INFO] Evaluating on val.
Train: data epoch: [31]  [ 0/37]  eta: 0:00:47  lr: 0.000032  loss: 0.1001  time: 1.2954  data: 0.0001  max mem: 5179
Train: data epoch: [31]  [20/37]  eta: 0:00:09  lr: 0.000032  loss: 0.0979  time: 0.4966  data: 0.0000  max mem: 5179
Train: data epoch: [31]  [36/37]  eta: 0:00:00  lr: 0.000032  loss: 0.0819  time: 0.4759  data: 0.0000  max mem: 5179
Train: data epoch: [31] Total time: 0:00:19 (0.5139 s / it)
2026-08-21 22:08:04,858 [INFO] Qual: EPOCH[31] -> PLCC: 0.916758, SROCC: 0.872178, KROCC: 0.693379, LOSS: 0.158561
2026-08-21 22:08:04,858 [INFO] Align: EPOCH[31] -> PLCC: 0.849022, SROCC: 0.737617, KROCC: 0.548455, LOSS: 0.274177
2026-08-21 22:08:04,859 [INFO] Start training
2026-08-21 22:08:05,177 [INFO] Start training epoch 32, 37 iters per inner epoch.
2026-08-21 22:08:24,214 [INFO] Averaged stats: lr: 0.000029  loss: 0.099203
2026-08-21 22:08:24,312 [INFO] gates: {"epoch": 32, "raw_quality_ratio": 3.3132, "quality_ratio": 0.1039, "lambda_q": 0.0314, "deviation_mean": 1.171, "deviation_std": 0.1832, "patch_w_mean": 0.0642, "patch_w_std": 0.0727}
2026-08-21 22:08:24,313 [INFO] Evaluating on val.
Train: data epoch: [32]  [ 0/37]  eta: 0:00:48  lr: 0.000029  loss: 0.1527  time: 1.3240  data: 0.0001  max mem: 5179
Train: data epoch: [32]  [20/37]  eta: 0:00:09  lr: 0.000029  loss: 0.1225  time: 0.4982  data: 0.0000  max mem: 5179
Train: data epoch: [32]  [36/37]  eta: 0:00:00  lr: 0.000029  loss: 0.1190  time: 0.4816  data: 0.0000  max mem: 5179
Train: data epoch: [32] Total time: 0:00:19 (0.5145 s / it)
2026-08-21 22:08:30,826 [INFO] Qual: EPOCH[32] -> PLCC: 0.916864, SROCC: 0.873332, KROCC: 0.694649, LOSS: 0.159507
2026-08-21 22:08:30,826 [INFO] Align: EPOCH[32] -> PLCC: 0.848259, SROCC: 0.736353, KROCC: 0.547488, LOSS: 0.277823
2026-08-21 22:08:30,827 [INFO] Start training
2026-08-21 22:08:31,080 [INFO] Start training epoch 33, 37 iters per inner epoch.
2026-08-21 22:08:50,025 [INFO] Averaged stats: lr: 0.000027  loss: 0.098950
2026-08-21 22:08:50,105 [INFO] gates: {"epoch": 33, "raw_quality_ratio": 3.2078, "quality_ratio": 0.1012, "lambda_q": 0.0316, "deviation_mean": 1.1507, "deviation_std": 0.1808, "patch_w_mean": 0.0591, "patch_w_std": 0.0714}
2026-08-21 22:08:50,106 [INFO] Evaluating on val.
Train: data epoch: [33]  [ 0/37]  eta: 0:00:45  lr: 0.000027  loss: 0.0761  time: 1.2219  data: 0.0001  max mem: 5179
Train: data epoch: [33]  [20/37]  eta: 0:00:08  lr: 0.000027  loss: 0.1186  time: 0.4941  data: 0.0000  max mem: 5179
Train: data epoch: [33]  [36/37]  eta: 0:00:00  lr: 0.000027  loss: 0.1215  time: 0.4746  data: 0.0000  max mem: 5179
Train: data epoch: [33] Total time: 0:00:18 (0.5120 s / it)
2026-08-21 22:08:56,465 [INFO] Qual: EPOCH[33] -> PLCC: 0.916242, SROCC: 0.871563, KROCC: 0.692412, LOSS: 0.160135
2026-08-21 22:08:56,465 [INFO] Align: EPOCH[33] -> PLCC: 0.848070, SROCC: 0.734810, KROCC: 0.545981, LOSS: 0.276042
2026-08-21 22:08:56,466 [INFO] Start training
2026-08-21 22:08:56,748 [INFO] Start training epoch 34, 37 iters per inner epoch.
2026-08-21 22:09:15,155 [INFO] Averaged stats: lr: 0.000024  loss: 0.098371
2026-08-21 22:09:15,352 [INFO] gates: {"epoch": 34, "raw_quality_ratio": 3.2122, "quality_ratio": 0.102, "lambda_q": 0.0318, "deviation_mean": 1.166, "deviation_std": 0.1808, "patch_w_mean": 0.0559, "patch_w_std": 0.0642}
2026-08-21 22:09:15,352 [INFO] Evaluating on val.
Train: data epoch: [34]  [ 0/37]  eta: 0:00:37  lr: 0.000024  loss: 0.0934  time: 1.0099  data: 0.0001  max mem: 5179
Train: data epoch: [34]  [20/37]  eta: 0:00:08  lr: 0.000024  loss: 0.0730  time: 0.5017  data: 0.0000  max mem: 5179
Train: data epoch: [34]  [36/37]  eta: 0:00:00  lr: 0.000024  loss: 0.0671  time: 0.4428  data: 0.0000  max mem: 5179
Train: data epoch: [34] Total time: 0:00:18 (0.4975 s / it)
2026-08-21 22:09:22,605 [INFO] Qual: EPOCH[34] -> PLCC: 0.916311, SROCC: 0.872103, KROCC: 0.692974, LOSS: 0.161202
2026-08-21 22:09:22,606 [INFO] Align: EPOCH[34] -> PLCC: 0.848057, SROCC: 0.734809, KROCC: 0.546116, LOSS: 0.278887
2026-08-21 22:09:22,606 [INFO] Start training
2026-08-21 22:09:22,871 [INFO] Start training epoch 35, 37 iters per inner epoch.
2026-08-21 22:09:42,051 [INFO] Averaged stats: lr: 0.000021  loss: 0.097850
2026-08-21 22:09:42,195 [INFO] gates: {"epoch": 35, "raw_quality_ratio": 3.2845, "quality_ratio": 0.1048, "lambda_q": 0.0319, "deviation_mean": 1.1689, "deviation_std": 0.1805, "patch_w_mean": 0.0511, "patch_w_std": 0.0629}
2026-08-21 22:09:42,195 [INFO] Evaluating on val.
Train: data epoch: [35]  [ 0/37]  eta: 0:00:44  lr: 0.000021  loss: 0.0821  time: 1.2154  data: 0.0001  max mem: 5179
Train: data epoch: [35]  [20/37]  eta: 0:00:09  lr: 0.000021  loss: 0.0887  time: 0.5144  data: 0.0000  max mem: 5179
Train: data epoch: [35]  [36/37]  eta: 0:00:00  lr: 0.000021  loss: 0.0742  time: 0.4683  data: 0.0000  max mem: 5179
Train: data epoch: [35] Total time: 0:00:19 (0.5184 s / it)
2026-08-21 22:09:49,110 [INFO] Qual: EPOCH[35] -> PLCC: 0.915682, SROCC: 0.871312, KROCC: 0.692288, LOSS: 0.161536
2026-08-21 22:09:49,110 [INFO] Align: EPOCH[35] -> PLCC: 0.847474, SROCC: 0.733354, KROCC: 0.544328, LOSS: 0.277064
2026-08-21 22:09:49,126 [INFO] Saving checkpoint at epoch 35 to run/20260821215_B1_V17_s6/checkpoint_latest.pth.
2026-08-21 22:09:49,196 [INFO] Start training
2026-08-21 22:09:49,494 [INFO] Start training epoch 36, 37 iters per inner epoch.
2026-08-21 22:10:08,555 [INFO] Averaged stats: lr: 0.000019  loss: 0.095538
2026-08-21 22:10:08,751 [INFO] gates: {"epoch": 36, "raw_quality_ratio": 3.3365, "quality_ratio": 0.1069, "lambda_q": 0.0321, "deviation_mean": 1.1762, "deviation_std": 0.188, "patch_w_mean": 0.0504, "patch_w_std": 0.0605}
2026-08-21 22:10:08,751 [INFO] Evaluating on val.
Train: data epoch: [36]  [ 0/37]  eta: 0:00:43  lr: 0.000019  loss: 0.0737  time: 1.1630  data: 0.0001  max mem: 5179
Train: data epoch: [36]  [20/37]  eta: 0:00:09  lr: 0.000019  loss: 0.0813  time: 0.5168  data: 0.0000  max mem: 5179
Train: data epoch: [36]  [36/37]  eta: 0:00:00  lr: 0.000019  loss: 0.0811  time: 0.4633  data: 0.0000  max mem: 5179
Train: data epoch: [36] Total time: 0:00:19 (0.5151 s / it)
2026-08-21 22:10:15,449 [INFO] Qual: EPOCH[36] -> PLCC: 0.915087, SROCC: 0.870128, KROCC: 0.690972, LOSS: 0.162316
2026-08-21 22:10:15,450 [INFO] Align: EPOCH[36] -> PLCC: 0.847752, SROCC: 0.734289, KROCC: 0.545183, LOSS: 0.280535
2026-08-21 22:10:15,450 [INFO] Start training
2026-08-21 22:10:15,748 [INFO] Start training epoch 37, 37 iters per inner epoch.
2026-08-21 22:10:34,365 [INFO] Averaged stats: lr: 0.000017  loss: 0.096501
2026-08-21 22:10:34,589 [INFO] gates: {"epoch": 37, "raw_quality_ratio": 3.4256, "quality_ratio": 0.1102, "lambda_q": 0.0322, "deviation_mean": 1.1469, "deviation_std": 0.1965, "patch_w_mean": 0.0501, "patch_w_std": 0.0613}
2026-08-21 22:10:34,590 [INFO] Evaluating on val.
Train: data epoch: [37]  [ 0/37]  eta: 0:00:40  lr: 0.000017  loss: 0.1459  time: 1.0870  data: 0.0001  max mem: 5179
Train: data epoch: [37]  [20/37]  eta: 0:00:09  lr: 0.000017  loss: 0.1391  time: 0.5160  data: 0.0000  max mem: 5179
Train: data epoch: [37]  [36/37]  eta: 0:00:00  lr: 0.000017  loss: 0.0741  time: 0.4508  data: 0.0000  max mem: 5179
Train: data epoch: [37] Total time: 0:00:18 (0.5031 s / it)
2026-08-21 22:10:42,575 [INFO] Qual: EPOCH[37] -> PLCC: 0.914641, SROCC: 0.869693, KROCC: 0.689971, LOSS: 0.163324
2026-08-21 22:10:42,575 [INFO] Align: EPOCH[37] -> PLCC: 0.847719, SROCC: 0.733724, KROCC: 0.544485, LOSS: 0.276129
2026-08-21 22:10:42,576 [INFO] Start training
2026-08-21 22:10:42,883 [INFO] Start training epoch 38, 37 iters per inner epoch.
2026-08-21 22:11:01,854 [INFO] Averaged stats: lr: 0.000014  loss: 0.095290
2026-08-21 22:11:01,992 [INFO] gates: {"epoch": 38, "raw_quality_ratio": 3.322, "quality_ratio": 0.1073, "lambda_q": 0.0323, "deviation_mean": 1.1551, "deviation_std": 0.1968, "patch_w_mean": 0.0477, "patch_w_std": 0.059}
2026-08-21 22:11:01,993 [INFO] Evaluating on val.
Train: data epoch: [38]  [ 0/37]  eta: 0:00:42  lr: 0.000014  loss: 0.0992  time: 1.1536  data: 0.0001  max mem: 5179
Train: data epoch: [38]  [20/37]  eta: 0:00:09  lr: 0.000014  loss: 0.0842  time: 0.5107  data: 0.0000  max mem: 5179
Train: data epoch: [38]  [36/37]  eta: 0:00:00  lr: 0.000014  loss: 0.0989  time: 0.4615  data: 0.0000  max mem: 5179
Train: data epoch: [38] Total time: 0:00:18 (0.5127 s / it)
2026-08-21 22:11:09,049 [INFO] Qual: EPOCH[38] -> PLCC: 0.915182, SROCC: 0.869804, KROCC: 0.690241, LOSS: 0.163047
2026-08-21 22:11:09,049 [INFO] Align: EPOCH[38] -> PLCC: 0.847660, SROCC: 0.733558, KROCC: 0.544508, LOSS: 0.277221
2026-08-21 22:11:09,050 [INFO] Start training
2026-08-21 22:11:09,314 [INFO] Start training epoch 39, 37 iters per inner epoch.
2026-08-21 22:11:27,769 [INFO] Averaged stats: lr: 0.000012  loss: 0.094649
2026-08-21 22:11:27,980 [INFO] gates: {"epoch": 39, "raw_quality_ratio": 3.3199, "quality_ratio": 0.1075, "lambda_q": 0.0324, "deviation_mean": 1.1581, "deviation_std": 0.1928, "patch_w_mean": 0.0485, "patch_w_std": 0.0605}
2026-08-21 22:11:27,980 [INFO] Evaluating on val.
Train: data epoch: [39]  [ 0/37]  eta: 0:00:52  lr: 0.000012  loss: 0.0947  time: 1.4070  data: 0.0001  max mem: 5179
Train: data epoch: [39]  [20/37]  eta: 0:00:09  lr: 0.000012  loss: 0.0864  time: 0.4999  data: 0.0000  max mem: 5179
Train: data epoch: [39]  [36/37]  eta: 0:00:00  lr: 0.000012  loss: 0.0877  time: 0.4205  data: 0.0000  max mem: 5179
Train: data epoch: [39] Total time: 0:00:18 (0.4988 s / it)
2026-08-21 22:11:36,243 [INFO] Qual: EPOCH[39] -> PLCC: 0.914584, SROCC: 0.869219, KROCC: 0.689679, LOSS: 0.163887
2026-08-21 22:11:36,243 [INFO] Align: EPOCH[39] -> PLCC: 0.847398, SROCC: 0.732992, KROCC: 0.543709, LOSS: 0.277240
2026-08-21 22:11:36,243 [INFO] Start training
2026-08-21 22:11:36,511 [INFO] Start training epoch 40, 37 iters per inner epoch.
2026-08-21 22:11:55,505 [INFO] Averaged stats: lr: 0.000010  loss: 0.093799
2026-08-21 22:11:55,607 [INFO] gates: {"epoch": 40, "raw_quality_ratio": 3.5134, "quality_ratio": 0.114, "lambda_q": 0.0325, "deviation_mean": 1.1948, "deviation_std": 0.185, "patch_w_mean": 0.0464, "patch_w_std": 0.057}
2026-08-21 22:11:55,608 [INFO] Evaluating on val.
Train: data epoch: [40]  [ 0/37]  eta: 0:00:43  lr: 0.000010  loss: 0.0737  time: 1.1783  data: 0.0001  max mem: 5179
Train: data epoch: [40]  [20/37]  eta: 0:00:09  lr: 0.000010  loss: 0.0762  time: 0.5356  data: 0.0000  max mem: 5179
Train: data epoch: [40]  [36/37]  eta: 0:00:00  lr: 0.000010  loss: 0.0673  time: 0.4577  data: 0.0000  max mem: 5179
Train: data epoch: [40] Total time: 0:00:18 (0.5134 s / it)
2026-08-21 22:12:02,918 [INFO] Qual: EPOCH[40] -> PLCC: 0.914498, SROCC: 0.869194, KROCC: 0.689600, LOSS: 0.163649
2026-08-21 22:12:02,918 [INFO] Align: EPOCH[40] -> PLCC: 0.847448, SROCC: 0.733019, KROCC: 0.543743, LOSS: 0.276985
2026-08-21 22:12:02,931 [INFO] Saving checkpoint at epoch 40 to run/20260821215_B1_V17_s6/checkpoint_latest.pth.
2026-08-21 22:12:02,999 [INFO] Start training
2026-08-21 22:12:03,276 [INFO] Start training epoch 41, 37 iters per inner epoch.
2026-08-21 22:12:22,905 [INFO] Averaged stats: lr: 0.000009  loss: 0.094233
2026-08-21 22:12:22,993 [INFO] gates: {"epoch": 41, "raw_quality_ratio": 3.2433, "quality_ratio": 0.1055, "lambda_q": 0.0325, "deviation_mean": 1.167, "deviation_std": 0.1806, "patch_w_mean": 0.0466, "patch_w_std": 0.0585}
2026-08-21 22:12:22,993 [INFO] Evaluating on val.
Train: data epoch: [41]  [ 0/37]  eta: 0:00:47  lr: 0.000009  loss: 0.0873  time: 1.2878  data: 0.0001  max mem: 5179
Train: data epoch: [41]  [20/37]  eta: 0:00:09  lr: 0.000009  loss: 0.1050  time: 0.5321  data: 0.0000  max mem: 5179
Train: data epoch: [41]  [36/37]  eta: 0:00:00  lr: 0.000009  loss: 0.0835  time: 0.4920  data: 0.0000  max mem: 5179
Train: data epoch: [41] Total time: 0:00:19 (0.5305 s / it)
2026-08-21 22:12:29,394 [INFO] Qual: EPOCH[41] -> PLCC: 0.914500, SROCC: 0.869156, KROCC: 0.689499, LOSS: 0.164402
2026-08-21 22:12:29,394 [INFO] Align: EPOCH[41] -> PLCC: 0.847320, SROCC: 0.732821, KROCC: 0.543642, LOSS: 0.277084
2026-08-21 22:12:29,395 [INFO] Start training
2026-08-21 22:12:29,664 [INFO] Start training epoch 42, 37 iters per inner epoch.
2026-08-21 22:12:48,475 [INFO] Averaged stats: lr: 0.000007  loss: 0.093699
2026-08-21 22:12:48,565 [INFO] gates: {"epoch": 42, "raw_quality_ratio": 3.4442, "quality_ratio": 0.1122, "lambda_q": 0.0326, "deviation_mean": 1.1914, "deviation_std": 0.1743, "patch_w_mean": 0.0451, "patch_w_std": 0.0595}
2026-08-21 22:12:48,566 [INFO] Evaluating on val.
Train: data epoch: [42]  [ 0/37]  eta: 0:00:40  lr: 0.000007  loss: 0.0808  time: 1.0959  data: 0.0001  max mem: 5179
Train: data epoch: [42]  [20/37]  eta: 0:00:09  lr: 0.000007  loss: 0.1089  time: 0.5344  data: 0.0000  max mem: 5179
Train: data epoch: [42]  [36/37]  eta: 0:00:00  lr: 0.000007  loss: 0.1249  time: 0.4568  data: 0.0000  max mem: 5179
Train: data epoch: [42] Total time: 0:00:18 (0.5084 s / it)
2026-08-21 22:12:53,398 [INFO] Qual: EPOCH[42] -> PLCC: 0.914349, SROCC: 0.868936, KROCC: 0.689375, LOSS: 0.164184
2026-08-21 22:12:53,398 [INFO] Align: EPOCH[42] -> PLCC: 0.847353, SROCC: 0.732967, KROCC: 0.543867, LOSS: 0.277410
2026-08-21 22:12:53,399 [INFO] Start training
2026-08-21 22:12:53,871 [INFO] Start training epoch 43, 37 iters per inner epoch.
2026-08-21 22:13:13,691 [INFO] Averaged stats: lr: 0.000006  loss: 0.093908
2026-08-21 22:13:13,780 [INFO] gates: {"epoch": 43, "raw_quality_ratio": 3.175, "quality_ratio": 0.1036, "lambda_q": 0.0326, "deviation_mean": 1.172, "deviation_std": 0.1874, "patch_w_mean": 0.0467, "patch_w_std": 0.0586}
2026-08-21 22:13:13,781 [INFO] Evaluating on val.
Train: data epoch: [43]  [ 0/37]  eta: 0:01:01  lr: 0.000006  loss: 0.0796  time: 1.6584  data: 0.0001  max mem: 5179
Train: data epoch: [43]  [20/37]  eta: 0:00:09  lr: 0.000006  loss: 0.1149  time: 0.5330  data: 0.0000  max mem: 5179
Train: data epoch: [43]  [36/37]  eta: 0:00:00  lr: 0.000006  loss: 0.0952  time: 0.4818  data: 0.0000  max mem: 5179
Train: data epoch: [43] Total time: 0:00:19 (0.5356 s / it)
2026-08-21 22:13:19,357 [INFO] Qual: EPOCH[43] -> PLCC: 0.914120, SROCC: 0.868543, KROCC: 0.688847, LOSS: 0.164509
2026-08-21 22:13:19,357 [INFO] Align: EPOCH[43] -> PLCC: 0.847218, SROCC: 0.732326, KROCC: 0.543282, LOSS: 0.277407
2026-08-21 22:13:19,358 [INFO] Start training
2026-08-21 22:13:20,157 [INFO] Start training epoch 44, 37 iters per inner epoch.
2026-08-21 22:13:40,454 [INFO] Averaged stats: lr: 0.000004  loss: 0.093365
2026-08-21 22:13:40,605 [INFO] gates: {"epoch": 44, "raw_quality_ratio": 3.376, "quality_ratio": 0.1102, "lambda_q": 0.0326, "deviation_mean": 1.1784, "deviation_std": 0.1838, "patch_w_mean": 0.0455, "patch_w_std": 0.0571}
2026-08-21 22:13:40,605 [INFO] Evaluating on val.
Train: data epoch: [44]  [ 0/37]  eta: 0:01:43  lr: 0.000004  loss: 0.0786  time: 2.8021  data: 0.0001  max mem: 5179
Train: data epoch: [44]  [20/37]  eta: 0:00:10  lr: 0.000004  loss: 0.0933  time: 0.5331  data: 0.0000  max mem: 5179
Train: data epoch: [44]  [36/37]  eta: 0:00:00  lr: 0.000004  loss: 0.1052  time: 0.4464  data: 0.0000  max mem: 5179
Train: data epoch: [44] Total time: 0:00:20 (0.5485 s / it)
2026-08-21 22:13:46,807 [INFO] Qual: EPOCH[44] -> PLCC: 0.914389, SROCC: 0.868864, KROCC: 0.689252, LOSS: 0.164683
2026-08-21 22:13:46,807 [INFO] Align: EPOCH[44] -> PLCC: 0.847146, SROCC: 0.732447, KROCC: 0.543383, LOSS: 0.277651
2026-08-21 22:13:46,808 [INFO] Start training
2026-08-21 22:13:47,758 [INFO] Start training epoch 45, 37 iters per inner epoch.
2026-08-21 22:14:09,432 [INFO] Averaged stats: lr: 0.000003  loss: 0.093468
2026-08-21 22:14:09,533 [INFO] gates: {"epoch": 45, "raw_quality_ratio": 3.3253, "quality_ratio": 0.1087, "lambda_q": 0.0327, "deviation_mean": 1.1858, "deviation_std": 0.1695, "patch_w_mean": 0.0452, "patch_w_std": 0.059}
2026-08-21 22:14:09,533 [INFO] Evaluating on val.
Train: data epoch: [45]  [ 0/37]  eta: 0:01:51  lr: 0.000003  loss: 0.0676  time: 3.0006  data: 0.0002  max mem: 5179
Train: data epoch: [45]  [20/37]  eta: 0:00:11  lr: 0.000003  loss: 0.0647  time: 0.5414  data: 0.0000  max mem: 5179
Train: data epoch: [45]  [36/37]  eta: 0:00:00  lr: 0.000003  loss: 0.0769  time: 0.5004  data: 0.0000  max mem: 5179
Train: data epoch: [45] Total time: 0:00:21 (0.5858 s / it)
2026-08-21 22:14:15,488 [INFO] Qual: EPOCH[45] -> PLCC: 0.914373, SROCC: 0.868807, KROCC: 0.689207, LOSS: 0.164625
2026-08-21 22:14:15,488 [INFO] Align: EPOCH[45] -> PLCC: 0.847078, SROCC: 0.732324, KROCC: 0.543372, LOSS: 0.278081
2026-08-21 22:14:15,502 [INFO] Saving checkpoint at epoch 45 to run/20260821215_B1_V17_s6/checkpoint_latest.pth.
2026-08-21 22:14:15,601 [INFO] Start training
2026-08-21 22:14:16,157 [INFO] Start training epoch 46, 37 iters per inner epoch.
2026-08-21 22:14:37,561 [INFO] Averaged stats: lr: 0.000003  loss: 0.093647
2026-08-21 22:14:37,874 [INFO] gates: {"epoch": 46, "raw_quality_ratio": 3.4707, "quality_ratio": 0.1135, "lambda_q": 0.0327, "deviation_mean": 1.1877, "deviation_std": 0.18, "patch_w_mean": 0.0426, "patch_w_std": 0.0552}
2026-08-21 22:14:37,874 [INFO] Evaluating on val.
Train: data epoch: [46]  [ 0/37]  eta: 0:01:21  lr: 0.000003  loss: 0.0800  time: 2.2010  data: 0.0001  max mem: 5179
Train: data epoch: [46]  [20/37]  eta: 0:00:10  lr: 0.000003  loss: 0.1034  time: 0.5418  data: 0.0000  max mem: 5179
Train: data epoch: [46]  [36/37]  eta: 0:00:00  lr: 0.000003  loss: 0.0974  time: 0.5255  data: 0.0000  max mem: 5179
Train: data epoch: [46] Total time: 0:00:21 (0.5785 s / it)
2026-08-21 22:14:45,398 [INFO] Qual: EPOCH[46] -> PLCC: 0.914180, SROCC: 0.868701, KROCC: 0.689083, LOSS: 0.164705
2026-08-21 22:14:45,399 [INFO] Align: EPOCH[46] -> PLCC: 0.847106, SROCC: 0.732333, KROCC: 0.543383, LOSS: 0.277909
2026-08-21 22:14:45,400 [INFO] Start training
2026-08-21 22:14:45,954 [INFO] Start training epoch 47, 37 iters per inner epoch.
2026-08-21 22:15:06,155 [INFO] Averaged stats: lr: 0.000002  loss: 0.093151
2026-08-21 22:15:06,359 [INFO] gates: {"epoch": 47, "raw_quality_ratio": 3.4909, "quality_ratio": 0.1142, "lambda_q": 0.0327, "deviation_mean": 1.1685, "deviation_std": 0.1845, "patch_w_mean": 0.0511, "patch_w_std": 0.0659}
2026-08-21 22:15:06,360 [INFO] Evaluating on val.
Train: data epoch: [47]  [ 0/37]  eta: 0:01:40  lr: 0.000002  loss: 0.1048  time: 2.7076  data: 0.0001  max mem: 5179
Train: data epoch: [47]  [20/37]  eta: 0:00:10  lr: 0.000002  loss: 0.0896  time: 0.5179  data: 0.0000  max mem: 5179
Train: data epoch: [47]  [36/37]  eta: 0:00:00  lr: 0.000002  loss: 0.0802  time: 0.4476  data: 0.0000  max mem: 5179
Train: data epoch: [47] Total time: 0:00:20 (0.5459 s / it)
2026-08-21 22:15:13,353 [INFO] Qual: EPOCH[47] -> PLCC: 0.914263, SROCC: 0.868562, KROCC: 0.688892, LOSS: 0.164662
2026-08-21 22:15:13,353 [INFO] Align: EPOCH[47] -> PLCC: 0.847139, SROCC: 0.732330, KROCC: 0.543395, LOSS: 0.277799
2026-08-21 22:15:13,354 [INFO] Start training
2026-08-21 22:15:13,634 [INFO] Start training epoch 48, 37 iters per inner epoch.
2026-08-21 22:15:33,916 [INFO] Averaged stats: lr: 0.000001  loss: 0.093030
2026-08-21 22:15:34,010 [INFO] gates: {"epoch": 48, "raw_quality_ratio": 3.4281, "quality_ratio": 0.1122, "lambda_q": 0.0327, "deviation_mean": 1.176, "deviation_std": 0.1774, "patch_w_mean": 0.0462, "patch_w_std": 0.0592}
2026-08-21 22:15:34,010 [INFO] Evaluating on val.
Train: data epoch: [48]  [ 0/37]  eta: 0:01:14  lr: 0.000001  loss: 0.1015  time: 2.0229  data: 0.0001  max mem: 5179
Train: data epoch: [48]  [20/37]  eta: 0:00:09  lr: 0.000001  loss: 0.0800  time: 0.5138  data: 0.0000  max mem: 5179
Train: data epoch: [48]  [36/37]  eta: 0:00:00  lr: 0.000001  loss: 0.0646  time: 0.5030  data: 0.0000  max mem: 5179
Train: data epoch: [48] Total time: 0:00:20 (0.5481 s / it)
2026-08-21 22:15:40,348 [INFO] Qual: EPOCH[48] -> PLCC: 0.914097, SROCC: 0.868476, KROCC: 0.688667, LOSS: 0.164752
2026-08-21 22:15:40,348 [INFO] Align: EPOCH[48] -> PLCC: 0.847134, SROCC: 0.732304, KROCC: 0.543372, LOSS: 0.277823
2026-08-21 22:15:40,349 [INFO] Start training
2026-08-21 22:15:40,651 [INFO] Start training epoch 49, 37 iters per inner epoch.
2026-08-21 22:15:58,652 [INFO] Averaged stats: lr: 0.000001  loss: 0.092175
2026-08-21 22:15:58,754 [INFO] gates: {"epoch": 49, "raw_quality_ratio": 3.36, "quality_ratio": 0.11, "lambda_q": 0.0327, "deviation_mean": 1.17, "deviation_std": 0.1815, "patch_w_mean": 0.0483, "patch_w_std": 0.0665}
2026-08-21 22:15:58,755 [INFO] Evaluating on val.
Train: data epoch: [49]  [ 0/37]  eta: 0:00:36  lr: 0.000001  loss: 0.0674  time: 0.9801  data: 0.0002  max mem: 5179
Train: data epoch: [49]  [20/37]  eta: 0:00:08  lr: 0.000001  loss: 0.0952  time: 0.4938  data: 0.0000  max mem: 5179
Train: data epoch: [49]  [36/37]  eta: 0:00:00  lr: 0.000001  loss: 0.0905  time: 0.4565  data: 0.0000  max mem: 5179
Train: data epoch: [49] Total time: 0:00:17 (0.4865 s / it)
2026-08-21 22:16:02,666 [INFO] Qual: EPOCH[49] -> PLCC: 0.914076, SROCC: 0.868459, KROCC: 0.688656, LOSS: 0.164818
2026-08-21 22:16:02,666 [INFO] Align: EPOCH[49] -> PLCC: 0.847125, SROCC: 0.732258, KROCC: 0.543327, LOSS: 0.277795
2026-08-21 22:16:02,684 [INFO] Saving checkpoint at epoch 49 to run/20260821215_B1_V17_s6/checkpoint_latest.pth.
[{'agg_metrics': np.float64(4.668137018379463), 'qual_agg': np.float64(2.515069907486348), 'qual_PLCC': np.float64(0.9230652822955886), 'qual_SROCC': np.float64(0.8842878856533937), 'qual_KROCC': np.float64(0.7077167395373654), 'align_agg': np.float64(2.1530671108931148), 'align_PLCC': np.float64(0.8520779205001505), 'align_SROCC': np.float64(0.7448197963443763), 'align_KROCC': np.float64(0.556169394048588)}]
{'agg_metrics': np.float64(4.668137018379463), 'qual_agg': np.float64(2.515069907486348), 'qual_PLCC': np.float64(0.9230652822955886), 'qual_SROCC': np.float64(0.8842878856533937), 'qual_KROCC': np.float64(0.7077167395373654), 'align_agg': np.float64(2.1530671108931148), 'align_PLCC': np.float64(0.8520779205001505), 'align_SROCC': np.float64(0.7448197963443763), 'align_KROCC': np.float64(0.556169394048588)}
