2026-08-21 15:09:03,096 [INFO] Start training
2026-08-21 15:09:03,448 [INFO] number of trainable parameters: 2174853
Not using distributed mode
['msqr_dgmpq_hcmi_v8', 'msqr_dgmpq_mscm_v10', 'msqr_dgmpq_mscm_v11', 'msqr_dgmpq_tcap_v9']
2026-08-21 15:09:04,139 [INFO] Start training epoch 0, 37 iters per inner epoch.
2026-08-21 15:09:31,728 [INFO] Averaged stats: lr: 0.000036  loss: 6.673492
2026-08-21 15:09:31,812 [INFO] gates: {"epoch": 0, "raw_quality_ratio": 5.1379, "quality_ratio": 0.059, "lambda_q": 0.0116, "deviation_mean": 0.9529, "deviation_std": 0.0936, "patch_w_mean": 0.5121, "patch_w_std": 0.0134}
2026-08-21 15:09:31,812 [INFO] Evaluating on val.
Train: data epoch: [0]  [ 0/37]  eta: 0:02:22  lr: 0.000000  loss: 7.2131  time: 3.8609  data: 0.0001  max mem: 9324
Train: data epoch: [0]  [20/37]  eta: 0:00:14  lr: 0.000040  loss: 6.9155  time: 0.6802  data: 0.0000  max mem: 9342
Train: data epoch: [0]  [36/37]  eta: 0:00:00  lr: 0.000072  loss: 5.3064  time: 0.6421  data: 0.0000  max mem: 9342
Train: data epoch: [0] Total time: 0:00:27 (0.7456 s / it)
2026-08-21 15:09:39,188 [INFO] Qual: EPOCH[0] -> PLCC: 0.089197, SROCC: 0.076828, KROCC: 0.051632, LOSS: 4.908333
2026-08-21 15:09:39,188 [INFO] Align: EPOCH[0] -> PLCC: 0.097149, SROCC: 0.126531, KROCC: 0.086672, LOSS: 5.355367
2026-08-21 15:09:39,207 [INFO] Saving checkpoint at epoch 0 to run/20260821150_B1_V11_s4/checkpoint_best.pth.
2026-08-21 15:09:39,290 [INFO] Saving checkpoint at epoch 0 to run/20260821150_B1_V11_s4/checkpoint_best_joint.pth.
2026-08-21 15:09:39,362 [INFO] Start training
2026-08-21 15:09:39,651 [INFO] Start training epoch 1, 37 iters per inner epoch.
2026-08-21 15:10:04,520 [INFO] Averaged stats: lr: 0.000100  loss: 2.009554
2026-08-21 15:10:04,609 [INFO] gates: {"epoch": 1, "raw_quality_ratio": 2.8836, "quality_ratio": 0.0436, "lambda_q": 0.0151, "deviation_mean": 0.8918, "deviation_std": 0.1198, "patch_w_mean": 0.516, "patch_w_std": 0.029}
2026-08-21 15:10:04,609 [INFO] Evaluating on val.
Train: data epoch: [1]  [ 0/37]  eta: 0:00:48  lr: 0.000100  loss: 5.8443  time: 1.3175  data: 0.0001  max mem: 9342
Train: data epoch: [1]  [20/37]  eta: 0:00:12  lr: 0.000100  loss: 1.0237  time: 0.6801  data: 0.0000  max mem: 9342
Train: data epoch: [1]  [36/37]  eta: 0:00:00  lr: 0.000100  loss: 0.7370  time: 0.6333  data: 0.0000  max mem: 9342
Train: data epoch: [1] Total time: 0:00:24 (0.6721 s / it)
2026-08-21 15:10:11,791 [INFO] Qual: EPOCH[1] -> PLCC: 0.692525, SROCC: 0.638482, KROCC: 0.451592, LOSS: 0.590774
2026-08-21 15:10:11,791 [INFO] Align: EPOCH[1] -> PLCC: 0.604996, SROCC: 0.530634, KROCC: 0.363005, LOSS: 0.661646
2026-08-21 15:10:11,802 [INFO] Saving checkpoint at epoch 1 to run/20260821150_B1_V11_s4/checkpoint_best.pth.
2026-08-21 15:10:11,894 [INFO] Saving checkpoint at epoch 1 to run/20260821150_B1_V11_s4/checkpoint_best_joint.pth.
2026-08-21 15:10:11,969 [INFO] Start training
2026-08-21 15:10:12,263 [INFO] Start training epoch 2, 37 iters per inner epoch.
2026-08-21 15:10:37,471 [INFO] Averaged stats: lr: 0.000100  loss: 0.380876
2026-08-21 15:10:37,554 [INFO] gates: {"epoch": 2, "raw_quality_ratio": 2.4661, "quality_ratio": 0.037, "lambda_q": 0.015, "deviation_mean": 0.9024, "deviation_std": 0.1223, "patch_w_mean": 0.5334, "patch_w_std": 0.0333}
2026-08-21 15:10:37,554 [INFO] Evaluating on val.
Train: data epoch: [2]  [ 0/37]  eta: 0:00:52  lr: 0.000100  loss: 0.6486  time: 1.4135  data: 0.0001  max mem: 9342
Train: data epoch: [2]  [20/37]  eta: 0:00:12  lr: 0.000100  loss: 0.3167  time: 0.6872  data: 0.0000  max mem: 9342
Train: data epoch: [2]  [36/37]  eta: 0:00:00  lr: 0.000100  loss: 0.2346  time: 0.6397  data: 0.0000  max mem: 9342
Train: data epoch: [2] Total time: 0:00:25 (0.6813 s / it)
2026-08-21 15:10:44,651 [INFO] Qual: EPOCH[2] -> PLCC: 0.868450, SROCC: 0.812752, KROCC: 0.618923, LOSS: 0.245026
2026-08-21 15:10:44,651 [INFO] Align: EPOCH[2] -> PLCC: 0.791426, SROCC: 0.622074, KROCC: 0.442287, LOSS: 0.351686
2026-08-21 15:10:44,662 [INFO] Saving checkpoint at epoch 2 to run/20260821150_B1_V11_s4/checkpoint_best.pth.
2026-08-21 15:10:44,742 [INFO] Saving checkpoint at epoch 2 to run/20260821150_B1_V11_s4/checkpoint_best_joint.pth.
2026-08-21 15:10:44,807 [INFO] Start training
2026-08-21 15:10:45,133 [INFO] Start training epoch 3, 37 iters per inner epoch.
2026-08-21 15:11:10,161 [INFO] Averaged stats: lr: 0.000099  loss: 0.240100
2026-08-21 15:11:10,259 [INFO] gates: {"epoch": 3, "raw_quality_ratio": 2.7392, "quality_ratio": 0.0412, "lambda_q": 0.015, "deviation_mean": 0.943, "deviation_std": 0.1121, "patch_w_mean": 0.5225, "patch_w_std": 0.0256}
2026-08-21 15:11:10,259 [INFO] Evaluating on val.
Train: data epoch: [3]  [ 0/37]  eta: 0:00:44  lr: 0.000099  loss: 0.2237  time: 1.1902  data: 0.0001  max mem: 9342
Train: data epoch: [3]  [20/37]  eta: 0:00:12  lr: 0.000099  loss: 0.2237  time: 0.6857  data: 0.0000  max mem: 9342
Train: data epoch: [3]  [36/37]  eta: 0:00:00  lr: 0.000099  loss: 0.2457  time: 0.6433  data: 0.0000  max mem: 9342
Train: data epoch: [3] Total time: 0:00:25 (0.6764 s / it)
2026-08-21 15:11:17,196 [INFO] Qual: EPOCH[3] -> PLCC: 0.888318, SROCC: 0.843475, KROCC: 0.654263, LOSS: 0.205584
2026-08-21 15:11:17,197 [INFO] Align: EPOCH[3] -> PLCC: 0.805219, SROCC: 0.634140, KROCC: 0.453265, LOSS: 0.338888
2026-08-21 15:11:17,208 [INFO] Saving checkpoint at epoch 3 to run/20260821150_B1_V11_s4/checkpoint_best.pth.
2026-08-21 15:11:17,280 [INFO] Saving checkpoint at epoch 3 to run/20260821150_B1_V11_s4/checkpoint_best_joint.pth.
2026-08-21 15:11:17,339 [INFO] Start training
2026-08-21 15:11:17,608 [INFO] Start training epoch 4, 37 iters per inner epoch.
2026-08-21 15:11:42,662 [INFO] Averaged stats: lr: 0.000098  loss: 0.203851
2026-08-21 15:11:42,760 [INFO] gates: {"epoch": 4, "raw_quality_ratio": 2.6311, "quality_ratio": 0.0398, "lambda_q": 0.0151, "deviation_mean": 0.9959, "deviation_std": 0.1056, "patch_w_mean": 0.5108, "patch_w_std": 0.0226}
2026-08-21 15:11:42,760 [INFO] Evaluating on val.
Train: data epoch: [4]  [ 0/37]  eta: 0:00:45  lr: 0.000098  loss: 0.1970  time: 1.2243  data: 0.0001  max mem: 9342
Train: data epoch: [4]  [20/37]  eta: 0:00:12  lr: 0.000098  loss: 0.1944  time: 0.6850  data: 0.0000  max mem: 9342
Train: data epoch: [4]  [36/37]  eta: 0:00:00  lr: 0.000098  loss: 0.2077  time: 0.6431  data: 0.0000  max mem: 9342
Train: data epoch: [4] Total time: 0:00:25 (0.6771 s / it)
2026-08-21 15:11:49,807 [INFO] Qual: EPOCH[4] -> PLCC: 0.894699, SROCC: 0.852054, KROCC: 0.664643, LOSS: 0.195349
2026-08-21 15:11:49,807 [INFO] Align: EPOCH[4] -> PLCC: 0.811034, SROCC: 0.649098, KROCC: 0.466195, LOSS: 0.324264
2026-08-21 15:11:49,820 [INFO] Saving checkpoint at epoch 4 to run/20260821150_B1_V11_s4/checkpoint_best.pth.
2026-08-21 15:11:49,902 [INFO] Saving checkpoint at epoch 4 to run/20260821150_B1_V11_s4/checkpoint_best_joint.pth.
2026-08-21 15:11:49,966 [INFO] Start training
2026-08-21 15:11:50,231 [INFO] Start training epoch 5, 37 iters per inner epoch.
2026-08-21 15:12:15,327 [INFO] Averaged stats: lr: 0.000098  loss: 0.177565
2026-08-21 15:12:15,394 [INFO] gates: {"epoch": 5, "raw_quality_ratio": 2.5912, "quality_ratio": 0.0393, "lambda_q": 0.0152, "deviation_mean": 1.0525, "deviation_std": 0.0973, "patch_w_mean": 0.5036, "patch_w_std": 0.0211}
2026-08-21 15:12:15,394 [INFO] Evaluating on val.
Train: data epoch: [5]  [ 0/37]  eta: 0:00:48  lr: 0.000098  loss: 0.1589  time: 1.3158  data: 0.0002  max mem: 9342
Train: data epoch: [5]  [20/37]  eta: 0:00:12  lr: 0.000098  loss: 0.1681  time: 0.6861  data: 0.0000  max mem: 9342
Train: data epoch: [5]  [36/37]  eta: 0:00:00  lr: 0.000098  loss: 0.1595  time: 0.6396  data: 0.0000  max mem: 9342
Train: data epoch: [5] Total time: 0:00:25 (0.6783 s / it)
2026-08-21 15:12:21,979 [INFO] Qual: EPOCH[5] -> PLCC: 0.898351, SROCC: 0.857888, KROCC: 0.671492, LOSS: 0.188486
2026-08-21 15:12:21,979 [INFO] Align: EPOCH[5] -> PLCC: 0.812687, SROCC: 0.655261, KROCC: 0.471486, LOSS: 0.325608
2026-08-21 15:12:21,993 [INFO] Saving checkpoint at epoch 5 to run/20260821150_B1_V11_s4/checkpoint_best.pth.
2026-08-21 15:12:22,076 [INFO] Saving checkpoint at epoch 5 to run/20260821150_B1_V11_s4/checkpoint_best_joint.pth.
2026-08-21 15:12:22,140 [INFO] Start training
2026-08-21 15:12:22,416 [INFO] Start training epoch 6, 37 iters per inner epoch.
2026-08-21 15:12:47,630 [INFO] Averaged stats: lr: 0.000097  loss: 0.158842
2026-08-21 15:12:47,719 [INFO] gates: {"epoch": 6, "raw_quality_ratio": 2.8839, "quality_ratio": 0.044, "lambda_q": 0.0152, "deviation_mean": 1.111, "deviation_std": 0.0919, "patch_w_mean": 0.4901, "patch_w_std": 0.0223}
2026-08-21 15:12:47,720 [INFO] Evaluating on val.
Train: data epoch: [6]  [ 0/37]  eta: 0:00:50  lr: 0.000097  loss: 0.1900  time: 1.3564  data: 0.0001  max mem: 9342
Train: data epoch: [6]  [20/37]  eta: 0:00:12  lr: 0.000097  loss: 0.1190  time: 0.6807  data: 0.0000  max mem: 9342
Train: data epoch: [6]  [36/37]  eta: 0:00:00  lr: 0.000097  loss: 0.1667  time: 0.6479  data: 0.0000  max mem: 9342
Train: data epoch: [6] Total time: 0:00:25 (0.6815 s / it)
2026-08-21 15:12:54,830 [INFO] Qual: EPOCH[6] -> PLCC: 0.902184, SROCC: 0.862532, KROCC: 0.677596, LOSS: 0.182312
2026-08-21 15:12:54,830 [INFO] Align: EPOCH[6] -> PLCC: 0.817230, SROCC: 0.667175, KROCC: 0.482227, LOSS: 0.316236
2026-08-21 15:12:54,842 [INFO] Saving checkpoint at epoch 6 to run/20260821150_B1_V11_s4/checkpoint_best.pth.
2026-08-21 15:12:54,922 [INFO] Saving checkpoint at epoch 6 to run/20260821150_B1_V11_s4/checkpoint_best_joint.pth.
2026-08-21 15:12:54,991 [INFO] Start training
2026-08-21 15:12:55,286 [INFO] Start training epoch 7, 37 iters per inner epoch.
2026-08-21 15:13:20,559 [INFO] Averaged stats: lr: 0.000095  loss: 0.137785
2026-08-21 15:13:20,648 [INFO] gates: {"epoch": 7, "raw_quality_ratio": 2.858, "quality_ratio": 0.0439, "lambda_q": 0.0153, "deviation_mean": 1.1555, "deviation_std": 0.0893, "patch_w_mean": 0.4782, "patch_w_std": 0.0244}
2026-08-21 15:13:20,648 [INFO] Evaluating on val.
Train: data epoch: [7]  [ 0/37]  eta: 0:00:45  lr: 0.000095  loss: 0.1234  time: 1.2232  data: 0.0001  max mem: 9342
Train: data epoch: [7]  [20/37]  eta: 0:00:12  lr: 0.000095  loss: 0.1536  time: 0.6832  data: 0.0000  max mem: 9342
Train: data epoch: [7]  [36/37]  eta: 0:00:00  lr: 0.000095  loss: 0.1280  time: 0.6557  data: 0.0000  max mem: 9342
Train: data epoch: [7] Total time: 0:00:25 (0.6830 s / it)
2026-08-21 15:13:28,919 [INFO] Qual: EPOCH[7] -> PLCC: 0.901987, SROCC: 0.862158, KROCC: 0.677382, LOSS: 0.184161
2026-08-21 15:13:28,920 [INFO] Align: EPOCH[7] -> PLCC: 0.811941, SROCC: 0.664529, KROCC: 0.478831, LOSS: 0.329817
2026-08-21 15:13:28,921 [INFO] Start training
2026-08-21 15:13:29,267 [INFO] Start training epoch 8, 37 iters per inner epoch.
2026-08-21 15:13:53,962 [INFO] Averaged stats: lr: 0.000094  loss: 0.119537
2026-08-21 15:13:54,089 [INFO] gates: {"epoch": 8, "raw_quality_ratio": 2.74, "quality_ratio": 0.0423, "lambda_q": 0.0154, "deviation_mean": 1.2031, "deviation_std": 0.0921, "patch_w_mean": 0.4721, "patch_w_std": 0.0262}
2026-08-21 15:13:54,090 [INFO] Evaluating on val.
Train: data epoch: [8]  [ 0/37]  eta: 0:00:50  lr: 0.000094  loss: 0.1140  time: 1.3779  data: 0.0001  max mem: 9342
Train: data epoch: [8]  [20/37]  eta: 0:00:12  lr: 0.000094  loss: 0.1018  time: 0.6869  data: 0.0000  max mem: 9342
Train: data epoch: [8]  [36/37]  eta: 0:00:00  lr: 0.000094  loss: 0.1158  time: 0.6155  data: 0.0000  max mem: 9342
Train: data epoch: [8] Total time: 0:00:24 (0.6674 s / it)
2026-08-21 15:14:02,309 [INFO] Qual: EPOCH[8] -> PLCC: 0.899986, SROCC: 0.859764, KROCC: 0.675441, LOSS: 0.191860
2026-08-21 15:14:02,309 [INFO] Align: EPOCH[8] -> PLCC: 0.808027, SROCC: 0.667118, KROCC: 0.481404, LOSS: 0.346016
2026-08-21 15:14:02,310 [INFO] Start training
2026-08-21 15:14:02,592 [INFO] Start training epoch 9, 37 iters per inner epoch.
2026-08-21 15:14:26,668 [INFO] Averaged stats: lr: 0.000092  loss: 0.104491
2026-08-21 15:14:26,758 [INFO] gates: {"epoch": 9, "raw_quality_ratio": 2.847, "quality_ratio": 0.0442, "lambda_q": 0.0155, "deviation_mean": 1.2453, "deviation_std": 0.09, "patch_w_mean": 0.4628, "patch_w_std": 0.0282}
2026-08-21 15:14:26,758 [INFO] Evaluating on val.
Train: data epoch: [9]  [ 0/37]  eta: 0:00:47  lr: 0.000092  loss: 0.0990  time: 1.2784  data: 0.0001  max mem: 9342
Train: data epoch: [9]  [20/37]  eta: 0:00:11  lr: 0.000092  loss: 0.0909  time: 0.6653  data: 0.0000  max mem: 9342
Train: data epoch: [9]  [36/37]  eta: 0:00:00  lr: 0.000092  loss: 0.1191  time: 0.5935  data: 0.0000  max mem: 9342
Train: data epoch: [9] Total time: 0:00:24 (0.6507 s / it)
2026-08-21 15:14:34,889 [INFO] Qual: EPOCH[9] -> PLCC: 0.899568, SROCC: 0.857866, KROCC: 0.673151, LOSS: 0.193805
2026-08-21 15:14:34,889 [INFO] Align: EPOCH[9] -> PLCC: 0.805529, SROCC: 0.664687, KROCC: 0.479395, LOSS: 0.351173
2026-08-21 15:14:34,890 [INFO] Start training
2026-08-21 15:14:35,181 [INFO] Start training epoch 10, 37 iters per inner epoch.
2026-08-21 15:14:59,425 [INFO] Averaged stats: lr: 0.000091  loss: 0.089345
2026-08-21 15:14:59,538 [INFO] gates: {"epoch": 10, "raw_quality_ratio": 2.6398, "quality_ratio": 0.0413, "lambda_q": 0.0156, "deviation_mean": 1.2721, "deviation_std": 0.0971, "patch_w_mean": 0.4526, "patch_w_std": 0.0314}
2026-08-21 15:14:59,539 [INFO] Evaluating on val.
Train: data epoch: [10]  [ 0/37]  eta: 0:00:46  lr: 0.000091  loss: 0.0733  time: 1.2615  data: 0.0001  max mem: 9342
Train: data epoch: [10]  [20/37]  eta: 0:00:11  lr: 0.000091  loss: 0.1015  time: 0.6493  data: 0.0000  max mem: 9342
Train: data epoch: [10]  [36/37]  eta: 0:00:00  lr: 0.000091  loss: 0.0834  time: 0.5990  data: 0.0000  max mem: 9342
Train: data epoch: [10] Total time: 0:00:24 (0.6552 s / it)
2026-08-21 15:15:07,486 [INFO] Qual: EPOCH[10] -> PLCC: 0.899209, SROCC: 0.858477, KROCC: 0.674516, LOSS: 0.190033
2026-08-21 15:15:07,486 [INFO] Align: EPOCH[10] -> PLCC: 0.807668, SROCC: 0.665146, KROCC: 0.479734, LOSS: 0.343061
2026-08-21 15:15:07,498 [INFO] Saving checkpoint at epoch 10 to run/20260821150_B1_V11_s4/checkpoint_latest.pth.
2026-08-21 15:15:07,554 [INFO] Start training
2026-08-21 15:15:07,808 [INFO] Start training epoch 11, 37 iters per inner epoch.
2026-08-21 15:15:32,086 [INFO] Averaged stats: lr: 0.000089  loss: 0.078965
2026-08-21 15:15:32,181 [INFO] gates: {"epoch": 11, "raw_quality_ratio": 2.8044, "quality_ratio": 0.0441, "lambda_q": 0.0157, "deviation_mean": 1.2655, "deviation_std": 0.0973, "patch_w_mean": 0.4504, "patch_w_std": 0.0338}
2026-08-21 15:15:32,181 [INFO] Evaluating on val.
Train: data epoch: [11]  [ 0/37]  eta: 0:00:49  lr: 0.000089  loss: 0.0736  time: 1.3283  data: 0.0001  max mem: 9342
Train: data epoch: [11]  [20/37]  eta: 0:00:11  lr: 0.000089  loss: 0.0862  time: 0.6376  data: 0.0000  max mem: 9342
Train: data epoch: [11]  [36/37]  eta: 0:00:00  lr: 0.000089  loss: 0.1088  time: 0.6005  data: 0.0000  max mem: 9342
Train: data epoch: [11] Total time: 0:00:24 (0.6561 s / it)
2026-08-21 15:15:40,289 [INFO] Qual: EPOCH[11] -> PLCC: 0.899679, SROCC: 0.859189, KROCC: 0.675340, LOSS: 0.197910
2026-08-21 15:15:40,289 [INFO] Align: EPOCH[11] -> PLCC: 0.806961, SROCC: 0.662717, KROCC: 0.477522, LOSS: 0.346665
2026-08-21 15:15:40,290 [INFO] Start training
2026-08-21 15:15:40,549 [INFO] Start training epoch 12, 37 iters per inner epoch.
2026-08-21 15:16:04,868 [INFO] Averaged stats: lr: 0.000087  loss: 0.070751
2026-08-21 15:16:04,957 [INFO] gates: {"epoch": 12, "raw_quality_ratio": 2.6644, "quality_ratio": 0.0422, "lambda_q": 0.0159, "deviation_mean": 1.2663, "deviation_std": 0.0965, "patch_w_mean": 0.4449, "patch_w_std": 0.0373}
2026-08-21 15:16:04,957 [INFO] Evaluating on val.
Train: data epoch: [12]  [ 0/37]  eta: 0:00:48  lr: 0.000087  loss: 0.0630  time: 1.3016  data: 0.0001  max mem: 9342
Train: data epoch: [12]  [20/37]  eta: 0:00:11  lr: 0.000087  loss: 0.0547  time: 0.6391  data: 0.0000  max mem: 9342
Train: data epoch: [12]  [36/37]  eta: 0:00:00  lr: 0.000087  loss: 0.0756  time: 0.6321  data: 0.0000  max mem: 9342
Train: data epoch: [12] Total time: 0:00:24 (0.6573 s / it)
2026-08-21 15:16:13,038 [INFO] Qual: EPOCH[12] -> PLCC: 0.900507, SROCC: 0.858828, KROCC: 0.674076, LOSS: 0.189437
2026-08-21 15:16:13,039 [INFO] Align: EPOCH[12] -> PLCC: 0.800489, SROCC: 0.659645, KROCC: 0.475356, LOSS: 0.362289
2026-08-21 15:16:13,040 [INFO] Start training
2026-08-21 15:16:13,330 [INFO] Start training epoch 13, 37 iters per inner epoch.
2026-08-21 15:16:37,968 [INFO] Averaged stats: lr: 0.000084  loss: 0.061033
2026-08-21 15:16:38,063 [INFO] gates: {"epoch": 13, "raw_quality_ratio": 2.9352, "quality_ratio": 0.0468, "lambda_q": 0.016, "deviation_mean": 1.2882, "deviation_std": 0.1152, "patch_w_mean": 0.4237, "patch_w_std": 0.0442}
2026-08-21 15:16:38,063 [INFO] Evaluating on val.
Train: data epoch: [13]  [ 0/37]  eta: 0:00:47  lr: 0.000084  loss: 0.0570  time: 1.2910  data: 0.0001  max mem: 9342
Train: data epoch: [13]  [20/37]  eta: 0:00:11  lr: 0.000084  loss: 0.0433  time: 0.6471  data: 0.0000  max mem: 9342
Train: data epoch: [13]  [36/37]  eta: 0:00:00  lr: 0.000084  loss: 0.0606  time: 0.6628  data: 0.0000  max mem: 9342
Train: data epoch: [13] Total time: 0:00:24 (0.6659 s / it)
2026-08-21 15:16:46,134 [INFO] Qual: EPOCH[13] -> PLCC: 0.899074, SROCC: 0.856642, KROCC: 0.672045, LOSS: 0.191738
2026-08-21 15:16:46,134 [INFO] Align: EPOCH[13] -> PLCC: 0.802764, SROCC: 0.658380, KROCC: 0.474871, LOSS: 0.355725
2026-08-21 15:16:46,134 [INFO] Start training
2026-08-21 15:16:46,393 [INFO] Start training epoch 14, 37 iters per inner epoch.
2026-08-21 15:17:10,894 [INFO] Averaged stats: lr: 0.000082  loss: 0.052314
2026-08-21 15:17:10,977 [INFO] gates: {"epoch": 14, "raw_quality_ratio": 2.6978, "quality_ratio": 0.0434, "lambda_q": 0.0161, "deviation_mean": 1.2769, "deviation_std": 0.0945, "patch_w_mean": 0.4251, "patch_w_std": 0.0467}
2026-08-21 15:17:10,977 [INFO] Evaluating on val.
Train: data epoch: [14]  [ 0/37]  eta: 0:00:51  lr: 0.000082  loss: 0.0526  time: 1.3851  data: 0.0001  max mem: 9342
Train: data epoch: [14]  [20/37]  eta: 0:00:11  lr: 0.000082  loss: 0.0618  time: 0.6485  data: 0.0000  max mem: 9342
Train: data epoch: [14]  [36/37]  eta: 0:00:00  lr: 0.000082  loss: 0.0504  time: 0.6495  data: 0.0000  max mem: 9342
Train: data epoch: [14] Total time: 0:00:24 (0.6622 s / it)
2026-08-21 15:17:18,985 [INFO] Qual: EPOCH[14] -> PLCC: 0.899838, SROCC: 0.858009, KROCC: 0.673918, LOSS: 0.190548
2026-08-21 15:17:18,985 [INFO] Align: EPOCH[14] -> PLCC: 0.799418, SROCC: 0.649127, KROCC: 0.465743, LOSS: 0.360872
2026-08-21 15:17:18,986 [INFO] Start training
2026-08-21 15:17:19,270 [INFO] Start training epoch 15, 37 iters per inner epoch.
2026-08-21 15:17:43,556 [INFO] Averaged stats: lr: 0.000080  loss: 0.046624
2026-08-21 15:17:43,663 [INFO] gates: {"epoch": 15, "raw_quality_ratio": 2.6595, "quality_ratio": 0.043, "lambda_q": 0.0162, "deviation_mean": 1.2673, "deviation_std": 0.1261, "patch_w_mean": 0.4127, "patch_w_std": 0.0504}
2026-08-21 15:17:43,664 [INFO] Evaluating on val.
Train: data epoch: [15]  [ 0/37]  eta: 0:00:53  lr: 0.000080  loss: 0.0456  time: 1.4345  data: 0.0001  max mem: 9342
Train: data epoch: [15]  [20/37]  eta: 0:00:11  lr: 0.000080  loss: 0.0546  time: 0.6446  data: 0.0000  max mem: 9342
Train: data epoch: [15]  [36/37]  eta: 0:00:00  lr: 0.000080  loss: 0.0485  time: 0.6404  data: 0.0000  max mem: 9342
Train: data epoch: [15] Total time: 0:00:24 (0.6564 s / it)
2026-08-21 15:17:51,822 [INFO] Qual: EPOCH[15] -> PLCC: 0.896698, SROCC: 0.855674, KROCC: 0.670646, LOSS: 0.200758
2026-08-21 15:17:51,823 [INFO] Align: EPOCH[15] -> PLCC: 0.799830, SROCC: 0.654572, KROCC: 0.471091, LOSS: 0.364203
2026-08-21 15:17:51,837 [INFO] Saving checkpoint at epoch 15 to run/20260821150_B1_V11_s4/checkpoint_latest.pth.
2026-08-21 15:17:51,922 [INFO] Start training
2026-08-21 15:17:52,187 [INFO] Start training epoch 16, 37 iters per inner epoch.
2026-08-21 15:18:15,847 [INFO] Averaged stats: lr: 0.000077  loss: 0.041425
2026-08-21 15:18:15,937 [INFO] gates: {"epoch": 16, "raw_quality_ratio": 2.9054, "quality_ratio": 0.0474, "lambda_q": 0.0163, "deviation_mean": 1.2259, "deviation_std": 0.1051, "patch_w_mean": 0.4119, "patch_w_std": 0.0514}
2026-08-21 15:18:15,937 [INFO] Evaluating on val.
Train: data epoch: [16]  [ 0/37]  eta: 0:00:42  lr: 0.000077  loss: 0.0431  time: 1.1527  data: 0.0001  max mem: 9342
Train: data epoch: [16]  [20/37]  eta: 0:00:11  lr: 0.000077  loss: 0.0307  time: 0.6450  data: 0.0000  max mem: 9342
Train: data epoch: [16]  [36/37]  eta: 0:00:00  lr: 0.000077  loss: 0.0298  time: 0.6174  data: 0.0000  max mem: 9342
Train: data epoch: [16] Total time: 0:00:23 (0.6394 s / it)
2026-08-21 15:18:23,901 [INFO] Qual: EPOCH[16] -> PLCC: 0.897810, SROCC: 0.857427, KROCC: 0.673241, LOSS: 0.196165
2026-08-21 15:18:23,902 [INFO] Align: EPOCH[16] -> PLCC: 0.795586, SROCC: 0.647815, KROCC: 0.464559, LOSS: 0.375362
2026-08-21 15:18:23,903 [INFO] Start training
2026-08-21 15:18:24,184 [INFO] Start training epoch 17, 37 iters per inner epoch.
2026-08-21 15:18:48,432 [INFO] Averaged stats: lr: 0.000074  loss: 0.037121
2026-08-21 15:18:48,527 [INFO] gates: {"epoch": 17, "raw_quality_ratio": 2.7948, "quality_ratio": 0.0459, "lambda_q": 0.0164, "deviation_mean": 1.2165, "deviation_std": 0.1118, "patch_w_mean": 0.4015, "patch_w_std": 0.0566}
2026-08-21 15:18:48,527 [INFO] Evaluating on val.
Train: data epoch: [17]  [ 0/37]  eta: 0:00:48  lr: 0.000074  loss: 0.0443  time: 1.3050  data: 0.0001  max mem: 9342
Train: data epoch: [17]  [20/37]  eta: 0:00:11  lr: 0.000074  loss: 0.0349  time: 0.6229  data: 0.0000  max mem: 9342
Train: data epoch: [17]  [36/37]  eta: 0:00:00  lr: 0.000074  loss: 0.0424  time: 0.6321  data: 0.0000  max mem: 9342
Train: data epoch: [17] Total time: 0:00:24 (0.6554 s / it)
2026-08-21 15:18:56,624 [INFO] Qual: EPOCH[17] -> PLCC: 0.899267, SROCC: 0.857518, KROCC: 0.673252, LOSS: 0.191546
2026-08-21 15:18:56,624 [INFO] Align: EPOCH[17] -> PLCC: 0.788542, SROCC: 0.639898, KROCC: 0.457947, LOSS: 0.388944
2026-08-21 15:18:56,624 [INFO] Start training
2026-08-21 15:18:56,888 [INFO] Start training epoch 18, 37 iters per inner epoch.
2026-08-21 15:19:21,075 [INFO] Averaged stats: lr: 0.000072  loss: 0.033455
2026-08-21 15:19:21,177 [INFO] gates: {"epoch": 18, "raw_quality_ratio": 2.7885, "quality_ratio": 0.0462, "lambda_q": 0.0166, "deviation_mean": 1.2112, "deviation_std": 0.1057, "patch_w_mean": 0.3936, "patch_w_std": 0.0605}
2026-08-21 15:19:21,178 [INFO] Evaluating on val.
Train: data epoch: [18]  [ 0/37]  eta: 0:00:42  lr: 0.000072  loss: 0.0247  time: 1.1427  data: 0.0001  max mem: 9342
Train: data epoch: [18]  [20/37]  eta: 0:00:10  lr: 0.000072  loss: 0.0328  time: 0.6117  data: 0.0000  max mem: 9342
Train: data epoch: [18]  [36/37]  eta: 0:00:00  lr: 0.000072  loss: 0.0374  time: 0.6403  data: 0.0000  max mem: 9342
Train: data epoch: [18] Total time: 0:00:24 (0.6537 s / it)
2026-08-21 15:19:29,160 [INFO] Qual: EPOCH[18] -> PLCC: 0.898992, SROCC: 0.857901, KROCC: 0.674042, LOSS: 0.192792
2026-08-21 15:19:29,160 [INFO] Align: EPOCH[18] -> PLCC: 0.794025, SROCC: 0.644573, KROCC: 0.462099, LOSS: 0.380138
2026-08-21 15:19:29,161 [INFO] Start training
2026-08-21 15:19:29,418 [INFO] Start training epoch 19, 37 iters per inner epoch.
2026-08-21 15:19:53,436 [INFO] Averaged stats: lr: 0.000069  loss: 0.029327
2026-08-21 15:19:53,516 [INFO] gates: {"epoch": 19, "raw_quality_ratio": 2.8832, "quality_ratio": 0.0482, "lambda_q": 0.0167, "deviation_mean": 1.1856, "deviation_std": 0.0997, "patch_w_mean": 0.3874, "patch_w_std": 0.0621}
2026-08-21 15:19:53,516 [INFO] Evaluating on val.
Train: data epoch: [19]  [ 0/37]  eta: 0:00:47  lr: 0.000069  loss: 0.0328  time: 1.2840  data: 0.0001  max mem: 9342
Train: data epoch: [19]  [20/37]  eta: 0:00:10  lr: 0.000069  loss: 0.0366  time: 0.5899  data: 0.0000  max mem: 9342
Train: data epoch: [19]  [36/37]  eta: 0:00:00  lr: 0.000069  loss: 0.0287  time: 0.6261  data: 0.0000  max mem: 9342
Train: data epoch: [19] Total time: 0:00:24 (0.6491 s / it)
2026-08-21 15:20:01,607 [INFO] Qual: EPOCH[19] -> PLCC: 0.898900, SROCC: 0.857795, KROCC: 0.673986, LOSS: 0.196802
2026-08-21 15:20:01,607 [INFO] Align: EPOCH[19] -> PLCC: 0.794876, SROCC: 0.641447, KROCC: 0.460170, LOSS: 0.371037
2026-08-21 15:20:01,608 [INFO] Start training
2026-08-21 15:20:01,897 [INFO] Start training epoch 20, 37 iters per inner epoch.
2026-08-21 15:20:26,409 [INFO] Averaged stats: lr: 0.000066  loss: 0.028595
2026-08-21 15:20:26,493 [INFO] gates: {"epoch": 20, "raw_quality_ratio": 2.8601, "quality_ratio": 0.048, "lambda_q": 0.0168, "deviation_mean": 1.1849, "deviation_std": 0.1052, "patch_w_mean": 0.3834, "patch_w_std": 0.0664}
2026-08-21 15:20:26,493 [INFO] Evaluating on val.
Train: data epoch: [20]  [ 0/37]  eta: 0:00:51  lr: 0.000066  loss: 0.0326  time: 1.3911  data: 0.0001  max mem: 9342
Train: data epoch: [20]  [20/37]  eta: 0:00:10  lr: 0.000066  loss: 0.0333  time: 0.6086  data: 0.0000  max mem: 9342
Train: data epoch: [20]  [36/37]  eta: 0:00:00  lr: 0.000066  loss: 0.0248  time: 0.6682  data: 0.0000  max mem: 9342
Train: data epoch: [20] Total time: 0:00:24 (0.6625 s / it)
2026-08-21 15:20:34,482 [INFO] Qual: EPOCH[20] -> PLCC: 0.897295, SROCC: 0.855969, KROCC: 0.672113, LOSS: 0.197379
2026-08-21 15:20:34,482 [INFO] Align: EPOCH[20] -> PLCC: 0.791440, SROCC: 0.640406, KROCC: 0.458940, LOSS: 0.384702
2026-08-21 15:20:34,496 [INFO] Saving checkpoint at epoch 20 to run/20260821150_B1_V11_s4/checkpoint_latest.pth.
2026-08-21 15:20:34,578 [INFO] Start training
2026-08-21 15:20:34,862 [INFO] Start training epoch 21, 37 iters per inner epoch.
2026-08-21 15:20:59,174 [INFO] Averaged stats: lr: 0.000063  loss: 0.024934
2026-08-21 15:20:59,267 [INFO] gates: {"epoch": 21, "raw_quality_ratio": 2.8596, "quality_ratio": 0.0483, "lambda_q": 0.0169, "deviation_mean": 1.1939, "deviation_std": 0.1213, "patch_w_mean": 0.371, "patch_w_std": 0.0724}
2026-08-21 15:20:59,267 [INFO] Evaluating on val.
Train: data epoch: [21]  [ 0/37]  eta: 0:00:45  lr: 0.000063  loss: 0.0259  time: 1.2279  data: 0.0001  max mem: 9342
Train: data epoch: [21]  [20/37]  eta: 0:00:10  lr: 0.000063  loss: 0.0281  time: 0.6068  data: 0.0000  max mem: 9342
Train: data epoch: [21]  [36/37]  eta: 0:00:00  lr: 0.000063  loss: 0.0397  time: 0.6839  data: 0.0000  max mem: 9342
Train: data epoch: [21] Total time: 0:00:24 (0.6571 s / it)
2026-08-21 15:21:07,319 [INFO] Qual: EPOCH[21] -> PLCC: 0.897479, SROCC: 0.855723, KROCC: 0.671391, LOSS: 0.197664
2026-08-21 15:21:07,319 [INFO] Align: EPOCH[21] -> PLCC: 0.789439, SROCC: 0.631103, KROCC: 0.451584, LOSS: 0.385184
2026-08-21 15:21:07,320 [INFO] Start training
2026-08-21 15:21:07,597 [INFO] Start training epoch 22, 37 iters per inner epoch.
2026-08-21 15:21:32,322 [INFO] Averaged stats: lr: 0.000060  loss: 0.023649
2026-08-21 15:21:32,407 [INFO] gates: {"epoch": 22, "raw_quality_ratio": 2.8386, "quality_ratio": 0.0484, "lambda_q": 0.017, "deviation_mean": 1.183, "deviation_std": 0.0994, "patch_w_mean": 0.368, "patch_w_std": 0.0719}
2026-08-21 15:21:32,407 [INFO] Evaluating on val.
Train: data epoch: [22]  [ 0/37]  eta: 0:00:46  lr: 0.000060  loss: 0.0211  time: 1.2472  data: 0.0001  max mem: 9342
Train: data epoch: [22]  [20/37]  eta: 0:00:11  lr: 0.000060  loss: 0.0233  time: 0.6289  data: 0.0000  max mem: 9342
Train: data epoch: [22]  [36/37]  eta: 0:00:00  lr: 0.000060  loss: 0.0245  time: 0.6821  data: 0.0000  max mem: 9342
Train: data epoch: [22] Total time: 0:00:24 (0.6682 s / it)
2026-08-21 15:21:40,482 [INFO] Qual: EPOCH[22] -> PLCC: 0.896546, SROCC: 0.855502, KROCC: 0.671289, LOSS: 0.200638
2026-08-21 15:21:40,482 [INFO] Align: EPOCH[22] -> PLCC: 0.789908, SROCC: 0.631488, KROCC: 0.451640, LOSS: 0.385004
2026-08-21 15:21:40,483 [INFO] Start training
2026-08-21 15:21:40,740 [INFO] Start training epoch 23, 37 iters per inner epoch.
2026-08-21 15:22:05,518 [INFO] Averaged stats: lr: 0.000057  loss: 0.022090
2026-08-21 15:22:05,619 [INFO] gates: {"epoch": 23, "raw_quality_ratio": 2.6323, "quality_ratio": 0.0451, "lambda_q": 0.0171, "deviation_mean": 1.2022, "deviation_std": 0.105, "patch_w_mean": 0.3627, "patch_w_std": 0.0746}
2026-08-21 15:22:05,619 [INFO] Evaluating on val.
Train: data epoch: [23]  [ 0/37]  eta: 0:00:44  lr: 0.000057  loss: 0.0233  time: 1.2018  data: 0.0001  max mem: 9342
Train: data epoch: [23]  [20/37]  eta: 0:00:11  lr: 0.000057  loss: 0.0178  time: 0.6311  data: 0.0000  max mem: 9342
Train: data epoch: [23]  [36/37]  eta: 0:00:00  lr: 0.000057  loss: 0.0235  time: 0.6841  data: 0.0000  max mem: 9342
Train: data epoch: [23] Total time: 0:00:24 (0.6697 s / it)
2026-08-21 15:22:13,652 [INFO] Qual: EPOCH[23] -> PLCC: 0.898111, SROCC: 0.857535, KROCC: 0.673049, LOSS: 0.196540
2026-08-21 15:22:13,652 [INFO] Align: EPOCH[23] -> PLCC: 0.785639, SROCC: 0.634687, KROCC: 0.453998, LOSS: 0.402220
2026-08-21 15:22:13,653 [INFO] Start training
2026-08-21 15:22:13,910 [INFO] Start training epoch 24, 37 iters per inner epoch.
2026-08-21 15:22:39,002 [INFO] Averaged stats: lr: 0.000054  loss: 0.020811
2026-08-21 15:22:39,100 [INFO] gates: {"epoch": 24, "raw_quality_ratio": 2.8954, "quality_ratio": 0.0498, "lambda_q": 0.0172, "deviation_mean": 1.2085, "deviation_std": 0.1054, "patch_w_mean": 0.3475, "patch_w_std": 0.0753}
2026-08-21 15:22:39,101 [INFO] Evaluating on val.
Train: data epoch: [24]  [ 0/37]  eta: 0:00:51  lr: 0.000054  loss: 0.0184  time: 1.3965  data: 0.0001  max mem: 9342
Train: data epoch: [24]  [20/37]  eta: 0:00:11  lr: 0.000054  loss: 0.0239  time: 0.6370  data: 0.0000  max mem: 9342
Train: data epoch: [24]  [36/37]  eta: 0:00:00  lr: 0.000054  loss: 0.0189  time: 0.6827  data: 0.0000  max mem: 9342
Train: data epoch: [24] Total time: 0:00:25 (0.6781 s / it)
2026-08-21 15:22:47,068 [INFO] Qual: EPOCH[24] -> PLCC: 0.898873, SROCC: 0.859342, KROCC: 0.675735, LOSS: 0.195934
2026-08-21 15:22:47,068 [INFO] Align: EPOCH[24] -> PLCC: 0.788861, SROCC: 0.639173, KROCC: 0.457857, LOSS: 0.385892
2026-08-21 15:22:47,069 [INFO] Start training
2026-08-21 15:22:47,368 [INFO] Start training epoch 25, 37 iters per inner epoch.
2026-08-21 15:23:12,684 [INFO] Averaged stats: lr: 0.000050  loss: 0.019728
2026-08-21 15:23:12,792 [INFO] gates: {"epoch": 25, "raw_quality_ratio": 2.9682, "quality_ratio": 0.0513, "lambda_q": 0.0173, "deviation_mean": 1.191, "deviation_std": 0.1013, "patch_w_mean": 0.3438, "patch_w_std": 0.0756}
2026-08-21 15:23:12,793 [INFO] Evaluating on val.
Train: data epoch: [25]  [ 0/37]  eta: 0:00:58  lr: 0.000051  loss: 0.0204  time: 1.5696  data: 0.0001  max mem: 9342
Train: data epoch: [25]  [20/37]  eta: 0:00:11  lr: 0.000051  loss: 0.0200  time: 0.6360  data: 0.0000  max mem: 9342
Train: data epoch: [25]  [36/37]  eta: 0:00:00  lr: 0.000051  loss: 0.0197  time: 0.6874  data: 0.0000  max mem: 9342
Train: data epoch: [25] Total time: 0:00:25 (0.6842 s / it)
2026-08-21 15:23:20,427 [INFO] Qual: EPOCH[25] -> PLCC: 0.897105, SROCC: 0.857527, KROCC: 0.673546, LOSS: 0.198541
2026-08-21 15:23:20,427 [INFO] Align: EPOCH[25] -> PLCC: 0.784716, SROCC: 0.631229, KROCC: 0.451742, LOSS: 0.397787
2026-08-21 15:23:20,444 [INFO] Saving checkpoint at epoch 25 to run/20260821150_B1_V11_s4/checkpoint_latest.pth.
2026-08-21 15:23:20,541 [INFO] Start training
2026-08-21 15:23:20,831 [INFO] Start training epoch 26, 37 iters per inner epoch.
2026-08-21 15:23:45,998 [INFO] Averaged stats: lr: 0.000047  loss: 0.018948
2026-08-21 15:23:46,093 [INFO] gates: {"epoch": 26, "raw_quality_ratio": 2.6212, "quality_ratio": 0.0455, "lambda_q": 0.0174, "deviation_mean": 1.1948, "deviation_std": 0.1042, "patch_w_mean": 0.3489, "patch_w_std": 0.0786}
2026-08-21 15:23:46,093 [INFO] Evaluating on val.
Train: data epoch: [26]  [ 0/37]  eta: 0:00:44  lr: 0.000047  loss: 0.0226  time: 1.2135  data: 0.0001  max mem: 9342
Train: data epoch: [26]  [20/37]  eta: 0:00:11  lr: 0.000047  loss: 0.0180  time: 0.6487  data: 0.0000  max mem: 9342
Train: data epoch: [26]  [36/37]  eta: 0:00:00  lr: 0.000047  loss: 0.0273  time: 0.6852  data: 0.0000  max mem: 9342
Train: data epoch: [26] Total time: 0:00:25 (0.6802 s / it)
2026-08-21 15:23:53,361 [INFO] Qual: EPOCH[26] -> PLCC: 0.898360, SROCC: 0.859162, KROCC: 0.675182, LOSS: 0.197157
2026-08-21 15:23:53,361 [INFO] Align: EPOCH[26] -> PLCC: 0.786506, SROCC: 0.633505, KROCC: 0.453570, LOSS: 0.393630
2026-08-21 15:23:53,362 [INFO] Start training
2026-08-21 15:23:53,655 [INFO] Start training epoch 27, 37 iters per inner epoch.
2026-08-21 15:24:18,734 [INFO] Averaged stats: lr: 0.000044  loss: 0.016911
2026-08-21 15:24:18,824 [INFO] gates: {"epoch": 27, "raw_quality_ratio": 2.6318, "quality_ratio": 0.0459, "lambda_q": 0.0175, "deviation_mean": 1.1943, "deviation_std": 0.109, "patch_w_mean": 0.3385, "patch_w_std": 0.0775}
2026-08-21 15:24:18,824 [INFO] Evaluating on val.
Train: data epoch: [27]  [ 0/37]  eta: 0:00:51  lr: 0.000044  loss: 0.0172  time: 1.3937  data: 0.0001  max mem: 9342
Train: data epoch: [27]  [20/37]  eta: 0:00:11  lr: 0.000044  loss: 0.0136  time: 0.6368  data: 0.0000  max mem: 9342
Train: data epoch: [27]  [36/37]  eta: 0:00:00  lr: 0.000044  loss: 0.0197  time: 0.6843  data: 0.0000  max mem: 9342
Train: data epoch: [27] Total time: 0:00:25 (0.6778 s / it)
2026-08-21 15:24:25,872 [INFO] Qual: EPOCH[27] -> PLCC: 0.898605, SROCC: 0.858671, KROCC: 0.674798, LOSS: 0.194830
2026-08-21 15:24:25,872 [INFO] Align: EPOCH[27] -> PLCC: 0.783680, SROCC: 0.629521, KROCC: 0.450252, LOSS: 0.400497
2026-08-21 15:24:25,873 [INFO] Start training
2026-08-21 15:24:26,131 [INFO] Start training epoch 28, 37 iters per inner epoch.
2026-08-21 15:24:51,306 [INFO] Averaged stats: lr: 0.000041  loss: 0.016509
2026-08-21 15:24:51,393 [INFO] gates: {"epoch": 28, "raw_quality_ratio": 2.9461, "quality_ratio": 0.0516, "lambda_q": 0.0175, "deviation_mean": 1.1914, "deviation_std": 0.1063, "patch_w_mean": 0.3331, "patch_w_std": 0.0807}
2026-08-21 15:24:51,393 [INFO] Evaluating on val.
Train: data epoch: [28]  [ 0/37]  eta: 0:00:47  lr: 0.000041  loss: 0.0139  time: 1.2933  data: 0.0001  max mem: 9342
Train: data epoch: [28]  [20/37]  eta: 0:00:11  lr: 0.000041  loss: 0.0115  time: 0.6458  data: 0.0000  max mem: 9342
Train: data epoch: [28]  [36/37]  eta: 0:00:00  lr: 0.000041  loss: 0.0211  time: 0.6848  data: 0.0000  max mem: 9342
Train: data epoch: [28] Total time: 0:00:25 (0.6804 s / it)
2026-08-21 15:24:58,653 [INFO] Qual: EPOCH[28] -> PLCC: 0.898173, SROCC: 0.857677, KROCC: 0.673794, LOSS: 0.196211
2026-08-21 15:24:58,653 [INFO] Align: EPOCH[28] -> PLCC: 0.783402, SROCC: 0.625714, KROCC: 0.446890, LOSS: 0.398391
2026-08-21 15:24:58,654 [INFO] Start training
2026-08-21 15:24:58,911 [INFO] Start training epoch 29, 37 iters per inner epoch.
2026-08-21 15:25:24,056 [INFO] Averaged stats: lr: 0.000038  loss: 0.015895
2026-08-21 15:25:24,149 [INFO] gates: {"epoch": 29, "raw_quality_ratio": 3.0863, "quality_ratio": 0.0543, "lambda_q": 0.0176, "deviation_mean": 1.1804, "deviation_std": 0.1091, "patch_w_mean": 0.3269, "patch_w_std": 0.0841}
2026-08-21 15:25:24,149 [INFO] Evaluating on val.
Train: data epoch: [29]  [ 0/37]  eta: 0:00:53  lr: 0.000038  loss: 0.0167  time: 1.4394  data: 0.0001  max mem: 9342
Train: data epoch: [29]  [20/37]  eta: 0:00:11  lr: 0.000038  loss: 0.0148  time: 0.6383  data: 0.0000  max mem: 9342
Train: data epoch: [29]  [36/37]  eta: 0:00:00  lr: 0.000038  loss: 0.0132  time: 0.6827  data: 0.0000  max mem: 9342
Train: data epoch: [29] Total time: 0:00:25 (0.6796 s / it)
2026-08-21 15:25:31,508 [INFO] Qual: EPOCH[29] -> PLCC: 0.898693, SROCC: 0.858397, KROCC: 0.674584, LOSS: 0.195239
2026-08-21 15:25:31,509 [INFO] Align: EPOCH[29] -> PLCC: 0.783871, SROCC: 0.626406, KROCC: 0.447556, LOSS: 0.400024
2026-08-21 15:25:31,510 [INFO] Start training
2026-08-21 15:25:31,858 [INFO] Start training epoch 30, 37 iters per inner epoch.
2026-08-21 15:25:56,771 [INFO] Averaged stats: lr: 0.000035  loss: 0.015492
2026-08-21 15:25:56,885 [INFO] gates: {"epoch": 30, "raw_quality_ratio": 2.9519, "quality_ratio": 0.0521, "lambda_q": 0.0177, "deviation_mean": 1.168, "deviation_std": 0.1016, "patch_w_mean": 0.3296, "patch_w_std": 0.0823}
2026-08-21 15:25:56,886 [INFO] Evaluating on val.
Train: data epoch: [30]  [ 0/37]  eta: 0:00:47  lr: 0.000035  loss: 0.0124  time: 1.2839  data: 0.0001  max mem: 9342
Train: data epoch: [30]  [20/37]  eta: 0:00:11  lr: 0.000035  loss: 0.0182  time: 0.6352  data: 0.0000  max mem: 9342
Train: data epoch: [30]  [36/37]  eta: 0:00:00  lr: 0.000035  loss: 0.0130  time: 0.6831  data: 0.0000  max mem: 9342
Train: data epoch: [30] Total time: 0:00:24 (0.6733 s / it)
2026-08-21 15:26:04,132 [INFO] Qual: EPOCH[30] -> PLCC: 0.897588, SROCC: 0.858443, KROCC: 0.674753, LOSS: 0.197602
2026-08-21 15:26:04,132 [INFO] Align: EPOCH[30] -> PLCC: 0.783057, SROCC: 0.630665, KROCC: 0.450907, LOSS: 0.404349
2026-08-21 15:26:04,144 [INFO] Saving checkpoint at epoch 30 to run/20260821150_B1_V11_s4/checkpoint_latest.pth.
2026-08-21 15:26:04,215 [INFO] Start training
2026-08-21 15:26:04,478 [INFO] Start training epoch 31, 37 iters per inner epoch.
2026-08-21 15:26:29,046 [INFO] Averaged stats: lr: 0.000032  loss: 0.014726
2026-08-21 15:26:29,149 [INFO] gates: {"epoch": 31, "raw_quality_ratio": 2.6385, "quality_ratio": 0.0467, "lambda_q": 0.0177, "deviation_mean": 1.1668, "deviation_std": 0.095, "patch_w_mean": 0.3289, "patch_w_std": 0.0778}
2026-08-21 15:26:29,149 [INFO] Evaluating on val.
Train: data epoch: [31]  [ 0/37]  eta: 0:00:36  lr: 0.000032  loss: 0.0133  time: 0.9858  data: 0.0001  max mem: 9342
Train: data epoch: [31]  [20/37]  eta: 0:00:11  lr: 0.000032  loss: 0.0093  time: 0.6324  data: 0.0000  max mem: 9342
Train: data epoch: [31]  [36/37]  eta: 0:00:00  lr: 0.000032  loss: 0.0119  time: 0.6819  data: 0.0000  max mem: 9342
Train: data epoch: [31] Total time: 0:00:24 (0.6640 s / it)
2026-08-21 15:26:36,692 [INFO] Qual: EPOCH[31] -> PLCC: 0.897717, SROCC: 0.858723, KROCC: 0.674956, LOSS: 0.198619
2026-08-21 15:26:36,692 [INFO] Align: EPOCH[31] -> PLCC: 0.781734, SROCC: 0.627342, KROCC: 0.448064, LOSS: 0.406311
2026-08-21 15:26:36,693 [INFO] Start training
2026-08-21 15:26:36,952 [INFO] Start training epoch 32, 37 iters per inner epoch.
2026-08-21 15:27:01,678 [INFO] Averaged stats: lr: 0.000029  loss: 0.013872
2026-08-21 15:27:01,769 [INFO] gates: {"epoch": 32, "raw_quality_ratio": 2.6357, "quality_ratio": 0.0467, "lambda_q": 0.0177, "deviation_mean": 1.16, "deviation_std": 0.0953, "patch_w_mean": 0.3192, "patch_w_std": 0.0801}
2026-08-21 15:27:01,769 [INFO] Evaluating on val.
Train: data epoch: [32]  [ 0/37]  eta: 0:00:39  lr: 0.000029  loss: 0.0168  time: 1.0611  data: 0.0001  max mem: 9342
Train: data epoch: [32]  [20/37]  eta: 0:00:11  lr: 0.000029  loss: 0.0096  time: 0.6380  data: 0.0000  max mem: 9342
Train: data epoch: [32]  [36/37]  eta: 0:00:00  lr: 0.000029  loss: 0.0176  time: 0.6813  data: 0.0000  max mem: 9342
Train: data epoch: [32] Total time: 0:00:24 (0.6683 s / it)
2026-08-21 15:27:09,131 [INFO] Qual: EPOCH[32] -> PLCC: 0.898163, SROCC: 0.859231, KROCC: 0.675385, LOSS: 0.198108
2026-08-21 15:27:09,131 [INFO] Align: EPOCH[32] -> PLCC: 0.779876, SROCC: 0.623693, KROCC: 0.445532, LOSS: 0.406172
2026-08-21 15:27:09,132 [INFO] Start training
2026-08-21 15:27:09,418 [INFO] Start training epoch 33, 37 iters per inner epoch.
2026-08-21 15:27:34,173 [INFO] Averaged stats: lr: 0.000027  loss: 0.013518
2026-08-21 15:27:34,256 [INFO] gates: {"epoch": 33, "raw_quality_ratio": 2.8328, "quality_ratio": 0.0503, "lambda_q": 0.0178, "deviation_mean": 1.1386, "deviation_std": 0.1014, "patch_w_mean": 0.3261, "patch_w_std": 0.0811}
2026-08-21 15:27:34,256 [INFO] Evaluating on val.
Train: data epoch: [33]  [ 0/37]  eta: 0:00:32  lr: 0.000027  loss: 0.0127  time: 0.8767  data: 0.0001  max mem: 9342
Train: data epoch: [33]  [20/37]  eta: 0:00:11  lr: 0.000027  loss: 0.0179  time: 0.6455  data: 0.0000  max mem: 9342
Train: data epoch: [33]  [36/37]  eta: 0:00:00  lr: 0.000027  loss: 0.0126  time: 0.6856  data: 0.0000  max mem: 9342
Train: data epoch: [33] Total time: 0:00:24 (0.6690 s / it)
2026-08-21 15:27:41,786 [INFO] Qual: EPOCH[33] -> PLCC: 0.897375, SROCC: 0.857563, KROCC: 0.673354, LOSS: 0.198457
2026-08-21 15:27:41,786 [INFO] Align: EPOCH[33] -> PLCC: 0.782569, SROCC: 0.625868, KROCC: 0.447669, LOSS: 0.400894
2026-08-21 15:27:41,787 [INFO] Start training
2026-08-21 15:27:42,104 [INFO] Start training epoch 34, 37 iters per inner epoch.
2026-08-21 15:28:07,470 [INFO] Averaged stats: lr: 0.000024  loss: 0.012804
2026-08-21 15:28:07,555 [INFO] gates: {"epoch": 34, "raw_quality_ratio": 2.9695, "quality_ratio": 0.0529, "lambda_q": 0.0178, "deviation_mean": 1.1472, "deviation_std": 0.1036, "patch_w_mean": 0.3186, "patch_w_std": 0.0813}
2026-08-21 15:28:07,555 [INFO] Evaluating on val.
Train: data epoch: [34]  [ 0/37]  eta: 0:00:42  lr: 0.000024  loss: 0.0117  time: 1.1448  data: 0.0001  max mem: 9342
Train: data epoch: [34]  [20/37]  eta: 0:00:11  lr: 0.000024  loss: 0.0133  time: 0.6674  data: 0.0000  max mem: 9342
Train: data epoch: [34]  [36/37]  eta: 0:00:00  lr: 0.000024  loss: 0.0119  time: 0.6805  data: 0.0000  max mem: 9342
Train: data epoch: [34] Total time: 0:00:25 (0.6856 s / it)
2026-08-21 15:28:15,821 [INFO] Qual: EPOCH[34] -> PLCC: 0.897859, SROCC: 0.858803, KROCC: 0.674967, LOSS: 0.198143
2026-08-21 15:28:15,821 [INFO] Align: EPOCH[34] -> PLCC: 0.781617, SROCC: 0.623735, KROCC: 0.445051, LOSS: 0.404241
2026-08-21 15:28:15,822 [INFO] Start training
2026-08-21 15:28:16,108 [INFO] Start training epoch 35, 37 iters per inner epoch.
2026-08-21 15:28:41,865 [INFO] Averaged stats: lr: 0.000021  loss: 0.012808
2026-08-21 15:28:41,963 [INFO] gates: {"epoch": 35, "raw_quality_ratio": 2.7447, "quality_ratio": 0.049, "lambda_q": 0.0178, "deviation_mean": 1.1336, "deviation_std": 0.1026, "patch_w_mean": 0.3217, "patch_w_std": 0.0805}
2026-08-21 15:28:41,964 [INFO] Evaluating on val.
Train: data epoch: [35]  [ 0/37]  eta: 0:00:38  lr: 0.000021  loss: 0.0110  time: 1.0412  data: 0.0001  max mem: 9342
Train: data epoch: [35]  [20/37]  eta: 0:00:12  lr: 0.000021  loss: 0.0134  time: 0.6910  data: 0.0000  max mem: 9342
Train: data epoch: [35]  [36/37]  eta: 0:00:00  lr: 0.000021  loss: 0.0183  time: 0.6822  data: 0.0000  max mem: 9342
Train: data epoch: [35] Total time: 0:00:25 (0.6961 s / it)
2026-08-21 15:28:50,202 [INFO] Qual: EPOCH[35] -> PLCC: 0.898704, SROCC: 0.858963, KROCC: 0.674618, LOSS: 0.195694
2026-08-21 15:28:50,202 [INFO] Align: EPOCH[35] -> PLCC: 0.780182, SROCC: 0.623967, KROCC: 0.445277, LOSS: 0.405710
2026-08-21 15:28:50,214 [INFO] Saving checkpoint at epoch 35 to run/20260821150_B1_V11_s4/checkpoint_latest.pth.
2026-08-21 15:28:50,338 [INFO] Start training
2026-08-21 15:28:50,638 [INFO] Start training epoch 36, 37 iters per inner epoch.
2026-08-21 15:29:16,961 [INFO] Averaged stats: lr: 0.000019  loss: 0.012222
2026-08-21 15:29:17,047 [INFO] gates: {"epoch": 36, "raw_quality_ratio": 2.7374, "quality_ratio": 0.0489, "lambda_q": 0.0179, "deviation_mean": 1.1304, "deviation_std": 0.1009, "patch_w_mean": 0.3207, "patch_w_std": 0.0802}
2026-08-21 15:29:17,047 [INFO] Evaluating on val.
Train: data epoch: [36]  [ 0/37]  eta: 0:01:18  lr: 0.000019  loss: 0.0112  time: 2.1336  data: 0.0002  max mem: 9342
Train: data epoch: [36]  [20/37]  eta: 0:00:12  lr: 0.000019  loss: 0.0120  time: 0.6858  data: 0.0000  max mem: 9342
Train: data epoch: [36]  [36/37]  eta: 0:00:00  lr: 0.000019  loss: 0.0143  time: 0.6600  data: 0.0000  max mem: 9342
Train: data epoch: [36] Total time: 0:00:26 (0.7114 s / it)
2026-08-21 15:29:24,975 [INFO] Qual: EPOCH[36] -> PLCC: 0.897839, SROCC: 0.858265, KROCC: 0.673839, LOSS: 0.197193
2026-08-21 15:29:24,975 [INFO] Align: EPOCH[36] -> PLCC: 0.780733, SROCC: 0.624513, KROCC: 0.446168, LOSS: 0.404547
2026-08-21 15:29:24,976 [INFO] Start training
2026-08-21 15:29:25,375 [INFO] Start training epoch 37, 37 iters per inner epoch.
2026-08-21 15:29:51,152 [INFO] Averaged stats: lr: 0.000017  loss: 0.012295
2026-08-21 15:29:51,246 [INFO] gates: {"epoch": 37, "raw_quality_ratio": 2.9251, "quality_ratio": 0.0524, "lambda_q": 0.0179, "deviation_mean": 1.1319, "deviation_std": 0.105, "patch_w_mean": 0.3181, "patch_w_std": 0.0848}
2026-08-21 15:29:51,246 [INFO] Evaluating on val.
Train: data epoch: [37]  [ 0/37]  eta: 0:01:18  lr: 0.000017  loss: 0.0177  time: 2.1208  data: 0.0001  max mem: 9342
Train: data epoch: [37]  [20/37]  eta: 0:00:12  lr: 0.000017  loss: 0.0132  time: 0.6845  data: 0.0000  max mem: 9342
Train: data epoch: [37]  [36/37]  eta: 0:00:00  lr: 0.000017  loss: 0.0119  time: 0.6349  data: 0.0000  max mem: 9342
Train: data epoch: [37] Total time: 0:00:25 (0.6967 s / it)
2026-08-21 15:29:58,704 [INFO] Qual: EPOCH[37] -> PLCC: 0.897230, SROCC: 0.857621, KROCC: 0.673422, LOSS: 0.198409
2026-08-21 15:29:58,705 [INFO] Align: EPOCH[37] -> PLCC: 0.779654, SROCC: 0.622840, KROCC: 0.444543, LOSS: 0.407207
2026-08-21 15:29:58,706 [INFO] Start training
2026-08-21 15:29:59,051 [INFO] Start training epoch 38, 37 iters per inner epoch.
2026-08-21 15:30:23,993 [INFO] Averaged stats: lr: 0.000014  loss: 0.012084
2026-08-21 15:30:24,075 [INFO] gates: {"epoch": 38, "raw_quality_ratio": 2.6953, "quality_ratio": 0.0483, "lambda_q": 0.0179, "deviation_mean": 1.1318, "deviation_std": 0.1096, "patch_w_mean": 0.3221, "patch_w_std": 0.0808}
2026-08-21 15:30:24,075 [INFO] Evaluating on val.
Train: data epoch: [38]  [ 0/37]  eta: 0:00:44  lr: 0.000014  loss: 0.0105  time: 1.2016  data: 0.0001  max mem: 9342
Train: data epoch: [38]  [20/37]  eta: 0:00:12  lr: 0.000014  loss: 0.0104  time: 0.6846  data: 0.0000  max mem: 9342
Train: data epoch: [38]  [36/37]  eta: 0:00:00  lr: 0.000014  loss: 0.0086  time: 0.6392  data: 0.0000  max mem: 9342
Train: data epoch: [38] Total time: 0:00:24 (0.6741 s / it)
2026-08-21 15:30:31,339 [INFO] Qual: EPOCH[38] -> PLCC: 0.898133, SROCC: 0.858547, KROCC: 0.674358, LOSS: 0.197598
2026-08-21 15:30:31,340 [INFO] Align: EPOCH[38] -> PLCC: 0.780549, SROCC: 0.623068, KROCC: 0.444577, LOSS: 0.406230
2026-08-21 15:30:31,340 [INFO] Start training
2026-08-21 15:30:31,627 [INFO] Start training epoch 39, 37 iters per inner epoch.
2026-08-21 15:30:56,859 [INFO] Averaged stats: lr: 0.000012  loss: 0.011483
2026-08-21 15:30:56,954 [INFO] gates: {"epoch": 39, "raw_quality_ratio": 2.6351, "quality_ratio": 0.0473, "lambda_q": 0.018, "deviation_mean": 1.1477, "deviation_std": 0.1122, "patch_w_mean": 0.3168, "patch_w_std": 0.0853}
2026-08-21 15:30:56,955 [INFO] Evaluating on val.
Train: data epoch: [39]  [ 0/37]  eta: 0:00:56  lr: 0.000012  loss: 0.0077  time: 1.5349  data: 0.0001  max mem: 9342
Train: data epoch: [39]  [20/37]  eta: 0:00:12  lr: 0.000012  loss: 0.0112  time: 0.6834  data: 0.0000  max mem: 9342
Train: data epoch: [39]  [36/37]  eta: 0:00:00  lr: 0.000012  loss: 0.0107  time: 0.6383  data: 0.0000  max mem: 9342
Train: data epoch: [39] Total time: 0:00:25 (0.6819 s / it)
2026-08-21 15:31:04,246 [INFO] Qual: EPOCH[39] -> PLCC: 0.898378, SROCC: 0.858851, KROCC: 0.674900, LOSS: 0.196791
2026-08-21 15:31:04,246 [INFO] Align: EPOCH[39] -> PLCC: 0.779353, SROCC: 0.622365, KROCC: 0.443878, LOSS: 0.408395
2026-08-21 15:31:04,247 [INFO] Start training
2026-08-21 15:31:04,568 [INFO] Start training epoch 40, 37 iters per inner epoch.
2026-08-21 15:31:29,614 [INFO] Averaged stats: lr: 0.000010  loss: 0.011499
2026-08-21 15:31:29,705 [INFO] gates: {"epoch": 40, "raw_quality_ratio": 2.8629, "quality_ratio": 0.0515, "lambda_q": 0.018, "deviation_mean": 1.1406, "deviation_std": 0.0989, "patch_w_mean": 0.3119, "patch_w_std": 0.0827}
2026-08-21 15:31:29,705 [INFO] Evaluating on val.
Train: data epoch: [40]  [ 0/37]  eta: 0:00:47  lr: 0.000010  loss: 0.0103  time: 1.2830  data: 0.0001  max mem: 9342
Train: data epoch: [40]  [20/37]  eta: 0:00:12  lr: 0.000010  loss: 0.0109  time: 0.6839  data: 0.0000  max mem: 9342
Train: data epoch: [40]  [36/37]  eta: 0:00:00  lr: 0.000010  loss: 0.0107  time: 0.6401  data: 0.0000  max mem: 9342
Train: data epoch: [40] Total time: 0:00:25 (0.6769 s / it)
2026-08-21 15:31:36,966 [INFO] Qual: EPOCH[40] -> PLCC: 0.898050, SROCC: 0.858656, KROCC: 0.674539, LOSS: 0.197013
2026-08-21 15:31:36,966 [INFO] Align: EPOCH[40] -> PLCC: 0.779590, SROCC: 0.622432, KROCC: 0.444408, LOSS: 0.407175
2026-08-21 15:31:36,978 [INFO] Saving checkpoint at epoch 40 to run/20260821150_B1_V11_s4/checkpoint_latest.pth.
2026-08-21 15:31:37,058 [INFO] Start training
2026-08-21 15:31:37,344 [INFO] Start training epoch 41, 37 iters per inner epoch.
2026-08-21 15:32:02,347 [INFO] Averaged stats: lr: 0.000009  loss: 0.011310
2026-08-21 15:32:02,434 [INFO] gates: {"epoch": 41, "raw_quality_ratio": 2.9322, "quality_ratio": 0.0528, "lambda_q": 0.018, "deviation_mean": 1.1494, "deviation_std": 0.1092, "patch_w_mean": 0.3084, "patch_w_std": 0.0815}
2026-08-21 15:32:02,434 [INFO] Evaluating on val.
Train: data epoch: [41]  [ 0/37]  eta: 0:00:46  lr: 0.000009  loss: 0.0132  time: 1.2568  data: 0.0001  max mem: 9342
Train: data epoch: [41]  [20/37]  eta: 0:00:12  lr: 0.000009  loss: 0.0182  time: 0.6850  data: 0.0000  max mem: 9342
Train: data epoch: [41]  [36/37]  eta: 0:00:00  lr: 0.000009  loss: 0.0087  time: 0.6394  data: 0.0000  max mem: 9342
Train: data epoch: [41] Total time: 0:00:25 (0.6757 s / it)
2026-08-21 15:32:09,679 [INFO] Qual: EPOCH[41] -> PLCC: 0.897702, SROCC: 0.858042, KROCC: 0.673692, LOSS: 0.197445
2026-08-21 15:32:09,679 [INFO] Align: EPOCH[41] -> PLCC: 0.779434, SROCC: 0.622294, KROCC: 0.444216, LOSS: 0.408271
2026-08-21 15:32:09,680 [INFO] Start training
2026-08-21 15:32:09,966 [INFO] Start training epoch 42, 37 iters per inner epoch.
2026-08-21 15:32:35,244 [INFO] Averaged stats: lr: 0.000007  loss: 0.011152
2026-08-21 15:32:35,340 [INFO] gates: {"epoch": 42, "raw_quality_ratio": 2.7689, "quality_ratio": 0.0499, "lambda_q": 0.018, "deviation_mean": 1.1352, "deviation_std": 0.1023, "patch_w_mean": 0.314, "patch_w_std": 0.0839}
2026-08-21 15:32:35,340 [INFO] Evaluating on val.
Train: data epoch: [42]  [ 0/37]  eta: 0:00:52  lr: 0.000007  loss: 0.0136  time: 1.4216  data: 0.0001  max mem: 9342
Train: data epoch: [42]  [20/37]  eta: 0:00:12  lr: 0.000007  loss: 0.0096  time: 0.6854  data: 0.0000  max mem: 9342
Train: data epoch: [42]  [36/37]  eta: 0:00:00  lr: 0.000007  loss: 0.0211  time: 0.6440  data: 0.0000  max mem: 9342
Train: data epoch: [42] Total time: 0:00:25 (0.6832 s / it)
2026-08-21 15:32:43,606 [INFO] Qual: EPOCH[42] -> PLCC: 0.897969, SROCC: 0.858320, KROCC: 0.674279, LOSS: 0.197409
2026-08-21 15:32:43,606 [INFO] Align: EPOCH[42] -> PLCC: 0.778924, SROCC: 0.621694, KROCC: 0.443900, LOSS: 0.409468
2026-08-21 15:32:43,607 [INFO] Start training
2026-08-21 15:32:43,920 [INFO] Start training epoch 43, 37 iters per inner epoch.
2026-08-21 15:33:08,798 [INFO] Averaged stats: lr: 0.000006  loss: 0.011242
2026-08-21 15:33:08,919 [INFO] gates: {"epoch": 43, "raw_quality_ratio": 2.7755, "quality_ratio": 0.05, "lambda_q": 0.018, "deviation_mean": 1.1516, "deviation_std": 0.1099, "patch_w_mean": 0.3144, "patch_w_std": 0.0827}
2026-08-21 15:33:08,920 [INFO] Evaluating on val.
Train: data epoch: [43]  [ 0/37]  eta: 0:00:51  lr: 0.000006  loss: 0.0085  time: 1.3842  data: 0.0001  max mem: 9342
Train: data epoch: [43]  [20/37]  eta: 0:00:12  lr: 0.000006  loss: 0.0131  time: 0.6862  data: 0.0000  max mem: 9342
Train: data epoch: [43]  [36/37]  eta: 0:00:00  lr: 0.000006  loss: 0.0081  time: 0.6250  data: 0.0000  max mem: 9342
Train: data epoch: [43] Total time: 0:00:24 (0.6724 s / it)
2026-08-21 15:33:17,262 [INFO] Qual: EPOCH[43] -> PLCC: 0.897882, SROCC: 0.858499, KROCC: 0.674426, LOSS: 0.197612
2026-08-21 15:33:17,262 [INFO] Align: EPOCH[43] -> PLCC: 0.778934, SROCC: 0.621886, KROCC: 0.443912, LOSS: 0.409458
2026-08-21 15:33:17,263 [INFO] Start training
2026-08-21 15:33:17,556 [INFO] Start training epoch 44, 37 iters per inner epoch.
2026-08-21 15:33:41,980 [INFO] Averaged stats: lr: 0.000004  loss: 0.011211
2026-08-21 15:33:42,061 [INFO] gates: {"epoch": 44, "raw_quality_ratio": 2.6133, "quality_ratio": 0.0471, "lambda_q": 0.018, "deviation_mean": 1.1513, "deviation_std": 0.108, "patch_w_mean": 0.3123, "patch_w_std": 0.0851}
2026-08-21 15:33:42,061 [INFO] Evaluating on val.
Train: data epoch: [44]  [ 0/37]  eta: 0:00:46  lr: 0.000004  loss: 0.0179  time: 1.2565  data: 0.0002  max mem: 9342
Train: data epoch: [44]  [20/37]  eta: 0:00:12  lr: 0.000004  loss: 0.0116  time: 0.6867  data: 0.0000  max mem: 9342
Train: data epoch: [44]  [36/37]  eta: 0:00:00  lr: 0.000004  loss: 0.0122  time: 0.6086  data: 0.0000  max mem: 9342
Train: data epoch: [44] Total time: 0:00:24 (0.6601 s / it)
2026-08-21 15:33:50,456 [INFO] Qual: EPOCH[44] -> PLCC: 0.897849, SROCC: 0.858613, KROCC: 0.674550, LOSS: 0.197588
2026-08-21 15:33:50,456 [INFO] Align: EPOCH[44] -> PLCC: 0.779008, SROCC: 0.621625, KROCC: 0.443630, LOSS: 0.409336
2026-08-21 15:33:50,457 [INFO] Start training
2026-08-21 15:33:50,774 [INFO] Start training epoch 45, 37 iters per inner epoch.
2026-08-21 15:34:15,034 [INFO] Averaged stats: lr: 0.000003  loss: 0.010844
2026-08-21 15:34:15,146 [INFO] gates: {"epoch": 45, "raw_quality_ratio": 2.8972, "quality_ratio": 0.0522, "lambda_q": 0.018, "deviation_mean": 1.121, "deviation_std": 0.1032, "patch_w_mean": 0.3137, "patch_w_std": 0.0822}
2026-08-21 15:34:15,146 [INFO] Evaluating on val.
Train: data epoch: [45]  [ 0/37]  eta: 0:00:52  lr: 0.000003  loss: 0.0167  time: 1.4206  data: 0.0001  max mem: 9342
Train: data epoch: [45]  [20/37]  eta: 0:00:11  lr: 0.000003  loss: 0.0097  time: 0.6633  data: 0.0000  max mem: 9342
Train: data epoch: [45]  [36/37]  eta: 0:00:00  lr: 0.000003  loss: 0.0096  time: 0.5904  data: 0.0000  max mem: 9342
Train: data epoch: [45] Total time: 0:00:24 (0.6557 s / it)
2026-08-21 15:34:23,232 [INFO] Qual: EPOCH[45] -> PLCC: 0.897936, SROCC: 0.858693, KROCC: 0.674494, LOSS: 0.197435
2026-08-21 15:34:23,232 [INFO] Align: EPOCH[45] -> PLCC: 0.779310, SROCC: 0.621527, KROCC: 0.443776, LOSS: 0.407831
2026-08-21 15:34:23,246 [INFO] Saving checkpoint at epoch 45 to run/20260821150_B1_V11_s4/checkpoint_latest.pth.
2026-08-21 15:34:23,319 [INFO] Start training
2026-08-21 15:34:23,605 [INFO] Start training epoch 46, 37 iters per inner epoch.
2026-08-21 15:34:47,842 [INFO] Averaged stats: lr: 0.000003  loss: 0.010807
2026-08-21 15:34:47,939 [INFO] gates: {"epoch": 46, "raw_quality_ratio": 2.8861, "quality_ratio": 0.0521, "lambda_q": 0.018, "deviation_mean": 1.1392, "deviation_std": 0.1029, "patch_w_mean": 0.3146, "patch_w_std": 0.0862}
2026-08-21 15:34:47,940 [INFO] Evaluating on val.
Train: data epoch: [46]  [ 0/37]  eta: 0:00:53  lr: 0.000003  loss: 0.0079  time: 1.4414  data: 0.0001  max mem: 9342
Train: data epoch: [46]  [20/37]  eta: 0:00:11  lr: 0.000003  loss: 0.0100  time: 0.6365  data: 0.0000  max mem: 9342
Train: data epoch: [46]  [36/37]  eta: 0:00:00  lr: 0.000003  loss: 0.0089  time: 0.5877  data: 0.0000  max mem: 9342
Train: data epoch: [46] Total time: 0:00:24 (0.6551 s / it)
2026-08-21 15:34:56,086 [INFO] Qual: EPOCH[46] -> PLCC: 0.897952, SROCC: 0.858610, KROCC: 0.674347, LOSS: 0.197127
2026-08-21 15:34:56,086 [INFO] Align: EPOCH[46] -> PLCC: 0.779453, SROCC: 0.621559, KROCC: 0.443833, LOSS: 0.407770
2026-08-21 15:34:56,087 [INFO] Start training
2026-08-21 15:34:56,368 [INFO] Start training epoch 47, 37 iters per inner epoch.
2026-08-21 15:35:20,527 [INFO] Averaged stats: lr: 0.000002  loss: 0.010553
2026-08-21 15:35:20,602 [INFO] gates: {"epoch": 47, "raw_quality_ratio": 2.7209, "quality_ratio": 0.0491, "lambda_q": 0.018, "deviation_mean": 1.1388, "deviation_std": 0.1019, "patch_w_mean": 0.3117, "patch_w_std": 0.0834}
2026-08-21 15:35:20,602 [INFO] Evaluating on val.
Train: data epoch: [47]  [ 0/37]  eta: 0:00:51  lr: 0.000002  loss: 0.0090  time: 1.4005  data: 0.0001  max mem: 9342
Train: data epoch: [47]  [20/37]  eta: 0:00:11  lr: 0.000002  loss: 0.0078  time: 0.6358  data: 0.0000  max mem: 9342
Train: data epoch: [47]  [36/37]  eta: 0:00:00  lr: 0.000002  loss: 0.0110  time: 0.6011  data: 0.0000  max mem: 9342
Train: data epoch: [47] Total time: 0:00:24 (0.6529 s / it)
2026-08-21 15:35:28,677 [INFO] Qual: EPOCH[47] -> PLCC: 0.897960, SROCC: 0.858651, KROCC: 0.674539, LOSS: 0.196977
2026-08-21 15:35:28,677 [INFO] Align: EPOCH[47] -> PLCC: 0.778746, SROCC: 0.621316, KROCC: 0.443551, LOSS: 0.409708
2026-08-21 15:35:28,678 [INFO] Start training
2026-08-21 15:35:28,991 [INFO] Start training epoch 48, 37 iters per inner epoch.
2026-08-21 15:35:50,963 [INFO] Averaged stats: lr: 0.000001  loss: 0.010781
2026-08-21 15:35:51,033 [INFO] gates: {"epoch": 48, "raw_quality_ratio": 3.0143, "quality_ratio": 0.0544, "lambda_q": 0.018, "deviation_mean": 1.1332, "deviation_std": 0.1071, "patch_w_mean": 0.3123, "patch_w_std": 0.0854}
2026-08-21 15:35:51,033 [INFO] Evaluating on val.
Train: data epoch: [48]  [ 0/37]  eta: 0:00:54  lr: 0.000001  loss: 0.0173  time: 1.4656  data: 0.0001  max mem: 9342
Train: data epoch: [48]  [20/37]  eta: 0:00:11  lr: 0.000001  loss: 0.0091  time: 0.6390  data: 0.0000  max mem: 9342
Train: data epoch: [48]  [36/37]  eta: 0:00:00  lr: 0.000001  loss: 0.0145  time: 0.5181  data: 0.0000  max mem: 9342
Train: data epoch: [48] Total time: 0:00:21 (0.5938 s / it)
2026-08-21 15:35:55,553 [INFO] Qual: EPOCH[48] -> PLCC: 0.897903, SROCC: 0.858727, KROCC: 0.674697, LOSS: 0.197267
2026-08-21 15:35:55,553 [INFO] Align: EPOCH[48] -> PLCC: 0.779177, SROCC: 0.621575, KROCC: 0.443867, LOSS: 0.408352
2026-08-21 15:35:55,554 [INFO] Start training
2026-08-21 15:35:55,874 [INFO] Start training epoch 49, 37 iters per inner epoch.
2026-08-21 15:36:08,643 [INFO] Averaged stats: lr: 0.000001  loss: 0.010999
2026-08-21 15:36:08,730 [INFO] gates: {"epoch": 49, "raw_quality_ratio": 3.0005, "quality_ratio": 0.0542, "lambda_q": 0.018, "deviation_mean": 1.1411, "deviation_std": 0.1031, "patch_w_mean": 0.3073, "patch_w_std": 0.0848}
2026-08-21 15:36:08,731 [INFO] Evaluating on val.
Train: data epoch: [49]  [ 0/37]  eta: 0:00:38  lr: 0.000001  loss: 0.0072  time: 1.0281  data: 0.0001  max mem: 9342
Train: data epoch: [49]  [20/37]  eta: 0:00:06  lr: 0.000001  loss: 0.0090  time: 0.3260  data: 0.0000  max mem: 9342
Train: data epoch: [49]  [36/37]  eta: 0:00:00  lr: 0.000001  loss: 0.0114  time: 0.3262  data: 0.0000  max mem: 9342
Train: data epoch: [49] Total time: 0:00:12 (0.3451 s / it)
2026-08-21 15:36:13,202 [INFO] Qual: EPOCH[49] -> PLCC: 0.897937, SROCC: 0.858775, KROCC: 0.674843, LOSS: 0.197184
2026-08-21 15:36:13,202 [INFO] Align: EPOCH[49] -> PLCC: 0.779198, SROCC: 0.621462, KROCC: 0.443810, LOSS: 0.408390
2026-08-21 15:36:13,214 [INFO] Saving checkpoint at epoch 49 to run/20260821150_B1_V11_s4/checkpoint_latest.pth.
[{'agg_metrics': np.float64(4.408944289202045), 'qual_agg': np.float64(2.4423120265166345), 'qual_PLCC': np.float64(0.9021835463361134), 'qual_SROCC': np.float64(0.8625320151837028), 'qual_KROCC': np.float64(0.677596464996818), 'align_agg': np.float64(1.9666322626854107), 'align_PLCC': np.float64(0.817229922707789), 'align_SROCC': np.float64(0.6671751504343997), 'align_KROCC': np.float64(0.48222718954322197)}]
{'agg_metrics': np.float64(4.408944289202045), 'qual_agg': np.float64(2.4423120265166345), 'qual_PLCC': np.float64(0.9021835463361134), 'qual_SROCC': np.float64(0.8625320151837028), 'qual_KROCC': np.float64(0.677596464996818), 'align_agg': np.float64(1.9666322626854107), 'align_PLCC': np.float64(0.817229922707789), 'align_SROCC': np.float64(0.6671751504343997), 'align_KROCC': np.float64(0.48222718954322197)}
