2026-08-21 18:40:18,641 [INFO] Loaded init weights from init_ckpt/v14_init_seed42.pth
2026-08-21 18:40:18,641 [INFO] Start training
2026-08-21 18:40:18,662 [INFO] number of trainable parameters: 3213831
Not using distributed mode
['msqr_dgmpq_hcmi_v8', 'msqr_dgmpq_mscm_v10', 'msqr_dgmpq_mscm_v11', 'msqr_dgmpq_mscm_v12', 'msqr_dgmpq_msrc_v14', 'msqr_dgmpq_tcap_v9']
2026-08-21 18:40:20,331 [INFO] Start training epoch 0, 37 iters per inner epoch.
2026-08-21 18:40:42,826 [INFO] Averaged stats: lr: 0.000036  loss: 7.080322
2026-08-21 18:40:42,950 [INFO] gates: {"epoch": 0, "raw_quality_ratio": 6.1886, "quality_ratio": 0.0711, "lambda_q": 0.0116, "deviation_mean": 1.07, "deviation_std": 0.0575, "patch_w_mean": 0.5185, "patch_w_std": 0.0113}
2026-08-21 18:40:42,951 [INFO] Evaluating on val.
Train: data epoch: [0]  [ 0/37]  eta: 0:02:38  lr: 0.000000  loss: 8.0876  time: 4.2969  data: 0.0001  max mem: 5166
Train: data epoch: [0]  [20/37]  eta: 0:00:12  lr: 0.000040  loss: 6.3210  time: 0.5427  data: 0.0000  max mem: 5182
Train: data epoch: [0]  [36/37]  eta: 0:00:00  lr: 0.000072  loss: 5.9382  time: 0.4758  data: 0.0000  max mem: 5182
Train: data epoch: [0] Total time: 0:00:22 (0.6080 s / it)
2026-08-21 18:40:49,055 [INFO] Qual: EPOCH[0] -> PLCC: -0.136498, SROCC: -0.113273, KROCC: -0.075835, LOSS: 5.644871
2026-08-21 18:40:49,055 [INFO] Align: EPOCH[0] -> PLCC: -0.073826, SROCC: -0.058073, KROCC: -0.039015, LOSS: 6.099620
2026-08-21 18:40:49,074 [INFO] Saving checkpoint at epoch 0 to run/20260821184_B1_V14_s4/checkpoint_best.pth.
2026-08-21 18:40:49,178 [INFO] Saving checkpoint at epoch 0 to run/20260821184_B1_V14_s4/checkpoint_best_joint.pth.
2026-08-21 18:40:49,252 [INFO] Start training
2026-08-21 18:40:49,730 [INFO] Start training epoch 1, 37 iters per inner epoch.
2026-08-21 18:41:10,872 [INFO] Averaged stats: lr: 0.000100  loss: 2.875204
2026-08-21 18:41:10,951 [INFO] gates: {"epoch": 1, "raw_quality_ratio": 2.8416, "quality_ratio": 0.0453, "lambda_q": 0.0159, "deviation_mean": 1.1433, "deviation_std": 0.0609, "patch_w_mean": 0.5417, "patch_w_std": 0.0257}
2026-08-21 18:41:10,951 [INFO] Evaluating on val.
Train: data epoch: [1]  [ 0/37]  eta: 0:01:25  lr: 0.000100  loss: 6.2192  time: 2.3041  data: 0.0001  max mem: 5182
Train: data epoch: [1]  [20/37]  eta: 0:00:10  lr: 0.000100  loss: 2.0677  time: 0.5345  data: 0.0000  max mem: 5182
Train: data epoch: [1]  [36/37]  eta: 0:00:00  lr: 0.000100  loss: 1.0626  time: 0.5137  data: 0.0000  max mem: 5182
Train: data epoch: [1] Total time: 0:00:21 (0.5714 s / it)
2026-08-21 18:41:17,450 [INFO] Qual: EPOCH[1] -> PLCC: 0.394612, SROCC: 0.395332, KROCC: 0.270957, LOSS: 0.988660
2026-08-21 18:41:17,450 [INFO] Align: EPOCH[1] -> PLCC: 0.337085, SROCC: 0.346229, KROCC: 0.239325, LOSS: 0.893997
2026-08-21 18:41:17,465 [INFO] Saving checkpoint at epoch 1 to run/20260821184_B1_V14_s4/checkpoint_best.pth.
2026-08-21 18:41:17,570 [INFO] Saving checkpoint at epoch 1 to run/20260821184_B1_V14_s4/checkpoint_best_joint.pth.
2026-08-21 18:41:17,659 [INFO] Start training
2026-08-21 18:41:18,048 [INFO] Start training epoch 2, 37 iters per inner epoch.
2026-08-21 18:41:38,028 [INFO] Averaged stats: lr: 0.000100  loss: 0.710187
2026-08-21 18:41:38,158 [INFO] gates: {"epoch": 2, "raw_quality_ratio": 3.0885, "quality_ratio": 0.0494, "lambda_q": 0.016, "deviation_mean": 1.2122, "deviation_std": 0.0657, "patch_w_mean": 0.5022, "patch_w_std": 0.0222}
2026-08-21 18:41:38,159 [INFO] Evaluating on val.
Train: data epoch: [2]  [ 0/37]  eta: 0:01:00  lr: 0.000100  loss: 1.1040  time: 1.6348  data: 0.0001  max mem: 5182
Train: data epoch: [2]  [20/37]  eta: 0:00:09  lr: 0.000100  loss: 0.7365  time: 0.5174  data: 0.0000  max mem: 5182
Train: data epoch: [2]  [36/37]  eta: 0:00:00  lr: 0.000100  loss: 0.5526  time: 0.4876  data: 0.0000  max mem: 5182
Train: data epoch: [2] Total time: 0:00:19 (0.5400 s / it)
2026-08-21 18:41:44,632 [INFO] Qual: EPOCH[2] -> PLCC: 0.773678, SROCC: 0.723970, KROCC: 0.533858, LOSS: 0.449573
2026-08-21 18:41:44,632 [INFO] Align: EPOCH[2] -> PLCC: 0.677170, SROCC: 0.606699, KROCC: 0.435066, LOSS: 0.533691
2026-08-21 18:41:44,647 [INFO] Saving checkpoint at epoch 2 to run/20260821184_B1_V14_s4/checkpoint_best.pth.
2026-08-21 18:41:44,738 [INFO] Saving checkpoint at epoch 2 to run/20260821184_B1_V14_s4/checkpoint_best_joint.pth.
2026-08-21 18:41:44,831 [INFO] Start training
2026-08-21 18:41:45,232 [INFO] Start training epoch 3, 37 iters per inner epoch.
2026-08-21 18:42:05,527 [INFO] Averaged stats: lr: 0.000099  loss: 0.375982
2026-08-21 18:42:05,625 [INFO] gates: {"epoch": 3, "raw_quality_ratio": 3.0589, "quality_ratio": 0.0503, "lambda_q": 0.0165, "deviation_mean": 1.2956, "deviation_std": 0.1054, "patch_w_mean": 0.4729, "patch_w_std": 0.0264}
2026-08-21 18:42:05,625 [INFO] Evaluating on val.
Train: data epoch: [3]  [ 0/37]  eta: 0:01:09  lr: 0.000099  loss: 0.6438  time: 1.8894  data: 0.0001  max mem: 5182
Train: data epoch: [3]  [20/37]  eta: 0:00:10  lr: 0.000099  loss: 0.2682  time: 0.5305  data: 0.0000  max mem: 5182
Train: data epoch: [3]  [36/37]  eta: 0:00:00  lr: 0.000099  loss: 0.2716  time: 0.5021  data: 0.0000  max mem: 5182
Train: data epoch: [3] Total time: 0:00:20 (0.5485 s / it)
2026-08-21 18:42:11,861 [INFO] Qual: EPOCH[3] -> PLCC: 0.858802, SROCC: 0.800094, KROCC: 0.609468, LOSS: 0.256626
2026-08-21 18:42:11,861 [INFO] Align: EPOCH[3] -> PLCC: 0.775752, SROCC: 0.669186, KROCC: 0.486616, LOSS: 0.373950
2026-08-21 18:42:11,882 [INFO] Saving checkpoint at epoch 3 to run/20260821184_B1_V14_s4/checkpoint_best.pth.
2026-08-21 18:42:11,984 [INFO] Saving checkpoint at epoch 3 to run/20260821184_B1_V14_s4/checkpoint_best_joint.pth.
2026-08-21 18:42:12,070 [INFO] Start training
2026-08-21 18:42:12,398 [INFO] Start training epoch 4, 37 iters per inner epoch.
2026-08-21 18:42:31,864 [INFO] Averaged stats: lr: 0.000098  loss: 0.264263
2026-08-21 18:42:31,961 [INFO] gates: {"epoch": 4, "raw_quality_ratio": 2.9136, "quality_ratio": 0.0493, "lambda_q": 0.0169, "deviation_mean": 1.3659, "deviation_std": 0.1096, "patch_w_mean": 0.4593, "patch_w_std": 0.037}
2026-08-21 18:42:31,962 [INFO] Evaluating on val.
Train: data epoch: [4]  [ 0/37]  eta: 0:00:41  lr: 0.000098  loss: 0.2726  time: 1.1304  data: 0.0001  max mem: 5182
Train: data epoch: [4]  [20/37]  eta: 0:00:09  lr: 0.000098  loss: 0.1747  time: 0.5110  data: 0.0000  max mem: 5182
Train: data epoch: [4]  [36/37]  eta: 0:00:00  lr: 0.000098  loss: 0.2676  time: 0.4979  data: 0.0000  max mem: 5182
Train: data epoch: [4] Total time: 0:00:19 (0.5261 s / it)
2026-08-21 18:42:38,236 [INFO] Qual: EPOCH[4] -> PLCC: 0.885350, SROCC: 0.836692, KROCC: 0.648621, LOSS: 0.214356
2026-08-21 18:42:38,236 [INFO] Align: EPOCH[4] -> PLCC: 0.813390, SROCC: 0.696521, KROCC: 0.511821, LOSS: 0.328713
2026-08-21 18:42:38,250 [INFO] Saving checkpoint at epoch 4 to run/20260821184_B1_V14_s4/checkpoint_best.pth.
2026-08-21 18:42:38,325 [INFO] Saving checkpoint at epoch 4 to run/20260821184_B1_V14_s4/checkpoint_best_joint.pth.
2026-08-21 18:42:38,394 [INFO] Start training
2026-08-21 18:42:38,675 [INFO] Start training epoch 5, 37 iters per inner epoch.
2026-08-21 18:42:58,217 [INFO] Averaged stats: lr: 0.000098  loss: 0.233054
2026-08-21 18:42:58,328 [INFO] gates: {"epoch": 5, "raw_quality_ratio": 2.8853, "quality_ratio": 0.0502, "lambda_q": 0.0174, "deviation_mean": 1.4113, "deviation_std": 0.1037, "patch_w_mean": 0.4227, "patch_w_std": 0.067}
2026-08-21 18:42:58,328 [INFO] Evaluating on val.
Train: data epoch: [5]  [ 0/37]  eta: 0:00:45  lr: 0.000098  loss: 0.2267  time: 1.2253  data: 0.0001  max mem: 5182
Train: data epoch: [5]  [20/37]  eta: 0:00:09  lr: 0.000098  loss: 0.2257  time: 0.5020  data: 0.0000  max mem: 5182
Train: data epoch: [5]  [36/37]  eta: 0:00:00  lr: 0.000098  loss: 0.2070  time: 0.5082  data: 0.0000  max mem: 5182
Train: data epoch: [5] Total time: 0:00:19 (0.5281 s / it)
2026-08-21 18:43:04,640 [INFO] Qual: EPOCH[5] -> PLCC: 0.894745, SROCC: 0.850638, KROCC: 0.665117, LOSS: 0.194378
2026-08-21 18:43:04,640 [INFO] Align: EPOCH[5] -> PLCC: 0.823343, SROCC: 0.704038, KROCC: 0.519471, LOSS: 0.306711
2026-08-21 18:43:04,658 [INFO] Saving checkpoint at epoch 5 to run/20260821184_B1_V14_s4/checkpoint_best.pth.
2026-08-21 18:43:04,762 [INFO] Saving checkpoint at epoch 5 to run/20260821184_B1_V14_s4/checkpoint_best_joint.pth.
2026-08-21 18:43:04,841 [INFO] Start training
2026-08-21 18:43:05,147 [INFO] Start training epoch 6, 37 iters per inner epoch.
2026-08-21 18:43:24,996 [INFO] Averaged stats: lr: 0.000097  loss: 0.215554
2026-08-21 18:43:25,085 [INFO] gates: {"epoch": 6, "raw_quality_ratio": 3.1339, "quality_ratio": 0.0558, "lambda_q": 0.0178, "deviation_mean": 1.3966, "deviation_std": 0.1444, "patch_w_mean": 0.3975, "patch_w_std": 0.0891}
2026-08-21 18:43:25,086 [INFO] Evaluating on val.
Train: data epoch: [6]  [ 0/37]  eta: 0:00:51  lr: 0.000097  loss: 0.2223  time: 1.3820  data: 0.0001  max mem: 5182
Train: data epoch: [6]  [20/37]  eta: 0:00:09  lr: 0.000097  loss: 0.2086  time: 0.5113  data: 0.0000  max mem: 5182
Train: data epoch: [6]  [36/37]  eta: 0:00:00  lr: 0.000097  loss: 0.2204  time: 0.5219  data: 0.0000  max mem: 5182
Train: data epoch: [6] Total time: 0:00:19 (0.5364 s / it)
2026-08-21 18:43:31,347 [INFO] Qual: EPOCH[6] -> PLCC: 0.899966, SROCC: 0.858297, KROCC: 0.673365, LOSS: 0.189198
2026-08-21 18:43:31,347 [INFO] Align: EPOCH[6] -> PLCC: 0.833216, SROCC: 0.711692, KROCC: 0.526703, LOSS: 0.290111
2026-08-21 18:43:31,365 [INFO] Saving checkpoint at epoch 6 to run/20260821184_B1_V14_s4/checkpoint_best.pth.
2026-08-21 18:43:31,472 [INFO] Saving checkpoint at epoch 6 to run/20260821184_B1_V14_s4/checkpoint_best_joint.pth.
2026-08-21 18:43:31,536 [INFO] Start training
2026-08-21 18:43:31,815 [INFO] Start training epoch 7, 37 iters per inner epoch.
2026-08-21 18:43:52,591 [INFO] Averaged stats: lr: 0.000095  loss: 0.204308
2026-08-21 18:43:52,690 [INFO] gates: {"epoch": 7, "raw_quality_ratio": 3.0887, "quality_ratio": 0.0567, "lambda_q": 0.0184, "deviation_mean": 1.3886, "deviation_std": 0.165, "patch_w_mean": 0.3694, "patch_w_std": 0.1024}
2026-08-21 18:43:52,690 [INFO] Evaluating on val.
Train: data epoch: [7]  [ 0/37]  eta: 0:01:07  lr: 0.000095  loss: 0.1756  time: 1.8120  data: 0.0001  max mem: 5182
Train: data epoch: [7]  [20/37]  eta: 0:00:09  lr: 0.000095  loss: 0.1565  time: 0.5237  data: 0.0000  max mem: 5182
Train: data epoch: [7]  [36/37]  eta: 0:00:00  lr: 0.000095  loss: 0.1861  time: 0.5324  data: 0.0000  max mem: 5182
Train: data epoch: [7] Total time: 0:00:20 (0.5615 s / it)
2026-08-21 18:43:58,327 [INFO] Qual: EPOCH[7] -> PLCC: 0.903294, SROCC: 0.863075, KROCC: 0.679582, LOSS: 0.178515
2026-08-21 18:43:58,327 [INFO] Align: EPOCH[7] -> PLCC: 0.838114, SROCC: 0.716137, KROCC: 0.530934, LOSS: 0.281194
2026-08-21 18:43:58,341 [INFO] Saving checkpoint at epoch 7 to run/20260821184_B1_V14_s4/checkpoint_best.pth.
2026-08-21 18:43:58,417 [INFO] Saving checkpoint at epoch 7 to run/20260821184_B1_V14_s4/checkpoint_best_joint.pth.
2026-08-21 18:43:58,480 [INFO] Start training
2026-08-21 18:43:58,752 [INFO] Start training epoch 8, 37 iters per inner epoch.
2026-08-21 18:44:18,612 [INFO] Averaged stats: lr: 0.000094  loss: 0.191041
2026-08-21 18:44:18,715 [INFO] gates: {"epoch": 8, "raw_quality_ratio": 2.9166, "quality_ratio": 0.0552, "lambda_q": 0.0189, "deviation_mean": 1.3579, "deviation_std": 0.1681, "patch_w_mean": 0.3648, "patch_w_std": 0.1169}
2026-08-21 18:44:18,715 [INFO] Evaluating on val.
Train: data epoch: [8]  [ 0/37]  eta: 0:00:41  lr: 0.000094  loss: 0.1809  time: 1.1154  data: 0.0001  max mem: 5182
Train: data epoch: [8]  [20/37]  eta: 0:00:09  lr: 0.000094  loss: 0.1928  time: 0.5137  data: 0.0000  max mem: 5182
Train: data epoch: [8]  [36/37]  eta: 0:00:00  lr: 0.000094  loss: 0.1665  time: 0.5317  data: 0.0000  max mem: 5182
Train: data epoch: [8] Total time: 0:00:19 (0.5367 s / it)
2026-08-21 18:44:24,528 [INFO] Qual: EPOCH[8] -> PLCC: 0.905714, SROCC: 0.865970, KROCC: 0.683396, LOSS: 0.175664
2026-08-21 18:44:24,528 [INFO] Align: EPOCH[8] -> PLCC: 0.841745, SROCC: 0.719733, KROCC: 0.534319, LOSS: 0.275723
2026-08-21 18:44:24,547 [INFO] Saving checkpoint at epoch 8 to run/20260821184_B1_V14_s4/checkpoint_best.pth.
2026-08-21 18:44:24,638 [INFO] Saving checkpoint at epoch 8 to run/20260821184_B1_V14_s4/checkpoint_best_joint.pth.
2026-08-21 18:44:24,714 [INFO] Start training
2026-08-21 18:44:25,015 [INFO] Start training epoch 9, 37 iters per inner epoch.
2026-08-21 18:44:45,067 [INFO] Averaged stats: lr: 0.000092  loss: 0.184761
2026-08-21 18:44:45,165 [INFO] gates: {"epoch": 9, "raw_quality_ratio": 2.8557, "quality_ratio": 0.0558, "lambda_q": 0.0195, "deviation_mean": 1.3728, "deviation_std": 0.1812, "patch_w_mean": 0.3375, "patch_w_std": 0.1308}
2026-08-21 18:44:45,166 [INFO] Evaluating on val.
Train: data epoch: [9]  [ 0/37]  eta: 0:00:49  lr: 0.000092  loss: 0.1704  time: 1.3255  data: 0.0001  max mem: 5182
Train: data epoch: [9]  [20/37]  eta: 0:00:09  lr: 0.000092  loss: 0.1247  time: 0.5127  data: 0.0000  max mem: 5182
Train: data epoch: [9]  [36/37]  eta: 0:00:00  lr: 0.000092  loss: 0.1812  time: 0.5319  data: 0.0000  max mem: 5182
Train: data epoch: [9] Total time: 0:00:20 (0.5419 s / it)
2026-08-21 18:44:50,209 [INFO] Qual: EPOCH[9] -> PLCC: 0.907175, SROCC: 0.868293, KROCC: 0.685675, LOSS: 0.171821
2026-08-21 18:44:50,209 [INFO] Align: EPOCH[9] -> PLCC: 0.845078, SROCC: 0.722193, KROCC: 0.536609, LOSS: 0.267202
2026-08-21 18:44:50,227 [INFO] Saving checkpoint at epoch 9 to run/20260821184_B1_V14_s4/checkpoint_best.pth.
2026-08-21 18:44:50,323 [INFO] Saving checkpoint at epoch 9 to run/20260821184_B1_V14_s4/checkpoint_best_joint.pth.
2026-08-21 18:44:50,404 [INFO] Start training
2026-08-21 18:44:50,710 [INFO] Start training epoch 10, 37 iters per inner epoch.
2026-08-21 18:45:10,548 [INFO] Averaged stats: lr: 0.000091  loss: 0.174738
2026-08-21 18:45:10,664 [INFO] gates: {"epoch": 10, "raw_quality_ratio": 3.3387, "quality_ratio": 0.0675, "lambda_q": 0.0202, "deviation_mean": 1.3956, "deviation_std": 0.1806, "patch_w_mean": 0.2966, "patch_w_std": 0.1344}
2026-08-21 18:45:10,665 [INFO] Evaluating on val.
Train: data epoch: [10]  [ 0/37]  eta: 0:00:46  lr: 0.000091  loss: 0.1855  time: 1.2559  data: 0.0001  max mem: 5182
Train: data epoch: [10]  [20/37]  eta: 0:00:09  lr: 0.000091  loss: 0.1710  time: 0.5123  data: 0.0000  max mem: 5182
Train: data epoch: [10]  [36/37]  eta: 0:00:00  lr: 0.000091  loss: 0.1381  time: 0.5238  data: 0.0000  max mem: 5182
Train: data epoch: [10] Total time: 0:00:19 (0.5361 s / it)
2026-08-21 18:45:15,624 [INFO] Qual: EPOCH[10] -> PLCC: 0.908806, SROCC: 0.871285, KROCC: 0.690279, LOSS: 0.168939
2026-08-21 18:45:15,624 [INFO] Align: EPOCH[10] -> PLCC: 0.846550, SROCC: 0.725621, KROCC: 0.539057, LOSS: 0.277426
2026-08-21 18:45:15,641 [INFO] Saving checkpoint at epoch 10 to run/20260821184_B1_V14_s4/checkpoint_best.pth.
2026-08-21 18:45:15,734 [INFO] Saving checkpoint at epoch 10 to run/20260821184_B1_V14_s4/checkpoint_best_joint.pth.
2026-08-21 18:45:15,797 [INFO] Start training
2026-08-21 18:45:16,096 [INFO] Start training epoch 11, 37 iters per inner epoch.
2026-08-21 18:45:36,306 [INFO] Averaged stats: lr: 0.000089  loss: 0.167593
2026-08-21 18:45:36,401 [INFO] gates: {"epoch": 11, "raw_quality_ratio": 2.9201, "quality_ratio": 0.061, "lambda_q": 0.0209, "deviation_mean": 1.2904, "deviation_std": 0.1729, "patch_w_mean": 0.2988, "patch_w_std": 0.1395}
2026-08-21 18:45:36,402 [INFO] Evaluating on val.
Train: data epoch: [11]  [ 0/37]  eta: 0:00:53  lr: 0.000089  loss: 0.1262  time: 1.4473  data: 0.0001  max mem: 5182
Train: data epoch: [11]  [20/37]  eta: 0:00:09  lr: 0.000089  loss: 0.1004  time: 0.5149  data: 0.0000  max mem: 5182
Train: data epoch: [11]  [36/37]  eta: 0:00:00  lr: 0.000089  loss: 0.1713  time: 0.5331  data: 0.0000  max mem: 5182
Train: data epoch: [11] Total time: 0:00:20 (0.5462 s / it)
2026-08-21 18:45:42,505 [INFO] Qual: EPOCH[11] -> PLCC: 0.909643, SROCC: 0.872663, KROCC: 0.691859, LOSS: 0.167130
2026-08-21 18:45:42,505 [INFO] Align: EPOCH[11] -> PLCC: 0.847845, SROCC: 0.725767, KROCC: 0.539418, LOSS: 0.266563
2026-08-21 18:45:42,519 [INFO] Saving checkpoint at epoch 11 to run/20260821184_B1_V14_s4/checkpoint_best.pth.
2026-08-21 18:45:42,605 [INFO] Saving checkpoint at epoch 11 to run/20260821184_B1_V14_s4/checkpoint_best_joint.pth.
2026-08-21 18:45:42,669 [INFO] Start training
2026-08-21 18:45:42,942 [INFO] Start training epoch 12, 37 iters per inner epoch.
2026-08-21 18:46:03,221 [INFO] Averaged stats: lr: 0.000087  loss: 0.161745
2026-08-21 18:46:03,331 [INFO] gates: {"epoch": 12, "raw_quality_ratio": 3.0238, "quality_ratio": 0.0653, "lambda_q": 0.0216, "deviation_mean": 1.3648, "deviation_std": 0.1836, "patch_w_mean": 0.2557, "patch_w_std": 0.1481}
2026-08-21 18:46:03,331 [INFO] Evaluating on val.
Train: data epoch: [12]  [ 0/37]  eta: 0:00:43  lr: 0.000087  loss: 0.1766  time: 1.1882  data: 0.0001  max mem: 5182
Train: data epoch: [12]  [20/37]  eta: 0:00:09  lr: 0.000087  loss: 0.1478  time: 0.5324  data: 0.0000  max mem: 5182
Train: data epoch: [12]  [36/37]  eta: 0:00:00  lr: 0.000087  loss: 0.1162  time: 0.5286  data: 0.0000  max mem: 5182
Train: data epoch: [12] Total time: 0:00:20 (0.5481 s / it)
2026-08-21 18:46:09,007 [INFO] Qual: EPOCH[12] -> PLCC: 0.910861, SROCC: 0.874682, KROCC: 0.694409, LOSS: 0.166367
2026-08-21 18:46:09,007 [INFO] Align: EPOCH[12] -> PLCC: 0.847401, SROCC: 0.726338, KROCC: 0.539779, LOSS: 0.268156
2026-08-21 18:46:09,024 [INFO] Saving checkpoint at epoch 12 to run/20260821184_B1_V14_s4/checkpoint_best.pth.
2026-08-21 18:46:09,143 [INFO] Saving checkpoint at epoch 12 to run/20260821184_B1_V14_s4/checkpoint_best_joint.pth.
2026-08-21 18:46:09,251 [INFO] Start training
2026-08-21 18:46:09,574 [INFO] Start training epoch 13, 37 iters per inner epoch.
2026-08-21 18:46:29,376 [INFO] Averaged stats: lr: 0.000084  loss: 0.154769
2026-08-21 18:46:29,477 [INFO] gates: {"epoch": 13, "raw_quality_ratio": 3.0336, "quality_ratio": 0.0675, "lambda_q": 0.0223, "deviation_mean": 1.2715, "deviation_std": 0.1746, "patch_w_mean": 0.2542, "patch_w_std": 0.1492}
2026-08-21 18:46:29,477 [INFO] Evaluating on val.
Train: data epoch: [13]  [ 0/37]  eta: 0:00:38  lr: 0.000084  loss: 0.1562  time: 1.0517  data: 0.0002  max mem: 5182
Train: data epoch: [13]  [20/37]  eta: 0:00:09  lr: 0.000084  loss: 0.1596  time: 0.5143  data: 0.0000  max mem: 5182
Train: data epoch: [13]  [36/37]  eta: 0:00:00  lr: 0.000084  loss: 0.2009  time: 0.5326  data: 0.0000  max mem: 5182
Train: data epoch: [13] Total time: 0:00:19 (0.5352 s / it)
2026-08-21 18:46:34,294 [INFO] Qual: EPOCH[13] -> PLCC: 0.912243, SROCC: 0.876743, KROCC: 0.697286, LOSS: 0.167375
2026-08-21 18:46:34,295 [INFO] Align: EPOCH[13] -> PLCC: 0.848792, SROCC: 0.727195, KROCC: 0.540163, LOSS: 0.266597
2026-08-21 18:46:34,312 [INFO] Saving checkpoint at epoch 13 to run/20260821184_B1_V14_s4/checkpoint_best.pth.
2026-08-21 18:46:34,403 [INFO] Saving checkpoint at epoch 13 to run/20260821184_B1_V14_s4/checkpoint_best_joint.pth.
2026-08-21 18:46:34,478 [INFO] Start training
2026-08-21 18:46:34,776 [INFO] Start training epoch 14, 37 iters per inner epoch.
2026-08-21 18:46:54,863 [INFO] Averaged stats: lr: 0.000082  loss: 0.149459
2026-08-21 18:46:54,961 [INFO] gates: {"epoch": 14, "raw_quality_ratio": 3.1152, "quality_ratio": 0.0713, "lambda_q": 0.0229, "deviation_mean": 1.294, "deviation_std": 0.1938, "patch_w_mean": 0.2279, "patch_w_std": 0.1444}
2026-08-21 18:46:54,961 [INFO] Evaluating on val.
Train: data epoch: [14]  [ 0/37]  eta: 0:00:47  lr: 0.000082  loss: 0.1628  time: 1.2857  data: 0.0001  max mem: 5182
Train: data epoch: [14]  [20/37]  eta: 0:00:09  lr: 0.000082  loss: 0.1675  time: 0.5198  data: 0.0000  max mem: 5182
Train: data epoch: [14]  [36/37]  eta: 0:00:00  lr: 0.000082  loss: 0.1616  time: 0.5307  data: 0.0000  max mem: 5182
Train: data epoch: [14] Total time: 0:00:20 (0.5429 s / it)
2026-08-21 18:47:01,321 [INFO] Qual: EPOCH[14] -> PLCC: 0.912274, SROCC: 0.877138, KROCC: 0.697884, LOSS: 0.162903
2026-08-21 18:47:01,322 [INFO] Align: EPOCH[14] -> PLCC: 0.849795, SROCC: 0.727317, KROCC: 0.539937, LOSS: 0.269020
2026-08-21 18:47:01,336 [INFO] Saving checkpoint at epoch 14 to run/20260821184_B1_V14_s4/checkpoint_best.pth.
2026-08-21 18:47:01,416 [INFO] Saving checkpoint at epoch 14 to run/20260821184_B1_V14_s4/checkpoint_best_joint.pth.
2026-08-21 18:47:01,480 [INFO] Start training
2026-08-21 18:47:01,752 [INFO] Start training epoch 15, 37 iters per inner epoch.
2026-08-21 18:47:22,306 [INFO] Averaged stats: lr: 0.000080  loss: 0.145696
2026-08-21 18:47:22,385 [INFO] gates: {"epoch": 15, "raw_quality_ratio": 2.9642, "quality_ratio": 0.0701, "lambda_q": 0.0237, "deviation_mean": 1.2262, "deviation_std": 0.1907, "patch_w_mean": 0.2423, "patch_w_std": 0.1447}
2026-08-21 18:47:22,385 [INFO] Evaluating on val.
Train: data epoch: [15]  [ 0/37]  eta: 0:01:13  lr: 0.000080  loss: 0.1982  time: 1.9755  data: 0.0001  max mem: 5182
Train: data epoch: [15]  [20/37]  eta: 0:00:10  lr: 0.000080  loss: 0.1198  time: 0.5365  data: 0.0000  max mem: 5182
Train: data epoch: [15]  [36/37]  eta: 0:00:00  lr: 0.000080  loss: 0.1547  time: 0.4997  data: 0.0000  max mem: 5182
Train: data epoch: [15] Total time: 0:00:20 (0.5555 s / it)
2026-08-21 18:47:29,479 [INFO] Qual: EPOCH[15] -> PLCC: 0.913305, SROCC: 0.878676, KROCC: 0.699994, LOSS: 0.163123
2026-08-21 18:47:29,479 [INFO] Align: EPOCH[15] -> PLCC: 0.849684, SROCC: 0.728535, KROCC: 0.540874, LOSS: 0.267206
2026-08-21 18:47:29,537 [INFO] Saving checkpoint at epoch 15 to run/20260821184_B1_V14_s4/checkpoint_best.pth.
2026-08-21 18:47:29,657 [INFO] Saving checkpoint at epoch 15 to run/20260821184_B1_V14_s4/checkpoint_best_joint.pth.
2026-08-21 18:47:29,773 [INFO] Start training
2026-08-21 18:47:30,120 [INFO] Start training epoch 16, 37 iters per inner epoch.
2026-08-21 18:47:50,232 [INFO] Averaged stats: lr: 0.000077  loss: 0.140434
2026-08-21 18:47:50,371 [INFO] gates: {"epoch": 16, "raw_quality_ratio": 2.9908, "quality_ratio": 0.0725, "lambda_q": 0.0243, "deviation_mean": 1.3075, "deviation_std": 0.1684, "patch_w_mean": 0.21, "patch_w_std": 0.1425}
2026-08-21 18:47:50,372 [INFO] Evaluating on val.
Train: data epoch: [16]  [ 0/37]  eta: 0:00:56  lr: 0.000077  loss: 0.1762  time: 1.5233  data: 0.0001  max mem: 5182
Train: data epoch: [16]  [20/37]  eta: 0:00:09  lr: 0.000077  loss: 0.1484  time: 0.5408  data: 0.0000  max mem: 5182
Train: data epoch: [16]  [36/37]  eta: 0:00:00  lr: 0.000077  loss: 0.1240  time: 0.4965  data: 0.0000  max mem: 5182
Train: data epoch: [16] Total time: 0:00:20 (0.5435 s / it)
2026-08-21 18:47:57,000 [INFO] Qual: EPOCH[16] -> PLCC: 0.914269, SROCC: 0.880421, KROCC: 0.701619, LOSS: 0.160521
2026-08-21 18:47:57,001 [INFO] Align: EPOCH[16] -> PLCC: 0.849346, SROCC: 0.726565, KROCC: 0.538719, LOSS: 0.261520
2026-08-21 18:47:57,018 [INFO] Saving checkpoint at epoch 16 to run/20260821184_B1_V14_s4/checkpoint_best.pth.
2026-08-21 18:47:57,109 [INFO] Saving checkpoint at epoch 16 to run/20260821184_B1_V14_s4/checkpoint_best_joint.pth.
2026-08-21 18:47:57,185 [INFO] Start training
2026-08-21 18:47:57,485 [INFO] Start training epoch 17, 37 iters per inner epoch.
2026-08-21 18:48:17,044 [INFO] Averaged stats: lr: 0.000074  loss: 0.137127
2026-08-21 18:48:17,166 [INFO] gates: {"epoch": 17, "raw_quality_ratio": 3.0534, "quality_ratio": 0.0762, "lambda_q": 0.025, "deviation_mean": 1.1884, "deviation_std": 0.1952, "patch_w_mean": 0.2077, "patch_w_std": 0.1374}
2026-08-21 18:48:17,166 [INFO] Evaluating on val.
Train: data epoch: [17]  [ 0/37]  eta: 0:00:42  lr: 0.000074  loss: 0.1267  time: 1.1462  data: 0.0001  max mem: 5182
Train: data epoch: [17]  [20/37]  eta: 0:00:09  lr: 0.000074  loss: 0.1325  time: 0.5380  data: 0.0000  max mem: 5182
Train: data epoch: [17]  [36/37]  eta: 0:00:00  lr: 0.000074  loss: 0.1589  time: 0.4847  data: 0.0000  max mem: 5182
Train: data epoch: [17] Total time: 0:00:19 (0.5286 s / it)
2026-08-21 18:48:25,055 [INFO] Qual: EPOCH[17] -> PLCC: 0.914032, SROCC: 0.879459, KROCC: 0.700818, LOSS: 0.162896
2026-08-21 18:48:25,055 [INFO] Align: EPOCH[17] -> PLCC: 0.849675, SROCC: 0.725846, KROCC: 0.537647, LOSS: 0.269492
2026-08-21 18:48:25,056 [INFO] Start training
2026-08-21 18:48:25,332 [INFO] Start training epoch 18, 37 iters per inner epoch.
2026-08-21 18:48:44,861 [INFO] Averaged stats: lr: 0.000072  loss: 0.133318
2026-08-21 18:48:44,954 [INFO] gates: {"epoch": 18, "raw_quality_ratio": 3.0902, "quality_ratio": 0.0792, "lambda_q": 0.0256, "deviation_mean": 1.2065, "deviation_std": 0.1921, "patch_w_mean": 0.1937, "patch_w_std": 0.1343}
2026-08-21 18:48:44,955 [INFO] Evaluating on val.
Train: data epoch: [18]  [ 0/37]  eta: 0:00:42  lr: 0.000072  loss: 0.1083  time: 1.1394  data: 0.0001  max mem: 5182
Train: data epoch: [18]  [20/37]  eta: 0:00:09  lr: 0.000072  loss: 0.1287  time: 0.5242  data: 0.0000  max mem: 5182
Train: data epoch: [18]  [36/37]  eta: 0:00:00  lr: 0.000072  loss: 0.1063  time: 0.5010  data: 0.0000  max mem: 5182
Train: data epoch: [18] Total time: 0:00:19 (0.5278 s / it)
2026-08-21 18:48:51,569 [INFO] Qual: EPOCH[18] -> PLCC: 0.913996, SROCC: 0.880040, KROCC: 0.700908, LOSS: 0.165586
2026-08-21 18:48:51,569 [INFO] Align: EPOCH[18] -> PLCC: 0.848890, SROCC: 0.723382, KROCC: 0.535312, LOSS: 0.268458
2026-08-21 18:48:51,570 [INFO] Start training
2026-08-21 18:48:51,856 [INFO] Start training epoch 19, 37 iters per inner epoch.
2026-08-21 18:49:10,501 [INFO] Averaged stats: lr: 0.000069  loss: 0.128576
2026-08-21 18:49:10,602 [INFO] gates: {"epoch": 19, "raw_quality_ratio": 3.0854, "quality_ratio": 0.081, "lambda_q": 0.0262, "deviation_mean": 1.2385, "deviation_std": 0.1856, "patch_w_mean": 0.1722, "patch_w_std": 0.1355}
2026-08-21 18:49:10,602 [INFO] Evaluating on val.
Train: data epoch: [19]  [ 0/37]  eta: 0:00:40  lr: 0.000069  loss: 0.1362  time: 1.1011  data: 0.0001  max mem: 5182
Train: data epoch: [19]  [20/37]  eta: 0:00:09  lr: 0.000069  loss: 0.1151  time: 0.5087  data: 0.0000  max mem: 5182
Train: data epoch: [19]  [36/37]  eta: 0:00:00  lr: 0.000069  loss: 0.1065  time: 0.4636  data: 0.0000  max mem: 5182
Train: data epoch: [19] Total time: 0:00:18 (0.5039 s / it)
2026-08-21 18:49:17,436 [INFO] Qual: EPOCH[19] -> PLCC: 0.914062, SROCC: 0.879300, KROCC: 0.699836, LOSS: 0.161743
2026-08-21 18:49:17,436 [INFO] Align: EPOCH[19] -> PLCC: 0.848972, SROCC: 0.723275, KROCC: 0.535154, LOSS: 0.264134
2026-08-21 18:49:17,437 [INFO] Start training
2026-08-21 18:49:17,715 [INFO] Start training epoch 20, 37 iters per inner epoch.
2026-08-21 18:49:34,630 [INFO] Averaged stats: lr: 0.000066  loss: 0.126043
2026-08-21 18:49:34,922 [INFO] gates: {"epoch": 20, "raw_quality_ratio": 3.2019, "quality_ratio": 0.0856, "lambda_q": 0.0267, "deviation_mean": 1.2022, "deviation_std": 0.2135, "patch_w_mean": 0.1526, "patch_w_std": 0.1268}
2026-08-21 18:49:34,923 [INFO] Evaluating on val.
Train: data epoch: [20]  [ 0/37]  eta: 0:00:42  lr: 0.000066  loss: 0.1134  time: 1.1480  data: 0.0001  max mem: 5182
Train: data epoch: [20]  [20/37]  eta: 0:00:08  lr: 0.000066  loss: 0.0938  time: 0.4527  data: 0.0000  max mem: 5182
Train: data epoch: [20]  [36/37]  eta: 0:00:00  lr: 0.000066  loss: 0.1040  time: 0.3945  data: 0.0000  max mem: 5182
Train: data epoch: [20] Total time: 0:00:16 (0.4571 s / it)
2026-08-21 18:49:42,645 [INFO] Qual: EPOCH[20] -> PLCC: 0.912989, SROCC: 0.877496, KROCC: 0.698019, LOSS: 0.165686
2026-08-21 18:49:42,645 [INFO] Align: EPOCH[20] -> PLCC: 0.848595, SROCC: 0.721012, KROCC: 0.532491, LOSS: 0.263475
2026-08-21 18:49:42,663 [INFO] Saving checkpoint at epoch 20 to run/20260821184_B1_V14_s4/checkpoint_latest.pth.
2026-08-21 18:49:42,731 [INFO] Start training
2026-08-21 18:49:43,026 [INFO] Start training epoch 21, 37 iters per inner epoch.
2026-08-21 18:50:02,172 [INFO] Averaged stats: lr: 0.000063  loss: 0.123201
2026-08-21 18:50:02,279 [INFO] gates: {"epoch": 21, "raw_quality_ratio": 3.3432, "quality_ratio": 0.0912, "lambda_q": 0.0273, "deviation_mean": 1.2793, "deviation_std": 0.1757, "patch_w_mean": 0.1383, "patch_w_std": 0.1183}
2026-08-21 18:50:02,279 [INFO] Evaluating on val.
Train: data epoch: [21]  [ 0/37]  eta: 0:00:41  lr: 0.000063  loss: 0.0944  time: 1.1189  data: 0.0001  max mem: 5182
Train: data epoch: [21]  [20/37]  eta: 0:00:09  lr: 0.000063  loss: 0.1007  time: 0.5034  data: 0.0000  max mem: 5182
Train: data epoch: [21]  [36/37]  eta: 0:00:00  lr: 0.000063  loss: 0.1160  time: 0.4783  data: 0.0000  max mem: 5182
Train: data epoch: [21] Total time: 0:00:19 (0.5174 s / it)
2026-08-21 18:50:08,796 [INFO] Qual: EPOCH[21] -> PLCC: 0.912231, SROCC: 0.876198, KROCC: 0.696349, LOSS: 0.164527
2026-08-21 18:50:08,796 [INFO] Align: EPOCH[21] -> PLCC: 0.848036, SROCC: 0.719348, KROCC: 0.530844, LOSS: 0.271845
2026-08-21 18:50:08,797 [INFO] Start training
2026-08-21 18:50:09,107 [INFO] Start training epoch 22, 37 iters per inner epoch.
2026-08-21 18:50:28,388 [INFO] Averaged stats: lr: 0.000060  loss: 0.120413
2026-08-21 18:50:28,485 [INFO] gates: {"epoch": 22, "raw_quality_ratio": 3.1425, "quality_ratio": 0.0874, "lambda_q": 0.0278, "deviation_mean": 1.2384, "deviation_std": 0.1731, "patch_w_mean": 0.1334, "patch_w_std": 0.1168}
2026-08-21 18:50:28,486 [INFO] Evaluating on val.
Train: data epoch: [22]  [ 0/37]  eta: 0:00:45  lr: 0.000060  loss: 0.1180  time: 1.2235  data: 0.0001  max mem: 5182
Train: data epoch: [22]  [20/37]  eta: 0:00:09  lr: 0.000060  loss: 0.1503  time: 0.5055  data: 0.0000  max mem: 5182
Train: data epoch: [22]  [36/37]  eta: 0:00:00  lr: 0.000060  loss: 0.1021  time: 0.4946  data: 0.0000  max mem: 5182
Train: data epoch: [22] Total time: 0:00:19 (0.5211 s / it)
2026-08-21 18:50:35,176 [INFO] Qual: EPOCH[22] -> PLCC: 0.912257, SROCC: 0.876535, KROCC: 0.696417, LOSS: 0.166020
2026-08-21 18:50:35,176 [INFO] Align: EPOCH[22] -> PLCC: 0.847846, SROCC: 0.719083, KROCC: 0.530742, LOSS: 0.273452
2026-08-21 18:50:35,177 [INFO] Start training
2026-08-21 18:50:35,497 [INFO] Start training epoch 23, 37 iters per inner epoch.
2026-08-21 18:50:54,777 [INFO] Averaged stats: lr: 0.000057  loss: 0.117074
2026-08-21 18:50:54,875 [INFO] gates: {"epoch": 23, "raw_quality_ratio": 3.2803, "quality_ratio": 0.0928, "lambda_q": 0.0283, "deviation_mean": 1.2302, "deviation_std": 0.204, "patch_w_mean": 0.1127, "patch_w_std": 0.1059}
2026-08-21 18:50:54,875 [INFO] Evaluating on val.
Train: data epoch: [23]  [ 0/37]  eta: 0:00:50  lr: 0.000057  loss: 0.0768  time: 1.3750  data: 0.0001  max mem: 5182
Train: data epoch: [23]  [20/37]  eta: 0:00:09  lr: 0.000057  loss: 0.1275  time: 0.5002  data: 0.0000  max mem: 5182
Train: data epoch: [23]  [36/37]  eta: 0:00:00  lr: 0.000057  loss: 0.0982  time: 0.4888  data: 0.0000  max mem: 5182
Train: data epoch: [23] Total time: 0:00:19 (0.5210 s / it)
2026-08-21 18:51:01,615 [INFO] Qual: EPOCH[23] -> PLCC: 0.912057, SROCC: 0.876195, KROCC: 0.696180, LOSS: 0.166126
2026-08-21 18:51:01,615 [INFO] Align: EPOCH[23] -> PLCC: 0.847570, SROCC: 0.717608, KROCC: 0.529106, LOSS: 0.266505
2026-08-21 18:51:01,617 [INFO] Start training
2026-08-21 18:51:01,922 [INFO] Start training epoch 24, 37 iters per inner epoch.
2026-08-21 18:51:20,760 [INFO] Averaged stats: lr: 0.000054  loss: 0.114994
2026-08-21 18:51:20,854 [INFO] gates: {"epoch": 24, "raw_quality_ratio": 3.2989, "quality_ratio": 0.0948, "lambda_q": 0.0288, "deviation_mean": 1.2291, "deviation_std": 0.208, "patch_w_mean": 0.0994, "patch_w_std": 0.0998}
2026-08-21 18:51:20,855 [INFO] Evaluating on val.
Train: data epoch: [24]  [ 0/37]  eta: 0:00:40  lr: 0.000054  loss: 0.1053  time: 1.0890  data: 0.0001  max mem: 5182
Train: data epoch: [24]  [20/37]  eta: 0:00:08  lr: 0.000054  loss: 0.0993  time: 0.4904  data: 0.0000  max mem: 5182
Train: data epoch: [24]  [36/37]  eta: 0:00:00  lr: 0.000054  loss: 0.1401  time: 0.4749  data: 0.0000  max mem: 5182
Train: data epoch: [24] Total time: 0:00:18 (0.5091 s / it)
2026-08-21 18:51:27,403 [INFO] Qual: EPOCH[24] -> PLCC: 0.910900, SROCC: 0.874040, KROCC: 0.693371, LOSS: 0.167561
2026-08-21 18:51:27,403 [INFO] Align: EPOCH[24] -> PLCC: 0.846825, SROCC: 0.714524, KROCC: 0.526150, LOSS: 0.268678
2026-08-21 18:51:27,404 [INFO] Start training
2026-08-21 18:51:27,663 [INFO] Start training epoch 25, 37 iters per inner epoch.
2026-08-21 18:51:46,599 [INFO] Averaged stats: lr: 0.000050  loss: 0.113247
2026-08-21 18:51:46,690 [INFO] gates: {"epoch": 25, "raw_quality_ratio": 3.1555, "quality_ratio": 0.0921, "lambda_q": 0.0292, "deviation_mean": 1.2145, "deviation_std": 0.1823, "patch_w_mean": 0.1066, "patch_w_std": 0.1004}
2026-08-21 18:51:46,690 [INFO] Evaluating on val.
Train: data epoch: [25]  [ 0/37]  eta: 0:00:41  lr: 0.000051  loss: 0.0897  time: 1.1114  data: 0.0001  max mem: 5182
Train: data epoch: [25]  [20/37]  eta: 0:00:08  lr: 0.000051  loss: 0.0918  time: 0.4825  data: 0.0000  max mem: 5182
Train: data epoch: [25]  [36/37]  eta: 0:00:00  lr: 0.000051  loss: 0.0851  time: 0.4698  data: 0.0000  max mem: 5182
Train: data epoch: [25] Total time: 0:00:18 (0.5118 s / it)
2026-08-21 18:51:53,361 [INFO] Qual: EPOCH[25] -> PLCC: 0.910143, SROCC: 0.873418, KROCC: 0.692806, LOSS: 0.170305
2026-08-21 18:51:53,361 [INFO] Align: EPOCH[25] -> PLCC: 0.846633, SROCC: 0.713856, KROCC: 0.525552, LOSS: 0.270547
2026-08-21 18:51:53,392 [INFO] Saving checkpoint at epoch 25 to run/20260821184_B1_V14_s4/checkpoint_latest.pth.
2026-08-21 18:51:53,496 [INFO] Start training
2026-08-21 18:51:53,795 [INFO] Start training epoch 26, 37 iters per inner epoch.
2026-08-21 18:52:13,056 [INFO] Averaged stats: lr: 0.000047  loss: 0.110650
2026-08-21 18:52:13,158 [INFO] gates: {"epoch": 26, "raw_quality_ratio": 3.0009, "quality_ratio": 0.0888, "lambda_q": 0.0296, "deviation_mean": 1.1674, "deviation_std": 0.222, "patch_w_mean": 0.0912, "patch_w_std": 0.095}
2026-08-21 18:52:13,159 [INFO] Evaluating on val.
Train: data epoch: [26]  [ 0/37]  eta: 0:00:40  lr: 0.000047  loss: 0.1229  time: 1.0987  data: 0.0001  max mem: 5182
Train: data epoch: [26]  [20/37]  eta: 0:00:08  lr: 0.000047  loss: 0.1207  time: 0.4944  data: 0.0000  max mem: 5182
Train: data epoch: [26]  [36/37]  eta: 0:00:00  lr: 0.000047  loss: 0.1288  time: 0.5161  data: 0.0000  max mem: 5182
Train: data epoch: [26] Total time: 0:00:19 (0.5205 s / it)
2026-08-21 18:52:19,818 [INFO] Qual: EPOCH[26] -> PLCC: 0.910398, SROCC: 0.873772, KROCC: 0.693122, LOSS: 0.169262
2026-08-21 18:52:19,818 [INFO] Align: EPOCH[26] -> PLCC: 0.846223, SROCC: 0.712002, KROCC: 0.523927, LOSS: 0.271583
2026-08-21 18:52:19,819 [INFO] Start training
2026-08-21 18:52:20,102 [INFO] Start training epoch 27, 37 iters per inner epoch.
2026-08-21 18:52:39,772 [INFO] Averaged stats: lr: 0.000044  loss: 0.108624
2026-08-21 18:52:39,873 [INFO] gates: {"epoch": 27, "raw_quality_ratio": 3.187, "quality_ratio": 0.0955, "lambda_q": 0.03, "deviation_mean": 1.1918, "deviation_std": 0.2063, "patch_w_mean": 0.0833, "patch_w_std": 0.0864}
2026-08-21 18:52:39,873 [INFO] Evaluating on val.
Train: data epoch: [27]  [ 0/37]  eta: 0:00:45  lr: 0.000044  loss: 0.1256  time: 1.2265  data: 0.0001  max mem: 5182
Train: data epoch: [27]  [20/37]  eta: 0:00:09  lr: 0.000044  loss: 0.0950  time: 0.5025  data: 0.0000  max mem: 5182
Train: data epoch: [27]  [36/37]  eta: 0:00:00  lr: 0.000044  loss: 0.1178  time: 0.5088  data: 0.0000  max mem: 5182
Train: data epoch: [27] Total time: 0:00:19 (0.5316 s / it)
2026-08-21 18:52:46,345 [INFO] Qual: EPOCH[27] -> PLCC: 0.910466, SROCC: 0.873989, KROCC: 0.692930, LOSS: 0.169670
2026-08-21 18:52:46,345 [INFO] Align: EPOCH[27] -> PLCC: 0.845827, SROCC: 0.711003, KROCC: 0.523239, LOSS: 0.272105
2026-08-21 18:52:46,346 [INFO] Start training
2026-08-21 18:52:46,629 [INFO] Start training epoch 28, 37 iters per inner epoch.
2026-08-21 18:53:06,353 [INFO] Averaged stats: lr: 0.000041  loss: 0.107355
2026-08-21 18:53:06,439 [INFO] gates: {"epoch": 28, "raw_quality_ratio": 3.3089, "quality_ratio": 0.1001, "lambda_q": 0.0303, "deviation_mean": 1.2277, "deviation_std": 0.2069, "patch_w_mean": 0.0792, "patch_w_std": 0.0839}
2026-08-21 18:53:06,439 [INFO] Evaluating on val.
Train: data epoch: [28]  [ 0/37]  eta: 0:00:45  lr: 0.000041  loss: 0.1446  time: 1.2298  data: 0.0001  max mem: 5182
Train: data epoch: [28]  [20/37]  eta: 0:00:09  lr: 0.000041  loss: 0.1031  time: 0.5107  data: 0.0000  max mem: 5182
Train: data epoch: [28]  [36/37]  eta: 0:00:00  lr: 0.000041  loss: 0.1665  time: 0.5198  data: 0.0000  max mem: 5182
Train: data epoch: [28] Total time: 0:00:19 (0.5331 s / it)
2026-08-21 18:53:12,590 [INFO] Qual: EPOCH[28] -> PLCC: 0.909816, SROCC: 0.873421, KROCC: 0.692524, LOSS: 0.172028
2026-08-21 18:53:12,590 [INFO] Align: EPOCH[28] -> PLCC: 0.846226, SROCC: 0.711538, KROCC: 0.523555, LOSS: 0.270404
2026-08-21 18:53:12,591 [INFO] Start training
2026-08-21 18:53:12,906 [INFO] Start training epoch 29, 37 iters per inner epoch.
2026-08-21 18:53:32,726 [INFO] Averaged stats: lr: 0.000038  loss: 0.106233
2026-08-21 18:53:32,842 [INFO] gates: {"epoch": 29, "raw_quality_ratio": 3.1363, "quality_ratio": 0.0959, "lambda_q": 0.0306, "deviation_mean": 1.2014, "deviation_std": 0.1834, "patch_w_mean": 0.0848, "patch_w_std": 0.0872}
2026-08-21 18:53:32,842 [INFO] Evaluating on val.
Train: data epoch: [29]  [ 0/37]  eta: 0:00:49  lr: 0.000038  loss: 0.0871  time: 1.3502  data: 0.0001  max mem: 5182
Train: data epoch: [29]  [20/37]  eta: 0:00:09  lr: 0.000038  loss: 0.1143  time: 0.5036  data: 0.0000  max mem: 5182
Train: data epoch: [29]  [36/37]  eta: 0:00:00  lr: 0.000038  loss: 0.1372  time: 0.5250  data: 0.0000  max mem: 5182
Train: data epoch: [29] Total time: 0:00:19 (0.5357 s / it)
2026-08-21 18:53:38,998 [INFO] Qual: EPOCH[29] -> PLCC: 0.909865, SROCC: 0.873463, KROCC: 0.692310, LOSS: 0.171769
2026-08-21 18:53:38,998 [INFO] Align: EPOCH[29] -> PLCC: 0.845294, SROCC: 0.708833, KROCC: 0.520971, LOSS: 0.273768
2026-08-21 18:53:38,999 [INFO] Start training
2026-08-21 18:53:39,267 [INFO] Start training epoch 30, 37 iters per inner epoch.
2026-08-21 18:53:58,794 [INFO] Averaged stats: lr: 0.000035  loss: 0.104961
2026-08-21 18:53:58,880 [INFO] gates: {"epoch": 30, "raw_quality_ratio": 3.1551, "quality_ratio": 0.0973, "lambda_q": 0.0309, "deviation_mean": 1.2072, "deviation_std": 0.1913, "patch_w_mean": 0.0745, "patch_w_std": 0.0816}
2026-08-21 18:53:58,880 [INFO] Evaluating on val.
Train: data epoch: [30]  [ 0/37]  eta: 0:00:42  lr: 0.000035  loss: 0.0639  time: 1.1352  data: 0.0001  max mem: 5182
Train: data epoch: [30]  [20/37]  eta: 0:00:09  lr: 0.000035  loss: 0.0986  time: 0.5043  data: 0.0000  max mem: 5182
Train: data epoch: [30]  [36/37]  eta: 0:00:00  lr: 0.000035  loss: 0.1117  time: 0.5269  data: 0.0000  max mem: 5182
Train: data epoch: [30] Total time: 0:00:19 (0.5277 s / it)
2026-08-21 18:54:05,271 [INFO] Qual: EPOCH[30] -> PLCC: 0.909335, SROCC: 0.872254, KROCC: 0.690696, LOSS: 0.172494
2026-08-21 18:54:05,272 [INFO] Align: EPOCH[30] -> PLCC: 0.844740, SROCC: 0.707731, KROCC: 0.519764, LOSS: 0.276489
2026-08-21 18:54:05,289 [INFO] Saving checkpoint at epoch 30 to run/20260821184_B1_V14_s4/checkpoint_latest.pth.
2026-08-21 18:54:05,359 [INFO] Start training
2026-08-21 18:54:05,651 [INFO] Start training epoch 31, 37 iters per inner epoch.
2026-08-21 18:54:25,276 [INFO] Averaged stats: lr: 0.000032  loss: 0.101790
2026-08-21 18:54:25,374 [INFO] gates: {"epoch": 31, "raw_quality_ratio": 3.2644, "quality_ratio": 0.1014, "lambda_q": 0.0311, "deviation_mean": 1.235, "deviation_std": 0.1737, "patch_w_mean": 0.0677, "patch_w_std": 0.0756}
2026-08-21 18:54:25,375 [INFO] Evaluating on val.
Train: data epoch: [31]  [ 0/37]  eta: 0:00:45  lr: 0.000032  loss: 0.0995  time: 1.2179  data: 0.0001  max mem: 5182
Train: data epoch: [31]  [20/37]  eta: 0:00:09  lr: 0.000032  loss: 0.0763  time: 0.5071  data: 0.0000  max mem: 5182
Train: data epoch: [31]  [36/37]  eta: 0:00:00  lr: 0.000032  loss: 0.1071  time: 0.5269  data: 0.0000  max mem: 5182
Train: data epoch: [31] Total time: 0:00:19 (0.5304 s / it)
2026-08-21 18:54:32,477 [INFO] Qual: EPOCH[31] -> PLCC: 0.908593, SROCC: 0.871501, KROCC: 0.689715, LOSS: 0.173861
2026-08-21 18:54:32,478 [INFO] Align: EPOCH[31] -> PLCC: 0.844423, SROCC: 0.706564, KROCC: 0.518433, LOSS: 0.279188
2026-08-21 18:54:32,478 [INFO] Start training
2026-08-21 18:54:32,749 [INFO] Start training epoch 32, 37 iters per inner epoch.
2026-08-21 18:54:53,113 [INFO] Averaged stats: lr: 0.000029  loss: 0.101723
2026-08-21 18:54:53,192 [INFO] gates: {"epoch": 32, "raw_quality_ratio": 3.1921, "quality_ratio": 0.0998, "lambda_q": 0.0313, "deviation_mean": 1.1805, "deviation_std": 0.1952, "patch_w_mean": 0.0691, "patch_w_std": 0.0786}
2026-08-21 18:54:53,192 [INFO] Evaluating on val.
Train: data epoch: [32]  [ 0/37]  eta: 0:01:02  lr: 0.000029  loss: 0.0949  time: 1.6793  data: 0.0001  max mem: 5182
Train: data epoch: [32]  [20/37]  eta: 0:00:09  lr: 0.000029  loss: 0.0876  time: 0.5122  data: 0.0000  max mem: 5182
Train: data epoch: [32]  [36/37]  eta: 0:00:00  lr: 0.000029  loss: 0.1624  time: 0.5109  data: 0.0000  max mem: 5182
Train: data epoch: [32] Total time: 0:00:20 (0.5504 s / it)
2026-08-21 18:54:59,655 [INFO] Qual: EPOCH[32] -> PLCC: 0.908554, SROCC: 0.870735, KROCC: 0.688891, LOSS: 0.173285
2026-08-21 18:54:59,655 [INFO] Align: EPOCH[32] -> PLCC: 0.844077, SROCC: 0.705193, KROCC: 0.517259, LOSS: 0.275495
2026-08-21 18:54:59,656 [INFO] Start training
2026-08-21 18:55:00,092 [INFO] Start training epoch 33, 37 iters per inner epoch.
2026-08-21 18:55:20,527 [INFO] Averaged stats: lr: 0.000027  loss: 0.100670
2026-08-21 18:55:20,620 [INFO] gates: {"epoch": 33, "raw_quality_ratio": 3.1345, "quality_ratio": 0.0987, "lambda_q": 0.0315, "deviation_mean": 1.1817, "deviation_std": 0.1961, "patch_w_mean": 0.0633, "patch_w_std": 0.0736}
2026-08-21 18:55:20,620 [INFO] Evaluating on val.
Train: data epoch: [33]  [ 0/37]  eta: 0:01:12  lr: 0.000027  loss: 0.0773  time: 1.9637  data: 0.0002  max mem: 5182
Train: data epoch: [33]  [20/37]  eta: 0:00:09  lr: 0.000027  loss: 0.1068  time: 0.5120  data: 0.0000  max mem: 5182
Train: data epoch: [33]  [36/37]  eta: 0:00:00  lr: 0.000027  loss: 0.1158  time: 0.5190  data: 0.0000  max mem: 5182
Train: data epoch: [33] Total time: 0:00:20 (0.5523 s / it)
2026-08-21 18:55:26,794 [INFO] Qual: EPOCH[33] -> PLCC: 0.907790, SROCC: 0.869149, KROCC: 0.686837, LOSS: 0.174854
2026-08-21 18:55:26,794 [INFO] Align: EPOCH[33] -> PLCC: 0.844039, SROCC: 0.704783, KROCC: 0.517113, LOSS: 0.277622
2026-08-21 18:55:26,796 [INFO] Start training
2026-08-21 18:55:27,090 [INFO] Start training epoch 34, 37 iters per inner epoch.
2026-08-21 18:55:46,624 [INFO] Averaged stats: lr: 0.000024  loss: 0.099913
2026-08-21 18:55:46,718 [INFO] gates: {"epoch": 34, "raw_quality_ratio": 3.1845, "quality_ratio": 0.1008, "lambda_q": 0.0317, "deviation_mean": 1.2047, "deviation_std": 0.1934, "patch_w_mean": 0.06, "patch_w_std": 0.0687}
2026-08-21 18:55:46,719 [INFO] Evaluating on val.
Train: data epoch: [34]  [ 0/37]  eta: 0:00:41  lr: 0.000024  loss: 0.0968  time: 1.1319  data: 0.0001  max mem: 5182
Train: data epoch: [34]  [20/37]  eta: 0:00:09  lr: 0.000024  loss: 0.0826  time: 0.5066  data: 0.0000  max mem: 5182
Train: data epoch: [34]  [36/37]  eta: 0:00:00  lr: 0.000024  loss: 0.0897  time: 0.5193  data: 0.0000  max mem: 5182
Train: data epoch: [34] Total time: 0:00:19 (0.5279 s / it)
2026-08-21 18:55:52,869 [INFO] Qual: EPOCH[34] -> PLCC: 0.907668, SROCC: 0.869076, KROCC: 0.686668, LOSS: 0.174874
2026-08-21 18:55:52,870 [INFO] Align: EPOCH[34] -> PLCC: 0.844083, SROCC: 0.704945, KROCC: 0.517158, LOSS: 0.274712
2026-08-21 18:55:52,871 [INFO] Start training
2026-08-21 18:55:53,153 [INFO] Start training epoch 35, 37 iters per inner epoch.
2026-08-21 18:56:12,972 [INFO] Averaged stats: lr: 0.000021  loss: 0.098853
2026-08-21 18:56:13,067 [INFO] gates: {"epoch": 35, "raw_quality_ratio": 3.1368, "quality_ratio": 0.0998, "lambda_q": 0.0318, "deviation_mean": 1.1989, "deviation_std": 0.1721, "patch_w_mean": 0.0608, "patch_w_std": 0.0722}
2026-08-21 18:56:13,067 [INFO] Evaluating on val.
Train: data epoch: [35]  [ 0/37]  eta: 0:00:46  lr: 0.000021  loss: 0.0831  time: 1.2441  data: 0.0001  max mem: 5182
Train: data epoch: [35]  [20/37]  eta: 0:00:09  lr: 0.000021  loss: 0.0925  time: 0.5143  data: 0.0000  max mem: 5182
Train: data epoch: [35]  [36/37]  eta: 0:00:00  lr: 0.000021  loss: 0.0717  time: 0.5209  data: 0.0000  max mem: 5182
Train: data epoch: [35] Total time: 0:00:19 (0.5356 s / it)
2026-08-21 18:56:20,328 [INFO] Qual: EPOCH[35] -> PLCC: 0.907523, SROCC: 0.869863, KROCC: 0.687639, LOSS: 0.175551
2026-08-21 18:56:20,328 [INFO] Align: EPOCH[35] -> PLCC: 0.843275, SROCC: 0.703081, KROCC: 0.515466, LOSS: 0.274763
2026-08-21 18:56:20,345 [INFO] Saving checkpoint at epoch 35 to run/20260821184_B1_V14_s4/checkpoint_latest.pth.
2026-08-21 18:56:20,420 [INFO] Start training
2026-08-21 18:56:20,719 [INFO] Start training epoch 36, 37 iters per inner epoch.
2026-08-21 18:56:41,118 [INFO] Averaged stats: lr: 0.000019  loss: 0.099380
2026-08-21 18:56:41,214 [INFO] gates: {"epoch": 36, "raw_quality_ratio": 3.2343, "quality_ratio": 0.1033, "lambda_q": 0.0319, "deviation_mean": 1.1906, "deviation_std": 0.1945, "patch_w_mean": 0.0592, "patch_w_std": 0.0707}
2026-08-21 18:56:41,215 [INFO] Evaluating on val.
Train: data epoch: [36]  [ 0/37]  eta: 0:01:11  lr: 0.000019  loss: 0.0998  time: 1.9226  data: 0.0001  max mem: 5182
Train: data epoch: [36]  [20/37]  eta: 0:00:09  lr: 0.000019  loss: 0.1105  time: 0.5093  data: 0.0000  max mem: 5182
Train: data epoch: [36]  [36/37]  eta: 0:00:00  lr: 0.000019  loss: 0.1085  time: 0.5220  data: 0.0000  max mem: 5182
Train: data epoch: [36] Total time: 0:00:20 (0.5513 s / it)
2026-08-21 18:56:47,770 [INFO] Qual: EPOCH[36] -> PLCC: 0.907087, SROCC: 0.868718, KROCC: 0.686194, LOSS: 0.175842
2026-08-21 18:56:47,770 [INFO] Align: EPOCH[36] -> PLCC: 0.843254, SROCC: 0.702239, KROCC: 0.514676, LOSS: 0.277417
2026-08-21 18:56:47,771 [INFO] Start training
2026-08-21 18:56:48,089 [INFO] Start training epoch 37, 37 iters per inner epoch.
2026-08-21 18:57:07,029 [INFO] Averaged stats: lr: 0.000017  loss: 0.098499
2026-08-21 18:57:07,149 [INFO] gates: {"epoch": 37, "raw_quality_ratio": 3.3031, "quality_ratio": 0.1059, "lambda_q": 0.0321, "deviation_mean": 1.2041, "deviation_std": 0.188, "patch_w_mean": 0.0515, "patch_w_std": 0.0636}
2026-08-21 18:57:07,150 [INFO] Evaluating on val.
Train: data epoch: [37]  [ 0/37]  eta: 0:00:45  lr: 0.000017  loss: 0.1286  time: 1.2246  data: 0.0001  max mem: 5182
Train: data epoch: [37]  [20/37]  eta: 0:00:08  lr: 0.000017  loss: 0.0673  time: 0.4645  data: 0.0000  max mem: 5182
Train: data epoch: [37]  [36/37]  eta: 0:00:00  lr: 0.000017  loss: 0.1012  time: 0.5351  data: 0.0000  max mem: 5182
Train: data epoch: [37] Total time: 0:00:18 (0.5119 s / it)
2026-08-21 18:57:13,689 [INFO] Qual: EPOCH[37] -> PLCC: 0.907185, SROCC: 0.869450, KROCC: 0.687086, LOSS: 0.177668
2026-08-21 18:57:13,689 [INFO] Align: EPOCH[37] -> PLCC: 0.842988, SROCC: 0.702425, KROCC: 0.514800, LOSS: 0.277087
2026-08-21 18:57:13,689 [INFO] Start training
2026-08-21 18:57:13,951 [INFO] Start training epoch 38, 37 iters per inner epoch.
2026-08-21 18:57:33,414 [INFO] Averaged stats: lr: 0.000014  loss: 0.097713
2026-08-21 18:57:33,512 [INFO] gates: {"epoch": 38, "raw_quality_ratio": 3.1681, "quality_ratio": 0.1019, "lambda_q": 0.0322, "deviation_mean": 1.1733, "deviation_std": 0.1845, "patch_w_mean": 0.0636, "patch_w_std": 0.0734}
2026-08-21 18:57:33,512 [INFO] Evaluating on val.
Train: data epoch: [38]  [ 0/37]  eta: 0:00:45  lr: 0.000014  loss: 0.0831  time: 1.2212  data: 0.0001  max mem: 5182
Train: data epoch: [38]  [20/37]  eta: 0:00:09  lr: 0.000014  loss: 0.1094  time: 0.5034  data: 0.0000  max mem: 5182
Train: data epoch: [38]  [36/37]  eta: 0:00:00  lr: 0.000014  loss: 0.0989  time: 0.5096  data: 0.0000  max mem: 5182
Train: data epoch: [38] Total time: 0:00:19 (0.5260 s / it)
2026-08-21 18:57:40,152 [INFO] Qual: EPOCH[38] -> PLCC: 0.906974, SROCC: 0.868945, KROCC: 0.686499, LOSS: 0.176271
2026-08-21 18:57:40,152 [INFO] Align: EPOCH[38] -> PLCC: 0.842897, SROCC: 0.701840, KROCC: 0.514179, LOSS: 0.274905
2026-08-21 18:57:40,153 [INFO] Start training
2026-08-21 18:57:40,455 [INFO] Start training epoch 39, 37 iters per inner epoch.
2026-08-21 18:57:59,956 [INFO] Averaged stats: lr: 0.000012  loss: 0.097777
2026-08-21 18:58:00,050 [INFO] gates: {"epoch": 39, "raw_quality_ratio": 3.1346, "quality_ratio": 0.1011, "lambda_q": 0.0322, "deviation_mean": 1.188, "deviation_std": 0.1771, "patch_w_mean": 0.0525, "patch_w_std": 0.0646}
2026-08-21 18:58:00,050 [INFO] Evaluating on val.
Train: data epoch: [39]  [ 0/37]  eta: 0:00:43  lr: 0.000012  loss: 0.0809  time: 1.1715  data: 0.0001  max mem: 5182
Train: data epoch: [39]  [20/37]  eta: 0:00:08  lr: 0.000012  loss: 0.1384  time: 0.4828  data: 0.0000  max mem: 5182
Train: data epoch: [39]  [36/37]  eta: 0:00:00  lr: 0.000012  loss: 0.0876  time: 0.5224  data: 0.0000  max mem: 5182
Train: data epoch: [39] Total time: 0:00:19 (0.5270 s / it)
2026-08-21 18:58:06,842 [INFO] Qual: EPOCH[39] -> PLCC: 0.906777, SROCC: 0.868063, KROCC: 0.685732, LOSS: 0.175781
2026-08-21 18:58:06,843 [INFO] Align: EPOCH[39] -> PLCC: 0.842724, SROCC: 0.701331, KROCC: 0.513796, LOSS: 0.279231
2026-08-21 18:58:06,843 [INFO] Start training
2026-08-21 18:58:07,157 [INFO] Start training epoch 40, 37 iters per inner epoch.
2026-08-21 18:58:23,903 [INFO] Averaged stats: lr: 0.000010  loss: 0.096997
2026-08-21 18:58:24,010 [INFO] gates: {"epoch": 40, "raw_quality_ratio": 3.4082, "quality_ratio": 0.1102, "lambda_q": 0.0323, "deviation_mean": 1.2405, "deviation_std": 0.1721, "patch_w_mean": 0.0498, "patch_w_std": 0.064}
2026-08-21 18:58:24,010 [INFO] Evaluating on val.
Train: data epoch: [40]  [ 0/37]  eta: 0:00:28  lr: 0.000010  loss: 0.1109  time: 0.7738  data: 0.0001  max mem: 5182
Train: data epoch: [40]  [20/37]  eta: 0:00:07  lr: 0.000010  loss: 0.1405  time: 0.4146  data: 0.0000  max mem: 5182
Train: data epoch: [40]  [36/37]  eta: 0:00:00  lr: 0.000010  loss: 0.1025  time: 0.4223  data: 0.0000  max mem: 5182
Train: data epoch: [40] Total time: 0:00:16 (0.4526 s / it)
2026-08-21 18:58:30,543 [INFO] Qual: EPOCH[40] -> PLCC: 0.906741, SROCC: 0.868446, KROCC: 0.686048, LOSS: 0.176962
2026-08-21 18:58:30,544 [INFO] Align: EPOCH[40] -> PLCC: 0.842479, SROCC: 0.701292, KROCC: 0.513559, LOSS: 0.279473
2026-08-21 18:58:30,557 [INFO] Saving checkpoint at epoch 40 to run/20260821184_B1_V14_s4/checkpoint_latest.pth.
2026-08-21 18:58:30,618 [INFO] Start training
2026-08-21 18:58:30,895 [INFO] Start training epoch 41, 37 iters per inner epoch.
2026-08-21 18:58:50,343 [INFO] Averaged stats: lr: 0.000009  loss: 0.097066
2026-08-21 18:58:50,440 [INFO] gates: {"epoch": 41, "raw_quality_ratio": 3.1875, "quality_ratio": 0.1032, "lambda_q": 0.0324, "deviation_mean": 1.1764, "deviation_std": 0.1826, "patch_w_mean": 0.0535, "patch_w_std": 0.0675}
2026-08-21 18:58:50,441 [INFO] Evaluating on val.
Train: data epoch: [41]  [ 0/37]  eta: 0:00:44  lr: 0.000009  loss: 0.0846  time: 1.1986  data: 0.0001  max mem: 5182
Train: data epoch: [41]  [20/37]  eta: 0:00:09  lr: 0.000009  loss: 0.1258  time: 0.4986  data: 0.0000  max mem: 5182
Train: data epoch: [41]  [36/37]  eta: 0:00:00  lr: 0.000009  loss: 0.1068  time: 0.5042  data: 0.0000  max mem: 5182
Train: data epoch: [41] Total time: 0:00:19 (0.5256 s / it)
2026-08-21 18:58:57,185 [INFO] Qual: EPOCH[41] -> PLCC: 0.906396, SROCC: 0.867758, KROCC: 0.685190, LOSS: 0.177011
2026-08-21 18:58:57,185 [INFO] Align: EPOCH[41] -> PLCC: 0.842450, SROCC: 0.700863, KROCC: 0.513311, LOSS: 0.277825
2026-08-21 18:58:57,186 [INFO] Start training
2026-08-21 18:58:57,465 [INFO] Start training epoch 42, 37 iters per inner epoch.
2026-08-21 18:59:16,796 [INFO] Averaged stats: lr: 0.000007  loss: 0.096177
2026-08-21 18:59:16,918 [INFO] gates: {"epoch": 42, "raw_quality_ratio": 3.4212, "quality_ratio": 0.111, "lambda_q": 0.0324, "deviation_mean": 1.2287, "deviation_std": 0.1729, "patch_w_mean": 0.0486, "patch_w_std": 0.0615}
2026-08-21 18:59:16,918 [INFO] Evaluating on val.
Train: data epoch: [42]  [ 0/37]  eta: 0:00:40  lr: 0.000007  loss: 0.0973  time: 1.1057  data: 0.0001  max mem: 5182
Train: data epoch: [42]  [20/37]  eta: 0:00:09  lr: 0.000007  loss: 0.0984  time: 0.5011  data: 0.0000  max mem: 5182
Train: data epoch: [42]  [36/37]  eta: 0:00:00  lr: 0.000007  loss: 0.0917  time: 0.5143  data: 0.0000  max mem: 5182
Train: data epoch: [42] Total time: 0:00:19 (0.5225 s / it)
2026-08-21 18:59:23,598 [INFO] Qual: EPOCH[42] -> PLCC: 0.906506, SROCC: 0.868214, KROCC: 0.685574, LOSS: 0.177974
2026-08-21 18:59:23,599 [INFO] Align: EPOCH[42] -> PLCC: 0.842497, SROCC: 0.701094, KROCC: 0.513638, LOSS: 0.278275
2026-08-21 18:59:23,599 [INFO] Start training
2026-08-21 18:59:23,901 [INFO] Start training epoch 43, 37 iters per inner epoch.
2026-08-21 18:59:43,048 [INFO] Averaged stats: lr: 0.000006  loss: 0.096133
2026-08-21 18:59:43,160 [INFO] gates: {"epoch": 43, "raw_quality_ratio": 3.2632, "quality_ratio": 0.106, "lambda_q": 0.0325, "deviation_mean": 1.2271, "deviation_std": 0.1733, "patch_w_mean": 0.0506, "patch_w_std": 0.0637}
2026-08-21 18:59:43,160 [INFO] Evaluating on val.
Train: data epoch: [43]  [ 0/37]  eta: 0:00:37  lr: 0.000006  loss: 0.1002  time: 1.0252  data: 0.0002  max mem: 5182
Train: data epoch: [43]  [20/37]  eta: 0:00:08  lr: 0.000006  loss: 0.1362  time: 0.4956  data: 0.0000  max mem: 5182
Train: data epoch: [43]  [36/37]  eta: 0:00:00  lr: 0.000006  loss: 0.0868  time: 0.5214  data: 0.0000  max mem: 5182
Train: data epoch: [43] Total time: 0:00:19 (0.5175 s / it)
2026-08-21 18:59:49,847 [INFO] Qual: EPOCH[43] -> PLCC: 0.906666, SROCC: 0.868264, KROCC: 0.685811, LOSS: 0.176883
2026-08-21 18:59:49,847 [INFO] Align: EPOCH[43] -> PLCC: 0.842403, SROCC: 0.701020, KROCC: 0.513502, LOSS: 0.279614
2026-08-21 18:59:49,848 [INFO] Start training
2026-08-21 18:59:50,123 [INFO] Start training epoch 44, 37 iters per inner epoch.
2026-08-21 19:00:10,267 [INFO] Averaged stats: lr: 0.000004  loss: 0.095896
2026-08-21 19:00:10,380 [INFO] gates: {"epoch": 44, "raw_quality_ratio": 3.2929, "quality_ratio": 0.1071, "lambda_q": 0.0325, "deviation_mean": 1.186, "deviation_std": 0.1949, "patch_w_mean": 0.0531, "patch_w_std": 0.066}
2026-08-21 19:00:10,380 [INFO] Evaluating on val.
Train: data epoch: [44]  [ 0/37]  eta: 0:00:48  lr: 0.000004  loss: 0.1057  time: 1.3046  data: 0.0001  max mem: 5182
Train: data epoch: [44]  [20/37]  eta: 0:00:09  lr: 0.000004  loss: 0.0754  time: 0.4999  data: 0.0000  max mem: 5182
Train: data epoch: [44]  [36/37]  eta: 0:00:00  lr: 0.000004  loss: 0.0936  time: 0.5272  data: 0.0000  max mem: 5182
Train: data epoch: [44] Total time: 0:00:20 (0.5444 s / it)
2026-08-21 19:00:16,578 [INFO] Qual: EPOCH[44] -> PLCC: 0.906549, SROCC: 0.868004, KROCC: 0.685517, LOSS: 0.176864
2026-08-21 19:00:16,578 [INFO] Align: EPOCH[44] -> PLCC: 0.842361, SROCC: 0.700855, KROCC: 0.513378, LOSS: 0.280197
2026-08-21 19:00:16,579 [INFO] Start training
2026-08-21 19:00:16,878 [INFO] Start training epoch 45, 37 iters per inner epoch.
2026-08-21 19:00:35,653 [INFO] Averaged stats: lr: 0.000003  loss: 0.095554
2026-08-21 19:00:35,751 [INFO] gates: {"epoch": 45, "raw_quality_ratio": 3.359, "quality_ratio": 0.1093, "lambda_q": 0.0325, "deviation_mean": 1.2067, "deviation_std": 0.1927, "patch_w_mean": 0.0503, "patch_w_std": 0.0635}
2026-08-21 19:00:35,751 [INFO] Evaluating on val.
Train: data epoch: [45]  [ 0/37]  eta: 0:00:44  lr: 0.000003  loss: 0.0917  time: 1.1978  data: 0.0001  max mem: 5182
Train: data epoch: [45]  [20/37]  eta: 0:00:08  lr: 0.000003  loss: 0.1110  time: 0.4647  data: 0.0000  max mem: 5182
Train: data epoch: [45]  [36/37]  eta: 0:00:00  lr: 0.000003  loss: 0.0919  time: 0.5189  data: 0.0000  max mem: 5182
Train: data epoch: [45] Total time: 0:00:18 (0.5074 s / it)
2026-08-21 19:00:41,968 [INFO] Qual: EPOCH[45] -> PLCC: 0.906483, SROCC: 0.867845, KROCC: 0.685280, LOSS: 0.177267
2026-08-21 19:00:41,969 [INFO] Align: EPOCH[45] -> PLCC: 0.842331, SROCC: 0.700769, KROCC: 0.513299, LOSS: 0.280394
2026-08-21 19:00:41,987 [INFO] Saving checkpoint at epoch 45 to run/20260821184_B1_V14_s4/checkpoint_latest.pth.
2026-08-21 19:00:42,064 [INFO] Start training
2026-08-21 19:00:42,370 [INFO] Start training epoch 46, 37 iters per inner epoch.
2026-08-21 19:01:01,783 [INFO] Averaged stats: lr: 0.000003  loss: 0.096146
2026-08-21 19:01:01,892 [INFO] gates: {"epoch": 46, "raw_quality_ratio": 3.2838, "quality_ratio": 0.1069, "lambda_q": 0.0326, "deviation_mean": 1.1808, "deviation_std": 0.1824, "patch_w_mean": 0.0492, "patch_w_std": 0.0644}
2026-08-21 19:01:01,892 [INFO] Evaluating on val.
Train: data epoch: [46]  [ 0/37]  eta: 0:00:51  lr: 0.000003  loss: 0.0939  time: 1.4015  data: 0.0001  max mem: 5182
Train: data epoch: [46]  [20/37]  eta: 0:00:09  lr: 0.000003  loss: 0.1130  time: 0.4869  data: 0.0000  max mem: 5182
Train: data epoch: [46]  [36/37]  eta: 0:00:00  lr: 0.000003  loss: 0.0954  time: 0.5260  data: 0.0000  max mem: 5182
Train: data epoch: [46] Total time: 0:00:19 (0.5246 s / it)
2026-08-21 19:01:08,275 [INFO] Qual: EPOCH[46] -> PLCC: 0.906522, SROCC: 0.867854, KROCC: 0.685269, LOSS: 0.177100
2026-08-21 19:01:08,275 [INFO] Align: EPOCH[46] -> PLCC: 0.842308, SROCC: 0.700752, KROCC: 0.513243, LOSS: 0.279609
2026-08-21 19:01:08,276 [INFO] Start training
2026-08-21 19:01:08,577 [INFO] Start training epoch 47, 37 iters per inner epoch.
2026-08-21 19:01:21,539 [INFO] Averaged stats: lr: 0.000002  loss: 0.095104
2026-08-21 19:01:21,625 [INFO] gates: {"epoch": 47, "raw_quality_ratio": 3.2357, "quality_ratio": 0.1054, "lambda_q": 0.0326, "deviation_mean": 1.202, "deviation_std": 0.179, "patch_w_mean": 0.0503, "patch_w_std": 0.0633}
2026-08-21 19:01:21,625 [INFO] Evaluating on val.
Train: data epoch: [47]  [ 0/37]  eta: 0:00:45  lr: 0.000002  loss: 0.0911  time: 1.2342  data: 0.0001  max mem: 5182
Train: data epoch: [47]  [20/37]  eta: 0:00:06  lr: 0.000002  loss: 0.1048  time: 0.3341  data: 0.0000  max mem: 5182
Train: data epoch: [47]  [36/37]  eta: 0:00:00  lr: 0.000002  loss: 0.1147  time: 0.3281  data: 0.0000  max mem: 5182
Train: data epoch: [47] Total time: 0:00:12 (0.3503 s / it)
2026-08-21 19:01:26,232 [INFO] Qual: EPOCH[47] -> PLCC: 0.906442, SROCC: 0.867840, KROCC: 0.685314, LOSS: 0.177262
2026-08-21 19:01:26,232 [INFO] Align: EPOCH[47] -> PLCC: 0.842239, SROCC: 0.700637, KROCC: 0.513153, LOSS: 0.279756
2026-08-21 19:01:26,233 [INFO] Start training
2026-08-21 19:01:26,534 [INFO] Start training epoch 48, 37 iters per inner epoch.
2026-08-21 19:01:38,677 [INFO] Averaged stats: lr: 0.000001  loss: 0.096088
2026-08-21 19:01:38,753 [INFO] gates: {"epoch": 48, "raw_quality_ratio": 3.35, "quality_ratio": 0.1092, "lambda_q": 0.0326, "deviation_mean": 1.2001, "deviation_std": 0.1949, "patch_w_mean": 0.0511, "patch_w_std": 0.0657}
2026-08-21 19:01:38,754 [INFO] Evaluating on val.
Train: data epoch: [48]  [ 0/37]  eta: 0:00:36  lr: 0.000001  loss: 0.1213  time: 0.9818  data: 0.0002  max mem: 5182
Train: data epoch: [48]  [20/37]  eta: 0:00:05  lr: 0.000001  loss: 0.1039  time: 0.3193  data: 0.0000  max mem: 5182
Train: data epoch: [48]  [36/37]  eta: 0:00:00  lr: 0.000001  loss: 0.1082  time: 0.3150  data: 0.0000  max mem: 5182
Train: data epoch: [48] Total time: 0:00:12 (0.3282 s / it)
2026-08-21 19:01:43,612 [INFO] Qual: EPOCH[48] -> PLCC: 0.906421, SROCC: 0.867704, KROCC: 0.685190, LOSS: 0.177228
2026-08-21 19:01:43,612 [INFO] Align: EPOCH[48] -> PLCC: 0.842230, SROCC: 0.700630, KROCC: 0.513130, LOSS: 0.279858
2026-08-21 19:01:43,613 [INFO] Start training
2026-08-21 19:01:43,967 [INFO] Start training epoch 49, 37 iters per inner epoch.
2026-08-21 19:01:55,084 [INFO] Averaged stats: lr: 0.000001  loss: 0.094639
2026-08-21 19:01:55,156 [INFO] gates: {"epoch": 49, "raw_quality_ratio": 3.2797, "quality_ratio": 0.1069, "lambda_q": 0.0326, "deviation_mean": 1.2039, "deviation_std": 0.1716, "patch_w_mean": 0.0529, "patch_w_std": 0.0653}
2026-08-21 19:01:55,157 [INFO] Evaluating on val.
Train: data epoch: [49]  [ 0/37]  eta: 0:00:34  lr: 0.000001  loss: 0.0840  time: 0.9240  data: 0.0001  max mem: 5182
Train: data epoch: [49]  [20/37]  eta: 0:00:05  lr: 0.000001  loss: 0.0963  time: 0.3096  data: 0.0000  max mem: 5182
Train: data epoch: [49]  [36/37]  eta: 0:00:00  lr: 0.000001  loss: 0.1075  time: 0.2748  data: 0.0000  max mem: 5182
Train: data epoch: [49] Total time: 0:00:11 (0.3004 s / it)
2026-08-21 19:01:58,200 [INFO] Qual: EPOCH[49] -> PLCC: 0.906426, SROCC: 0.867681, KROCC: 0.685179, LOSS: 0.177283
2026-08-21 19:01:58,200 [INFO] Align: EPOCH[49] -> PLCC: 0.842225, SROCC: 0.700587, KROCC: 0.513085, LOSS: 0.279891
2026-08-21 19:01:58,218 [INFO] Saving checkpoint at epoch 49 to run/20260821184_B1_V14_s4/checkpoint_latest.pth.
[{'agg_metrics': np.float64(4.610939382668123), 'qual_agg': np.float64(2.4963091339467134), 'qual_PLCC': np.float64(0.9142693414334618), 'qual_SROCC': np.float64(0.8804211658595934), 'qual_KROCC': np.float64(0.7016186266536583), 'align_agg': np.float64(2.1146302487214093), 'align_PLCC': np.float64(0.8493461504841725), 'align_SROCC': np.float64(0.7265652136461004), 'align_KROCC': np.float64(0.5387188845911365)}]
{'agg_metrics': np.float64(4.610939382668123), 'qual_agg': np.float64(2.4963091339467134), 'qual_PLCC': np.float64(0.9142693414334618), 'qual_SROCC': np.float64(0.8804211658595934), 'qual_KROCC': np.float64(0.7016186266536583), 'align_agg': np.float64(2.1146302487214093), 'align_PLCC': np.float64(0.8493461504841725), 'align_SROCC': np.float64(0.7265652136461004), 'align_KROCC': np.float64(0.5387188845911365)}
