2026-08-21 00:51:30,213 [INFO] Start training
2026-08-21 00:51:31,869 [INFO] number of trainable parameters: 5040908
Not using distributed mode
['msqr_dgmpq_dphcmi_v8']
2026-08-21 00:51:32,308 [INFO] Start training epoch 0, 37 iters per inner epoch.
2026-08-21 00:51:55,798 [INFO] Averaged stats: lr: 0.000036  loss: 7.039940
2026-08-21 00:51:55,875 [INFO] gates: {"epoch": 0, "raw_align_ratio": 9.0939, "align_ratio": 0.1042, "lambda_a": 0.0116, "alpha_d": 0.0107, "beta_d": 0.0113, "alpha_s": 0.0108, "beta_s": 0.0112, "beta_align": -0.0009, "hier_gate_mean": 0.4653, "prompt_w_mean": 0.1725}
2026-08-21 00:51:55,875 [INFO] Evaluating on val.
Train: data epoch: [0]  [ 0/37]  eta: 0:02:34  lr: 0.000000  loss: 7.6661  time: 4.1671  data: 0.0001  max mem: 5228
Train: data epoch: [0]  [20/37]  eta: 0:00:11  lr: 0.000040  loss: 7.6319  time: 0.5128  data: 0.0000  max mem: 5275
Train: data epoch: [0]  [36/37]  eta: 0:00:00  lr: 0.000072  loss: 6.1862  time: 0.5656  data: 0.0000  max mem: 5275
Train: data epoch: [0] Total time: 0:00:23 (0.6349 s / it)
2026-08-21 00:52:01,729 [INFO] Qual: EPOCH[0] -> PLCC: -0.147272, SROCC: -0.103021, KROCC: -0.068449, LOSS: 6.587967
2026-08-21 00:52:01,729 [INFO] Align: EPOCH[0] -> PLCC: -0.098723, SROCC: -0.087124, KROCC: -0.056924, LOSS: 6.239848
2026-08-21 00:52:01,743 [INFO] Saving checkpoint at epoch 0 to run/20260821005_B2_dphcmi/checkpoint_best.pth.
2026-08-21 00:52:01,836 [INFO] Saving checkpoint at epoch 0 to run/20260821005_B2_dphcmi/checkpoint_best_joint.pth.
2026-08-21 00:52:01,924 [INFO] Saving checkpoint at epoch 0 to run/20260821005_B2_dphcmi/checkpoint_latest.pth.
2026-08-21 00:52:02,002 [INFO] Start training
2026-08-21 00:52:02,312 [INFO] Start training epoch 1, 37 iters per inner epoch.
2026-08-21 00:52:21,813 [INFO] Averaged stats: lr: 0.000100  loss: 3.324524
2026-08-21 00:52:21,939 [INFO] gates: {"epoch": 1, "raw_align_ratio": 5.5803, "align_ratio": 0.0895, "lambda_a": 0.0161, "alpha_d": 0.013, "beta_d": 0.0125, "alpha_s": 0.0123, "beta_s": 0.0121, "beta_align": -0.0015, "hier_gate_mean": 0.4965, "prompt_w_mean": 0.1609}
2026-08-21 00:52:21,939 [INFO] Evaluating on val.
Train: data epoch: [1]  [ 0/37]  eta: 0:00:45  lr: 0.000100  loss: 6.0192  time: 1.2406  data: 0.0001  max mem: 5275
Train: data epoch: [1]  [20/37]  eta: 0:00:08  lr: 0.000100  loss: 3.1591  time: 0.4564  data: 0.0000  max mem: 5275
Train: data epoch: [1]  [36/37]  eta: 0:00:00  lr: 0.000100  loss: 1.1969  time: 0.5706  data: 0.0000  max mem: 5275
Train: data epoch: [1] Total time: 0:00:19 (0.5271 s / it)
2026-08-21 00:52:28,060 [INFO] Qual: EPOCH[1] -> PLCC: 0.254730, SROCC: 0.256136, KROCC: 0.173015, LOSS: 0.963553
2026-08-21 00:52:28,061 [INFO] Align: EPOCH[1] -> PLCC: 0.262057, SROCC: 0.275577, KROCC: 0.189378, LOSS: 0.922019
2026-08-21 00:52:28,076 [INFO] Saving checkpoint at epoch 1 to run/20260821005_B2_dphcmi/checkpoint_best.pth.
2026-08-21 00:52:28,230 [INFO] Saving checkpoint at epoch 1 to run/20260821005_B2_dphcmi/checkpoint_best_joint.pth.
2026-08-21 00:52:28,357 [INFO] Start training
2026-08-21 00:52:28,671 [INFO] Start training epoch 2, 37 iters per inner epoch.
2026-08-21 00:52:49,048 [INFO] Averaged stats: lr: 0.000099  loss: 0.802104
2026-08-21 00:52:49,150 [INFO] gates: {"epoch": 2, "raw_align_ratio": 5.5618, "align_ratio": 0.0895, "lambda_a": 0.0161, "alpha_d": 0.0121, "beta_d": 0.0127, "alpha_s": 0.012, "beta_s": 0.0118, "beta_align": -0.001, "hier_gate_mean": 0.8472, "prompt_w_mean": 0.1599}
2026-08-21 00:52:49,151 [INFO] Evaluating on val.
Train: data epoch: [2]  [ 0/37]  eta: 0:00:48  lr: 0.000099  loss: 0.9738  time: 1.3087  data: 0.0001  max mem: 5275
Train: data epoch: [2]  [20/37]  eta: 0:00:09  lr: 0.000099  loss: 0.6308  time: 0.5011  data: 0.0000  max mem: 5275
Train: data epoch: [2]  [36/37]  eta: 0:00:00  lr: 0.000099  loss: 0.5952  time: 0.5652  data: 0.0000  max mem: 5275
Train: data epoch: [2] Total time: 0:00:20 (0.5507 s / it)
2026-08-21 00:52:55,252 [INFO] Qual: EPOCH[2] -> PLCC: 0.701678, SROCC: 0.658317, KROCC: 0.475558, LOSS: 0.543995
2026-08-21 00:52:55,252 [INFO] Align: EPOCH[2] -> PLCC: 0.635549, SROCC: 0.567956, KROCC: 0.399311, LOSS: 0.606228
2026-08-21 00:52:55,265 [INFO] Saving checkpoint at epoch 2 to run/20260821005_B2_dphcmi/checkpoint_best.pth.
2026-08-21 00:52:55,419 [INFO] Saving checkpoint at epoch 2 to run/20260821005_B2_dphcmi/checkpoint_best_joint.pth.
2026-08-21 00:52:55,554 [INFO] Start training
2026-08-21 00:52:55,863 [INFO] Start training epoch 3, 37 iters per inner epoch.
2026-08-21 00:53:16,409 [INFO] Averaged stats: lr: 0.000098  loss: 0.427961
2026-08-21 00:53:16,534 [INFO] gates: {"epoch": 3, "raw_align_ratio": 5.8585, "align_ratio": 0.0957, "lambda_a": 0.0163, "alpha_d": 0.0155, "beta_d": 0.0163, "alpha_s": 0.0126, "beta_s": 0.0119, "beta_align": -0.0009, "hier_gate_mean": 0.788, "prompt_w_mean": 0.17}
2026-08-21 00:53:16,534 [INFO] Evaluating on val.
Train: data epoch: [3]  [ 0/37]  eta: 0:00:46  lr: 0.000098  loss: 0.6030  time: 1.2539  data: 0.0001  max mem: 5275
Train: data epoch: [3]  [20/37]  eta: 0:00:09  lr: 0.000098  loss: 0.3581  time: 0.5285  data: 0.0000  max mem: 5275
Train: data epoch: [3]  [36/37]  eta: 0:00:00  lr: 0.000098  loss: 0.3546  time: 0.5495  data: 0.0000  max mem: 5275
Train: data epoch: [3] Total time: 0:00:20 (0.5553 s / it)
2026-08-21 00:53:22,828 [INFO] Qual: EPOCH[3] -> PLCC: 0.856563, SROCC: 0.755795, KROCC: 0.569113, LOSS: 0.263995
2026-08-21 00:53:22,828 [INFO] Align: EPOCH[3] -> PLCC: 0.782140, SROCC: 0.626119, KROCC: 0.451528, LOSS: 0.371962
2026-08-21 00:53:22,848 [INFO] Saving checkpoint at epoch 3 to run/20260821005_B2_dphcmi/checkpoint_best.pth.
2026-08-21 00:53:23,095 [INFO] Saving checkpoint at epoch 3 to run/20260821005_B2_dphcmi/checkpoint_best_joint.pth.
2026-08-21 00:53:23,273 [INFO] Start training
2026-08-21 00:53:23,644 [INFO] Start training epoch 4, 37 iters per inner epoch.
2026-08-21 00:53:44,474 [INFO] Averaged stats: lr: 0.000096  loss: 0.281885
2026-08-21 00:53:44,593 [INFO] gates: {"epoch": 4, "raw_align_ratio": 6.1337, "align_ratio": 0.1032, "lambda_a": 0.0168, "alpha_d": 0.0154, "beta_d": 0.0182, "alpha_s": 0.0126, "beta_s": 0.0121, "beta_align": 0.0021, "hier_gate_mean": 0.9112, "prompt_w_mean": 0.1755}
2026-08-21 00:53:44,594 [INFO] Evaluating on val.
Train: data epoch: [4]  [ 0/37]  eta: 0:00:47  lr: 0.000096  loss: 0.2610  time: 1.2706  data: 0.0001  max mem: 5275
Train: data epoch: [4]  [20/37]  eta: 0:00:09  lr: 0.000096  loss: 0.3268  time: 0.5413  data: 0.0000  max mem: 5275
Train: data epoch: [4]  [36/37]  eta: 0:00:00  lr: 0.000096  loss: 0.2114  time: 0.5494  data: 0.0000  max mem: 5275
Train: data epoch: [4] Total time: 0:00:20 (0.5629 s / it)
2026-08-21 00:53:50,455 [INFO] Qual: EPOCH[4] -> PLCC: 0.882787, SROCC: 0.795526, KROCC: 0.607893, LOSS: 0.222680
2026-08-21 00:53:50,455 [INFO] Align: EPOCH[4] -> PLCC: 0.808523, SROCC: 0.648522, KROCC: 0.472509, LOSS: 0.328589
2026-08-21 00:53:50,473 [INFO] Saving checkpoint at epoch 4 to run/20260821005_B2_dphcmi/checkpoint_best.pth.
2026-08-21 00:53:50,643 [INFO] Saving checkpoint at epoch 4 to run/20260821005_B2_dphcmi/checkpoint_best_joint.pth.
2026-08-21 00:53:50,769 [INFO] Start training
2026-08-21 00:53:51,090 [INFO] Start training epoch 5, 37 iters per inner epoch.
2026-08-21 00:54:11,941 [INFO] Averaged stats: lr: 0.000093  loss: 0.249059
2026-08-21 00:54:12,056 [INFO] gates: {"epoch": 5, "raw_align_ratio": 6.1259, "align_ratio": 0.1054, "lambda_a": 0.0172, "alpha_d": 0.0153, "beta_d": 0.0182, "alpha_s": 0.0125, "beta_s": 0.0119, "beta_align": 0.0022, "hier_gate_mean": 0.91, "prompt_w_mean": 0.1567}
2026-08-21 00:54:12,056 [INFO] Evaluating on val.
Train: data epoch: [5]  [ 0/37]  eta: 0:00:45  lr: 0.000093  loss: 0.3099  time: 1.2184  data: 0.0001  max mem: 5275
Train: data epoch: [5]  [20/37]  eta: 0:00:09  lr: 0.000093  loss: 0.2325  time: 0.5456  data: 0.0000  max mem: 5275
Train: data epoch: [5]  [36/37]  eta: 0:00:00  lr: 0.000093  loss: 0.2529  time: 0.5497  data: 0.0000  max mem: 5275
Train: data epoch: [5] Total time: 0:00:20 (0.5635 s / it)
2026-08-21 00:54:19,176 [INFO] Qual: EPOCH[5] -> PLCC: 0.891094, SROCC: 0.819527, KROCC: 0.630175, LOSS: 0.211313
2026-08-21 00:54:19,176 [INFO] Align: EPOCH[5] -> PLCC: 0.821774, SROCC: 0.668063, KROCC: 0.491002, LOSS: 0.309526
2026-08-21 00:54:19,193 [INFO] Saving checkpoint at epoch 5 to run/20260821005_B2_dphcmi/checkpoint_best.pth.
2026-08-21 00:54:19,377 [INFO] Saving checkpoint at epoch 5 to run/20260821005_B2_dphcmi/checkpoint_best_joint.pth.
2026-08-21 00:54:19,530 [INFO] Start training
2026-08-21 00:54:19,873 [INFO] Start training epoch 6, 37 iters per inner epoch.
2026-08-21 00:54:40,031 [INFO] Averaged stats: lr: 0.000091  loss: 0.230010
2026-08-21 00:54:40,151 [INFO] gates: {"epoch": 6, "raw_align_ratio": 6.1335, "align_ratio": 0.1079, "lambda_a": 0.0176, "alpha_d": 0.0152, "beta_d": 0.0183, "alpha_s": 0.0125, "beta_s": 0.0116, "beta_align": 0.0023, "hier_gate_mean": 0.8509, "prompt_w_mean": 0.1727}
2026-08-21 00:54:40,152 [INFO] Evaluating on val.
Train: data epoch: [6]  [ 0/37]  eta: 0:00:31  lr: 0.000091  loss: 0.2273  time: 0.8566  data: 0.0001  max mem: 5275
Train: data epoch: [6]  [20/37]  eta: 0:00:09  lr: 0.000091  loss: 0.2308  time: 0.5306  data: 0.0000  max mem: 5275
Train: data epoch: [6]  [36/37]  eta: 0:00:00  lr: 0.000091  loss: 0.2189  time: 0.5267  data: 0.0000  max mem: 5275
Train: data epoch: [6] Total time: 0:00:20 (0.5448 s / it)
2026-08-21 00:54:46,884 [INFO] Qual: EPOCH[6] -> PLCC: 0.892005, SROCC: 0.822061, KROCC: 0.634109, LOSS: 0.198761
2026-08-21 00:54:46,884 [INFO] Align: EPOCH[6] -> PLCC: 0.829316, SROCC: 0.676731, KROCC: 0.498757, LOSS: 0.298647
2026-08-21 00:54:46,901 [INFO] Saving checkpoint at epoch 6 to run/20260821005_B2_dphcmi/checkpoint_best.pth.
2026-08-21 00:54:47,121 [INFO] Saving checkpoint at epoch 6 to run/20260821005_B2_dphcmi/checkpoint_best_joint.pth.
2026-08-21 00:54:47,277 [INFO] Start training
2026-08-21 00:54:47,633 [INFO] Start training epoch 7, 37 iters per inner epoch.
2026-08-21 00:55:08,676 [INFO] Averaged stats: lr: 0.000087  loss: 0.219134
2026-08-21 00:55:08,773 [INFO] gates: {"epoch": 7, "raw_align_ratio": 6.3299, "align_ratio": 0.1144, "lambda_a": 0.0181, "alpha_d": 0.0152, "beta_d": 0.0188, "alpha_s": 0.0126, "beta_s": 0.0117, "beta_align": 0.0018, "hier_gate_mean": 0.9166, "prompt_w_mean": 0.1676}
2026-08-21 00:55:08,773 [INFO] Evaluating on val.
Train: data epoch: [7]  [ 0/37]  eta: 0:00:58  lr: 0.000087  loss: 0.2730  time: 1.5700  data: 0.0001  max mem: 5275
Train: data epoch: [7]  [20/37]  eta: 0:00:10  lr: 0.000087  loss: 0.2127  time: 0.5484  data: 0.0000  max mem: 5275
Train: data epoch: [7]  [36/37]  eta: 0:00:00  lr: 0.000087  loss: 0.2229  time: 0.5386  data: 0.0000  max mem: 5275
Train: data epoch: [7] Total time: 0:00:21 (0.5687 s / it)
2026-08-21 00:55:16,039 [INFO] Qual: EPOCH[7] -> PLCC: 0.896445, SROCC: 0.827699, KROCC: 0.641002, LOSS: 0.193610
2026-08-21 00:55:16,039 [INFO] Align: EPOCH[7] -> PLCC: 0.830483, SROCC: 0.686010, KROCC: 0.507197, LOSS: 0.294589
2026-08-21 00:55:16,056 [INFO] Saving checkpoint at epoch 7 to run/20260821005_B2_dphcmi/checkpoint_best.pth.
2026-08-21 00:55:16,240 [INFO] Saving checkpoint at epoch 7 to run/20260821005_B2_dphcmi/checkpoint_best_joint.pth.
2026-08-21 00:55:16,399 [INFO] Start training
2026-08-21 00:55:16,824 [INFO] Start training epoch 8, 37 iters per inner epoch.
2026-08-21 00:55:38,277 [INFO] Averaged stats: lr: 0.000084  loss: 0.204380
2026-08-21 00:55:38,380 [INFO] gates: {"epoch": 8, "raw_align_ratio": 6.4255, "align_ratio": 0.1197, "lambda_a": 0.0186, "alpha_d": 0.0154, "beta_d": 0.0199, "alpha_s": 0.0127, "beta_s": 0.0117, "beta_align": 0.0017, "hier_gate_mean": 0.8889, "prompt_w_mean": 0.1688}
2026-08-21 00:55:38,380 [INFO] Evaluating on val.
Train: data epoch: [8]  [ 0/37]  eta: 0:01:12  lr: 0.000084  loss: 0.1678  time: 1.9729  data: 0.0001  max mem: 5275
Train: data epoch: [8]  [20/37]  eta: 0:00:10  lr: 0.000084  loss: 0.2117  time: 0.5410  data: 0.0000  max mem: 5275
Train: data epoch: [8]  [36/37]  eta: 0:00:00  lr: 0.000084  loss: 0.1976  time: 0.5466  data: 0.0000  max mem: 5275
Train: data epoch: [8] Total time: 0:00:21 (0.5798 s / it)
2026-08-21 00:55:44,739 [INFO] Qual: EPOCH[8] -> PLCC: 0.898142, SROCC: 0.828546, KROCC: 0.642549, LOSS: 0.194194
2026-08-21 00:55:44,739 [INFO] Align: EPOCH[8] -> PLCC: 0.832941, SROCC: 0.690591, KROCC: 0.511512, LOSS: 0.292334
2026-08-21 00:55:44,756 [INFO] Saving checkpoint at epoch 8 to run/20260821005_B2_dphcmi/checkpoint_best.pth.
2026-08-21 00:55:44,953 [INFO] Saving checkpoint at epoch 8 to run/20260821005_B2_dphcmi/checkpoint_best_joint.pth.
2026-08-21 00:55:45,113 [INFO] Start training
2026-08-21 00:55:45,468 [INFO] Start training epoch 9, 37 iters per inner epoch.
2026-08-21 00:56:01,143 [INFO] Averaged stats: lr: 0.000080  loss: 0.192955
2026-08-21 00:56:01,241 [INFO] gates: {"epoch": 9, "raw_align_ratio": 6.1078, "align_ratio": 0.1176, "lambda_a": 0.0193, "alpha_d": 0.0155, "beta_d": 0.0216, "alpha_s": 0.0127, "beta_s": 0.0117, "beta_align": 0.0018, "hier_gate_mean": 0.9034, "prompt_w_mean": 0.155}
2026-08-21 00:56:01,241 [INFO] Evaluating on val.
Train: data epoch: [9]  [ 0/37]  eta: 0:00:53  lr: 0.000080  loss: 0.1573  time: 1.4432  data: 0.0001  max mem: 5275
Train: data epoch: [9]  [20/37]  eta: 0:00:08  lr: 0.000080  loss: 0.1695  time: 0.4364  data: 0.0000  max mem: 5275
Train: data epoch: [9]  [36/37]  eta: 0:00:00  lr: 0.000080  loss: 0.2005  time: 0.3504  data: 0.0000  max mem: 5275
Train: data epoch: [9] Total time: 0:00:15 (0.4236 s / it)
2026-08-21 00:56:07,299 [INFO] Qual: EPOCH[9] -> PLCC: 0.900346, SROCC: 0.833239, KROCC: 0.647895, LOSS: 0.187317
2026-08-21 00:56:07,299 [INFO] Align: EPOCH[9] -> PLCC: 0.835386, SROCC: 0.695028, KROCC: 0.515625, LOSS: 0.287641
2026-08-21 00:56:07,316 [INFO] Saving checkpoint at epoch 9 to run/20260821005_B2_dphcmi/checkpoint_best.pth.
2026-08-21 00:56:07,506 [INFO] Saving checkpoint at epoch 9 to run/20260821005_B2_dphcmi/checkpoint_best_joint.pth.
2026-08-21 00:56:07,667 [INFO] Start training
2026-08-21 00:56:08,023 [INFO] Start training epoch 10, 37 iters per inner epoch.
2026-08-21 00:56:28,907 [INFO] Averaged stats: lr: 0.000075  loss: 0.182558
2026-08-21 00:56:29,007 [INFO] gates: {"epoch": 10, "raw_align_ratio": 6.3513, "align_ratio": 0.1266, "lambda_a": 0.0199, "alpha_d": 0.0156, "beta_d": 0.0229, "alpha_s": 0.0128, "beta_s": 0.012, "beta_align": 0.002, "hier_gate_mean": 0.8993, "prompt_w_mean": 0.1609}
2026-08-21 00:56:29,008 [INFO] Evaluating on val.
Train: data epoch: [10]  [ 0/37]  eta: 0:00:50  lr: 0.000075  loss: 0.1851  time: 1.3764  data: 0.0001  max mem: 5275
Train: data epoch: [10]  [20/37]  eta: 0:00:10  lr: 0.000075  loss: 0.2503  time: 0.5629  data: 0.0000  max mem: 5275
Train: data epoch: [10]  [36/37]  eta: 0:00:00  lr: 0.000075  loss: 0.2208  time: 0.5246  data: 0.0000  max mem: 5275
Train: data epoch: [10] Total time: 0:00:20 (0.5644 s / it)
2026-08-21 00:56:33,039 [INFO] Qual: EPOCH[10] -> PLCC: 0.902397, SROCC: 0.835906, KROCC: 0.651313, LOSS: 0.190810
2026-08-21 00:56:33,040 [INFO] Align: EPOCH[10] -> PLCC: 0.835693, SROCC: 0.697062, KROCC: 0.517239, LOSS: 0.289239
2026-08-21 00:56:33,054 [INFO] Saving checkpoint at epoch 10 to run/20260821005_B2_dphcmi/checkpoint_best.pth.
2026-08-21 00:56:33,240 [INFO] Saving checkpoint at epoch 10 to run/20260821005_B2_dphcmi/checkpoint_best_joint.pth.
2026-08-21 00:56:33,385 [INFO] Start training
2026-08-21 00:56:33,750 [INFO] Start training epoch 11, 37 iters per inner epoch.
2026-08-21 00:56:47,726 [INFO] Averaged stats: lr: 0.000071  loss: 0.176895
2026-08-21 00:56:47,829 [INFO] gates: {"epoch": 11, "raw_align_ratio": 6.5097, "align_ratio": 0.1341, "lambda_a": 0.0206, "alpha_d": 0.0158, "beta_d": 0.0245, "alpha_s": 0.0128, "beta_s": 0.012, "beta_align": 0.0019, "hier_gate_mean": 0.9291, "prompt_w_mean": 0.1802}
2026-08-21 00:56:47,829 [INFO] Evaluating on val.
Train: data epoch: [11]  [ 0/37]  eta: 0:00:35  lr: 0.000071  loss: 0.1756  time: 0.9477  data: 0.0001  max mem: 5275
Train: data epoch: [11]  [20/37]  eta: 0:00:06  lr: 0.000071  loss: 0.1924  time: 0.3766  data: 0.0000  max mem: 5275
Train: data epoch: [11]  [36/37]  eta: 0:00:00  lr: 0.000071  loss: 0.1906  time: 0.3504  data: 0.0000  max mem: 5275
Train: data epoch: [11] Total time: 0:00:13 (0.3777 s / it)
2026-08-21 00:56:52,365 [INFO] Qual: EPOCH[11] -> PLCC: 0.903952, SROCC: 0.837710, KROCC: 0.653925, LOSS: 0.193311
2026-08-21 00:56:52,365 [INFO] Align: EPOCH[11] -> PLCC: 0.837977, SROCC: 0.700763, KROCC: 0.520758, LOSS: 0.286952
2026-08-21 00:56:52,378 [INFO] Saving checkpoint at epoch 11 to run/20260821005_B2_dphcmi/checkpoint_best.pth.
2026-08-21 00:56:52,513 [INFO] Saving checkpoint at epoch 11 to run/20260821005_B2_dphcmi/checkpoint_best_joint.pth.
2026-08-21 00:56:52,624 [INFO] Start training
2026-08-21 00:56:52,969 [INFO] Start training epoch 12, 37 iters per inner epoch.
2026-08-21 00:57:07,891 [INFO] Averaged stats: lr: 0.000066  loss: 0.171440
2026-08-21 00:57:08,017 [INFO] gates: {"epoch": 12, "raw_align_ratio": 6.4367, "align_ratio": 0.1363, "lambda_a": 0.0212, "alpha_d": 0.0156, "beta_d": 0.025, "alpha_s": 0.0128, "beta_s": 0.0119, "beta_align": 0.0022, "hier_gate_mean": 0.9122, "prompt_w_mean": 0.1763}
2026-08-21 00:57:08,017 [INFO] Evaluating on val.
Train: data epoch: [12]  [ 0/37]  eta: 0:00:56  lr: 0.000066  loss: 0.2125  time: 1.5267  data: 0.0001  max mem: 5275
Train: data epoch: [12]  [20/37]  eta: 0:00:07  lr: 0.000066  loss: 0.1488  time: 0.3760  data: 0.0000  max mem: 5275
Train: data epoch: [12]  [36/37]  eta: 0:00:00  lr: 0.000066  loss: 0.2285  time: 0.3685  data: 0.0000  max mem: 5275
Train: data epoch: [12] Total time: 0:00:14 (0.4033 s / it)
2026-08-21 00:57:13,334 [INFO] Qual: EPOCH[12] -> PLCC: 0.905327, SROCC: 0.840868, KROCC: 0.657153, LOSS: 0.176572
2026-08-21 00:57:13,335 [INFO] Align: EPOCH[12] -> PLCC: 0.840273, SROCC: 0.704110, KROCC: 0.523202, LOSS: 0.282393
2026-08-21 00:57:13,353 [INFO] Saving checkpoint at epoch 12 to run/20260821005_B2_dphcmi/checkpoint_best.pth.
2026-08-21 00:57:13,525 [INFO] Saving checkpoint at epoch 12 to run/20260821005_B2_dphcmi/checkpoint_best_joint.pth.
2026-08-21 00:57:13,663 [INFO] Start training
2026-08-21 00:57:14,015 [INFO] Start training epoch 13, 37 iters per inner epoch.
2026-08-21 00:57:29,031 [INFO] Averaged stats: lr: 0.000061  loss: 0.162533
2026-08-21 00:57:29,134 [INFO] gates: {"epoch": 13, "raw_align_ratio": 6.5699, "align_ratio": 0.1431, "lambda_a": 0.0218, "alpha_d": 0.0158, "beta_d": 0.0264, "alpha_s": 0.0129, "beta_s": 0.0122, "beta_align": 0.0022, "hier_gate_mean": 0.9405, "prompt_w_mean": 0.182}
2026-08-21 00:57:29,135 [INFO] Evaluating on val.
Train: data epoch: [13]  [ 0/37]  eta: 0:00:47  lr: 0.000061  loss: 0.2267  time: 1.2830  data: 0.0001  max mem: 5275
Train: data epoch: [13]  [20/37]  eta: 0:00:07  lr: 0.000061  loss: 0.2069  time: 0.3830  data: 0.0000  max mem: 5275
Train: data epoch: [13]  [36/37]  eta: 0:00:00  lr: 0.000061  loss: 0.1303  time: 0.3777  data: 0.0000  max mem: 5275
Train: data epoch: [13] Total time: 0:00:15 (0.4058 s / it)
2026-08-21 00:57:33,868 [INFO] Qual: EPOCH[13] -> PLCC: 0.906340, SROCC: 0.841720, KROCC: 0.659047, LOSS: 0.185516
2026-08-21 00:57:33,868 [INFO] Align: EPOCH[13] -> PLCC: 0.838811, SROCC: 0.699517, KROCC: 0.519245, LOSS: 0.285354
2026-08-21 00:57:33,882 [INFO] Saving checkpoint at epoch 13 to run/20260821005_B2_dphcmi/checkpoint_best.pth.
2026-08-21 00:57:34,018 [INFO] Start training
2026-08-21 00:57:34,345 [INFO] Start training epoch 14, 37 iters per inner epoch.
2026-08-21 00:57:48,275 [INFO] Averaged stats: lr: 0.000056  loss: 0.158742
2026-08-21 00:57:48,390 [INFO] gates: {"epoch": 14, "raw_align_ratio": 6.4627, "align_ratio": 0.1447, "lambda_a": 0.0224, "alpha_d": 0.0158, "beta_d": 0.0277, "alpha_s": 0.0129, "beta_s": 0.0121, "beta_align": 0.0025, "hier_gate_mean": 0.9197, "prompt_w_mean": 0.1808}
2026-08-21 00:57:48,390 [INFO] Evaluating on val.
Train: data epoch: [14]  [ 0/37]  eta: 0:00:35  lr: 0.000056  loss: 0.1425  time: 0.9510  data: 0.0001  max mem: 5275
Train: data epoch: [14]  [20/37]  eta: 0:00:06  lr: 0.000056  loss: 0.1141  time: 0.3468  data: 0.0000  max mem: 5275
Train: data epoch: [14]  [36/37]  eta: 0:00:00  lr: 0.000056  loss: 0.1331  time: 0.3768  data: 0.0000  max mem: 5275
Train: data epoch: [14] Total time: 0:00:13 (0.3765 s / it)
2026-08-21 00:57:52,496 [INFO] Qual: EPOCH[14] -> PLCC: 0.906474, SROCC: 0.841618, KROCC: 0.659215, LOSS: 0.176163
2026-08-21 00:57:52,496 [INFO] Align: EPOCH[14] -> PLCC: 0.839879, SROCC: 0.701241, KROCC: 0.520713, LOSS: 0.283753
2026-08-21 00:57:52,514 [INFO] Saving checkpoint at epoch 14 to run/20260821005_B2_dphcmi/checkpoint_best.pth.
2026-08-21 00:57:52,659 [INFO] Start training
2026-08-21 00:57:52,966 [INFO] Start training epoch 15, 37 iters per inner epoch.
2026-08-21 00:58:06,089 [INFO] Averaged stats: lr: 0.000050  loss: 0.151305
2026-08-21 00:58:06,183 [INFO] gates: {"epoch": 15, "raw_align_ratio": 6.397, "align_ratio": 0.1466, "lambda_a": 0.0229, "alpha_d": 0.0159, "beta_d": 0.0288, "alpha_s": 0.013, "beta_s": 0.0122, "beta_align": 0.0027, "hier_gate_mean": 0.8993, "prompt_w_mean": 0.1838}
2026-08-21 00:58:06,183 [INFO] Evaluating on val.
Train: data epoch: [15]  [ 0/37]  eta: 0:00:35  lr: 0.000051  loss: 0.1476  time: 0.9525  data: 0.0001  max mem: 5275
Train: data epoch: [15]  [20/37]  eta: 0:00:05  lr: 0.000051  loss: 0.1300  time: 0.3095  data: 0.0000  max mem: 5275
Train: data epoch: [15]  [36/37]  eta: 0:00:00  lr: 0.000051  loss: 0.1317  time: 0.3744  data: 0.0000  max mem: 5275
Train: data epoch: [15] Total time: 0:00:13 (0.3547 s / it)
2026-08-21 00:58:10,233 [INFO] Qual: EPOCH[15] -> PLCC: 0.907009, SROCC: 0.842525, KROCC: 0.660269, LOSS: 0.175597
2026-08-21 00:58:10,233 [INFO] Align: EPOCH[15] -> PLCC: 0.840053, SROCC: 0.701020, KROCC: 0.520769, LOSS: 0.283979
2026-08-21 00:58:10,250 [INFO] Saving checkpoint at epoch 15 to run/20260821005_B2_dphcmi/checkpoint_best.pth.
2026-08-21 00:58:10,433 [INFO] Saving checkpoint at epoch 15 to run/20260821005_B2_dphcmi/checkpoint_best_joint.pth.
2026-08-21 00:58:10,595 [INFO] Start training
2026-08-21 00:58:10,940 [INFO] Start training epoch 16, 37 iters per inner epoch.
2026-08-21 00:58:24,334 [INFO] Averaged stats: lr: 0.000045  loss: 0.146374
2026-08-21 00:58:24,430 [INFO] gates: {"epoch": 16, "raw_align_ratio": 6.4057, "align_ratio": 0.15, "lambda_a": 0.0234, "alpha_d": 0.016, "beta_d": 0.0296, "alpha_s": 0.013, "beta_s": 0.0123, "beta_align": 0.0028, "hier_gate_mean": 0.9141, "prompt_w_mean": 0.178}
2026-08-21 00:58:24,431 [INFO] Evaluating on val.
Train: data epoch: [16]  [ 0/37]  eta: 0:00:40  lr: 0.000045  loss: 0.1182  time: 1.1036  data: 0.0001  max mem: 5275
Train: data epoch: [16]  [20/37]  eta: 0:00:06  lr: 0.000045  loss: 0.1455  time: 0.3156  data: 0.0000  max mem: 5275
Train: data epoch: [16]  [36/37]  eta: 0:00:00  lr: 0.000045  loss: 0.1934  time: 0.3757  data: 0.0000  max mem: 5275
Train: data epoch: [16] Total time: 0:00:13 (0.3620 s / it)
2026-08-21 00:58:28,717 [INFO] Qual: EPOCH[16] -> PLCC: 0.907756, SROCC: 0.843811, KROCC: 0.661827, LOSS: 0.176559
2026-08-21 00:58:28,718 [INFO] Align: EPOCH[16] -> PLCC: 0.839851, SROCC: 0.700792, KROCC: 0.520187, LOSS: 0.285077
2026-08-21 00:58:28,734 [INFO] Saving checkpoint at epoch 16 to run/20260821005_B2_dphcmi/checkpoint_best.pth.
2026-08-21 00:58:28,903 [INFO] Saving checkpoint at epoch 16 to run/20260821005_B2_dphcmi/checkpoint_best_joint.pth.
2026-08-21 00:58:29,039 [INFO] Start training
2026-08-21 00:58:29,357 [INFO] Start training epoch 17, 37 iters per inner epoch.
2026-08-21 00:58:43,114 [INFO] Averaged stats: lr: 0.000040  loss: 0.142432
2026-08-21 00:58:43,215 [INFO] gates: {"epoch": 17, "raw_align_ratio": 6.5556, "align_ratio": 0.1567, "lambda_a": 0.0239, "alpha_d": 0.0161, "beta_d": 0.0307, "alpha_s": 0.0131, "beta_s": 0.0125, "beta_align": 0.003, "hier_gate_mean": 0.9038, "prompt_w_mean": 0.179}
2026-08-21 00:58:43,216 [INFO] Evaluating on val.
Train: data epoch: [17]  [ 0/37]  eta: 0:00:40  lr: 0.000040  loss: 0.1389  time: 1.0814  data: 0.0001  max mem: 5275
Train: data epoch: [17]  [20/37]  eta: 0:00:06  lr: 0.000040  loss: 0.1404  time: 0.3333  data: 0.0000  max mem: 5275
Train: data epoch: [17]  [36/37]  eta: 0:00:00  lr: 0.000040  loss: 0.1611  time: 0.3759  data: 0.0000  max mem: 5275
Train: data epoch: [17] Total time: 0:00:13 (0.3718 s / it)
2026-08-21 00:58:47,460 [INFO] Qual: EPOCH[17] -> PLCC: 0.908545, SROCC: 0.845690, KROCC: 0.664337, LOSS: 0.171256
2026-08-21 00:58:47,460 [INFO] Align: EPOCH[17] -> PLCC: 0.840875, SROCC: 0.701063, KROCC: 0.519857, LOSS: 0.281579
2026-08-21 00:58:47,478 [INFO] Saving checkpoint at epoch 17 to run/20260821005_B2_dphcmi/checkpoint_best.pth.
2026-08-21 00:58:47,676 [INFO] Saving checkpoint at epoch 17 to run/20260821005_B2_dphcmi/checkpoint_best_joint.pth.
2026-08-21 00:58:47,815 [INFO] Start training
2026-08-21 00:58:48,131 [INFO] Start training epoch 18, 37 iters per inner epoch.
2026-08-21 00:59:01,460 [INFO] Averaged stats: lr: 0.000035  loss: 0.135493
2026-08-21 00:59:01,556 [INFO] gates: {"epoch": 18, "raw_align_ratio": 6.2881, "align_ratio": 0.1529, "lambda_a": 0.0243, "alpha_d": 0.0162, "beta_d": 0.0317, "alpha_s": 0.0133, "beta_s": 0.0126, "beta_align": 0.003, "hier_gate_mean": 0.9147, "prompt_w_mean": 0.1743}
2026-08-21 00:59:01,556 [INFO] Evaluating on val.
Train: data epoch: [18]  [ 0/37]  eta: 0:00:39  lr: 0.000035  loss: 0.1604  time: 1.0682  data: 0.0001  max mem: 5275
Train: data epoch: [18]  [20/37]  eta: 0:00:05  lr: 0.000035  loss: 0.1013  time: 0.3132  data: 0.0000  max mem: 5275
Train: data epoch: [18]  [36/37]  eta: 0:00:00  lr: 0.000035  loss: 0.1366  time: 0.3754  data: 0.0000  max mem: 5275
Train: data epoch: [18] Total time: 0:00:13 (0.3602 s / it)
2026-08-21 00:59:06,405 [INFO] Qual: EPOCH[18] -> PLCC: 0.908150, SROCC: 0.843429, KROCC: 0.662275, LOSS: 0.175874
2026-08-21 00:59:06,405 [INFO] Align: EPOCH[18] -> PLCC: 0.840551, SROCC: 0.700681, KROCC: 0.520142, LOSS: 0.283406
2026-08-21 00:59:06,406 [INFO] Start training
2026-08-21 00:59:06,732 [INFO] Start training epoch 19, 37 iters per inner epoch.
2026-08-21 00:59:20,360 [INFO] Averaged stats: lr: 0.000030  loss: 0.135577
2026-08-21 00:59:20,461 [INFO] gates: {"epoch": 19, "raw_align_ratio": 6.3962, "align_ratio": 0.1579, "lambda_a": 0.0247, "alpha_d": 0.0163, "beta_d": 0.0325, "alpha_s": 0.0133, "beta_s": 0.0127, "beta_align": 0.0032, "hier_gate_mean": 0.8612, "prompt_w_mean": 0.1631}
2026-08-21 00:59:20,462 [INFO] Evaluating on val.
Train: data epoch: [19]  [ 0/37]  eta: 0:00:44  lr: 0.000030  loss: 0.1314  time: 1.1925  data: 0.0001  max mem: 5275
Train: data epoch: [19]  [20/37]  eta: 0:00:06  lr: 0.000030  loss: 0.1082  time: 0.3213  data: 0.0000  max mem: 5275
Train: data epoch: [19]  [36/37]  eta: 0:00:00  lr: 0.000030  loss: 0.1250  time: 0.3731  data: 0.0000  max mem: 5275
Train: data epoch: [19] Total time: 0:00:13 (0.3683 s / it)
2026-08-21 00:59:25,379 [INFO] Qual: EPOCH[19] -> PLCC: 0.908261, SROCC: 0.844149, KROCC: 0.662477, LOSS: 0.174421
2026-08-21 00:59:25,379 [INFO] Align: EPOCH[19] -> PLCC: 0.841910, SROCC: 0.703662, KROCC: 0.521801, LOSS: 0.280464
2026-08-21 00:59:25,396 [INFO] Saving checkpoint at epoch 19 to run/20260821005_B2_dphcmi/checkpoint_best_joint.pth.
2026-08-21 00:59:25,560 [INFO] Start training
2026-08-21 00:59:25,924 [INFO] Start training epoch 20, 37 iters per inner epoch.
2026-08-21 00:59:39,200 [INFO] Averaged stats: lr: 0.000026  loss: 0.132410
2026-08-21 00:59:39,325 [INFO] gates: {"epoch": 20, "raw_align_ratio": 6.4199, "align_ratio": 0.1606, "lambda_a": 0.025, "alpha_d": 0.0165, "beta_d": 0.0331, "alpha_s": 0.0135, "beta_s": 0.0129, "beta_align": 0.0033, "hier_gate_mean": 0.9189, "prompt_w_mean": 0.1743}
2026-08-21 00:59:39,326 [INFO] Evaluating on val.
Train: data epoch: [20]  [ 0/37]  eta: 0:00:37  lr: 0.000026  loss: 0.1137  time: 1.0210  data: 0.0001  max mem: 5275
Train: data epoch: [20]  [20/37]  eta: 0:00:05  lr: 0.000026  loss: 0.1330  time: 0.3118  data: 0.0000  max mem: 5275
Train: data epoch: [20]  [36/37]  eta: 0:00:00  lr: 0.000026  loss: 0.1169  time: 0.3501  data: 0.0000  max mem: 5275
Train: data epoch: [20] Total time: 0:00:13 (0.3588 s / it)
2026-08-21 00:59:44,110 [INFO] Qual: EPOCH[20] -> PLCC: 0.907960, SROCC: 0.843359, KROCC: 0.661625, LOSS: 0.178353
2026-08-21 00:59:44,110 [INFO] Align: EPOCH[20] -> PLCC: 0.841029, SROCC: 0.702176, KROCC: 0.521083, LOSS: 0.282564
2026-08-21 00:59:44,127 [INFO] Saving checkpoint at epoch 20 to run/20260821005_B2_dphcmi/checkpoint_latest.pth.
2026-08-21 00:59:44,293 [INFO] Start training
2026-08-21 00:59:44,657 [INFO] Start training epoch 21, 37 iters per inner epoch.
2026-08-21 00:59:56,895 [INFO] Averaged stats: lr: 0.000021  loss: 0.130163
2026-08-21 00:59:56,994 [INFO] gates: {"epoch": 21, "raw_align_ratio": 6.4382, "align_ratio": 0.1628, "lambda_a": 0.0253, "alpha_d": 0.0166, "beta_d": 0.0335, "alpha_s": 0.0135, "beta_s": 0.0129, "beta_align": 0.0034, "hier_gate_mean": 0.9001, "prompt_w_mean": 0.1674}
2026-08-21 00:59:56,994 [INFO] Evaluating on val.
Train: data epoch: [21]  [ 0/37]  eta: 0:00:36  lr: 0.000021  loss: 0.1286  time: 0.9827  data: 0.0001  max mem: 5275
Train: data epoch: [21]  [20/37]  eta: 0:00:05  lr: 0.000021  loss: 0.1273  time: 0.3009  data: 0.0000  max mem: 5275
Train: data epoch: [21]  [36/37]  eta: 0:00:00  lr: 0.000021  loss: 0.1660  time: 0.3009  data: 0.0000  max mem: 5275
Train: data epoch: [21] Total time: 0:00:12 (0.3307 s / it)
2026-08-21 01:00:02,033 [INFO] Qual: EPOCH[21] -> PLCC: 0.908380, SROCC: 0.843376, KROCC: 0.661670, LOSS: 0.171413
2026-08-21 01:00:02,033 [INFO] Align: EPOCH[21] -> PLCC: 0.840735, SROCC: 0.702302, KROCC: 0.521476, LOSS: 0.282659
2026-08-21 01:00:02,034 [INFO] Start training
2026-08-21 01:00:02,390 [INFO] Start training epoch 22, 37 iters per inner epoch.
2026-08-21 01:00:14,812 [INFO] Averaged stats: lr: 0.000017  loss: 0.128965
2026-08-21 01:00:14,912 [INFO] gates: {"epoch": 22, "raw_align_ratio": 6.4711, "align_ratio": 0.1649, "lambda_a": 0.0255, "alpha_d": 0.0166, "beta_d": 0.0338, "alpha_s": 0.0136, "beta_s": 0.013, "beta_align": 0.0035, "hier_gate_mean": 0.8986, "prompt_w_mean": 0.1818}
2026-08-21 01:00:14,913 [INFO] Evaluating on val.
Train: data epoch: [22]  [ 0/37]  eta: 0:00:31  lr: 0.000017  loss: 0.1294  time: 0.8467  data: 0.0001  max mem: 5275
Train: data epoch: [22]  [20/37]  eta: 0:00:06  lr: 0.000017  loss: 0.1293  time: 0.3426  data: 0.0000  max mem: 5275
Train: data epoch: [22]  [36/37]  eta: 0:00:00  lr: 0.000017  loss: 0.1977  time: 0.3158  data: 0.0000  max mem: 5275
Train: data epoch: [22] Total time: 0:00:12 (0.3357 s / it)
2026-08-21 01:00:19,886 [INFO] Qual: EPOCH[22] -> PLCC: 0.908288, SROCC: 0.843728, KROCC: 0.662253, LOSS: 0.173198
2026-08-21 01:00:19,886 [INFO] Align: EPOCH[22] -> PLCC: 0.840687, SROCC: 0.702018, KROCC: 0.520971, LOSS: 0.283279
2026-08-21 01:00:19,887 [INFO] Start training
2026-08-21 01:00:20,203 [INFO] Start training epoch 23, 37 iters per inner epoch.
2026-08-21 01:00:32,904 [INFO] Averaged stats: lr: 0.000014  loss: 0.128318
2026-08-21 01:00:33,003 [INFO] gates: {"epoch": 23, "raw_align_ratio": 6.5565, "align_ratio": 0.1683, "lambda_a": 0.0257, "alpha_d": 0.0167, "beta_d": 0.0341, "alpha_s": 0.0136, "beta_s": 0.013, "beta_align": 0.0035, "hier_gate_mean": 0.9085, "prompt_w_mean": 0.1836}
2026-08-21 01:00:33,003 [INFO] Evaluating on val.
Train: data epoch: [23]  [ 0/37]  eta: 0:00:40  lr: 0.000014  loss: 0.1357  time: 1.1053  data: 0.0001  max mem: 5275
Train: data epoch: [23]  [20/37]  eta: 0:00:06  lr: 0.000014  loss: 0.1473  time: 0.3426  data: 0.0000  max mem: 5275
Train: data epoch: [23]  [36/37]  eta: 0:00:00  lr: 0.000014  loss: 0.1147  time: 0.3154  data: 0.0000  max mem: 5275
Train: data epoch: [23] Total time: 0:00:12 (0.3433 s / it)
2026-08-21 01:00:37,918 [INFO] Qual: EPOCH[23] -> PLCC: 0.907952, SROCC: 0.843139, KROCC: 0.661457, LOSS: 0.173928
2026-08-21 01:00:37,918 [INFO] Align: EPOCH[23] -> PLCC: 0.840715, SROCC: 0.702078, KROCC: 0.520422, LOSS: 0.284133
2026-08-21 01:00:37,919 [INFO] Start training
2026-08-21 01:00:38,231 [INFO] Start training epoch 24, 37 iters per inner epoch.
2026-08-21 01:00:50,781 [INFO] Averaged stats: lr: 0.000010  loss: 0.125762
2026-08-21 01:00:50,934 [INFO] gates: {"epoch": 24, "raw_align_ratio": 6.6026, "align_ratio": 0.1704, "lambda_a": 0.0258, "alpha_d": 0.0167, "beta_d": 0.0344, "alpha_s": 0.0137, "beta_s": 0.0131, "beta_align": 0.0035, "hier_gate_mean": 0.9049, "prompt_w_mean": 0.1692}
2026-08-21 01:00:50,934 [INFO] Evaluating on val.
Train: data epoch: [24]  [ 0/37]  eta: 0:00:31  lr: 0.000010  loss: 0.1118  time: 0.8507  data: 0.0001  max mem: 5275
Train: data epoch: [24]  [20/37]  eta: 0:00:05  lr: 0.000010  loss: 0.1025  time: 0.3276  data: 0.0000  max mem: 5275
Train: data epoch: [24]  [36/37]  eta: 0:00:00  lr: 0.000010  loss: 0.1284  time: 0.2980  data: 0.0000  max mem: 5275
Train: data epoch: [24] Total time: 0:00:12 (0.3392 s / it)
2026-08-21 01:00:55,937 [INFO] Qual: EPOCH[24] -> PLCC: 0.908405, SROCC: 0.843429, KROCC: 0.661804, LOSS: 0.173340
2026-08-21 01:00:55,937 [INFO] Align: EPOCH[24] -> PLCC: 0.840843, SROCC: 0.700857, KROCC: 0.519066, LOSS: 0.282836
2026-08-21 01:00:55,938 [INFO] Start training
2026-08-21 01:00:56,257 [INFO] Start training epoch 25, 37 iters per inner epoch.
2026-08-21 01:01:09,681 [INFO] Averaged stats: lr: 0.000008  loss: 0.125321
2026-08-21 01:01:09,784 [INFO] gates: {"epoch": 25, "raw_align_ratio": 6.4539, "align_ratio": 0.1672, "lambda_a": 0.0259, "alpha_d": 0.0167, "beta_d": 0.0345, "alpha_s": 0.0137, "beta_s": 0.0131, "beta_align": 0.0036, "hier_gate_mean": 0.8833, "prompt_w_mean": 0.1627}
2026-08-21 01:01:09,785 [INFO] Evaluating on val.
Train: data epoch: [25]  [ 0/37]  eta: 0:00:37  lr: 0.000008  loss: 0.1255  time: 1.0064  data: 0.0001  max mem: 5275
Train: data epoch: [25]  [20/37]  eta: 0:00:06  lr: 0.000008  loss: 0.1321  time: 0.3618  data: 0.0000  max mem: 5275
Train: data epoch: [25]  [36/37]  eta: 0:00:00  lr: 0.000008  loss: 0.1226  time: 0.3179  data: 0.0000  max mem: 5275
Train: data epoch: [25] Total time: 0:00:13 (0.3628 s / it)
2026-08-21 01:01:14,953 [INFO] Qual: EPOCH[25] -> PLCC: 0.908060, SROCC: 0.843033, KROCC: 0.661345, LOSS: 0.174517
2026-08-21 01:01:14,953 [INFO] Align: EPOCH[25] -> PLCC: 0.840745, SROCC: 0.700987, KROCC: 0.519458, LOSS: 0.283780
2026-08-21 01:01:14,971 [INFO] Saving checkpoint at epoch 25 to run/20260821005_B2_dphcmi/checkpoint_latest.pth.
2026-08-21 01:01:15,125 [INFO] Start training
2026-08-21 01:01:15,497 [INFO] Start training epoch 26, 37 iters per inner epoch.
2026-08-21 01:01:29,421 [INFO] Averaged stats: lr: 0.000005  loss: 0.123720
2026-08-21 01:01:29,535 [INFO] gates: {"epoch": 26, "raw_align_ratio": 6.4205, "align_ratio": 0.1669, "lambda_a": 0.026, "alpha_d": 0.0167, "beta_d": 0.0346, "alpha_s": 0.0138, "beta_s": 0.0132, "beta_align": 0.0036, "hier_gate_mean": 0.8955, "prompt_w_mean": 0.1774}
2026-08-21 01:01:29,535 [INFO] Evaluating on val.
Train: data epoch: [26]  [ 0/37]  eta: 0:00:40  lr: 0.000005  loss: 0.1270  time: 1.0913  data: 0.0001  max mem: 5275
Train: data epoch: [26]  [20/37]  eta: 0:00:07  lr: 0.000005  loss: 0.0955  time: 0.3792  data: 0.0000  max mem: 5275
Train: data epoch: [26]  [36/37]  eta: 0:00:00  lr: 0.000005  loss: 0.1020  time: 0.3370  data: 0.0000  max mem: 5275
Train: data epoch: [26] Total time: 0:00:13 (0.3763 s / it)
2026-08-21 01:01:33,830 [INFO] Qual: EPOCH[26] -> PLCC: 0.908188, SROCC: 0.843292, KROCC: 0.661401, LOSS: 0.173861
2026-08-21 01:01:33,830 [INFO] Align: EPOCH[26] -> PLCC: 0.840441, SROCC: 0.700478, KROCC: 0.519144, LOSS: 0.284548
2026-08-21 01:01:33,830 [INFO] Start training
2026-08-21 01:01:34,149 [INFO] Start training epoch 27, 37 iters per inner epoch.
2026-08-21 01:01:48,018 [INFO] Averaged stats: lr: 0.000003  loss: 0.124090
2026-08-21 01:01:48,130 [INFO] gates: {"epoch": 27, "raw_align_ratio": 6.6169, "align_ratio": 0.1723, "lambda_a": 0.026, "alpha_d": 0.0168, "beta_d": 0.0347, "alpha_s": 0.0138, "beta_s": 0.0132, "beta_align": 0.0036, "hier_gate_mean": 0.9046, "prompt_w_mean": 0.1638}
2026-08-21 01:01:48,130 [INFO] Evaluating on val.
Train: data epoch: [27]  [ 0/37]  eta: 0:00:38  lr: 0.000003  loss: 0.1308  time: 1.0488  data: 0.0001  max mem: 5275
Train: data epoch: [27]  [20/37]  eta: 0:00:07  lr: 0.000003  loss: 0.1269  time: 0.3813  data: 0.0000  max mem: 5275
Train: data epoch: [27]  [36/37]  eta: 0:00:00  lr: 0.000003  loss: 0.2308  time: 0.3351  data: 0.0000  max mem: 5275
Train: data epoch: [27] Total time: 0:00:13 (0.3748 s / it)
2026-08-21 01:01:51,728 [INFO] Qual: EPOCH[27] -> PLCC: 0.908198, SROCC: 0.843013, KROCC: 0.660930, LOSS: 0.174172
2026-08-21 01:01:51,728 [INFO] Align: EPOCH[27] -> PLCC: 0.840331, SROCC: 0.700232, KROCC: 0.518651, LOSS: 0.284258
2026-08-21 01:01:51,729 [INFO] Start training
2026-08-21 01:01:52,053 [INFO] Start training epoch 28, 37 iters per inner epoch.
2026-08-21 01:02:05,874 [INFO] Averaged stats: lr: 0.000002  loss: 0.120944
2026-08-21 01:02:05,973 [INFO] gates: {"epoch": 28, "raw_align_ratio": 6.4792, "align_ratio": 0.1689, "lambda_a": 0.0261, "alpha_d": 0.0168, "beta_d": 0.0348, "alpha_s": 0.0138, "beta_s": 0.0132, "beta_align": 0.0036, "hier_gate_mean": 0.9034, "prompt_w_mean": 0.1757}
2026-08-21 01:02:05,973 [INFO] Evaluating on val.
Train: data epoch: [28]  [ 0/37]  eta: 0:00:42  lr: 0.000002  loss: 0.1280  time: 1.1374  data: 0.0001  max mem: 5275
Train: data epoch: [28]  [20/37]  eta: 0:00:07  lr: 0.000002  loss: 0.0983  time: 0.3772  data: 0.0000  max mem: 5275
Train: data epoch: [28]  [36/37]  eta: 0:00:00  lr: 0.000002  loss: 0.1343  time: 0.3310  data: 0.0000  max mem: 5275
Train: data epoch: [28] Total time: 0:00:13 (0.3735 s / it)
2026-08-21 01:02:09,921 [INFO] Qual: EPOCH[28] -> PLCC: 0.908167, SROCC: 0.843066, KROCC: 0.661031, LOSS: 0.174531
2026-08-21 01:02:09,921 [INFO] Align: EPOCH[28] -> PLCC: 0.840479, SROCC: 0.700123, KROCC: 0.518774, LOSS: 0.284197
2026-08-21 01:02:09,922 [INFO] Start training
2026-08-21 01:02:10,324 [INFO] Start training epoch 29, 37 iters per inner epoch.
2026-08-21 01:02:24,380 [INFO] Averaged stats: lr: 0.000001  loss: 0.122062
2026-08-21 01:02:24,464 [INFO] gates: {"epoch": 29, "raw_align_ratio": 6.8581, "align_ratio": 0.1789, "lambda_a": 0.0261, "alpha_d": 0.0168, "beta_d": 0.0348, "alpha_s": 0.0138, "beta_s": 0.0132, "beta_align": 0.0036, "hier_gate_mean": 0.9122, "prompt_w_mean": 0.1808}
2026-08-21 01:02:24,464 [INFO] Evaluating on val.
Train: data epoch: [29]  [ 0/37]  eta: 0:00:45  lr: 0.000001  loss: 0.1238  time: 1.2273  data: 0.0001  max mem: 5275
Train: data epoch: [29]  [20/37]  eta: 0:00:07  lr: 0.000001  loss: 0.1192  time: 0.3822  data: 0.0000  max mem: 5275
Train: data epoch: [29]  [36/37]  eta: 0:00:00  lr: 0.000001  loss: 0.0946  time: 0.3352  data: 0.0000  max mem: 5275
Train: data epoch: [29] Total time: 0:00:14 (0.3799 s / it)
2026-08-21 01:02:28,551 [INFO] Qual: EPOCH[29] -> PLCC: 0.908205, SROCC: 0.843013, KROCC: 0.661064, LOSS: 0.173873
2026-08-21 01:02:28,551 [INFO] Align: EPOCH[29] -> PLCC: 0.840538, SROCC: 0.700402, KROCC: 0.518987, LOSS: 0.284065
2026-08-21 01:02:28,574 [INFO] Saving checkpoint at epoch 29 to run/20260821005_B2_dphcmi/checkpoint_latest.pth.
[{'agg_metrics': np.float64(4.482259068285513), 'qual_agg': np.float64(2.4148872002273176), 'qual_PLCC': np.float64(0.9082609906852174), 'qual_SROCC': np.float64(0.8441494965917057), 'qual_KROCC': np.float64(0.6624767129503948), 'align_agg': np.float64(2.067371868058195), 'align_PLCC': np.float64(0.8419096901491757), 'align_SROCC': np.float64(0.7036616231043922), 'align_KROCC': np.float64(0.5218005548046275)}]
{'agg_metrics': np.float64(4.482259068285513), 'qual_agg': np.float64(2.4148872002273176), 'qual_PLCC': np.float64(0.9082609906852174), 'qual_SROCC': np.float64(0.8441494965917057), 'qual_KROCC': np.float64(0.6624767129503948), 'align_agg': np.float64(2.067371868058195), 'align_PLCC': np.float64(0.8419096901491757), 'align_SROCC': np.float64(0.7036616231043922), 'align_KROCC': np.float64(0.5218005548046275)}
