2026-08-21 02:26:19,578 [INFO] Start training
2026-08-21 02:26:19,971 [INFO] number of trainable parameters: 3072778
Not using distributed mode
['msqr_dgmpq_hcmi_v8']
2026-08-21 02:26:21,091 [INFO] Start training epoch 0, 37 iters per inner epoch.
2026-08-21 02:26:38,265 [INFO] Averaged stats: lr: 0.000036  loss: 7.046826
2026-08-21 02:26:38,347 [INFO] gates: {"epoch": 0, "raw_align_ratio": 9.0125, "align_ratio": 0.1034, "lambda_a": 0.0116, "alpha_d": 0.0114, "beta_d": 0.0114, "alpha_s": 0.0112, "beta_s": 0.0097, "hier_gate_mean": 0.5146, "prompt_w_valid_mean": 1.0, "prompt_w_valid_std": 0.08, "prompt_w_max": 1.3519, "prompt_w_entropy": 6.6651}
2026-08-21 02:26:38,347 [INFO] Evaluating on val.
Train: data epoch: [0]  [ 0/37]  eta: 0:02:10  lr: 0.000000  loss: 7.7041  time: 3.5222  data: 0.0001  max mem: 5166
Train: data epoch: [0]  [20/37]  eta: 0:00:09  lr: 0.000040  loss: 7.2646  time: 0.3835  data: 0.0000  max mem: 5196
Train: data epoch: [0]  [36/37]  eta: 0:00:00  lr: 0.000072  loss: 6.8153  time: 0.3758  data: 0.0000  max mem: 5196
Train: data epoch: [0] Total time: 0:00:17 (0.4641 s / it)
2026-08-21 02:26:43,650 [INFO] Qual: EPOCH[0] -> PLCC: -0.141908, SROCC: -0.096829, KROCC: -0.064172, LOSS: 6.602771
2026-08-21 02:26:43,650 [INFO] Align: EPOCH[0] -> PLCC: -0.098675, SROCC: -0.088061, KROCC: -0.057731, LOSS: 6.236786
2026-08-21 02:26:43,666 [INFO] Saving checkpoint at epoch 0 to run/20260821022_B2_hcmi/checkpoint_best.pth.
2026-08-21 02:26:43,760 [INFO] Saving checkpoint at epoch 0 to run/20260821022_B2_hcmi/checkpoint_best_joint.pth.
2026-08-21 02:26:43,833 [INFO] Start training
2026-08-21 02:26:44,164 [INFO] Start training epoch 1, 37 iters per inner epoch.
2026-08-21 02:26:58,776 [INFO] Averaged stats: lr: 0.000100  loss: 3.328597
2026-08-21 02:26:58,878 [INFO] gates: {"epoch": 1, "raw_align_ratio": 5.3925, "align_ratio": 0.0872, "lambda_a": 0.0162, "alpha_d": 0.0135, "beta_d": 0.0131, "alpha_s": 0.012, "beta_s": 0.0102, "hier_gate_mean": 0.5463, "prompt_w_valid_mean": 1.0, "prompt_w_valid_std": 0.2114, "prompt_w_max": 2.1502, "prompt_w_entropy": 6.6939}
2026-08-21 02:26:58,878 [INFO] Evaluating on val.
Train: data epoch: [1]  [ 0/37]  eta: 0:00:45  lr: 0.000100  loss: 6.5816  time: 1.2353  data: 0.0001  max mem: 5196
Train: data epoch: [1]  [20/37]  eta: 0:00:07  lr: 0.000100  loss: 2.2780  time: 0.3755  data: 0.0000  max mem: 5196
Train: data epoch: [1]  [36/37]  eta: 0:00:00  lr: 0.000100  loss: 1.0424  time: 0.3690  data: 0.0000  max mem: 5196
Train: data epoch: [1] Total time: 0:00:14 (0.3949 s / it)
2026-08-21 02:27:03,471 [INFO] Qual: EPOCH[1] -> PLCC: 0.253574, SROCC: 0.255908, KROCC: 0.172701, LOSS: 0.959963
2026-08-21 02:27:03,471 [INFO] Align: EPOCH[1] -> PLCC: 0.263193, SROCC: 0.277198, KROCC: 0.190084, LOSS: 0.927593
2026-08-21 02:27:03,483 [INFO] Saving checkpoint at epoch 1 to run/20260821022_B2_hcmi/checkpoint_best.pth.
2026-08-21 02:27:03,593 [INFO] Saving checkpoint at epoch 1 to run/20260821022_B2_hcmi/checkpoint_best_joint.pth.
2026-08-21 02:27:03,686 [INFO] Start training
2026-08-21 02:27:03,975 [INFO] Start training epoch 2, 37 iters per inner epoch.
2026-08-21 02:27:17,889 [INFO] Averaged stats: lr: 0.000100  loss: 0.799401
2026-08-21 02:27:17,993 [INFO] gates: {"epoch": 2, "raw_align_ratio": 5.7016, "align_ratio": 0.0926, "lambda_a": 0.0163, "alpha_d": 0.013, "beta_d": 0.013, "alpha_s": 0.0119, "beta_s": 0.01, "hier_gate_mean": 0.8325, "prompt_w_valid_mean": 1.0, "prompt_w_valid_std": 0.2554, "prompt_w_max": 1.9037, "prompt_w_entropy": 6.5563}
2026-08-21 02:27:17,993 [INFO] Evaluating on val.
Train: data epoch: [2]  [ 0/37]  eta: 0:00:35  lr: 0.000100  loss: 0.7614  time: 0.9612  data: 0.0001  max mem: 5196
Train: data epoch: [2]  [20/37]  eta: 0:00:06  lr: 0.000100  loss: 0.7485  time: 0.3496  data: 0.0000  max mem: 5196
Train: data epoch: [2]  [36/37]  eta: 0:00:00  lr: 0.000100  loss: 0.6029  time: 0.3755  data: 0.0000  max mem: 5196
Train: data epoch: [2] Total time: 0:00:13 (0.3760 s / it)
2026-08-21 02:27:22,083 [INFO] Qual: EPOCH[2] -> PLCC: 0.707425, SROCC: 0.659737, KROCC: 0.476679, LOSS: 0.540331
2026-08-21 02:27:22,084 [INFO] Align: EPOCH[2] -> PLCC: 0.639079, SROCC: 0.568015, KROCC: 0.399317, LOSS: 0.599988
2026-08-21 02:27:22,096 [INFO] Saving checkpoint at epoch 2 to run/20260821022_B2_hcmi/checkpoint_best.pth.
2026-08-21 02:27:22,202 [INFO] Saving checkpoint at epoch 2 to run/20260821022_B2_hcmi/checkpoint_best_joint.pth.
2026-08-21 02:27:22,290 [INFO] Start training
2026-08-21 02:27:22,579 [INFO] Start training epoch 3, 37 iters per inner epoch.
2026-08-21 02:27:35,786 [INFO] Averaged stats: lr: 0.000099  loss: 0.427929
2026-08-21 02:27:35,863 [INFO] gates: {"epoch": 3, "raw_align_ratio": 5.9663, "align_ratio": 0.0971, "lambda_a": 0.0163, "alpha_d": 0.0147, "beta_d": 0.0172, "alpha_s": 0.012, "beta_s": 0.01, "hier_gate_mean": 0.8672, "prompt_w_valid_mean": 1.0, "prompt_w_valid_std": 1.6152, "prompt_w_max": 8.8464, "prompt_w_entropy": 6.0823}
2026-08-21 02:27:35,863 [INFO] Evaluating on val.
Train: data epoch: [3]  [ 0/37]  eta: 0:00:32  lr: 0.000099  loss: 0.5537  time: 0.8737  data: 0.0001  max mem: 5196
Train: data epoch: [3]  [20/37]  eta: 0:00:05  lr: 0.000099  loss: 0.5120  time: 0.3187  data: 0.0000  max mem: 5196
Train: data epoch: [3]  [36/37]  eta: 0:00:00  lr: 0.000099  loss: 0.2613  time: 0.3733  data: 0.0000  max mem: 5196
Train: data epoch: [3] Total time: 0:00:13 (0.3569 s / it)
2026-08-21 02:27:39,793 [INFO] Qual: EPOCH[3] -> PLCC: 0.856412, SROCC: 0.761509, KROCC: 0.574156, LOSS: 0.268830
2026-08-21 02:27:39,794 [INFO] Align: EPOCH[3] -> PLCC: 0.775835, SROCC: 0.624180, KROCC: 0.449488, LOSS: 0.381095
2026-08-21 02:27:39,806 [INFO] Saving checkpoint at epoch 3 to run/20260821022_B2_hcmi/checkpoint_best.pth.
2026-08-21 02:27:39,915 [INFO] Saving checkpoint at epoch 3 to run/20260821022_B2_hcmi/checkpoint_best_joint.pth.
2026-08-21 02:27:40,000 [INFO] Start training
2026-08-21 02:27:40,318 [INFO] Start training epoch 4, 37 iters per inner epoch.
2026-08-21 02:27:53,581 [INFO] Averaged stats: lr: 0.000098  loss: 0.279568
2026-08-21 02:27:53,667 [INFO] gates: {"epoch": 4, "raw_align_ratio": 6.1323, "align_ratio": 0.1024, "lambda_a": 0.0167, "alpha_d": 0.0147, "beta_d": 0.02, "alpha_s": 0.0122, "beta_s": 0.0102, "hier_gate_mean": 0.9287, "prompt_w_valid_mean": 1.0, "prompt_w_valid_std": 0.6506, "prompt_w_max": 3.9952, "prompt_w_entropy": 6.6164}
2026-08-21 02:27:53,668 [INFO] Evaluating on val.
Train: data epoch: [4]  [ 0/37]  eta: 0:00:37  lr: 0.000098  loss: 0.2866  time: 1.0158  data: 0.0001  max mem: 5196
Train: data epoch: [4]  [20/37]  eta: 0:00:05  lr: 0.000098  loss: 0.2162  time: 0.3127  data: 0.0000  max mem: 5196
Train: data epoch: [4]  [36/37]  eta: 0:00:00  lr: 0.000098  loss: 0.2873  time: 0.3748  data: 0.0000  max mem: 5196
Train: data epoch: [4] Total time: 0:00:13 (0.3585 s / it)
2026-08-21 02:27:57,968 [INFO] Qual: EPOCH[4] -> PLCC: 0.885934, SROCC: 0.809210, KROCC: 0.619572, LOSS: 0.232258
2026-08-21 02:27:57,968 [INFO] Align: EPOCH[4] -> PLCC: 0.813798, SROCC: 0.656817, KROCC: 0.480063, LOSS: 0.321252
2026-08-21 02:27:57,998 [INFO] Saving checkpoint at epoch 4 to run/20260821022_B2_hcmi/checkpoint_best.pth.
2026-08-21 02:27:58,110 [INFO] Saving checkpoint at epoch 4 to run/20260821022_B2_hcmi/checkpoint_best_joint.pth.
2026-08-21 02:27:58,207 [INFO] Start training
2026-08-21 02:27:58,523 [INFO] Start training epoch 5, 37 iters per inner epoch.
2026-08-21 02:28:11,474 [INFO] Averaged stats: lr: 0.000098  loss: 0.244783
2026-08-21 02:28:11,573 [INFO] gates: {"epoch": 5, "raw_align_ratio": 6.0186, "align_ratio": 0.1031, "lambda_a": 0.0171, "alpha_d": 0.015, "beta_d": 0.0209, "alpha_s": 0.0121, "beta_s": 0.0099, "hier_gate_mean": 0.8642, "prompt_w_valid_mean": 1.0, "prompt_w_valid_std": 0.6482, "prompt_w_max": 4.269, "prompt_w_entropy": 6.3988}
2026-08-21 02:28:11,574 [INFO] Evaluating on val.
Train: data epoch: [5]  [ 0/37]  eta: 0:00:31  lr: 0.000098  loss: 0.2919  time: 0.8400  data: 0.0001  max mem: 5196
Train: data epoch: [5]  [20/37]  eta: 0:00:05  lr: 0.000098  loss: 0.2377  time: 0.3113  data: 0.0000  max mem: 5196
Train: data epoch: [5]  [36/37]  eta: 0:00:00  lr: 0.000098  loss: 0.2264  time: 0.3650  data: 0.0000  max mem: 5196
Train: data epoch: [5] Total time: 0:00:12 (0.3500 s / it)
2026-08-21 02:28:16,497 [INFO] Qual: EPOCH[5] -> PLCC: 0.890487, SROCC: 0.817770, KROCC: 0.628303, LOSS: 0.217327
2026-08-21 02:28:16,497 [INFO] Align: EPOCH[5] -> PLCC: 0.820061, SROCC: 0.667809, KROCC: 0.490766, LOSS: 0.314589
2026-08-21 02:28:16,509 [INFO] Saving checkpoint at epoch 5 to run/20260821022_B2_hcmi/checkpoint_best.pth.
2026-08-21 02:28:16,615 [INFO] Saving checkpoint at epoch 5 to run/20260821022_B2_hcmi/checkpoint_best_joint.pth.
2026-08-21 02:28:16,705 [INFO] Start training
2026-08-21 02:28:16,999 [INFO] Start training epoch 6, 37 iters per inner epoch.
2026-08-21 02:28:30,274 [INFO] Averaged stats: lr: 0.000097  loss: 0.226676
2026-08-21 02:28:30,364 [INFO] gates: {"epoch": 6, "raw_align_ratio": 6.3719, "align_ratio": 0.1124, "lambda_a": 0.0176, "alpha_d": 0.015, "beta_d": 0.0207, "alpha_s": 0.0122, "beta_s": 0.0097, "hier_gate_mean": 0.8091, "prompt_w_valid_mean": 1.0, "prompt_w_valid_std": 0.661, "prompt_w_max": 4.4003, "prompt_w_entropy": 6.4839}
2026-08-21 02:28:30,364 [INFO] Evaluating on val.
Train: data epoch: [6]  [ 0/37]  eta: 0:00:37  lr: 0.000097  loss: 0.2420  time: 1.0126  data: 0.0001  max mem: 5196
Train: data epoch: [6]  [20/37]  eta: 0:00:05  lr: 0.000097  loss: 0.1979  time: 0.3185  data: 0.0000  max mem: 5196
Train: data epoch: [6]  [36/37]  eta: 0:00:00  lr: 0.000097  loss: 0.2504  time: 0.3555  data: 0.0000  max mem: 5196
Train: data epoch: [6] Total time: 0:00:13 (0.3588 s / it)
2026-08-21 02:28:35,143 [INFO] Qual: EPOCH[6] -> PLCC: 0.893410, SROCC: 0.824077, KROCC: 0.635824, LOSS: 0.198677
2026-08-21 02:28:35,143 [INFO] Align: EPOCH[6] -> PLCC: 0.828101, SROCC: 0.678169, KROCC: 0.500114, LOSS: 0.300253
2026-08-21 02:28:35,156 [INFO] Saving checkpoint at epoch 6 to run/20260821022_B2_hcmi/checkpoint_best.pth.
2026-08-21 02:28:35,241 [INFO] Saving checkpoint at epoch 6 to run/20260821022_B2_hcmi/checkpoint_best_joint.pth.
2026-08-21 02:28:35,304 [INFO] Start training
2026-08-21 02:28:35,597 [INFO] Start training epoch 7, 37 iters per inner epoch.
2026-08-21 02:28:48,472 [INFO] Averaged stats: lr: 0.000095  loss: 0.213614
2026-08-21 02:28:48,555 [INFO] gates: {"epoch": 7, "raw_align_ratio": 6.1931, "align_ratio": 0.1125, "lambda_a": 0.0182, "alpha_d": 0.0153, "beta_d": 0.021, "alpha_s": 0.0123, "beta_s": 0.0097, "hier_gate_mean": 0.8789, "prompt_w_valid_mean": 1.0, "prompt_w_valid_std": 0.4762, "prompt_w_max": 3.4482, "prompt_w_entropy": 6.5335}
2026-08-21 02:28:48,556 [INFO] Evaluating on val.
Train: data epoch: [7]  [ 0/37]  eta: 0:00:37  lr: 0.000095  loss: 0.2303  time: 1.0036  data: 0.0001  max mem: 5196
Train: data epoch: [7]  [20/37]  eta: 0:00:05  lr: 0.000095  loss: 0.2504  time: 0.2973  data: 0.0000  max mem: 5196
Train: data epoch: [7]  [36/37]  eta: 0:00:00  lr: 0.000095  loss: 0.1888  time: 0.3349  data: 0.0000  max mem: 5196
Train: data epoch: [7] Total time: 0:00:12 (0.3479 s / it)
2026-08-21 02:28:53,409 [INFO] Qual: EPOCH[7] -> PLCC: 0.895770, SROCC: 0.825778, KROCC: 0.638289, LOSS: 0.196916
2026-08-21 02:28:53,409 [INFO] Align: EPOCH[7] -> PLCC: 0.828218, SROCC: 0.681497, KROCC: 0.503140, LOSS: 0.299226
2026-08-21 02:28:53,422 [INFO] Saving checkpoint at epoch 7 to run/20260821022_B2_hcmi/checkpoint_best.pth.
2026-08-21 02:28:53,530 [INFO] Saving checkpoint at epoch 7 to run/20260821022_B2_hcmi/checkpoint_best_joint.pth.
2026-08-21 02:28:53,615 [INFO] Start training
2026-08-21 02:28:53,909 [INFO] Start training epoch 8, 37 iters per inner epoch.
2026-08-21 02:29:06,723 [INFO] Averaged stats: lr: 0.000094  loss: 0.199353
2026-08-21 02:29:06,829 [INFO] gates: {"epoch": 8, "raw_align_ratio": 6.3681, "align_ratio": 0.12, "lambda_a": 0.0189, "alpha_d": 0.0157, "beta_d": 0.0218, "alpha_s": 0.0123, "beta_s": 0.0097, "hier_gate_mean": 0.8726, "prompt_w_valid_mean": 1.0, "prompt_w_valid_std": 0.4464, "prompt_w_max": 3.245, "prompt_w_entropy": 6.5538}
2026-08-21 02:29:06,829 [INFO] Evaluating on val.
Train: data epoch: [8]  [ 0/37]  eta: 0:00:39  lr: 0.000094  loss: 0.1690  time: 1.0717  data: 0.0001  max mem: 5196
Train: data epoch: [8]  [20/37]  eta: 0:00:05  lr: 0.000094  loss: 0.1869  time: 0.3082  data: 0.0000  max mem: 5196
Train: data epoch: [8]  [36/37]  eta: 0:00:00  lr: 0.000094  loss: 0.1798  time: 0.3205  data: 0.0000  max mem: 5196
Train: data epoch: [8] Total time: 0:00:12 (0.3463 s / it)
2026-08-21 02:29:11,691 [INFO] Qual: EPOCH[8] -> PLCC: 0.898349, SROCC: 0.829325, KROCC: 0.642470, LOSS: 0.196379
2026-08-21 02:29:11,692 [INFO] Align: EPOCH[8] -> PLCC: 0.832360, SROCC: 0.689025, KROCC: 0.510369, LOSS: 0.292260
2026-08-21 02:29:11,704 [INFO] Saving checkpoint at epoch 8 to run/20260821022_B2_hcmi/checkpoint_best.pth.
2026-08-21 02:29:11,816 [INFO] Saving checkpoint at epoch 8 to run/20260821022_B2_hcmi/checkpoint_best_joint.pth.
2026-08-21 02:29:11,905 [INFO] Start training
2026-08-21 02:29:12,200 [INFO] Start training epoch 9, 37 iters per inner epoch.
2026-08-21 02:29:24,787 [INFO] Averaged stats: lr: 0.000092  loss: 0.190736
2026-08-21 02:29:24,881 [INFO] gates: {"epoch": 9, "raw_align_ratio": 6.344, "align_ratio": 0.1237, "lambda_a": 0.0195, "alpha_d": 0.0159, "beta_d": 0.0228, "alpha_s": 0.0123, "beta_s": 0.0098, "hier_gate_mean": 0.891, "prompt_w_valid_mean": 1.0, "prompt_w_valid_std": 0.4456, "prompt_w_max": 3.1457, "prompt_w_entropy": 6.5975}
2026-08-21 02:29:24,881 [INFO] Evaluating on val.
Train: data epoch: [9]  [ 0/37]  eta: 0:00:42  lr: 0.000092  loss: 0.2235  time: 1.1578  data: 0.0001  max mem: 5196
Train: data epoch: [9]  [20/37]  eta: 0:00:06  lr: 0.000092  loss: 0.1888  time: 0.3224  data: 0.0000  max mem: 5196
Train: data epoch: [9]  [36/37]  eta: 0:00:00  lr: 0.000092  loss: 0.2190  time: 0.3072  data: 0.0000  max mem: 5196
Train: data epoch: [9] Total time: 0:00:12 (0.3402 s / it)
2026-08-21 02:29:29,735 [INFO] Qual: EPOCH[9] -> PLCC: 0.900140, SROCC: 0.833288, KROCC: 0.647435, LOSS: 0.185657
2026-08-21 02:29:29,735 [INFO] Align: EPOCH[9] -> PLCC: 0.834250, SROCC: 0.692419, KROCC: 0.512722, LOSS: 0.289374
2026-08-21 02:29:29,751 [INFO] Saving checkpoint at epoch 9 to run/20260821022_B2_hcmi/checkpoint_best.pth.
2026-08-21 02:29:29,849 [INFO] Saving checkpoint at epoch 9 to run/20260821022_B2_hcmi/checkpoint_best_joint.pth.
2026-08-21 02:29:29,931 [INFO] Start training
2026-08-21 02:29:30,258 [INFO] Start training epoch 10, 37 iters per inner epoch.
2026-08-21 02:29:42,895 [INFO] Averaged stats: lr: 0.000091  loss: 0.183974
2026-08-21 02:29:42,996 [INFO] gates: {"epoch": 10, "raw_align_ratio": 6.165, "align_ratio": 0.1249, "lambda_a": 0.0203, "alpha_d": 0.016, "beta_d": 0.0236, "alpha_s": 0.0124, "beta_s": 0.0097, "hier_gate_mean": 0.889, "prompt_w_valid_mean": 1.0, "prompt_w_valid_std": 0.4501, "prompt_w_max": 3.3448, "prompt_w_entropy": 6.5767}
2026-08-21 02:29:42,996 [INFO] Evaluating on val.
Train: data epoch: [10]  [ 0/37]  eta: 0:00:39  lr: 0.000091  loss: 0.2315  time: 1.0621  data: 0.0001  max mem: 5196
Train: data epoch: [10]  [20/37]  eta: 0:00:06  lr: 0.000091  loss: 0.1684  time: 0.3392  data: 0.0000  max mem: 5196
Train: data epoch: [10]  [36/37]  eta: 0:00:00  lr: 0.000091  loss: 0.1918  time: 0.3191  data: 0.0000  max mem: 5196
Train: data epoch: [10] Total time: 0:00:12 (0.3415 s / it)
2026-08-21 02:29:47,894 [INFO] Qual: EPOCH[10] -> PLCC: 0.903004, SROCC: 0.838130, KROCC: 0.653465, LOSS: 0.188580
2026-08-21 02:29:47,894 [INFO] Align: EPOCH[10] -> PLCC: 0.836105, SROCC: 0.696046, KROCC: 0.516443, LOSS: 0.287315
2026-08-21 02:29:47,907 [INFO] Saving checkpoint at epoch 10 to run/20260821022_B2_hcmi/checkpoint_best.pth.
2026-08-21 02:29:48,014 [INFO] Saving checkpoint at epoch 10 to run/20260821022_B2_hcmi/checkpoint_best_joint.pth.
2026-08-21 02:29:48,116 [INFO] Start training
2026-08-21 02:29:48,441 [INFO] Start training epoch 11, 37 iters per inner epoch.
2026-08-21 02:30:01,169 [INFO] Averaged stats: lr: 0.000089  loss: 0.170291
2026-08-21 02:30:01,253 [INFO] gates: {"epoch": 11, "raw_align_ratio": 6.3689, "align_ratio": 0.1341, "lambda_a": 0.0211, "alpha_d": 0.0166, "beta_d": 0.0252, "alpha_s": 0.0124, "beta_s": 0.0098, "hier_gate_mean": 0.8895, "prompt_w_valid_mean": 1.0, "prompt_w_valid_std": 0.4301, "prompt_w_max": 3.2799, "prompt_w_entropy": 6.6209}
2026-08-21 02:30:01,253 [INFO] Evaluating on val.
Train: data epoch: [11]  [ 0/37]  eta: 0:00:38  lr: 0.000089  loss: 0.1856  time: 1.0439  data: 0.0001  max mem: 5196
Train: data epoch: [11]  [20/37]  eta: 0:00:06  lr: 0.000089  loss: 0.1714  time: 0.3476  data: 0.0000  max mem: 5196
Train: data epoch: [11]  [36/37]  eta: 0:00:00  lr: 0.000089  loss: 0.1993  time: 0.3187  data: 0.0000  max mem: 5196
Train: data epoch: [11] Total time: 0:00:12 (0.3440 s / it)
2026-08-21 02:30:06,024 [INFO] Qual: EPOCH[11] -> PLCC: 0.904372, SROCC: 0.838849, KROCC: 0.655315, LOSS: 0.181375
2026-08-21 02:30:06,024 [INFO] Align: EPOCH[11] -> PLCC: 0.838702, SROCC: 0.700764, KROCC: 0.519660, LOSS: 0.283461
2026-08-21 02:30:06,037 [INFO] Saving checkpoint at epoch 11 to run/20260821022_B2_hcmi/checkpoint_best.pth.
2026-08-21 02:30:06,142 [INFO] Saving checkpoint at epoch 11 to run/20260821022_B2_hcmi/checkpoint_best_joint.pth.
2026-08-21 02:30:06,230 [INFO] Start training
2026-08-21 02:30:06,522 [INFO] Start training epoch 12, 37 iters per inner epoch.
2026-08-21 02:30:19,249 [INFO] Averaged stats: lr: 0.000087  loss: 0.161982
2026-08-21 02:30:19,329 [INFO] gates: {"epoch": 12, "raw_align_ratio": 6.4505, "align_ratio": 0.1414, "lambda_a": 0.0219, "alpha_d": 0.0169, "beta_d": 0.0265, "alpha_s": 0.0123, "beta_s": 0.0097, "hier_gate_mean": 0.8713, "prompt_w_valid_mean": 1.0, "prompt_w_valid_std": 0.4758, "prompt_w_max": 3.2378, "prompt_w_entropy": 6.6112}
2026-08-21 02:30:19,330 [INFO] Evaluating on val.
Train: data epoch: [12]  [ 0/37]  eta: 0:00:34  lr: 0.000087  loss: 0.1866  time: 0.9259  data: 0.0001  max mem: 5196
Train: data epoch: [12]  [20/37]  eta: 0:00:06  lr: 0.000087  loss: 0.1951  time: 0.3377  data: 0.0000  max mem: 5196
Train: data epoch: [12]  [36/37]  eta: 0:00:00  lr: 0.000087  loss: 0.1363  time: 0.3303  data: 0.0000  max mem: 5196
Train: data epoch: [12] Total time: 0:00:12 (0.3439 s / it)
2026-08-21 02:30:24,100 [INFO] Qual: EPOCH[12] -> PLCC: 0.905431, SROCC: 0.840786, KROCC: 0.657422, LOSS: 0.176696
2026-08-21 02:30:24,100 [INFO] Align: EPOCH[12] -> PLCC: 0.837794, SROCC: 0.696114, KROCC: 0.515737, LOSS: 0.289712
2026-08-21 02:30:24,113 [INFO] Saving checkpoint at epoch 12 to run/20260821022_B2_hcmi/checkpoint_best.pth.
2026-08-21 02:30:24,206 [INFO] Start training
2026-08-21 02:30:24,531 [INFO] Start training epoch 13, 37 iters per inner epoch.
2026-08-21 02:30:37,559 [INFO] Averaged stats: lr: 0.000084  loss: 0.158837
2026-08-21 02:30:37,652 [INFO] gates: {"epoch": 13, "raw_align_ratio": 6.3789, "align_ratio": 0.1441, "lambda_a": 0.0226, "alpha_d": 0.0171, "beta_d": 0.0276, "alpha_s": 0.0122, "beta_s": 0.0097, "hier_gate_mean": 0.9042, "prompt_w_valid_mean": 1.0, "prompt_w_valid_std": 0.4185, "prompt_w_max": 3.2109, "prompt_w_entropy": 6.5315}
2026-08-21 02:30:37,652 [INFO] Evaluating on val.
Train: data epoch: [13]  [ 0/37]  eta: 0:00:39  lr: 0.000084  loss: 0.1684  time: 1.0729  data: 0.0001  max mem: 5196
Train: data epoch: [13]  [20/37]  eta: 0:00:06  lr: 0.000084  loss: 0.1157  time: 0.3432  data: 0.0000  max mem: 5196
Train: data epoch: [13]  [36/37]  eta: 0:00:00  lr: 0.000084  loss: 0.1623  time: 0.3255  data: 0.0000  max mem: 5196
Train: data epoch: [13] Total time: 0:00:13 (0.3521 s / it)
2026-08-21 02:30:42,379 [INFO] Qual: EPOCH[13] -> PLCC: 0.906707, SROCC: 0.842645, KROCC: 0.659820, LOSS: 0.174197
2026-08-21 02:30:42,380 [INFO] Align: EPOCH[13] -> PLCC: 0.839627, SROCC: 0.699115, KROCC: 0.518449, LOSS: 0.288404
2026-08-21 02:30:42,393 [INFO] Saving checkpoint at epoch 13 to run/20260821022_B2_hcmi/checkpoint_best.pth.
2026-08-21 02:30:42,495 [INFO] Saving checkpoint at epoch 13 to run/20260821022_B2_hcmi/checkpoint_best_joint.pth.
2026-08-21 02:30:42,583 [INFO] Start training
2026-08-21 02:30:42,873 [INFO] Start training epoch 14, 37 iters per inner epoch.
2026-08-21 02:30:55,469 [INFO] Averaged stats: lr: 0.000082  loss: 0.147629
2026-08-21 02:30:55,604 [INFO] gates: {"epoch": 14, "raw_align_ratio": 6.3094, "align_ratio": 0.1472, "lambda_a": 0.0233, "alpha_d": 0.0178, "beta_d": 0.0295, "alpha_s": 0.0122, "beta_s": 0.01, "hier_gate_mean": 0.9284, "prompt_w_valid_mean": 1.0, "prompt_w_valid_std": 0.4384, "prompt_w_max": 3.1785, "prompt_w_entropy": 6.5931}
2026-08-21 02:30:55,604 [INFO] Evaluating on val.
Train: data epoch: [14]  [ 0/37]  eta: 0:00:38  lr: 0.000082  loss: 0.1637  time: 1.0433  data: 0.0001  max mem: 5196
Train: data epoch: [14]  [20/37]  eta: 0:00:06  lr: 0.000082  loss: 0.1525  time: 0.3327  data: 0.0000  max mem: 5196
Train: data epoch: [14]  [36/37]  eta: 0:00:00  lr: 0.000082  loss: 0.1245  time: 0.2987  data: 0.0000  max mem: 5196
Train: data epoch: [14] Total time: 0:00:12 (0.3404 s / it)
2026-08-21 02:31:00,612 [INFO] Qual: EPOCH[14] -> PLCC: 0.907891, SROCC: 0.843423, KROCC: 0.661098, LOSS: 0.190974
2026-08-21 02:31:00,612 [INFO] Align: EPOCH[14] -> PLCC: 0.839158, SROCC: 0.704300, KROCC: 0.522484, LOSS: 0.289786
2026-08-21 02:31:00,628 [INFO] Saving checkpoint at epoch 14 to run/20260821022_B2_hcmi/checkpoint_best.pth.
2026-08-21 02:31:00,754 [INFO] Saving checkpoint at epoch 14 to run/20260821022_B2_hcmi/checkpoint_best_joint.pth.
2026-08-21 02:31:00,860 [INFO] Start training
2026-08-21 02:31:01,186 [INFO] Start training epoch 15, 37 iters per inner epoch.
2026-08-21 02:31:13,994 [INFO] Averaged stats: lr: 0.000080  loss: 0.144889
2026-08-21 02:31:14,122 [INFO] gates: {"epoch": 15, "raw_align_ratio": 6.5254, "align_ratio": 0.1566, "lambda_a": 0.024, "alpha_d": 0.018, "beta_d": 0.0312, "alpha_s": 0.012, "beta_s": 0.0098, "hier_gate_mean": 0.9189, "prompt_w_valid_mean": 1.0, "prompt_w_valid_std": 0.4516, "prompt_w_max": 3.1082, "prompt_w_entropy": 6.5432}
2026-08-21 02:31:14,123 [INFO] Evaluating on val.
Train: data epoch: [15]  [ 0/37]  eta: 0:00:36  lr: 0.000080  loss: 0.1658  time: 0.9986  data: 0.0002  max mem: 5196
Train: data epoch: [15]  [20/37]  eta: 0:00:06  lr: 0.000080  loss: 0.1868  time: 0.3384  data: 0.0000  max mem: 5196
Train: data epoch: [15]  [36/37]  eta: 0:00:00  lr: 0.000080  loss: 0.1426  time: 0.2940  data: 0.0000  max mem: 5196
Train: data epoch: [15] Total time: 0:00:12 (0.3462 s / it)
2026-08-21 02:31:19,067 [INFO] Qual: EPOCH[15] -> PLCC: 0.909215, SROCC: 0.844880, KROCC: 0.662791, LOSS: 0.174549
2026-08-21 02:31:19,067 [INFO] Align: EPOCH[15] -> PLCC: 0.840660, SROCC: 0.700508, KROCC: 0.519055, LOSS: 0.281861
2026-08-21 02:31:19,083 [INFO] Saving checkpoint at epoch 15 to run/20260821022_B2_hcmi/checkpoint_best.pth.
2026-08-21 02:31:19,199 [INFO] Saving checkpoint at epoch 15 to run/20260821022_B2_hcmi/checkpoint_best_joint.pth.
2026-08-21 02:31:19,291 [INFO] Start training
2026-08-21 02:31:19,616 [INFO] Start training epoch 16, 37 iters per inner epoch.
2026-08-21 02:31:32,873 [INFO] Averaged stats: lr: 0.000077  loss: 0.136551
2026-08-21 02:31:33,031 [INFO] gates: {"epoch": 16, "raw_align_ratio": 6.4147, "align_ratio": 0.1585, "lambda_a": 0.0247, "alpha_d": 0.0185, "beta_d": 0.0323, "alpha_s": 0.0122, "beta_s": 0.0099, "hier_gate_mean": 0.907, "prompt_w_valid_mean": 1.0, "prompt_w_valid_std": 0.4879, "prompt_w_max": 3.3723, "prompt_w_entropy": 6.5899}
2026-08-21 02:31:33,031 [INFO] Evaluating on val.
Train: data epoch: [16]  [ 0/37]  eta: 0:00:40  lr: 0.000077  loss: 0.1053  time: 1.0861  data: 0.0001  max mem: 5196
Train: data epoch: [16]  [20/37]  eta: 0:00:06  lr: 0.000077  loss: 0.1317  time: 0.3510  data: 0.0000  max mem: 5196
Train: data epoch: [16]  [36/37]  eta: 0:00:00  lr: 0.000077  loss: 0.1086  time: 0.2965  data: 0.0000  max mem: 5196
Train: data epoch: [16] Total time: 0:00:13 (0.3583 s / it)
2026-08-21 02:31:38,251 [INFO] Qual: EPOCH[16] -> PLCC: 0.908997, SROCC: 0.844720, KROCC: 0.662723, LOSS: 0.170282
2026-08-21 02:31:38,251 [INFO] Align: EPOCH[16] -> PLCC: 0.840061, SROCC: 0.700942, KROCC: 0.519593, LOSS: 0.287464
2026-08-21 02:31:38,252 [INFO] Start training
2026-08-21 02:31:38,554 [INFO] Start training epoch 17, 37 iters per inner epoch.
2026-08-21 02:31:51,888 [INFO] Averaged stats: lr: 0.000074  loss: 0.133306
2026-08-21 02:31:52,020 [INFO] gates: {"epoch": 17, "raw_align_ratio": 6.5401, "align_ratio": 0.1656, "lambda_a": 0.0253, "alpha_d": 0.0188, "beta_d": 0.0335, "alpha_s": 0.0121, "beta_s": 0.0102, "hier_gate_mean": 0.9197, "prompt_w_valid_mean": 1.0, "prompt_w_valid_std": 0.469, "prompt_w_max": 3.3356, "prompt_w_entropy": 6.6054}
2026-08-21 02:31:52,020 [INFO] Evaluating on val.
Train: data epoch: [17]  [ 0/37]  eta: 0:00:30  lr: 0.000074  loss: 0.1282  time: 0.8171  data: 0.0001  max mem: 5196
Train: data epoch: [17]  [20/37]  eta: 0:00:06  lr: 0.000074  loss: 0.1562  time: 0.3679  data: 0.0000  max mem: 5196
Train: data epoch: [17]  [36/37]  eta: 0:00:00  lr: 0.000074  loss: 0.1461  time: 0.3232  data: 0.0000  max mem: 5196
Train: data epoch: [17] Total time: 0:00:13 (0.3604 s / it)
2026-08-21 02:31:57,190 [INFO] Qual: EPOCH[17] -> PLCC: 0.907562, SROCC: 0.843534, KROCC: 0.661345, LOSS: 0.177801
2026-08-21 02:31:57,190 [INFO] Align: EPOCH[17] -> PLCC: 0.837389, SROCC: 0.696600, KROCC: 0.515378, LOSS: 0.291241
2026-08-21 02:31:57,191 [INFO] Start training
2026-08-21 02:31:57,524 [INFO] Start training epoch 18, 37 iters per inner epoch.
2026-08-21 02:32:11,175 [INFO] Averaged stats: lr: 0.000072  loss: 0.127463
2026-08-21 02:32:11,276 [INFO] gates: {"epoch": 18, "raw_align_ratio": 6.6154, "align_ratio": 0.172, "lambda_a": 0.026, "alpha_d": 0.0196, "beta_d": 0.0349, "alpha_s": 0.0124, "beta_s": 0.0105, "hier_gate_mean": 0.9094, "prompt_w_valid_mean": 1.0, "prompt_w_valid_std": 0.5269, "prompt_w_max": 3.6378, "prompt_w_entropy": 6.6214}
2026-08-21 02:32:11,276 [INFO] Evaluating on val.
Train: data epoch: [18]  [ 0/37]  eta: 0:00:34  lr: 0.000072  loss: 0.0933  time: 0.9230  data: 0.0001  max mem: 5196
Train: data epoch: [18]  [20/37]  eta: 0:00:06  lr: 0.000072  loss: 0.1044  time: 0.3795  data: 0.0000  max mem: 5196
Train: data epoch: [18]  [36/37]  eta: 0:00:00  lr: 0.000072  loss: 0.1370  time: 0.3326  data: 0.0000  max mem: 5196
Train: data epoch: [18] Total time: 0:00:13 (0.3689 s / it)
2026-08-21 02:32:16,625 [INFO] Qual: EPOCH[18] -> PLCC: 0.906839, SROCC: 0.841241, KROCC: 0.657814, LOSS: 0.187232
2026-08-21 02:32:16,626 [INFO] Align: EPOCH[18] -> PLCC: 0.836344, SROCC: 0.694442, KROCC: 0.512834, LOSS: 0.293259
2026-08-21 02:32:16,626 [INFO] Start training
2026-08-21 02:32:16,962 [INFO] Start training epoch 19, 37 iters per inner epoch.
2026-08-21 02:32:30,973 [INFO] Averaged stats: lr: 0.000069  loss: 0.124365
2026-08-21 02:32:31,051 [INFO] gates: {"epoch": 19, "raw_align_ratio": 6.5372, "align_ratio": 0.1737, "lambda_a": 0.0266, "alpha_d": 0.0198, "beta_d": 0.0364, "alpha_s": 0.0122, "beta_s": 0.0108, "hier_gate_mean": 0.9165, "prompt_w_valid_mean": 1.0, "prompt_w_valid_std": 0.5201, "prompt_w_max": 3.7162, "prompt_w_entropy": 6.6482}
2026-08-21 02:32:31,051 [INFO] Evaluating on val.
Train: data epoch: [19]  [ 0/37]  eta: 0:00:38  lr: 0.000069  loss: 0.1230  time: 1.0397  data: 0.0001  max mem: 5196
Train: data epoch: [19]  [20/37]  eta: 0:00:07  lr: 0.000069  loss: 0.0963  time: 0.3806  data: 0.0000  max mem: 5196
Train: data epoch: [19]  [36/37]  eta: 0:00:00  lr: 0.000069  loss: 0.1064  time: 0.3438  data: 0.0000  max mem: 5196
Train: data epoch: [19] Total time: 0:00:14 (0.3787 s / it)
2026-08-21 02:32:36,150 [INFO] Qual: EPOCH[19] -> PLCC: 0.909194, SROCC: 0.845882, KROCC: 0.663766, LOSS: 0.172410
2026-08-21 02:32:36,150 [INFO] Align: EPOCH[19] -> PLCC: 0.837897, SROCC: 0.695330, KROCC: 0.514628, LOSS: 0.289941
2026-08-21 02:32:36,167 [INFO] Saving checkpoint at epoch 19 to run/20260821022_B2_hcmi/checkpoint_best.pth.
2026-08-21 02:32:36,243 [INFO] Start training
2026-08-21 02:32:36,547 [INFO] Start training epoch 20, 37 iters per inner epoch.
2026-08-21 02:32:50,150 [INFO] Averaged stats: lr: 0.000066  loss: 0.117823
2026-08-21 02:32:50,233 [INFO] gates: {"epoch": 20, "raw_align_ratio": 6.4046, "align_ratio": 0.1737, "lambda_a": 0.0271, "alpha_d": 0.0203, "beta_d": 0.0373, "alpha_s": 0.0125, "beta_s": 0.011, "hier_gate_mean": 0.8839, "prompt_w_valid_mean": 1.0, "prompt_w_valid_std": 0.5552, "prompt_w_max": 3.88, "prompt_w_entropy": 6.5131}
2026-08-21 02:32:50,234 [INFO] Evaluating on val.
Train: data epoch: [20]  [ 0/37]  eta: 0:00:41  lr: 0.000066  loss: 0.1042  time: 1.1243  data: 0.0001  max mem: 5196
Train: data epoch: [20]  [20/37]  eta: 0:00:06  lr: 0.000066  loss: 0.1270  time: 0.3660  data: 0.0000  max mem: 5196
Train: data epoch: [20]  [36/37]  eta: 0:00:00  lr: 0.000066  loss: 0.1019  time: 0.3324  data: 0.0000  max mem: 5196
Train: data epoch: [20] Total time: 0:00:13 (0.3676 s / it)
2026-08-21 02:32:55,488 [INFO] Qual: EPOCH[20] -> PLCC: 0.908305, SROCC: 0.843698, KROCC: 0.661412, LOSS: 0.177188
2026-08-21 02:32:55,488 [INFO] Align: EPOCH[20] -> PLCC: 0.837246, SROCC: 0.694469, KROCC: 0.513652, LOSS: 0.292277
2026-08-21 02:32:55,501 [INFO] Saving checkpoint at epoch 20 to run/20260821022_B2_hcmi/checkpoint_latest.pth.
2026-08-21 02:32:55,562 [INFO] Start training
2026-08-21 02:32:55,862 [INFO] Start training epoch 21, 37 iters per inner epoch.
2026-08-21 02:33:09,852 [INFO] Averaged stats: lr: 0.000063  loss: 0.114711
2026-08-21 02:33:09,930 [INFO] gates: {"epoch": 21, "raw_align_ratio": 6.6249, "align_ratio": 0.1825, "lambda_a": 0.0276, "alpha_d": 0.0209, "beta_d": 0.0386, "alpha_s": 0.0126, "beta_s": 0.0114, "hier_gate_mean": 0.8809, "prompt_w_valid_mean": 1.0, "prompt_w_valid_std": 0.5846, "prompt_w_max": 3.8676, "prompt_w_entropy": 6.533}
2026-08-21 02:33:09,930 [INFO] Evaluating on val.
Train: data epoch: [21]  [ 0/37]  eta: 0:00:33  lr: 0.000063  loss: 0.1243  time: 0.9077  data: 0.0001  max mem: 5196
Train: data epoch: [21]  [20/37]  eta: 0:00:06  lr: 0.000063  loss: 0.0992  time: 0.3822  data: 0.0000  max mem: 5196
Train: data epoch: [21]  [36/37]  eta: 0:00:00  lr: 0.000063  loss: 0.1281  time: 0.3497  data: 0.0000  max mem: 5196
Train: data epoch: [21] Total time: 0:00:13 (0.3781 s / it)
2026-08-21 02:33:14,883 [INFO] Qual: EPOCH[21] -> PLCC: 0.907999, SROCC: 0.844911, KROCC: 0.662073, LOSS: 0.176593
2026-08-21 02:33:14,884 [INFO] Align: EPOCH[21] -> PLCC: 0.835519, SROCC: 0.691711, KROCC: 0.510671, LOSS: 0.295754
2026-08-21 02:33:14,884 [INFO] Start training
2026-08-21 02:33:15,194 [INFO] Start training epoch 22, 37 iters per inner epoch.
2026-08-21 02:33:29,030 [INFO] Averaged stats: lr: 0.000060  loss: 0.110195
2026-08-21 02:33:29,130 [INFO] gates: {"epoch": 22, "raw_align_ratio": 6.4296, "align_ratio": 0.1803, "lambda_a": 0.0281, "alpha_d": 0.0212, "beta_d": 0.0394, "alpha_s": 0.013, "beta_s": 0.0118, "hier_gate_mean": 0.8963, "prompt_w_valid_mean": 1.0, "prompt_w_valid_std": 0.6219, "prompt_w_max": 4.1642, "prompt_w_entropy": 6.5095}
2026-08-21 02:33:29,131 [INFO] Evaluating on val.
Train: data epoch: [22]  [ 0/37]  eta: 0:00:36  lr: 0.000060  loss: 0.1067  time: 0.9923  data: 0.0001  max mem: 5196
Train: data epoch: [22]  [20/37]  eta: 0:00:06  lr: 0.000060  loss: 0.0910  time: 0.3778  data: 0.0000  max mem: 5196
Train: data epoch: [22]  [36/37]  eta: 0:00:00  lr: 0.000060  loss: 0.1440  time: 0.3389  data: 0.0000  max mem: 5196
Train: data epoch: [22] Total time: 0:00:13 (0.3739 s / it)
2026-08-21 02:33:33,389 [INFO] Qual: EPOCH[22] -> PLCC: 0.907717, SROCC: 0.843849, KROCC: 0.661087, LOSS: 0.176514
2026-08-21 02:33:33,389 [INFO] Align: EPOCH[22] -> PLCC: 0.835016, SROCC: 0.693307, KROCC: 0.512778, LOSS: 0.298422
2026-08-21 02:33:33,389 [INFO] Start training
2026-08-21 02:33:33,692 [INFO] Start training epoch 23, 37 iters per inner epoch.
2026-08-21 02:33:47,223 [INFO] Averaged stats: lr: 0.000057  loss: 0.107715
2026-08-21 02:33:47,302 [INFO] gates: {"epoch": 23, "raw_align_ratio": 6.5223, "align_ratio": 0.1861, "lambda_a": 0.0286, "alpha_d": 0.0217, "beta_d": 0.0401, "alpha_s": 0.014, "beta_s": 0.0121, "hier_gate_mean": 0.8807, "prompt_w_valid_mean": 1.0, "prompt_w_valid_std": 0.6322, "prompt_w_max": 3.9718, "prompt_w_entropy": 6.5064}
2026-08-21 02:33:47,302 [INFO] Evaluating on val.
Train: data epoch: [23]  [ 0/37]  eta: 0:00:36  lr: 0.000057  loss: 0.1081  time: 0.9825  data: 0.0001  max mem: 5196
Train: data epoch: [23]  [20/37]  eta: 0:00:06  lr: 0.000057  loss: 0.1334  time: 0.3721  data: 0.0000  max mem: 5196
Train: data epoch: [23]  [36/37]  eta: 0:00:00  lr: 0.000057  loss: 0.0898  time: 0.3280  data: 0.0000  max mem: 5196
Train: data epoch: [23] Total time: 0:00:13 (0.3657 s / it)
2026-08-21 02:33:51,276 [INFO] Qual: EPOCH[23] -> PLCC: 0.907708, SROCC: 0.844788, KROCC: 0.662084, LOSS: 0.176810
2026-08-21 02:33:51,276 [INFO] Align: EPOCH[23] -> PLCC: 0.833742, SROCC: 0.685967, KROCC: 0.506020, LOSS: 0.298371
2026-08-21 02:33:51,277 [INFO] Start training
2026-08-21 02:33:51,611 [INFO] Start training epoch 24, 37 iters per inner epoch.
2026-08-21 02:34:05,987 [INFO] Averaged stats: lr: 0.000054  loss: 0.102346
2026-08-21 02:34:06,095 [INFO] gates: {"epoch": 24, "raw_align_ratio": 6.596, "align_ratio": 0.191, "lambda_a": 0.029, "alpha_d": 0.0222, "beta_d": 0.0409, "alpha_s": 0.0147, "beta_s": 0.0126, "hier_gate_mean": 0.8863, "prompt_w_valid_mean": 1.0, "prompt_w_valid_std": 0.6528, "prompt_w_max": 4.5004, "prompt_w_entropy": 6.5132}
2026-08-21 02:34:06,096 [INFO] Evaluating on val.
Train: data epoch: [24]  [ 0/37]  eta: 0:00:47  lr: 0.000054  loss: 0.0945  time: 1.2709  data: 0.0001  max mem: 5196
Train: data epoch: [24]  [20/37]  eta: 0:00:07  lr: 0.000054  loss: 0.1187  time: 0.3879  data: 0.0000  max mem: 5196
Train: data epoch: [24]  [36/37]  eta: 0:00:00  lr: 0.000054  loss: 0.0873  time: 0.3449  data: 0.0000  max mem: 5196
Train: data epoch: [24] Total time: 0:00:14 (0.3885 s / it)
2026-08-21 02:34:10,261 [INFO] Qual: EPOCH[24] -> PLCC: 0.905952, SROCC: 0.839210, KROCC: 0.656133, LOSS: 0.195760
2026-08-21 02:34:10,261 [INFO] Align: EPOCH[24] -> PLCC: 0.834482, SROCC: 0.688129, KROCC: 0.507242, LOSS: 0.296921
2026-08-21 02:34:10,262 [INFO] Start training
2026-08-21 02:34:10,564 [INFO] Start training epoch 25, 37 iters per inner epoch.
2026-08-21 02:34:24,451 [INFO] Averaged stats: lr: 0.000050  loss: 0.100490
2026-08-21 02:34:24,542 [INFO] gates: {"epoch": 25, "raw_align_ratio": 6.5942, "align_ratio": 0.1932, "lambda_a": 0.0293, "alpha_d": 0.0226, "beta_d": 0.0421, "alpha_s": 0.0148, "beta_s": 0.0129, "hier_gate_mean": 0.889, "prompt_w_valid_mean": 1.0, "prompt_w_valid_std": 0.6531, "prompt_w_max": 4.6313, "prompt_w_entropy": 6.4792}
2026-08-21 02:34:24,542 [INFO] Evaluating on val.
Train: data epoch: [25]  [ 0/37]  eta: 0:00:37  lr: 0.000051  loss: 0.1161  time: 1.0206  data: 0.0001  max mem: 5196
Train: data epoch: [25]  [20/37]  eta: 0:00:06  lr: 0.000051  loss: 0.0920  time: 0.3775  data: 0.0000  max mem: 5196
Train: data epoch: [25]  [36/37]  eta: 0:00:00  lr: 0.000051  loss: 0.1214  time: 0.3435  data: 0.0000  max mem: 5196
Train: data epoch: [25] Total time: 0:00:13 (0.3753 s / it)
2026-08-21 02:34:28,487 [INFO] Qual: EPOCH[25] -> PLCC: 0.907053, SROCC: 0.843916, KROCC: 0.661233, LOSS: 0.178188
2026-08-21 02:34:28,487 [INFO] Align: EPOCH[25] -> PLCC: 0.833025, SROCC: 0.686248, KROCC: 0.505919, LOSS: 0.302411
2026-08-21 02:34:28,505 [INFO] Saving checkpoint at epoch 25 to run/20260821022_B2_hcmi/checkpoint_latest.pth.
2026-08-21 02:34:28,603 [INFO] Start training
2026-08-21 02:34:28,953 [INFO] Start training epoch 26, 37 iters per inner epoch.
2026-08-21 02:34:42,836 [INFO] Averaged stats: lr: 0.000047  loss: 0.097609
2026-08-21 02:34:42,917 [INFO] gates: {"epoch": 26, "raw_align_ratio": 6.6411, "align_ratio": 0.197, "lambda_a": 0.0297, "alpha_d": 0.0228, "beta_d": 0.0431, "alpha_s": 0.0149, "beta_s": 0.0131, "hier_gate_mean": 0.9031, "prompt_w_valid_mean": 1.0, "prompt_w_valid_std": 0.6722, "prompt_w_max": 4.3104, "prompt_w_entropy": 6.5928}
2026-08-21 02:34:42,918 [INFO] Evaluating on val.
Train: data epoch: [26]  [ 0/37]  eta: 0:00:41  lr: 0.000047  loss: 0.0945  time: 1.1314  data: 0.0001  max mem: 5196
Train: data epoch: [26]  [20/37]  eta: 0:00:07  lr: 0.000047  loss: 0.1231  time: 0.3781  data: 0.0000  max mem: 5196
Train: data epoch: [26]  [36/37]  eta: 0:00:00  lr: 0.000047  loss: 0.0986  time: 0.3319  data: 0.0000  max mem: 5196
Train: data epoch: [26] Total time: 0:00:13 (0.3752 s / it)
2026-08-21 02:34:46,734 [INFO] Qual: EPOCH[26] -> PLCC: 0.905260, SROCC: 0.841783, KROCC: 0.658464, LOSS: 0.187733
2026-08-21 02:34:46,734 [INFO] Align: EPOCH[26] -> PLCC: 0.830445, SROCC: 0.682297, KROCC: 0.502602, LOSS: 0.308062
2026-08-21 02:34:46,735 [INFO] Start training
2026-08-21 02:34:47,090 [INFO] Start training epoch 27, 37 iters per inner epoch.
2026-08-21 02:35:00,995 [INFO] Averaged stats: lr: 0.000044  loss: 0.095612
2026-08-21 02:35:01,084 [INFO] gates: {"epoch": 27, "raw_align_ratio": 6.5211, "align_ratio": 0.1954, "lambda_a": 0.03, "alpha_d": 0.0232, "beta_d": 0.0437, "alpha_s": 0.0151, "beta_s": 0.0132, "hier_gate_mean": 0.8864, "prompt_w_valid_mean": 1.0, "prompt_w_valid_std": 0.695, "prompt_w_max": 4.3024, "prompt_w_entropy": 6.4581}
2026-08-21 02:35:01,084 [INFO] Evaluating on val.
Train: data epoch: [27]  [ 0/37]  eta: 0:00:40  lr: 0.000044  loss: 0.1070  time: 1.0975  data: 0.0001  max mem: 5196
Train: data epoch: [27]  [20/37]  eta: 0:00:06  lr: 0.000044  loss: 0.0746  time: 0.3772  data: 0.0000  max mem: 5196
Train: data epoch: [27]  [36/37]  eta: 0:00:00  lr: 0.000044  loss: 0.1109  time: 0.3361  data: 0.0000  max mem: 5196
Train: data epoch: [27] Total time: 0:00:13 (0.3758 s / it)
2026-08-21 02:35:05,070 [INFO] Qual: EPOCH[27] -> PLCC: 0.906447, SROCC: 0.842992, KROCC: 0.660022, LOSS: 0.178394
2026-08-21 02:35:05,070 [INFO] Align: EPOCH[27] -> PLCC: 0.833149, SROCC: 0.682885, KROCC: 0.503173, LOSS: 0.301770
2026-08-21 02:35:05,071 [INFO] Start training
2026-08-21 02:35:05,405 [INFO] Start training epoch 28, 37 iters per inner epoch.
2026-08-21 02:35:19,232 [INFO] Averaged stats: lr: 0.000041  loss: 0.091818
2026-08-21 02:35:19,317 [INFO] gates: {"epoch": 28, "raw_align_ratio": 6.5097, "align_ratio": 0.1969, "lambda_a": 0.0303, "alpha_d": 0.0237, "beta_d": 0.0442, "alpha_s": 0.0155, "beta_s": 0.0134, "hier_gate_mean": 0.8785, "prompt_w_valid_mean": 1.0, "prompt_w_valid_std": 0.7475, "prompt_w_max": 4.5274, "prompt_w_entropy": 6.4198}
2026-08-21 02:35:19,317 [INFO] Evaluating on val.
Train: data epoch: [28]  [ 0/37]  eta: 0:00:40  lr: 0.000041  loss: 0.1003  time: 1.0829  data: 0.0001  max mem: 5196
Train: data epoch: [28]  [20/37]  eta: 0:00:07  lr: 0.000041  loss: 0.0801  time: 0.3835  data: 0.0000  max mem: 5196
Train: data epoch: [28]  [36/37]  eta: 0:00:00  lr: 0.000041  loss: 0.1009  time: 0.3284  data: 0.0000  max mem: 5196
Train: data epoch: [28] Total time: 0:00:13 (0.3737 s / it)
2026-08-21 02:35:23,382 [INFO] Qual: EPOCH[28] -> PLCC: 0.905282, SROCC: 0.843208, KROCC: 0.659820, LOSS: 0.181165
2026-08-21 02:35:23,383 [INFO] Align: EPOCH[28] -> PLCC: 0.832444, SROCC: 0.684379, KROCC: 0.503767, LOSS: 0.301341
2026-08-21 02:35:23,383 [INFO] Start training
2026-08-21 02:35:23,692 [INFO] Start training epoch 29, 37 iters per inner epoch.
2026-08-21 02:35:37,872 [INFO] Averaged stats: lr: 0.000038  loss: 0.092189
2026-08-21 02:35:37,962 [INFO] gates: {"epoch": 29, "raw_align_ratio": 6.6667, "align_ratio": 0.2037, "lambda_a": 0.0306, "alpha_d": 0.024, "beta_d": 0.0448, "alpha_s": 0.0155, "beta_s": 0.0135, "hier_gate_mean": 0.8928, "prompt_w_valid_mean": 1.0, "prompt_w_valid_std": 0.7548, "prompt_w_max": 5.0059, "prompt_w_entropy": 6.4382}
2026-08-21 02:35:37,963 [INFO] Evaluating on val.
Train: data epoch: [29]  [ 0/37]  eta: 0:00:36  lr: 0.000038  loss: 0.0766  time: 0.9953  data: 0.0001  max mem: 5196
Train: data epoch: [29]  [20/37]  eta: 0:00:07  lr: 0.000038  loss: 0.0991  time: 0.3872  data: 0.0000  max mem: 5196
Train: data epoch: [29]  [36/37]  eta: 0:00:00  lr: 0.000038  loss: 0.0827  time: 0.3486  data: 0.0000  max mem: 5196
Train: data epoch: [29] Total time: 0:00:14 (0.3832 s / it)
2026-08-21 02:35:41,949 [INFO] Qual: EPOCH[29] -> PLCC: 0.905205, SROCC: 0.843043, KROCC: 0.660426, LOSS: 0.179591
2026-08-21 02:35:41,949 [INFO] Align: EPOCH[29] -> PLCC: 0.831598, SROCC: 0.680967, KROCC: 0.501638, LOSS: 0.303228
2026-08-21 02:35:41,950 [INFO] Start training
2026-08-21 02:35:42,253 [INFO] Start training epoch 30, 37 iters per inner epoch.
2026-08-21 02:35:56,127 [INFO] Averaged stats: lr: 0.000035  loss: 0.089293
2026-08-21 02:35:56,220 [INFO] gates: {"epoch": 30, "raw_align_ratio": 6.7934, "align_ratio": 0.2094, "lambda_a": 0.0308, "alpha_d": 0.0244, "beta_d": 0.0452, "alpha_s": 0.0157, "beta_s": 0.0137, "hier_gate_mean": 0.8957, "prompt_w_valid_mean": 1.0, "prompt_w_valid_std": 0.8086, "prompt_w_max": 5.4099, "prompt_w_entropy": 6.5284}
2026-08-21 02:35:56,220 [INFO] Evaluating on val.
Train: data epoch: [30]  [ 0/37]  eta: 0:00:33  lr: 0.000035  loss: 0.0932  time: 0.8983  data: 0.0001  max mem: 5196
Train: data epoch: [30]  [20/37]  eta: 0:00:07  lr: 0.000035  loss: 0.0870  time: 0.3874  data: 0.0000  max mem: 5196
Train: data epoch: [30]  [36/37]  eta: 0:00:00  lr: 0.000035  loss: 0.0844  time: 0.3375  data: 0.0000  max mem: 5196
Train: data epoch: [30] Total time: 0:00:13 (0.3750 s / it)
2026-08-21 02:36:00,092 [INFO] Qual: EPOCH[30] -> PLCC: 0.904240, SROCC: 0.840744, KROCC: 0.657758, LOSS: 0.183255
2026-08-21 02:36:00,093 [INFO] Align: EPOCH[30] -> PLCC: 0.830198, SROCC: 0.680416, KROCC: 0.501089, LOSS: 0.307226
2026-08-21 02:36:00,109 [INFO] Saving checkpoint at epoch 30 to run/20260821022_B2_hcmi/checkpoint_latest.pth.
2026-08-21 02:36:00,216 [INFO] Start training
2026-08-21 02:36:00,554 [INFO] Start training epoch 31, 37 iters per inner epoch.
2026-08-21 02:36:14,592 [INFO] Averaged stats: lr: 0.000032  loss: 0.085780
2026-08-21 02:36:14,701 [INFO] gates: {"epoch": 31, "raw_align_ratio": 6.776, "align_ratio": 0.2106, "lambda_a": 0.0311, "alpha_d": 0.0247, "beta_d": 0.0457, "alpha_s": 0.0159, "beta_s": 0.0138, "hier_gate_mean": 0.8825, "prompt_w_valid_mean": 1.0, "prompt_w_valid_std": 0.8093, "prompt_w_max": 5.5512, "prompt_w_entropy": 6.4056}
2026-08-21 02:36:14,702 [INFO] Evaluating on val.
Train: data epoch: [31]  [ 0/37]  eta: 0:00:46  lr: 0.000032  loss: 0.1033  time: 1.2584  data: 0.0001  max mem: 5196
Train: data epoch: [31]  [20/37]  eta: 0:00:07  lr: 0.000032  loss: 0.0958  time: 0.3772  data: 0.0000  max mem: 5196
Train: data epoch: [31]  [36/37]  eta: 0:00:00  lr: 0.000032  loss: 0.0907  time: 0.3372  data: 0.0000  max mem: 5196
Train: data epoch: [31] Total time: 0:00:14 (0.3794 s / it)
2026-08-21 02:36:18,519 [INFO] Qual: EPOCH[31] -> PLCC: 0.903930, SROCC: 0.839138, KROCC: 0.655673, LOSS: 0.190687
2026-08-21 02:36:18,519 [INFO] Align: EPOCH[31] -> PLCC: 0.829685, SROCC: 0.678455, KROCC: 0.499172, LOSS: 0.310663
2026-08-21 02:36:18,520 [INFO] Start training
2026-08-21 02:36:18,821 [INFO] Start training epoch 32, 37 iters per inner epoch.
2026-08-21 02:36:32,335 [INFO] Averaged stats: lr: 0.000029  loss: 0.085103
2026-08-21 02:36:32,419 [INFO] gates: {"epoch": 32, "raw_align_ratio": 6.583, "align_ratio": 0.2059, "lambda_a": 0.0313, "alpha_d": 0.025, "beta_d": 0.0461, "alpha_s": 0.0161, "beta_s": 0.0137, "hier_gate_mean": 0.858, "prompt_w_valid_mean": 1.0, "prompt_w_valid_std": 0.8422, "prompt_w_max": 5.2787, "prompt_w_entropy": 6.3449}
2026-08-21 02:36:32,419 [INFO] Evaluating on val.
Train: data epoch: [32]  [ 0/37]  eta: 0:00:35  lr: 0.000029  loss: 0.0871  time: 0.9482  data: 0.0001  max mem: 5196
Train: data epoch: [32]  [20/37]  eta: 0:00:06  lr: 0.000029  loss: 0.0778  time: 0.3762  data: 0.0000  max mem: 5196
Train: data epoch: [32]  [36/37]  eta: 0:00:00  lr: 0.000029  loss: 0.0691  time: 0.3253  data: 0.0000  max mem: 5196
Train: data epoch: [32] Total time: 0:00:13 (0.3652 s / it)
2026-08-21 02:36:36,285 [INFO] Qual: EPOCH[32] -> PLCC: 0.904044, SROCC: 0.842385, KROCC: 0.659260, LOSS: 0.183458
2026-08-21 02:36:36,285 [INFO] Align: EPOCH[32] -> PLCC: 0.831138, SROCC: 0.677691, KROCC: 0.498343, LOSS: 0.306877
2026-08-21 02:36:36,286 [INFO] Start training
2026-08-21 02:36:36,611 [INFO] Start training epoch 33, 37 iters per inner epoch.
2026-08-21 02:36:50,462 [INFO] Averaged stats: lr: 0.000027  loss: 0.085083
2026-08-21 02:36:50,586 [INFO] gates: {"epoch": 33, "raw_align_ratio": 6.5516, "align_ratio": 0.2063, "lambda_a": 0.0315, "alpha_d": 0.0252, "beta_d": 0.0465, "alpha_s": 0.0162, "beta_s": 0.0139, "hier_gate_mean": 0.8476, "prompt_w_valid_mean": 1.0, "prompt_w_valid_std": 0.7877, "prompt_w_max": 5.4408, "prompt_w_entropy": 6.4162}
2026-08-21 02:36:50,586 [INFO] Evaluating on val.
Train: data epoch: [33]  [ 0/37]  eta: 0:00:39  lr: 0.000027  loss: 0.0715  time: 1.0625  data: 0.0001  max mem: 5196
Train: data epoch: [33]  [20/37]  eta: 0:00:06  lr: 0.000027  loss: 0.1029  time: 0.3705  data: 0.0000  max mem: 5196
Train: data epoch: [33]  [36/37]  eta: 0:00:00  lr: 0.000027  loss: 0.0761  time: 0.3417  data: 0.0000  max mem: 5196
Train: data epoch: [33] Total time: 0:00:13 (0.3743 s / it)
2026-08-21 02:36:55,220 [INFO] Qual: EPOCH[33] -> PLCC: 0.902699, SROCC: 0.839600, KROCC: 0.655909, LOSS: 0.192326
2026-08-21 02:36:55,220 [INFO] Align: EPOCH[33] -> PLCC: 0.829140, SROCC: 0.676847, KROCC: 0.498096, LOSS: 0.311164
2026-08-21 02:36:55,221 [INFO] Start training
2026-08-21 02:36:55,600 [INFO] Start training epoch 34, 37 iters per inner epoch.
2026-08-21 02:37:10,431 [INFO] Averaged stats: lr: 0.000024  loss: 0.081878
2026-08-21 02:37:10,525 [INFO] gates: {"epoch": 34, "raw_align_ratio": 6.6243, "align_ratio": 0.2099, "lambda_a": 0.0317, "alpha_d": 0.0254, "beta_d": 0.0469, "alpha_s": 0.0162, "beta_s": 0.014, "hier_gate_mean": 0.9017, "prompt_w_valid_mean": 1.0, "prompt_w_valid_std": 0.8775, "prompt_w_max": 5.6765, "prompt_w_entropy": 6.4661}
2026-08-21 02:37:10,526 [INFO] Evaluating on val.
Train: data epoch: [34]  [ 0/37]  eta: 0:00:58  lr: 0.000024  loss: 0.0748  time: 1.5753  data: 0.0001  max mem: 5196
Train: data epoch: [34]  [20/37]  eta: 0:00:07  lr: 0.000024  loss: 0.0697  time: 0.3888  data: 0.0000  max mem: 5196
Train: data epoch: [34]  [36/37]  eta: 0:00:00  lr: 0.000024  loss: 0.0823  time: 0.3489  data: 0.0000  max mem: 5196
Train: data epoch: [34] Total time: 0:00:14 (0.4008 s / it)
2026-08-21 02:37:14,907 [INFO] Qual: EPOCH[34] -> PLCC: 0.902371, SROCC: 0.839447, KROCC: 0.656167, LOSS: 0.187139
2026-08-21 02:37:14,907 [INFO] Align: EPOCH[34] -> PLCC: 0.826870, SROCC: 0.672026, KROCC: 0.493714, LOSS: 0.315104
2026-08-21 02:37:14,908 [INFO] Start training
2026-08-21 02:37:15,285 [INFO] Start training epoch 35, 37 iters per inner epoch.
2026-08-21 02:37:29,582 [INFO] Averaged stats: lr: 0.000021  loss: 0.081128
2026-08-21 02:37:29,670 [INFO] gates: {"epoch": 35, "raw_align_ratio": 6.831, "align_ratio": 0.2174, "lambda_a": 0.0318, "alpha_d": 0.0256, "beta_d": 0.047, "alpha_s": 0.0163, "beta_s": 0.0141, "hier_gate_mean": 0.8468, "prompt_w_valid_mean": 1.0, "prompt_w_valid_std": 0.8537, "prompt_w_max": 5.6957, "prompt_w_entropy": 6.4489}
2026-08-21 02:37:29,670 [INFO] Evaluating on val.
Train: data epoch: [35]  [ 0/37]  eta: 0:00:51  lr: 0.000021  loss: 0.0855  time: 1.3921  data: 0.0001  max mem: 5196
Train: data epoch: [35]  [20/37]  eta: 0:00:07  lr: 0.000021  loss: 0.0704  time: 0.3848  data: 0.0000  max mem: 5196
Train: data epoch: [35]  [36/37]  eta: 0:00:00  lr: 0.000021  loss: 0.0797  time: 0.3332  data: 0.0000  max mem: 5196
Train: data epoch: [35] Total time: 0:00:14 (0.3864 s / it)
2026-08-21 02:37:34,015 [INFO] Qual: EPOCH[35] -> PLCC: 0.902979, SROCC: 0.840600, KROCC: 0.657041, LOSS: 0.186009
2026-08-21 02:37:34,015 [INFO] Align: EPOCH[35] -> PLCC: 0.828661, SROCC: 0.673621, KROCC: 0.495216, LOSS: 0.310624
2026-08-21 02:37:34,042 [INFO] Saving checkpoint at epoch 35 to run/20260821022_B2_hcmi/checkpoint_latest.pth.
2026-08-21 02:37:34,230 [INFO] Start training
2026-08-21 02:37:34,583 [INFO] Start training epoch 36, 37 iters per inner epoch.
2026-08-21 02:37:48,255 [INFO] Averaged stats: lr: 0.000019  loss: 0.080510
2026-08-21 02:37:48,340 [INFO] gates: {"epoch": 36, "raw_align_ratio": 6.7628, "align_ratio": 0.2162, "lambda_a": 0.032, "alpha_d": 0.0258, "beta_d": 0.0474, "alpha_s": 0.0164, "beta_s": 0.0142, "hier_gate_mean": 0.8656, "prompt_w_valid_mean": 1.0, "prompt_w_valid_std": 0.8901, "prompt_w_max": 5.8838, "prompt_w_entropy": 6.486}
2026-08-21 02:37:48,340 [INFO] Evaluating on val.
Train: data epoch: [36]  [ 0/37]  eta: 0:00:40  lr: 0.000019  loss: 0.0939  time: 1.0988  data: 0.0001  max mem: 5196
Train: data epoch: [36]  [20/37]  eta: 0:00:06  lr: 0.000019  loss: 0.0900  time: 0.3741  data: 0.0000  max mem: 5196
Train: data epoch: [36]  [36/37]  eta: 0:00:00  lr: 0.000019  loss: 0.0743  time: 0.3284  data: 0.0000  max mem: 5196
Train: data epoch: [36] Total time: 0:00:13 (0.3695 s / it)
2026-08-21 02:37:52,675 [INFO] Qual: EPOCH[36] -> PLCC: 0.902781, SROCC: 0.838513, KROCC: 0.654575, LOSS: 0.186872
2026-08-21 02:37:52,675 [INFO] Align: EPOCH[36] -> PLCC: 0.828536, SROCC: 0.674033, KROCC: 0.495384, LOSS: 0.309397
2026-08-21 02:37:52,676 [INFO] Start training
2026-08-21 02:37:53,076 [INFO] Start training epoch 37, 37 iters per inner epoch.
2026-08-21 02:38:07,724 [INFO] Averaged stats: lr: 0.000017  loss: 0.078484
2026-08-21 02:38:07,801 [INFO] gates: {"epoch": 37, "raw_align_ratio": 6.7795, "align_ratio": 0.2175, "lambda_a": 0.0321, "alpha_d": 0.026, "beta_d": 0.0475, "alpha_s": 0.0164, "beta_s": 0.0142, "hier_gate_mean": 0.8829, "prompt_w_valid_mean": 1.0, "prompt_w_valid_std": 0.901, "prompt_w_max": 5.7276, "prompt_w_entropy": 6.3353}
2026-08-21 02:38:07,801 [INFO] Evaluating on val.
Train: data epoch: [37]  [ 0/37]  eta: 0:01:06  lr: 0.000017  loss: 0.0839  time: 1.8108  data: 0.0001  max mem: 5196
Train: data epoch: [37]  [20/37]  eta: 0:00:07  lr: 0.000017  loss: 0.0900  time: 0.3785  data: 0.0000  max mem: 5196
Train: data epoch: [37]  [36/37]  eta: 0:00:00  lr: 0.000017  loss: 0.0940  time: 0.3371  data: 0.0000  max mem: 5196
Train: data epoch: [37] Total time: 0:00:14 (0.3959 s / it)
2026-08-21 02:38:11,959 [INFO] Qual: EPOCH[37] -> PLCC: 0.902318, SROCC: 0.838631, KROCC: 0.655102, LOSS: 0.187079
2026-08-21 02:38:11,959 [INFO] Align: EPOCH[37] -> PLCC: 0.827210, SROCC: 0.672605, KROCC: 0.494218, LOSS: 0.312571
2026-08-21 02:38:11,960 [INFO] Start training
2026-08-21 02:38:12,278 [INFO] Start training epoch 38, 37 iters per inner epoch.
2026-08-21 02:38:26,381 [INFO] Averaged stats: lr: 0.000014  loss: 0.077031
2026-08-21 02:38:26,497 [INFO] gates: {"epoch": 38, "raw_align_ratio": 6.727, "align_ratio": 0.2166, "lambda_a": 0.0322, "alpha_d": 0.0261, "beta_d": 0.0477, "alpha_s": 0.0165, "beta_s": 0.0142, "hier_gate_mean": 0.8783, "prompt_w_valid_mean": 1.0, "prompt_w_valid_std": 0.9027, "prompt_w_max": 6.0475, "prompt_w_entropy": 6.3857}
2026-08-21 02:38:26,497 [INFO] Evaluating on val.
Train: data epoch: [38]  [ 0/37]  eta: 0:00:44  lr: 0.000014  loss: 0.0755  time: 1.2020  data: 0.0001  max mem: 5196
Train: data epoch: [38]  [20/37]  eta: 0:00:07  lr: 0.000014  loss: 0.0870  time: 0.3874  data: 0.0000  max mem: 5196
Train: data epoch: [38]  [36/37]  eta: 0:00:00  lr: 0.000014  loss: 0.0788  time: 0.3310  data: 0.0000  max mem: 5196
Train: data epoch: [38] Total time: 0:00:14 (0.3811 s / it)
2026-08-21 02:38:30,469 [INFO] Qual: EPOCH[38] -> PLCC: 0.901874, SROCC: 0.838238, KROCC: 0.654676, LOSS: 0.187030
2026-08-21 02:38:30,469 [INFO] Align: EPOCH[38] -> PLCC: 0.826212, SROCC: 0.670385, KROCC: 0.491786, LOSS: 0.315276
2026-08-21 02:38:30,470 [INFO] Start training
2026-08-21 02:38:30,771 [INFO] Start training epoch 39, 37 iters per inner epoch.
2026-08-21 02:38:44,768 [INFO] Averaged stats: lr: 0.000012  loss: 0.075318
2026-08-21 02:38:44,851 [INFO] gates: {"epoch": 39, "raw_align_ratio": 6.5984, "align_ratio": 0.2131, "lambda_a": 0.0323, "alpha_d": 0.0262, "beta_d": 0.0477, "alpha_s": 0.0166, "beta_s": 0.0143, "hier_gate_mean": 0.8796, "prompt_w_valid_mean": 1.0, "prompt_w_valid_std": 0.927, "prompt_w_max": 6.0799, "prompt_w_entropy": 6.3971}
2026-08-21 02:38:44,851 [INFO] Evaluating on val.
Train: data epoch: [39]  [ 0/37]  eta: 0:00:45  lr: 0.000012  loss: 0.0718  time: 1.2190  data: 0.0001  max mem: 5196
Train: data epoch: [39]  [20/37]  eta: 0:00:07  lr: 0.000012  loss: 0.0551  time: 0.3875  data: 0.0000  max mem: 5196
Train: data epoch: [39]  [36/37]  eta: 0:00:00  lr: 0.000012  loss: 0.0981  time: 0.3254  data: 0.0000  max mem: 5196
Train: data epoch: [39] Total time: 0:00:13 (0.3783 s / it)
2026-08-21 02:38:48,802 [INFO] Qual: EPOCH[39] -> PLCC: 0.901750, SROCC: 0.837961, KROCC: 0.654261, LOSS: 0.187415
2026-08-21 02:38:48,802 [INFO] Align: EPOCH[39] -> PLCC: 0.825110, SROCC: 0.669899, KROCC: 0.491786, LOSS: 0.316912
2026-08-21 02:38:48,803 [INFO] Start training
2026-08-21 02:38:49,163 [INFO] Start training epoch 40, 37 iters per inner epoch.
2026-08-21 02:39:03,165 [INFO] Averaged stats: lr: 0.000010  loss: 0.075317
2026-08-21 02:39:03,262 [INFO] gates: {"epoch": 40, "raw_align_ratio": 6.6607, "align_ratio": 0.2157, "lambda_a": 0.0324, "alpha_d": 0.0263, "beta_d": 0.0478, "alpha_s": 0.0166, "beta_s": 0.0143, "hier_gate_mean": 0.8679, "prompt_w_valid_mean": 1.0, "prompt_w_valid_std": 0.901, "prompt_w_max": 6.3517, "prompt_w_entropy": 6.4846}
2026-08-21 02:39:03,263 [INFO] Evaluating on val.
Train: data epoch: [40]  [ 0/37]  eta: 0:00:48  lr: 0.000010  loss: 0.0648  time: 1.3218  data: 0.0001  max mem: 5196
Train: data epoch: [40]  [20/37]  eta: 0:00:07  lr: 0.000010  loss: 0.0877  time: 0.3784  data: 0.0000  max mem: 5196
Train: data epoch: [40]  [36/37]  eta: 0:00:00  lr: 0.000010  loss: 0.0934  time: 0.3282  data: 0.0000  max mem: 5196
Train: data epoch: [40] Total time: 0:00:14 (0.3784 s / it)
2026-08-21 02:39:07,323 [INFO] Qual: EPOCH[40] -> PLCC: 0.901403, SROCC: 0.837512, KROCC: 0.653779, LOSS: 0.190038
2026-08-21 02:39:07,323 [INFO] Align: EPOCH[40] -> PLCC: 0.825947, SROCC: 0.669816, KROCC: 0.491831, LOSS: 0.314869
2026-08-21 02:39:07,340 [INFO] Saving checkpoint at epoch 40 to run/20260821022_B2_hcmi/checkpoint_latest.pth.
2026-08-21 02:39:07,471 [INFO] Start training
2026-08-21 02:39:07,811 [INFO] Start training epoch 41, 37 iters per inner epoch.
2026-08-21 02:39:21,754 [INFO] Averaged stats: lr: 0.000009  loss: 0.075290
2026-08-21 02:39:21,855 [INFO] gates: {"epoch": 41, "raw_align_ratio": 6.6044, "align_ratio": 0.2145, "lambda_a": 0.0325, "alpha_d": 0.0264, "beta_d": 0.048, "alpha_s": 0.0166, "beta_s": 0.0143, "hier_gate_mean": 0.8531, "prompt_w_valid_mean": 1.0, "prompt_w_valid_std": 0.9435, "prompt_w_max": 6.2075, "prompt_w_entropy": 6.3844}
2026-08-21 02:39:21,855 [INFO] Evaluating on val.
Train: data epoch: [41]  [ 0/37]  eta: 0:00:43  lr: 0.000009  loss: 0.0686  time: 1.1637  data: 0.0001  max mem: 5196
Train: data epoch: [41]  [20/37]  eta: 0:00:07  lr: 0.000009  loss: 0.0864  time: 0.3806  data: 0.0000  max mem: 5196
Train: data epoch: [41]  [36/37]  eta: 0:00:00  lr: 0.000009  loss: 0.0680  time: 0.3312  data: 0.0000  max mem: 5196
Train: data epoch: [41] Total time: 0:00:13 (0.3768 s / it)
2026-08-21 02:39:25,896 [INFO] Qual: EPOCH[41] -> PLCC: 0.901552, SROCC: 0.837951, KROCC: 0.654564, LOSS: 0.188063
2026-08-21 02:39:25,897 [INFO] Align: EPOCH[41] -> PLCC: 0.826395, SROCC: 0.669848, KROCC: 0.491640, LOSS: 0.313785
2026-08-21 02:39:25,897 [INFO] Start training
2026-08-21 02:39:26,232 [INFO] Start training epoch 42, 37 iters per inner epoch.
2026-08-21 02:39:40,051 [INFO] Averaged stats: lr: 0.000007  loss: 0.074201
2026-08-21 02:39:40,140 [INFO] gates: {"epoch": 42, "raw_align_ratio": 6.7531, "align_ratio": 0.2196, "lambda_a": 0.0325, "alpha_d": 0.0265, "beta_d": 0.0481, "alpha_s": 0.0167, "beta_s": 0.0143, "hier_gate_mean": 0.868, "prompt_w_valid_mean": 1.0, "prompt_w_valid_std": 0.9277, "prompt_w_max": 5.9643, "prompt_w_entropy": 6.4282}
2026-08-21 02:39:40,141 [INFO] Evaluating on val.
Train: data epoch: [42]  [ 0/37]  eta: 0:00:34  lr: 0.000007  loss: 0.0658  time: 0.9419  data: 0.0001  max mem: 5196
Train: data epoch: [42]  [20/37]  eta: 0:00:06  lr: 0.000007  loss: 0.0752  time: 0.3776  data: 0.0000  max mem: 5196
Train: data epoch: [42]  [36/37]  eta: 0:00:00  lr: 0.000007  loss: 0.0551  time: 0.3426  data: 0.0000  max mem: 5196
Train: data epoch: [42] Total time: 0:00:13 (0.3735 s / it)
2026-08-21 02:39:44,628 [INFO] Qual: EPOCH[42] -> PLCC: 0.901368, SROCC: 0.837778, KROCC: 0.654171, LOSS: 0.187704
2026-08-21 02:39:44,628 [INFO] Align: EPOCH[42] -> PLCC: 0.826629, SROCC: 0.670262, KROCC: 0.491977, LOSS: 0.314520
2026-08-21 02:39:44,628 [INFO] Start training
2026-08-21 02:39:44,976 [INFO] Start training epoch 43, 37 iters per inner epoch.
2026-08-21 02:39:59,353 [INFO] Averaged stats: lr: 0.000006  loss: 0.074117
2026-08-21 02:39:59,441 [INFO] gates: {"epoch": 43, "raw_align_ratio": 6.6314, "align_ratio": 0.2159, "lambda_a": 0.0326, "alpha_d": 0.0265, "beta_d": 0.0482, "alpha_s": 0.0167, "beta_s": 0.0143, "hier_gate_mean": 0.8541, "prompt_w_valid_mean": 1.0, "prompt_w_valid_std": 0.9885, "prompt_w_max": 6.5352, "prompt_w_entropy": 6.3166}
2026-08-21 02:39:59,441 [INFO] Evaluating on val.
Train: data epoch: [43]  [ 0/37]  eta: 0:00:52  lr: 0.000006  loss: 0.0582  time: 1.4283  data: 0.0001  max mem: 5196
Train: data epoch: [43]  [20/37]  eta: 0:00:07  lr: 0.000006  loss: 0.0709  time: 0.3716  data: 0.0000  max mem: 5196
Train: data epoch: [43]  [36/37]  eta: 0:00:00  lr: 0.000006  loss: 0.0630  time: 0.3492  data: 0.0000  max mem: 5196
Train: data epoch: [43] Total time: 0:00:14 (0.3885 s / it)
2026-08-21 02:40:04,191 [INFO] Qual: EPOCH[43] -> PLCC: 0.901111, SROCC: 0.837160, KROCC: 0.653566, LOSS: 0.188684
2026-08-21 02:40:04,191 [INFO] Align: EPOCH[43] -> PLCC: 0.825963, SROCC: 0.669178, KROCC: 0.491203, LOSS: 0.315059
2026-08-21 02:40:04,192 [INFO] Start training
2026-08-21 02:40:04,509 [INFO] Start training epoch 44, 37 iters per inner epoch.
2026-08-21 02:40:19,076 [INFO] Averaged stats: lr: 0.000004  loss: 0.074715
2026-08-21 02:40:19,167 [INFO] gates: {"epoch": 44, "raw_align_ratio": 6.7696, "align_ratio": 0.2207, "lambda_a": 0.0326, "alpha_d": 0.0265, "beta_d": 0.0482, "alpha_s": 0.0167, "beta_s": 0.0143, "hier_gate_mean": 0.8643, "prompt_w_valid_mean": 1.0, "prompt_w_valid_std": 0.9697, "prompt_w_max": 6.5736, "prompt_w_entropy": 6.4039}
2026-08-21 02:40:19,167 [INFO] Evaluating on val.
Train: data epoch: [44]  [ 0/37]  eta: 0:01:09  lr: 0.000004  loss: 0.0726  time: 1.8788  data: 0.0001  max mem: 5196
Train: data epoch: [44]  [20/37]  eta: 0:00:07  lr: 0.000004  loss: 0.0730  time: 0.3809  data: 0.0000  max mem: 5196
Train: data epoch: [44]  [36/37]  eta: 0:00:00  lr: 0.000004  loss: 0.1139  time: 0.3262  data: 0.0000  max mem: 5196
Train: data epoch: [44] Total time: 0:00:14 (0.3937 s / it)
2026-08-21 02:40:23,414 [INFO] Qual: EPOCH[44] -> PLCC: 0.901025, SROCC: 0.837139, KROCC: 0.653432, LOSS: 0.188745
2026-08-21 02:40:23,414 [INFO] Align: EPOCH[44] -> PLCC: 0.824716, SROCC: 0.667473, KROCC: 0.489701, LOSS: 0.318274
2026-08-21 02:40:23,415 [INFO] Start training
2026-08-21 02:40:23,804 [INFO] Start training epoch 45, 37 iters per inner epoch.
2026-08-21 02:40:37,796 [INFO] Averaged stats: lr: 0.000003  loss: 0.075733
2026-08-21 02:40:37,891 [INFO] gates: {"epoch": 45, "raw_align_ratio": 6.8336, "align_ratio": 0.223, "lambda_a": 0.0326, "alpha_d": 0.0266, "beta_d": 0.0483, "alpha_s": 0.0167, "beta_s": 0.0143, "hier_gate_mean": 0.8675, "prompt_w_valid_mean": 1.0, "prompt_w_valid_std": 0.9436, "prompt_w_max": 6.3263, "prompt_w_entropy": 6.3153}
2026-08-21 02:40:37,892 [INFO] Evaluating on val.
Train: data epoch: [45]  [ 0/37]  eta: 0:00:48  lr: 0.000003  loss: 0.1169  time: 1.3052  data: 0.0001  max mem: 5196
Train: data epoch: [45]  [20/37]  eta: 0:00:07  lr: 0.000003  loss: 0.0754  time: 0.3795  data: 0.0000  max mem: 5196
Train: data epoch: [45]  [36/37]  eta: 0:00:00  lr: 0.000003  loss: 0.0797  time: 0.3283  data: 0.0000  max mem: 5196
Train: data epoch: [45] Total time: 0:00:13 (0.3781 s / it)
2026-08-21 02:40:41,995 [INFO] Qual: EPOCH[45] -> PLCC: 0.901040, SROCC: 0.837332, KROCC: 0.653633, LOSS: 0.190101
2026-08-21 02:40:41,995 [INFO] Align: EPOCH[45] -> PLCC: 0.825005, SROCC: 0.668417, KROCC: 0.490542, LOSS: 0.317486
2026-08-21 02:40:42,024 [INFO] Saving checkpoint at epoch 45 to run/20260821022_B2_hcmi/checkpoint_latest.pth.
2026-08-21 02:40:42,133 [INFO] Start training
2026-08-21 02:40:42,480 [INFO] Start training epoch 46, 37 iters per inner epoch.
2026-08-21 02:40:56,165 [INFO] Averaged stats: lr: 0.000003  loss: 0.072739
2026-08-21 02:40:56,264 [INFO] gates: {"epoch": 46, "raw_align_ratio": 6.5222, "align_ratio": 0.2129, "lambda_a": 0.0326, "alpha_d": 0.0266, "beta_d": 0.0483, "alpha_s": 0.0167, "beta_s": 0.0143, "hier_gate_mean": 0.8437, "prompt_w_valid_mean": 1.0, "prompt_w_valid_std": 0.9786, "prompt_w_max": 6.3336, "prompt_w_entropy": 6.3314}
2026-08-21 02:40:56,264 [INFO] Evaluating on val.
Train: data epoch: [46]  [ 0/37]  eta: 0:00:40  lr: 0.000003  loss: 0.0623  time: 1.0982  data: 0.0001  max mem: 5196
Train: data epoch: [46]  [20/37]  eta: 0:00:07  lr: 0.000003  loss: 0.0650  time: 0.3824  data: 0.0000  max mem: 5196
Train: data epoch: [46]  [36/37]  eta: 0:00:00  lr: 0.000003  loss: 0.0698  time: 0.3198  data: 0.0000  max mem: 5196
Train: data epoch: [46] Total time: 0:00:13 (0.3699 s / it)
2026-08-21 02:41:00,401 [INFO] Qual: EPOCH[46] -> PLCC: 0.901323, SROCC: 0.838053, KROCC: 0.654765, LOSS: 0.188143
2026-08-21 02:41:00,402 [INFO] Align: EPOCH[46] -> PLCC: 0.826097, SROCC: 0.669643, KROCC: 0.491484, LOSS: 0.315315
2026-08-21 02:41:00,402 [INFO] Start training
2026-08-21 02:41:00,773 [INFO] Start training epoch 47, 37 iters per inner epoch.
2026-08-21 02:41:15,303 [INFO] Averaged stats: lr: 0.000002  loss: 0.074238
2026-08-21 02:41:15,395 [INFO] gates: {"epoch": 47, "raw_align_ratio": 6.7806, "align_ratio": 0.2215, "lambda_a": 0.0327, "alpha_d": 0.0266, "beta_d": 0.0483, "alpha_s": 0.0167, "beta_s": 0.0143, "hier_gate_mean": 0.8349, "prompt_w_valid_mean": 1.0, "prompt_w_valid_std": 0.9673, "prompt_w_max": 6.3439, "prompt_w_entropy": 6.4162}
2026-08-21 02:41:15,396 [INFO] Evaluating on val.
Train: data epoch: [47]  [ 0/37]  eta: 0:00:48  lr: 0.000002  loss: 0.0652  time: 1.3012  data: 0.0001  max mem: 5196
Train: data epoch: [47]  [20/37]  eta: 0:00:07  lr: 0.000002  loss: 0.0724  time: 0.3761  data: 0.0000  max mem: 5196
Train: data epoch: [47]  [36/37]  eta: 0:00:00  lr: 0.000002  loss: 0.1103  time: 0.3607  data: 0.0000  max mem: 5196
Train: data epoch: [47] Total time: 0:00:14 (0.3927 s / it)
2026-08-21 02:41:20,177 [INFO] Qual: EPOCH[47] -> PLCC: 0.901256, SROCC: 0.837832, KROCC: 0.654519, LOSS: 0.188209
2026-08-21 02:41:20,177 [INFO] Align: EPOCH[47] -> PLCC: 0.826079, SROCC: 0.669707, KROCC: 0.491685, LOSS: 0.315480
2026-08-21 02:41:20,177 [INFO] Start training
2026-08-21 02:41:20,500 [INFO] Start training epoch 48, 37 iters per inner epoch.
2026-08-21 02:41:35,237 [INFO] Averaged stats: lr: 0.000001  loss: 0.074031
2026-08-21 02:41:35,321 [INFO] gates: {"epoch": 48, "raw_align_ratio": 6.7004, "align_ratio": 0.2189, "lambda_a": 0.0327, "alpha_d": 0.0266, "beta_d": 0.0483, "alpha_s": 0.0167, "beta_s": 0.0143, "hier_gate_mean": 0.8721, "prompt_w_valid_mean": 1.0, "prompt_w_valid_std": 0.9387, "prompt_w_max": 6.4, "prompt_w_entropy": 6.4223}
2026-08-21 02:41:35,321 [INFO] Evaluating on val.
Train: data epoch: [48]  [ 0/37]  eta: 0:00:48  lr: 0.000001  loss: 0.1023  time: 1.2990  data: 0.0002  max mem: 5196
Train: data epoch: [48]  [20/37]  eta: 0:00:07  lr: 0.000001  loss: 0.0920  time: 0.3769  data: 0.0000  max mem: 5196
Train: data epoch: [48]  [36/37]  eta: 0:00:00  lr: 0.000001  loss: 0.0532  time: 0.3670  data: 0.0000  max mem: 5196
Train: data epoch: [48] Total time: 0:00:14 (0.3983 s / it)
2026-08-21 02:41:40,839 [INFO] Qual: EPOCH[48] -> PLCC: 0.901147, SROCC: 0.837705, KROCC: 0.654239, LOSS: 0.188762
2026-08-21 02:41:40,839 [INFO] Align: EPOCH[48] -> PLCC: 0.825652, SROCC: 0.669146, KROCC: 0.490766, LOSS: 0.315826
2026-08-21 02:41:40,840 [INFO] Start training
2026-08-21 02:41:41,168 [INFO] Start training epoch 49, 37 iters per inner epoch.
2026-08-21 02:41:56,337 [INFO] Averaged stats: lr: 0.000001  loss: 0.073129
2026-08-21 02:41:56,425 [INFO] gates: {"epoch": 49, "raw_align_ratio": 6.8068, "align_ratio": 0.2225, "lambda_a": 0.0327, "alpha_d": 0.0266, "beta_d": 0.0483, "alpha_s": 0.0167, "beta_s": 0.0143, "hier_gate_mean": 0.8476, "prompt_w_valid_mean": 1.0, "prompt_w_valid_std": 0.9104, "prompt_w_max": 5.8985, "prompt_w_entropy": 6.3412}
2026-08-21 02:41:56,425 [INFO] Evaluating on val.
Train: data epoch: [49]  [ 0/37]  eta: 0:01:03  lr: 0.000001  loss: 0.0755  time: 1.7153  data: 0.0001  max mem: 5196
Train: data epoch: [49]  [20/37]  eta: 0:00:07  lr: 0.000001  loss: 0.0669  time: 0.3700  data: 0.0000  max mem: 5196
Train: data epoch: [49]  [36/37]  eta: 0:00:00  lr: 0.000001  loss: 0.0821  time: 0.3787  data: 0.0000  max mem: 5196
Train: data epoch: [49] Total time: 0:00:15 (0.4099 s / it)
2026-08-21 02:42:01,701 [INFO] Qual: EPOCH[49] -> PLCC: 0.901144, SROCC: 0.837887, KROCC: 0.654463, LOSS: 0.188768
2026-08-21 02:42:01,701 [INFO] Align: EPOCH[49] -> PLCC: 0.825861, SROCC: 0.669755, KROCC: 0.491495, LOSS: 0.315736
2026-08-21 02:42:01,718 [INFO] Saving checkpoint at epoch 49 to run/20260821022_B2_hcmi/checkpoint_latest.pth.
[{'agg_metrics': np.float64(4.477108328918802), 'qual_agg': np.float64(2.4168856140874886), 'qual_PLCC': np.float64(0.90921532137659), 'qual_SROCC': np.float64(0.8448797505206974), 'qual_KROCC': np.float64(0.6627905421902011), 'align_agg': np.float64(2.0602227148313133), 'align_PLCC': np.float64(0.8406596336623189), 'align_SROCC': np.float64(0.7005084321557008), 'align_KROCC': np.float64(0.5190546490132936)}]
{'agg_metrics': np.float64(4.477108328918802), 'qual_agg': np.float64(2.4168856140874886), 'qual_PLCC': np.float64(0.90921532137659), 'qual_SROCC': np.float64(0.8448797505206974), 'qual_KROCC': np.float64(0.6627905421902011), 'align_agg': np.float64(2.0602227148313133), 'align_PLCC': np.float64(0.8406596336623189), 'align_SROCC': np.float64(0.7005084321557008), 'align_KROCC': np.float64(0.5190546490132936)}
