2026-08-21 14:18:58,435 [INFO] Start training
2026-08-21 14:18:58,808 [INFO] number of trainable parameters: 1190051
Not using distributed mode
['msqr_dgmpq_hcmi_v8', 'msqr_dgmpq_mscm_v10', 'msqr_dgmpq_tcap_v9']
2026-08-21 14:18:59,435 [INFO] Start training epoch 0, 37 iters per inner epoch.
2026-08-21 14:19:24,519 [INFO] Averaged stats: lr: 0.000036  loss: 6.024441
2026-08-21 14:19:24,577 [INFO] gates: {"epoch": 0, "corr_s9_mean": 0.1556, "corr_s9_std": 0.0641, "corr_s12_mean": -0.0914, "corr_s12_std": 0.0343, "corr_s_global": 0.3015, "corr_f_max_mean": 0.0254}
2026-08-21 14:19:24,577 [INFO] Evaluating on val.
Train: data epoch: [0]  [ 0/37]  eta: 0:03:33  lr: 0.000000  loss: 6.4467  time: 5.7750  data: 0.0001  max mem: 5069
Train: data epoch: [0]  [20/37]  eta: 0:00:13  lr: 0.000040  loss: 6.4246  time: 0.5323  data: 0.0000  max mem: 5077
Train: data epoch: [0]  [36/37]  eta: 0:00:00  lr: 0.000072  loss: 3.4581  time: 0.5407  data: 0.0000  max mem: 5077
Train: data epoch: [0] Total time: 0:00:25 (0.6779 s / it)
2026-08-21 14:19:31,089 [INFO] Qual: EPOCH[0] -> PLCC: -0.221264, SROCC: -0.191272, KROCC: -0.128099, LOSS: 5.797018
2026-08-21 14:19:31,089 [INFO] Align: EPOCH[0] -> PLCC: -0.110817, SROCC: -0.125109, KROCC: -0.083254, LOSS: 1.510443
2026-08-21 14:19:31,102 [INFO] Saving checkpoint at epoch 0 to run/20260821141_B2_MSCM_s4/checkpoint_best.pth.
2026-08-21 14:19:31,146 [INFO] Saving checkpoint at epoch 0 to run/20260821141_B2_MSCM_s4/checkpoint_best_joint.pth.
2026-08-21 14:19:31,178 [INFO] Start training
2026-08-21 14:19:31,409 [INFO] Start training epoch 1, 37 iters per inner epoch.
2026-08-21 14:19:50,472 [INFO] Averaged stats: lr: 0.000100  loss: 2.077407
2026-08-21 14:19:50,546 [INFO] gates: {"epoch": 1, "corr_s9_mean": 0.2754, "corr_s9_std": 0.0752, "corr_s12_mean": -0.4924, "corr_s12_std": 0.0732, "corr_s_global": 0.2651, "corr_f_max_mean": 0.0495}
2026-08-21 14:19:50,546 [INFO] Evaluating on val.
Train: data epoch: [1]  [ 0/37]  eta: 0:00:41  lr: 0.000100  loss: 4.3623  time: 1.1275  data: 0.0001  max mem: 5077
Train: data epoch: [1]  [20/37]  eta: 0:00:08  lr: 0.000100  loss: 1.8294  time: 0.4612  data: 0.0000  max mem: 5077
Train: data epoch: [1]  [36/37]  eta: 0:00:00  lr: 0.000100  loss: 0.7471  time: 0.5443  data: 0.0000  max mem: 5077
Train: data epoch: [1] Total time: 0:00:19 (0.5152 s / it)
2026-08-21 14:19:56,483 [INFO] Qual: EPOCH[1] -> PLCC: 0.451744, SROCC: 0.441387, KROCC: 0.305699, LOSS: 0.839688
2026-08-21 14:19:56,484 [INFO] Align: EPOCH[1] -> PLCC: 0.722231, SROCC: 0.655103, KROCC: 0.476011, LOSS: 0.759402
2026-08-21 14:19:56,500 [INFO] Saving checkpoint at epoch 1 to run/20260821141_B2_MSCM_s4/checkpoint_best.pth.
2026-08-21 14:19:56,567 [INFO] Saving checkpoint at epoch 1 to run/20260821141_B2_MSCM_s4/checkpoint_best_joint.pth.
2026-08-21 14:19:56,619 [INFO] Start training
2026-08-21 14:19:56,896 [INFO] Start training epoch 2, 37 iters per inner epoch.
2026-08-21 14:20:17,583 [INFO] Averaged stats: lr: 0.000100  loss: 0.647953
2026-08-21 14:20:17,663 [INFO] gates: {"epoch": 2, "corr_s9_mean": 0.2448, "corr_s9_std": 0.0655, "corr_s12_mean": -0.3078, "corr_s12_std": 0.0843, "corr_s_global": 0.2649, "corr_f_max_mean": 0.0432}
2026-08-21 14:20:17,663 [INFO] Evaluating on val.
Train: data epoch: [2]  [ 0/37]  eta: 0:00:54  lr: 0.000100  loss: 0.7502  time: 1.4749  data: 0.0001  max mem: 5077
Train: data epoch: [2]  [20/37]  eta: 0:00:09  lr: 0.000100  loss: 0.6205  time: 0.5194  data: 0.0000  max mem: 5077
Train: data epoch: [2]  [36/37]  eta: 0:00:00  lr: 0.000100  loss: 0.4698  time: 0.5515  data: 0.0000  max mem: 5077
Train: data epoch: [2] Total time: 0:00:20 (0.5591 s / it)
2026-08-21 14:20:24,234 [INFO] Qual: EPOCH[2] -> PLCC: 0.779925, SROCC: 0.735937, KROCC: 0.546575, LOSS: 0.431755
2026-08-21 14:20:24,235 [INFO] Align: EPOCH[2] -> PLCC: 0.786831, SROCC: 0.699550, KROCC: 0.515217, LOSS: 0.392644
2026-08-21 14:20:24,252 [INFO] Saving checkpoint at epoch 2 to run/20260821141_B2_MSCM_s4/checkpoint_best.pth.
2026-08-21 14:20:24,325 [INFO] Saving checkpoint at epoch 2 to run/20260821141_B2_MSCM_s4/checkpoint_best_joint.pth.
2026-08-21 14:20:24,370 [INFO] Start training
2026-08-21 14:20:24,693 [INFO] Start training epoch 3, 37 iters per inner epoch.
2026-08-21 14:20:45,596 [INFO] Averaged stats: lr: 0.000099  loss: 0.328204
2026-08-21 14:20:45,679 [INFO] gates: {"epoch": 3, "corr_s9_mean": 0.2083, "corr_s9_std": 0.0594, "corr_s12_mean": -0.0933, "corr_s12_std": 0.0753, "corr_s_global": 0.2625, "corr_f_max_mean": 0.0357}
2026-08-21 14:20:45,679 [INFO] Evaluating on val.
Train: data epoch: [3]  [ 0/37]  eta: 0:01:20  lr: 0.000099  loss: 0.4505  time: 2.1710  data: 0.0001  max mem: 5077
Train: data epoch: [3]  [20/37]  eta: 0:00:10  lr: 0.000099  loss: 0.3184  time: 0.5186  data: 0.0000  max mem: 5077
Train: data epoch: [3]  [36/37]  eta: 0:00:00  lr: 0.000099  loss: 0.2713  time: 0.5261  data: 0.0000  max mem: 5077
Train: data epoch: [3] Total time: 0:00:20 (0.5649 s / it)
2026-08-21 14:20:50,674 [INFO] Qual: EPOCH[3] -> PLCC: 0.851350, SROCC: 0.798041, KROCC: 0.607945, LOSS: 0.270306
2026-08-21 14:20:50,674 [INFO] Align: EPOCH[3] -> PLCC: 0.842813, SROCC: 0.721018, KROCC: 0.536661, LOSS: 0.272114
2026-08-21 14:20:50,691 [INFO] Saving checkpoint at epoch 3 to run/20260821141_B2_MSCM_s4/checkpoint_best.pth.
2026-08-21 14:20:50,782 [INFO] Saving checkpoint at epoch 3 to run/20260821141_B2_MSCM_s4/checkpoint_best_joint.pth.
2026-08-21 14:20:50,843 [INFO] Start training
2026-08-21 14:20:51,172 [INFO] Start training epoch 4, 37 iters per inner epoch.
2026-08-21 14:21:11,580 [INFO] Averaged stats: lr: 0.000098  loss: 0.234482
2026-08-21 14:21:11,660 [INFO] gates: {"epoch": 4, "corr_s9_mean": 0.2029, "corr_s9_std": 0.0619, "corr_s12_mean": -0.0975, "corr_s12_std": 0.0656, "corr_s_global": 0.2557, "corr_f_max_mean": 0.034}
2026-08-21 14:21:11,661 [INFO] Evaluating on val.
Train: data epoch: [4]  [ 0/37]  eta: 0:01:01  lr: 0.000098  loss: 0.2620  time: 1.6663  data: 0.0001  max mem: 5077
Train: data epoch: [4]  [20/37]  eta: 0:00:09  lr: 0.000098  loss: 0.2671  time: 0.5186  data: 0.0000  max mem: 5077
Train: data epoch: [4]  [36/37]  eta: 0:00:00  lr: 0.000098  loss: 0.2553  time: 0.5281  data: 0.0000  max mem: 5077
Train: data epoch: [4] Total time: 0:00:20 (0.5516 s / it)
2026-08-21 14:21:17,361 [INFO] Qual: EPOCH[4] -> PLCC: 0.872686, SROCC: 0.820473, KROCC: 0.632689, LOSS: 0.232050
2026-08-21 14:21:17,361 [INFO] Align: EPOCH[4] -> PLCC: 0.855553, SROCC: 0.739720, KROCC: 0.555327, LOSS: 0.260082
2026-08-21 14:21:17,378 [INFO] Saving checkpoint at epoch 4 to run/20260821141_B2_MSCM_s4/checkpoint_best.pth.
2026-08-21 14:21:17,477 [INFO] Saving checkpoint at epoch 4 to run/20260821141_B2_MSCM_s4/checkpoint_best_joint.pth.
2026-08-21 14:21:17,515 [INFO] Start training
2026-08-21 14:21:17,809 [INFO] Start training epoch 5, 37 iters per inner epoch.
2026-08-21 14:21:38,216 [INFO] Averaged stats: lr: 0.000098  loss: 0.206447
2026-08-21 14:21:38,312 [INFO] gates: {"epoch": 5, "corr_s9_mean": 0.2152, "corr_s9_std": 0.0571, "corr_s12_mean": -0.1455, "corr_s12_std": 0.0632, "corr_s_global": 0.2474, "corr_f_max_mean": 0.0363}
2026-08-21 14:21:38,312 [INFO] Evaluating on val.
Train: data epoch: [5]  [ 0/37]  eta: 0:00:56  lr: 0.000098  loss: 0.1590  time: 1.5235  data: 0.0001  max mem: 5077
Train: data epoch: [5]  [20/37]  eta: 0:00:09  lr: 0.000098  loss: 0.1962  time: 0.5229  data: 0.0000  max mem: 5077
Train: data epoch: [5]  [36/37]  eta: 0:00:00  lr: 0.000098  loss: 0.2107  time: 0.5303  data: 0.0000  max mem: 5077
Train: data epoch: [5] Total time: 0:00:20 (0.5515 s / it)
2026-08-21 14:21:44,583 [INFO] Qual: EPOCH[5] -> PLCC: 0.883620, SROCC: 0.834059, KROCC: 0.646725, LOSS: 0.214790
2026-08-21 14:21:44,583 [INFO] Align: EPOCH[5] -> PLCC: 0.860256, SROCC: 0.747728, KROCC: 0.562717, LOSS: 0.245284
2026-08-21 14:21:44,596 [INFO] Saving checkpoint at epoch 5 to run/20260821141_B2_MSCM_s4/checkpoint_best.pth.
2026-08-21 14:21:44,675 [INFO] Saving checkpoint at epoch 5 to run/20260821141_B2_MSCM_s4/checkpoint_best_joint.pth.
2026-08-21 14:21:44,716 [INFO] Start training
2026-08-21 14:21:45,024 [INFO] Start training epoch 6, 37 iters per inner epoch.
2026-08-21 14:22:05,217 [INFO] Averaged stats: lr: 0.000097  loss: 0.188474
2026-08-21 14:22:05,294 [INFO] gates: {"epoch": 6, "corr_s9_mean": 0.1946, "corr_s9_std": 0.0607, "corr_s12_mean": -0.1095, "corr_s12_std": 0.0593, "corr_s_global": 0.2603, "corr_f_max_mean": 0.0335}
2026-08-21 14:22:05,295 [INFO] Evaluating on val.
Train: data epoch: [6]  [ 0/37]  eta: 0:00:48  lr: 0.000097  loss: 0.1445  time: 1.3162  data: 0.0001  max mem: 5077
Train: data epoch: [6]  [20/37]  eta: 0:00:09  lr: 0.000097  loss: 0.2120  time: 0.5209  data: 0.0000  max mem: 5077
Train: data epoch: [6]  [36/37]  eta: 0:00:00  lr: 0.000097  loss: 0.1877  time: 0.5315  data: 0.0000  max mem: 5077
Train: data epoch: [6] Total time: 0:00:20 (0.5458 s / it)
2026-08-21 14:22:11,972 [INFO] Qual: EPOCH[6] -> PLCC: 0.890161, SROCC: 0.843132, KROCC: 0.656440, LOSS: 0.205749
2026-08-21 14:22:11,972 [INFO] Align: EPOCH[6] -> PLCC: 0.862115, SROCC: 0.746538, KROCC: 0.561070, LOSS: 0.258705
2026-08-21 14:22:11,989 [INFO] Saving checkpoint at epoch 6 to run/20260821141_B2_MSCM_s4/checkpoint_best.pth.
2026-08-21 14:22:12,052 [INFO] Saving checkpoint at epoch 6 to run/20260821141_B2_MSCM_s4/checkpoint_best_joint.pth.
2026-08-21 14:22:12,098 [INFO] Start training
2026-08-21 14:22:12,417 [INFO] Start training epoch 7, 37 iters per inner epoch.
2026-08-21 14:22:32,308 [INFO] Averaged stats: lr: 0.000095  loss: 0.174713
2026-08-21 14:22:32,377 [INFO] gates: {"epoch": 7, "corr_s9_mean": 0.1968, "corr_s9_std": 0.0633, "corr_s12_mean": -0.1072, "corr_s12_std": 0.0599, "corr_s_global": 0.2546, "corr_f_max_mean": 0.0339}
2026-08-21 14:22:32,377 [INFO] Evaluating on val.
Train: data epoch: [7]  [ 0/37]  eta: 0:00:49  lr: 0.000095  loss: 0.1565  time: 1.3456  data: 0.0001  max mem: 5077
Train: data epoch: [7]  [20/37]  eta: 0:00:09  lr: 0.000095  loss: 0.2100  time: 0.5241  data: 0.0000  max mem: 5077
Train: data epoch: [7]  [36/37]  eta: 0:00:00  lr: 0.000095  loss: 0.1918  time: 0.5136  data: 0.0000  max mem: 5077
Train: data epoch: [7] Total time: 0:00:19 (0.5376 s / it)
2026-08-21 14:22:39,161 [INFO] Qual: EPOCH[7] -> PLCC: 0.894914, SROCC: 0.849598, KROCC: 0.663729, LOSS: 0.196571
2026-08-21 14:22:39,162 [INFO] Align: EPOCH[7] -> PLCC: 0.859690, SROCC: 0.743415, KROCC: 0.558644, LOSS: 0.247759
2026-08-21 14:22:39,179 [INFO] Saving checkpoint at epoch 7 to run/20260821141_B2_MSCM_s4/checkpoint_best.pth.
2026-08-21 14:22:39,250 [INFO] Saving checkpoint at epoch 7 to run/20260821141_B2_MSCM_s4/checkpoint_best_joint.pth.
2026-08-21 14:22:39,301 [INFO] Start training
2026-08-21 14:22:39,611 [INFO] Start training epoch 8, 37 iters per inner epoch.
2026-08-21 14:22:59,243 [INFO] Averaged stats: lr: 0.000094  loss: 0.161610
2026-08-21 14:22:59,318 [INFO] gates: {"epoch": 8, "corr_s9_mean": 0.1905, "corr_s9_std": 0.0583, "corr_s12_mean": -0.1354, "corr_s12_std": 0.0636, "corr_s_global": 0.2542, "corr_f_max_mean": 0.0353}
2026-08-21 14:22:59,319 [INFO] Evaluating on val.
Train: data epoch: [8]  [ 0/37]  eta: 0:01:10  lr: 0.000094  loss: 0.1346  time: 1.9030  data: 0.0001  max mem: 5077
Train: data epoch: [8]  [20/37]  eta: 0:00:09  lr: 0.000094  loss: 0.1470  time: 0.4715  data: 0.0000  max mem: 5077
Train: data epoch: [8]  [36/37]  eta: 0:00:00  lr: 0.000094  loss: 0.1491  time: 0.5204  data: 0.0000  max mem: 5077
Train: data epoch: [8] Total time: 0:00:19 (0.5306 s / it)
2026-08-21 14:23:06,029 [INFO] Qual: EPOCH[8] -> PLCC: 0.899544, SROCC: 0.856383, KROCC: 0.671526, LOSS: 0.193386
2026-08-21 14:23:06,029 [INFO] Align: EPOCH[8] -> PLCC: 0.852614, SROCC: 0.726843, KROCC: 0.543532, LOSS: 0.256948
2026-08-21 14:23:06,048 [INFO] Saving checkpoint at epoch 8 to run/20260821141_B2_MSCM_s4/checkpoint_best.pth.
2026-08-21 14:23:06,095 [INFO] Start training
2026-08-21 14:23:06,413 [INFO] Start training epoch 9, 37 iters per inner epoch.
2026-08-21 14:23:25,535 [INFO] Averaged stats: lr: 0.000092  loss: 0.145565
2026-08-21 14:23:25,615 [INFO] gates: {"epoch": 9, "corr_s9_mean": 0.1977, "corr_s9_std": 0.0652, "corr_s12_mean": -0.1339, "corr_s12_std": 0.0629, "corr_s_global": 0.2523, "corr_f_max_mean": 0.0365}
2026-08-21 14:23:25,615 [INFO] Evaluating on val.
Train: data epoch: [9]  [ 0/37]  eta: 0:00:48  lr: 0.000092  loss: 0.1563  time: 1.3003  data: 0.0001  max mem: 5077
Train: data epoch: [9]  [20/37]  eta: 0:00:08  lr: 0.000092  loss: 0.1504  time: 0.4821  data: 0.0000  max mem: 5077
Train: data epoch: [9]  [36/37]  eta: 0:00:00  lr: 0.000092  loss: 0.1533  time: 0.5109  data: 0.0000  max mem: 5077
Train: data epoch: [9] Total time: 0:00:19 (0.5168 s / it)
2026-08-21 14:23:32,293 [INFO] Qual: EPOCH[9] -> PLCC: 0.901926, SROCC: 0.859851, KROCC: 0.675678, LOSS: 0.184256
2026-08-21 14:23:32,293 [INFO] Align: EPOCH[9] -> PLCC: 0.851381, SROCC: 0.728750, KROCC: 0.545658, LOSS: 0.260424
2026-08-21 14:23:32,306 [INFO] Saving checkpoint at epoch 9 to run/20260821141_B2_MSCM_s4/checkpoint_best.pth.
2026-08-21 14:23:32,343 [INFO] Start training
2026-08-21 14:23:32,623 [INFO] Start training epoch 10, 37 iters per inner epoch.
2026-08-21 14:23:51,620 [INFO] Averaged stats: lr: 0.000091  loss: 0.134284
2026-08-21 14:23:51,696 [INFO] gates: {"epoch": 10, "corr_s9_mean": 0.1943, "corr_s9_std": 0.0636, "corr_s12_mean": -0.0649, "corr_s12_std": 0.0657, "corr_s_global": 0.2627, "corr_f_max_mean": 0.0336}
2026-08-21 14:23:51,696 [INFO] Evaluating on val.
Train: data epoch: [10]  [ 0/37]  eta: 0:00:44  lr: 0.000091  loss: 0.1127  time: 1.2021  data: 0.0001  max mem: 5077
Train: data epoch: [10]  [20/37]  eta: 0:00:08  lr: 0.000091  loss: 0.1550  time: 0.4907  data: 0.0000  max mem: 5077
Train: data epoch: [10]  [36/37]  eta: 0:00:00  lr: 0.000091  loss: 0.1387  time: 0.4821  data: 0.0000  max mem: 5077
Train: data epoch: [10] Total time: 0:00:18 (0.5134 s / it)
2026-08-21 14:23:58,556 [INFO] Qual: EPOCH[10] -> PLCC: 0.904412, SROCC: 0.863539, KROCC: 0.679876, LOSS: 0.182293
2026-08-21 14:23:58,557 [INFO] Align: EPOCH[10] -> PLCC: 0.841930, SROCC: 0.705293, KROCC: 0.524458, LOSS: 0.290825
2026-08-21 14:23:58,571 [INFO] Saving checkpoint at epoch 10 to run/20260821141_B2_MSCM_s4/checkpoint_best.pth.
2026-08-21 14:23:58,630 [INFO] Saving checkpoint at epoch 10 to run/20260821141_B2_MSCM_s4/checkpoint_latest.pth.
2026-08-21 14:23:58,676 [INFO] Start training
2026-08-21 14:23:58,978 [INFO] Start training epoch 11, 37 iters per inner epoch.
2026-08-21 14:24:18,428 [INFO] Averaged stats: lr: 0.000089  loss: 0.122338
2026-08-21 14:24:18,510 [INFO] gates: {"epoch": 11, "corr_s9_mean": 0.1851, "corr_s9_std": 0.0689, "corr_s12_mean": -0.0925, "corr_s12_std": 0.0657, "corr_s_global": 0.2587, "corr_f_max_mean": 0.0348}
2026-08-21 14:24:18,510 [INFO] Evaluating on val.
Train: data epoch: [11]  [ 0/37]  eta: 0:00:48  lr: 0.000089  loss: 0.0976  time: 1.3176  data: 0.0001  max mem: 5077
Train: data epoch: [11]  [20/37]  eta: 0:00:09  lr: 0.000089  loss: 0.1515  time: 0.5070  data: 0.0000  max mem: 5077
Train: data epoch: [11]  [36/37]  eta: 0:00:00  lr: 0.000089  loss: 0.1497  time: 0.5019  data: 0.0000  max mem: 5077
Train: data epoch: [11] Total time: 0:00:19 (0.5257 s / it)
2026-08-21 14:24:25,168 [INFO] Qual: EPOCH[11] -> PLCC: 0.906017, SROCC: 0.866046, KROCC: 0.683227, LOSS: 0.177159
2026-08-21 14:24:25,168 [INFO] Align: EPOCH[11] -> PLCC: 0.844234, SROCC: 0.710983, KROCC: 0.528948, LOSS: 0.281832
2026-08-21 14:24:25,182 [INFO] Saving checkpoint at epoch 11 to run/20260821141_B2_MSCM_s4/checkpoint_best.pth.
2026-08-21 14:24:25,229 [INFO] Start training
2026-08-21 14:24:25,503 [INFO] Start training epoch 12, 37 iters per inner epoch.
2026-08-21 14:24:43,851 [INFO] Averaged stats: lr: 0.000087  loss: 0.110780
2026-08-21 14:24:43,936 [INFO] gates: {"epoch": 12, "corr_s9_mean": 0.1962, "corr_s9_std": 0.068, "corr_s12_mean": -0.0909, "corr_s12_std": 0.0628, "corr_s_global": 0.2523, "corr_f_max_mean": 0.0351}
2026-08-21 14:24:43,936 [INFO] Evaluating on val.
Train: data epoch: [12]  [ 0/37]  eta: 0:00:44  lr: 0.000087  loss: 0.0907  time: 1.1959  data: 0.0001  max mem: 5077
Train: data epoch: [12]  [20/37]  eta: 0:00:08  lr: 0.000087  loss: 0.1103  time: 0.4842  data: 0.0000  max mem: 5077
Train: data epoch: [12]  [36/37]  eta: 0:00:00  lr: 0.000087  loss: 0.0991  time: 0.4908  data: 0.0000  max mem: 5077
Train: data epoch: [12] Total time: 0:00:18 (0.4959 s / it)
2026-08-21 14:24:50,532 [INFO] Qual: EPOCH[12] -> PLCC: 0.907451, SROCC: 0.868011, KROCC: 0.685630, LOSS: 0.172973
2026-08-21 14:24:50,532 [INFO] Align: EPOCH[12] -> PLCC: 0.838391, SROCC: 0.699051, KROCC: 0.518873, LOSS: 0.284766
2026-08-21 14:24:50,549 [INFO] Saving checkpoint at epoch 12 to run/20260821141_B2_MSCM_s4/checkpoint_best.pth.
2026-08-21 14:24:50,604 [INFO] Start training
2026-08-21 14:24:50,872 [INFO] Start training epoch 13, 37 iters per inner epoch.
2026-08-21 14:25:10,132 [INFO] Averaged stats: lr: 0.000084  loss: 0.102195
2026-08-21 14:25:10,221 [INFO] gates: {"epoch": 13, "corr_s9_mean": 0.1803, "corr_s9_std": 0.0677, "corr_s12_mean": -0.0834, "corr_s12_std": 0.0632, "corr_s_global": 0.2608, "corr_f_max_mean": 0.0343}
2026-08-21 14:25:10,222 [INFO] Evaluating on val.
Train: data epoch: [13]  [ 0/37]  eta: 0:00:44  lr: 0.000084  loss: 0.0906  time: 1.2077  data: 0.0001  max mem: 5077
Train: data epoch: [13]  [20/37]  eta: 0:00:09  lr: 0.000084  loss: 0.0660  time: 0.5122  data: 0.0000  max mem: 5077
Train: data epoch: [13]  [36/37]  eta: 0:00:00  lr: 0.000084  loss: 0.0964  time: 0.4909  data: 0.0000  max mem: 5077
Train: data epoch: [13] Total time: 0:00:19 (0.5205 s / it)
2026-08-21 14:25:17,049 [INFO] Qual: EPOCH[13] -> PLCC: 0.909001, SROCC: 0.870147, KROCC: 0.688586, LOSS: 0.173819
2026-08-21 14:25:17,050 [INFO] Align: EPOCH[13] -> PLCC: 0.834165, SROCC: 0.697811, KROCC: 0.517011, LOSS: 0.296777
2026-08-21 14:25:17,067 [INFO] Saving checkpoint at epoch 13 to run/20260821141_B2_MSCM_s4/checkpoint_best.pth.
2026-08-21 14:25:17,122 [INFO] Start training
2026-08-21 14:25:17,394 [INFO] Start training epoch 14, 37 iters per inner epoch.
2026-08-21 14:25:35,593 [INFO] Averaged stats: lr: 0.000082  loss: 0.091950
2026-08-21 14:25:35,666 [INFO] gates: {"epoch": 14, "corr_s9_mean": 0.1859, "corr_s9_std": 0.0675, "corr_s12_mean": -0.0993, "corr_s12_std": 0.0656, "corr_s_global": 0.2533, "corr_f_max_mean": 0.0355}
2026-08-21 14:25:35,666 [INFO] Evaluating on val.
Train: data epoch: [14]  [ 0/37]  eta: 0:00:43  lr: 0.000082  loss: 0.0988  time: 1.1853  data: 0.0001  max mem: 5077
Train: data epoch: [14]  [20/37]  eta: 0:00:08  lr: 0.000082  loss: 0.0802  time: 0.4938  data: 0.0000  max mem: 5077
Train: data epoch: [14]  [36/37]  eta: 0:00:00  lr: 0.000082  loss: 0.0781  time: 0.4342  data: 0.0000  max mem: 5077
Train: data epoch: [14] Total time: 0:00:18 (0.4919 s / it)
2026-08-21 14:25:42,721 [INFO] Qual: EPOCH[14] -> PLCC: 0.910093, SROCC: 0.872095, KROCC: 0.690572, LOSS: 0.167320
2026-08-21 14:25:42,722 [INFO] Align: EPOCH[14] -> PLCC: 0.828426, SROCC: 0.687147, KROCC: 0.506959, LOSS: 0.315164
2026-08-21 14:25:42,738 [INFO] Saving checkpoint at epoch 14 to run/20260821141_B2_MSCM_s4/checkpoint_best.pth.
2026-08-21 14:25:42,784 [INFO] Start training
2026-08-21 14:25:43,045 [INFO] Start training epoch 15, 37 iters per inner epoch.
2026-08-21 14:26:02,737 [INFO] Averaged stats: lr: 0.000080  loss: 0.085194
2026-08-21 14:26:02,806 [INFO] gates: {"epoch": 15, "corr_s9_mean": 0.1823, "corr_s9_std": 0.0713, "corr_s12_mean": -0.0802, "corr_s12_std": 0.0654, "corr_s_global": 0.261, "corr_f_max_mean": 0.035}
2026-08-21 14:26:02,806 [INFO] Evaluating on val.
Train: data epoch: [15]  [ 0/37]  eta: 0:00:44  lr: 0.000080  loss: 0.0894  time: 1.2057  data: 0.0001  max mem: 5077
Train: data epoch: [15]  [20/37]  eta: 0:00:09  lr: 0.000080  loss: 0.0819  time: 0.5029  data: 0.0000  max mem: 5077
Train: data epoch: [15]  [36/37]  eta: 0:00:00  lr: 0.000080  loss: 0.0913  time: 0.5049  data: 0.0000  max mem: 5077
Train: data epoch: [15] Total time: 0:00:19 (0.5322 s / it)
2026-08-21 14:26:08,830 [INFO] Qual: EPOCH[15] -> PLCC: 0.910803, SROCC: 0.873314, KROCC: 0.692208, LOSS: 0.167353
2026-08-21 14:26:08,830 [INFO] Align: EPOCH[15] -> PLCC: 0.830244, SROCC: 0.690830, KROCC: 0.510761, LOSS: 0.305049
2026-08-21 14:26:08,843 [INFO] Saving checkpoint at epoch 15 to run/20260821141_B2_MSCM_s4/checkpoint_best.pth.
2026-08-21 14:26:08,893 [INFO] Saving checkpoint at epoch 15 to run/20260821141_B2_MSCM_s4/checkpoint_latest.pth.
2026-08-21 14:26:08,928 [INFO] Start training
2026-08-21 14:26:09,158 [INFO] Start training epoch 16, 37 iters per inner epoch.
2026-08-21 14:26:28,776 [INFO] Averaged stats: lr: 0.000077  loss: 0.077710
2026-08-21 14:26:28,848 [INFO] gates: {"epoch": 16, "corr_s9_mean": 0.1914, "corr_s9_std": 0.0686, "corr_s12_mean": -0.0372, "corr_s12_std": 0.0663, "corr_s_global": 0.2601, "corr_f_max_mean": 0.0334}
2026-08-21 14:26:28,848 [INFO] Evaluating on val.
Train: data epoch: [16]  [ 0/37]  eta: 0:00:43  lr: 0.000077  loss: 0.0736  time: 1.1784  data: 0.0001  max mem: 5077
Train: data epoch: [16]  [20/37]  eta: 0:00:09  lr: 0.000077  loss: 0.0890  time: 0.5076  data: 0.0000  max mem: 5077
Train: data epoch: [16]  [36/37]  eta: 0:00:00  lr: 0.000077  loss: 0.0781  time: 0.5001  data: 0.0000  max mem: 5077
Train: data epoch: [16] Total time: 0:00:19 (0.5302 s / it)
2026-08-21 14:26:34,825 [INFO] Qual: EPOCH[16] -> PLCC: 0.910808, SROCC: 0.873223, KROCC: 0.692096, LOSS: 0.166507
2026-08-21 14:26:34,825 [INFO] Align: EPOCH[16] -> PLCC: 0.827854, SROCC: 0.692155, KROCC: 0.512397, LOSS: 0.304622
2026-08-21 14:26:34,826 [INFO] Start training
2026-08-21 14:26:35,095 [INFO] Start training epoch 17, 37 iters per inner epoch.
2026-08-21 14:26:54,716 [INFO] Averaged stats: lr: 0.000074  loss: 0.071666
2026-08-21 14:26:54,796 [INFO] gates: {"epoch": 17, "corr_s9_mean": 0.1775, "corr_s9_std": 0.0723, "corr_s12_mean": -0.0947, "corr_s12_std": 0.064, "corr_s_global": 0.2586, "corr_f_max_mean": 0.0351}
2026-08-21 14:26:54,796 [INFO] Evaluating on val.
Train: data epoch: [17]  [ 0/37]  eta: 0:00:52  lr: 0.000074  loss: 0.0774  time: 1.4136  data: 0.0001  max mem: 5077
Train: data epoch: [17]  [20/37]  eta: 0:00:09  lr: 0.000074  loss: 0.0806  time: 0.5034  data: 0.0000  max mem: 5077
Train: data epoch: [17]  [36/37]  eta: 0:00:00  lr: 0.000074  loss: 0.0631  time: 0.5021  data: 0.0000  max mem: 5077
Train: data epoch: [17] Total time: 0:00:19 (0.5303 s / it)
2026-08-21 14:27:00,998 [INFO] Qual: EPOCH[17] -> PLCC: 0.911339, SROCC: 0.873769, KROCC: 0.692626, LOSS: 0.167253
2026-08-21 14:27:00,999 [INFO] Align: EPOCH[17] -> PLCC: 0.824394, SROCC: 0.688356, KROCC: 0.508290, LOSS: 0.311226
2026-08-21 14:27:01,049 [INFO] Saving checkpoint at epoch 17 to run/20260821141_B2_MSCM_s4/checkpoint_best.pth.
2026-08-21 14:27:01,104 [INFO] Start training
2026-08-21 14:27:01,397 [INFO] Start training epoch 18, 37 iters per inner epoch.
2026-08-21 14:27:21,301 [INFO] Averaged stats: lr: 0.000072  loss: 0.068699
2026-08-21 14:27:21,381 [INFO] gates: {"epoch": 18, "corr_s9_mean": 0.1796, "corr_s9_std": 0.0649, "corr_s12_mean": -0.0927, "corr_s12_std": 0.0629, "corr_s_global": 0.2598, "corr_f_max_mean": 0.0347}
2026-08-21 14:27:21,381 [INFO] Evaluating on val.
Train: data epoch: [18]  [ 0/37]  eta: 0:00:48  lr: 0.000072  loss: 0.0593  time: 1.3057  data: 0.0002  max mem: 5077
Train: data epoch: [18]  [20/37]  eta: 0:00:09  lr: 0.000072  loss: 0.0873  time: 0.5031  data: 0.0000  max mem: 5077
Train: data epoch: [18]  [36/37]  eta: 0:00:00  lr: 0.000072  loss: 0.0534  time: 0.5333  data: 0.0000  max mem: 5077
Train: data epoch: [18] Total time: 0:00:19 (0.5379 s / it)
2026-08-21 14:27:28,294 [INFO] Qual: EPOCH[18] -> PLCC: 0.911743, SROCC: 0.874636, KROCC: 0.693788, LOSS: 0.166382
2026-08-21 14:27:28,294 [INFO] Align: EPOCH[18] -> PLCC: 0.826066, SROCC: 0.691740, KROCC: 0.511257, LOSS: 0.307514
2026-08-21 14:27:28,310 [INFO] Saving checkpoint at epoch 18 to run/20260821141_B2_MSCM_s4/checkpoint_best.pth.
2026-08-21 14:27:28,367 [INFO] Start training
2026-08-21 14:27:28,697 [INFO] Start training epoch 19, 37 iters per inner epoch.
2026-08-21 14:27:50,074 [INFO] Averaged stats: lr: 0.000069  loss: 0.064784
2026-08-21 14:27:50,146 [INFO] gates: {"epoch": 19, "corr_s9_mean": 0.1784, "corr_s9_std": 0.0692, "corr_s12_mean": -0.045, "corr_s12_std": 0.0626, "corr_s_global": 0.259, "corr_f_max_mean": 0.0328}
2026-08-21 14:27:50,146 [INFO] Evaluating on val.
Train: data epoch: [19]  [ 0/37]  eta: 0:01:08  lr: 0.000069  loss: 0.0556  time: 1.8397  data: 0.0001  max mem: 5077
Train: data epoch: [19]  [20/37]  eta: 0:00:10  lr: 0.000069  loss: 0.0603  time: 0.5418  data: 0.0000  max mem: 5077
Train: data epoch: [19]  [36/37]  eta: 0:00:00  lr: 0.000069  loss: 0.0576  time: 0.5435  data: 0.0000  max mem: 5077
Train: data epoch: [19] Total time: 0:00:21 (0.5777 s / it)
2026-08-21 14:27:56,901 [INFO] Qual: EPOCH[19] -> PLCC: 0.911795, SROCC: 0.874055, KROCC: 0.693021, LOSS: 0.166394
2026-08-21 14:27:56,901 [INFO] Align: EPOCH[19] -> PLCC: 0.825772, SROCC: 0.688663, KROCC: 0.508854, LOSS: 0.322659
2026-08-21 14:27:56,902 [INFO] Start training
2026-08-21 14:27:57,141 [INFO] Start training epoch 20, 37 iters per inner epoch.
2026-08-21 14:28:17,865 [INFO] Averaged stats: lr: 0.000066  loss: 0.061235
2026-08-21 14:28:17,938 [INFO] gates: {"epoch": 20, "corr_s9_mean": 0.1823, "corr_s9_std": 0.0682, "corr_s12_mean": -0.0489, "corr_s12_std": 0.0636, "corr_s_global": 0.2603, "corr_f_max_mean": 0.0333}
2026-08-21 14:28:17,939 [INFO] Evaluating on val.
Train: data epoch: [20]  [ 0/37]  eta: 0:01:02  lr: 0.000066  loss: 0.0592  time: 1.6960  data: 0.0001  max mem: 5077
Train: data epoch: [20]  [20/37]  eta: 0:00:09  lr: 0.000066  loss: 0.0674  time: 0.5160  data: 0.0000  max mem: 5077
Train: data epoch: [20]  [36/37]  eta: 0:00:00  lr: 0.000066  loss: 0.0545  time: 0.5444  data: 0.0000  max mem: 5077
Train: data epoch: [20] Total time: 0:00:20 (0.5601 s / it)
2026-08-21 14:28:23,038 [INFO] Qual: EPOCH[20] -> PLCC: 0.911991, SROCC: 0.874513, KROCC: 0.693709, LOSS: 0.166884
2026-08-21 14:28:23,039 [INFO] Align: EPOCH[20] -> PLCC: 0.822071, SROCC: 0.682070, KROCC: 0.502355, LOSS: 0.325284
2026-08-21 14:28:23,054 [INFO] Saving checkpoint at epoch 20 to run/20260821141_B2_MSCM_s4/checkpoint_best.pth.
2026-08-21 14:28:23,127 [INFO] Saving checkpoint at epoch 20 to run/20260821141_B2_MSCM_s4/checkpoint_latest.pth.
2026-08-21 14:28:23,182 [INFO] Start training
2026-08-21 14:28:23,449 [INFO] Start training epoch 21, 37 iters per inner epoch.
2026-08-21 14:28:42,793 [INFO] Averaged stats: lr: 0.000063  loss: 0.059066
2026-08-21 14:28:42,864 [INFO] gates: {"epoch": 21, "corr_s9_mean": 0.177, "corr_s9_std": 0.0703, "corr_s12_mean": -0.0585, "corr_s12_std": 0.0634, "corr_s_global": 0.2603, "corr_f_max_mean": 0.0328}
2026-08-21 14:28:42,864 [INFO] Evaluating on val.
Train: data epoch: [21]  [ 0/37]  eta: 0:00:42  lr: 0.000063  loss: 0.0598  time: 1.1359  data: 0.0001  max mem: 5077
Train: data epoch: [21]  [20/37]  eta: 0:00:08  lr: 0.000063  loss: 0.0569  time: 0.4745  data: 0.0000  max mem: 5077
Train: data epoch: [21]  [36/37]  eta: 0:00:00  lr: 0.000063  loss: 0.0561  time: 0.5451  data: 0.0000  max mem: 5077
Train: data epoch: [21] Total time: 0:00:19 (0.5228 s / it)
2026-08-21 14:28:48,939 [INFO] Qual: EPOCH[21] -> PLCC: 0.911878, SROCC: 0.874411, KROCC: 0.693359, LOSS: 0.165802
2026-08-21 14:28:48,939 [INFO] Align: EPOCH[21] -> PLCC: 0.823026, SROCC: 0.686683, KROCC: 0.506507, LOSS: 0.313711
2026-08-21 14:28:48,940 [INFO] Start training
2026-08-21 14:28:49,173 [INFO] Start training epoch 22, 37 iters per inner epoch.
2026-08-21 14:29:08,852 [INFO] Averaged stats: lr: 0.000060  loss: 0.055874
2026-08-21 14:29:08,930 [INFO] gates: {"epoch": 22, "corr_s9_mean": 0.1685, "corr_s9_std": 0.0662, "corr_s12_mean": -0.0424, "corr_s12_std": 0.0653, "corr_s_global": 0.2628, "corr_f_max_mean": 0.0323}
2026-08-21 14:29:08,931 [INFO] Evaluating on val.
Train: data epoch: [22]  [ 0/37]  eta: 0:00:41  lr: 0.000060  loss: 0.0518  time: 1.1265  data: 0.0001  max mem: 5077
Train: data epoch: [22]  [20/37]  eta: 0:00:08  lr: 0.000060  loss: 0.0550  time: 0.4919  data: 0.0000  max mem: 5077
Train: data epoch: [22]  [36/37]  eta: 0:00:00  lr: 0.000060  loss: 0.0501  time: 0.5447  data: 0.0000  max mem: 5077
Train: data epoch: [22] Total time: 0:00:19 (0.5319 s / it)
2026-08-21 14:29:15,348 [INFO] Qual: EPOCH[22] -> PLCC: 0.912319, SROCC: 0.875668, KROCC: 0.695108, LOSS: 0.166014
2026-08-21 14:29:15,348 [INFO] Align: EPOCH[22] -> PLCC: 0.820607, SROCC: 0.682095, KROCC: 0.501306, LOSS: 0.322326
2026-08-21 14:29:15,364 [INFO] Saving checkpoint at epoch 22 to run/20260821141_B2_MSCM_s4/checkpoint_best.pth.
2026-08-21 14:29:15,408 [INFO] Start training
2026-08-21 14:29:15,670 [INFO] Start training epoch 23, 37 iters per inner epoch.
2026-08-21 14:29:34,536 [INFO] Averaged stats: lr: 0.000057  loss: 0.054057
2026-08-21 14:29:34,758 [INFO] gates: {"epoch": 23, "corr_s9_mean": 0.1789, "corr_s9_std": 0.0658, "corr_s12_mean": -0.0659, "corr_s12_std": 0.0636, "corr_s_global": 0.2609, "corr_f_max_mean": 0.0341}
2026-08-21 14:29:34,758 [INFO] Evaluating on val.
Train: data epoch: [23]  [ 0/37]  eta: 0:00:35  lr: 0.000057  loss: 0.0543  time: 0.9645  data: 0.0001  max mem: 5077
Train: data epoch: [23]  [20/37]  eta: 0:00:08  lr: 0.000057  loss: 0.0582  time: 0.4553  data: 0.0000  max mem: 5077
Train: data epoch: [23]  [36/37]  eta: 0:00:00  lr: 0.000057  loss: 0.0517  time: 0.5264  data: 0.0000  max mem: 5077
Train: data epoch: [23] Total time: 0:00:18 (0.5099 s / it)
2026-08-21 14:29:41,948 [INFO] Qual: EPOCH[23] -> PLCC: 0.911853, SROCC: 0.874329, KROCC: 0.693280, LOSS: 0.165879
2026-08-21 14:29:41,948 [INFO] Align: EPOCH[23] -> PLCC: 0.822867, SROCC: 0.686370, KROCC: 0.506101, LOSS: 0.310379
2026-08-21 14:29:41,949 [INFO] Start training
2026-08-21 14:29:42,207 [INFO] Start training epoch 24, 37 iters per inner epoch.
2026-08-21 14:30:02,056 [INFO] Averaged stats: lr: 0.000054  loss: 0.051628
2026-08-21 14:30:02,128 [INFO] gates: {"epoch": 24, "corr_s9_mean": 0.1704, "corr_s9_std": 0.0669, "corr_s12_mean": -0.0697, "corr_s12_std": 0.0638, "corr_s_global": 0.2614, "corr_f_max_mean": 0.0337}
2026-08-21 14:30:02,128 [INFO] Evaluating on val.
Train: data epoch: [24]  [ 0/37]  eta: 0:00:49  lr: 0.000054  loss: 0.0417  time: 1.3295  data: 0.0001  max mem: 5077
Train: data epoch: [24]  [20/37]  eta: 0:00:09  lr: 0.000054  loss: 0.0460  time: 0.4919  data: 0.0000  max mem: 5077
Train: data epoch: [24]  [36/37]  eta: 0:00:00  lr: 0.000054  loss: 0.0473  time: 0.5213  data: 0.0000  max mem: 5077
Train: data epoch: [24] Total time: 0:00:19 (0.5365 s / it)
2026-08-21 14:30:08,251 [INFO] Qual: EPOCH[24] -> PLCC: 0.912141, SROCC: 0.875594, KROCC: 0.694849, LOSS: 0.165146
2026-08-21 14:30:08,251 [INFO] Align: EPOCH[24] -> PLCC: 0.821089, SROCC: 0.688229, KROCC: 0.508075, LOSS: 0.320103
2026-08-21 14:30:08,252 [INFO] Start training
2026-08-21 14:30:08,516 [INFO] Start training epoch 25, 37 iters per inner epoch.
2026-08-21 14:30:27,875 [INFO] Averaged stats: lr: 0.000050  loss: 0.050786
2026-08-21 14:30:27,955 [INFO] gates: {"epoch": 25, "corr_s9_mean": 0.1715, "corr_s9_std": 0.0671, "corr_s12_mean": -0.0822, "corr_s12_std": 0.0633, "corr_s_global": 0.2573, "corr_f_max_mean": 0.0339}
2026-08-21 14:30:27,956 [INFO] Evaluating on val.
Train: data epoch: [25]  [ 0/37]  eta: 0:00:38  lr: 0.000051  loss: 0.0477  time: 1.0391  data: 0.0001  max mem: 5077
Train: data epoch: [25]  [20/37]  eta: 0:00:08  lr: 0.000051  loss: 0.0591  time: 0.4964  data: 0.0000  max mem: 5077
Train: data epoch: [25]  [36/37]  eta: 0:00:00  lr: 0.000051  loss: 0.0613  time: 0.5247  data: 0.0000  max mem: 5077
Train: data epoch: [25] Total time: 0:00:19 (0.5232 s / it)
2026-08-21 14:30:34,322 [INFO] Qual: EPOCH[25] -> PLCC: 0.911899, SROCC: 0.874857, KROCC: 0.693980, LOSS: 0.167678
2026-08-21 14:30:34,322 [INFO] Align: EPOCH[25] -> PLCC: 0.822302, SROCC: 0.688135, KROCC: 0.507568, LOSS: 0.317873
2026-08-21 14:30:34,338 [INFO] Saving checkpoint at epoch 25 to run/20260821141_B2_MSCM_s4/checkpoint_latest.pth.
2026-08-21 14:30:34,396 [INFO] Start training
2026-08-21 14:30:34,671 [INFO] Start training epoch 26, 37 iters per inner epoch.
2026-08-21 14:30:54,101 [INFO] Averaged stats: lr: 0.000047  loss: 0.049085
2026-08-21 14:30:54,178 [INFO] gates: {"epoch": 26, "corr_s9_mean": 0.1716, "corr_s9_std": 0.0716, "corr_s12_mean": -0.0538, "corr_s12_std": 0.0647, "corr_s_global": 0.2578, "corr_f_max_mean": 0.0331}
2026-08-21 14:30:54,178 [INFO] Evaluating on val.
Train: data epoch: [26]  [ 0/37]  eta: 0:00:35  lr: 0.000047  loss: 0.0536  time: 0.9645  data: 0.0001  max mem: 5077
Train: data epoch: [26]  [20/37]  eta: 0:00:09  lr: 0.000047  loss: 0.0446  time: 0.5096  data: 0.0000  max mem: 5077
Train: data epoch: [26]  [36/37]  eta: 0:00:00  lr: 0.000047  loss: 0.0494  time: 0.5259  data: 0.0000  max mem: 5077
Train: data epoch: [26] Total time: 0:00:19 (0.5251 s / it)
2026-08-21 14:31:00,269 [INFO] Qual: EPOCH[26] -> PLCC: 0.912178, SROCC: 0.876005, KROCC: 0.695684, LOSS: 0.166903
2026-08-21 14:31:00,269 [INFO] Align: EPOCH[26] -> PLCC: 0.820928, SROCC: 0.688700, KROCC: 0.508064, LOSS: 0.316835
2026-08-21 14:31:00,289 [INFO] Saving checkpoint at epoch 26 to run/20260821141_B2_MSCM_s4/checkpoint_best.pth.
2026-08-21 14:31:00,348 [INFO] Start training
2026-08-21 14:31:00,662 [INFO] Start training epoch 27, 37 iters per inner epoch.
2026-08-21 14:31:20,681 [INFO] Averaged stats: lr: 0.000044  loss: 0.046734
2026-08-21 14:31:20,765 [INFO] gates: {"epoch": 27, "corr_s9_mean": 0.1616, "corr_s9_std": 0.0663, "corr_s12_mean": -0.0614, "corr_s12_std": 0.0633, "corr_s_global": 0.2649, "corr_f_max_mean": 0.0324}
2026-08-21 14:31:20,765 [INFO] Evaluating on val.
Train: data epoch: [27]  [ 0/37]  eta: 0:00:47  lr: 0.000044  loss: 0.0365  time: 1.2725  data: 0.0001  max mem: 5077
Train: data epoch: [27]  [20/37]  eta: 0:00:09  lr: 0.000044  loss: 0.0474  time: 0.5199  data: 0.0000  max mem: 5077
Train: data epoch: [27]  [36/37]  eta: 0:00:00  lr: 0.000044  loss: 0.0519  time: 0.5334  data: 0.0000  max mem: 5077
Train: data epoch: [27] Total time: 0:00:20 (0.5411 s / it)
2026-08-21 14:31:27,643 [INFO] Qual: EPOCH[27] -> PLCC: 0.912002, SROCC: 0.875543, KROCC: 0.695086, LOSS: 0.167517
2026-08-21 14:31:27,643 [INFO] Align: EPOCH[27] -> PLCC: 0.818556, SROCC: 0.683276, KROCC: 0.503359, LOSS: 0.319806
2026-08-21 14:31:27,644 [INFO] Start training
2026-08-21 14:31:27,976 [INFO] Start training epoch 28, 37 iters per inner epoch.
2026-08-21 14:31:48,506 [INFO] Averaged stats: lr: 0.000041  loss: 0.046150
2026-08-21 14:31:48,582 [INFO] gates: {"epoch": 28, "corr_s9_mean": 0.1825, "corr_s9_std": 0.0715, "corr_s12_mean": -0.0718, "corr_s12_std": 0.0653, "corr_s_global": 0.2626, "corr_f_max_mean": 0.0345}
2026-08-21 14:31:48,582 [INFO] Evaluating on val.
Train: data epoch: [28]  [ 0/37]  eta: 0:00:55  lr: 0.000041  loss: 0.0607  time: 1.4927  data: 0.0001  max mem: 5077
Train: data epoch: [28]  [20/37]  eta: 0:00:09  lr: 0.000041  loss: 0.0428  time: 0.5357  data: 0.0000  max mem: 5077
Train: data epoch: [28]  [36/37]  eta: 0:00:00  lr: 0.000041  loss: 0.0532  time: 0.5181  data: 0.0000  max mem: 5077
Train: data epoch: [28] Total time: 0:00:20 (0.5549 s / it)
2026-08-21 14:31:55,571 [INFO] Qual: EPOCH[28] -> PLCC: 0.912155, SROCC: 0.876391, KROCC: 0.696000, LOSS: 0.165912
2026-08-21 14:31:55,571 [INFO] Align: EPOCH[28] -> PLCC: 0.821499, SROCC: 0.685946, KROCC: 0.505390, LOSS: 0.315081
2026-08-21 14:31:55,589 [INFO] Saving checkpoint at epoch 28 to run/20260821141_B2_MSCM_s4/checkpoint_best.pth.
2026-08-21 14:31:55,648 [INFO] Start training
2026-08-21 14:31:55,982 [INFO] Start training epoch 29, 37 iters per inner epoch.
2026-08-21 14:32:16,274 [INFO] Averaged stats: lr: 0.000038  loss: 0.045529
2026-08-21 14:32:16,364 [INFO] gates: {"epoch": 29, "corr_s9_mean": 0.1653, "corr_s9_std": 0.0638, "corr_s12_mean": -0.0662, "corr_s12_std": 0.061, "corr_s_global": 0.2575, "corr_f_max_mean": 0.0327}
2026-08-21 14:32:16,364 [INFO] Evaluating on val.
Train: data epoch: [29]  [ 0/37]  eta: 0:01:12  lr: 0.000038  loss: 0.0374  time: 1.9562  data: 0.0001  max mem: 5077
Train: data epoch: [29]  [20/37]  eta: 0:00:09  lr: 0.000038  loss: 0.0408  time: 0.4991  data: 0.0000  max mem: 5077
Train: data epoch: [29]  [36/37]  eta: 0:00:00  lr: 0.000038  loss: 0.0367  time: 0.5143  data: 0.0000  max mem: 5077
Train: data epoch: [29] Total time: 0:00:20 (0.5484 s / it)
2026-08-21 14:32:22,780 [INFO] Qual: EPOCH[29] -> PLCC: 0.911713, SROCC: 0.876363, KROCC: 0.695988, LOSS: 0.168472
2026-08-21 14:32:22,781 [INFO] Align: EPOCH[29] -> PLCC: 0.822883, SROCC: 0.692117, KROCC: 0.511343, LOSS: 0.314813
2026-08-21 14:32:22,781 [INFO] Start training
2026-08-21 14:32:23,149 [INFO] Start training epoch 30, 37 iters per inner epoch.
2026-08-21 14:32:42,984 [INFO] Averaged stats: lr: 0.000035  loss: 0.043430
2026-08-21 14:32:43,063 [INFO] gates: {"epoch": 30, "corr_s9_mean": 0.167, "corr_s9_std": 0.0689, "corr_s12_mean": -0.0631, "corr_s12_std": 0.061, "corr_s_global": 0.2582, "corr_f_max_mean": 0.0325}
2026-08-21 14:32:43,063 [INFO] Evaluating on val.
Train: data epoch: [30]  [ 0/37]  eta: 0:00:50  lr: 0.000035  loss: 0.0376  time: 1.3520  data: 0.0001  max mem: 5077
Train: data epoch: [30]  [20/37]  eta: 0:00:09  lr: 0.000035  loss: 0.0520  time: 0.5041  data: 0.0000  max mem: 5077
Train: data epoch: [30]  [36/37]  eta: 0:00:00  lr: 0.000035  loss: 0.0462  time: 0.5019  data: 0.0000  max mem: 5077
Train: data epoch: [30] Total time: 0:00:19 (0.5361 s / it)
2026-08-21 14:32:49,220 [INFO] Qual: EPOCH[30] -> PLCC: 0.912042, SROCC: 0.875921, KROCC: 0.695447, LOSS: 0.165738
2026-08-21 14:32:49,220 [INFO] Align: EPOCH[30] -> PLCC: 0.821160, SROCC: 0.689437, KROCC: 0.508719, LOSS: 0.316654
2026-08-21 14:32:49,236 [INFO] Saving checkpoint at epoch 30 to run/20260821141_B2_MSCM_s4/checkpoint_latest.pth.
2026-08-21 14:32:49,282 [INFO] Start training
2026-08-21 14:32:49,556 [INFO] Start training epoch 31, 37 iters per inner epoch.
2026-08-21 14:33:09,029 [INFO] Averaged stats: lr: 0.000032  loss: 0.042697
2026-08-21 14:33:09,107 [INFO] gates: {"epoch": 31, "corr_s9_mean": 0.1567, "corr_s9_std": 0.0709, "corr_s12_mean": -0.0695, "corr_s12_std": 0.0609, "corr_s_global": 0.2558, "corr_f_max_mean": 0.0327}
2026-08-21 14:33:09,108 [INFO] Evaluating on val.
Train: data epoch: [31]  [ 0/37]  eta: 0:00:41  lr: 0.000032  loss: 0.0397  time: 1.1229  data: 0.0001  max mem: 5077
Train: data epoch: [31]  [20/37]  eta: 0:00:09  lr: 0.000032  loss: 0.0484  time: 0.5225  data: 0.0000  max mem: 5077
Train: data epoch: [31]  [36/37]  eta: 0:00:00  lr: 0.000032  loss: 0.0416  time: 0.5028  data: 0.0000  max mem: 5077
Train: data epoch: [31] Total time: 0:00:19 (0.5263 s / it)
2026-08-21 14:33:15,431 [INFO] Qual: EPOCH[31] -> PLCC: 0.912135, SROCC: 0.876446, KROCC: 0.696372, LOSS: 0.166398
2026-08-21 14:33:15,432 [INFO] Align: EPOCH[31] -> PLCC: 0.820228, SROCC: 0.684627, KROCC: 0.504070, LOSS: 0.318979
2026-08-21 14:33:15,448 [INFO] Saving checkpoint at epoch 31 to run/20260821141_B2_MSCM_s4/checkpoint_best.pth.
2026-08-21 14:33:15,495 [INFO] Start training
2026-08-21 14:33:15,806 [INFO] Start training epoch 32, 37 iters per inner epoch.
2026-08-21 14:33:35,574 [INFO] Averaged stats: lr: 0.000029  loss: 0.041301
2026-08-21 14:33:35,652 [INFO] gates: {"epoch": 32, "corr_s9_mean": 0.1646, "corr_s9_std": 0.0683, "corr_s12_mean": -0.0576, "corr_s12_std": 0.0639, "corr_s_global": 0.2611, "corr_f_max_mean": 0.0327}
2026-08-21 14:33:35,653 [INFO] Evaluating on val.
Train: data epoch: [32]  [ 0/37]  eta: 0:00:46  lr: 0.000029  loss: 0.0417  time: 1.2663  data: 0.0001  max mem: 5077
Train: data epoch: [32]  [20/37]  eta: 0:00:09  lr: 0.000029  loss: 0.0380  time: 0.5332  data: 0.0000  max mem: 5077
Train: data epoch: [32]  [36/37]  eta: 0:00:00  lr: 0.000029  loss: 0.0649  time: 0.5052  data: 0.0000  max mem: 5077
Train: data epoch: [32] Total time: 0:00:19 (0.5342 s / it)
2026-08-21 14:33:42,095 [INFO] Qual: EPOCH[32] -> PLCC: 0.912076, SROCC: 0.876467, KROCC: 0.695932, LOSS: 0.166746
2026-08-21 14:33:42,095 [INFO] Align: EPOCH[32] -> PLCC: 0.821217, SROCC: 0.687897, KROCC: 0.507478, LOSS: 0.314317
2026-08-21 14:33:42,096 [INFO] Start training
2026-08-21 14:33:42,405 [INFO] Start training epoch 33, 37 iters per inner epoch.
2026-08-21 14:34:01,681 [INFO] Averaged stats: lr: 0.000027  loss: 0.040515
2026-08-21 14:34:01,762 [INFO] gates: {"epoch": 33, "corr_s9_mean": 0.1657, "corr_s9_std": 0.0691, "corr_s12_mean": -0.0735, "corr_s12_std": 0.0656, "corr_s_global": 0.2571, "corr_f_max_mean": 0.0338}
2026-08-21 14:34:01,762 [INFO] Evaluating on val.
Train: data epoch: [33]  [ 0/37]  eta: 0:00:54  lr: 0.000027  loss: 0.0454  time: 1.4776  data: 0.0001  max mem: 5077
Train: data epoch: [33]  [20/37]  eta: 0:00:09  lr: 0.000027  loss: 0.0314  time: 0.5271  data: 0.0000  max mem: 5077
Train: data epoch: [33]  [36/37]  eta: 0:00:00  lr: 0.000027  loss: 0.0383  time: 0.4758  data: 0.0000  max mem: 5077
Train: data epoch: [33] Total time: 0:00:19 (0.5209 s / it)
2026-08-21 14:34:07,928 [INFO] Qual: EPOCH[33] -> PLCC: 0.911837, SROCC: 0.875701, KROCC: 0.695402, LOSS: 0.166238
2026-08-21 14:34:07,928 [INFO] Align: EPOCH[33] -> PLCC: 0.820500, SROCC: 0.687289, KROCC: 0.507116, LOSS: 0.317398
2026-08-21 14:34:07,929 [INFO] Start training
2026-08-21 14:34:08,236 [INFO] Start training epoch 34, 37 iters per inner epoch.
2026-08-21 14:34:27,953 [INFO] Averaged stats: lr: 0.000024  loss: 0.039891
2026-08-21 14:34:28,027 [INFO] gates: {"epoch": 34, "corr_s9_mean": 0.17, "corr_s9_std": 0.0685, "corr_s12_mean": -0.0648, "corr_s12_std": 0.0616, "corr_s_global": 0.2607, "corr_f_max_mean": 0.0333}
2026-08-21 14:34:28,028 [INFO] Evaluating on val.
Train: data epoch: [34]  [ 0/37]  eta: 0:00:53  lr: 0.000024  loss: 0.0277  time: 1.4441  data: 0.0001  max mem: 5077
Train: data epoch: [34]  [20/37]  eta: 0:00:09  lr: 0.000024  loss: 0.0445  time: 0.5284  data: 0.0000  max mem: 5077
Train: data epoch: [34]  [36/37]  eta: 0:00:00  lr: 0.000024  loss: 0.0395  time: 0.4912  data: 0.0000  max mem: 5077
Train: data epoch: [34] Total time: 0:00:19 (0.5329 s / it)
2026-08-21 14:34:34,085 [INFO] Qual: EPOCH[34] -> PLCC: 0.911816, SROCC: 0.876269, KROCC: 0.696045, LOSS: 0.167706
2026-08-21 14:34:34,085 [INFO] Align: EPOCH[34] -> PLCC: 0.819934, SROCC: 0.686593, KROCC: 0.506146, LOSS: 0.319377
2026-08-21 14:34:34,086 [INFO] Start training
2026-08-21 14:34:34,429 [INFO] Start training epoch 35, 37 iters per inner epoch.
2026-08-21 14:34:54,401 [INFO] Averaged stats: lr: 0.000021  loss: 0.039878
2026-08-21 14:34:54,478 [INFO] gates: {"epoch": 35, "corr_s9_mean": 0.1628, "corr_s9_std": 0.0697, "corr_s12_mean": -0.0555, "corr_s12_std": 0.0639, "corr_s_global": 0.2625, "corr_f_max_mean": 0.0327}
2026-08-21 14:34:54,478 [INFO] Evaluating on val.
Train: data epoch: [35]  [ 0/37]  eta: 0:00:52  lr: 0.000021  loss: 0.0340  time: 1.4085  data: 0.0001  max mem: 5077
Train: data epoch: [35]  [20/37]  eta: 0:00:09  lr: 0.000021  loss: 0.0312  time: 0.5241  data: 0.0000  max mem: 5077
Train: data epoch: [35]  [36/37]  eta: 0:00:00  lr: 0.000021  loss: 0.0409  time: 0.4907  data: 0.0000  max mem: 5077
Train: data epoch: [35] Total time: 0:00:19 (0.5398 s / it)
2026-08-21 14:35:01,424 [INFO] Qual: EPOCH[35] -> PLCC: 0.911732, SROCC: 0.876673, KROCC: 0.696259, LOSS: 0.167424
2026-08-21 14:35:01,424 [INFO] Align: EPOCH[35] -> PLCC: 0.818593, SROCC: 0.686669, KROCC: 0.506090, LOSS: 0.323008
2026-08-21 14:35:01,441 [INFO] Saving checkpoint at epoch 35 to run/20260821141_B2_MSCM_s4/checkpoint_latest.pth.
2026-08-21 14:35:01,487 [INFO] Start training
2026-08-21 14:35:01,796 [INFO] Start training epoch 36, 37 iters per inner epoch.
2026-08-21 14:35:21,522 [INFO] Averaged stats: lr: 0.000019  loss: 0.039120
2026-08-21 14:35:21,672 [INFO] gates: {"epoch": 36, "corr_s9_mean": 0.1638, "corr_s9_std": 0.0705, "corr_s12_mean": -0.0736, "corr_s12_std": 0.0645, "corr_s_global": 0.2496, "corr_f_max_mean": 0.0339}
2026-08-21 14:35:21,672 [INFO] Evaluating on val.
Train: data epoch: [36]  [ 0/37]  eta: 0:00:51  lr: 0.000019  loss: 0.0323  time: 1.3830  data: 0.0001  max mem: 5077
Train: data epoch: [36]  [20/37]  eta: 0:00:09  lr: 0.000019  loss: 0.0421  time: 0.5271  data: 0.0000  max mem: 5077
Train: data epoch: [36]  [36/37]  eta: 0:00:00  lr: 0.000019  loss: 0.0384  time: 0.4796  data: 0.0000  max mem: 5077
Train: data epoch: [36] Total time: 0:00:19 (0.5331 s / it)
2026-08-21 14:35:29,053 [INFO] Qual: EPOCH[36] -> PLCC: 0.911622, SROCC: 0.876177, KROCC: 0.695695, LOSS: 0.169275
2026-08-21 14:35:29,053 [INFO] Align: EPOCH[36] -> PLCC: 0.821122, SROCC: 0.687966, KROCC: 0.507692, LOSS: 0.317888
2026-08-21 14:35:29,054 [INFO] Start training
2026-08-21 14:35:29,361 [INFO] Start training epoch 37, 37 iters per inner epoch.
2026-08-21 14:35:47,635 [INFO] Averaged stats: lr: 0.000017  loss: 0.038065
2026-08-21 14:35:47,850 [INFO] gates: {"epoch": 37, "corr_s9_mean": 0.1632, "corr_s9_std": 0.0678, "corr_s12_mean": -0.0706, "corr_s12_std": 0.0624, "corr_s_global": 0.2532, "corr_f_max_mean": 0.0329}
2026-08-21 14:35:47,851 [INFO] Evaluating on val.
Train: data epoch: [37]  [ 0/37]  eta: 0:00:38  lr: 0.000017  loss: 0.0522  time: 1.0342  data: 0.0001  max mem: 5077
Train: data epoch: [37]  [20/37]  eta: 0:00:09  lr: 0.000017  loss: 0.0440  time: 0.5151  data: 0.0000  max mem: 5077
Train: data epoch: [37]  [36/37]  eta: 0:00:00  lr: 0.000017  loss: 0.0390  time: 0.4245  data: 0.0000  max mem: 5077
Train: data epoch: [37] Total time: 0:00:18 (0.4939 s / it)
2026-08-21 14:35:55,482 [INFO] Qual: EPOCH[37] -> PLCC: 0.911671, SROCC: 0.876642, KROCC: 0.696383, LOSS: 0.167959
2026-08-21 14:35:55,482 [INFO] Align: EPOCH[37] -> PLCC: 0.818547, SROCC: 0.684413, KROCC: 0.504364, LOSS: 0.319856
2026-08-21 14:35:55,483 [INFO] Start training
2026-08-21 14:35:55,804 [INFO] Start training epoch 38, 37 iters per inner epoch.
2026-08-21 14:36:14,544 [INFO] Averaged stats: lr: 0.000014  loss: 0.038183
2026-08-21 14:36:14,670 [INFO] gates: {"epoch": 38, "corr_s9_mean": 0.1688, "corr_s9_std": 0.0679, "corr_s12_mean": -0.0548, "corr_s12_std": 0.0626, "corr_s_global": 0.2576, "corr_f_max_mean": 0.0326}
2026-08-21 14:36:14,670 [INFO] Evaluating on val.
Train: data epoch: [38]  [ 0/37]  eta: 0:00:48  lr: 0.000014  loss: 0.0429  time: 1.3084  data: 0.0001  max mem: 5077
Train: data epoch: [38]  [20/37]  eta: 0:00:09  lr: 0.000014  loss: 0.0449  time: 0.5231  data: 0.0000  max mem: 5077
Train: data epoch: [38]  [36/37]  eta: 0:00:00  lr: 0.000014  loss: 0.0408  time: 0.4329  data: 0.0000  max mem: 5077
Train: data epoch: [38] Total time: 0:00:18 (0.5064 s / it)
2026-08-21 14:36:23,732 [INFO] Qual: EPOCH[38] -> PLCC: 0.911605, SROCC: 0.876678, KROCC: 0.696406, LOSS: 0.168110
2026-08-21 14:36:23,732 [INFO] Align: EPOCH[38] -> PLCC: 0.820019, SROCC: 0.686166, KROCC: 0.506191, LOSS: 0.319339
2026-08-21 14:36:23,733 [INFO] Start training
2026-08-21 14:36:24,005 [INFO] Start training epoch 39, 37 iters per inner epoch.
2026-08-21 14:36:43,633 [INFO] Averaged stats: lr: 0.000012  loss: 0.037784
2026-08-21 14:36:43,767 [INFO] gates: {"epoch": 39, "corr_s9_mean": 0.1661, "corr_s9_std": 0.0695, "corr_s12_mean": -0.0528, "corr_s12_std": 0.0632, "corr_s_global": 0.2583, "corr_f_max_mean": 0.0328}
2026-08-21 14:36:43,767 [INFO] Evaluating on val.
Train: data epoch: [39]  [ 0/37]  eta: 0:00:47  lr: 0.000012  loss: 0.0417  time: 1.2895  data: 0.0001  max mem: 5077
Train: data epoch: [39]  [20/37]  eta: 0:00:09  lr: 0.000012  loss: 0.0387  time: 0.5226  data: 0.0000  max mem: 5077
Train: data epoch: [39]  [36/37]  eta: 0:00:00  lr: 0.000012  loss: 0.0397  time: 0.4792  data: 0.0000  max mem: 5077
Train: data epoch: [39] Total time: 0:00:19 (0.5305 s / it)
2026-08-21 14:36:51,433 [INFO] Qual: EPOCH[39] -> PLCC: 0.911566, SROCC: 0.876526, KROCC: 0.696203, LOSS: 0.167366
2026-08-21 14:36:51,433 [INFO] Align: EPOCH[39] -> PLCC: 0.819081, SROCC: 0.685875, KROCC: 0.506033, LOSS: 0.319893
2026-08-21 14:36:51,434 [INFO] Start training
2026-08-21 14:36:51,714 [INFO] Start training epoch 40, 37 iters per inner epoch.
2026-08-21 14:37:11,472 [INFO] Averaged stats: lr: 0.000010  loss: 0.037207
2026-08-21 14:37:11,665 [INFO] gates: {"epoch": 40, "corr_s9_mean": 0.1657, "corr_s9_std": 0.0666, "corr_s12_mean": -0.0654, "corr_s12_std": 0.0639, "corr_s_global": 0.2629, "corr_f_max_mean": 0.0333}
2026-08-21 14:37:11,665 [INFO] Evaluating on val.
Train: data epoch: [40]  [ 0/37]  eta: 0:00:45  lr: 0.000010  loss: 0.0351  time: 1.2211  data: 0.0001  max mem: 5077
Train: data epoch: [40]  [20/37]  eta: 0:00:09  lr: 0.000010  loss: 0.0319  time: 0.5340  data: 0.0000  max mem: 5077
Train: data epoch: [40]  [36/37]  eta: 0:00:00  lr: 0.000010  loss: 0.0422  time: 0.5052  data: 0.0000  max mem: 5077
Train: data epoch: [40] Total time: 0:00:19 (0.5340 s / it)
2026-08-21 14:37:19,032 [INFO] Qual: EPOCH[40] -> PLCC: 0.911497, SROCC: 0.876252, KROCC: 0.696022, LOSS: 0.167669
2026-08-21 14:37:19,032 [INFO] Align: EPOCH[40] -> PLCC: 0.818326, SROCC: 0.684681, KROCC: 0.504600, LOSS: 0.321256
2026-08-21 14:37:19,049 [INFO] Saving checkpoint at epoch 40 to run/20260821141_B2_MSCM_s4/checkpoint_latest.pth.
2026-08-21 14:37:19,094 [INFO] Start training
2026-08-21 14:37:19,410 [INFO] Start training epoch 41, 37 iters per inner epoch.
2026-08-21 14:37:38,714 [INFO] Averaged stats: lr: 0.000009  loss: 0.036973
2026-08-21 14:37:38,795 [INFO] gates: {"epoch": 41, "corr_s9_mean": 0.1631, "corr_s9_std": 0.0672, "corr_s12_mean": -0.0504, "corr_s12_std": 0.0619, "corr_s_global": 0.259, "corr_f_max_mean": 0.0324}
2026-08-21 14:37:38,796 [INFO] Evaluating on val.
Train: data epoch: [41]  [ 0/37]  eta: 0:00:42  lr: 0.000009  loss: 0.0380  time: 1.1537  data: 0.0001  max mem: 5077
Train: data epoch: [41]  [20/37]  eta: 0:00:09  lr: 0.000009  loss: 0.0426  time: 0.5276  data: 0.0000  max mem: 5077
Train: data epoch: [41]  [36/37]  eta: 0:00:00  lr: 0.000009  loss: 0.0399  time: 0.4831  data: 0.0000  max mem: 5077
Train: data epoch: [41] Total time: 0:00:19 (0.5217 s / it)
2026-08-21 14:37:46,246 [INFO] Qual: EPOCH[41] -> PLCC: 0.911461, SROCC: 0.876347, KROCC: 0.696135, LOSS: 0.168184
2026-08-21 14:37:46,247 [INFO] Align: EPOCH[41] -> PLCC: 0.818081, SROCC: 0.683842, KROCC: 0.503754, LOSS: 0.321573
2026-08-21 14:37:46,248 [INFO] Start training
2026-08-21 14:37:46,528 [INFO] Start training epoch 42, 37 iters per inner epoch.
2026-08-21 14:38:06,330 [INFO] Averaged stats: lr: 0.000007  loss: 0.036683
2026-08-21 14:38:06,410 [INFO] gates: {"epoch": 42, "corr_s9_mean": 0.161, "corr_s9_std": 0.0667, "corr_s12_mean": -0.0805, "corr_s12_std": 0.0631, "corr_s_global": 0.2546, "corr_f_max_mean": 0.0339}
2026-08-21 14:38:06,411 [INFO] Evaluating on val.
Train: data epoch: [42]  [ 0/37]  eta: 0:00:41  lr: 0.000007  loss: 0.0473  time: 1.1083  data: 0.0001  max mem: 5077
Train: data epoch: [42]  [20/37]  eta: 0:00:09  lr: 0.000007  loss: 0.0397  time: 0.5116  data: 0.0000  max mem: 5077
Train: data epoch: [42]  [36/37]  eta: 0:00:00  lr: 0.000007  loss: 0.0374  time: 0.5314  data: 0.0000  max mem: 5077
Train: data epoch: [42] Total time: 0:00:19 (0.5352 s / it)
2026-08-21 14:38:12,601 [INFO] Qual: EPOCH[42] -> PLCC: 0.911450, SROCC: 0.876374, KROCC: 0.696225, LOSS: 0.167923
2026-08-21 14:38:12,601 [INFO] Align: EPOCH[42] -> PLCC: 0.819331, SROCC: 0.685772, KROCC: 0.505672, LOSS: 0.319518
2026-08-21 14:38:12,602 [INFO] Start training
2026-08-21 14:38:12,910 [INFO] Start training epoch 43, 37 iters per inner epoch.
2026-08-21 14:38:32,736 [INFO] Averaged stats: lr: 0.000006  loss: 0.036161
2026-08-21 14:38:32,814 [INFO] gates: {"epoch": 43, "corr_s9_mean": 0.1558, "corr_s9_std": 0.0678, "corr_s12_mean": -0.0719, "corr_s12_std": 0.0637, "corr_s_global": 0.2581, "corr_f_max_mean": 0.0332}
2026-08-21 14:38:32,814 [INFO] Evaluating on val.
Train: data epoch: [43]  [ 0/37]  eta: 0:00:37  lr: 0.000006  loss: 0.0366  time: 1.0252  data: 0.0001  max mem: 5077
Train: data epoch: [43]  [20/37]  eta: 0:00:09  lr: 0.000006  loss: 0.0497  time: 0.5216  data: 0.0000  max mem: 5077
Train: data epoch: [43]  [36/37]  eta: 0:00:00  lr: 0.000006  loss: 0.0430  time: 0.5271  data: 0.0000  max mem: 5077
Train: data epoch: [43] Total time: 0:00:19 (0.5358 s / it)
2026-08-21 14:38:38,979 [INFO] Qual: EPOCH[43] -> PLCC: 0.911397, SROCC: 0.876481, KROCC: 0.696236, LOSS: 0.168244
2026-08-21 14:38:38,980 [INFO] Align: EPOCH[43] -> PLCC: 0.819115, SROCC: 0.686092, KROCC: 0.505875, LOSS: 0.319906
2026-08-21 14:38:38,981 [INFO] Start training
2026-08-21 14:38:39,295 [INFO] Start training epoch 44, 37 iters per inner epoch.
2026-08-21 14:38:58,968 [INFO] Averaged stats: lr: 0.000004  loss: 0.036165
2026-08-21 14:38:59,066 [INFO] gates: {"epoch": 44, "corr_s9_mean": 0.1579, "corr_s9_std": 0.0678, "corr_s12_mean": -0.0718, "corr_s12_std": 0.0635, "corr_s_global": 0.2594, "corr_f_max_mean": 0.0334}
2026-08-21 14:38:59,066 [INFO] Evaluating on val.
Train: data epoch: [44]  [ 0/37]  eta: 0:00:42  lr: 0.000004  loss: 0.0434  time: 1.1433  data: 0.0001  max mem: 5077
Train: data epoch: [44]  [20/37]  eta: 0:00:09  lr: 0.000004  loss: 0.0292  time: 0.5067  data: 0.0000  max mem: 5077
Train: data epoch: [44]  [36/37]  eta: 0:00:00  lr: 0.000004  loss: 0.0338  time: 0.5298  data: 0.0000  max mem: 5077
Train: data epoch: [44] Total time: 0:00:19 (0.5317 s / it)
2026-08-21 14:39:05,275 [INFO] Qual: EPOCH[44] -> PLCC: 0.911353, SROCC: 0.876353, KROCC: 0.696191, LOSS: 0.168247
2026-08-21 14:39:05,275 [INFO] Align: EPOCH[44] -> PLCC: 0.819461, SROCC: 0.686718, KROCC: 0.506665, LOSS: 0.319767
2026-08-21 14:39:05,276 [INFO] Start training
2026-08-21 14:39:05,604 [INFO] Start training epoch 45, 37 iters per inner epoch.
2026-08-21 14:39:25,590 [INFO] Averaged stats: lr: 0.000003  loss: 0.035370
2026-08-21 14:39:25,664 [INFO] gates: {"epoch": 45, "corr_s9_mean": 0.1666, "corr_s9_std": 0.0674, "corr_s12_mean": -0.0633, "corr_s12_std": 0.0611, "corr_s_global": 0.268, "corr_f_max_mean": 0.0325}
2026-08-21 14:39:25,665 [INFO] Evaluating on val.
Train: data epoch: [45]  [ 0/37]  eta: 0:00:41  lr: 0.000003  loss: 0.0355  time: 1.1351  data: 0.0001  max mem: 5077
Train: data epoch: [45]  [20/37]  eta: 0:00:09  lr: 0.000003  loss: 0.0310  time: 0.5241  data: 0.0000  max mem: 5077
Train: data epoch: [45]  [36/37]  eta: 0:00:00  lr: 0.000003  loss: 0.0348  time: 0.5303  data: 0.0000  max mem: 5077
Train: data epoch: [45] Total time: 0:00:19 (0.5401 s / it)
2026-08-21 14:39:31,961 [INFO] Qual: EPOCH[45] -> PLCC: 0.911325, SROCC: 0.876312, KROCC: 0.696169, LOSS: 0.168346
2026-08-21 14:39:31,961 [INFO] Align: EPOCH[45] -> PLCC: 0.819315, SROCC: 0.686528, KROCC: 0.506485, LOSS: 0.319655
2026-08-21 14:39:31,977 [INFO] Saving checkpoint at epoch 45 to run/20260821141_B2_MSCM_s4/checkpoint_latest.pth.
2026-08-21 14:39:32,023 [INFO] Start training
2026-08-21 14:39:32,329 [INFO] Start training epoch 46, 37 iters per inner epoch.
2026-08-21 14:39:52,665 [INFO] Averaged stats: lr: 0.000003  loss: 0.035116
2026-08-21 14:39:52,748 [INFO] gates: {"epoch": 46, "corr_s9_mean": 0.1628, "corr_s9_std": 0.0676, "corr_s12_mean": -0.0547, "corr_s12_std": 0.0614, "corr_s_global": 0.2612, "corr_f_max_mean": 0.0322}
2026-08-21 14:39:52,748 [INFO] Evaluating on val.
Train: data epoch: [46]  [ 0/37]  eta: 0:00:55  lr: 0.000003  loss: 0.0364  time: 1.5064  data: 0.0001  max mem: 5077
Train: data epoch: [46]  [20/37]  eta: 0:00:09  lr: 0.000003  loss: 0.0368  time: 0.5240  data: 0.0000  max mem: 5077
Train: data epoch: [46]  [36/37]  eta: 0:00:00  lr: 0.000003  loss: 0.0349  time: 0.5257  data: 0.0000  max mem: 5077
Train: data epoch: [46] Total time: 0:00:20 (0.5496 s / it)
2026-08-21 14:39:59,033 [INFO] Qual: EPOCH[46] -> PLCC: 0.911337, SROCC: 0.876385, KROCC: 0.696338, LOSS: 0.168388
2026-08-21 14:39:59,033 [INFO] Align: EPOCH[46] -> PLCC: 0.819592, SROCC: 0.687134, KROCC: 0.507116, LOSS: 0.319265
2026-08-21 14:39:59,034 [INFO] Start training
2026-08-21 14:39:59,366 [INFO] Start training epoch 47, 37 iters per inner epoch.
2026-08-21 14:40:19,900 [INFO] Averaged stats: lr: 0.000002  loss: 0.035039
2026-08-21 14:40:19,989 [INFO] gates: {"epoch": 47, "corr_s9_mean": 0.1681, "corr_s9_std": 0.0684, "corr_s12_mean": -0.0772, "corr_s12_std": 0.0604, "corr_s_global": 0.2615, "corr_f_max_mean": 0.0334}
2026-08-21 14:40:19,989 [INFO] Evaluating on val.
Train: data epoch: [47]  [ 0/37]  eta: 0:01:01  lr: 0.000002  loss: 0.0342  time: 1.6696  data: 0.0001  max mem: 5077
Train: data epoch: [47]  [20/37]  eta: 0:00:09  lr: 0.000002  loss: 0.0335  time: 0.5238  data: 0.0000  max mem: 5077
Train: data epoch: [47]  [36/37]  eta: 0:00:00  lr: 0.000002  loss: 0.0383  time: 0.5286  data: 0.0000  max mem: 5077
Train: data epoch: [47] Total time: 0:00:20 (0.5550 s / it)
2026-08-21 14:40:26,219 [INFO] Qual: EPOCH[47] -> PLCC: 0.911287, SROCC: 0.876426, KROCC: 0.696293, LOSS: 0.168784
2026-08-21 14:40:26,219 [INFO] Align: EPOCH[47] -> PLCC: 0.819251, SROCC: 0.686800, KROCC: 0.506575, LOSS: 0.319240
2026-08-21 14:40:26,220 [INFO] Start training
2026-08-21 14:40:26,532 [INFO] Start training epoch 48, 37 iters per inner epoch.
2026-08-21 14:40:42,516 [INFO] Averaged stats: lr: 0.000001  loss: 0.035442
2026-08-21 14:40:42,608 [INFO] gates: {"epoch": 48, "corr_s9_mean": 0.1585, "corr_s9_std": 0.0673, "corr_s12_mean": -0.0534, "corr_s12_std": 0.0634, "corr_s_global": 0.2618, "corr_f_max_mean": 0.0323}
2026-08-21 14:40:42,609 [INFO] Evaluating on val.
Train: data epoch: [48]  [ 0/37]  eta: 0:01:15  lr: 0.000001  loss: 0.0333  time: 2.0467  data: 0.0001  max mem: 5077
Train: data epoch: [48]  [20/37]  eta: 0:00:08  lr: 0.000001  loss: 0.0321  time: 0.4521  data: 0.0000  max mem: 5077
Train: data epoch: [48]  [36/37]  eta: 0:00:00  lr: 0.000001  loss: 0.0346  time: 0.3184  data: 0.0000  max mem: 5077
Train: data epoch: [48] Total time: 0:00:15 (0.4320 s / it)
2026-08-21 14:40:46,584 [INFO] Qual: EPOCH[48] -> PLCC: 0.911289, SROCC: 0.876471, KROCC: 0.696338, LOSS: 0.168697
2026-08-21 14:40:46,585 [INFO] Align: EPOCH[48] -> PLCC: 0.819186, SROCC: 0.686828, KROCC: 0.506609, LOSS: 0.319750
2026-08-21 14:40:46,586 [INFO] Start training
2026-08-21 14:40:46,918 [INFO] Start training epoch 49, 37 iters per inner epoch.
2026-08-21 14:41:00,308 [INFO] Averaged stats: lr: 0.000001  loss: 0.035360
2026-08-21 14:41:00,407 [INFO] gates: {"epoch": 49, "corr_s9_mean": 0.165, "corr_s9_std": 0.0687, "corr_s12_mean": -0.0672, "corr_s12_std": 0.0619, "corr_s_global": 0.2626, "corr_f_max_mean": 0.0329}
2026-08-21 14:41:00,407 [INFO] Evaluating on val.
Train: data epoch: [49]  [ 0/37]  eta: 0:00:41  lr: 0.000001  loss: 0.0318  time: 1.1179  data: 0.0001  max mem: 5077
Train: data epoch: [49]  [20/37]  eta: 0:00:06  lr: 0.000001  loss: 0.0388  time: 0.3628  data: 0.0000  max mem: 5077
Train: data epoch: [49]  [36/37]  eta: 0:00:00  lr: 0.000001  loss: 0.0496  time: 0.3213  data: 0.0000  max mem: 5077
Train: data epoch: [49] Total time: 0:00:13 (0.3619 s / it)
2026-08-21 14:41:04,295 [INFO] Qual: EPOCH[49] -> PLCC: 0.911291, SROCC: 0.876494, KROCC: 0.696349, LOSS: 0.168577
2026-08-21 14:41:04,296 [INFO] Align: EPOCH[49] -> PLCC: 0.819185, SROCC: 0.686780, KROCC: 0.506507, LOSS: 0.319674
2026-08-21 14:41:04,313 [INFO] Saving checkpoint at epoch 49 to run/20260821141_B2_MSCM_s4/checkpoint_latest.pth.
[{'agg_metrics': np.float64(4.569989472903329), 'qual_agg': np.float64(2.40824143691762), 'qual_PLCC': np.float64(0.8949139047421472), 'qual_SROCC': np.float64(0.8495982520900013), 'qual_KROCC': np.float64(0.6637292800854716), 'align_agg': np.float64(2.1617480359857084), 'align_PLCC': np.float64(0.8596895097106204), 'align_SROCC': np.float64(0.743414669953451), 'align_KROCC': np.float64(0.5586438563216372)}]
{'agg_metrics': np.float64(4.569989472903329), 'qual_agg': np.float64(2.40824143691762), 'qual_PLCC': np.float64(0.8949139047421472), 'qual_SROCC': np.float64(0.8495982520900013), 'qual_KROCC': np.float64(0.6637292800854716), 'align_agg': np.float64(2.1617480359857084), 'align_PLCC': np.float64(0.8596895097106204), 'align_SROCC': np.float64(0.743414669953451), 'align_KROCC': np.float64(0.5586438563216372)}
