2026-08-21 19:39:18,894 [INFO] Loaded init weights from init_ckpt/v15_init_seed42.pth
2026-08-21 19:39:18,894 [INFO] Start training
2026-08-21 19:39:18,912 [INFO] number of trainable parameters: 2226951
Not using distributed mode
['msqr_dgmpq_hcmi_v8', 'msqr_dgmpq_mscm_v10', 'msqr_dgmpq_mscm_v11', 'msqr_dgmpq_mscm_v12', 'msqr_dgmpq_msrc_v14', 'msqr_dgmpq_ptlc_v15', 'msqr_dgmpq_tcap_v9']
2026-08-21 19:39:20,228 [INFO] Start training epoch 0, 37 iters per inner epoch.
2026-08-21 19:39:37,431 [INFO] Averaged stats: lr: 0.000036  loss: 6.706773
2026-08-21 19:39:37,497 [INFO] gates: {"epoch": 0, "raw_align_ratio": 16.2514, "align_ratio": 0.1708, "lambda_a": 0.0106, "ptlc_coverage": 0.1458, "ptlc_weak_coverage": 0.1075, "ptlc_consistency": 0.9292, "ptlc_global_cos": 0.2999, "ptlc_token_w_entropy": 2.4297, "ptlc_token_w_max": 0.0981}
2026-08-21 19:39:37,498 [INFO] Evaluating on val.
Train: data epoch: [0]  [ 0/37]  eta: 0:02:06  lr: 0.000000  loss: 7.3491  time: 3.4251  data: 0.0001  max mem: 5050
Train: data epoch: [0]  [20/37]  eta: 0:00:09  lr: 0.000040  loss: 6.2593  time: 0.4245  data: 0.0000  max mem: 5063
Train: data epoch: [0]  [36/37]  eta: 0:00:00  lr: 0.000072  loss: 6.1920  time: 0.3536  data: 0.0000  max mem: 5063
Train: data epoch: [0] Total time: 0:00:17 (0.4649 s / it)
2026-08-21 19:39:41,998 [INFO] Qual: EPOCH[0] -> PLCC: -0.129156, SROCC: -0.103444, KROCC: -0.069009, LOSS: 5.738541
2026-08-21 19:39:41,998 [INFO] Align: EPOCH[0] -> PLCC: -0.081296, SROCC: -0.052652, KROCC: -0.036251, LOSS: 5.221278
2026-08-21 19:39:42,014 [INFO] Saving checkpoint at epoch 0 to run/20260821193_B2_PTLC_V15_s4/checkpoint_best.pth.
2026-08-21 19:39:42,078 [INFO] Saving checkpoint at epoch 0 to run/20260821193_B2_PTLC_V15_s4/checkpoint_best_joint.pth.
2026-08-21 19:39:42,124 [INFO] Start training
2026-08-21 19:39:42,485 [INFO] Start training epoch 1, 37 iters per inner epoch.
2026-08-21 19:39:56,053 [INFO] Averaged stats: lr: 0.000100  loss: 2.640930
2026-08-21 19:39:56,134 [INFO] gates: {"epoch": 1, "raw_align_ratio": 3.0425, "align_ratio": 0.0448, "lambda_a": 0.0147, "ptlc_coverage": 0.1399, "ptlc_weak_coverage": 0.1036, "ptlc_consistency": 0.9342, "ptlc_global_cos": 0.2652, "ptlc_token_w_entropy": 2.4129, "ptlc_token_w_max": 0.1005}
2026-08-21 19:39:56,134 [INFO] Evaluating on val.
Train: data epoch: [1]  [ 0/37]  eta: 0:00:45  lr: 0.000100  loss: 5.5932  time: 1.2267  data: 0.0001  max mem: 5063
Train: data epoch: [1]  [20/37]  eta: 0:00:07  lr: 0.000100  loss: 1.8265  time: 0.3745  data: 0.0000  max mem: 5063
Train: data epoch: [1]  [36/37]  eta: 0:00:00  lr: 0.000100  loss: 1.0711  time: 0.3058  data: 0.0000  max mem: 5063
Train: data epoch: [1] Total time: 0:00:13 (0.3667 s / it)
2026-08-21 19:40:02,036 [INFO] Qual: EPOCH[1] -> PLCC: 0.375243, SROCC: 0.375933, KROCC: 0.257338, LOSS: 0.984245
2026-08-21 19:40:02,037 [INFO] Align: EPOCH[1] -> PLCC: 0.399121, SROCC: 0.398595, KROCC: 0.277460, LOSS: 0.848695
2026-08-21 19:40:02,052 [INFO] Saving checkpoint at epoch 1 to run/20260821193_B2_PTLC_V15_s4/checkpoint_best.pth.
2026-08-21 19:40:02,122 [INFO] Saving checkpoint at epoch 1 to run/20260821193_B2_PTLC_V15_s4/checkpoint_best_joint.pth.
2026-08-21 19:40:02,173 [INFO] Start training
2026-08-21 19:40:02,527 [INFO] Start training epoch 2, 37 iters per inner epoch.
2026-08-21 19:40:16,196 [INFO] Averaged stats: lr: 0.000100  loss: 0.699671
2026-08-21 19:40:16,284 [INFO] gates: {"epoch": 2, "raw_align_ratio": 3.3938, "align_ratio": 0.0493, "lambda_a": 0.0145, "ptlc_coverage": 0.1465, "ptlc_weak_coverage": 0.1102, "ptlc_consistency": 0.929, "ptlc_global_cos": 0.2765, "ptlc_token_w_entropy": 2.3737, "ptlc_token_w_max": 0.1078}
2026-08-21 19:40:16,284 [INFO] Evaluating on val.
Train: data epoch: [2]  [ 0/37]  eta: 0:00:48  lr: 0.000100  loss: 1.0436  time: 1.3035  data: 0.0001  max mem: 5063
Train: data epoch: [2]  [20/37]  eta: 0:00:06  lr: 0.000100  loss: 0.7010  time: 0.3062  data: 0.0000  max mem: 5063
Train: data epoch: [2]  [36/37]  eta: 0:00:00  lr: 0.000100  loss: 0.3741  time: 0.3491  data: 0.0000  max mem: 5063
Train: data epoch: [2] Total time: 0:00:13 (0.3694 s / it)
2026-08-21 19:40:21,392 [INFO] Qual: EPOCH[2] -> PLCC: 0.762442, SROCC: 0.716640, KROCC: 0.526344, LOSS: 0.457744
2026-08-21 19:40:21,392 [INFO] Align: EPOCH[2] -> PLCC: 0.698975, SROCC: 0.626093, KROCC: 0.451279, LOSS: 0.503543
2026-08-21 19:40:21,407 [INFO] Saving checkpoint at epoch 2 to run/20260821193_B2_PTLC_V15_s4/checkpoint_best.pth.
2026-08-21 19:40:21,470 [INFO] Saving checkpoint at epoch 2 to run/20260821193_B2_PTLC_V15_s4/checkpoint_best_joint.pth.
2026-08-21 19:40:21,512 [INFO] Start training
2026-08-21 19:40:21,844 [INFO] Start training epoch 3, 37 iters per inner epoch.
2026-08-21 19:40:36,945 [INFO] Averaged stats: lr: 0.000099  loss: 0.378646
2026-08-21 19:40:37,036 [INFO] gates: {"epoch": 3, "raw_align_ratio": 3.177, "align_ratio": 0.045, "lambda_a": 0.0141, "ptlc_coverage": 0.142, "ptlc_weak_coverage": 0.1064, "ptlc_consistency": 0.929, "ptlc_global_cos": 0.2609, "ptlc_token_w_entropy": 2.3526, "ptlc_token_w_max": 0.1106}
2026-08-21 19:40:37,036 [INFO] Evaluating on val.
Train: data epoch: [3]  [ 0/37]  eta: 0:00:40  lr: 0.000099  loss: 0.4764  time: 1.0901  data: 0.0001  max mem: 5063
Train: data epoch: [3]  [20/37]  eta: 0:00:06  lr: 0.000099  loss: 0.2841  time: 0.3530  data: 0.0000  max mem: 5063
Train: data epoch: [3]  [36/37]  eta: 0:00:00  lr: 0.000099  loss: 0.2527  time: 0.4356  data: 0.0000  max mem: 5063
Train: data epoch: [3] Total time: 0:00:15 (0.4081 s / it)
2026-08-21 19:40:41,962 [INFO] Qual: EPOCH[3] -> PLCC: 0.850931, SROCC: 0.792902, KROCC: 0.601344, LOSS: 0.273205
2026-08-21 19:40:41,963 [INFO] Align: EPOCH[3] -> PLCC: 0.781280, SROCC: 0.677460, KROCC: 0.493713, LOSS: 0.372476
2026-08-21 19:40:41,981 [INFO] Saving checkpoint at epoch 3 to run/20260821193_B2_PTLC_V15_s4/checkpoint_best.pth.
2026-08-21 19:40:42,073 [INFO] Saving checkpoint at epoch 3 to run/20260821193_B2_PTLC_V15_s4/checkpoint_best_joint.pth.
2026-08-21 19:40:42,146 [INFO] Start training
2026-08-21 19:40:42,552 [INFO] Start training epoch 4, 37 iters per inner epoch.
2026-08-21 19:40:57,611 [INFO] Averaged stats: lr: 0.000098  loss: 0.268302
2026-08-21 19:40:57,747 [INFO] gates: {"epoch": 4, "raw_align_ratio": 3.2615, "align_ratio": 0.0456, "lambda_a": 0.014, "ptlc_coverage": 0.1509, "ptlc_weak_coverage": 0.1154, "ptlc_consistency": 0.9246, "ptlc_global_cos": 0.2531, "ptlc_token_w_entropy": 2.3963, "ptlc_token_w_max": 0.1033}
2026-08-21 19:40:57,748 [INFO] Evaluating on val.
Train: data epoch: [4]  [ 0/37]  eta: 0:00:57  lr: 0.000098  loss: 0.2875  time: 1.5428  data: 0.0001  max mem: 5063
Train: data epoch: [4]  [20/37]  eta: 0:00:08  lr: 0.000098  loss: 0.3080  time: 0.4271  data: 0.0000  max mem: 5063
Train: data epoch: [4]  [36/37]  eta: 0:00:00  lr: 0.000098  loss: 0.2802  time: 0.3293  data: 0.0000  max mem: 5063
Train: data epoch: [4] Total time: 0:00:15 (0.4070 s / it)
2026-08-21 19:41:03,891 [INFO] Qual: EPOCH[4] -> PLCC: 0.879611, SROCC: 0.828512, KROCC: 0.640350, LOSS: 0.219709
2026-08-21 19:41:03,891 [INFO] Align: EPOCH[4] -> PLCC: 0.817255, SROCC: 0.701965, KROCC: 0.517756, LOSS: 0.318202
2026-08-21 19:41:03,904 [INFO] Saving checkpoint at epoch 4 to run/20260821193_B2_PTLC_V15_s4/checkpoint_best.pth.
2026-08-21 19:41:03,958 [INFO] Saving checkpoint at epoch 4 to run/20260821193_B2_PTLC_V15_s4/checkpoint_best_joint.pth.
2026-08-21 19:41:04,000 [INFO] Start training
2026-08-21 19:41:04,320 [INFO] Start training epoch 5, 37 iters per inner epoch.
2026-08-21 19:41:17,824 [INFO] Averaged stats: lr: 0.000098  loss: 0.237811
2026-08-21 19:41:17,915 [INFO] gates: {"epoch": 5, "raw_align_ratio": 3.7883, "align_ratio": 0.0527, "lambda_a": 0.0139, "ptlc_coverage": 0.1536, "ptlc_weak_coverage": 0.1162, "ptlc_consistency": 0.9207, "ptlc_global_cos": 0.2588, "ptlc_token_w_entropy": 2.4359, "ptlc_token_w_max": 0.1001}
2026-08-21 19:41:17,916 [INFO] Evaluating on val.
Train: data epoch: [5]  [ 0/37]  eta: 0:00:37  lr: 0.000098  loss: 0.2401  time: 1.0188  data: 0.0001  max mem: 5063
Train: data epoch: [5]  [20/37]  eta: 0:00:06  lr: 0.000098  loss: 0.2417  time: 0.3745  data: 0.0000  max mem: 5063
Train: data epoch: [5]  [36/37]  eta: 0:00:00  lr: 0.000098  loss: 0.2535  time: 0.3291  data: 0.0000  max mem: 5063
Train: data epoch: [5] Total time: 0:00:13 (0.3650 s / it)
2026-08-21 19:41:23,871 [INFO] Qual: EPOCH[5] -> PLCC: 0.890088, SROCC: 0.843395, KROCC: 0.656756, LOSS: 0.204155
2026-08-21 19:41:23,871 [INFO] Align: EPOCH[5] -> PLCC: 0.830083, SROCC: 0.713158, KROCC: 0.528305, LOSS: 0.304864
2026-08-21 19:41:23,884 [INFO] Saving checkpoint at epoch 5 to run/20260821193_B2_PTLC_V15_s4/checkpoint_best.pth.
2026-08-21 19:41:23,944 [INFO] Saving checkpoint at epoch 5 to run/20260821193_B2_PTLC_V15_s4/checkpoint_best_joint.pth.
2026-08-21 19:41:23,985 [INFO] Start training
2026-08-21 19:41:24,305 [INFO] Start training epoch 6, 37 iters per inner epoch.
2026-08-21 19:41:39,298 [INFO] Averaged stats: lr: 0.000097  loss: 0.221967
2026-08-21 19:41:39,399 [INFO] gates: {"epoch": 6, "raw_align_ratio": 3.4288, "align_ratio": 0.0479, "lambda_a": 0.014, "ptlc_coverage": 0.1391, "ptlc_weak_coverage": 0.1033, "ptlc_consistency": 0.929, "ptlc_global_cos": 0.2502, "ptlc_token_w_entropy": 2.3799, "ptlc_token_w_max": 0.1056}
2026-08-21 19:41:39,399 [INFO] Evaluating on val.
Train: data epoch: [6]  [ 0/37]  eta: 0:00:45  lr: 0.000097  loss: 0.2688  time: 1.2225  data: 0.0001  max mem: 5063
Train: data epoch: [6]  [20/37]  eta: 0:00:06  lr: 0.000097  loss: 0.2274  time: 0.3418  data: 0.0000  max mem: 5063
Train: data epoch: [6]  [36/37]  eta: 0:00:00  lr: 0.000097  loss: 0.2374  time: 0.4386  data: 0.0000  max mem: 5063
Train: data epoch: [6] Total time: 0:00:14 (0.4052 s / it)
2026-08-21 19:41:43,845 [INFO] Qual: EPOCH[6] -> PLCC: 0.895285, SROCC: 0.851562, KROCC: 0.665975, LOSS: 0.193893
2026-08-21 19:41:43,845 [INFO] Align: EPOCH[6] -> PLCC: 0.836138, SROCC: 0.718135, KROCC: 0.533066, LOSS: 0.283576
2026-08-21 19:41:43,860 [INFO] Saving checkpoint at epoch 6 to run/20260821193_B2_PTLC_V15_s4/checkpoint_best.pth.
2026-08-21 19:41:43,915 [INFO] Saving checkpoint at epoch 6 to run/20260821193_B2_PTLC_V15_s4/checkpoint_best_joint.pth.
2026-08-21 19:41:43,955 [INFO] Start training
2026-08-21 19:41:44,277 [INFO] Start training epoch 7, 37 iters per inner epoch.
2026-08-21 19:41:58,299 [INFO] Averaged stats: lr: 0.000095  loss: 0.206290
2026-08-21 19:41:58,397 [INFO] gates: {"epoch": 7, "raw_align_ratio": 3.3176, "align_ratio": 0.0466, "lambda_a": 0.014, "ptlc_coverage": 0.1433, "ptlc_weak_coverage": 0.1042, "ptlc_consistency": 0.9217, "ptlc_global_cos": 0.2539, "ptlc_token_w_entropy": 2.4413, "ptlc_token_w_max": 0.1006}
2026-08-21 19:41:58,397 [INFO] Evaluating on val.
Train: data epoch: [7]  [ 0/37]  eta: 0:00:31  lr: 0.000095  loss: 0.2326  time: 0.8484  data: 0.0001  max mem: 5063
Train: data epoch: [7]  [20/37]  eta: 0:00:06  lr: 0.000095  loss: 0.2009  time: 0.3509  data: 0.0000  max mem: 5063
Train: data epoch: [7]  [36/37]  eta: 0:00:00  lr: 0.000095  loss: 0.2123  time: 0.3957  data: 0.0000  max mem: 5063
Train: data epoch: [7] Total time: 0:00:14 (0.3789 s / it)
2026-08-21 19:42:02,740 [INFO] Qual: EPOCH[7] -> PLCC: 0.899343, SROCC: 0.856416, KROCC: 0.671436, LOSS: 0.186906
2026-08-21 19:42:02,741 [INFO] Align: EPOCH[7] -> PLCC: 0.840499, SROCC: 0.722612, KROCC: 0.537884, LOSS: 0.275634
2026-08-21 19:42:02,757 [INFO] Saving checkpoint at epoch 7 to run/20260821193_B2_PTLC_V15_s4/checkpoint_best.pth.
2026-08-21 19:42:02,835 [INFO] Saving checkpoint at epoch 7 to run/20260821193_B2_PTLC_V15_s4/checkpoint_best_joint.pth.
2026-08-21 19:42:02,888 [INFO] Start training
2026-08-21 19:42:03,273 [INFO] Start training epoch 8, 37 iters per inner epoch.
2026-08-21 19:42:17,919 [INFO] Averaged stats: lr: 0.000094  loss: 0.195606
2026-08-21 19:42:18,083 [INFO] gates: {"epoch": 8, "raw_align_ratio": 3.3871, "align_ratio": 0.0476, "lambda_a": 0.014, "ptlc_coverage": 0.1512, "ptlc_weak_coverage": 0.1149, "ptlc_consistency": 0.9224, "ptlc_global_cos": 0.2566, "ptlc_token_w_entropy": 2.4341, "ptlc_token_w_max": 0.1013}
2026-08-21 19:42:18,084 [INFO] Evaluating on val.
Train: data epoch: [8]  [ 0/37]  eta: 0:00:44  lr: 0.000094  loss: 0.1567  time: 1.2148  data: 0.0001  max mem: 5063
Train: data epoch: [8]  [20/37]  eta: 0:00:07  lr: 0.000094  loss: 0.1971  time: 0.4221  data: 0.0000  max mem: 5063
Train: data epoch: [8]  [36/37]  eta: 0:00:00  lr: 0.000094  loss: 0.1496  time: 0.3244  data: 0.0000  max mem: 5063
Train: data epoch: [8] Total time: 0:00:14 (0.3958 s / it)
2026-08-21 19:42:23,990 [INFO] Qual: EPOCH[8] -> PLCC: 0.901628, SROCC: 0.860210, KROCC: 0.675430, LOSS: 0.185448
2026-08-21 19:42:23,990 [INFO] Align: EPOCH[8] -> PLCC: 0.845760, SROCC: 0.725259, KROCC: 0.539734, LOSS: 0.275404
2026-08-21 19:42:24,003 [INFO] Saving checkpoint at epoch 8 to run/20260821193_B2_PTLC_V15_s4/checkpoint_best.pth.
2026-08-21 19:42:24,059 [INFO] Saving checkpoint at epoch 8 to run/20260821193_B2_PTLC_V15_s4/checkpoint_best_joint.pth.
2026-08-21 19:42:24,100 [INFO] Start training
2026-08-21 19:42:24,427 [INFO] Start training epoch 9, 37 iters per inner epoch.
2026-08-21 19:42:38,440 [INFO] Averaged stats: lr: 0.000092  loss: 0.188622
2026-08-21 19:42:38,511 [INFO] gates: {"epoch": 9, "raw_align_ratio": 3.3631, "align_ratio": 0.0474, "lambda_a": 0.0141, "ptlc_coverage": 0.1523, "ptlc_weak_coverage": 0.1173, "ptlc_consistency": 0.9232, "ptlc_global_cos": 0.2523, "ptlc_token_w_entropy": 2.3755, "ptlc_token_w_max": 0.1079}
2026-08-21 19:42:38,511 [INFO] Evaluating on val.
Train: data epoch: [9]  [ 0/37]  eta: 0:00:37  lr: 0.000092  loss: 0.1690  time: 1.0006  data: 0.0001  max mem: 5063
Train: data epoch: [9]  [20/37]  eta: 0:00:06  lr: 0.000092  loss: 0.1794  time: 0.3615  data: 0.0000  max mem: 5063
Train: data epoch: [9]  [36/37]  eta: 0:00:00  lr: 0.000092  loss: 0.1702  time: 0.3673  data: 0.0000  max mem: 5063
Train: data epoch: [9] Total time: 0:00:14 (0.3787 s / it)
2026-08-21 19:42:44,249 [INFO] Qual: EPOCH[9] -> PLCC: 0.904150, SROCC: 0.863704, KROCC: 0.680045, LOSS: 0.176844
2026-08-21 19:42:44,250 [INFO] Align: EPOCH[9] -> PLCC: 0.848883, SROCC: 0.729814, KROCC: 0.543627, LOSS: 0.266069
2026-08-21 19:42:44,266 [INFO] Saving checkpoint at epoch 9 to run/20260821193_B2_PTLC_V15_s4/checkpoint_best.pth.
2026-08-21 19:42:44,332 [INFO] Saving checkpoint at epoch 9 to run/20260821193_B2_PTLC_V15_s4/checkpoint_best_joint.pth.
2026-08-21 19:42:44,382 [INFO] Start training
2026-08-21 19:42:44,739 [INFO] Start training epoch 10, 37 iters per inner epoch.
2026-08-21 19:43:00,046 [INFO] Averaged stats: lr: 0.000091  loss: 0.179509
2026-08-21 19:43:00,134 [INFO] gates: {"epoch": 10, "raw_align_ratio": 3.5293, "align_ratio": 0.0499, "lambda_a": 0.0141, "ptlc_coverage": 0.1434, "ptlc_weak_coverage": 0.1079, "ptlc_consistency": 0.9308, "ptlc_global_cos": 0.2524, "ptlc_token_w_entropy": 2.3457, "ptlc_token_w_max": 0.1115}
2026-08-21 19:43:00,135 [INFO] Evaluating on val.
Train: data epoch: [10]  [ 0/37]  eta: 0:00:52  lr: 0.000091  loss: 0.1947  time: 1.4274  data: 0.0001  max mem: 5063
Train: data epoch: [10]  [20/37]  eta: 0:00:06  lr: 0.000091  loss: 0.2068  time: 0.3523  data: 0.0000  max mem: 5063
Train: data epoch: [10]  [36/37]  eta: 0:00:00  lr: 0.000091  loss: 0.1950  time: 0.4255  data: 0.0000  max mem: 5063
Train: data epoch: [10] Total time: 0:00:15 (0.4137 s / it)
2026-08-21 19:43:05,339 [INFO] Qual: EPOCH[10] -> PLCC: 0.905392, SROCC: 0.866142, KROCC: 0.682708, LOSS: 0.184849
2026-08-21 19:43:05,340 [INFO] Align: EPOCH[10] -> PLCC: 0.847551, SROCC: 0.731079, KROCC: 0.544507, LOSS: 0.282560
2026-08-21 19:43:05,356 [INFO] Saving checkpoint at epoch 10 to run/20260821193_B2_PTLC_V15_s4/checkpoint_best.pth.
2026-08-21 19:43:05,421 [INFO] Saving checkpoint at epoch 10 to run/20260821193_B2_PTLC_V15_s4/checkpoint_best_joint.pth.
2026-08-21 19:43:05,472 [INFO] Start training
2026-08-21 19:43:05,842 [INFO] Start training epoch 11, 37 iters per inner epoch.
2026-08-21 19:43:21,824 [INFO] Averaged stats: lr: 0.000089  loss: 0.173750
2026-08-21 19:43:21,904 [INFO] gates: {"epoch": 11, "raw_align_ratio": 3.4414, "align_ratio": 0.0488, "lambda_a": 0.0142, "ptlc_coverage": 0.1475, "ptlc_weak_coverage": 0.1091, "ptlc_consistency": 0.9303, "ptlc_global_cos": 0.2569, "ptlc_token_w_entropy": 2.5274, "ptlc_token_w_max": 0.0935}
2026-08-21 19:43:21,904 [INFO] Evaluating on val.
Train: data epoch: [11]  [ 0/37]  eta: 0:01:06  lr: 0.000089  loss: 0.1356  time: 1.7854  data: 0.0001  max mem: 5063
Train: data epoch: [11]  [20/37]  eta: 0:00:08  lr: 0.000089  loss: 0.1975  time: 0.4477  data: 0.0000  max mem: 5063
Train: data epoch: [11]  [36/37]  eta: 0:00:00  lr: 0.000089  loss: 0.1957  time: 0.3503  data: 0.0000  max mem: 5063
Train: data epoch: [11] Total time: 0:00:15 (0.4319 s / it)
2026-08-21 19:43:28,245 [INFO] Qual: EPOCH[11] -> PLCC: 0.907239, SROCC: 0.867445, KROCC: 0.684852, LOSS: 0.174583
2026-08-21 19:43:28,245 [INFO] Align: EPOCH[11] -> PLCC: 0.851422, SROCC: 0.734307, KROCC: 0.547452, LOSS: 0.266858
2026-08-21 19:43:28,261 [INFO] Saving checkpoint at epoch 11 to run/20260821193_B2_PTLC_V15_s4/checkpoint_best.pth.
2026-08-21 19:43:28,329 [INFO] Saving checkpoint at epoch 11 to run/20260821193_B2_PTLC_V15_s4/checkpoint_best_joint.pth.
2026-08-21 19:43:28,380 [INFO] Start training
2026-08-21 19:43:28,734 [INFO] Start training epoch 12, 37 iters per inner epoch.
2026-08-21 19:43:42,563 [INFO] Averaged stats: lr: 0.000087  loss: 0.166956
2026-08-21 19:43:42,650 [INFO] gates: {"epoch": 12, "raw_align_ratio": 3.7894, "align_ratio": 0.0541, "lambda_a": 0.0143, "ptlc_coverage": 0.1523, "ptlc_weak_coverage": 0.1147, "ptlc_consistency": 0.9221, "ptlc_global_cos": 0.2457, "ptlc_token_w_entropy": 2.4201, "ptlc_token_w_max": 0.1042}
2026-08-21 19:43:42,650 [INFO] Evaluating on val.
Train: data epoch: [12]  [ 0/37]  eta: 0:00:43  lr: 0.000087  loss: 0.1486  time: 1.1667  data: 0.0001  max mem: 5063
Train: data epoch: [12]  [20/37]  eta: 0:00:06  lr: 0.000087  loss: 0.1931  time: 0.3671  data: 0.0000  max mem: 5063
Train: data epoch: [12]  [36/37]  eta: 0:00:00  lr: 0.000087  loss: 0.1686  time: 0.3453  data: 0.0000  max mem: 5063
Train: data epoch: [12] Total time: 0:00:13 (0.3737 s / it)
2026-08-21 19:43:48,416 [INFO] Qual: EPOCH[12] -> PLCC: 0.908361, SROCC: 0.869526, KROCC: 0.687345, LOSS: 0.172965
2026-08-21 19:43:48,416 [INFO] Align: EPOCH[12] -> PLCC: 0.852446, SROCC: 0.735220, KROCC: 0.547824, LOSS: 0.263441
2026-08-21 19:43:48,433 [INFO] Saving checkpoint at epoch 12 to run/20260821193_B2_PTLC_V15_s4/checkpoint_best.pth.
2026-08-21 19:43:48,501 [INFO] Saving checkpoint at epoch 12 to run/20260821193_B2_PTLC_V15_s4/checkpoint_best_joint.pth.
2026-08-21 19:43:48,552 [INFO] Start training
2026-08-21 19:43:48,906 [INFO] Start training epoch 13, 37 iters per inner epoch.
2026-08-21 19:44:04,345 [INFO] Averaged stats: lr: 0.000084  loss: 0.162071
2026-08-21 19:44:04,432 [INFO] gates: {"epoch": 13, "raw_align_ratio": 3.2704, "align_ratio": 0.0468, "lambda_a": 0.0143, "ptlc_coverage": 0.1522, "ptlc_weak_coverage": 0.1157, "ptlc_consistency": 0.9228, "ptlc_global_cos": 0.2605, "ptlc_token_w_entropy": 2.4353, "ptlc_token_w_max": 0.1019}
2026-08-21 19:44:04,432 [INFO] Evaluating on val.
Train: data epoch: [13]  [ 0/37]  eta: 0:00:45  lr: 0.000084  loss: 0.1139  time: 1.2248  data: 0.0001  max mem: 5063
Train: data epoch: [13]  [20/37]  eta: 0:00:06  lr: 0.000084  loss: 0.1619  time: 0.3508  data: 0.0000  max mem: 5063
Train: data epoch: [13]  [36/37]  eta: 0:00:00  lr: 0.000084  loss: 0.1792  time: 0.4502  data: 0.0000  max mem: 5063
Train: data epoch: [13] Total time: 0:00:15 (0.4173 s / it)
2026-08-21 19:44:09,511 [INFO] Qual: EPOCH[13] -> PLCC: 0.908621, SROCC: 0.869463, KROCC: 0.687548, LOSS: 0.171353
2026-08-21 19:44:09,511 [INFO] Align: EPOCH[13] -> PLCC: 0.853455, SROCC: 0.735954, KROCC: 0.548219, LOSS: 0.258869
2026-08-21 19:44:09,524 [INFO] Saving checkpoint at epoch 13 to run/20260821193_B2_PTLC_V15_s4/checkpoint_best.pth.
2026-08-21 19:44:09,579 [INFO] Saving checkpoint at epoch 13 to run/20260821193_B2_PTLC_V15_s4/checkpoint_best_joint.pth.
2026-08-21 19:44:09,622 [INFO] Start training
2026-08-21 19:44:09,938 [INFO] Start training epoch 14, 37 iters per inner epoch.
2026-08-21 19:44:25,862 [INFO] Averaged stats: lr: 0.000082  loss: 0.157540
2026-08-21 19:44:25,945 [INFO] gates: {"epoch": 14, "raw_align_ratio": 3.4813, "align_ratio": 0.0501, "lambda_a": 0.0144, "ptlc_coverage": 0.1509, "ptlc_weak_coverage": 0.1121, "ptlc_consistency": 0.9155, "ptlc_global_cos": 0.2507, "ptlc_token_w_entropy": 2.4525, "ptlc_token_w_max": 0.0983}
2026-08-21 19:44:25,946 [INFO] Evaluating on val.
Train: data epoch: [14]  [ 0/37]  eta: 0:01:02  lr: 0.000082  loss: 0.1434  time: 1.6890  data: 0.0001  max mem: 5063
Train: data epoch: [14]  [20/37]  eta: 0:00:08  lr: 0.000082  loss: 0.1502  time: 0.4234  data: 0.0000  max mem: 5063
Train: data epoch: [14]  [36/37]  eta: 0:00:00  lr: 0.000082  loss: 0.1445  time: 0.3752  data: 0.0000  max mem: 5063
Train: data epoch: [14] Total time: 0:00:15 (0.4304 s / it)
2026-08-21 19:44:30,611 [INFO] Qual: EPOCH[14] -> PLCC: 0.909781, SROCC: 0.871651, KROCC: 0.689873, LOSS: 0.168947
2026-08-21 19:44:30,611 [INFO] Align: EPOCH[14] -> PLCC: 0.853347, SROCC: 0.736769, KROCC: 0.548896, LOSS: 0.261334
2026-08-21 19:44:30,628 [INFO] Saving checkpoint at epoch 14 to run/20260821193_B2_PTLC_V15_s4/checkpoint_best.pth.
2026-08-21 19:44:30,697 [INFO] Saving checkpoint at epoch 14 to run/20260821193_B2_PTLC_V15_s4/checkpoint_best_joint.pth.
2026-08-21 19:44:30,750 [INFO] Start training
2026-08-21 19:44:31,113 [INFO] Start training epoch 15, 37 iters per inner epoch.
2026-08-21 19:44:45,040 [INFO] Averaged stats: lr: 0.000080  loss: 0.152306
2026-08-21 19:44:45,135 [INFO] gates: {"epoch": 15, "raw_align_ratio": 3.1005, "align_ratio": 0.045, "lambda_a": 0.0145, "ptlc_coverage": 0.1548, "ptlc_weak_coverage": 0.1152, "ptlc_consistency": 0.9138, "ptlc_global_cos": 0.2563, "ptlc_token_w_entropy": 2.4368, "ptlc_token_w_max": 0.1002}
2026-08-21 19:44:45,135 [INFO] Evaluating on val.
Train: data epoch: [15]  [ 0/37]  eta: 0:00:36  lr: 0.000080  loss: 0.2690  time: 0.9735  data: 0.0001  max mem: 5063
Train: data epoch: [15]  [20/37]  eta: 0:00:06  lr: 0.000080  loss: 0.1467  time: 0.3784  data: 0.0000  max mem: 5063
Train: data epoch: [15]  [36/37]  eta: 0:00:00  lr: 0.000080  loss: 0.1584  time: 0.3325  data: 0.0000  max mem: 5063
Train: data epoch: [15] Total time: 0:00:13 (0.3764 s / it)
2026-08-21 19:44:50,922 [INFO] Qual: EPOCH[15] -> PLCC: 0.910219, SROCC: 0.872304, KROCC: 0.690245, LOSS: 0.167839
2026-08-21 19:44:50,922 [INFO] Align: EPOCH[15] -> PLCC: 0.854069, SROCC: 0.735779, KROCC: 0.547418, LOSS: 0.252889
2026-08-21 19:44:50,935 [INFO] Saving checkpoint at epoch 15 to run/20260821193_B2_PTLC_V15_s4/checkpoint_best.pth.
2026-08-21 19:44:50,988 [INFO] Saving checkpoint at epoch 15 to run/20260821193_B2_PTLC_V15_s4/checkpoint_best_joint.pth.
2026-08-21 19:44:51,028 [INFO] Start training
2026-08-21 19:44:51,347 [INFO] Start training epoch 16, 37 iters per inner epoch.
2026-08-21 19:45:04,956 [INFO] Averaged stats: lr: 0.000077  loss: 0.148856
2026-08-21 19:45:05,034 [INFO] gates: {"epoch": 16, "raw_align_ratio": 3.5562, "align_ratio": 0.0516, "lambda_a": 0.0145, "ptlc_coverage": 0.1466, "ptlc_weak_coverage": 0.1075, "ptlc_consistency": 0.9199, "ptlc_global_cos": 0.259, "ptlc_token_w_entropy": 2.432, "ptlc_token_w_max": 0.0988}
2026-08-21 19:45:05,034 [INFO] Evaluating on val.
Train: data epoch: [16]  [ 0/37]  eta: 0:00:33  lr: 0.000077  loss: 0.1691  time: 0.8978  data: 0.0001  max mem: 5063
Train: data epoch: [16]  [20/37]  eta: 0:00:05  lr: 0.000077  loss: 0.1307  time: 0.3142  data: 0.0000  max mem: 5063
Train: data epoch: [16]  [36/37]  eta: 0:00:00  lr: 0.000077  loss: 0.1788  time: 0.3678  data: 0.0000  max mem: 5063
Train: data epoch: [16] Total time: 0:00:13 (0.3678 s / it)
2026-08-21 19:45:09,863 [INFO] Qual: EPOCH[16] -> PLCC: 0.910356, SROCC: 0.872600, KROCC: 0.690990, LOSS: 0.169088
2026-08-21 19:45:09,863 [INFO] Align: EPOCH[16] -> PLCC: 0.854117, SROCC: 0.736377, KROCC: 0.547666, LOSS: 0.265867
2026-08-21 19:45:09,880 [INFO] Saving checkpoint at epoch 16 to run/20260821193_B2_PTLC_V15_s4/checkpoint_best.pth.
2026-08-21 19:45:09,948 [INFO] Saving checkpoint at epoch 16 to run/20260821193_B2_PTLC_V15_s4/checkpoint_best_joint.pth.
2026-08-21 19:45:10,015 [INFO] Start training
2026-08-21 19:45:10,358 [INFO] Start training epoch 17, 37 iters per inner epoch.
2026-08-21 19:45:24,883 [INFO] Averaged stats: lr: 0.000074  loss: 0.144883
2026-08-21 19:45:24,954 [INFO] gates: {"epoch": 17, "raw_align_ratio": 3.8052, "align_ratio": 0.0554, "lambda_a": 0.0146, "ptlc_coverage": 0.1438, "ptlc_weak_coverage": 0.1074, "ptlc_consistency": 0.9269, "ptlc_global_cos": 0.2504, "ptlc_token_w_entropy": 2.4181, "ptlc_token_w_max": 0.1014}
2026-08-21 19:45:24,954 [INFO] Evaluating on val.
Train: data epoch: [17]  [ 0/37]  eta: 0:00:35  lr: 0.000074  loss: 0.1382  time: 0.9686  data: 0.0001  max mem: 5063
Train: data epoch: [17]  [20/37]  eta: 0:00:06  lr: 0.000074  loss: 0.1765  time: 0.3432  data: 0.0000  max mem: 5063
Train: data epoch: [17]  [36/37]  eta: 0:00:00  lr: 0.000074  loss: 0.1721  time: 0.4147  data: 0.0000  max mem: 5063
Train: data epoch: [17] Total time: 0:00:14 (0.3925 s / it)
2026-08-21 19:45:30,009 [INFO] Qual: EPOCH[17] -> PLCC: 0.910113, SROCC: 0.871831, KROCC: 0.690166, LOSS: 0.167383
2026-08-21 19:45:30,009 [INFO] Align: EPOCH[17] -> PLCC: 0.853519, SROCC: 0.732832, KROCC: 0.544022, LOSS: 0.269069
2026-08-21 19:45:30,010 [INFO] Start training
2026-08-21 19:45:30,382 [INFO] Start training epoch 18, 37 iters per inner epoch.
2026-08-21 19:45:46,526 [INFO] Averaged stats: lr: 0.000072  loss: 0.141508
2026-08-21 19:45:46,618 [INFO] gates: {"epoch": 18, "raw_align_ratio": 3.3809, "align_ratio": 0.0497, "lambda_a": 0.0147, "ptlc_coverage": 0.143, "ptlc_weak_coverage": 0.1052, "ptlc_consistency": 0.9243, "ptlc_global_cos": 0.2508, "ptlc_token_w_entropy": 2.4604, "ptlc_token_w_max": 0.0961}
2026-08-21 19:45:46,619 [INFO] Evaluating on val.
Train: data epoch: [18]  [ 0/37]  eta: 0:01:14  lr: 0.000072  loss: 0.1165  time: 2.0011  data: 0.0001  max mem: 5063
Train: data epoch: [18]  [20/37]  eta: 0:00:08  lr: 0.000072  loss: 0.1952  time: 0.4370  data: 0.0000  max mem: 5063
Train: data epoch: [18]  [36/37]  eta: 0:00:00  lr: 0.000072  loss: 0.1782  time: 0.3595  data: 0.0000  max mem: 5063
Train: data epoch: [18] Total time: 0:00:16 (0.4363 s / it)
2026-08-21 19:45:51,594 [INFO] Qual: EPOCH[18] -> PLCC: 0.910410, SROCC: 0.874078, KROCC: 0.692592, LOSS: 0.170826
2026-08-21 19:45:51,594 [INFO] Align: EPOCH[18] -> PLCC: 0.852172, SROCC: 0.732627, KROCC: 0.543841, LOSS: 0.259363
2026-08-21 19:45:51,610 [INFO] Saving checkpoint at epoch 18 to run/20260821193_B2_PTLC_V15_s4/checkpoint_best.pth.
2026-08-21 19:45:51,662 [INFO] Start training
2026-08-21 19:45:52,030 [INFO] Start training epoch 19, 37 iters per inner epoch.
2026-08-21 19:46:06,126 [INFO] Averaged stats: lr: 0.000069  loss: 0.138362
2026-08-21 19:46:06,213 [INFO] gates: {"epoch": 19, "raw_align_ratio": 3.4857, "align_ratio": 0.0513, "lambda_a": 0.0147, "ptlc_coverage": 0.1472, "ptlc_weak_coverage": 0.1058, "ptlc_consistency": 0.9181, "ptlc_global_cos": 0.2533, "ptlc_token_w_entropy": 2.4652, "ptlc_token_w_max": 0.0981}
2026-08-21 19:46:06,213 [INFO] Evaluating on val.
Train: data epoch: [19]  [ 0/37]  eta: 0:00:41  lr: 0.000069  loss: 0.1257  time: 1.1351  data: 0.0001  max mem: 5063
Train: data epoch: [19]  [20/37]  eta: 0:00:06  lr: 0.000069  loss: 0.1526  time: 0.3719  data: 0.0000  max mem: 5063
Train: data epoch: [19]  [36/37]  eta: 0:00:00  lr: 0.000069  loss: 0.1477  time: 0.3501  data: 0.0000  max mem: 5063
Train: data epoch: [19] Total time: 0:00:14 (0.3810 s / it)
2026-08-21 19:46:12,263 [INFO] Qual: EPOCH[19] -> PLCC: 0.910540, SROCC: 0.873705, KROCC: 0.692310, LOSS: 0.167574
2026-08-21 19:46:12,263 [INFO] Align: EPOCH[19] -> PLCC: 0.852911, SROCC: 0.732546, KROCC: 0.543142, LOSS: 0.264845
2026-08-21 19:46:12,264 [INFO] Start training
2026-08-21 19:46:12,608 [INFO] Start training epoch 20, 37 iters per inner epoch.
2026-08-21 19:46:26,908 [INFO] Averaged stats: lr: 0.000066  loss: 0.133537
2026-08-21 19:46:27,001 [INFO] gates: {"epoch": 20, "raw_align_ratio": 3.3533, "align_ratio": 0.0496, "lambda_a": 0.0148, "ptlc_coverage": 0.1449, "ptlc_weak_coverage": 0.1083, "ptlc_consistency": 0.9208, "ptlc_global_cos": 0.2542, "ptlc_token_w_entropy": 2.3699, "ptlc_token_w_max": 0.1069}
2026-08-21 19:46:27,002 [INFO] Evaluating on val.
Train: data epoch: [20]  [ 0/37]  eta: 0:00:31  lr: 0.000066  loss: 0.1127  time: 0.8427  data: 0.0001  max mem: 5063
Train: data epoch: [20]  [20/37]  eta: 0:00:05  lr: 0.000066  loss: 0.1059  time: 0.3192  data: 0.0000  max mem: 5063
Train: data epoch: [20]  [36/37]  eta: 0:00:00  lr: 0.000066  loss: 0.1367  time: 0.4259  data: 0.0000  max mem: 5063
Train: data epoch: [20] Total time: 0:00:14 (0.3865 s / it)
2026-08-21 19:46:31,586 [INFO] Qual: EPOCH[20] -> PLCC: 0.910284, SROCC: 0.873708, KROCC: 0.692231, LOSS: 0.170336
2026-08-21 19:46:31,586 [INFO] Align: EPOCH[20] -> PLCC: 0.852138, SROCC: 0.732471, KROCC: 0.543232, LOSS: 0.272659
2026-08-21 19:46:31,599 [INFO] Saving checkpoint at epoch 20 to run/20260821193_B2_PTLC_V15_s4/checkpoint_latest.pth.
2026-08-21 19:46:31,637 [INFO] Start training
2026-08-21 19:46:31,957 [INFO] Start training epoch 21, 37 iters per inner epoch.
2026-08-21 19:46:46,245 [INFO] Averaged stats: lr: 0.000063  loss: 0.131172
2026-08-21 19:46:46,317 [INFO] gates: {"epoch": 21, "raw_align_ratio": 3.62, "align_ratio": 0.0538, "lambda_a": 0.0149, "ptlc_coverage": 0.1505, "ptlc_weak_coverage": 0.1108, "ptlc_consistency": 0.9233, "ptlc_global_cos": 0.2569, "ptlc_token_w_entropy": 2.4806, "ptlc_token_w_max": 0.0964}
2026-08-21 19:46:46,317 [INFO] Evaluating on val.
Train: data epoch: [21]  [ 0/37]  eta: 0:00:28  lr: 0.000063  loss: 0.1159  time: 0.7685  data: 0.0001  max mem: 5063
Train: data epoch: [21]  [20/37]  eta: 0:00:06  lr: 0.000063  loss: 0.1629  time: 0.3848  data: 0.0000  max mem: 5063
Train: data epoch: [21]  [36/37]  eta: 0:00:00  lr: 0.000063  loss: 0.1339  time: 0.3817  data: 0.0000  max mem: 5063
Train: data epoch: [21] Total time: 0:00:14 (0.3861 s / it)
2026-08-21 19:46:50,719 [INFO] Qual: EPOCH[21] -> PLCC: 0.910142, SROCC: 0.872892, KROCC: 0.691497, LOSS: 0.168498
2026-08-21 19:46:50,720 [INFO] Align: EPOCH[21] -> PLCC: 0.851760, SROCC: 0.728782, KROCC: 0.539373, LOSS: 0.261599
2026-08-21 19:46:50,720 [INFO] Start training
2026-08-21 19:46:51,048 [INFO] Start training epoch 22, 37 iters per inner epoch.
2026-08-21 19:47:05,394 [INFO] Averaged stats: lr: 0.000060  loss: 0.129717
2026-08-21 19:47:05,560 [INFO] gates: {"epoch": 22, "raw_align_ratio": 3.2736, "align_ratio": 0.0489, "lambda_a": 0.0149, "ptlc_coverage": 0.1437, "ptlc_weak_coverage": 0.1077, "ptlc_consistency": 0.9255, "ptlc_global_cos": 0.2603, "ptlc_token_w_entropy": 2.3673, "ptlc_token_w_max": 0.1116}
2026-08-21 19:47:05,560 [INFO] Evaluating on val.
Train: data epoch: [22]  [ 0/37]  eta: 0:00:51  lr: 0.000060  loss: 0.1061  time: 1.3958  data: 0.0001  max mem: 5063
Train: data epoch: [22]  [20/37]  eta: 0:00:07  lr: 0.000060  loss: 0.1419  time: 0.3968  data: 0.0000  max mem: 5063
Train: data epoch: [22]  [36/37]  eta: 0:00:00  lr: 0.000060  loss: 0.0892  time: 0.2878  data: 0.0000  max mem: 5063
Train: data epoch: [22] Total time: 0:00:14 (0.3877 s / it)
2026-08-21 19:47:11,427 [INFO] Qual: EPOCH[22] -> PLCC: 0.909959, SROCC: 0.873011, KROCC: 0.691497, LOSS: 0.169007
2026-08-21 19:47:11,427 [INFO] Align: EPOCH[22] -> PLCC: 0.851523, SROCC: 0.727912, KROCC: 0.538482, LOSS: 0.261969
2026-08-21 19:47:11,428 [INFO] Start training
2026-08-21 19:47:11,785 [INFO] Start training epoch 23, 37 iters per inner epoch.
2026-08-21 19:47:25,531 [INFO] Averaged stats: lr: 0.000057  loss: 0.125896
2026-08-21 19:47:25,633 [INFO] gates: {"epoch": 23, "raw_align_ratio": 3.3863, "align_ratio": 0.0508, "lambda_a": 0.015, "ptlc_coverage": 0.148, "ptlc_weak_coverage": 0.1087, "ptlc_consistency": 0.9227, "ptlc_global_cos": 0.2473, "ptlc_token_w_entropy": 2.4645, "ptlc_token_w_max": 0.1022}
2026-08-21 19:47:25,634 [INFO] Evaluating on val.
Train: data epoch: [23]  [ 0/37]  eta: 0:00:45  lr: 0.000057  loss: 0.1294  time: 1.2209  data: 0.0001  max mem: 5063
Train: data epoch: [23]  [20/37]  eta: 0:00:06  lr: 0.000057  loss: 0.1256  time: 0.3377  data: 0.0000  max mem: 5063
Train: data epoch: [23]  [36/37]  eta: 0:00:00  lr: 0.000057  loss: 0.1024  time: 0.3552  data: 0.0000  max mem: 5063
Train: data epoch: [23] Total time: 0:00:13 (0.3715 s / it)
2026-08-21 19:47:31,283 [INFO] Qual: EPOCH[23] -> PLCC: 0.910147, SROCC: 0.873607, KROCC: 0.692396, LOSS: 0.169437
2026-08-21 19:47:31,284 [INFO] Align: EPOCH[23] -> PLCC: 0.851151, SROCC: 0.728235, KROCC: 0.538809, LOSS: 0.261025
2026-08-21 19:47:31,284 [INFO] Start training
2026-08-21 19:47:31,648 [INFO] Start training epoch 24, 37 iters per inner epoch.
2026-08-21 19:47:46,986 [INFO] Averaged stats: lr: 0.000054  loss: 0.123191
2026-08-21 19:47:47,072 [INFO] gates: {"epoch": 24, "raw_align_ratio": 3.3812, "align_ratio": 0.0509, "lambda_a": 0.0151, "ptlc_coverage": 0.1497, "ptlc_weak_coverage": 0.1111, "ptlc_consistency": 0.9189, "ptlc_global_cos": 0.2584, "ptlc_token_w_entropy": 2.4365, "ptlc_token_w_max": 0.1033}
2026-08-21 19:47:47,072 [INFO] Evaluating on val.
Train: data epoch: [24]  [ 0/37]  eta: 0:00:52  lr: 0.000054  loss: 0.1344  time: 1.4288  data: 0.0001  max mem: 5063
Train: data epoch: [24]  [20/37]  eta: 0:00:07  lr: 0.000054  loss: 0.1232  time: 0.3616  data: 0.0000  max mem: 5063
Train: data epoch: [24]  [36/37]  eta: 0:00:00  lr: 0.000054  loss: 0.1074  time: 0.4213  data: 0.0000  max mem: 5063
Train: data epoch: [24] Total time: 0:00:15 (0.4145 s / it)
2026-08-21 19:47:51,891 [INFO] Qual: EPOCH[24] -> PLCC: 0.910147, SROCC: 0.873811, KROCC: 0.692671, LOSS: 0.169603
2026-08-21 19:47:51,892 [INFO] Align: EPOCH[24] -> PLCC: 0.850491, SROCC: 0.726467, KROCC: 0.536846, LOSS: 0.264732
2026-08-21 19:47:51,893 [INFO] Start training
2026-08-21 19:47:52,302 [INFO] Start training epoch 25, 37 iters per inner epoch.
2026-08-21 19:48:07,090 [INFO] Averaged stats: lr: 0.000050  loss: 0.121122
2026-08-21 19:48:07,193 [INFO] gates: {"epoch": 25, "raw_align_ratio": 3.3982, "align_ratio": 0.0514, "lambda_a": 0.0151, "ptlc_coverage": 0.1478, "ptlc_weak_coverage": 0.1077, "ptlc_consistency": 0.9216, "ptlc_global_cos": 0.2617, "ptlc_token_w_entropy": 2.4292, "ptlc_token_w_max": 0.1018}
2026-08-21 19:48:07,193 [INFO] Evaluating on val.
Train: data epoch: [25]  [ 0/37]  eta: 0:00:49  lr: 0.000051  loss: 0.1393  time: 1.3466  data: 0.0001  max mem: 5063
Train: data epoch: [25]  [20/37]  eta: 0:00:07  lr: 0.000051  loss: 0.0902  time: 0.4228  data: 0.0000  max mem: 5063
Train: data epoch: [25]  [36/37]  eta: 0:00:00  lr: 0.000051  loss: 0.1020  time: 0.3169  data: 0.0000  max mem: 5063
Train: data epoch: [25] Total time: 0:00:14 (0.3996 s / it)
2026-08-21 19:48:13,596 [INFO] Qual: EPOCH[25] -> PLCC: 0.909841, SROCC: 0.874159, KROCC: 0.692660, LOSS: 0.171493
2026-08-21 19:48:13,597 [INFO] Align: EPOCH[25] -> PLCC: 0.849860, SROCC: 0.725524, KROCC: 0.536259, LOSS: 0.263700
2026-08-21 19:48:13,613 [INFO] Saving checkpoint at epoch 25 to run/20260821193_B2_PTLC_V15_s4/checkpoint_latest.pth.
2026-08-21 19:48:13,665 [INFO] Start training
2026-08-21 19:48:14,018 [INFO] Start training epoch 26, 37 iters per inner epoch.
2026-08-21 19:48:27,528 [INFO] Averaged stats: lr: 0.000047  loss: 0.119894
2026-08-21 19:48:27,611 [INFO] gates: {"epoch": 26, "raw_align_ratio": 3.3246, "align_ratio": 0.0503, "lambda_a": 0.0151, "ptlc_coverage": 0.1503, "ptlc_weak_coverage": 0.1116, "ptlc_consistency": 0.9203, "ptlc_global_cos": 0.2647, "ptlc_token_w_entropy": 2.4719, "ptlc_token_w_max": 0.0984}
2026-08-21 19:48:27,611 [INFO] Evaluating on val.
Train: data epoch: [26]  [ 0/37]  eta: 0:00:40  lr: 0.000047  loss: 0.1654  time: 1.0912  data: 0.0001  max mem: 5063
Train: data epoch: [26]  [20/37]  eta: 0:00:06  lr: 0.000047  loss: 0.1480  time: 0.3486  data: 0.0000  max mem: 5063
Train: data epoch: [26]  [36/37]  eta: 0:00:00  lr: 0.000047  loss: 0.1014  time: 0.3494  data: 0.0000  max mem: 5063
Train: data epoch: [26] Total time: 0:00:13 (0.3651 s / it)
2026-08-21 19:48:33,621 [INFO] Qual: EPOCH[26] -> PLCC: 0.909498, SROCC: 0.873805, KROCC: 0.692355, LOSS: 0.172210
2026-08-21 19:48:33,621 [INFO] Align: EPOCH[26] -> PLCC: 0.849693, SROCC: 0.725054, KROCC: 0.535447, LOSS: 0.272171
2026-08-21 19:48:33,622 [INFO] Start training
2026-08-21 19:48:33,953 [INFO] Start training epoch 27, 37 iters per inner epoch.
2026-08-21 19:48:49,771 [INFO] Averaged stats: lr: 0.000044  loss: 0.118704
2026-08-21 19:48:49,851 [INFO] gates: {"epoch": 27, "raw_align_ratio": 3.6447, "align_ratio": 0.0553, "lambda_a": 0.0152, "ptlc_coverage": 0.1514, "ptlc_weak_coverage": 0.1136, "ptlc_consistency": 0.9145, "ptlc_global_cos": 0.2488, "ptlc_token_w_entropy": 2.3587, "ptlc_token_w_max": 0.1103}
2026-08-21 19:48:49,851 [INFO] Evaluating on val.
Train: data epoch: [27]  [ 0/37]  eta: 0:01:01  lr: 0.000044  loss: 0.1298  time: 1.6573  data: 0.0001  max mem: 5063
Train: data epoch: [27]  [20/37]  eta: 0:00:07  lr: 0.000044  loss: 0.0966  time: 0.3521  data: 0.0000  max mem: 5063
Train: data epoch: [27]  [36/37]  eta: 0:00:00  lr: 0.000044  loss: 0.1123  time: 0.4408  data: 0.0000  max mem: 5063
Train: data epoch: [27] Total time: 0:00:15 (0.4275 s / it)
2026-08-21 19:48:54,834 [INFO] Qual: EPOCH[27] -> PLCC: 0.909199, SROCC: 0.873901, KROCC: 0.692558, LOSS: 0.172066
2026-08-21 19:48:54,834 [INFO] Align: EPOCH[27] -> PLCC: 0.848911, SROCC: 0.724031, KROCC: 0.534635, LOSS: 0.272446
2026-08-21 19:48:54,835 [INFO] Start training
2026-08-21 19:48:55,163 [INFO] Start training epoch 28, 37 iters per inner epoch.
2026-08-21 19:49:10,487 [INFO] Averaged stats: lr: 0.000041  loss: 0.117074
2026-08-21 19:49:10,570 [INFO] gates: {"epoch": 28, "raw_align_ratio": 3.2249, "align_ratio": 0.0493, "lambda_a": 0.0153, "ptlc_coverage": 0.1527, "ptlc_weak_coverage": 0.1174, "ptlc_consistency": 0.922, "ptlc_global_cos": 0.2573, "ptlc_token_w_entropy": 2.2953, "ptlc_token_w_max": 0.1183}
2026-08-21 19:49:10,570 [INFO] Evaluating on val.
Train: data epoch: [28]  [ 0/37]  eta: 0:00:46  lr: 0.000041  loss: 0.1378  time: 1.2642  data: 0.0001  max mem: 5063
Train: data epoch: [28]  [20/37]  eta: 0:00:07  lr: 0.000041  loss: 0.1022  time: 0.4175  data: 0.0000  max mem: 5063
Train: data epoch: [28]  [36/37]  eta: 0:00:00  lr: 0.000041  loss: 0.1099  time: 0.3668  data: 0.0000  max mem: 5063
Train: data epoch: [28] Total time: 0:00:15 (0.4141 s / it)
2026-08-21 19:49:14,999 [INFO] Qual: EPOCH[28] -> PLCC: 0.908752, SROCC: 0.871663, KROCC: 0.689861, LOSS: 0.172826
2026-08-21 19:49:14,999 [INFO] Align: EPOCH[28] -> PLCC: 0.848951, SROCC: 0.721796, KROCC: 0.532322, LOSS: 0.264814
2026-08-21 19:49:15,000 [INFO] Start training
2026-08-21 19:49:15,325 [INFO] Start training epoch 29, 37 iters per inner epoch.
2026-08-21 19:49:29,476 [INFO] Averaged stats: lr: 0.000038  loss: 0.114911
2026-08-21 19:49:29,583 [INFO] gates: {"epoch": 29, "raw_align_ratio": 3.3093, "align_ratio": 0.0506, "lambda_a": 0.0153, "ptlc_coverage": 0.1494, "ptlc_weak_coverage": 0.1123, "ptlc_consistency": 0.9142, "ptlc_global_cos": 0.2568, "ptlc_token_w_entropy": 2.3713, "ptlc_token_w_max": 0.1101}
2026-08-21 19:49:29,584 [INFO] Evaluating on val.
Train: data epoch: [29]  [ 0/37]  eta: 0:00:37  lr: 0.000038  loss: 0.1291  time: 1.0067  data: 0.0001  max mem: 5063
Train: data epoch: [29]  [20/37]  eta: 0:00:07  lr: 0.000038  loss: 0.0907  time: 0.3920  data: 0.0000  max mem: 5063
Train: data epoch: [29]  [36/37]  eta: 0:00:00  lr: 0.000038  loss: 0.1388  time: 0.3178  data: 0.0000  max mem: 5063
Train: data epoch: [29] Total time: 0:00:14 (0.3824 s / it)
2026-08-21 19:49:35,712 [INFO] Qual: EPOCH[29] -> PLCC: 0.908707, SROCC: 0.872219, KROCC: 0.690493, LOSS: 0.172029
2026-08-21 19:49:35,712 [INFO] Align: EPOCH[29] -> PLCC: 0.848918, SROCC: 0.722176, KROCC: 0.532536, LOSS: 0.267694
2026-08-21 19:49:35,713 [INFO] Start training
2026-08-21 19:49:36,060 [INFO] Start training epoch 30, 37 iters per inner epoch.
2026-08-21 19:49:49,905 [INFO] Averaged stats: lr: 0.000035  loss: 0.113621
2026-08-21 19:49:49,990 [INFO] gates: {"epoch": 30, "raw_align_ratio": 3.5834, "align_ratio": 0.055, "lambda_a": 0.0153, "ptlc_coverage": 0.1463, "ptlc_weak_coverage": 0.1116, "ptlc_consistency": 0.9163, "ptlc_global_cos": 0.2522, "ptlc_token_w_entropy": 2.3179, "ptlc_token_w_max": 0.1171}
2026-08-21 19:49:49,990 [INFO] Evaluating on val.
Train: data epoch: [30]  [ 0/37]  eta: 0:00:41  lr: 0.000035  loss: 0.1289  time: 1.1144  data: 0.0001  max mem: 5063
Train: data epoch: [30]  [20/37]  eta: 0:00:05  lr: 0.000035  loss: 0.1248  time: 0.3061  data: 0.0000  max mem: 5063
Train: data epoch: [30]  [36/37]  eta: 0:00:00  lr: 0.000035  loss: 0.1079  time: 0.3668  data: 0.0000  max mem: 5063
Train: data epoch: [30] Total time: 0:00:13 (0.3742 s / it)
2026-08-21 19:49:54,843 [INFO] Qual: EPOCH[30] -> PLCC: 0.908506, SROCC: 0.872544, KROCC: 0.690832, LOSS: 0.173736
2026-08-21 19:49:54,843 [INFO] Align: EPOCH[30] -> PLCC: 0.848444, SROCC: 0.721245, KROCC: 0.531983, LOSS: 0.265961
2026-08-21 19:49:54,856 [INFO] Saving checkpoint at epoch 30 to run/20260821193_B2_PTLC_V15_s4/checkpoint_latest.pth.
2026-08-21 19:49:54,898 [INFO] Start training
2026-08-21 19:49:55,278 [INFO] Start training epoch 31, 37 iters per inner epoch.
2026-08-21 19:50:10,316 [INFO] Averaged stats: lr: 0.000032  loss: 0.112406
2026-08-21 19:50:10,398 [INFO] gates: {"epoch": 31, "raw_align_ratio": 3.3825, "align_ratio": 0.052, "lambda_a": 0.0154, "ptlc_coverage": 0.1491, "ptlc_weak_coverage": 0.1097, "ptlc_consistency": 0.9183, "ptlc_global_cos": 0.2519, "ptlc_token_w_entropy": 2.4742, "ptlc_token_w_max": 0.102}
2026-08-21 19:50:10,398 [INFO] Evaluating on val.
Train: data epoch: [31]  [ 0/37]  eta: 0:00:39  lr: 0.000032  loss: 0.1275  time: 1.0669  data: 0.0001  max mem: 5063
Train: data epoch: [31]  [20/37]  eta: 0:00:06  lr: 0.000032  loss: 0.1372  time: 0.3646  data: 0.0000  max mem: 5063
Train: data epoch: [31]  [36/37]  eta: 0:00:00  lr: 0.000032  loss: 0.0994  time: 0.4208  data: 0.0000  max mem: 5063
Train: data epoch: [31] Total time: 0:00:15 (0.4064 s / it)
2026-08-21 19:50:15,257 [INFO] Qual: EPOCH[31] -> PLCC: 0.908858, SROCC: 0.872929, KROCC: 0.691531, LOSS: 0.175030
2026-08-21 19:50:15,257 [INFO] Align: EPOCH[31] -> PLCC: 0.848142, SROCC: 0.720738, KROCC: 0.531487, LOSS: 0.273031
2026-08-21 19:50:15,258 [INFO] Start training
2026-08-21 19:50:15,630 [INFO] Start training epoch 32, 37 iters per inner epoch.
2026-08-21 19:50:30,980 [INFO] Averaged stats: lr: 0.000029  loss: 0.111402
2026-08-21 19:50:31,088 [INFO] gates: {"epoch": 32, "raw_align_ratio": 3.3826, "align_ratio": 0.0521, "lambda_a": 0.0154, "ptlc_coverage": 0.1495, "ptlc_weak_coverage": 0.1066, "ptlc_consistency": 0.9173, "ptlc_global_cos": 0.2543, "ptlc_token_w_entropy": 2.5695, "ptlc_token_w_max": 0.0904}
2026-08-21 19:50:31,089 [INFO] Evaluating on val.
Train: data epoch: [32]  [ 0/37]  eta: 0:00:55  lr: 0.000029  loss: 0.0756  time: 1.4911  data: 0.0001  max mem: 5063
Train: data epoch: [32]  [20/37]  eta: 0:00:08  lr: 0.000029  loss: 0.1197  time: 0.4399  data: 0.0000  max mem: 5063
Train: data epoch: [32]  [36/37]  eta: 0:00:00  lr: 0.000029  loss: 0.1254  time: 0.3410  data: 0.0000  max mem: 5063
Train: data epoch: [32] Total time: 0:00:15 (0.4148 s / it)
2026-08-21 19:50:37,628 [INFO] Qual: EPOCH[32] -> PLCC: 0.908221, SROCC: 0.872120, KROCC: 0.690245, LOSS: 0.174709
2026-08-21 19:50:37,628 [INFO] Align: EPOCH[32] -> PLCC: 0.847994, SROCC: 0.720418, KROCC: 0.530990, LOSS: 0.271045
2026-08-21 19:50:37,629 [INFO] Start training
2026-08-21 19:50:37,976 [INFO] Start training epoch 33, 37 iters per inner epoch.
2026-08-21 19:50:52,566 [INFO] Averaged stats: lr: 0.000027  loss: 0.109630
2026-08-21 19:50:52,661 [INFO] gates: {"epoch": 33, "raw_align_ratio": 3.4967, "align_ratio": 0.054, "lambda_a": 0.0155, "ptlc_coverage": 0.1481, "ptlc_weak_coverage": 0.1105, "ptlc_consistency": 0.9222, "ptlc_global_cos": 0.2472, "ptlc_token_w_entropy": 2.399, "ptlc_token_w_max": 0.1083}
2026-08-21 19:50:52,661 [INFO] Evaluating on val.
Train: data epoch: [33]  [ 0/37]  eta: 0:00:42  lr: 0.000027  loss: 0.1004  time: 1.1396  data: 0.0001  max mem: 5063
Train: data epoch: [33]  [20/37]  eta: 0:00:06  lr: 0.000027  loss: 0.1306  time: 0.3662  data: 0.0000  max mem: 5063
Train: data epoch: [33]  [36/37]  eta: 0:00:00  lr: 0.000027  loss: 0.1188  time: 0.3741  data: 0.0000  max mem: 5063
Train: data epoch: [33] Total time: 0:00:14 (0.3943 s / it)
2026-08-21 19:50:57,981 [INFO] Qual: EPOCH[33] -> PLCC: 0.908499, SROCC: 0.873079, KROCC: 0.691215, LOSS: 0.174855
2026-08-21 19:50:57,981 [INFO] Align: EPOCH[33] -> PLCC: 0.847211, SROCC: 0.719533, KROCC: 0.530133, LOSS: 0.270541
2026-08-21 19:50:57,983 [INFO] Start training
2026-08-21 19:50:58,347 [INFO] Start training epoch 34, 37 iters per inner epoch.
2026-08-21 19:51:13,541 [INFO] Averaged stats: lr: 0.000024  loss: 0.109544
2026-08-21 19:51:13,622 [INFO] gates: {"epoch": 34, "raw_align_ratio": 3.3836, "align_ratio": 0.0523, "lambda_a": 0.0155, "ptlc_coverage": 0.1534, "ptlc_weak_coverage": 0.1155, "ptlc_consistency": 0.9195, "ptlc_global_cos": 0.247, "ptlc_token_w_entropy": 2.4419, "ptlc_token_w_max": 0.104}
2026-08-21 19:51:13,623 [INFO] Evaluating on val.
Train: data epoch: [34]  [ 0/37]  eta: 0:00:46  lr: 0.000024  loss: 0.1037  time: 1.2553  data: 0.0001  max mem: 5063
Train: data epoch: [34]  [20/37]  eta: 0:00:06  lr: 0.000024  loss: 0.0867  time: 0.3441  data: 0.0000  max mem: 5063
Train: data epoch: [34]  [36/37]  eta: 0:00:00  lr: 0.000024  loss: 0.0789  time: 0.4404  data: 0.0000  max mem: 5063
Train: data epoch: [34] Total time: 0:00:15 (0.4106 s / it)
2026-08-21 19:51:18,778 [INFO] Qual: EPOCH[34] -> PLCC: 0.908084, SROCC: 0.872321, KROCC: 0.690279, LOSS: 0.174712
2026-08-21 19:51:18,778 [INFO] Align: EPOCH[34] -> PLCC: 0.847160, SROCC: 0.718299, KROCC: 0.528802, LOSS: 0.272589
2026-08-21 19:51:18,779 [INFO] Start training
2026-08-21 19:51:19,123 [INFO] Start training epoch 35, 37 iters per inner epoch.
2026-08-21 19:51:34,999 [INFO] Averaged stats: lr: 0.000021  loss: 0.107868
2026-08-21 19:51:35,072 [INFO] gates: {"epoch": 35, "raw_align_ratio": 3.4094, "align_ratio": 0.0529, "lambda_a": 0.0155, "ptlc_coverage": 0.1441, "ptlc_weak_coverage": 0.1066, "ptlc_consistency": 0.9241, "ptlc_global_cos": 0.2459, "ptlc_token_w_entropy": 2.4202, "ptlc_token_w_max": 0.1055}
2026-08-21 19:51:35,072 [INFO] Evaluating on val.
Train: data epoch: [35]  [ 0/37]  eta: 0:00:55  lr: 0.000021  loss: 0.1362  time: 1.5041  data: 0.0001  max mem: 5063
Train: data epoch: [35]  [20/37]  eta: 0:00:08  lr: 0.000021  loss: 0.0765  time: 0.4496  data: 0.0000  max mem: 5063
Train: data epoch: [35]  [36/37]  eta: 0:00:00  lr: 0.000021  loss: 0.1149  time: 0.3575  data: 0.0000  max mem: 5063
Train: data epoch: [35] Total time: 0:00:15 (0.4291 s / it)
2026-08-21 19:51:41,374 [INFO] Qual: EPOCH[35] -> PLCC: 0.908045, SROCC: 0.872673, KROCC: 0.690798, LOSS: 0.176385
2026-08-21 19:51:41,374 [INFO] Align: EPOCH[35] -> PLCC: 0.846730, SROCC: 0.718424, KROCC: 0.529106, LOSS: 0.270182
2026-08-21 19:51:41,387 [INFO] Saving checkpoint at epoch 35 to run/20260821193_B2_PTLC_V15_s4/checkpoint_latest.pth.
2026-08-21 19:51:41,440 [INFO] Start training
2026-08-21 19:51:41,787 [INFO] Start training epoch 36, 37 iters per inner epoch.
2026-08-21 19:51:55,980 [INFO] Averaged stats: lr: 0.000019  loss: 0.106946
2026-08-21 19:51:56,072 [INFO] gates: {"epoch": 36, "raw_align_ratio": 3.5223, "align_ratio": 0.0546, "lambda_a": 0.0155, "ptlc_coverage": 0.1546, "ptlc_weak_coverage": 0.1189, "ptlc_consistency": 0.9215, "ptlc_global_cos": 0.2501, "ptlc_token_w_entropy": 2.3686, "ptlc_token_w_max": 0.1129}
2026-08-21 19:51:56,072 [INFO] Evaluating on val.
Train: data epoch: [36]  [ 0/37]  eta: 0:00:44  lr: 0.000019  loss: 0.0881  time: 1.2143  data: 0.0001  max mem: 5063
Train: data epoch: [36]  [20/37]  eta: 0:00:06  lr: 0.000019  loss: 0.0940  time: 0.3638  data: 0.0000  max mem: 5063
Train: data epoch: [36]  [36/37]  eta: 0:00:00  lr: 0.000019  loss: 0.1281  time: 0.3650  data: 0.0000  max mem: 5063
Train: data epoch: [36] Total time: 0:00:14 (0.3836 s / it)
2026-08-21 19:52:01,873 [INFO] Qual: EPOCH[36] -> PLCC: 0.907672, SROCC: 0.871112, KROCC: 0.688959, LOSS: 0.174953
2026-08-21 19:52:01,873 [INFO] Align: EPOCH[36] -> PLCC: 0.846688, SROCC: 0.716573, KROCC: 0.527515, LOSS: 0.276711
2026-08-21 19:52:01,874 [INFO] Start training
2026-08-21 19:52:02,226 [INFO] Start training epoch 37, 37 iters per inner epoch.
2026-08-21 19:52:16,820 [INFO] Averaged stats: lr: 0.000017  loss: 0.106795
2026-08-21 19:52:16,897 [INFO] gates: {"epoch": 37, "raw_align_ratio": 3.5122, "align_ratio": 0.0546, "lambda_a": 0.0155, "ptlc_coverage": 0.1465, "ptlc_weak_coverage": 0.1094, "ptlc_consistency": 0.9269, "ptlc_global_cos": 0.2531, "ptlc_token_w_entropy": 2.4413, "ptlc_token_w_max": 0.1054}
2026-08-21 19:52:16,897 [INFO] Evaluating on val.
Train: data epoch: [37]  [ 0/37]  eta: 0:00:37  lr: 0.000017  loss: 0.1226  time: 1.0004  data: 0.0001  max mem: 5063
Train: data epoch: [37]  [20/37]  eta: 0:00:06  lr: 0.000017  loss: 0.1341  time: 0.3294  data: 0.0000  max mem: 5063
Train: data epoch: [37]  [36/37]  eta: 0:00:00  lr: 0.000017  loss: 0.0869  time: 0.4334  data: 0.0000  max mem: 5063
Train: data epoch: [37] Total time: 0:00:14 (0.3944 s / it)
2026-08-21 19:52:21,475 [INFO] Qual: EPOCH[37] -> PLCC: 0.907486, SROCC: 0.871021, KROCC: 0.688688, LOSS: 0.175657
2026-08-21 19:52:21,475 [INFO] Align: EPOCH[37] -> PLCC: 0.846438, SROCC: 0.716163, KROCC: 0.526985, LOSS: 0.274033
2026-08-21 19:52:21,476 [INFO] Start training
2026-08-21 19:52:21,796 [INFO] Start training epoch 38, 37 iters per inner epoch.
2026-08-21 19:52:36,238 [INFO] Averaged stats: lr: 0.000014  loss: 0.106043
2026-08-21 19:52:36,323 [INFO] gates: {"epoch": 38, "raw_align_ratio": 3.3146, "align_ratio": 0.0515, "lambda_a": 0.0155, "ptlc_coverage": 0.1518, "ptlc_weak_coverage": 0.115, "ptlc_consistency": 0.9178, "ptlc_global_cos": 0.2577, "ptlc_token_w_entropy": 2.3478, "ptlc_token_w_max": 0.1139}
2026-08-21 19:52:36,324 [INFO] Evaluating on val.
Train: data epoch: [38]  [ 0/37]  eta: 0:00:31  lr: 0.000014  loss: 0.1139  time: 0.8414  data: 0.0001  max mem: 5063
Train: data epoch: [38]  [20/37]  eta: 0:00:07  lr: 0.000014  loss: 0.1008  time: 0.3968  data: 0.0000  max mem: 5063
Train: data epoch: [38]  [36/37]  eta: 0:00:00  lr: 0.000014  loss: 0.1123  time: 0.3693  data: 0.0000  max mem: 5063
Train: data epoch: [38] Total time: 0:00:14 (0.3903 s / it)
2026-08-21 19:52:39,847 [INFO] Qual: EPOCH[38] -> PLCC: 0.907695, SROCC: 0.871484, KROCC: 0.689467, LOSS: 0.175640
2026-08-21 19:52:39,847 [INFO] Align: EPOCH[38] -> PLCC: 0.846402, SROCC: 0.716584, KROCC: 0.527369, LOSS: 0.275995
2026-08-21 19:52:39,848 [INFO] Start training
2026-08-21 19:52:40,171 [INFO] Start training epoch 39, 37 iters per inner epoch.
2026-08-21 19:52:47,786 [INFO] Averaged stats: lr: 0.000012  loss: 0.105476
2026-08-21 19:52:47,875 [INFO] gates: {"epoch": 39, "raw_align_ratio": 3.4387, "align_ratio": 0.0536, "lambda_a": 0.0156, "ptlc_coverage": 0.1526, "ptlc_weak_coverage": 0.1152, "ptlc_consistency": 0.9182, "ptlc_global_cos": 0.2496, "ptlc_token_w_entropy": 2.3958, "ptlc_token_w_max": 0.1083}
2026-08-21 19:52:47,875 [INFO] Evaluating on val.
Train: data epoch: [39]  [ 0/37]  eta: 0:00:32  lr: 0.000012  loss: 0.1102  time: 0.8841  data: 0.0001  max mem: 5063
Train: data epoch: [39]  [20/37]  eta: 0:00:03  lr: 0.000012  loss: 0.0900  time: 0.1872  data: 0.0000  max mem: 5063
Train: data epoch: [39]  [36/37]  eta: 0:00:00  lr: 0.000012  loss: 0.0983  time: 0.1864  data: 0.0000  max mem: 5063
Train: data epoch: [39] Total time: 0:00:07 (0.2058 s / it)
2026-08-21 19:52:50,910 [INFO] Qual: EPOCH[39] -> PLCC: 0.907675, SROCC: 0.871361, KROCC: 0.689004, LOSS: 0.176162
2026-08-21 19:52:50,910 [INFO] Align: EPOCH[39] -> PLCC: 0.846331, SROCC: 0.716070, KROCC: 0.526929, LOSS: 0.273076
2026-08-21 19:52:50,911 [INFO] Start training
2026-08-21 19:52:51,232 [INFO] Start training epoch 40, 37 iters per inner epoch.
2026-08-21 19:52:58,962 [INFO] Averaged stats: lr: 0.000010  loss: 0.104511
2026-08-21 19:52:59,043 [INFO] gates: {"epoch": 40, "raw_align_ratio": 3.4693, "align_ratio": 0.0541, "lambda_a": 0.0156, "ptlc_coverage": 0.1518, "ptlc_weak_coverage": 0.1093, "ptlc_consistency": 0.9169, "ptlc_global_cos": 0.2517, "ptlc_token_w_entropy": 2.5222, "ptlc_token_w_max": 0.0945}
2026-08-21 19:52:59,044 [INFO] Evaluating on val.
Train: data epoch: [40]  [ 0/37]  eta: 0:00:34  lr: 0.000010  loss: 0.1301  time: 0.9268  data: 0.0001  max mem: 5063
Train: data epoch: [40]  [20/37]  eta: 0:00:03  lr: 0.000010  loss: 0.0894  time: 0.1913  data: 0.0000  max mem: 5063
Train: data epoch: [40]  [36/37]  eta: 0:00:00  lr: 0.000010  loss: 0.0741  time: 0.1871  data: 0.0000  max mem: 5063
Train: data epoch: [40] Total time: 0:00:07 (0.2089 s / it)
2026-08-21 19:53:02,124 [INFO] Qual: EPOCH[40] -> PLCC: 0.907615, SROCC: 0.871421, KROCC: 0.689342, LOSS: 0.175660
2026-08-21 19:53:02,125 [INFO] Align: EPOCH[40] -> PLCC: 0.846214, SROCC: 0.716181, KROCC: 0.527154, LOSS: 0.273644
2026-08-21 19:53:02,137 [INFO] Saving checkpoint at epoch 40 to run/20260821193_B2_PTLC_V15_s4/checkpoint_latest.pth.
2026-08-21 19:53:02,178 [INFO] Start training
2026-08-21 19:53:02,498 [INFO] Start training epoch 41, 37 iters per inner epoch.
2026-08-21 19:53:09,997 [INFO] Averaged stats: lr: 0.000009  loss: 0.104863
2026-08-21 19:53:10,082 [INFO] gates: {"epoch": 41, "raw_align_ratio": 3.4097, "align_ratio": 0.0532, "lambda_a": 0.0156, "ptlc_coverage": 0.1456, "ptlc_weak_coverage": 0.1065, "ptlc_consistency": 0.9303, "ptlc_global_cos": 0.2544, "ptlc_token_w_entropy": 2.4972, "ptlc_token_w_max": 0.0995}
2026-08-21 19:53:10,082 [INFO] Evaluating on val.
Train: data epoch: [41]  [ 0/37]  eta: 0:00:27  lr: 0.000009  loss: 0.0822  time: 0.7458  data: 0.0001  max mem: 5063
Train: data epoch: [41]  [20/37]  eta: 0:00:03  lr: 0.000009  loss: 0.1114  time: 0.1891  data: 0.0000  max mem: 5063
Train: data epoch: [41]  [36/37]  eta: 0:00:00  lr: 0.000009  loss: 0.0949  time: 0.1855  data: 0.0000  max mem: 5063
Train: data epoch: [41] Total time: 0:00:07 (0.2026 s / it)
2026-08-21 19:53:13,146 [INFO] Qual: EPOCH[41] -> PLCC: 0.907462, SROCC: 0.871257, KROCC: 0.689094, LOSS: 0.176326
2026-08-21 19:53:13,146 [INFO] Align: EPOCH[41] -> PLCC: 0.845975, SROCC: 0.715463, KROCC: 0.526579, LOSS: 0.274868
2026-08-21 19:53:13,147 [INFO] Start training
2026-08-21 19:53:13,469 [INFO] Start training epoch 42, 37 iters per inner epoch.
2026-08-21 19:53:21,154 [INFO] Averaged stats: lr: 0.000007  loss: 0.104018
2026-08-21 19:53:21,234 [INFO] gates: {"epoch": 42, "raw_align_ratio": 3.3585, "align_ratio": 0.0525, "lambda_a": 0.0156, "ptlc_coverage": 0.1453, "ptlc_weak_coverage": 0.1048, "ptlc_consistency": 0.928, "ptlc_global_cos": 0.2531, "ptlc_token_w_entropy": 2.4114, "ptlc_token_w_max": 0.1081}
2026-08-21 19:53:21,234 [INFO] Evaluating on val.
Train: data epoch: [42]  [ 0/37]  eta: 0:00:35  lr: 0.000007  loss: 0.0984  time: 0.9531  data: 0.0001  max mem: 5063
Train: data epoch: [42]  [20/37]  eta: 0:00:03  lr: 0.000007  loss: 0.1240  time: 0.1875  data: 0.0000  max mem: 5063
Train: data epoch: [42]  [36/37]  eta: 0:00:00  lr: 0.000007  loss: 0.1040  time: 0.1863  data: 0.0000  max mem: 5063
Train: data epoch: [42] Total time: 0:00:07 (0.2077 s / it)
2026-08-21 19:53:24,374 [INFO] Qual: EPOCH[42] -> PLCC: 0.907356, SROCC: 0.870862, KROCC: 0.688643, LOSS: 0.176002
2026-08-21 19:53:24,374 [INFO] Align: EPOCH[42] -> PLCC: 0.846018, SROCC: 0.715279, KROCC: 0.526286, LOSS: 0.272784
2026-08-21 19:53:24,374 [INFO] Start training
2026-08-21 19:53:24,697 [INFO] Start training epoch 43, 37 iters per inner epoch.
2026-08-21 19:53:32,199 [INFO] Averaged stats: lr: 0.000006  loss: 0.103300
2026-08-21 19:53:32,272 [INFO] gates: {"epoch": 43, "raw_align_ratio": 3.2223, "align_ratio": 0.0503, "lambda_a": 0.0156, "ptlc_coverage": 0.1481, "ptlc_weak_coverage": 0.1096, "ptlc_consistency": 0.9144, "ptlc_global_cos": 0.2551, "ptlc_token_w_entropy": 2.4477, "ptlc_token_w_max": 0.1048}
2026-08-21 19:53:32,272 [INFO] Evaluating on val.
Train: data epoch: [43]  [ 0/37]  eta: 0:00:25  lr: 0.000006  loss: 0.1087  time: 0.6815  data: 0.0001  max mem: 5063
Train: data epoch: [43]  [20/37]  eta: 0:00:03  lr: 0.000006  loss: 0.0955  time: 0.1914  data: 0.0000  max mem: 5063
Train: data epoch: [43]  [36/37]  eta: 0:00:00  lr: 0.000006  loss: 0.0975  time: 0.1874  data: 0.0000  max mem: 5063
Train: data epoch: [43] Total time: 0:00:07 (0.2027 s / it)
2026-08-21 19:53:35,397 [INFO] Qual: EPOCH[43] -> PLCC: 0.907326, SROCC: 0.870885, KROCC: 0.688530, LOSS: 0.176184
2026-08-21 19:53:35,398 [INFO] Align: EPOCH[43] -> PLCC: 0.846002, SROCC: 0.715295, KROCC: 0.526410, LOSS: 0.273379
2026-08-21 19:53:35,399 [INFO] Start training
2026-08-21 19:53:35,745 [INFO] Start training epoch 44, 37 iters per inner epoch.
2026-08-21 19:53:43,505 [INFO] Averaged stats: lr: 0.000004  loss: 0.103436
2026-08-21 19:53:43,591 [INFO] gates: {"epoch": 44, "raw_align_ratio": 3.3179, "align_ratio": 0.0519, "lambda_a": 0.0156, "ptlc_coverage": 0.1543, "ptlc_weak_coverage": 0.1149, "ptlc_consistency": 0.9229, "ptlc_global_cos": 0.2485, "ptlc_token_w_entropy": 2.3763, "ptlc_token_w_max": 0.1134}
2026-08-21 19:53:43,591 [INFO] Evaluating on val.
Train: data epoch: [44]  [ 0/37]  eta: 0:00:35  lr: 0.000004  loss: 0.1071  time: 0.9533  data: 0.0001  max mem: 5063
Train: data epoch: [44]  [20/37]  eta: 0:00:03  lr: 0.000004  loss: 0.0822  time: 0.1902  data: 0.0000  max mem: 5063
Train: data epoch: [44]  [36/37]  eta: 0:00:00  lr: 0.000004  loss: 0.1234  time: 0.1882  data: 0.0000  max mem: 5063
Train: data epoch: [44] Total time: 0:00:07 (0.2097 s / it)
2026-08-21 19:53:46,559 [INFO] Qual: EPOCH[44] -> PLCC: 0.907297, SROCC: 0.870773, KROCC: 0.688327, LOSS: 0.176092
2026-08-21 19:53:46,559 [INFO] Align: EPOCH[44] -> PLCC: 0.845917, SROCC: 0.714914, KROCC: 0.525891, LOSS: 0.273197
2026-08-21 19:53:46,560 [INFO] Start training
2026-08-21 19:53:46,901 [INFO] Start training epoch 45, 37 iters per inner epoch.
2026-08-21 19:53:54,463 [INFO] Averaged stats: lr: 0.000003  loss: 0.104442
2026-08-21 19:53:54,549 [INFO] gates: {"epoch": 45, "raw_align_ratio": 3.2515, "align_ratio": 0.0508, "lambda_a": 0.0156, "ptlc_coverage": 0.1512, "ptlc_weak_coverage": 0.1126, "ptlc_consistency": 0.9237, "ptlc_global_cos": 0.255, "ptlc_token_w_entropy": 2.4332, "ptlc_token_w_max": 0.1069}
2026-08-21 19:53:54,549 [INFO] Evaluating on val.
Train: data epoch: [45]  [ 0/37]  eta: 0:00:31  lr: 0.000003  loss: 0.1389  time: 0.8389  data: 0.0001  max mem: 5063
Train: data epoch: [45]  [20/37]  eta: 0:00:03  lr: 0.000003  loss: 0.1023  time: 0.1872  data: 0.0000  max mem: 5063
Train: data epoch: [45]  [36/37]  eta: 0:00:00  lr: 0.000003  loss: 0.1142  time: 0.1862  data: 0.0000  max mem: 5063
Train: data epoch: [45] Total time: 0:00:07 (0.2044 s / it)
2026-08-21 19:53:57,571 [INFO] Qual: EPOCH[45] -> PLCC: 0.907227, SROCC: 0.870882, KROCC: 0.688474, LOSS: 0.176301
2026-08-21 19:53:57,571 [INFO] Align: EPOCH[45] -> PLCC: 0.845870, SROCC: 0.714702, KROCC: 0.525676, LOSS: 0.273164
2026-08-21 19:53:57,586 [INFO] Saving checkpoint at epoch 45 to run/20260821193_B2_PTLC_V15_s4/checkpoint_latest.pth.
2026-08-21 19:53:57,632 [INFO] Start training
2026-08-21 19:53:58,008 [INFO] Start training epoch 46, 37 iters per inner epoch.
2026-08-21 19:54:05,512 [INFO] Averaged stats: lr: 0.000003  loss: 0.102988
2026-08-21 19:54:05,589 [INFO] gates: {"epoch": 46, "raw_align_ratio": 3.1981, "align_ratio": 0.05, "lambda_a": 0.0156, "ptlc_coverage": 0.1474, "ptlc_weak_coverage": 0.1075, "ptlc_consistency": 0.9226, "ptlc_global_cos": 0.2525, "ptlc_token_w_entropy": 2.4275, "ptlc_token_w_max": 0.1055}
2026-08-21 19:54:05,589 [INFO] Evaluating on val.
Train: data epoch: [46]  [ 0/37]  eta: 0:00:28  lr: 0.000003  loss: 0.1623  time: 0.7593  data: 0.0001  max mem: 5063
Train: data epoch: [46]  [20/37]  eta: 0:00:03  lr: 0.000003  loss: 0.1150  time: 0.1896  data: 0.0000  max mem: 5063
Train: data epoch: [46]  [36/37]  eta: 0:00:00  lr: 0.000003  loss: 0.0852  time: 0.1858  data: 0.0000  max mem: 5063
Train: data epoch: [46] Total time: 0:00:07 (0.2028 s / it)
2026-08-21 19:54:08,724 [INFO] Qual: EPOCH[46] -> PLCC: 0.907216, SROCC: 0.870924, KROCC: 0.688643, LOSS: 0.176552
2026-08-21 19:54:08,724 [INFO] Align: EPOCH[46] -> PLCC: 0.845784, SROCC: 0.714786, KROCC: 0.525924, LOSS: 0.274378
2026-08-21 19:54:08,725 [INFO] Start training
2026-08-21 19:54:09,068 [INFO] Start training epoch 47, 37 iters per inner epoch.
2026-08-21 19:54:16,664 [INFO] Averaged stats: lr: 0.000002  loss: 0.103090
2026-08-21 19:54:16,753 [INFO] gates: {"epoch": 47, "raw_align_ratio": 3.4312, "align_ratio": 0.0537, "lambda_a": 0.0156, "ptlc_coverage": 0.1472, "ptlc_weak_coverage": 0.1133, "ptlc_consistency": 0.9218, "ptlc_global_cos": 0.2545, "ptlc_token_w_entropy": 2.2483, "ptlc_token_w_max": 0.125}
2026-08-21 19:54:16,754 [INFO] Evaluating on val.
Train: data epoch: [47]  [ 0/37]  eta: 0:00:32  lr: 0.000002  loss: 0.1015  time: 0.8883  data: 0.0001  max mem: 5063
Train: data epoch: [47]  [20/37]  eta: 0:00:03  lr: 0.000002  loss: 0.0977  time: 0.1873  data: 0.0000  max mem: 5063
Train: data epoch: [47]  [36/37]  eta: 0:00:00  lr: 0.000002  loss: 0.0854  time: 0.1851  data: 0.0000  max mem: 5063
Train: data epoch: [47] Total time: 0:00:07 (0.2053 s / it)
2026-08-21 19:54:19,813 [INFO] Qual: EPOCH[47] -> PLCC: 0.907182, SROCC: 0.870846, KROCC: 0.688474, LOSS: 0.176577
2026-08-21 19:54:19,813 [INFO] Align: EPOCH[47] -> PLCC: 0.845751, SROCC: 0.714730, KROCC: 0.525823, LOSS: 0.274200
2026-08-21 19:54:19,814 [INFO] Start training
2026-08-21 19:54:20,176 [INFO] Start training epoch 48, 37 iters per inner epoch.
2026-08-21 19:54:27,998 [INFO] Averaged stats: lr: 0.000001  loss: 0.102526
2026-08-21 19:54:28,075 [INFO] gates: {"epoch": 48, "raw_align_ratio": 3.4747, "align_ratio": 0.0543, "lambda_a": 0.0156, "ptlc_coverage": 0.1426, "ptlc_weak_coverage": 0.1058, "ptlc_consistency": 0.9297, "ptlc_global_cos": 0.2477, "ptlc_token_w_entropy": 2.4302, "ptlc_token_w_max": 0.1046}
2026-08-21 19:54:28,075 [INFO] Evaluating on val.
Train: data epoch: [48]  [ 0/37]  eta: 0:00:36  lr: 0.000001  loss: 0.1324  time: 0.9812  data: 0.0001  max mem: 5063
Train: data epoch: [48]  [20/37]  eta: 0:00:03  lr: 0.000001  loss: 0.0716  time: 0.1907  data: 0.0000  max mem: 5063
Train: data epoch: [48]  [36/37]  eta: 0:00:00  lr: 0.000001  loss: 0.0971  time: 0.1894  data: 0.0000  max mem: 5063
Train: data epoch: [48] Total time: 0:00:07 (0.2114 s / it)
2026-08-21 19:54:31,168 [INFO] Qual: EPOCH[48] -> PLCC: 0.907185, SROCC: 0.870891, KROCC: 0.688620, LOSS: 0.176647
2026-08-21 19:54:31,168 [INFO] Align: EPOCH[48] -> PLCC: 0.845725, SROCC: 0.714751, KROCC: 0.525857, LOSS: 0.274502
2026-08-21 19:54:31,169 [INFO] Start training
2026-08-21 19:54:31,522 [INFO] Start training epoch 49, 37 iters per inner epoch.
2026-08-21 19:54:39,319 [INFO] Averaged stats: lr: 0.000001  loss: 0.103912
2026-08-21 19:54:39,406 [INFO] gates: {"epoch": 49, "raw_align_ratio": 3.3412, "align_ratio": 0.0523, "lambda_a": 0.0156, "ptlc_coverage": 0.1547, "ptlc_weak_coverage": 0.1191, "ptlc_consistency": 0.9178, "ptlc_global_cos": 0.2518, "ptlc_token_w_entropy": 2.3256, "ptlc_token_w_max": 0.1153}
2026-08-21 19:54:39,407 [INFO] Evaluating on val.
Train: data epoch: [49]  [ 0/37]  eta: 0:00:35  lr: 0.000001  loss: 0.1131  time: 0.9492  data: 0.0001  max mem: 5063
Train: data epoch: [49]  [20/37]  eta: 0:00:03  lr: 0.000001  loss: 0.1139  time: 0.1902  data: 0.0000  max mem: 5063
Train: data epoch: [49]  [36/37]  eta: 0:00:00  lr: 0.000001  loss: 0.0910  time: 0.1901  data: 0.0000  max mem: 5063
Train: data epoch: [49] Total time: 0:00:07 (0.2107 s / it)
2026-08-21 19:54:42,560 [INFO] Qual: EPOCH[49] -> PLCC: 0.907177, SROCC: 0.870867, KROCC: 0.688519, LOSS: 0.176651
2026-08-21 19:54:42,560 [INFO] Align: EPOCH[49] -> PLCC: 0.845739, SROCC: 0.714737, KROCC: 0.525868, LOSS: 0.274467
2026-08-21 19:54:42,573 [INFO] Saving checkpoint at epoch 49 to run/20260821193_B2_PTLC_V15_s4/checkpoint_latest.pth.
[{'agg_metrics': np.float64(4.612106000287724), 'qual_agg': np.float64(2.4739456988966317), 'qual_PLCC': np.float64(0.9103563470530155), 'qual_SROCC': np.float64(0.8725996008502417), 'qual_KROCC': np.float64(0.6909897509933748), 'align_agg': np.float64(2.1381603013910926), 'align_PLCC': np.float64(0.8541171430157289), 'align_SROCC': np.float64(0.736377216829365), 'align_KROCC': np.float64(0.5476659415459989)}]
{'agg_metrics': np.float64(4.612106000287724), 'qual_agg': np.float64(2.4739456988966317), 'qual_PLCC': np.float64(0.9103563470530155), 'qual_SROCC': np.float64(0.8725996008502417), 'qual_KROCC': np.float64(0.6909897509933748), 'align_agg': np.float64(2.1381603013910926), 'align_PLCC': np.float64(0.8541171430157289), 'align_SROCC': np.float64(0.736377216829365), 'align_KROCC': np.float64(0.5476659415459989)}
