2026-08-21 21:53:57,064 [INFO] Loaded init weights from init_ckpt/v17_init_seed42.pth
2026-08-21 21:53:57,064 [INFO] Start training
2026-08-21 21:53:57,082 [INFO] number of trainable parameters: 2886534
Not using distributed mode
['msqr_dgmpq_daps_v16', 'msqr_dgmpq_hcmi_v8', 'msqr_dgmpq_mscm_v10', 'msqr_dgmpq_mscm_v11', 'msqr_dgmpq_mscm_v12', 'msqr_dgmpq_msrc_v14', 'msqr_dgmpq_ptlc_v15', 'msqr_dgmpq_qard_v17', 'msqr_dgmpq_tcap_v9']
2026-08-21 21:53:59,659 [INFO] Start training epoch 0, 37 iters per inner epoch.
2026-08-21 21:54:24,092 [INFO] Averaged stats: lr: 0.000036  loss: 6.693266
2026-08-21 21:54:24,160 [INFO] gates: {"epoch": 0, "decoder_ratio": 0.069, "lambda_d": 0.0113, "qard_attn_entropy": 0.9841, "qard_attn_max": 0.0112, "qard_decoder_norm": 16.025, "qard_memory_norm": 6.1677}
2026-08-21 21:54:24,160 [INFO] Evaluating on val.
Train: data epoch: [0]  [ 0/37]  eta: 0:03:21  lr: 0.000000  loss: 7.1242  time: 5.4586  data: 0.0001  max mem: 5055
Train: data epoch: [0]  [20/37]  eta: 0:00:12  lr: 0.000040  loss: 6.5881  time: 0.5246  data: 0.0000  max mem: 5073
Train: data epoch: [0]  [36/37]  eta: 0:00:00  lr: 0.000072  loss: 5.2675  time: 0.5303  data: 0.0000  max mem: 5073
Train: data epoch: [0] Total time: 0:00:24 (0.6603 s / it)
2026-08-21 21:54:30,916 [INFO] Qual: EPOCH[0] -> PLCC: -0.188207, SROCC: -0.174824, KROCC: -0.116257, LOSS: 5.817344
2026-08-21 21:54:30,917 [INFO] Align: EPOCH[0] -> PLCC: -0.115031, SROCC: -0.084629, KROCC: -0.055974, LOSS: 5.234259
2026-08-21 21:54:30,935 [INFO] Saving checkpoint at epoch 0 to run/20260821215_B2_QARD_V17_s6/checkpoint_best.pth.
2026-08-21 21:54:31,013 [INFO] Saving checkpoint at epoch 0 to run/20260821215_B2_QARD_V17_s6/checkpoint_best_joint.pth.
2026-08-21 21:54:31,074 [INFO] Start training
2026-08-21 21:54:31,392 [INFO] Start training epoch 1, 37 iters per inner epoch.
2026-08-21 21:54:51,521 [INFO] Averaged stats: lr: 0.000100  loss: 2.556514
2026-08-21 21:54:51,607 [INFO] gates: {"epoch": 1, "decoder_ratio": 0.0448, "lambda_d": 0.0157, "qard_attn_entropy": 0.9822, "qard_attn_max": 0.0105, "qard_decoder_norm": 16.1202, "qard_memory_norm": 7.9231}
2026-08-21 21:54:51,608 [INFO] Evaluating on val.
Train: data epoch: [1]  [ 0/37]  eta: 0:00:54  lr: 0.000100  loss: 5.2091  time: 1.4644  data: 0.0001  max mem: 5073
Train: data epoch: [1]  [20/37]  eta: 0:00:09  lr: 0.000100  loss: 1.8784  time: 0.5017  data: 0.0000  max mem: 5073
Train: data epoch: [1]  [36/37]  eta: 0:00:00  lr: 0.000100  loss: 1.2072  time: 0.5392  data: 0.0000  max mem: 5073
Train: data epoch: [1] Total time: 0:00:20 (0.5440 s / it)
2026-08-21 21:54:57,746 [INFO] Qual: EPOCH[1] -> PLCC: 0.391985, SROCC: 0.387967, KROCC: 0.266733, LOSS: 0.986031
2026-08-21 21:54:57,746 [INFO] Align: EPOCH[1] -> PLCC: 0.403528, SROCC: 0.406159, KROCC: 0.278498, LOSS: 0.953687
2026-08-21 21:54:57,765 [INFO] Saving checkpoint at epoch 1 to run/20260821215_B2_QARD_V17_s6/checkpoint_best.pth.
2026-08-21 21:54:57,851 [INFO] Saving checkpoint at epoch 1 to run/20260821215_B2_QARD_V17_s6/checkpoint_best_joint.pth.
2026-08-21 21:54:57,921 [INFO] Start training
2026-08-21 21:54:58,244 [INFO] Start training epoch 2, 37 iters per inner epoch.
2026-08-21 21:55:15,952 [INFO] Averaged stats: lr: 0.000100  loss: 0.684374
2026-08-21 21:55:16,032 [INFO] gates: {"epoch": 2, "decoder_ratio": 0.0485, "lambda_d": 0.0155, "qard_attn_entropy": 0.9818, "qard_attn_max": 0.0114, "qard_decoder_norm": 16.0553, "qard_memory_norm": 7.7805}
2026-08-21 21:55:16,032 [INFO] Evaluating on val.
Train: data epoch: [2]  [ 0/37]  eta: 0:00:41  lr: 0.000100  loss: 1.0446  time: 1.1110  data: 0.0001  max mem: 5073
Train: data epoch: [2]  [20/37]  eta: 0:00:07  lr: 0.000100  loss: 0.5759  time: 0.3969  data: 0.0000  max mem: 5073
Train: data epoch: [2]  [36/37]  eta: 0:00:00  lr: 0.000100  loss: 0.6222  time: 0.5392  data: 0.0000  max mem: 5073
Train: data epoch: [2] Total time: 0:00:17 (0.4786 s / it)
2026-08-21 21:55:22,156 [INFO] Qual: EPOCH[2] -> PLCC: 0.779622, SROCC: 0.717464, KROCC: 0.532488, LOSS: 0.440653
2026-08-21 21:55:22,156 [INFO] Align: EPOCH[2] -> PLCC: 0.702511, SROCC: 0.612565, KROCC: 0.433145, LOSS: 0.533384
2026-08-21 21:55:22,173 [INFO] Saving checkpoint at epoch 2 to run/20260821215_B2_QARD_V17_s6/checkpoint_best.pth.
2026-08-21 21:55:22,264 [INFO] Saving checkpoint at epoch 2 to run/20260821215_B2_QARD_V17_s6/checkpoint_best_joint.pth.
2026-08-21 21:55:22,332 [INFO] Start training
2026-08-21 21:55:22,658 [INFO] Start training epoch 3, 37 iters per inner epoch.
2026-08-21 21:55:42,355 [INFO] Averaged stats: lr: 0.000099  loss: 0.364620
2026-08-21 21:55:42,444 [INFO] gates: {"epoch": 3, "decoder_ratio": 0.0507, "lambda_d": 0.0159, "qard_attn_entropy": 0.9564, "qard_attn_max": 0.0191, "qard_decoder_norm": 16.0959, "qard_memory_norm": 6.441}
2026-08-21 21:55:42,445 [INFO] Evaluating on val.
Train: data epoch: [3]  [ 0/37]  eta: 0:00:56  lr: 0.000099  loss: 0.4255  time: 1.5278  data: 0.0001  max mem: 5073
Train: data epoch: [3]  [20/37]  eta: 0:00:09  lr: 0.000099  loss: 0.2836  time: 0.4800  data: 0.0000  max mem: 5073
Train: data epoch: [3]  [36/37]  eta: 0:00:00  lr: 0.000099  loss: 0.3072  time: 0.5359  data: 0.0000  max mem: 5073
Train: data epoch: [3] Total time: 0:00:19 (0.5323 s / it)
2026-08-21 21:55:48,755 [INFO] Qual: EPOCH[3] -> PLCC: 0.869804, SROCC: 0.798586, KROCC: 0.613097, LOSS: 0.238428
2026-08-21 21:55:48,755 [INFO] Align: EPOCH[3] -> PLCC: 0.782954, SROCC: 0.662785, KROCC: 0.480364, LOSS: 0.379569
2026-08-21 21:55:48,772 [INFO] Saving checkpoint at epoch 3 to run/20260821215_B2_QARD_V17_s6/checkpoint_best.pth.
2026-08-21 21:55:48,866 [INFO] Saving checkpoint at epoch 3 to run/20260821215_B2_QARD_V17_s6/checkpoint_best_joint.pth.
2026-08-21 21:55:48,940 [INFO] Start training
2026-08-21 21:55:49,264 [INFO] Start training epoch 4, 37 iters per inner epoch.
2026-08-21 21:56:07,950 [INFO] Averaged stats: lr: 0.000098  loss: 0.265452
2026-08-21 21:56:08,032 [INFO] gates: {"epoch": 4, "decoder_ratio": 0.0493, "lambda_d": 0.0163, "qard_attn_entropy": 0.9574, "qard_attn_max": 0.0202, "qard_decoder_norm": 16.0787, "qard_memory_norm": 6.3705}
2026-08-21 21:56:08,032 [INFO] Evaluating on val.
Train: data epoch: [4]  [ 0/37]  eta: 0:00:44  lr: 0.000098  loss: 0.3689  time: 1.1930  data: 0.0001  max mem: 5073
Train: data epoch: [4]  [20/37]  eta: 0:00:08  lr: 0.000098  loss: 0.2288  time: 0.4485  data: 0.0000  max mem: 5073
Train: data epoch: [4]  [36/37]  eta: 0:00:00  lr: 0.000098  loss: 0.2341  time: 0.5240  data: 0.0000  max mem: 5073
Train: data epoch: [4] Total time: 0:00:18 (0.5050 s / it)
2026-08-21 21:56:14,355 [INFO] Qual: EPOCH[4] -> PLCC: 0.890048, SROCC: 0.839562, KROCC: 0.654626, LOSS: 0.203640
2026-08-21 21:56:14,355 [INFO] Align: EPOCH[4] -> PLCC: 0.809739, SROCC: 0.688928, KROCC: 0.504058, LOSS: 0.335720
2026-08-21 21:56:14,368 [INFO] Saving checkpoint at epoch 4 to run/20260821215_B2_QARD_V17_s6/checkpoint_best.pth.
2026-08-21 21:56:14,438 [INFO] Saving checkpoint at epoch 4 to run/20260821215_B2_QARD_V17_s6/checkpoint_best_joint.pth.
2026-08-21 21:56:14,494 [INFO] Start training
2026-08-21 21:56:14,787 [INFO] Start training epoch 5, 37 iters per inner epoch.
2026-08-21 21:56:33,195 [INFO] Averaged stats: lr: 0.000098  loss: 0.238831
2026-08-21 21:56:33,277 [INFO] gates: {"epoch": 5, "decoder_ratio": 0.0495, "lambda_d": 0.0166, "qard_attn_entropy": 0.9196, "qard_attn_max": 0.0336, "qard_decoder_norm": 16.0906, "qard_memory_norm": 6.1821}
2026-08-21 21:56:33,278 [INFO] Evaluating on val.
Train: data epoch: [5]  [ 0/37]  eta: 0:00:50  lr: 0.000098  loss: 0.2586  time: 1.3778  data: 0.0001  max mem: 5073
Train: data epoch: [5]  [20/37]  eta: 0:00:08  lr: 0.000098  loss: 0.2148  time: 0.4525  data: 0.0000  max mem: 5073
Train: data epoch: [5]  [36/37]  eta: 0:00:00  lr: 0.000098  loss: 0.2362  time: 0.5089  data: 0.0000  max mem: 5073
Train: data epoch: [5] Total time: 0:00:18 (0.4975 s / it)
2026-08-21 21:56:39,606 [INFO] Qual: EPOCH[5] -> PLCC: 0.898454, SROCC: 0.849514, KROCC: 0.666074, LOSS: 0.202654
2026-08-21 21:56:39,607 [INFO] Align: EPOCH[5] -> PLCC: 0.823786, SROCC: 0.702525, KROCC: 0.517564, LOSS: 0.313467
2026-08-21 21:56:39,624 [INFO] Saving checkpoint at epoch 5 to run/20260821215_B2_QARD_V17_s6/checkpoint_best.pth.
2026-08-21 21:56:39,708 [INFO] Saving checkpoint at epoch 5 to run/20260821215_B2_QARD_V17_s6/checkpoint_best_joint.pth.
2026-08-21 21:56:39,764 [INFO] Start training
2026-08-21 21:56:40,053 [INFO] Start training epoch 6, 37 iters per inner epoch.
2026-08-21 21:56:59,067 [INFO] Averaged stats: lr: 0.000097  loss: 0.222604
2026-08-21 21:56:59,153 [INFO] gates: {"epoch": 6, "decoder_ratio": 0.0496, "lambda_d": 0.0168, "qard_attn_entropy": 0.815, "qard_attn_max": 0.0832, "qard_decoder_norm": 16.088, "qard_memory_norm": 6.1085}
2026-08-21 21:56:59,154 [INFO] Evaluating on val.
Train: data epoch: [6]  [ 0/37]  eta: 0:00:44  lr: 0.000097  loss: 0.2266  time: 1.1977  data: 0.0001  max mem: 5073
Train: data epoch: [6]  [20/37]  eta: 0:00:08  lr: 0.000097  loss: 0.2876  time: 0.4858  data: 0.0000  max mem: 5073
Train: data epoch: [6]  [36/37]  eta: 0:00:00  lr: 0.000097  loss: 0.2934  time: 0.5149  data: 0.0000  max mem: 5073
Train: data epoch: [6] Total time: 0:00:19 (0.5139 s / it)
2026-08-21 21:57:05,424 [INFO] Qual: EPOCH[6] -> PLCC: 0.905074, SROCC: 0.861917, KROCC: 0.679659, LOSS: 0.178032
2026-08-21 21:57:05,425 [INFO] Align: EPOCH[6] -> PLCC: 0.831995, SROCC: 0.713786, KROCC: 0.528101, LOSS: 0.299965
2026-08-21 21:57:05,441 [INFO] Saving checkpoint at epoch 6 to run/20260821215_B2_QARD_V17_s6/checkpoint_best.pth.
2026-08-21 21:57:05,530 [INFO] Saving checkpoint at epoch 6 to run/20260821215_B2_QARD_V17_s6/checkpoint_best_joint.pth.
2026-08-21 21:57:05,598 [INFO] Start training
2026-08-21 21:57:05,901 [INFO] Start training epoch 7, 37 iters per inner epoch.
2026-08-21 21:57:24,800 [INFO] Averaged stats: lr: 0.000095  loss: 0.206388
2026-08-21 21:57:24,884 [INFO] gates: {"epoch": 7, "decoder_ratio": 0.0488, "lambda_d": 0.0171, "qard_attn_entropy": 0.7091, "qard_attn_max": 0.144, "qard_decoder_norm": 16.0952, "qard_memory_norm": 5.9405}
2026-08-21 21:57:24,884 [INFO] Evaluating on val.
Train: data epoch: [7]  [ 0/37]  eta: 0:00:36  lr: 0.000095  loss: 0.2007  time: 0.9863  data: 0.0001  max mem: 5073
Train: data epoch: [7]  [20/37]  eta: 0:00:08  lr: 0.000095  loss: 0.1845  time: 0.4923  data: 0.0000  max mem: 5073
Train: data epoch: [7]  [36/37]  eta: 0:00:00  lr: 0.000095  loss: 0.1827  time: 0.5134  data: 0.0000  max mem: 5073
Train: data epoch: [7] Total time: 0:00:18 (0.5107 s / it)
2026-08-21 21:57:31,005 [INFO] Qual: EPOCH[7] -> PLCC: 0.909347, SROCC: 0.868890, KROCC: 0.687430, LOSS: 0.171113
2026-08-21 21:57:31,005 [INFO] Align: EPOCH[7] -> PLCC: 0.838552, SROCC: 0.721867, KROCC: 0.535287, LOSS: 0.291347
2026-08-21 21:57:31,019 [INFO] Saving checkpoint at epoch 7 to run/20260821215_B2_QARD_V17_s6/checkpoint_best.pth.
2026-08-21 21:57:31,087 [INFO] Saving checkpoint at epoch 7 to run/20260821215_B2_QARD_V17_s6/checkpoint_best_joint.pth.
2026-08-21 21:57:31,161 [INFO] Start training
2026-08-21 21:57:31,475 [INFO] Start training epoch 8, 37 iters per inner epoch.
2026-08-21 21:57:50,414 [INFO] Averaged stats: lr: 0.000094  loss: 0.194387
2026-08-21 21:57:50,496 [INFO] gates: {"epoch": 8, "decoder_ratio": 0.0503, "lambda_d": 0.0175, "qard_attn_entropy": 0.6335, "qard_attn_max": 0.2227, "qard_decoder_norm": 16.0941, "qard_memory_norm": 5.7937}
2026-08-21 21:57:50,497 [INFO] Evaluating on val.
Train: data epoch: [8]  [ 0/37]  eta: 0:00:47  lr: 0.000094  loss: 0.2028  time: 1.2825  data: 0.0001  max mem: 5073
Train: data epoch: [8]  [20/37]  eta: 0:00:08  lr: 0.000094  loss: 0.1426  time: 0.4807  data: 0.0000  max mem: 5073
Train: data epoch: [8]  [36/37]  eta: 0:00:00  lr: 0.000094  loss: 0.1562  time: 0.4949  data: 0.0000  max mem: 5073
Train: data epoch: [8] Total time: 0:00:18 (0.5118 s / it)
2026-08-21 21:57:56,724 [INFO] Qual: EPOCH[8] -> PLCC: 0.911563, SROCC: 0.871640, KROCC: 0.690781, LOSS: 0.172691
2026-08-21 21:57:56,724 [INFO] Align: EPOCH[8] -> PLCC: 0.842988, SROCC: 0.727002, KROCC: 0.539886, LOSS: 0.282021
2026-08-21 21:57:56,745 [INFO] Saving checkpoint at epoch 8 to run/20260821215_B2_QARD_V17_s6/checkpoint_best.pth.
2026-08-21 21:57:56,859 [INFO] Saving checkpoint at epoch 8 to run/20260821215_B2_QARD_V17_s6/checkpoint_best_joint.pth.
2026-08-21 21:57:56,914 [INFO] Start training
2026-08-21 21:57:57,208 [INFO] Start training epoch 9, 37 iters per inner epoch.
2026-08-21 21:58:15,955 [INFO] Averaged stats: lr: 0.000092  loss: 0.185907
2026-08-21 21:58:16,100 [INFO] gates: {"epoch": 9, "decoder_ratio": 0.0567, "lambda_d": 0.0181, "qard_attn_entropy": 0.5806, "qard_attn_max": 0.283, "qard_decoder_norm": 16.097, "qard_memory_norm": 5.7337}
2026-08-21 21:58:16,101 [INFO] Evaluating on val.
Train: data epoch: [9]  [ 0/37]  eta: 0:00:36  lr: 0.000092  loss: 0.2017  time: 0.9976  data: 0.0001  max mem: 5073
Train: data epoch: [9]  [20/37]  eta: 0:00:08  lr: 0.000092  loss: 0.1814  time: 0.4973  data: 0.0000  max mem: 5073
Train: data epoch: [9]  [36/37]  eta: 0:00:00  lr: 0.000092  loss: 0.1484  time: 0.4877  data: 0.0000  max mem: 5073
Train: data epoch: [9] Total time: 0:00:18 (0.5067 s / it)
2026-08-21 21:58:22,524 [INFO] Qual: EPOCH[9] -> PLCC: 0.911865, SROCC: 0.874594, KROCC: 0.693581, LOSS: 0.167157
2026-08-21 21:58:22,524 [INFO] Align: EPOCH[9] -> PLCC: 0.843688, SROCC: 0.729146, KROCC: 0.541640, LOSS: 0.283250
2026-08-21 21:58:22,545 [INFO] Saving checkpoint at epoch 9 to run/20260821215_B2_QARD_V17_s6/checkpoint_best.pth.
2026-08-21 21:58:22,638 [INFO] Saving checkpoint at epoch 9 to run/20260821215_B2_QARD_V17_s6/checkpoint_best_joint.pth.
2026-08-21 21:58:22,693 [INFO] Start training
2026-08-21 21:58:22,982 [INFO] Start training epoch 10, 37 iters per inner epoch.
2026-08-21 21:58:42,357 [INFO] Averaged stats: lr: 0.000091  loss: 0.175772
2026-08-21 21:58:42,438 [INFO] gates: {"epoch": 10, "decoder_ratio": 0.0572, "lambda_d": 0.0187, "qard_attn_entropy": 0.5378, "qard_attn_max": 0.2981, "qard_decoder_norm": 16.1205, "qard_memory_norm": 5.5847}
2026-08-21 21:58:42,439 [INFO] Evaluating on val.
Train: data epoch: [10]  [ 0/37]  eta: 0:00:42  lr: 0.000091  loss: 0.1524  time: 1.1567  data: 0.0001  max mem: 5073
Train: data epoch: [10]  [20/37]  eta: 0:00:09  lr: 0.000091  loss: 0.1524  time: 0.5077  data: 0.0000  max mem: 5073
Train: data epoch: [10]  [36/37]  eta: 0:00:00  lr: 0.000091  loss: 0.2258  time: 0.5102  data: 0.0000  max mem: 5073
Train: data epoch: [10] Total time: 0:00:19 (0.5236 s / it)
2026-08-21 21:58:49,035 [INFO] Qual: EPOCH[10] -> PLCC: 0.914948, SROCC: 0.876760, KROCC: 0.696932, LOSS: 0.163617
2026-08-21 21:58:49,035 [INFO] Align: EPOCH[10] -> PLCC: 0.846412, SROCC: 0.733405, KROCC: 0.545655, LOSS: 0.280805
2026-08-21 21:58:49,051 [INFO] Saving checkpoint at epoch 10 to run/20260821215_B2_QARD_V17_s6/checkpoint_best.pth.
2026-08-21 21:58:49,130 [INFO] Saving checkpoint at epoch 10 to run/20260821215_B2_QARD_V17_s6/checkpoint_best_joint.pth.
2026-08-21 21:58:49,188 [INFO] Start training
2026-08-21 21:58:49,484 [INFO] Start training epoch 11, 37 iters per inner epoch.
2026-08-21 21:59:09,165 [INFO] Averaged stats: lr: 0.000089  loss: 0.167125
2026-08-21 21:59:09,245 [INFO] gates: {"epoch": 11, "decoder_ratio": 0.0614, "lambda_d": 0.0195, "qard_attn_entropy": 0.4811, "qard_attn_max": 0.3558, "qard_decoder_norm": 16.1355, "qard_memory_norm": 5.4664}
2026-08-21 21:59:09,245 [INFO] Evaluating on val.
Train: data epoch: [11]  [ 0/37]  eta: 0:00:44  lr: 0.000089  loss: 0.1588  time: 1.1909  data: 0.0001  max mem: 5073
Train: data epoch: [11]  [20/37]  eta: 0:00:09  lr: 0.000089  loss: 0.1491  time: 0.5116  data: 0.0000  max mem: 5073
Train: data epoch: [11]  [36/37]  eta: 0:00:00  lr: 0.000089  loss: 0.1589  time: 0.5195  data: 0.0000  max mem: 5073
Train: data epoch: [11] Total time: 0:00:19 (0.5319 s / it)
2026-08-21 21:59:13,389 [INFO] Qual: EPOCH[11] -> PLCC: 0.914792, SROCC: 0.877231, KROCC: 0.696662, LOSS: 0.162461
2026-08-21 21:59:13,389 [INFO] Align: EPOCH[11] -> PLCC: 0.847547, SROCC: 0.736103, KROCC: 0.547747, LOSS: 0.275624
2026-08-21 21:59:13,403 [INFO] Saving checkpoint at epoch 11 to run/20260821215_B2_QARD_V17_s6/checkpoint_best.pth.
2026-08-21 21:59:13,476 [INFO] Saving checkpoint at epoch 11 to run/20260821215_B2_QARD_V17_s6/checkpoint_best_joint.pth.
2026-08-21 21:59:13,545 [INFO] Start training
2026-08-21 21:59:13,864 [INFO] Start training epoch 12, 37 iters per inner epoch.
2026-08-21 21:59:33,229 [INFO] Averaged stats: lr: 0.000087  loss: 0.159915
2026-08-21 21:59:33,314 [INFO] gates: {"epoch": 12, "decoder_ratio": 0.062, "lambda_d": 0.0205, "qard_attn_entropy": 0.4442, "qard_attn_max": 0.3853, "qard_decoder_norm": 16.1584, "qard_memory_norm": 5.2502}
2026-08-21 21:59:33,314 [INFO] Evaluating on val.
Train: data epoch: [12]  [ 0/37]  eta: 0:00:47  lr: 0.000087  loss: 0.1501  time: 1.2712  data: 0.0001  max mem: 5073
Train: data epoch: [12]  [20/37]  eta: 0:00:09  lr: 0.000087  loss: 0.1385  time: 0.5022  data: 0.0000  max mem: 5073
Train: data epoch: [12]  [36/37]  eta: 0:00:00  lr: 0.000087  loss: 0.1322  time: 0.5080  data: 0.0000  max mem: 5073
Train: data epoch: [12] Total time: 0:00:19 (0.5234 s / it)
2026-08-21 21:59:39,474 [INFO] Qual: EPOCH[12] -> PLCC: 0.915695, SROCC: 0.878401, KROCC: 0.698428, LOSS: 0.161189
2026-08-21 21:59:39,474 [INFO] Align: EPOCH[12] -> PLCC: 0.849416, SROCC: 0.739432, KROCC: 0.551154, LOSS: 0.281075
2026-08-21 21:59:39,492 [INFO] Saving checkpoint at epoch 12 to run/20260821215_B2_QARD_V17_s6/checkpoint_best.pth.
2026-08-21 21:59:39,585 [INFO] Saving checkpoint at epoch 12 to run/20260821215_B2_QARD_V17_s6/checkpoint_best_joint.pth.
2026-08-21 21:59:39,656 [INFO] Start training
2026-08-21 21:59:39,983 [INFO] Start training epoch 13, 37 iters per inner epoch.
2026-08-21 21:59:59,424 [INFO] Averaged stats: lr: 0.000084  loss: 0.154170
2026-08-21 21:59:59,510 [INFO] gates: {"epoch": 13, "decoder_ratio": 0.066, "lambda_d": 0.0214, "qard_attn_entropy": 0.4423, "qard_attn_max": 0.3988, "qard_decoder_norm": 16.1778, "qard_memory_norm": 5.2592}
2026-08-21 21:59:59,510 [INFO] Evaluating on val.
Train: data epoch: [13]  [ 0/37]  eta: 0:00:48  lr: 0.000084  loss: 0.1451  time: 1.3202  data: 0.0001  max mem: 5073
Train: data epoch: [13]  [20/37]  eta: 0:00:09  lr: 0.000084  loss: 0.1143  time: 0.4933  data: 0.0000  max mem: 5073
Train: data epoch: [13]  [36/37]  eta: 0:00:00  lr: 0.000084  loss: 0.1971  time: 0.5188  data: 0.0000  max mem: 5073
Train: data epoch: [13] Total time: 0:00:19 (0.5254 s / it)
2026-08-21 22:00:05,711 [INFO] Qual: EPOCH[13] -> PLCC: 0.916197, SROCC: 0.878547, KROCC: 0.698518, LOSS: 0.161530
2026-08-21 22:00:05,711 [INFO] Align: EPOCH[13] -> PLCC: 0.849737, SROCC: 0.739192, KROCC: 0.550637, LOSS: 0.274335
2026-08-21 22:00:05,755 [INFO] Saving checkpoint at epoch 13 to run/20260821215_B2_QARD_V17_s6/checkpoint_best.pth.
2026-08-21 22:00:05,839 [INFO] Saving checkpoint at epoch 13 to run/20260821215_B2_QARD_V17_s6/checkpoint_best_joint.pth.
2026-08-21 22:00:05,919 [INFO] Start training
2026-08-21 22:00:06,311 [INFO] Start training epoch 14, 37 iters per inner epoch.
2026-08-21 22:00:26,579 [INFO] Averaged stats: lr: 0.000082  loss: 0.148506
2026-08-21 22:00:26,678 [INFO] gates: {"epoch": 14, "decoder_ratio": 0.0716, "lambda_d": 0.0222, "qard_attn_entropy": 0.4524, "qard_attn_max": 0.3948, "qard_decoder_norm": 16.1993, "qard_memory_norm": 5.1663}
2026-08-21 22:00:26,678 [INFO] Evaluating on val.
Train: data epoch: [14]  [ 0/37]  eta: 0:01:04  lr: 0.000082  loss: 0.1569  time: 1.7373  data: 0.0001  max mem: 5073
Train: data epoch: [14]  [20/37]  eta: 0:00:09  lr: 0.000082  loss: 0.1715  time: 0.5178  data: 0.0000  max mem: 5073
Train: data epoch: [14]  [36/37]  eta: 0:00:00  lr: 0.000082  loss: 0.1279  time: 0.5154  data: 0.0000  max mem: 5073
Train: data epoch: [14] Total time: 0:00:20 (0.5478 s / it)
2026-08-21 22:00:32,891 [INFO] Qual: EPOCH[14] -> PLCC: 0.917615, SROCC: 0.880136, KROCC: 0.701138, LOSS: 0.157359
2026-08-21 22:00:32,892 [INFO] Align: EPOCH[14] -> PLCC: 0.849830, SROCC: 0.740069, KROCC: 0.551221, LOSS: 0.272423
2026-08-21 22:00:32,909 [INFO] Saving checkpoint at epoch 14 to run/20260821215_B2_QARD_V17_s6/checkpoint_best.pth.
2026-08-21 22:00:33,010 [INFO] Saving checkpoint at epoch 14 to run/20260821215_B2_QARD_V17_s6/checkpoint_best_joint.pth.
2026-08-21 22:00:33,083 [INFO] Start training
2026-08-21 22:00:33,481 [INFO] Start training epoch 15, 37 iters per inner epoch.
2026-08-21 22:00:53,970 [INFO] Averaged stats: lr: 0.000080  loss: 0.141016
2026-08-21 22:00:54,063 [INFO] gates: {"epoch": 15, "decoder_ratio": 0.0732, "lambda_d": 0.023, "qard_attn_entropy": 0.4581, "qard_attn_max": 0.3734, "qard_decoder_norm": 16.2111, "qard_memory_norm": 5.1998}
2026-08-21 22:00:54,063 [INFO] Evaluating on val.
Train: data epoch: [15]  [ 0/37]  eta: 0:01:16  lr: 0.000080  loss: 0.1331  time: 2.0763  data: 0.0001  max mem: 5073
Train: data epoch: [15]  [20/37]  eta: 0:00:10  lr: 0.000080  loss: 0.1290  time: 0.5162  data: 0.0000  max mem: 5073
Train: data epoch: [15]  [36/37]  eta: 0:00:00  lr: 0.000080  loss: 0.1350  time: 0.5129  data: 0.0000  max mem: 5073
Train: data epoch: [15] Total time: 0:00:20 (0.5537 s / it)
2026-08-21 22:01:00,101 [INFO] Qual: EPOCH[15] -> PLCC: 0.915821, SROCC: 0.877978, KROCC: 0.698394, LOSS: 0.159948
2026-08-21 22:01:00,101 [INFO] Align: EPOCH[15] -> PLCC: 0.851236, SROCC: 0.742824, KROCC: 0.553864, LOSS: 0.270190
2026-08-21 22:01:00,116 [INFO] Saving checkpoint at epoch 15 to run/20260821215_B2_QARD_V17_s6/checkpoint_best_joint.pth.
2026-08-21 22:01:00,201 [INFO] Start training
2026-08-21 22:01:00,588 [INFO] Start training epoch 16, 37 iters per inner epoch.
2026-08-21 22:01:21,114 [INFO] Averaged stats: lr: 0.000077  loss: 0.136874
2026-08-21 22:01:21,208 [INFO] gates: {"epoch": 16, "decoder_ratio": 0.0711, "lambda_d": 0.0237, "qard_attn_entropy": 0.4056, "qard_attn_max": 0.4222, "qard_decoder_norm": 16.2458, "qard_memory_norm": 4.9977}
2026-08-21 22:01:21,209 [INFO] Evaluating on val.
Train: data epoch: [16]  [ 0/37]  eta: 0:01:10  lr: 0.000077  loss: 0.1091  time: 1.8938  data: 0.0001  max mem: 5073
Train: data epoch: [16]  [20/37]  eta: 0:00:10  lr: 0.000077  loss: 0.1648  time: 0.5262  data: 0.0000  max mem: 5073
Train: data epoch: [16]  [36/37]  eta: 0:00:00  lr: 0.000077  loss: 0.1795  time: 0.5129  data: 0.0000  max mem: 5073
Train: data epoch: [16] Total time: 0:00:20 (0.5547 s / it)
2026-08-21 22:01:27,352 [INFO] Qual: EPOCH[16] -> PLCC: 0.914571, SROCC: 0.874663, KROCC: 0.695043, LOSS: 0.163953
2026-08-21 22:01:27,352 [INFO] Align: EPOCH[16] -> PLCC: 0.850612, SROCC: 0.741781, KROCC: 0.553099, LOSS: 0.272020
2026-08-21 22:01:27,353 [INFO] Start training
2026-08-21 22:01:27,772 [INFO] Start training epoch 17, 37 iters per inner epoch.
2026-08-21 22:01:47,427 [INFO] Averaged stats: lr: 0.000074  loss: 0.130778
2026-08-21 22:01:47,521 [INFO] gates: {"epoch": 17, "decoder_ratio": 0.0748, "lambda_d": 0.0245, "qard_attn_entropy": 0.3989, "qard_attn_max": 0.4325, "qard_decoder_norm": 16.2611, "qard_memory_norm": 4.9386}
2026-08-21 22:01:47,522 [INFO] Evaluating on val.
Train: data epoch: [17]  [ 0/37]  eta: 0:00:47  lr: 0.000074  loss: 0.0964  time: 1.2852  data: 0.0001  max mem: 5073
Train: data epoch: [17]  [20/37]  eta: 0:00:09  lr: 0.000074  loss: 0.1422  time: 0.5092  data: 0.0000  max mem: 5073
Train: data epoch: [17]  [36/37]  eta: 0:00:00  lr: 0.000074  loss: 0.1237  time: 0.5158  data: 0.0000  max mem: 5073
Train: data epoch: [17] Total time: 0:00:19 (0.5312 s / it)
2026-08-21 22:01:53,472 [INFO] Qual: EPOCH[17] -> PLCC: 0.915447, SROCC: 0.876529, KROCC: 0.697236, LOSS: 0.160751
2026-08-21 22:01:53,472 [INFO] Align: EPOCH[17] -> PLCC: 0.851196, SROCC: 0.743260, KROCC: 0.554573, LOSS: 0.270029
2026-08-21 22:01:53,473 [INFO] Start training
2026-08-21 22:01:53,772 [INFO] Start training epoch 18, 37 iters per inner epoch.
2026-08-21 22:02:13,398 [INFO] Averaged stats: lr: 0.000072  loss: 0.129069
2026-08-21 22:02:13,491 [INFO] gates: {"epoch": 18, "decoder_ratio": 0.0808, "lambda_d": 0.0251, "qard_attn_entropy": 0.4077, "qard_attn_max": 0.4286, "qard_decoder_norm": 16.2677, "qard_memory_norm": 4.9936}
2026-08-21 22:02:13,492 [INFO] Evaluating on val.
Train: data epoch: [18]  [ 0/37]  eta: 0:00:44  lr: 0.000072  loss: 0.1004  time: 1.2150  data: 0.0001  max mem: 5073
Train: data epoch: [18]  [20/37]  eta: 0:00:09  lr: 0.000072  loss: 0.1371  time: 0.5110  data: 0.0000  max mem: 5073
Train: data epoch: [18]  [36/37]  eta: 0:00:00  lr: 0.000072  loss: 0.1166  time: 0.5173  data: 0.0000  max mem: 5073
Train: data epoch: [18] Total time: 0:00:19 (0.5304 s / it)
2026-08-21 22:02:19,668 [INFO] Qual: EPOCH[18] -> PLCC: 0.915234, SROCC: 0.875420, KROCC: 0.695976, LOSS: 0.161767
2026-08-21 22:02:19,668 [INFO] Align: EPOCH[18] -> PLCC: 0.850645, SROCC: 0.741178, KROCC: 0.552391, LOSS: 0.271553
2026-08-21 22:02:19,669 [INFO] Start training
2026-08-21 22:02:20,107 [INFO] Start training epoch 19, 37 iters per inner epoch.
2026-08-21 22:02:40,084 [INFO] Averaged stats: lr: 0.000069  loss: 0.125641
2026-08-21 22:02:40,178 [INFO] gates: {"epoch": 19, "decoder_ratio": 0.0762, "lambda_d": 0.0257, "qard_attn_entropy": 0.3529, "qard_attn_max": 0.4917, "qard_decoder_norm": 16.3005, "qard_memory_norm": 4.7752}
2026-08-21 22:02:40,178 [INFO] Evaluating on val.
Train: data epoch: [19]  [ 0/37]  eta: 0:00:53  lr: 0.000069  loss: 0.1342  time: 1.4507  data: 0.0001  max mem: 5073
Train: data epoch: [19]  [20/37]  eta: 0:00:09  lr: 0.000069  loss: 0.1246  time: 0.5206  data: 0.0000  max mem: 5073
Train: data epoch: [19]  [36/37]  eta: 0:00:00  lr: 0.000069  loss: 0.1074  time: 0.5124  data: 0.0000  max mem: 5073
Train: data epoch: [19] Total time: 0:00:19 (0.5399 s / it)
2026-08-21 22:02:46,488 [INFO] Qual: EPOCH[19] -> PLCC: 0.917242, SROCC: 0.877820, KROCC: 0.698934, LOSS: 0.158880
2026-08-21 22:02:46,488 [INFO] Align: EPOCH[19] -> PLCC: 0.851903, SROCC: 0.743264, KROCC: 0.554685, LOSS: 0.270798
2026-08-21 22:02:46,506 [INFO] Saving checkpoint at epoch 19 to run/20260821215_B2_QARD_V17_s6/checkpoint_best_joint.pth.
2026-08-21 22:02:46,648 [INFO] Start training
2026-08-21 22:02:47,153 [INFO] Start training epoch 20, 37 iters per inner epoch.
2026-08-21 22:03:07,253 [INFO] Averaged stats: lr: 0.000066  loss: 0.121231
2026-08-21 22:03:07,351 [INFO] gates: {"epoch": 20, "decoder_ratio": 0.0816, "lambda_d": 0.0263, "qard_attn_entropy": 0.3727, "qard_attn_max": 0.4686, "qard_decoder_norm": 16.3024, "qard_memory_norm": 4.7568}
2026-08-21 22:03:07,351 [INFO] Evaluating on val.
Train: data epoch: [20]  [ 0/37]  eta: 0:01:03  lr: 0.000066  loss: 0.0967  time: 1.7033  data: 0.0001  max mem: 5073
Train: data epoch: [20]  [20/37]  eta: 0:00:09  lr: 0.000066  loss: 0.1127  time: 0.5134  data: 0.0000  max mem: 5073
Train: data epoch: [20]  [36/37]  eta: 0:00:00  lr: 0.000066  loss: 0.1621  time: 0.5113  data: 0.0000  max mem: 5073
Train: data epoch: [20] Total time: 0:00:20 (0.5432 s / it)
2026-08-21 22:03:13,380 [INFO] Qual: EPOCH[20] -> PLCC: 0.916492, SROCC: 0.876631, KROCC: 0.698102, LOSS: 0.158526
2026-08-21 22:03:13,381 [INFO] Align: EPOCH[20] -> PLCC: 0.850861, SROCC: 0.741352, KROCC: 0.552717, LOSS: 0.270783
2026-08-21 22:03:13,399 [INFO] Saving checkpoint at epoch 20 to run/20260821215_B2_QARD_V17_s6/checkpoint_latest.pth.
2026-08-21 22:03:13,464 [INFO] Start training
2026-08-21 22:03:13,785 [INFO] Start training epoch 21, 37 iters per inner epoch.
2026-08-21 22:03:33,168 [INFO] Averaged stats: lr: 0.000063  loss: 0.117993
2026-08-21 22:03:33,257 [INFO] gates: {"epoch": 21, "decoder_ratio": 0.0858, "lambda_d": 0.0268, "qard_attn_entropy": 0.3775, "qard_attn_max": 0.458, "qard_decoder_norm": 16.3105, "qard_memory_norm": 4.8377}
2026-08-21 22:03:33,257 [INFO] Evaluating on val.
Train: data epoch: [21]  [ 0/37]  eta: 0:00:39  lr: 0.000063  loss: 0.0876  time: 1.0704  data: 0.0001  max mem: 5073
Train: data epoch: [21]  [20/37]  eta: 0:00:08  lr: 0.000063  loss: 0.1043  time: 0.4988  data: 0.0000  max mem: 5073
Train: data epoch: [21]  [36/37]  eta: 0:00:00  lr: 0.000063  loss: 0.0856  time: 0.5222  data: 0.0000  max mem: 5073
Train: data epoch: [21] Total time: 0:00:19 (0.5238 s / it)
2026-08-21 22:03:39,758 [INFO] Qual: EPOCH[21] -> PLCC: 0.914289, SROCC: 0.873987, KROCC: 0.694537, LOSS: 0.162157
2026-08-21 22:03:39,759 [INFO] Align: EPOCH[21] -> PLCC: 0.851766, SROCC: 0.744076, KROCC: 0.555259, LOSS: 0.273461
2026-08-21 22:03:39,760 [INFO] Start training
2026-08-21 22:03:40,102 [INFO] Start training epoch 22, 37 iters per inner epoch.
2026-08-21 22:04:00,584 [INFO] Averaged stats: lr: 0.000060  loss: 0.116571
2026-08-21 22:04:00,665 [INFO] gates: {"epoch": 22, "decoder_ratio": 0.0893, "lambda_d": 0.0274, "qard_attn_entropy": 0.3745, "qard_attn_max": 0.4608, "qard_decoder_norm": 16.3181, "qard_memory_norm": 4.7269}
2026-08-21 22:04:00,665 [INFO] Evaluating on val.
Train: data epoch: [22]  [ 0/37]  eta: 0:01:04  lr: 0.000060  loss: 0.0746  time: 1.7553  data: 0.0001  max mem: 5073
Train: data epoch: [22]  [20/37]  eta: 0:00:09  lr: 0.000060  loss: 0.1235  time: 0.5103  data: 0.0000  max mem: 5073
Train: data epoch: [22]  [36/37]  eta: 0:00:00  lr: 0.000060  loss: 0.1588  time: 0.5313  data: 0.0000  max mem: 5073
Train: data epoch: [22] Total time: 0:00:20 (0.5535 s / it)
2026-08-21 22:04:05,210 [INFO] Qual: EPOCH[22] -> PLCC: 0.913523, SROCC: 0.873608, KROCC: 0.694143, LOSS: 0.167091
2026-08-21 22:04:05,210 [INFO] Align: EPOCH[22] -> PLCC: 0.850101, SROCC: 0.739759, KROCC: 0.550715, LOSS: 0.272516
2026-08-21 22:04:05,211 [INFO] Start training
2026-08-21 22:04:05,499 [INFO] Start training epoch 23, 37 iters per inner epoch.
2026-08-21 22:04:23,373 [INFO] Averaged stats: lr: 0.000057  loss: 0.113215
2026-08-21 22:04:23,454 [INFO] gates: {"epoch": 23, "decoder_ratio": 0.092, "lambda_d": 0.0279, "qard_attn_entropy": 0.3368, "qard_attn_max": 0.5104, "qard_decoder_norm": 16.3432, "qard_memory_norm": 4.5844}
2026-08-21 22:04:23,454 [INFO] Evaluating on val.
Train: data epoch: [23]  [ 0/37]  eta: 0:00:47  lr: 0.000057  loss: 0.1272  time: 1.2925  data: 0.0001  max mem: 5073
Train: data epoch: [23]  [20/37]  eta: 0:00:07  lr: 0.000057  loss: 0.1642  time: 0.3985  data: 0.0000  max mem: 5073
Train: data epoch: [23]  [36/37]  eta: 0:00:00  lr: 0.000057  loss: 0.1012  time: 0.5401  data: 0.0000  max mem: 5073
Train: data epoch: [23] Total time: 0:00:17 (0.4830 s / it)
2026-08-21 22:04:30,125 [INFO] Qual: EPOCH[23] -> PLCC: 0.914970, SROCC: 0.875333, KROCC: 0.696213, LOSS: 0.163411
2026-08-21 22:04:30,125 [INFO] Align: EPOCH[23] -> PLCC: 0.849603, SROCC: 0.739824, KROCC: 0.550749, LOSS: 0.274654
2026-08-21 22:04:30,126 [INFO] Start training
2026-08-21 22:04:30,418 [INFO] Start training epoch 24, 37 iters per inner epoch.
2026-08-21 22:04:47,452 [INFO] Averaged stats: lr: 0.000054  loss: 0.112103
2026-08-21 22:04:47,541 [INFO] gates: {"epoch": 24, "decoder_ratio": 0.0857, "lambda_d": 0.0283, "qard_attn_entropy": 0.3244, "qard_attn_max": 0.5105, "qard_decoder_norm": 16.3479, "qard_memory_norm": 4.5466}
2026-08-21 22:04:47,541 [INFO] Evaluating on val.
Train: data epoch: [24]  [ 0/37]  eta: 0:00:38  lr: 0.000054  loss: 0.1538  time: 1.0398  data: 0.0001  max mem: 5073
Train: data epoch: [24]  [20/37]  eta: 0:00:07  lr: 0.000054  loss: 0.1123  time: 0.4048  data: 0.0000  max mem: 5073
Train: data epoch: [24]  [36/37]  eta: 0:00:00  lr: 0.000054  loss: 0.0882  time: 0.4392  data: 0.0000  max mem: 5073
Train: data epoch: [24] Total time: 0:00:17 (0.4603 s / it)
2026-08-21 22:04:54,268 [INFO] Qual: EPOCH[24] -> PLCC: 0.913264, SROCC: 0.872952, KROCC: 0.693030, LOSS: 0.169548
2026-08-21 22:04:54,268 [INFO] Align: EPOCH[24] -> PLCC: 0.849894, SROCC: 0.739478, KROCC: 0.550727, LOSS: 0.274695
2026-08-21 22:04:54,269 [INFO] Start training
2026-08-21 22:04:54,589 [INFO] Start training epoch 25, 37 iters per inner epoch.
2026-08-21 22:05:12,529 [INFO] Averaged stats: lr: 0.000050  loss: 0.109682
2026-08-21 22:05:12,610 [INFO] gates: {"epoch": 25, "decoder_ratio": 0.0944, "lambda_d": 0.0288, "qard_attn_entropy": 0.3268, "qard_attn_max": 0.5195, "qard_decoder_norm": 16.3513, "qard_memory_norm": 4.5083}
2026-08-21 22:05:12,610 [INFO] Evaluating on val.
Train: data epoch: [25]  [ 0/37]  eta: 0:00:42  lr: 0.000051  loss: 0.1135  time: 1.1374  data: 0.0001  max mem: 5073
Train: data epoch: [25]  [20/37]  eta: 0:00:08  lr: 0.000051  loss: 0.1358  time: 0.4843  data: 0.0000  max mem: 5073
Train: data epoch: [25]  [36/37]  eta: 0:00:00  lr: 0.000051  loss: 0.1196  time: 0.4682  data: 0.0000  max mem: 5073
Train: data epoch: [25] Total time: 0:00:17 (0.4848 s / it)
2026-08-21 22:05:19,365 [INFO] Qual: EPOCH[25] -> PLCC: 0.910733, SROCC: 0.870012, KROCC: 0.689803, LOSS: 0.171388
2026-08-21 22:05:19,365 [INFO] Align: EPOCH[25] -> PLCC: 0.850715, SROCC: 0.740010, KROCC: 0.551131, LOSS: 0.270885
2026-08-21 22:05:19,382 [INFO] Saving checkpoint at epoch 25 to run/20260821215_B2_QARD_V17_s6/checkpoint_latest.pth.
2026-08-21 22:05:19,451 [INFO] Start training
2026-08-21 22:05:19,772 [INFO] Start training epoch 26, 37 iters per inner epoch.
2026-08-21 22:05:38,747 [INFO] Averaged stats: lr: 0.000047  loss: 0.106901
2026-08-21 22:05:38,831 [INFO] gates: {"epoch": 26, "decoder_ratio": 0.0955, "lambda_d": 0.0292, "qard_attn_entropy": 0.349, "qard_attn_max": 0.4873, "qard_decoder_norm": 16.3773, "qard_memory_norm": 4.5389}
2026-08-21 22:05:38,831 [INFO] Evaluating on val.
Train: data epoch: [26]  [ 0/37]  eta: 0:00:49  lr: 0.000047  loss: 0.1110  time: 1.3310  data: 0.0001  max mem: 5073
Train: data epoch: [26]  [20/37]  eta: 0:00:09  lr: 0.000047  loss: 0.0890  time: 0.4953  data: 0.0000  max mem: 5073
Train: data epoch: [26]  [36/37]  eta: 0:00:00  lr: 0.000047  loss: 0.1038  time: 0.4958  data: 0.0000  max mem: 5073
Train: data epoch: [26] Total time: 0:00:18 (0.5128 s / it)
2026-08-21 22:05:45,351 [INFO] Qual: EPOCH[26] -> PLCC: 0.912661, SROCC: 0.872228, KROCC: 0.692412, LOSS: 0.168524
2026-08-21 22:05:45,351 [INFO] Align: EPOCH[26] -> PLCC: 0.849492, SROCC: 0.738010, KROCC: 0.548804, LOSS: 0.272605
2026-08-21 22:05:45,352 [INFO] Start training
2026-08-21 22:05:45,637 [INFO] Start training epoch 27, 37 iters per inner epoch.
2026-08-21 22:06:04,554 [INFO] Averaged stats: lr: 0.000044  loss: 0.105688
2026-08-21 22:06:04,634 [INFO] gates: {"epoch": 27, "decoder_ratio": 0.1015, "lambda_d": 0.0296, "qard_attn_entropy": 0.3566, "qard_attn_max": 0.4957, "qard_decoder_norm": 16.3906, "qard_memory_norm": 4.5487}
2026-08-21 22:06:04,634 [INFO] Evaluating on val.
Train: data epoch: [27]  [ 0/37]  eta: 0:00:47  lr: 0.000044  loss: 0.1069  time: 1.2704  data: 0.0001  max mem: 5073
Train: data epoch: [27]  [20/37]  eta: 0:00:09  lr: 0.000044  loss: 0.1589  time: 0.5026  data: 0.0000  max mem: 5073
Train: data epoch: [27]  [36/37]  eta: 0:00:00  lr: 0.000044  loss: 0.1119  time: 0.4694  data: 0.0000  max mem: 5073
Train: data epoch: [27] Total time: 0:00:18 (0.5112 s / it)
2026-08-21 22:06:11,349 [INFO] Qual: EPOCH[27] -> PLCC: 0.910174, SROCC: 0.869514, KROCC: 0.688633, LOSS: 0.172909
2026-08-21 22:06:11,350 [INFO] Align: EPOCH[27] -> PLCC: 0.849676, SROCC: 0.738616, KROCC: 0.549276, LOSS: 0.272933
2026-08-21 22:06:11,350 [INFO] Start training
2026-08-21 22:06:11,645 [INFO] Start training epoch 28, 37 iters per inner epoch.
2026-08-21 22:06:29,966 [INFO] Averaged stats: lr: 0.000041  loss: 0.103265
2026-08-21 22:06:30,089 [INFO] gates: {"epoch": 28, "decoder_ratio": 0.0948, "lambda_d": 0.0299, "qard_attn_entropy": 0.3328, "qard_attn_max": 0.5004, "qard_decoder_norm": 16.3962, "qard_memory_norm": 4.3827}
2026-08-21 22:06:30,089 [INFO] Evaluating on val.
Train: data epoch: [28]  [ 0/37]  eta: 0:00:38  lr: 0.000041  loss: 0.1228  time: 1.0326  data: 0.0001  max mem: 5073
Train: data epoch: [28]  [20/37]  eta: 0:00:09  lr: 0.000041  loss: 0.0903  time: 0.5159  data: 0.0000  max mem: 5073
Train: data epoch: [28]  [36/37]  eta: 0:00:00  lr: 0.000041  loss: 0.0746  time: 0.4550  data: 0.0000  max mem: 5073
Train: data epoch: [28] Total time: 0:00:18 (0.4951 s / it)
2026-08-21 22:06:37,237 [INFO] Qual: EPOCH[28] -> PLCC: 0.909780, SROCC: 0.869495, KROCC: 0.688588, LOSS: 0.172977
2026-08-21 22:06:37,237 [INFO] Align: EPOCH[28] -> PLCC: 0.849279, SROCC: 0.737465, KROCC: 0.548174, LOSS: 0.273022
2026-08-21 22:06:37,238 [INFO] Start training
2026-08-21 22:06:37,532 [INFO] Start training epoch 29, 37 iters per inner epoch.
2026-08-21 22:06:57,151 [INFO] Averaged stats: lr: 0.000038  loss: 0.101161
2026-08-21 22:06:57,241 [INFO] gates: {"epoch": 29, "decoder_ratio": 0.1007, "lambda_d": 0.0302, "qard_attn_entropy": 0.3512, "qard_attn_max": 0.4748, "qard_decoder_norm": 16.4066, "qard_memory_norm": 4.378}
2026-08-21 22:06:57,242 [INFO] Evaluating on val.
Train: data epoch: [29]  [ 0/37]  eta: 0:00:49  lr: 0.000038  loss: 0.1078  time: 1.3441  data: 0.0001  max mem: 5073
Train: data epoch: [29]  [20/37]  eta: 0:00:09  lr: 0.000038  loss: 0.0749  time: 0.5034  data: 0.0000  max mem: 5073
Train: data epoch: [29]  [36/37]  eta: 0:00:00  lr: 0.000038  loss: 0.1095  time: 0.5011  data: 0.0000  max mem: 5073
Train: data epoch: [29] Total time: 0:00:19 (0.5302 s / it)
2026-08-21 22:07:03,931 [INFO] Qual: EPOCH[29] -> PLCC: 0.910441, SROCC: 0.870021, KROCC: 0.689623, LOSS: 0.172827
2026-08-21 22:07:03,931 [INFO] Align: EPOCH[29] -> PLCC: 0.848917, SROCC: 0.737063, KROCC: 0.547848, LOSS: 0.273919
2026-08-21 22:07:03,932 [INFO] Start training
2026-08-21 22:07:04,226 [INFO] Start training epoch 30, 37 iters per inner epoch.
2026-08-21 22:07:23,285 [INFO] Averaged stats: lr: 0.000035  loss: 0.099812
2026-08-21 22:07:23,374 [INFO] gates: {"epoch": 30, "decoder_ratio": 0.1021, "lambda_d": 0.0305, "qard_attn_entropy": 0.3568, "qard_attn_max": 0.4805, "qard_decoder_norm": 16.4099, "qard_memory_norm": 4.3831}
2026-08-21 22:07:23,375 [INFO] Evaluating on val.
Train: data epoch: [30]  [ 0/37]  eta: 0:00:44  lr: 0.000035  loss: 0.0669  time: 1.2005  data: 0.0001  max mem: 5073
Train: data epoch: [30]  [20/37]  eta: 0:00:08  lr: 0.000035  loss: 0.1142  time: 0.4875  data: 0.0000  max mem: 5073
Train: data epoch: [30]  [36/37]  eta: 0:00:00  lr: 0.000035  loss: 0.0901  time: 0.4901  data: 0.0000  max mem: 5073
Train: data epoch: [30] Total time: 0:00:19 (0.5151 s / it)
2026-08-21 22:07:29,432 [INFO] Qual: EPOCH[30] -> PLCC: 0.908675, SROCC: 0.867526, KROCC: 0.686451, LOSS: 0.174543
2026-08-21 22:07:29,432 [INFO] Align: EPOCH[30] -> PLCC: 0.848758, SROCC: 0.736749, KROCC: 0.547544, LOSS: 0.274575
2026-08-21 22:07:29,446 [INFO] Saving checkpoint at epoch 30 to run/20260821215_B2_QARD_V17_s6/checkpoint_latest.pth.
2026-08-21 22:07:29,503 [INFO] Start training
2026-08-21 22:07:29,818 [INFO] Start training epoch 31, 37 iters per inner epoch.
2026-08-21 22:07:49,165 [INFO] Averaged stats: lr: 0.000032  loss: 0.098718
2026-08-21 22:07:49,258 [INFO] gates: {"epoch": 31, "decoder_ratio": 0.1004, "lambda_d": 0.0308, "qard_attn_entropy": 0.3239, "qard_attn_max": 0.5243, "qard_decoder_norm": 16.407, "qard_memory_norm": 4.3407}
2026-08-21 22:07:49,259 [INFO] Evaluating on val.
Train: data epoch: [31]  [ 0/37]  eta: 0:00:52  lr: 0.000032  loss: 0.0935  time: 1.4160  data: 0.0001  max mem: 5073
Train: data epoch: [31]  [20/37]  eta: 0:00:09  lr: 0.000032  loss: 0.0950  time: 0.4873  data: 0.0000  max mem: 5073
Train: data epoch: [31]  [36/37]  eta: 0:00:00  lr: 0.000032  loss: 0.0789  time: 0.4972  data: 0.0000  max mem: 5073
Train: data epoch: [31] Total time: 0:00:19 (0.5229 s / it)
2026-08-21 22:07:55,500 [INFO] Qual: EPOCH[31] -> PLCC: 0.908641, SROCC: 0.867602, KROCC: 0.686586, LOSS: 0.174459
2026-08-21 22:07:55,500 [INFO] Align: EPOCH[31] -> PLCC: 0.848581, SROCC: 0.736063, KROCC: 0.546959, LOSS: 0.275048
2026-08-21 22:07:55,501 [INFO] Start training
2026-08-21 22:07:55,782 [INFO] Start training epoch 32, 37 iters per inner epoch.
2026-08-21 22:08:14,887 [INFO] Averaged stats: lr: 0.000029  loss: 0.097326
2026-08-21 22:08:14,971 [INFO] gates: {"epoch": 32, "decoder_ratio": 0.1019, "lambda_d": 0.031, "qard_attn_entropy": 0.3291, "qard_attn_max": 0.5063, "qard_decoder_norm": 16.4208, "qard_memory_norm": 4.2923}
2026-08-21 22:08:14,971 [INFO] Evaluating on val.
Train: data epoch: [32]  [ 0/37]  eta: 0:00:42  lr: 0.000029  loss: 0.1480  time: 1.1429  data: 0.0001  max mem: 5073
Train: data epoch: [32]  [20/37]  eta: 0:00:08  lr: 0.000029  loss: 0.1182  time: 0.4935  data: 0.0000  max mem: 5073
Train: data epoch: [32]  [36/37]  eta: 0:00:00  lr: 0.000029  loss: 0.1214  time: 0.4920  data: 0.0000  max mem: 5073
Train: data epoch: [32] Total time: 0:00:19 (0.5163 s / it)
2026-08-21 22:08:21,222 [INFO] Qual: EPOCH[32] -> PLCC: 0.907508, SROCC: 0.866524, KROCC: 0.685181, LOSS: 0.177840
2026-08-21 22:08:21,222 [INFO] Align: EPOCH[32] -> PLCC: 0.848381, SROCC: 0.736302, KROCC: 0.546768, LOSS: 0.277710
2026-08-21 22:08:21,223 [INFO] Start training
2026-08-21 22:08:21,503 [INFO] Start training epoch 33, 37 iters per inner epoch.
2026-08-21 22:08:40,835 [INFO] Averaged stats: lr: 0.000027  loss: 0.096772
2026-08-21 22:08:40,947 [INFO] gates: {"epoch": 33, "decoder_ratio": 0.0983, "lambda_d": 0.0312, "qard_attn_entropy": 0.3182, "qard_attn_max": 0.5157, "qard_decoder_norm": 16.4184, "qard_memory_norm": 4.2525}
2026-08-21 22:08:40,948 [INFO] Evaluating on val.
Train: data epoch: [33]  [ 0/37]  eta: 0:00:46  lr: 0.000027  loss: 0.0741  time: 1.2572  data: 0.0001  max mem: 5073
Train: data epoch: [33]  [20/37]  eta: 0:00:09  lr: 0.000027  loss: 0.1192  time: 0.4946  data: 0.0000  max mem: 5073
Train: data epoch: [33]  [36/37]  eta: 0:00:00  lr: 0.000027  loss: 0.1188  time: 0.4950  data: 0.0000  max mem: 5073
Train: data epoch: [33] Total time: 0:00:19 (0.5225 s / it)
2026-08-21 22:08:47,401 [INFO] Qual: EPOCH[33] -> PLCC: 0.908484, SROCC: 0.867383, KROCC: 0.686047, LOSS: 0.176224
2026-08-21 22:08:47,401 [INFO] Align: EPOCH[33] -> PLCC: 0.848050, SROCC: 0.734877, KROCC: 0.545925, LOSS: 0.276465
2026-08-21 22:08:47,403 [INFO] Start training
2026-08-21 22:08:47,829 [INFO] Start training epoch 34, 37 iters per inner epoch.
2026-08-21 22:09:07,664 [INFO] Averaged stats: lr: 0.000024  loss: 0.096660
2026-08-21 22:09:07,790 [INFO] gates: {"epoch": 34, "decoder_ratio": 0.0996, "lambda_d": 0.0314, "qard_attn_entropy": 0.2895, "qard_attn_max": 0.5521, "qard_decoder_norm": 16.4253, "qard_memory_norm": 4.2232}
2026-08-21 22:09:07,790 [INFO] Evaluating on val.
Train: data epoch: [34]  [ 0/37]  eta: 0:00:56  lr: 0.000024  loss: 0.0916  time: 1.5224  data: 0.0001  max mem: 5073
Train: data epoch: [34]  [20/37]  eta: 0:00:09  lr: 0.000024  loss: 0.0728  time: 0.5071  data: 0.0000  max mem: 5073
Train: data epoch: [34]  [36/37]  eta: 0:00:00  lr: 0.000024  loss: 0.0687  time: 0.5136  data: 0.0000  max mem: 5073
Train: data epoch: [34] Total time: 0:00:19 (0.5361 s / it)
2026-08-21 22:09:14,354 [INFO] Qual: EPOCH[34] -> PLCC: 0.907955, SROCC: 0.866726, KROCC: 0.684956, LOSS: 0.175767
2026-08-21 22:09:14,355 [INFO] Align: EPOCH[34] -> PLCC: 0.848148, SROCC: 0.735098, KROCC: 0.546049, LOSS: 0.279346
2026-08-21 22:09:14,355 [INFO] Start training
2026-08-21 22:09:14,706 [INFO] Start training epoch 35, 37 iters per inner epoch.
2026-08-21 22:09:34,653 [INFO] Averaged stats: lr: 0.000021  loss: 0.095672
2026-08-21 22:09:34,743 [INFO] gates: {"epoch": 35, "decoder_ratio": 0.103, "lambda_d": 0.0316, "qard_attn_entropy": 0.3155, "qard_attn_max": 0.518, "qard_decoder_norm": 16.4368, "qard_memory_norm": 4.2525}
2026-08-21 22:09:34,743 [INFO] Evaluating on val.
Train: data epoch: [35]  [ 0/37]  eta: 0:00:57  lr: 0.000021  loss: 0.0854  time: 1.5494  data: 0.0001  max mem: 5073
Train: data epoch: [35]  [20/37]  eta: 0:00:09  lr: 0.000021  loss: 0.0877  time: 0.5123  data: 0.0000  max mem: 5073
Train: data epoch: [35]  [36/37]  eta: 0:00:00  lr: 0.000021  loss: 0.0820  time: 0.5144  data: 0.0000  max mem: 5073
Train: data epoch: [35] Total time: 0:00:19 (0.5391 s / it)
2026-08-21 22:09:41,000 [INFO] Qual: EPOCH[35] -> PLCC: 0.906655, SROCC: 0.864842, KROCC: 0.682639, LOSS: 0.177923
2026-08-21 22:09:41,000 [INFO] Align: EPOCH[35] -> PLCC: 0.847577, SROCC: 0.733686, KROCC: 0.544812, LOSS: 0.276784
2026-08-21 22:09:41,051 [INFO] Saving checkpoint at epoch 35 to run/20260821215_B2_QARD_V17_s6/checkpoint_latest.pth.
2026-08-21 22:09:41,121 [INFO] Start training
2026-08-21 22:09:41,509 [INFO] Start training epoch 36, 37 iters per inner epoch.
2026-08-21 22:10:01,198 [INFO] Averaged stats: lr: 0.000019  loss: 0.093652
2026-08-21 22:10:01,301 [INFO] gates: {"epoch": 36, "decoder_ratio": 0.1044, "lambda_d": 0.0317, "qard_attn_entropy": 0.3057, "qard_attn_max": 0.5396, "qard_decoder_norm": 16.4276, "qard_memory_norm": 4.1672}
2026-08-21 22:10:01,301 [INFO] Evaluating on val.
Train: data epoch: [36]  [ 0/37]  eta: 0:00:53  lr: 0.000019  loss: 0.0716  time: 1.4477  data: 0.0002  max mem: 5073
Train: data epoch: [36]  [20/37]  eta: 0:00:09  lr: 0.000019  loss: 0.0814  time: 0.5063  data: 0.0000  max mem: 5073
Train: data epoch: [36]  [36/37]  eta: 0:00:00  lr: 0.000019  loss: 0.0781  time: 0.5124  data: 0.0000  max mem: 5073
Train: data epoch: [36] Total time: 0:00:19 (0.5321 s / it)
2026-08-21 22:10:07,602 [INFO] Qual: EPOCH[36] -> PLCC: 0.906205, SROCC: 0.864571, KROCC: 0.682156, LOSS: 0.179737
2026-08-21 22:10:07,602 [INFO] Align: EPOCH[36] -> PLCC: 0.847697, SROCC: 0.734136, KROCC: 0.544913, LOSS: 0.279943
2026-08-21 22:10:07,603 [INFO] Start training
2026-08-21 22:10:07,886 [INFO] Start training epoch 37, 37 iters per inner epoch.
2026-08-21 22:10:27,408 [INFO] Averaged stats: lr: 0.000017  loss: 0.094409
2026-08-21 22:10:27,512 [INFO] gates: {"epoch": 37, "decoder_ratio": 0.1064, "lambda_d": 0.0319, "qard_attn_entropy": 0.3198, "qard_attn_max": 0.5308, "qard_decoder_norm": 16.437, "qard_memory_norm": 4.3609}
2026-08-21 22:10:27,512 [INFO] Evaluating on val.
Train: data epoch: [37]  [ 0/37]  eta: 0:00:45  lr: 0.000017  loss: 0.1405  time: 1.2431  data: 0.0002  max mem: 5073
Train: data epoch: [37]  [20/37]  eta: 0:00:09  lr: 0.000017  loss: 0.1370  time: 0.5092  data: 0.0000  max mem: 5073
Train: data epoch: [37]  [36/37]  eta: 0:00:00  lr: 0.000017  loss: 0.0737  time: 0.5116  data: 0.0000  max mem: 5073
Train: data epoch: [37] Total time: 0:00:19 (0.5276 s / it)
2026-08-21 22:10:33,885 [INFO] Qual: EPOCH[37] -> PLCC: 0.905724, SROCC: 0.863729, KROCC: 0.681278, LOSS: 0.180233
2026-08-21 22:10:33,885 [INFO] Align: EPOCH[37] -> PLCC: 0.847611, SROCC: 0.733831, KROCC: 0.544677, LOSS: 0.276567
2026-08-21 22:10:33,886 [INFO] Start training
2026-08-21 22:10:34,205 [INFO] Start training epoch 38, 37 iters per inner epoch.
2026-08-21 22:10:54,449 [INFO] Averaged stats: lr: 0.000014  loss: 0.093118
2026-08-21 22:10:54,535 [INFO] gates: {"epoch": 38, "decoder_ratio": 0.1054, "lambda_d": 0.032, "qard_attn_entropy": 0.2709, "qard_attn_max": 0.5727, "qard_decoder_norm": 16.4527, "qard_memory_norm": 4.1802}
2026-08-21 22:10:54,536 [INFO] Evaluating on val.
Train: data epoch: [38]  [ 0/37]  eta: 0:01:01  lr: 0.000014  loss: 0.0977  time: 1.6509  data: 0.0001  max mem: 5073
Train: data epoch: [38]  [20/37]  eta: 0:00:09  lr: 0.000014  loss: 0.0868  time: 0.5284  data: 0.0000  max mem: 5073
Train: data epoch: [38]  [36/37]  eta: 0:00:00  lr: 0.000014  loss: 0.0938  time: 0.5069  data: 0.0000  max mem: 5073
Train: data epoch: [38] Total time: 0:00:20 (0.5471 s / it)
2026-08-21 22:11:00,999 [INFO] Qual: EPOCH[38] -> PLCC: 0.906013, SROCC: 0.864035, KROCC: 0.681312, LOSS: 0.180580
2026-08-21 22:11:00,999 [INFO] Align: EPOCH[38] -> PLCC: 0.847575, SROCC: 0.733667, KROCC: 0.544530, LOSS: 0.277531
2026-08-21 22:11:01,000 [INFO] Start training
2026-08-21 22:11:01,311 [INFO] Start training epoch 39, 37 iters per inner epoch.
2026-08-21 22:11:20,410 [INFO] Averaged stats: lr: 0.000012  loss: 0.092662
2026-08-21 22:11:20,485 [INFO] gates: {"epoch": 39, "decoder_ratio": 0.1043, "lambda_d": 0.0321, "qard_attn_entropy": 0.3223, "qard_attn_max": 0.5248, "qard_decoder_norm": 16.4441, "qard_memory_norm": 4.2136}
2026-08-21 22:11:20,485 [INFO] Evaluating on val.
Train: data epoch: [39]  [ 0/37]  eta: 0:00:35  lr: 0.000012  loss: 0.0967  time: 0.9473  data: 0.0001  max mem: 5073
Train: data epoch: [39]  [20/37]  eta: 0:00:08  lr: 0.000012  loss: 0.0869  time: 0.4910  data: 0.0000  max mem: 5073
Train: data epoch: [39]  [36/37]  eta: 0:00:00  lr: 0.000012  loss: 0.0839  time: 0.5200  data: 0.0000  max mem: 5073
Train: data epoch: [39] Total time: 0:00:19 (0.5162 s / it)
2026-08-21 22:11:27,335 [INFO] Qual: EPOCH[39] -> PLCC: 0.905501, SROCC: 0.863212, KROCC: 0.680626, LOSS: 0.181144
2026-08-21 22:11:27,335 [INFO] Align: EPOCH[39] -> PLCC: 0.847432, SROCC: 0.733422, KROCC: 0.544373, LOSS: 0.277189
2026-08-21 22:11:27,336 [INFO] Start training
2026-08-21 22:11:27,640 [INFO] Start training epoch 40, 37 iters per inner epoch.
2026-08-21 22:11:48,605 [INFO] Averaged stats: lr: 0.000010  loss: 0.091899
2026-08-21 22:11:48,689 [INFO] gates: {"epoch": 40, "decoder_ratio": 0.1106, "lambda_d": 0.0322, "qard_attn_entropy": 0.3072, "qard_attn_max": 0.5403, "qard_decoder_norm": 16.4435, "qard_memory_norm": 4.3081}
2026-08-21 22:11:48,689 [INFO] Evaluating on val.
Train: data epoch: [40]  [ 0/37]  eta: 0:01:25  lr: 0.000010  loss: 0.0821  time: 2.3175  data: 0.0001  max mem: 5073
Train: data epoch: [40]  [20/37]  eta: 0:00:10  lr: 0.000010  loss: 0.0783  time: 0.5075  data: 0.0000  max mem: 5073
Train: data epoch: [40]  [36/37]  eta: 0:00:00  lr: 0.000010  loss: 0.0671  time: 0.5323  data: 0.0000  max mem: 5073
Train: data epoch: [40] Total time: 0:00:20 (0.5666 s / it)
2026-08-21 22:11:55,468 [INFO] Qual: EPOCH[40] -> PLCC: 0.905252, SROCC: 0.863042, KROCC: 0.680401, LOSS: 0.181206
2026-08-21 22:11:55,468 [INFO] Align: EPOCH[40] -> PLCC: 0.847446, SROCC: 0.733360, KROCC: 0.544238, LOSS: 0.277261
2026-08-21 22:11:55,485 [INFO] Saving checkpoint at epoch 40 to run/20260821215_B2_QARD_V17_s6/checkpoint_latest.pth.
2026-08-21 22:11:55,575 [INFO] Start training
2026-08-21 22:11:55,956 [INFO] Start training epoch 41, 37 iters per inner epoch.
2026-08-21 22:12:17,094 [INFO] Averaged stats: lr: 0.000009  loss: 0.092602
2026-08-21 22:12:17,172 [INFO] gates: {"epoch": 41, "decoder_ratio": 0.1027, "lambda_d": 0.0323, "qard_attn_entropy": 0.3293, "qard_attn_max": 0.5087, "qard_decoder_norm": 16.4486, "qard_memory_norm": 4.2262}
2026-08-21 22:12:17,172 [INFO] Evaluating on val.
Train: data epoch: [41]  [ 0/37]  eta: 0:01:41  lr: 0.000009  loss: 0.0867  time: 2.7322  data: 0.0001  max mem: 5073
Train: data epoch: [41]  [20/37]  eta: 0:00:10  lr: 0.000009  loss: 0.1087  time: 0.5154  data: 0.0000  max mem: 5073
Train: data epoch: [41]  [36/37]  eta: 0:00:00  lr: 0.000009  loss: 0.0799  time: 0.5125  data: 0.0000  max mem: 5073
Train: data epoch: [41] Total time: 0:00:21 (0.5713 s / it)
2026-08-21 22:12:23,397 [INFO] Qual: EPOCH[41] -> PLCC: 0.905660, SROCC: 0.863397, KROCC: 0.680862, LOSS: 0.181220
2026-08-21 22:12:23,397 [INFO] Align: EPOCH[41] -> PLCC: 0.847268, SROCC: 0.732502, KROCC: 0.543631, LOSS: 0.277587
2026-08-21 22:12:23,398 [INFO] Start training
2026-08-21 22:12:23,971 [INFO] Start training epoch 42, 37 iters per inner epoch.
2026-08-21 22:12:44,712 [INFO] Averaged stats: lr: 0.000007  loss: 0.091856
2026-08-21 22:12:44,801 [INFO] gates: {"epoch": 42, "decoder_ratio": 0.1099, "lambda_d": 0.0323, "qard_attn_entropy": 0.3361, "qard_attn_max": 0.5007, "qard_decoder_norm": 16.4478, "qard_memory_norm": 4.2103}
2026-08-21 22:12:44,801 [INFO] Evaluating on val.
Train: data epoch: [42]  [ 0/37]  eta: 0:01:17  lr: 0.000007  loss: 0.0841  time: 2.0879  data: 0.0001  max mem: 5073
Train: data epoch: [42]  [20/37]  eta: 0:00:10  lr: 0.000007  loss: 0.1068  time: 0.5157  data: 0.0000  max mem: 5073
Train: data epoch: [42]  [36/37]  eta: 0:00:00  lr: 0.000007  loss: 0.1254  time: 0.5235  data: 0.0000  max mem: 5073
Train: data epoch: [42] Total time: 0:00:20 (0.5606 s / it)
2026-08-21 22:12:51,474 [INFO] Qual: EPOCH[42] -> PLCC: 0.905385, SROCC: 0.863090, KROCC: 0.680458, LOSS: 0.181541
2026-08-21 22:12:51,474 [INFO] Align: EPOCH[42] -> PLCC: 0.847296, SROCC: 0.732840, KROCC: 0.543743, LOSS: 0.277557
2026-08-21 22:12:51,475 [INFO] Start training
2026-08-21 22:12:51,825 [INFO] Start training epoch 43, 37 iters per inner epoch.
2026-08-21 22:13:12,295 [INFO] Averaged stats: lr: 0.000006  loss: 0.092471
2026-08-21 22:13:12,405 [INFO] gates: {"epoch": 43, "decoder_ratio": 0.1004, "lambda_d": 0.0324, "qard_attn_entropy": 0.3061, "qard_attn_max": 0.5299, "qard_decoder_norm": 16.4391, "qard_memory_norm": 4.1807}
2026-08-21 22:13:12,406 [INFO] Evaluating on val.
Train: data epoch: [43]  [ 0/37]  eta: 0:01:11  lr: 0.000006  loss: 0.0827  time: 1.9322  data: 0.0001  max mem: 5073
Train: data epoch: [43]  [20/37]  eta: 0:00:09  lr: 0.000006  loss: 0.1120  time: 0.5134  data: 0.0000  max mem: 5073
Train: data epoch: [43]  [36/37]  eta: 0:00:00  lr: 0.000006  loss: 0.0848  time: 0.5212  data: 0.0000  max mem: 5073
Train: data epoch: [43] Total time: 0:00:20 (0.5532 s / it)
2026-08-21 22:13:18,708 [INFO] Qual: EPOCH[43] -> PLCC: 0.904871, SROCC: 0.862590, KROCC: 0.680120, LOSS: 0.182004
2026-08-21 22:13:18,708 [INFO] Align: EPOCH[43] -> PLCC: 0.847144, SROCC: 0.732634, KROCC: 0.543631, LOSS: 0.277755
2026-08-21 22:13:18,709 [INFO] Start training
2026-08-21 22:13:19,081 [INFO] Start training epoch 44, 37 iters per inner epoch.
2026-08-21 22:13:39,372 [INFO] Averaged stats: lr: 0.000004  loss: 0.091641
2026-08-21 22:13:39,456 [INFO] gates: {"epoch": 44, "decoder_ratio": 0.1076, "lambda_d": 0.0324, "qard_attn_entropy": 0.3056, "qard_attn_max": 0.5288, "qard_decoder_norm": 16.4464, "qard_memory_norm": 4.2345}
2026-08-21 22:13:39,457 [INFO] Evaluating on val.
Train: data epoch: [44]  [ 0/37]  eta: 0:00:58  lr: 0.000004  loss: 0.0813  time: 1.5745  data: 0.0001  max mem: 5073
Train: data epoch: [44]  [20/37]  eta: 0:00:09  lr: 0.000004  loss: 0.0988  time: 0.5090  data: 0.0000  max mem: 5073
Train: data epoch: [44]  [36/37]  eta: 0:00:00  lr: 0.000004  loss: 0.0988  time: 0.5341  data: 0.0000  max mem: 5073
Train: data epoch: [44] Total time: 0:00:20 (0.5484 s / it)
2026-08-21 22:13:46,196 [INFO] Qual: EPOCH[44] -> PLCC: 0.905323, SROCC: 0.863240, KROCC: 0.680604, LOSS: 0.181782
2026-08-21 22:13:46,196 [INFO] Align: EPOCH[44] -> PLCC: 0.847091, SROCC: 0.732516, KROCC: 0.543552, LOSS: 0.277898
2026-08-21 22:13:46,197 [INFO] Start training
2026-08-21 22:13:46,504 [INFO] Start training epoch 45, 37 iters per inner epoch.
2026-08-21 22:14:06,415 [INFO] Averaged stats: lr: 0.000003  loss: 0.091810
2026-08-21 22:14:06,499 [INFO] gates: {"epoch": 45, "decoder_ratio": 0.1064, "lambda_d": 0.0324, "qard_attn_entropy": 0.3081, "qard_attn_max": 0.5144, "qard_decoder_norm": 16.4483, "qard_memory_norm": 4.1962}
2026-08-21 22:14:06,499 [INFO] Evaluating on val.
Train: data epoch: [45]  [ 0/37]  eta: 0:00:50  lr: 0.000003  loss: 0.0695  time: 1.3549  data: 0.0001  max mem: 5073
Train: data epoch: [45]  [20/37]  eta: 0:00:09  lr: 0.000003  loss: 0.0619  time: 0.4963  data: 0.0000  max mem: 5073
Train: data epoch: [45]  [36/37]  eta: 0:00:00  lr: 0.000003  loss: 0.0723  time: 0.5397  data: 0.0000  max mem: 5073
Train: data epoch: [45] Total time: 0:00:19 (0.5381 s / it)
2026-08-21 22:14:12,465 [INFO] Qual: EPOCH[45] -> PLCC: 0.905139, SROCC: 0.862826, KROCC: 0.680289, LOSS: 0.182301
2026-08-21 22:14:12,466 [INFO] Align: EPOCH[45] -> PLCC: 0.847091, SROCC: 0.732521, KROCC: 0.543428, LOSS: 0.278223
2026-08-21 22:14:12,488 [INFO] Saving checkpoint at epoch 45 to run/20260821215_B2_QARD_V17_s6/checkpoint_latest.pth.
2026-08-21 22:14:12,555 [INFO] Start training
2026-08-21 22:14:12,829 [INFO] Start training epoch 46, 37 iters per inner epoch.
2026-08-21 22:14:31,079 [INFO] Averaged stats: lr: 0.000003  loss: 0.091573
2026-08-21 22:14:31,174 [INFO] gates: {"epoch": 46, "decoder_ratio": 0.1111, "lambda_d": 0.0325, "qard_attn_entropy": 0.3512, "qard_attn_max": 0.4805, "qard_decoder_norm": 16.4563, "qard_memory_norm": 4.2574}
2026-08-21 22:14:31,175 [INFO] Evaluating on val.
Train: data epoch: [46]  [ 0/37]  eta: 0:00:42  lr: 0.000003  loss: 0.0790  time: 1.1373  data: 0.0001  max mem: 5073
Train: data epoch: [46]  [20/37]  eta: 0:00:07  lr: 0.000003  loss: 0.0964  time: 0.4235  data: 0.0000  max mem: 5073
Train: data epoch: [46]  [36/37]  eta: 0:00:00  lr: 0.000003  loss: 0.0973  time: 0.5398  data: 0.0000  max mem: 5073
Train: data epoch: [46] Total time: 0:00:18 (0.4932 s / it)
2026-08-21 22:14:37,665 [INFO] Qual: EPOCH[46] -> PLCC: 0.905221, SROCC: 0.863057, KROCC: 0.680424, LOSS: 0.182075
2026-08-21 22:14:37,666 [INFO] Align: EPOCH[46] -> PLCC: 0.847090, SROCC: 0.732610, KROCC: 0.543530, LOSS: 0.277977
2026-08-21 22:14:37,667 [INFO] Start training
2026-08-21 22:14:38,395 [INFO] Start training epoch 47, 37 iters per inner epoch.
2026-08-21 22:14:58,356 [INFO] Averaged stats: lr: 0.000002  loss: 0.091091
2026-08-21 22:14:58,445 [INFO] gates: {"epoch": 47, "decoder_ratio": 0.1114, "lambda_d": 0.0325, "qard_attn_entropy": 0.3249, "qard_attn_max": 0.5215, "qard_decoder_norm": 16.4477, "qard_memory_norm": 4.1811}
2026-08-21 22:14:58,446 [INFO] Evaluating on val.
Train: data epoch: [47]  [ 0/37]  eta: 0:01:33  lr: 0.000002  loss: 0.1042  time: 2.5171  data: 0.0002  max mem: 5073
Train: data epoch: [47]  [20/37]  eta: 0:00:09  lr: 0.000002  loss: 0.0855  time: 0.4446  data: 0.0000  max mem: 5073
Train: data epoch: [47]  [36/37]  eta: 0:00:00  lr: 0.000002  loss: 0.0809  time: 0.5250  data: 0.0000  max mem: 5073
Train: data epoch: [47] Total time: 0:00:19 (0.5395 s / it)
2026-08-21 22:15:05,203 [INFO] Qual: EPOCH[47] -> PLCC: 0.905165, SROCC: 0.862972, KROCC: 0.680390, LOSS: 0.181926
2026-08-21 22:15:05,203 [INFO] Align: EPOCH[47] -> PLCC: 0.847101, SROCC: 0.732509, KROCC: 0.543473, LOSS: 0.278053
2026-08-21 22:15:05,204 [INFO] Start training
2026-08-21 22:15:05,517 [INFO] Start training epoch 48, 37 iters per inner epoch.
2026-08-21 22:15:23,091 [INFO] Averaged stats: lr: 0.000001  loss: 0.090948
2026-08-21 22:15:23,172 [INFO] gates: {"epoch": 48, "decoder_ratio": 0.1106, "lambda_d": 0.0325, "qard_attn_entropy": 0.2862, "qard_attn_max": 0.5707, "qard_decoder_norm": 16.4544, "qard_memory_norm": 4.234}
2026-08-21 22:15:23,172 [INFO] Evaluating on val.
Train: data epoch: [48]  [ 0/37]  eta: 0:00:56  lr: 0.000001  loss: 0.0966  time: 1.5378  data: 0.0002  max mem: 5073
Train: data epoch: [48]  [20/37]  eta: 0:00:07  lr: 0.000001  loss: 0.0743  time: 0.3905  data: 0.0000  max mem: 5073
Train: data epoch: [48]  [36/37]  eta: 0:00:00  lr: 0.000001  loss: 0.0665  time: 0.4518  data: 0.0000  max mem: 5073
Train: data epoch: [48] Total time: 0:00:17 (0.4750 s / it)
2026-08-21 22:15:29,928 [INFO] Qual: EPOCH[48] -> PLCC: 0.904959, SROCC: 0.862481, KROCC: 0.679850, LOSS: 0.182427
2026-08-21 22:15:29,928 [INFO] Align: EPOCH[48] -> PLCC: 0.847100, SROCC: 0.732576, KROCC: 0.543507, LOSS: 0.278045
2026-08-21 22:15:29,929 [INFO] Start training
2026-08-21 22:15:30,243 [INFO] Start training epoch 49, 37 iters per inner epoch.
2026-08-21 22:15:49,127 [INFO] Averaged stats: lr: 0.000001  loss: 0.090324
2026-08-21 22:15:49,204 [INFO] gates: {"epoch": 49, "decoder_ratio": 0.1071, "lambda_d": 0.0325, "qard_attn_entropy": 0.3179, "qard_attn_max": 0.524, "qard_decoder_norm": 16.4513, "qard_memory_norm": 4.18}
2026-08-21 22:15:49,204 [INFO] Evaluating on val.
Train: data epoch: [49]  [ 0/37]  eta: 0:00:51  lr: 0.000001  loss: 0.0711  time: 1.3902  data: 0.0001  max mem: 5073
Train: data epoch: [49]  [20/37]  eta: 0:00:08  lr: 0.000001  loss: 0.0908  time: 0.4845  data: 0.0000  max mem: 5073
Train: data epoch: [49]  [36/37]  eta: 0:00:00  lr: 0.000001  loss: 0.0858  time: 0.4779  data: 0.0000  max mem: 5073
Train: data epoch: [49] Total time: 0:00:18 (0.5104 s / it)
2026-08-21 22:15:55,711 [INFO] Qual: EPOCH[49] -> PLCC: 0.904986, SROCC: 0.862674, KROCC: 0.679963, LOSS: 0.182379
2026-08-21 22:15:55,711 [INFO] Align: EPOCH[49] -> PLCC: 0.847064, SROCC: 0.732501, KROCC: 0.543406, LOSS: 0.278109
2026-08-21 22:15:55,730 [INFO] Saving checkpoint at epoch 49 to run/20260821215_B2_QARD_V17_s6/checkpoint_latest.pth.
[{'agg_metrics': np.float64(4.643848126883625), 'qual_agg': np.float64(2.493996115662239), 'qual_PLCC': np.float64(0.9172419431188544), 'qual_SROCC': np.float64(0.8778202142746491), 'qual_KROCC': np.float64(0.6989339582687355), 'align_agg': np.float64(2.1498520112213857), 'align_PLCC': np.float64(0.8519029966762413), 'align_SROCC': np.float64(0.7432640133594064), 'align_KROCC': np.float64(0.5546850011857378)}]
{'agg_metrics': np.float64(4.643848126883625), 'qual_agg': np.float64(2.493996115662239), 'qual_PLCC': np.float64(0.9172419431188544), 'qual_SROCC': np.float64(0.8778202142746491), 'qual_KROCC': np.float64(0.6989339582687355), 'align_agg': np.float64(2.1498520112213857), 'align_PLCC': np.float64(0.8519029966762413), 'align_SROCC': np.float64(0.7432640133594064), 'align_KROCC': np.float64(0.5546850011857378)}
