2026-08-21 12:30:54,808 [INFO] Start training
2026-08-21 12:30:55,348 [INFO] number of trainable parameters: 3072778
Not using distributed mode
['msqr_dgmpq_hcmi_v8']
2026-08-21 12:30:57,239 [INFO] Start training epoch 0, 37 iters per inner epoch.
2026-08-21 12:31:22,491 [INFO] Averaged stats: lr: 0.000036  loss: 7.107289
2026-08-21 12:31:22,564 [INFO] gates: {"epoch": 0, "raw_align_ratio": 9.0404, "align_ratio": 0.1037, "lambda_a": 0.0116, "alpha_d": 0.0114, "beta_d": 0.0108, "alpha_s": 0.0112, "beta_s": 0.0106, "hier_gate_mean": 0.5076, "prompt_w_valid_mean": 1.0, "prompt_w_valid_std": 0.1307, "prompt_w_max": 1.4621, "prompt_w_entropy": 6.6882}
2026-08-21 12:31:22,564 [INFO] Evaluating on val.
Train: data epoch: [0]  [ 0/37]  eta: 0:03:25  lr: 0.000000  loss: 6.6094  time: 5.5578  data: 0.0001  max mem: 5166
Train: data epoch: [0]  [20/37]  eta: 0:00:13  lr: 0.000040  loss: 7.2757  time: 0.5568  data: 0.0000  max mem: 5196
Train: data epoch: [0]  [36/37]  eta: 0:00:00  lr: 0.000072  loss: 6.7916  time: 0.5386  data: 0.0000  max mem: 5196
Train: data epoch: [0] Total time: 0:00:25 (0.6825 s / it)
2026-08-21 12:31:28,871 [INFO] Qual: EPOCH[0] -> PLCC: -0.178562, SROCC: -0.165327, KROCC: -0.110274, LOSS: 6.392845
2026-08-21 12:31:28,871 [INFO] Align: EPOCH[0] -> PLCC: -0.075477, SROCC: -0.048200, KROCC: -0.030177, LOSS: 6.179233
2026-08-21 12:31:28,885 [INFO] Saving checkpoint at epoch 0 to run/20260821123_B2_s6/checkpoint_best.pth.
2026-08-21 12:31:28,994 [INFO] Saving checkpoint at epoch 0 to run/20260821123_B2_s6/checkpoint_best_joint.pth.
2026-08-21 12:31:29,077 [INFO] Start training
2026-08-21 12:31:29,358 [INFO] Start training epoch 1, 37 iters per inner epoch.
2026-08-21 12:31:49,969 [INFO] Averaged stats: lr: 0.000100  loss: 3.426362
2026-08-21 12:31:50,058 [INFO] gates: {"epoch": 1, "raw_align_ratio": 5.2874, "align_ratio": 0.0848, "lambda_a": 0.0161, "alpha_d": 0.0133, "beta_d": 0.0127, "alpha_s": 0.0121, "beta_s": 0.0117, "hier_gate_mean": 0.5323, "prompt_w_valid_mean": 1.0, "prompt_w_valid_std": 0.2828, "prompt_w_max": 2.3849, "prompt_w_entropy": 6.6471}
2026-08-21 12:31:50,059 [INFO] Evaluating on val.
Train: data epoch: [1]  [ 0/37]  eta: 0:00:51  lr: 0.000100  loss: 6.7636  time: 1.3806  data: 0.0001  max mem: 5196
Train: data epoch: [1]  [20/37]  eta: 0:00:09  lr: 0.000100  loss: 2.9748  time: 0.5365  data: 0.0000  max mem: 5196
Train: data epoch: [1]  [36/37]  eta: 0:00:00  lr: 0.000100  loss: 1.2317  time: 0.5364  data: 0.0000  max mem: 5196
Train: data epoch: [1] Total time: 0:00:20 (0.5571 s / it)
2026-08-21 12:31:55,582 [INFO] Qual: EPOCH[1] -> PLCC: 0.295081, SROCC: 0.273043, KROCC: 0.186474, LOSS: 0.965597
2026-08-21 12:31:55,582 [INFO] Align: EPOCH[1] -> PLCC: 0.298416, SROCC: 0.269697, KROCC: 0.179572, LOSS: 0.943178
2026-08-21 12:31:55,596 [INFO] Saving checkpoint at epoch 1 to run/20260821123_B2_s6/checkpoint_best.pth.
2026-08-21 12:31:55,700 [INFO] Saving checkpoint at epoch 1 to run/20260821123_B2_s6/checkpoint_best_joint.pth.
2026-08-21 12:31:55,779 [INFO] Start training
2026-08-21 12:31:56,040 [INFO] Start training epoch 2, 37 iters per inner epoch.
2026-08-21 12:32:16,189 [INFO] Averaged stats: lr: 0.000100  loss: 0.815066
2026-08-21 12:32:16,269 [INFO] gates: {"epoch": 2, "raw_align_ratio": 5.4519, "align_ratio": 0.0881, "lambda_a": 0.0162, "alpha_d": 0.0129, "beta_d": 0.0123, "alpha_s": 0.0121, "beta_s": 0.0116, "hier_gate_mean": 0.569, "prompt_w_valid_mean": 1.0, "prompt_w_valid_std": 0.2623, "prompt_w_max": 2.2457, "prompt_w_entropy": 6.7688}
2026-08-21 12:32:16,270 [INFO] Evaluating on val.
Train: data epoch: [2]  [ 0/37]  eta: 0:00:40  lr: 0.000100  loss: 1.2900  time: 1.0970  data: 0.0001  max mem: 5196
Train: data epoch: [2]  [20/37]  eta: 0:00:09  lr: 0.000100  loss: 0.7926  time: 0.5261  data: 0.0000  max mem: 5196
Train: data epoch: [2]  [36/37]  eta: 0:00:00  lr: 0.000100  loss: 0.5839  time: 0.5366  data: 0.0000  max mem: 5196
Train: data epoch: [2] Total time: 0:00:20 (0.5446 s / it)
2026-08-21 12:32:22,230 [INFO] Qual: EPOCH[2] -> PLCC: 0.731704, SROCC: 0.672783, KROCC: 0.489879, LOSS: 0.531786
2026-08-21 12:32:22,230 [INFO] Align: EPOCH[2] -> PLCC: 0.658457, SROCC: 0.575764, KROCC: 0.400218, LOSS: 0.612600
2026-08-21 12:32:22,243 [INFO] Saving checkpoint at epoch 2 to run/20260821123_B2_s6/checkpoint_best.pth.
2026-08-21 12:32:22,338 [INFO] Saving checkpoint at epoch 2 to run/20260821123_B2_s6/checkpoint_best_joint.pth.
2026-08-21 12:32:22,413 [INFO] Start training
2026-08-21 12:32:22,686 [INFO] Start training epoch 3, 37 iters per inner epoch.
2026-08-21 12:32:43,436 [INFO] Averaged stats: lr: 0.000099  loss: 0.437561
2026-08-21 12:32:43,549 [INFO] gates: {"epoch": 3, "raw_align_ratio": 5.9534, "align_ratio": 0.0953, "lambda_a": 0.016, "alpha_d": 0.0133, "beta_d": 0.0133, "alpha_s": 0.0123, "beta_s": 0.0116, "hier_gate_mean": 0.796, "prompt_w_valid_mean": 1.0, "prompt_w_valid_std": 0.1915, "prompt_w_max": 2.0304, "prompt_w_entropy": 6.7482}
2026-08-21 12:32:43,549 [INFO] Evaluating on val.
Train: data epoch: [3]  [ 0/37]  eta: 0:01:16  lr: 0.000099  loss: 0.7047  time: 2.0558  data: 0.0001  max mem: 5196
Train: data epoch: [3]  [20/37]  eta: 0:00:10  lr: 0.000099  loss: 0.3677  time: 0.5293  data: 0.0000  max mem: 5196
Train: data epoch: [3]  [36/37]  eta: 0:00:00  lr: 0.000099  loss: 0.2905  time: 0.5191  data: 0.0000  max mem: 5196
Train: data epoch: [3] Total time: 0:00:20 (0.5608 s / it)
2026-08-21 12:32:50,292 [INFO] Qual: EPOCH[3] -> PLCC: 0.846485, SROCC: 0.766253, KROCC: 0.580717, LOSS: 0.284287
2026-08-21 12:32:50,292 [INFO] Align: EPOCH[3] -> PLCC: 0.766977, SROCC: 0.634538, KROCC: 0.454488, LOSS: 0.408795
2026-08-21 12:32:50,305 [INFO] Saving checkpoint at epoch 3 to run/20260821123_B2_s6/checkpoint_best.pth.
2026-08-21 12:32:50,404 [INFO] Saving checkpoint at epoch 3 to run/20260821123_B2_s6/checkpoint_best_joint.pth.
2026-08-21 12:32:50,487 [INFO] Start training
2026-08-21 12:32:50,784 [INFO] Start training epoch 4, 37 iters per inner epoch.
2026-08-21 12:33:10,576 [INFO] Averaged stats: lr: 0.000098  loss: 0.295441
2026-08-21 12:33:10,652 [INFO] gates: {"epoch": 4, "raw_align_ratio": 5.9568, "align_ratio": 0.0957, "lambda_a": 0.0161, "alpha_d": 0.0139, "beta_d": 0.015, "alpha_s": 0.0122, "beta_s": 0.0114, "hier_gate_mean": 0.8142, "prompt_w_valid_mean": 1.0, "prompt_w_valid_std": 0.7105, "prompt_w_max": 4.1377, "prompt_w_entropy": 6.5043}
2026-08-21 12:33:10,652 [INFO] Evaluating on val.
Train: data epoch: [4]  [ 0/37]  eta: 0:00:42  lr: 0.000098  loss: 0.2839  time: 1.1542  data: 0.0001  max mem: 5196
Train: data epoch: [4]  [20/37]  eta: 0:00:09  lr: 0.000098  loss: 0.2962  time: 0.5012  data: 0.0000  max mem: 5196
Train: data epoch: [4]  [36/37]  eta: 0:00:00  lr: 0.000098  loss: 0.2058  time: 0.5160  data: 0.0000  max mem: 5196
Train: data epoch: [4] Total time: 0:00:19 (0.5349 s / it)
2026-08-21 12:33:17,325 [INFO] Qual: EPOCH[4] -> PLCC: 0.876499, SROCC: 0.806429, KROCC: 0.618494, LOSS: 0.227731
2026-08-21 12:33:17,325 [INFO] Align: EPOCH[4] -> PLCC: 0.815631, SROCC: 0.669807, KROCC: 0.487854, LOSS: 0.326559
2026-08-21 12:33:17,342 [INFO] Saving checkpoint at epoch 4 to run/20260821123_B2_s6/checkpoint_best.pth.
2026-08-21 12:33:17,464 [INFO] Saving checkpoint at epoch 4 to run/20260821123_B2_s6/checkpoint_best_joint.pth.
2026-08-21 12:33:17,557 [INFO] Start training
2026-08-21 12:33:17,847 [INFO] Start training epoch 5, 37 iters per inner epoch.
2026-08-21 12:33:37,715 [INFO] Averaged stats: lr: 0.000098  loss: 0.253431
2026-08-21 12:33:37,806 [INFO] gates: {"epoch": 5, "raw_align_ratio": 5.969, "align_ratio": 0.0983, "lambda_a": 0.0165, "alpha_d": 0.0148, "beta_d": 0.0177, "alpha_s": 0.0123, "beta_s": 0.0112, "hier_gate_mean": 0.8347, "prompt_w_valid_mean": 1.0, "prompt_w_valid_std": 0.4049, "prompt_w_max": 2.762, "prompt_w_entropy": 6.584}
2026-08-21 12:33:37,806 [INFO] Evaluating on val.
Train: data epoch: [5]  [ 0/37]  eta: 0:01:00  lr: 0.000098  loss: 0.2560  time: 1.6484  data: 0.0001  max mem: 5196
Train: data epoch: [5]  [20/37]  eta: 0:00:09  lr: 0.000098  loss: 0.2052  time: 0.4746  data: 0.0000  max mem: 5196
Train: data epoch: [5]  [36/37]  eta: 0:00:00  lr: 0.000098  loss: 0.2608  time: 0.5233  data: 0.0000  max mem: 5196
Train: data epoch: [5] Total time: 0:00:19 (0.5370 s / it)
2026-08-21 12:33:44,779 [INFO] Qual: EPOCH[5] -> PLCC: 0.885538, SROCC: 0.825914, KROCC: 0.639636, LOSS: 0.213584
2026-08-21 12:33:44,780 [INFO] Align: EPOCH[5] -> PLCC: 0.832347, SROCC: 0.700543, KROCC: 0.516001, LOSS: 0.301311
2026-08-21 12:33:44,809 [INFO] Saving checkpoint at epoch 5 to run/20260821123_B2_s6/checkpoint_best.pth.
2026-08-21 12:33:44,955 [INFO] Saving checkpoint at epoch 5 to run/20260821123_B2_s6/checkpoint_best_joint.pth.
2026-08-21 12:33:45,068 [INFO] Start training
2026-08-21 12:33:45,427 [INFO] Start training epoch 6, 37 iters per inner epoch.
2026-08-21 12:34:05,357 [INFO] Averaged stats: lr: 0.000097  loss: 0.236379
2026-08-21 12:34:05,455 [INFO] gates: {"epoch": 6, "raw_align_ratio": 6.1989, "align_ratio": 0.1066, "lambda_a": 0.0172, "alpha_d": 0.0166, "beta_d": 0.018, "alpha_s": 0.0122, "beta_s": 0.0106, "hier_gate_mean": 0.7701, "prompt_w_valid_mean": 1.0, "prompt_w_valid_std": 0.3725, "prompt_w_max": 2.8098, "prompt_w_entropy": 6.7457}
2026-08-21 12:34:05,455 [INFO] Evaluating on val.
Train: data epoch: [6]  [ 0/37]  eta: 0:00:45  lr: 0.000097  loss: 0.2464  time: 1.2346  data: 0.0001  max mem: 5196
Train: data epoch: [6]  [20/37]  eta: 0:00:09  lr: 0.000097  loss: 0.2148  time: 0.5086  data: 0.0000  max mem: 5196
Train: data epoch: [6]  [36/37]  eta: 0:00:00  lr: 0.000097  loss: 0.2441  time: 0.5108  data: 0.0000  max mem: 5196
Train: data epoch: [6] Total time: 0:00:19 (0.5386 s / it)
2026-08-21 12:34:12,488 [INFO] Qual: EPOCH[6] -> PLCC: 0.890826, SROCC: 0.835516, KROCC: 0.650679, LOSS: 0.201982
2026-08-21 12:34:12,488 [INFO] Align: EPOCH[6] -> PLCC: 0.840872, SROCC: 0.715914, KROCC: 0.530372, LOSS: 0.285539
2026-08-21 12:34:12,506 [INFO] Saving checkpoint at epoch 6 to run/20260821123_B2_s6/checkpoint_best.pth.
2026-08-21 12:34:12,629 [INFO] Saving checkpoint at epoch 6 to run/20260821123_B2_s6/checkpoint_best_joint.pth.
2026-08-21 12:34:12,726 [INFO] Start training
2026-08-21 12:34:13,074 [INFO] Start training epoch 7, 37 iters per inner epoch.
2026-08-21 12:34:31,030 [INFO] Averaged stats: lr: 0.000095  loss: 0.218760
2026-08-21 12:34:31,123 [INFO] gates: {"epoch": 7, "raw_align_ratio": 6.2359, "align_ratio": 0.1132, "lambda_a": 0.0182, "alpha_d": 0.0182, "beta_d": 0.0183, "alpha_s": 0.0121, "beta_s": 0.0106, "hier_gate_mean": 0.7245, "prompt_w_valid_mean": 1.0, "prompt_w_valid_std": 0.3968, "prompt_w_max": 2.7013, "prompt_w_entropy": 6.6306}
2026-08-21 12:34:31,124 [INFO] Evaluating on val.
Train: data epoch: [7]  [ 0/37]  eta: 0:00:46  lr: 0.000095  loss: 0.2180  time: 1.2583  data: 0.0001  max mem: 5196
Train: data epoch: [7]  [20/37]  eta: 0:00:08  lr: 0.000095  loss: 0.2602  time: 0.4757  data: 0.0000  max mem: 5196
Train: data epoch: [7]  [36/37]  eta: 0:00:00  lr: 0.000095  loss: 0.1898  time: 0.4719  data: 0.0000  max mem: 5196
Train: data epoch: [7] Total time: 0:00:17 (0.4853 s / it)
2026-08-21 12:34:38,055 [INFO] Qual: EPOCH[7] -> PLCC: 0.896269, SROCC: 0.842340, KROCC: 0.659057, LOSS: 0.194586
2026-08-21 12:34:38,055 [INFO] Align: EPOCH[7] -> PLCC: 0.841036, SROCC: 0.722191, KROCC: 0.535140, LOSS: 0.286792
2026-08-21 12:34:38,073 [INFO] Saving checkpoint at epoch 7 to run/20260821123_B2_s6/checkpoint_best.pth.
2026-08-21 12:34:38,207 [INFO] Saving checkpoint at epoch 7 to run/20260821123_B2_s6/checkpoint_best_joint.pth.
2026-08-21 12:34:38,304 [INFO] Start training
2026-08-21 12:34:38,652 [INFO] Start training epoch 8, 37 iters per inner epoch.
2026-08-21 12:34:58,761 [INFO] Averaged stats: lr: 0.000094  loss: 0.203527
2026-08-21 12:34:58,842 [INFO] gates: {"epoch": 8, "raw_align_ratio": 6.2335, "align_ratio": 0.1198, "lambda_a": 0.0192, "alpha_d": 0.0179, "beta_d": 0.0191, "alpha_s": 0.0122, "beta_s": 0.01, "hier_gate_mean": 0.7705, "prompt_w_valid_mean": 1.0, "prompt_w_valid_std": 0.3957, "prompt_w_max": 2.7591, "prompt_w_entropy": 6.6066}
2026-08-21 12:34:58,842 [INFO] Evaluating on val.
Train: data epoch: [8]  [ 0/37]  eta: 0:00:44  lr: 0.000094  loss: 0.1698  time: 1.1949  data: 0.0001  max mem: 5196
Train: data epoch: [8]  [20/37]  eta: 0:00:09  lr: 0.000094  loss: 0.2117  time: 0.5225  data: 0.0000  max mem: 5196
Train: data epoch: [8]  [36/37]  eta: 0:00:00  lr: 0.000094  loss: 0.1846  time: 0.5170  data: 0.0000  max mem: 5196
Train: data epoch: [8] Total time: 0:00:20 (0.5435 s / it)
2026-08-21 12:35:05,828 [INFO] Qual: EPOCH[8] -> PLCC: 0.899499, SROCC: 0.849369, KROCC: 0.666929, LOSS: 0.186970
2026-08-21 12:35:05,828 [INFO] Align: EPOCH[8] -> PLCC: 0.846844, SROCC: 0.733345, KROCC: 0.546633, LOSS: 0.276135
2026-08-21 12:35:05,843 [INFO] Saving checkpoint at epoch 8 to run/20260821123_B2_s6/checkpoint_best.pth.
2026-08-21 12:35:05,928 [INFO] Saving checkpoint at epoch 8 to run/20260821123_B2_s6/checkpoint_best_joint.pth.
2026-08-21 12:35:06,005 [INFO] Start training
2026-08-21 12:35:06,307 [INFO] Start training epoch 9, 37 iters per inner epoch.
2026-08-21 12:35:25,652 [INFO] Averaged stats: lr: 0.000092  loss: 0.192888
2026-08-21 12:35:25,766 [INFO] gates: {"epoch": 9, "raw_align_ratio": 6.3541, "align_ratio": 0.1292, "lambda_a": 0.0204, "alpha_d": 0.0178, "beta_d": 0.0196, "alpha_s": 0.0119, "beta_s": 0.0096, "hier_gate_mean": 0.6265, "prompt_w_valid_mean": 1.0, "prompt_w_valid_std": 0.3913, "prompt_w_max": 2.8275, "prompt_w_entropy": 6.6901}
2026-08-21 12:35:25,766 [INFO] Evaluating on val.
Train: data epoch: [9]  [ 0/37]  eta: 0:00:42  lr: 0.000092  loss: 0.2137  time: 1.1355  data: 0.0001  max mem: 5196
Train: data epoch: [9]  [20/37]  eta: 0:00:08  lr: 0.000092  loss: 0.1764  time: 0.4742  data: 0.0000  max mem: 5196
Train: data epoch: [9]  [36/37]  eta: 0:00:00  lr: 0.000092  loss: 0.1985  time: 0.5156  data: 0.0000  max mem: 5196
Train: data epoch: [9] Total time: 0:00:19 (0.5228 s / it)
2026-08-21 12:35:32,699 [INFO] Qual: EPOCH[9] -> PLCC: 0.902447, SROCC: 0.853269, KROCC: 0.670899, LOSS: 0.182513
2026-08-21 12:35:32,699 [INFO] Align: EPOCH[9] -> PLCC: 0.846993, SROCC: 0.730996, KROCC: 0.543721, LOSS: 0.278177
2026-08-21 12:35:32,717 [INFO] Saving checkpoint at epoch 9 to run/20260821123_B2_s6/checkpoint_best.pth.
2026-08-21 12:35:32,849 [INFO] Saving checkpoint at epoch 9 to run/20260821123_B2_s6/checkpoint_best_joint.pth.
2026-08-21 12:35:32,958 [INFO] Start training
2026-08-21 12:35:33,307 [INFO] Start training epoch 10, 37 iters per inner epoch.
2026-08-21 12:35:53,706 [INFO] Averaged stats: lr: 0.000091  loss: 0.187909
2026-08-21 12:35:53,783 [INFO] gates: {"epoch": 10, "raw_align_ratio": 6.5267, "align_ratio": 0.1397, "lambda_a": 0.0214, "alpha_d": 0.0174, "beta_d": 0.0217, "alpha_s": 0.0115, "beta_s": 0.009, "hier_gate_mean": 0.7341, "prompt_w_valid_mean": 1.0, "prompt_w_valid_std": 0.3472, "prompt_w_max": 2.6707, "prompt_w_entropy": 6.6923}
2026-08-21 12:35:53,783 [INFO] Evaluating on val.
Train: data epoch: [10]  [ 0/37]  eta: 0:00:49  lr: 0.000091  loss: 0.1762  time: 1.3313  data: 0.0001  max mem: 5196
Train: data epoch: [10]  [20/37]  eta: 0:00:09  lr: 0.000091  loss: 0.1821  time: 0.5265  data: 0.0000  max mem: 5196
Train: data epoch: [10]  [36/37]  eta: 0:00:00  lr: 0.000091  loss: 0.2244  time: 0.5270  data: 0.0000  max mem: 5196
Train: data epoch: [10] Total time: 0:00:20 (0.5513 s / it)
2026-08-21 12:36:00,309 [INFO] Qual: EPOCH[10] -> PLCC: 0.905261, SROCC: 0.856769, KROCC: 0.675116, LOSS: 0.177956
2026-08-21 12:36:00,309 [INFO] Align: EPOCH[10] -> PLCC: 0.850608, SROCC: 0.734930, KROCC: 0.548972, LOSS: 0.271076
2026-08-21 12:36:00,347 [INFO] Saving checkpoint at epoch 10 to run/20260821123_B2_s6/checkpoint_best.pth.
2026-08-21 12:36:00,485 [INFO] Saving checkpoint at epoch 10 to run/20260821123_B2_s6/checkpoint_best_joint.pth.
2026-08-21 12:36:00,599 [INFO] Start training
2026-08-21 12:36:00,948 [INFO] Start training epoch 11, 37 iters per inner epoch.
2026-08-21 12:36:21,305 [INFO] Averaged stats: lr: 0.000089  loss: 0.176848
2026-08-21 12:36:21,391 [INFO] gates: {"epoch": 11, "raw_align_ratio": 6.1314, "align_ratio": 0.1372, "lambda_a": 0.0224, "alpha_d": 0.019, "beta_d": 0.021, "alpha_s": 0.0119, "beta_s": 0.009, "hier_gate_mean": 0.7279, "prompt_w_valid_mean": 1.0, "prompt_w_valid_std": 0.3518, "prompt_w_max": 2.6308, "prompt_w_entropy": 6.6182}
2026-08-21 12:36:21,391 [INFO] Evaluating on val.
Train: data epoch: [11]  [ 0/37]  eta: 0:00:51  lr: 0.000089  loss: 0.1749  time: 1.3785  data: 0.0001  max mem: 5196
Train: data epoch: [11]  [20/37]  eta: 0:00:09  lr: 0.000089  loss: 0.1899  time: 0.5165  data: 0.0000  max mem: 5196
Train: data epoch: [11]  [36/37]  eta: 0:00:00  lr: 0.000089  loss: 0.1983  time: 0.5205  data: 0.0000  max mem: 5196
Train: data epoch: [11] Total time: 0:00:20 (0.5502 s / it)
2026-08-21 12:36:28,065 [INFO] Qual: EPOCH[11] -> PLCC: 0.907000, SROCC: 0.859453, KROCC: 0.678433, LOSS: 0.174737
2026-08-21 12:36:28,065 [INFO] Align: EPOCH[11] -> PLCC: 0.849796, SROCC: 0.735854, KROCC: 0.549715, LOSS: 0.272796
2026-08-21 12:36:28,091 [INFO] Saving checkpoint at epoch 11 to run/20260821123_B2_s6/checkpoint_best.pth.
2026-08-21 12:36:28,197 [INFO] Saving checkpoint at epoch 11 to run/20260821123_B2_s6/checkpoint_best_joint.pth.
2026-08-21 12:36:28,288 [INFO] Start training
2026-08-21 12:36:28,651 [INFO] Start training epoch 12, 37 iters per inner epoch.
2026-08-21 12:36:49,111 [INFO] Averaged stats: lr: 0.000087  loss: 0.169136
2026-08-21 12:36:49,201 [INFO] gates: {"epoch": 12, "raw_align_ratio": 6.2423, "align_ratio": 0.1458, "lambda_a": 0.0234, "alpha_d": 0.0184, "beta_d": 0.0226, "alpha_s": 0.0113, "beta_s": 0.0091, "hier_gate_mean": 0.7135, "prompt_w_valid_mean": 1.0, "prompt_w_valid_std": 0.4004, "prompt_w_max": 3.118, "prompt_w_entropy": 6.6221}
2026-08-21 12:36:49,201 [INFO] Evaluating on val.
Train: data epoch: [12]  [ 0/37]  eta: 0:00:46  lr: 0.000087  loss: 0.1671  time: 1.2635  data: 0.0001  max mem: 5196
Train: data epoch: [12]  [20/37]  eta: 0:00:09  lr: 0.000087  loss: 0.1628  time: 0.5222  data: 0.0000  max mem: 5196
Train: data epoch: [12]  [36/37]  eta: 0:00:00  lr: 0.000087  loss: 0.2071  time: 0.5309  data: 0.0000  max mem: 5196
Train: data epoch: [12] Total time: 0:00:20 (0.5530 s / it)
2026-08-21 12:36:56,087 [INFO] Qual: EPOCH[12] -> PLCC: 0.908693, SROCC: 0.862549, KROCC: 0.682111, LOSS: 0.171290
2026-08-21 12:36:56,087 [INFO] Align: EPOCH[12] -> PLCC: 0.852686, SROCC: 0.739276, KROCC: 0.553628, LOSS: 0.268068
2026-08-21 12:36:56,106 [INFO] Saving checkpoint at epoch 12 to run/20260821123_B2_s6/checkpoint_best.pth.
2026-08-21 12:36:56,217 [INFO] Saving checkpoint at epoch 12 to run/20260821123_B2_s6/checkpoint_best_joint.pth.
2026-08-21 12:36:56,307 [INFO] Start training
2026-08-21 12:36:56,650 [INFO] Start training epoch 13, 37 iters per inner epoch.
2026-08-21 12:37:17,454 [INFO] Averaged stats: lr: 0.000084  loss: 0.162352
2026-08-21 12:37:17,582 [INFO] gates: {"epoch": 13, "raw_align_ratio": 6.3468, "align_ratio": 0.1541, "lambda_a": 0.0243, "alpha_d": 0.0188, "beta_d": 0.0231, "alpha_s": 0.0112, "beta_s": 0.009, "hier_gate_mean": 0.7209, "prompt_w_valid_mean": 1.0, "prompt_w_valid_std": 0.3506, "prompt_w_max": 2.6813, "prompt_w_entropy": 6.5795}
2026-08-21 12:37:17,583 [INFO] Evaluating on val.
Train: data epoch: [13]  [ 0/37]  eta: 0:01:02  lr: 0.000084  loss: 0.1723  time: 1.6855  data: 0.0001  max mem: 5196
Train: data epoch: [13]  [20/37]  eta: 0:00:10  lr: 0.000084  loss: 0.1320  time: 0.5531  data: 0.0000  max mem: 5196
Train: data epoch: [13]  [36/37]  eta: 0:00:00  lr: 0.000084  loss: 0.1706  time: 0.5198  data: 0.0000  max mem: 5196
Train: data epoch: [13] Total time: 0:00:20 (0.5623 s / it)
2026-08-21 12:37:24,152 [INFO] Qual: EPOCH[13] -> PLCC: 0.910351, SROCC: 0.864574, KROCC: 0.684483, LOSS: 0.169540
2026-08-21 12:37:24,152 [INFO] Align: EPOCH[13] -> PLCC: 0.851628, SROCC: 0.736951, KROCC: 0.550850, LOSS: 0.270908
2026-08-21 12:37:24,172 [INFO] Saving checkpoint at epoch 13 to run/20260821123_B2_s6/checkpoint_best.pth.
2026-08-21 12:37:24,312 [INFO] Saving checkpoint at epoch 13 to run/20260821123_B2_s6/checkpoint_best_joint.pth.
2026-08-21 12:37:24,419 [INFO] Start training
2026-08-21 12:37:24,822 [INFO] Start training epoch 14, 37 iters per inner epoch.
2026-08-21 12:37:45,482 [INFO] Averaged stats: lr: 0.000082  loss: 0.157501
2026-08-21 12:37:45,597 [INFO] gates: {"epoch": 14, "raw_align_ratio": 6.2934, "align_ratio": 0.1574, "lambda_a": 0.025, "alpha_d": 0.0187, "beta_d": 0.0235, "alpha_s": 0.0112, "beta_s": 0.0096, "hier_gate_mean": 0.7, "prompt_w_valid_mean": 1.0, "prompt_w_valid_std": 0.3885, "prompt_w_max": 2.6287, "prompt_w_entropy": 6.6506}
2026-08-21 12:37:45,598 [INFO] Evaluating on val.
Train: data epoch: [14]  [ 0/37]  eta: 0:00:56  lr: 0.000082  loss: 0.1180  time: 1.5288  data: 0.0001  max mem: 5196
Train: data epoch: [14]  [20/37]  eta: 0:00:10  lr: 0.000082  loss: 0.1733  time: 0.5455  data: 0.0000  max mem: 5196
Train: data epoch: [14]  [36/37]  eta: 0:00:00  lr: 0.000082  loss: 0.1227  time: 0.5294  data: 0.0000  max mem: 5196
Train: data epoch: [14] Total time: 0:00:20 (0.5584 s / it)
2026-08-21 12:37:52,172 [INFO] Qual: EPOCH[14] -> PLCC: 0.911324, SROCC: 0.866080, KROCC: 0.686676, LOSS: 0.167017
2026-08-21 12:37:52,172 [INFO] Align: EPOCH[14] -> PLCC: 0.850817, SROCC: 0.734892, KROCC: 0.549861, LOSS: 0.276828
2026-08-21 12:37:52,189 [INFO] Saving checkpoint at epoch 14 to run/20260821123_B2_s6/checkpoint_best.pth.
2026-08-21 12:37:52,298 [INFO] Start training
2026-08-21 12:37:52,634 [INFO] Start training epoch 15, 37 iters per inner epoch.
2026-08-21 12:38:11,921 [INFO] Averaged stats: lr: 0.000080  loss: 0.153099
2026-08-21 12:38:12,008 [INFO] gates: {"epoch": 15, "raw_align_ratio": 6.4008, "align_ratio": 0.1648, "lambda_a": 0.0258, "alpha_d": 0.0186, "beta_d": 0.024, "alpha_s": 0.0111, "beta_s": 0.0095, "hier_gate_mean": 0.7923, "prompt_w_valid_mean": 1.0, "prompt_w_valid_std": 0.3574, "prompt_w_max": 2.5971, "prompt_w_entropy": 6.5955}
2026-08-21 12:38:12,009 [INFO] Evaluating on val.
Train: data epoch: [15]  [ 0/37]  eta: 0:00:49  lr: 0.000080  loss: 0.1543  time: 1.3471  data: 0.0001  max mem: 5196
Train: data epoch: [15]  [20/37]  eta: 0:00:10  lr: 0.000080  loss: 0.1572  time: 0.5538  data: 0.0000  max mem: 5196
Train: data epoch: [15]  [36/37]  eta: 0:00:00  lr: 0.000080  loss: 0.1576  time: 0.4600  data: 0.0000  max mem: 5196
Train: data epoch: [15] Total time: 0:00:19 (0.5213 s / it)
2026-08-21 12:38:18,429 [INFO] Qual: EPOCH[15] -> PLCC: 0.912503, SROCC: 0.867731, KROCC: 0.688307, LOSS: 0.166035
2026-08-21 12:38:18,429 [INFO] Align: EPOCH[15] -> PLCC: 0.847634, SROCC: 0.729848, KROCC: 0.544935, LOSS: 0.294201
2026-08-21 12:38:18,447 [INFO] Saving checkpoint at epoch 15 to run/20260821123_B2_s6/checkpoint_best.pth.
2026-08-21 12:38:18,580 [INFO] Saving checkpoint at epoch 15 to run/20260821123_B2_s6/checkpoint_latest.pth.
2026-08-21 12:38:18,664 [INFO] Start training
2026-08-21 12:38:19,012 [INFO] Start training epoch 16, 37 iters per inner epoch.
2026-08-21 12:38:39,793 [INFO] Averaged stats: lr: 0.000077  loss: 0.148441
2026-08-21 12:38:39,881 [INFO] gates: {"epoch": 16, "raw_align_ratio": 6.4585, "align_ratio": 0.1701, "lambda_a": 0.0263, "alpha_d": 0.0183, "beta_d": 0.0245, "alpha_s": 0.0107, "beta_s": 0.0091, "hier_gate_mean": 0.7353, "prompt_w_valid_mean": 1.0, "prompt_w_valid_std": 0.3475, "prompt_w_max": 3.1921, "prompt_w_entropy": 6.6407}
2026-08-21 12:38:39,881 [INFO] Evaluating on val.
Train: data epoch: [16]  [ 0/37]  eta: 0:00:52  lr: 0.000077  loss: 0.1464  time: 1.4226  data: 0.0001  max mem: 5196
Train: data epoch: [16]  [20/37]  eta: 0:00:09  lr: 0.000077  loss: 0.1501  time: 0.5397  data: 0.0000  max mem: 5196
Train: data epoch: [16]  [36/37]  eta: 0:00:00  lr: 0.000077  loss: 0.1813  time: 0.5154  data: 0.0000  max mem: 5196
Train: data epoch: [16] Total time: 0:00:20 (0.5616 s / it)
2026-08-21 12:38:47,040 [INFO] Qual: EPOCH[16] -> PLCC: 0.913095, SROCC: 0.868078, KROCC: 0.689139, LOSS: 0.164283
2026-08-21 12:38:47,040 [INFO] Align: EPOCH[16] -> PLCC: 0.850047, SROCC: 0.727381, KROCC: 0.544171, LOSS: 0.272927
2026-08-21 12:38:47,066 [INFO] Saving checkpoint at epoch 16 to run/20260821123_B2_s6/checkpoint_best.pth.
2026-08-21 12:38:47,194 [INFO] Start training
2026-08-21 12:38:47,545 [INFO] Start training epoch 17, 37 iters per inner epoch.
2026-08-21 12:39:07,726 [INFO] Averaged stats: lr: 0.000074  loss: 0.141694
2026-08-21 12:39:07,827 [INFO] gates: {"epoch": 17, "raw_align_ratio": 6.3267, "align_ratio": 0.1705, "lambda_a": 0.027, "alpha_d": 0.0179, "beta_d": 0.0254, "alpha_s": 0.0105, "beta_s": 0.0097, "hier_gate_mean": 0.7859, "prompt_w_valid_mean": 1.0, "prompt_w_valid_std": 0.358, "prompt_w_max": 2.6183, "prompt_w_entropy": 6.5701}
2026-08-21 12:39:07,828 [INFO] Evaluating on val.
Train: data epoch: [17]  [ 0/37]  eta: 0:00:47  lr: 0.000074  loss: 0.2195  time: 1.2922  data: 0.0001  max mem: 5196
Train: data epoch: [17]  [20/37]  eta: 0:00:09  lr: 0.000074  loss: 0.1178  time: 0.5491  data: 0.0000  max mem: 5196
Train: data epoch: [17]  [36/37]  eta: 0:00:00  lr: 0.000074  loss: 0.0965  time: 0.5031  data: 0.0000  max mem: 5196
Train: data epoch: [17] Total time: 0:00:20 (0.5454 s / it)
2026-08-21 12:39:14,871 [INFO] Qual: EPOCH[17] -> PLCC: 0.914067, SROCC: 0.869711, KROCC: 0.690477, LOSS: 0.164651
2026-08-21 12:39:14,871 [INFO] Align: EPOCH[17] -> PLCC: 0.849522, SROCC: 0.724152, KROCC: 0.540122, LOSS: 0.275714
2026-08-21 12:39:14,889 [INFO] Saving checkpoint at epoch 17 to run/20260821123_B2_s6/checkpoint_best.pth.
2026-08-21 12:39:15,005 [INFO] Start training
2026-08-21 12:39:15,363 [INFO] Start training epoch 18, 37 iters per inner epoch.
2026-08-21 12:39:33,546 [INFO] Averaged stats: lr: 0.000072  loss: 0.137716
2026-08-21 12:39:33,765 [INFO] gates: {"epoch": 18, "raw_align_ratio": 6.4521, "align_ratio": 0.1777, "lambda_a": 0.0276, "alpha_d": 0.0177, "beta_d": 0.0261, "alpha_s": 0.0102, "beta_s": 0.0102, "hier_gate_mean": 0.6993, "prompt_w_valid_mean": 1.0, "prompt_w_valid_std": 0.3956, "prompt_w_max": 2.8194, "prompt_w_entropy": 6.5985}
2026-08-21 12:39:33,766 [INFO] Evaluating on val.
Train: data epoch: [18]  [ 0/37]  eta: 0:00:44  lr: 0.000072  loss: 0.1236  time: 1.2088  data: 0.0001  max mem: 5196
Train: data epoch: [18]  [20/37]  eta: 0:00:09  lr: 0.000072  loss: 0.1861  time: 0.4961  data: 0.0000  max mem: 5196
Train: data epoch: [18]  [36/37]  eta: 0:00:00  lr: 0.000072  loss: 0.1319  time: 0.4022  data: 0.0000  max mem: 5196
Train: data epoch: [18] Total time: 0:00:18 (0.4914 s / it)
2026-08-21 12:39:41,949 [INFO] Qual: EPOCH[18] -> PLCC: 0.914367, SROCC: 0.869700, KROCC: 0.690623, LOSS: 0.160662
2026-08-21 12:39:41,949 [INFO] Align: EPOCH[18] -> PLCC: 0.849493, SROCC: 0.724233, KROCC: 0.540988, LOSS: 0.274478
2026-08-21 12:39:41,966 [INFO] Saving checkpoint at epoch 18 to run/20260821123_B2_s6/checkpoint_best.pth.
2026-08-21 12:39:42,057 [INFO] Start training
2026-08-21 12:39:42,402 [INFO] Start training epoch 19, 37 iters per inner epoch.
2026-08-21 12:40:02,141 [INFO] Averaged stats: lr: 0.000069  loss: 0.130895
2026-08-21 12:40:02,256 [INFO] gates: {"epoch": 19, "raw_align_ratio": 6.4427, "align_ratio": 0.1802, "lambda_a": 0.028, "alpha_d": 0.018, "beta_d": 0.026, "alpha_s": 0.0102, "beta_s": 0.0106, "hier_gate_mean": 0.7101, "prompt_w_valid_mean": 1.0, "prompt_w_valid_std": 0.3876, "prompt_w_max": 2.5818, "prompt_w_entropy": 6.5697}
2026-08-21 12:40:02,257 [INFO] Evaluating on val.
Train: data epoch: [19]  [ 0/37]  eta: 0:00:46  lr: 0.000069  loss: 0.1216  time: 1.2512  data: 0.0001  max mem: 5196
Train: data epoch: [19]  [20/37]  eta: 0:00:09  lr: 0.000069  loss: 0.1381  time: 0.5324  data: 0.0000  max mem: 5196
Train: data epoch: [19]  [36/37]  eta: 0:00:00  lr: 0.000069  loss: 0.1044  time: 0.4725  data: 0.0000  max mem: 5196
Train: data epoch: [19] Total time: 0:00:19 (0.5335 s / it)
2026-08-21 12:40:09,302 [INFO] Qual: EPOCH[19] -> PLCC: 0.914945, SROCC: 0.870596, KROCC: 0.691591, LOSS: 0.161056
2026-08-21 12:40:09,302 [INFO] Align: EPOCH[19] -> PLCC: 0.849094, SROCC: 0.725734, KROCC: 0.542495, LOSS: 0.277849
2026-08-21 12:40:09,319 [INFO] Saving checkpoint at epoch 19 to run/20260821123_B2_s6/checkpoint_best.pth.
2026-08-21 12:40:09,428 [INFO] Start training
2026-08-21 12:40:09,767 [INFO] Start training epoch 20, 37 iters per inner epoch.
2026-08-21 12:40:29,912 [INFO] Averaged stats: lr: 0.000066  loss: 0.128208
2026-08-21 12:40:30,065 [INFO] gates: {"epoch": 20, "raw_align_ratio": 6.7361, "align_ratio": 0.1913, "lambda_a": 0.0284, "alpha_d": 0.0179, "beta_d": 0.0265, "alpha_s": 0.0102, "beta_s": 0.0107, "hier_gate_mean": 0.737, "prompt_w_valid_mean": 1.0, "prompt_w_valid_std": 0.3708, "prompt_w_max": 2.9113, "prompt_w_entropy": 6.6063}
2026-08-21 12:40:30,066 [INFO] Evaluating on val.
Train: data epoch: [20]  [ 0/37]  eta: 0:00:46  lr: 0.000066  loss: 0.1307  time: 1.2686  data: 0.0001  max mem: 5196
Train: data epoch: [20]  [20/37]  eta: 0:00:09  lr: 0.000066  loss: 0.1386  time: 0.5476  data: 0.0000  max mem: 5196
Train: data epoch: [20]  [36/37]  eta: 0:00:00  lr: 0.000066  loss: 0.1179  time: 0.5142  data: 0.0000  max mem: 5196
Train: data epoch: [20] Total time: 0:00:20 (0.5444 s / it)
2026-08-21 12:40:37,147 [INFO] Qual: EPOCH[20] -> PLCC: 0.915030, SROCC: 0.871717, KROCC: 0.692310, LOSS: 0.160470
2026-08-21 12:40:37,147 [INFO] Align: EPOCH[20] -> PLCC: 0.846291, SROCC: 0.721071, KROCC: 0.537806, LOSS: 0.284155
2026-08-21 12:40:37,166 [INFO] Saving checkpoint at epoch 20 to run/20260821123_B2_s6/checkpoint_best.pth.
2026-08-21 12:40:37,292 [INFO] Saving checkpoint at epoch 20 to run/20260821123_B2_s6/checkpoint_latest.pth.
2026-08-21 12:40:37,382 [INFO] Start training
2026-08-21 12:40:37,738 [INFO] Start training epoch 21, 37 iters per inner epoch.
2026-08-21 12:40:57,651 [INFO] Averaged stats: lr: 0.000063  loss: 0.124172
2026-08-21 12:40:57,739 [INFO] gates: {"epoch": 21, "raw_align_ratio": 6.5339, "align_ratio": 0.1892, "lambda_a": 0.029, "alpha_d": 0.0182, "beta_d": 0.0269, "alpha_s": 0.0102, "beta_s": 0.0117, "hier_gate_mean": 0.7648, "prompt_w_valid_mean": 1.0, "prompt_w_valid_std": 0.375, "prompt_w_max": 2.6569, "prompt_w_entropy": 6.6021}
2026-08-21 12:40:57,740 [INFO] Evaluating on val.
Train: data epoch: [21]  [ 0/37]  eta: 0:00:47  lr: 0.000063  loss: 0.1555  time: 1.2798  data: 0.0001  max mem: 5196
Train: data epoch: [21]  [20/37]  eta: 0:00:09  lr: 0.000063  loss: 0.1193  time: 0.5442  data: 0.0000  max mem: 5196
Train: data epoch: [21]  [36/37]  eta: 0:00:00  lr: 0.000063  loss: 0.1322  time: 0.4960  data: 0.0000  max mem: 5196
Train: data epoch: [21] Total time: 0:00:19 (0.5382 s / it)
2026-08-21 12:41:05,275 [INFO] Qual: EPOCH[21] -> PLCC: 0.915255, SROCC: 0.871177, KROCC: 0.692209, LOSS: 0.160615
2026-08-21 12:41:05,275 [INFO] Align: EPOCH[21] -> PLCC: 0.844658, SROCC: 0.715427, KROCC: 0.532835, LOSS: 0.285519
2026-08-21 12:41:05,276 [INFO] Start training
2026-08-21 12:41:05,634 [INFO] Start training epoch 22, 37 iters per inner epoch.
2026-08-21 12:41:26,219 [INFO] Averaged stats: lr: 0.000060  loss: 0.121202
2026-08-21 12:41:26,307 [INFO] gates: {"epoch": 22, "raw_align_ratio": 6.386, "align_ratio": 0.1877, "lambda_a": 0.0294, "alpha_d": 0.0183, "beta_d": 0.0271, "alpha_s": 0.0102, "beta_s": 0.0116, "hier_gate_mean": 0.7063, "prompt_w_valid_mean": 1.0, "prompt_w_valid_std": 0.3999, "prompt_w_max": 2.9907, "prompt_w_entropy": 6.5794}
2026-08-21 12:41:26,308 [INFO] Evaluating on val.
Train: data epoch: [22]  [ 0/37]  eta: 0:00:48  lr: 0.000060  loss: 0.1616  time: 1.3218  data: 0.0001  max mem: 5196
Train: data epoch: [22]  [20/37]  eta: 0:00:09  lr: 0.000060  loss: 0.1121  time: 0.5210  data: 0.0000  max mem: 5196
Train: data epoch: [22]  [36/37]  eta: 0:00:00  lr: 0.000060  loss: 0.1325  time: 0.5557  data: 0.0000  max mem: 5196
Train: data epoch: [22] Total time: 0:00:20 (0.5563 s / it)
2026-08-21 12:41:33,143 [INFO] Qual: EPOCH[22] -> PLCC: 0.915431, SROCC: 0.871852, KROCC: 0.692648, LOSS: 0.160319
2026-08-21 12:41:33,143 [INFO] Align: EPOCH[22] -> PLCC: 0.846156, SROCC: 0.716896, KROCC: 0.535208, LOSS: 0.280654
2026-08-21 12:41:33,160 [INFO] Saving checkpoint at epoch 22 to run/20260821123_B2_s6/checkpoint_best.pth.
2026-08-21 12:41:33,265 [INFO] Start training
2026-08-21 12:41:33,609 [INFO] Start training epoch 23, 37 iters per inner epoch.
2026-08-21 12:41:54,890 [INFO] Averaged stats: lr: 0.000057  loss: 0.118606
2026-08-21 12:41:54,971 [INFO] gates: {"epoch": 23, "raw_align_ratio": 6.5094, "align_ratio": 0.1944, "lambda_a": 0.0299, "alpha_d": 0.0186, "beta_d": 0.0277, "alpha_s": 0.0103, "beta_s": 0.012, "hier_gate_mean": 0.8077, "prompt_w_valid_mean": 1.0, "prompt_w_valid_std": 0.361, "prompt_w_max": 2.6145, "prompt_w_entropy": 6.5881}
2026-08-21 12:41:54,971 [INFO] Evaluating on val.
Train: data epoch: [23]  [ 0/37]  eta: 0:00:58  lr: 0.000057  loss: 0.1240  time: 1.5896  data: 0.0001  max mem: 5196
Train: data epoch: [23]  [20/37]  eta: 0:00:10  lr: 0.000057  loss: 0.1279  time: 0.5491  data: 0.0000  max mem: 5196
Train: data epoch: [23]  [36/37]  eta: 0:00:00  lr: 0.000057  loss: 0.1244  time: 0.5514  data: 0.0000  max mem: 5196
Train: data epoch: [23] Total time: 0:00:21 (0.5751 s / it)
2026-08-21 12:42:01,804 [INFO] Qual: EPOCH[23] -> PLCC: 0.915186, SROCC: 0.871116, KROCC: 0.691422, LOSS: 0.162329
2026-08-21 12:42:01,804 [INFO] Align: EPOCH[23] -> PLCC: 0.836886, SROCC: 0.706052, KROCC: 0.522714, LOSS: 0.302994
2026-08-21 12:42:01,805 [INFO] Start training
2026-08-21 12:42:02,163 [INFO] Start training epoch 24, 37 iters per inner epoch.
2026-08-21 12:42:23,123 [INFO] Averaged stats: lr: 0.000054  loss: 0.115975
2026-08-21 12:42:23,231 [INFO] gates: {"epoch": 24, "raw_align_ratio": 6.4496, "align_ratio": 0.1945, "lambda_a": 0.0302, "alpha_d": 0.0187, "beta_d": 0.0278, "alpha_s": 0.01, "beta_s": 0.012, "hier_gate_mean": 0.7176, "prompt_w_valid_mean": 1.0, "prompt_w_valid_std": 0.3923, "prompt_w_max": 2.7909, "prompt_w_entropy": 6.5601}
2026-08-21 12:42:23,231 [INFO] Evaluating on val.
Train: data epoch: [24]  [ 0/37]  eta: 0:00:44  lr: 0.000054  loss: 0.0824  time: 1.1917  data: 0.0001  max mem: 5196
Train: data epoch: [24]  [20/37]  eta: 0:00:09  lr: 0.000054  loss: 0.1009  time: 0.5476  data: 0.0000  max mem: 5196
Train: data epoch: [24]  [36/37]  eta: 0:00:00  lr: 0.000054  loss: 0.1345  time: 0.5534  data: 0.0000  max mem: 5196
Train: data epoch: [24] Total time: 0:00:20 (0.5665 s / it)
2026-08-21 12:42:30,384 [INFO] Qual: EPOCH[24] -> PLCC: 0.915458, SROCC: 0.871589, KROCC: 0.691928, LOSS: 0.158931
2026-08-21 12:42:30,384 [INFO] Align: EPOCH[24] -> PLCC: 0.844385, SROCC: 0.712709, KROCC: 0.531295, LOSS: 0.285587
2026-08-21 12:42:30,385 [INFO] Start training
2026-08-21 12:42:30,851 [INFO] Start training epoch 25, 37 iters per inner epoch.
2026-08-21 12:42:52,721 [INFO] Averaged stats: lr: 0.000050  loss: 0.113105
2026-08-21 12:42:52,811 [INFO] gates: {"epoch": 25, "raw_align_ratio": 6.6428, "align_ratio": 0.2027, "lambda_a": 0.0305, "alpha_d": 0.0188, "beta_d": 0.0283, "alpha_s": 0.01, "beta_s": 0.0125, "hier_gate_mean": 0.7633, "prompt_w_valid_mean": 1.0, "prompt_w_valid_std": 0.3821, "prompt_w_max": 3.02, "prompt_w_entropy": 6.6168}
2026-08-21 12:42:52,811 [INFO] Evaluating on val.
Train: data epoch: [25]  [ 0/37]  eta: 0:01:28  lr: 0.000051  loss: 0.1658  time: 2.3946  data: 0.0002  max mem: 5196
Train: data epoch: [25]  [20/37]  eta: 0:00:11  lr: 0.000051  loss: 0.0894  time: 0.5624  data: 0.0000  max mem: 5196
Train: data epoch: [25]  [36/37]  eta: 0:00:00  lr: 0.000051  loss: 0.0973  time: 0.5230  data: 0.0000  max mem: 5196
Train: data epoch: [25] Total time: 0:00:21 (0.5910 s / it)
2026-08-21 12:42:59,533 [INFO] Qual: EPOCH[25] -> PLCC: 0.915340, SROCC: 0.871573, KROCC: 0.692085, LOSS: 0.164027
2026-08-21 12:42:59,533 [INFO] Align: EPOCH[25] -> PLCC: 0.836874, SROCC: 0.701207, KROCC: 0.520240, LOSS: 0.299370
2026-08-21 12:42:59,553 [INFO] Saving checkpoint at epoch 25 to run/20260821123_B2_s6/checkpoint_latest.pth.
2026-08-21 12:42:59,677 [INFO] Start training
2026-08-21 12:43:00,053 [INFO] Start training epoch 26, 37 iters per inner epoch.
2026-08-21 12:43:20,232 [INFO] Averaged stats: lr: 0.000047  loss: 0.110539
2026-08-21 12:43:20,330 [INFO] gates: {"epoch": 26, "raw_align_ratio": 6.5785, "align_ratio": 0.2033, "lambda_a": 0.0309, "alpha_d": 0.0189, "beta_d": 0.0287, "alpha_s": 0.01, "beta_s": 0.0129, "hier_gate_mean": 0.7641, "prompt_w_valid_mean": 1.0, "prompt_w_valid_std": 0.3786, "prompt_w_max": 2.6766, "prompt_w_entropy": 6.5909}
2026-08-21 12:43:20,330 [INFO] Evaluating on val.
Train: data epoch: [26]  [ 0/37]  eta: 0:00:53  lr: 0.000047  loss: 0.1123  time: 1.4383  data: 0.0001  max mem: 5196
Train: data epoch: [26]  [20/37]  eta: 0:00:10  lr: 0.000047  loss: 0.1436  time: 0.5639  data: 0.0000  max mem: 5196
Train: data epoch: [26]  [36/37]  eta: 0:00:00  lr: 0.000047  loss: 0.0922  time: 0.4864  data: 0.0000  max mem: 5196
Train: data epoch: [26] Total time: 0:00:20 (0.5454 s / it)
2026-08-21 12:43:26,145 [INFO] Qual: EPOCH[26] -> PLCC: 0.915578, SROCC: 0.871776, KROCC: 0.692254, LOSS: 0.162873
2026-08-21 12:43:26,145 [INFO] Align: EPOCH[26] -> PLCC: 0.837298, SROCC: 0.700498, KROCC: 0.519779, LOSS: 0.298477
2026-08-21 12:43:26,163 [INFO] Saving checkpoint at epoch 26 to run/20260821123_B2_s6/checkpoint_best.pth.
2026-08-21 12:43:26,274 [INFO] Start training
2026-08-21 12:43:26,621 [INFO] Start training epoch 27, 37 iters per inner epoch.
2026-08-21 12:43:47,404 [INFO] Averaged stats: lr: 0.000044  loss: 0.107605
2026-08-21 12:43:47,574 [INFO] gates: {"epoch": 27, "raw_align_ratio": 6.5685, "align_ratio": 0.2049, "lambda_a": 0.0312, "alpha_d": 0.0189, "beta_d": 0.029, "alpha_s": 0.01, "beta_s": 0.0133, "hier_gate_mean": 0.7271, "prompt_w_valid_mean": 1.0, "prompt_w_valid_std": 0.4183, "prompt_w_max": 2.9614, "prompt_w_entropy": 6.6086}
2026-08-21 12:43:47,574 [INFO] Evaluating on val.
Train: data epoch: [27]  [ 0/37]  eta: 0:01:00  lr: 0.000044  loss: 0.1201  time: 1.6453  data: 0.0001  max mem: 5196
Train: data epoch: [27]  [20/37]  eta: 0:00:10  lr: 0.000044  loss: 0.1203  time: 0.5656  data: 0.0000  max mem: 5196
Train: data epoch: [27]  [36/37]  eta: 0:00:00  lr: 0.000044  loss: 0.0852  time: 0.5061  data: 0.0000  max mem: 5196
Train: data epoch: [27] Total time: 0:00:20 (0.5617 s / it)
2026-08-21 12:43:54,135 [INFO] Qual: EPOCH[27] -> PLCC: 0.915229, SROCC: 0.871423, KROCC: 0.691928, LOSS: 0.160574
2026-08-21 12:43:54,136 [INFO] Align: EPOCH[27] -> PLCC: 0.839268, SROCC: 0.702725, KROCC: 0.521938, LOSS: 0.295416
2026-08-21 12:43:54,137 [INFO] Start training
2026-08-21 12:43:54,500 [INFO] Start training epoch 28, 37 iters per inner epoch.
2026-08-21 12:44:13,836 [INFO] Averaged stats: lr: 0.000041  loss: 0.103282
2026-08-21 12:44:13,938 [INFO] gates: {"epoch": 28, "raw_align_ratio": 6.6644, "align_ratio": 0.2099, "lambda_a": 0.0315, "alpha_d": 0.0192, "beta_d": 0.029, "alpha_s": 0.01, "beta_s": 0.0138, "hier_gate_mean": 0.7179, "prompt_w_valid_mean": 1.0, "prompt_w_valid_std": 0.431, "prompt_w_max": 3.0367, "prompt_w_entropy": 6.6279}
2026-08-21 12:44:13,938 [INFO] Evaluating on val.
Train: data epoch: [28]  [ 0/37]  eta: 0:00:45  lr: 0.000041  loss: 0.0890  time: 1.2391  data: 0.0001  max mem: 5196
Train: data epoch: [28]  [20/37]  eta: 0:00:09  lr: 0.000041  loss: 0.1905  time: 0.5423  data: 0.0000  max mem: 5196
Train: data epoch: [28]  [36/37]  eta: 0:00:00  lr: 0.000041  loss: 0.1227  time: 0.4543  data: 0.0000  max mem: 5196
Train: data epoch: [28] Total time: 0:00:19 (0.5226 s / it)
2026-08-21 12:44:20,653 [INFO] Qual: EPOCH[28] -> PLCC: 0.915581, SROCC: 0.871815, KROCC: 0.692524, LOSS: 0.160156
2026-08-21 12:44:20,653 [INFO] Align: EPOCH[28] -> PLCC: 0.838411, SROCC: 0.700261, KROCC: 0.519869, LOSS: 0.296450
2026-08-21 12:44:20,675 [INFO] Saving checkpoint at epoch 28 to run/20260821123_B2_s6/checkpoint_best.pth.
2026-08-21 12:44:20,795 [INFO] Start training
2026-08-21 12:44:21,289 [INFO] Start training epoch 29, 37 iters per inner epoch.
2026-08-21 12:44:42,030 [INFO] Averaged stats: lr: 0.000038  loss: 0.103072
2026-08-21 12:44:42,112 [INFO] gates: {"epoch": 29, "raw_align_ratio": 6.7012, "align_ratio": 0.2128, "lambda_a": 0.0318, "alpha_d": 0.0194, "beta_d": 0.0293, "alpha_s": 0.0101, "beta_s": 0.014, "hier_gate_mean": 0.7528, "prompt_w_valid_mean": 1.0, "prompt_w_valid_std": 0.4098, "prompt_w_max": 2.9599, "prompt_w_entropy": 6.7089}
2026-08-21 12:44:42,112 [INFO] Evaluating on val.
Train: data epoch: [29]  [ 0/37]  eta: 0:00:57  lr: 0.000038  loss: 0.1292  time: 1.5482  data: 0.0001  max mem: 5196
Train: data epoch: [29]  [20/37]  eta: 0:00:10  lr: 0.000038  loss: 0.1089  time: 0.5418  data: 0.0000  max mem: 5196
Train: data epoch: [29]  [36/37]  eta: 0:00:00  lr: 0.000038  loss: 0.0905  time: 0.5312  data: 0.0000  max mem: 5196
Train: data epoch: [29] Total time: 0:00:20 (0.5605 s / it)
2026-08-21 12:44:49,298 [INFO] Qual: EPOCH[29] -> PLCC: 0.915365, SROCC: 0.871608, KROCC: 0.692209, LOSS: 0.161696
2026-08-21 12:44:49,298 [INFO] Align: EPOCH[29] -> PLCC: 0.834657, SROCC: 0.695498, KROCC: 0.515315, LOSS: 0.303659
2026-08-21 12:44:49,299 [INFO] Start training
2026-08-21 12:44:49,644 [INFO] Start training epoch 30, 37 iters per inner epoch.
2026-08-21 12:45:11,203 [INFO] Averaged stats: lr: 0.000035  loss: 0.101235
2026-08-21 12:45:11,297 [INFO] gates: {"epoch": 30, "raw_align_ratio": 6.5716, "align_ratio": 0.2104, "lambda_a": 0.032, "alpha_d": 0.0195, "beta_d": 0.0294, "alpha_s": 0.0101, "beta_s": 0.0143, "hier_gate_mean": 0.7421, "prompt_w_valid_mean": 1.0, "prompt_w_valid_std": 0.4201, "prompt_w_max": 2.9918, "prompt_w_entropy": 6.66}
2026-08-21 12:45:11,297 [INFO] Evaluating on val.
Train: data epoch: [30]  [ 0/37]  eta: 0:01:21  lr: 0.000035  loss: 0.1307  time: 2.1962  data: 0.0001  max mem: 5196
Train: data epoch: [30]  [20/37]  eta: 0:00:10  lr: 0.000035  loss: 0.0906  time: 0.5221  data: 0.0000  max mem: 5196
Train: data epoch: [30]  [36/37]  eta: 0:00:00  lr: 0.000035  loss: 0.1020  time: 0.5562  data: 0.0000  max mem: 5196
Train: data epoch: [30] Total time: 0:00:21 (0.5826 s / it)
2026-08-21 12:45:18,163 [INFO] Qual: EPOCH[30] -> PLCC: 0.914982, SROCC: 0.871578, KROCC: 0.692175, LOSS: 0.162341
2026-08-21 12:45:18,164 [INFO] Align: EPOCH[30] -> PLCC: 0.835569, SROCC: 0.700268, KROCC: 0.519869, LOSS: 0.305100
2026-08-21 12:45:18,181 [INFO] Saving checkpoint at epoch 30 to run/20260821123_B2_s6/checkpoint_latest.pth.
2026-08-21 12:45:18,286 [INFO] Start training
2026-08-21 12:45:18,629 [INFO] Start training epoch 31, 37 iters per inner epoch.
2026-08-21 12:45:40,499 [INFO] Averaged stats: lr: 0.000032  loss: 0.099038
2026-08-21 12:45:40,603 [INFO] gates: {"epoch": 31, "raw_align_ratio": 6.7137, "align_ratio": 0.2159, "lambda_a": 0.0322, "alpha_d": 0.0196, "beta_d": 0.0296, "alpha_s": 0.0101, "beta_s": 0.0143, "hier_gate_mean": 0.75, "prompt_w_valid_mean": 1.0, "prompt_w_valid_std": 0.4232, "prompt_w_max": 3.0685, "prompt_w_entropy": 6.585}
2026-08-21 12:45:40,604 [INFO] Evaluating on val.
Train: data epoch: [31]  [ 0/37]  eta: 0:01:14  lr: 0.000032  loss: 0.1226  time: 2.0110  data: 0.0001  max mem: 5196
Train: data epoch: [31]  [20/37]  eta: 0:00:10  lr: 0.000032  loss: 0.1162  time: 0.5402  data: 0.0000  max mem: 5196
Train: data epoch: [31]  [36/37]  eta: 0:00:00  lr: 0.000032  loss: 0.0998  time: 0.5663  data: 0.0000  max mem: 5196
Train: data epoch: [31] Total time: 0:00:21 (0.5911 s / it)
2026-08-21 12:45:47,211 [INFO] Qual: EPOCH[31] -> PLCC: 0.914427, SROCC: 0.871059, KROCC: 0.691287, LOSS: 0.163598
2026-08-21 12:45:47,212 [INFO] Align: EPOCH[31] -> PLCC: 0.833208, SROCC: 0.696054, KROCC: 0.515776, LOSS: 0.308952
2026-08-21 12:45:47,213 [INFO] Start training
2026-08-21 12:45:47,593 [INFO] Start training epoch 32, 37 iters per inner epoch.
2026-08-21 12:46:07,323 [INFO] Averaged stats: lr: 0.000029  loss: 0.096014
2026-08-21 12:46:07,402 [INFO] gates: {"epoch": 32, "raw_align_ratio": 6.518, "align_ratio": 0.2112, "lambda_a": 0.0324, "alpha_d": 0.0196, "beta_d": 0.0297, "alpha_s": 0.0103, "beta_s": 0.0149, "hier_gate_mean": 0.6704, "prompt_w_valid_mean": 1.0, "prompt_w_valid_std": 0.4516, "prompt_w_max": 3.1386, "prompt_w_entropy": 6.5983}
2026-08-21 12:46:07,403 [INFO] Evaluating on val.
Train: data epoch: [32]  [ 0/37]  eta: 0:00:39  lr: 0.000029  loss: 0.1035  time: 1.0772  data: 0.0001  max mem: 5196
Train: data epoch: [32]  [20/37]  eta: 0:00:08  lr: 0.000029  loss: 0.0846  time: 0.4827  data: 0.0000  max mem: 5196
Train: data epoch: [32]  [36/37]  eta: 0:00:00  lr: 0.000029  loss: 0.0902  time: 0.5621  data: 0.0000  max mem: 5196
Train: data epoch: [32] Total time: 0:00:19 (0.5332 s / it)
2026-08-21 12:46:13,609 [INFO] Qual: EPOCH[32] -> PLCC: 0.914897, SROCC: 0.870829, KROCC: 0.691130, LOSS: 0.162203
2026-08-21 12:46:13,609 [INFO] Align: EPOCH[32] -> PLCC: 0.837539, SROCC: 0.701191, KROCC: 0.520769, LOSS: 0.300011
2026-08-21 12:46:13,610 [INFO] Start training
2026-08-21 12:46:13,986 [INFO] Start training epoch 33, 37 iters per inner epoch.
2026-08-21 12:46:34,314 [INFO] Averaged stats: lr: 0.000027  loss: 0.096316
2026-08-21 12:46:34,418 [INFO] gates: {"epoch": 33, "raw_align_ratio": 6.6844, "align_ratio": 0.218, "lambda_a": 0.0326, "alpha_d": 0.0198, "beta_d": 0.0298, "alpha_s": 0.0103, "beta_s": 0.0151, "hier_gate_mean": 0.7045, "prompt_w_valid_mean": 1.0, "prompt_w_valid_std": 0.4503, "prompt_w_max": 3.0037, "prompt_w_entropy": 6.5229}
2026-08-21 12:46:34,418 [INFO] Evaluating on val.
Train: data epoch: [33]  [ 0/37]  eta: 0:00:42  lr: 0.000027  loss: 0.0994  time: 1.1557  data: 0.0002  max mem: 5196
Train: data epoch: [33]  [20/37]  eta: 0:00:09  lr: 0.000027  loss: 0.0863  time: 0.5085  data: 0.0000  max mem: 5196
Train: data epoch: [33]  [36/37]  eta: 0:00:00  lr: 0.000027  loss: 0.1052  time: 0.5625  data: 0.0000  max mem: 5196
Train: data epoch: [33] Total time: 0:00:20 (0.5494 s / it)
2026-08-21 12:46:41,039 [INFO] Qual: EPOCH[33] -> PLCC: 0.915033, SROCC: 0.871390, KROCC: 0.691995, LOSS: 0.163492
2026-08-21 12:46:41,040 [INFO] Align: EPOCH[33] -> PLCC: 0.840711, SROCC: 0.704269, KROCC: 0.523490, LOSS: 0.296180
2026-08-21 12:46:41,041 [INFO] Start training
2026-08-21 12:46:41,402 [INFO] Start training epoch 34, 37 iters per inner epoch.
2026-08-21 12:47:02,738 [INFO] Averaged stats: lr: 0.000024  loss: 0.096056
2026-08-21 12:47:02,839 [INFO] gates: {"epoch": 34, "raw_align_ratio": 6.6666, "align_ratio": 0.2186, "lambda_a": 0.0328, "alpha_d": 0.0198, "beta_d": 0.0299, "alpha_s": 0.0104, "beta_s": 0.0151, "hier_gate_mean": 0.6849, "prompt_w_valid_mean": 1.0, "prompt_w_valid_std": 0.4241, "prompt_w_max": 3.0854, "prompt_w_entropy": 6.6248}
2026-08-21 12:47:02,840 [INFO] Evaluating on val.
Train: data epoch: [34]  [ 0/37]  eta: 0:01:20  lr: 0.000024  loss: 0.1011  time: 2.1647  data: 0.0001  max mem: 5196
Train: data epoch: [34]  [20/37]  eta: 0:00:10  lr: 0.000024  loss: 0.1225  time: 0.5320  data: 0.0000  max mem: 5196
Train: data epoch: [34]  [36/37]  eta: 0:00:00  lr: 0.000024  loss: 0.0997  time: 0.5401  data: 0.0000  max mem: 5196
Train: data epoch: [34] Total time: 0:00:21 (0.5766 s / it)
2026-08-21 12:47:08,089 [INFO] Qual: EPOCH[34] -> PLCC: 0.914664, SROCC: 0.871106, KROCC: 0.691759, LOSS: 0.162567
2026-08-21 12:47:08,089 [INFO] Align: EPOCH[34] -> PLCC: 0.835618, SROCC: 0.699553, KROCC: 0.519150, LOSS: 0.305143
2026-08-21 12:47:08,090 [INFO] Start training
2026-08-21 12:47:08,582 [INFO] Start training epoch 35, 37 iters per inner epoch.
2026-08-21 12:47:29,840 [INFO] Averaged stats: lr: 0.000021  loss: 0.093174
2026-08-21 12:47:29,930 [INFO] gates: {"epoch": 35, "raw_align_ratio": 6.4916, "align_ratio": 0.214, "lambda_a": 0.033, "alpha_d": 0.02, "beta_d": 0.03, "alpha_s": 0.0104, "beta_s": 0.0154, "hier_gate_mean": 0.7347, "prompt_w_valid_mean": 1.0, "prompt_w_valid_std": 0.4554, "prompt_w_max": 3.213, "prompt_w_entropy": 6.6004}
2026-08-21 12:47:29,931 [INFO] Evaluating on val.
Train: data epoch: [35]  [ 0/37]  eta: 0:01:07  lr: 0.000021  loss: 0.0941  time: 1.8211  data: 0.0001  max mem: 5196
Train: data epoch: [35]  [20/37]  eta: 0:00:10  lr: 0.000021  loss: 0.1008  time: 0.5414  data: 0.0000  max mem: 5196
Train: data epoch: [35]  [36/37]  eta: 0:00:00  lr: 0.000021  loss: 0.0800  time: 0.5454  data: 0.0000  max mem: 5196
Train: data epoch: [35] Total time: 0:00:21 (0.5745 s / it)
2026-08-21 12:47:36,038 [INFO] Qual: EPOCH[35] -> PLCC: 0.914731, SROCC: 0.871093, KROCC: 0.691658, LOSS: 0.163385
2026-08-21 12:47:36,039 [INFO] Align: EPOCH[35] -> PLCC: 0.834898, SROCC: 0.696647, KROCC: 0.516361, LOSS: 0.305445
2026-08-21 12:47:36,057 [INFO] Saving checkpoint at epoch 35 to run/20260821123_B2_s6/checkpoint_latest.pth.
2026-08-21 12:47:36,158 [INFO] Start training
2026-08-21 12:47:36,522 [INFO] Start training epoch 36, 37 iters per inner epoch.
2026-08-21 12:47:57,329 [INFO] Averaged stats: lr: 0.000019  loss: 0.092184
2026-08-21 12:47:57,426 [INFO] gates: {"epoch": 36, "raw_align_ratio": 6.6613, "align_ratio": 0.2205, "lambda_a": 0.0331, "alpha_d": 0.0201, "beta_d": 0.0301, "alpha_s": 0.0106, "beta_s": 0.0154, "hier_gate_mean": 0.6812, "prompt_w_valid_mean": 1.0, "prompt_w_valid_std": 0.4719, "prompt_w_max": 3.174, "prompt_w_entropy": 6.555}
2026-08-21 12:47:57,426 [INFO] Evaluating on val.
Train: data epoch: [36]  [ 0/37]  eta: 0:00:49  lr: 0.000019  loss: 0.0760  time: 1.3447  data: 0.0001  max mem: 5196
Train: data epoch: [36]  [20/37]  eta: 0:00:09  lr: 0.000019  loss: 0.0958  time: 0.5360  data: 0.0000  max mem: 5196
Train: data epoch: [36]  [36/37]  eta: 0:00:00  lr: 0.000019  loss: 0.0868  time: 0.5504  data: 0.0000  max mem: 5196
Train: data epoch: [36] Total time: 0:00:20 (0.5623 s / it)
2026-08-21 12:48:04,379 [INFO] Qual: EPOCH[36] -> PLCC: 0.914674, SROCC: 0.871228, KROCC: 0.691568, LOSS: 0.162114
2026-08-21 12:48:04,379 [INFO] Align: EPOCH[36] -> PLCC: 0.836515, SROCC: 0.698279, KROCC: 0.518025, LOSS: 0.301116
2026-08-21 12:48:04,380 [INFO] Start training
2026-08-21 12:48:04,746 [INFO] Start training epoch 37, 37 iters per inner epoch.
2026-08-21 12:48:25,001 [INFO] Averaged stats: lr: 0.000017  loss: 0.090847
2026-08-21 12:48:25,109 [INFO] gates: {"epoch": 37, "raw_align_ratio": 6.6222, "align_ratio": 0.2201, "lambda_a": 0.0332, "alpha_d": 0.0201, "beta_d": 0.0302, "alpha_s": 0.0106, "beta_s": 0.0156, "hier_gate_mean": 0.6935, "prompt_w_valid_mean": 1.0, "prompt_w_valid_std": 0.4585, "prompt_w_max": 3.2643, "prompt_w_entropy": 6.6009}
2026-08-21 12:48:25,109 [INFO] Evaluating on val.
Train: data epoch: [37]  [ 0/37]  eta: 0:00:48  lr: 0.000017  loss: 0.0739  time: 1.3005  data: 0.0001  max mem: 5196
Train: data epoch: [37]  [20/37]  eta: 0:00:09  lr: 0.000017  loss: 0.0794  time: 0.5356  data: 0.0000  max mem: 5196
Train: data epoch: [37]  [36/37]  eta: 0:00:00  lr: 0.000017  loss: 0.0907  time: 0.5235  data: 0.0000  max mem: 5196
Train: data epoch: [37] Total time: 0:00:20 (0.5474 s / it)
2026-08-21 12:48:32,101 [INFO] Qual: EPOCH[37] -> PLCC: 0.914542, SROCC: 0.871356, KROCC: 0.691793, LOSS: 0.163325
2026-08-21 12:48:32,101 [INFO] Align: EPOCH[37] -> PLCC: 0.835551, SROCC: 0.696538, KROCC: 0.516608, LOSS: 0.303797
2026-08-21 12:48:32,102 [INFO] Start training
2026-08-21 12:48:32,459 [INFO] Start training epoch 38, 37 iters per inner epoch.
2026-08-21 12:48:52,539 [INFO] Averaged stats: lr: 0.000014  loss: 0.090367
2026-08-21 12:48:52,620 [INFO] gates: {"epoch": 38, "raw_align_ratio": 6.3851, "align_ratio": 0.2128, "lambda_a": 0.0333, "alpha_d": 0.0202, "beta_d": 0.0302, "alpha_s": 0.0107, "beta_s": 0.0158, "hier_gate_mean": 0.705, "prompt_w_valid_mean": 1.0, "prompt_w_valid_std": 0.46, "prompt_w_max": 3.1421, "prompt_w_entropy": 6.5615}
2026-08-21 12:48:52,620 [INFO] Evaluating on val.
Train: data epoch: [38]  [ 0/37]  eta: 0:01:06  lr: 0.000014  loss: 0.0871  time: 1.7885  data: 0.0001  max mem: 5196
Train: data epoch: [38]  [20/37]  eta: 0:00:09  lr: 0.000014  loss: 0.0705  time: 0.4727  data: 0.0000  max mem: 5196
Train: data epoch: [38]  [36/37]  eta: 0:00:00  lr: 0.000014  loss: 0.1017  time: 0.5527  data: 0.0000  max mem: 5196
Train: data epoch: [38] Total time: 0:00:20 (0.5427 s / it)
2026-08-21 12:48:59,582 [INFO] Qual: EPOCH[38] -> PLCC: 0.914505, SROCC: 0.871216, KROCC: 0.691793, LOSS: 0.162299
2026-08-21 12:48:59,583 [INFO] Align: EPOCH[38] -> PLCC: 0.832233, SROCC: 0.692678, KROCC: 0.513077, LOSS: 0.309605
2026-08-21 12:48:59,584 [INFO] Start training
2026-08-21 12:48:59,935 [INFO] Start training epoch 39, 37 iters per inner epoch.
2026-08-21 12:49:19,737 [INFO] Averaged stats: lr: 0.000012  loss: 0.090557
2026-08-21 12:49:19,851 [INFO] gates: {"epoch": 39, "raw_align_ratio": 6.6338, "align_ratio": 0.2219, "lambda_a": 0.0334, "alpha_d": 0.0202, "beta_d": 0.0302, "alpha_s": 0.0109, "beta_s": 0.0159, "hier_gate_mean": 0.6939, "prompt_w_valid_mean": 1.0, "prompt_w_valid_std": 0.4547, "prompt_w_max": 3.1632, "prompt_w_entropy": 6.593}
2026-08-21 12:49:19,852 [INFO] Evaluating on val.
Train: data epoch: [39]  [ 0/37]  eta: 0:00:45  lr: 0.000012  loss: 0.1128  time: 1.2234  data: 0.0001  max mem: 5196
Train: data epoch: [39]  [20/37]  eta: 0:00:09  lr: 0.000012  loss: 0.0893  time: 0.5041  data: 0.0000  max mem: 5196
Train: data epoch: [39]  [36/37]  eta: 0:00:00  lr: 0.000012  loss: 0.1117  time: 0.5194  data: 0.0000  max mem: 5196
Train: data epoch: [39] Total time: 0:00:19 (0.5352 s / it)
2026-08-21 12:49:26,888 [INFO] Qual: EPOCH[39] -> PLCC: 0.914526, SROCC: 0.871140, KROCC: 0.691793, LOSS: 0.162488
2026-08-21 12:49:26,888 [INFO] Align: EPOCH[39] -> PLCC: 0.832383, SROCC: 0.692622, KROCC: 0.512751, LOSS: 0.309524
2026-08-21 12:49:26,889 [INFO] Start training
2026-08-21 12:49:27,262 [INFO] Start training epoch 40, 37 iters per inner epoch.
2026-08-21 12:49:45,331 [INFO] Averaged stats: lr: 0.000010  loss: 0.089438
2026-08-21 12:49:45,424 [INFO] gates: {"epoch": 40, "raw_align_ratio": 6.5528, "align_ratio": 0.2197, "lambda_a": 0.0335, "alpha_d": 0.0203, "beta_d": 0.0302, "alpha_s": 0.011, "beta_s": 0.0161, "hier_gate_mean": 0.6724, "prompt_w_valid_mean": 1.0, "prompt_w_valid_std": 0.4644, "prompt_w_max": 3.1627, "prompt_w_entropy": 6.5171}
2026-08-21 12:49:45,424 [INFO] Evaluating on val.
Train: data epoch: [40]  [ 0/37]  eta: 0:00:48  lr: 0.000010  loss: 0.0897  time: 1.3015  data: 0.0001  max mem: 5196
Train: data epoch: [40]  [20/37]  eta: 0:00:08  lr: 0.000010  loss: 0.0922  time: 0.4634  data: 0.0000  max mem: 5196
Train: data epoch: [40]  [36/37]  eta: 0:00:00  lr: 0.000010  loss: 0.1002  time: 0.4938  data: 0.0000  max mem: 5196
Train: data epoch: [40] Total time: 0:00:18 (0.4883 s / it)
2026-08-21 12:49:52,431 [INFO] Qual: EPOCH[40] -> PLCC: 0.914455, SROCC: 0.871184, KROCC: 0.691782, LOSS: 0.162460
2026-08-21 12:49:52,432 [INFO] Align: EPOCH[40] -> PLCC: 0.834375, SROCC: 0.695336, KROCC: 0.515562, LOSS: 0.306043
2026-08-21 12:49:52,449 [INFO] Saving checkpoint at epoch 40 to run/20260821123_B2_s6/checkpoint_latest.pth.
2026-08-21 12:49:52,555 [INFO] Start training
2026-08-21 12:49:52,886 [INFO] Start training epoch 41, 37 iters per inner epoch.
2026-08-21 12:50:12,503 [INFO] Averaged stats: lr: 0.000009  loss: 0.086746
2026-08-21 12:50:12,596 [INFO] gates: {"epoch": 41, "raw_align_ratio": 6.5766, "align_ratio": 0.2211, "lambda_a": 0.0336, "alpha_d": 0.0203, "beta_d": 0.0303, "alpha_s": 0.0111, "beta_s": 0.0162, "hier_gate_mean": 0.6909, "prompt_w_valid_mean": 1.0, "prompt_w_valid_std": 0.4479, "prompt_w_max": 3.1792, "prompt_w_entropy": 6.5566}
2026-08-21 12:50:12,597 [INFO] Evaluating on val.
Train: data epoch: [41]  [ 0/37]  eta: 0:00:45  lr: 0.000009  loss: 0.0924  time: 1.2235  data: 0.0001  max mem: 5196
Train: data epoch: [41]  [20/37]  eta: 0:00:08  lr: 0.000009  loss: 0.0872  time: 0.4903  data: 0.0000  max mem: 5196
Train: data epoch: [41]  [36/37]  eta: 0:00:00  lr: 0.000009  loss: 0.0898  time: 0.5085  data: 0.0000  max mem: 5196
Train: data epoch: [41] Total time: 0:00:19 (0.5302 s / it)
2026-08-21 12:50:19,626 [INFO] Qual: EPOCH[41] -> PLCC: 0.914366, SROCC: 0.871091, KROCC: 0.691804, LOSS: 0.163073
2026-08-21 12:50:19,626 [INFO] Align: EPOCH[41] -> PLCC: 0.833060, SROCC: 0.694517, KROCC: 0.514528, LOSS: 0.308906
2026-08-21 12:50:19,627 [INFO] Start training
2026-08-21 12:50:19,978 [INFO] Start training epoch 42, 37 iters per inner epoch.
2026-08-21 12:50:39,829 [INFO] Averaged stats: lr: 0.000007  loss: 0.088566
2026-08-21 12:50:39,916 [INFO] gates: {"epoch": 42, "raw_align_ratio": 6.6033, "align_ratio": 0.2224, "lambda_a": 0.0337, "alpha_d": 0.0203, "beta_d": 0.0303, "alpha_s": 0.0111, "beta_s": 0.0163, "hier_gate_mean": 0.6629, "prompt_w_valid_mean": 1.0, "prompt_w_valid_std": 0.4733, "prompt_w_max": 3.2644, "prompt_w_entropy": 6.578}
2026-08-21 12:50:39,916 [INFO] Evaluating on val.
Train: data epoch: [42]  [ 0/37]  eta: 0:00:49  lr: 0.000007  loss: 0.0880  time: 1.3420  data: 0.0001  max mem: 5196
Train: data epoch: [42]  [20/37]  eta: 0:00:09  lr: 0.000007  loss: 0.1051  time: 0.5009  data: 0.0000  max mem: 5196
Train: data epoch: [42]  [36/37]  eta: 0:00:00  lr: 0.000007  loss: 0.0972  time: 0.5120  data: 0.0000  max mem: 5196
Train: data epoch: [42] Total time: 0:00:19 (0.5365 s / it)
2026-08-21 12:50:46,769 [INFO] Qual: EPOCH[42] -> PLCC: 0.914359, SROCC: 0.871035, KROCC: 0.691568, LOSS: 0.162672
2026-08-21 12:50:46,770 [INFO] Align: EPOCH[42] -> PLCC: 0.832852, SROCC: 0.693764, KROCC: 0.514078, LOSS: 0.309015
2026-08-21 12:50:46,771 [INFO] Start training
2026-08-21 12:50:47,151 [INFO] Start training epoch 43, 37 iters per inner epoch.
2026-08-21 12:51:07,936 [INFO] Averaged stats: lr: 0.000006  loss: 0.087234
2026-08-21 12:51:08,033 [INFO] gates: {"epoch": 43, "raw_align_ratio": 6.5771, "align_ratio": 0.2219, "lambda_a": 0.0337, "alpha_d": 0.0204, "beta_d": 0.0303, "alpha_s": 0.0112, "beta_s": 0.0163, "hier_gate_mean": 0.6429, "prompt_w_valid_mean": 1.0, "prompt_w_valid_std": 0.4575, "prompt_w_max": 2.9824, "prompt_w_entropy": 6.5273}
2026-08-21 12:51:08,034 [INFO] Evaluating on val.
Train: data epoch: [43]  [ 0/37]  eta: 0:01:10  lr: 0.000006  loss: 0.0921  time: 1.8964  data: 0.0001  max mem: 5196
Train: data epoch: [43]  [20/37]  eta: 0:00:09  lr: 0.000006  loss: 0.0811  time: 0.5193  data: 0.0000  max mem: 5196
Train: data epoch: [43]  [36/37]  eta: 0:00:00  lr: 0.000006  loss: 0.0909  time: 0.5125  data: 0.0000  max mem: 5196
Train: data epoch: [43] Total time: 0:00:20 (0.5617 s / it)
2026-08-21 12:51:14,549 [INFO] Qual: EPOCH[43] -> PLCC: 0.914237, SROCC: 0.871061, KROCC: 0.691553, LOSS: 0.163067
2026-08-21 12:51:14,549 [INFO] Align: EPOCH[43] -> PLCC: 0.833049, SROCC: 0.694133, KROCC: 0.514359, LOSS: 0.308927
2026-08-21 12:51:14,550 [INFO] Start training
2026-08-21 12:51:14,909 [INFO] Start training epoch 44, 37 iters per inner epoch.
2026-08-21 12:51:34,936 [INFO] Averaged stats: lr: 0.000004  loss: 0.086055
2026-08-21 12:51:35,081 [INFO] gates: {"epoch": 44, "raw_align_ratio": 6.6656, "align_ratio": 0.2251, "lambda_a": 0.0338, "alpha_d": 0.0204, "beta_d": 0.0303, "alpha_s": 0.0112, "beta_s": 0.0164, "hier_gate_mean": 0.6548, "prompt_w_valid_mean": 1.0, "prompt_w_valid_std": 0.4552, "prompt_w_max": 3.0935, "prompt_w_entropy": 6.5839}
2026-08-21 12:51:35,081 [INFO] Evaluating on val.
Train: data epoch: [44]  [ 0/37]  eta: 0:00:49  lr: 0.000004  loss: 0.0873  time: 1.3299  data: 0.0001  max mem: 5196
Train: data epoch: [44]  [20/37]  eta: 0:00:09  lr: 0.000004  loss: 0.1017  time: 0.5262  data: 0.0000  max mem: 5196
Train: data epoch: [44]  [36/37]  eta: 0:00:00  lr: 0.000004  loss: 0.1006  time: 0.5184  data: 0.0000  max mem: 5196
Train: data epoch: [44] Total time: 0:00:20 (0.5412 s / it)
2026-08-21 12:51:41,929 [INFO] Qual: EPOCH[44] -> PLCC: 0.914272, SROCC: 0.870965, KROCC: 0.691568, LOSS: 0.163601
2026-08-21 12:51:41,930 [INFO] Align: EPOCH[44] -> PLCC: 0.832120, SROCC: 0.692367, KROCC: 0.512796, LOSS: 0.310675
2026-08-21 12:51:41,931 [INFO] Start training
2026-08-21 12:51:42,304 [INFO] Start training epoch 45, 37 iters per inner epoch.
2026-08-21 12:52:02,625 [INFO] Averaged stats: lr: 0.000003  loss: 0.088497
2026-08-21 12:52:02,752 [INFO] gates: {"epoch": 45, "raw_align_ratio": 6.6042, "align_ratio": 0.2232, "lambda_a": 0.0338, "alpha_d": 0.0204, "beta_d": 0.0303, "alpha_s": 0.0113, "beta_s": 0.0165, "hier_gate_mean": 0.6802, "prompt_w_valid_mean": 1.0, "prompt_w_valid_std": 0.4529, "prompt_w_max": 3.0981, "prompt_w_entropy": 6.6715}
2026-08-21 12:52:02,752 [INFO] Evaluating on val.
Train: data epoch: [45]  [ 0/37]  eta: 0:00:38  lr: 0.000003  loss: 0.1284  time: 1.0308  data: 0.0001  max mem: 5196
Train: data epoch: [45]  [20/37]  eta: 0:00:09  lr: 0.000003  loss: 0.0929  time: 0.5407  data: 0.0000  max mem: 5196
Train: data epoch: [45]  [36/37]  eta: 0:00:00  lr: 0.000003  loss: 0.0610  time: 0.5349  data: 0.0000  max mem: 5196
Train: data epoch: [45] Total time: 0:00:20 (0.5492 s / it)
2026-08-21 12:52:10,906 [INFO] Qual: EPOCH[45] -> PLCC: 0.914247, SROCC: 0.871066, KROCC: 0.691647, LOSS: 0.163104
2026-08-21 12:52:10,906 [INFO] Align: EPOCH[45] -> PLCC: 0.832313, SROCC: 0.692541, KROCC: 0.513088, LOSS: 0.310313
2026-08-21 12:52:10,924 [INFO] Saving checkpoint at epoch 45 to run/20260821123_B2_s6/checkpoint_latest.pth.
2026-08-21 12:52:11,018 [INFO] Start training
2026-08-21 12:52:11,364 [INFO] Start training epoch 46, 37 iters per inner epoch.
2026-08-21 12:52:24,564 [INFO] Averaged stats: lr: 0.000003  loss: 0.086656
2026-08-21 12:52:24,681 [INFO] gates: {"epoch": 46, "raw_align_ratio": 6.7227, "align_ratio": 0.2274, "lambda_a": 0.0338, "alpha_d": 0.0204, "beta_d": 0.0303, "alpha_s": 0.0113, "beta_s": 0.0165, "hier_gate_mean": 0.6567, "prompt_w_valid_mean": 1.0, "prompt_w_valid_std": 0.4657, "prompt_w_max": 3.1902, "prompt_w_entropy": 6.6778}
2026-08-21 12:52:24,682 [INFO] Evaluating on val.
Train: data epoch: [46]  [ 0/37]  eta: 0:00:40  lr: 0.000003  loss: 0.0798  time: 1.0926  data: 0.0001  max mem: 5196
Train: data epoch: [46]  [20/37]  eta: 0:00:06  lr: 0.000003  loss: 0.0973  time: 0.3459  data: 0.0000  max mem: 5196
Train: data epoch: [46]  [36/37]  eta: 0:00:00  lr: 0.000003  loss: 0.0748  time: 0.3041  data: 0.0000  max mem: 5196
Train: data epoch: [46] Total time: 0:00:13 (0.3567 s / it)
2026-08-21 12:52:30,224 [INFO] Qual: EPOCH[46] -> PLCC: 0.914269, SROCC: 0.870983, KROCC: 0.691647, LOSS: 0.163189
2026-08-21 12:52:30,224 [INFO] Align: EPOCH[46] -> PLCC: 0.833079, SROCC: 0.693379, KROCC: 0.513639, LOSS: 0.308617
2026-08-21 12:52:30,225 [INFO] Start training
2026-08-21 12:52:30,578 [INFO] Start training epoch 47, 37 iters per inner epoch.
2026-08-21 12:52:43,872 [INFO] Averaged stats: lr: 0.000002  loss: 0.087069
2026-08-21 12:52:43,957 [INFO] gates: {"epoch": 47, "raw_align_ratio": 6.6649, "align_ratio": 0.2255, "lambda_a": 0.0338, "alpha_d": 0.0204, "beta_d": 0.0303, "alpha_s": 0.0113, "beta_s": 0.0165, "hier_gate_mean": 0.6861, "prompt_w_valid_mean": 1.0, "prompt_w_valid_std": 0.4611, "prompt_w_max": 3.1382, "prompt_w_entropy": 6.5936}
2026-08-21 12:52:43,957 [INFO] Evaluating on val.
Train: data epoch: [47]  [ 0/37]  eta: 0:00:38  lr: 0.000002  loss: 0.0966  time: 1.0501  data: 0.0002  max mem: 5196
Train: data epoch: [47]  [20/37]  eta: 0:00:06  lr: 0.000002  loss: 0.0884  time: 0.3523  data: 0.0000  max mem: 5196
Train: data epoch: [47]  [36/37]  eta: 0:00:00  lr: 0.000002  loss: 0.0696  time: 0.3088  data: 0.0000  max mem: 5196
Train: data epoch: [47] Total time: 0:00:13 (0.3593 s / it)
2026-08-21 12:52:48,682 [INFO] Qual: EPOCH[47] -> PLCC: 0.914253, SROCC: 0.871027, KROCC: 0.691681, LOSS: 0.163052
2026-08-21 12:52:48,683 [INFO] Align: EPOCH[47] -> PLCC: 0.832691, SROCC: 0.692570, KROCC: 0.513100, LOSS: 0.309371
2026-08-21 12:52:48,684 [INFO] Start training
2026-08-21 12:52:49,031 [INFO] Start training epoch 48, 37 iters per inner epoch.
2026-08-21 12:53:02,936 [INFO] Averaged stats: lr: 0.000001  loss: 0.087846
2026-08-21 12:53:03,032 [INFO] gates: {"epoch": 48, "raw_align_ratio": 6.5818, "align_ratio": 0.2228, "lambda_a": 0.0339, "alpha_d": 0.0204, "beta_d": 0.0303, "alpha_s": 0.0113, "beta_s": 0.0166, "hier_gate_mean": 0.6714, "prompt_w_valid_mean": 1.0, "prompt_w_valid_std": 0.4784, "prompt_w_max": 3.2854, "prompt_w_entropy": 6.5882}
2026-08-21 12:53:03,033 [INFO] Evaluating on val.
Train: data epoch: [48]  [ 0/37]  eta: 0:00:40  lr: 0.000001  loss: 0.0985  time: 1.1073  data: 0.0001  max mem: 5196
Train: data epoch: [48]  [20/37]  eta: 0:00:07  lr: 0.000001  loss: 0.0977  time: 0.3828  data: 0.0000  max mem: 5196
Train: data epoch: [48]  [36/37]  eta: 0:00:00  lr: 0.000001  loss: 0.0726  time: 0.3353  data: 0.0000  max mem: 5196
Train: data epoch: [48] Total time: 0:00:13 (0.3758 s / it)
2026-08-21 12:53:07,125 [INFO] Qual: EPOCH[48] -> PLCC: 0.914238, SROCC: 0.870993, KROCC: 0.691669, LOSS: 0.163233
2026-08-21 12:53:07,126 [INFO] Align: EPOCH[48] -> PLCC: 0.833154, SROCC: 0.693361, KROCC: 0.513606, LOSS: 0.308622
2026-08-21 12:53:07,127 [INFO] Start training
2026-08-21 12:53:07,491 [INFO] Start training epoch 49, 37 iters per inner epoch.
2026-08-21 12:53:21,449 [INFO] Averaged stats: lr: 0.000001  loss: 0.085631
2026-08-21 12:53:21,551 [INFO] gates: {"epoch": 49, "raw_align_ratio": 6.5941, "align_ratio": 0.2233, "lambda_a": 0.0339, "alpha_d": 0.0204, "beta_d": 0.0303, "alpha_s": 0.0113, "beta_s": 0.0166, "hier_gate_mean": 0.6631, "prompt_w_valid_mean": 1.0, "prompt_w_valid_std": 0.48, "prompt_w_max": 3.209, "prompt_w_entropy": 6.4718}
2026-08-21 12:53:21,552 [INFO] Evaluating on val.
Train: data epoch: [49]  [ 0/37]  eta: 0:00:46  lr: 0.000001  loss: 0.0849  time: 1.2482  data: 0.0001  max mem: 5196
Train: data epoch: [49]  [20/37]  eta: 0:00:07  lr: 0.000001  loss: 0.0795  time: 0.3813  data: 0.0000  max mem: 5196
Train: data epoch: [49]  [36/37]  eta: 0:00:00  lr: 0.000001  loss: 0.0724  time: 0.3297  data: 0.0000  max mem: 5196
Train: data epoch: [49] Total time: 0:00:13 (0.3772 s / it)
2026-08-21 12:53:25,434 [INFO] Qual: EPOCH[49] -> PLCC: 0.914209, SROCC: 0.870987, KROCC: 0.691636, LOSS: 0.163222
2026-08-21 12:53:25,435 [INFO] Align: EPOCH[49] -> PLCC: 0.833025, SROCC: 0.693163, KROCC: 0.513482, LOSS: 0.308952
2026-08-21 12:53:25,455 [INFO] Saving checkpoint at epoch 49 to run/20260821123_B2_s6/checkpoint_latest.pth.
[{'agg_metrics': np.float64(4.598836966551584), 'qual_agg': np.float64(2.4594079456434024), 'qual_PLCC': np.float64(0.9103509449556639), 'qual_SROCC': np.float64(0.8645735852233424), 'qual_KROCC': np.float64(0.6844834154643957), 'align_agg': np.float64(2.139429020908181), 'align_PLCC': np.float64(0.8516278867625106), 'align_SROCC': np.float64(0.7369508145222959), 'align_KROCC': np.float64(0.5508503196233748)}]
{'agg_metrics': np.float64(4.598836966551584), 'qual_agg': np.float64(2.4594079456434024), 'qual_PLCC': np.float64(0.9103509449556639), 'qual_SROCC': np.float64(0.8645735852233424), 'qual_KROCC': np.float64(0.6844834154643957), 'align_agg': np.float64(2.139429020908181), 'align_PLCC': np.float64(0.8516278867625106), 'align_SROCC': np.float64(0.7369508145222959), 'align_KROCC': np.float64(0.5508503196233748)}
