2026-08-21 13:39:20,514 [INFO] Start training
2026-08-21 13:39:20,872 [INFO] number of trainable parameters: 1463556
Not using distributed mode
['msqr_dgmpq_hcmi_v8', 'msqr_dgmpq_tcap_v9']
2026-08-21 13:39:22,239 [INFO] Start training epoch 0, 37 iters per inner epoch.
2026-08-21 13:39:44,714 [INFO] Averaged stats: lr: 0.000036  loss: 6.778306
2026-08-21 13:39:44,826 [INFO] gates: {"epoch": 0, "raw_align_ratio": 8.9799, "align_ratio": 0.1032, "lambda_a": 0.0116, "tcap_attn_mean": 0.0051, "tcap_attn_max": 0.0061, "tcap_attn_entropy": 0.0268}
2026-08-21 13:39:44,826 [INFO] Evaluating on val.
Train: data epoch: [0]  [ 0/37]  eta: 0:02:36  lr: 0.000000  loss: 7.3217  time: 4.2241  data: 0.0001  max mem: 5039
Train: data epoch: [0]  [20/37]  eta: 0:00:11  lr: 0.000040  loss: 6.6185  time: 0.4936  data: 0.0000  max mem: 5054
Train: data epoch: [0]  [36/37]  eta: 0:00:00  lr: 0.000072  loss: 6.2134  time: 0.5212  data: 0.0000  max mem: 5054
Train: data epoch: [0] Total time: 0:00:22 (0.6074 s / it)
2026-08-21 13:39:50,607 [INFO] Qual: EPOCH[0] -> PLCC: -0.019552, SROCC: -0.007124, KROCC: -0.004795, LOSS: 5.194574
2026-08-21 13:39:50,608 [INFO] Align: EPOCH[0] -> PLCC: -0.101113, SROCC: -0.039276, KROCC: -0.026751, LOSS: 5.958667
2026-08-21 13:39:50,620 [INFO] Saving checkpoint at epoch 0 to run/20260821133_B2_TCAP_s4/checkpoint_best.pth.
2026-08-21 13:39:50,669 [INFO] Saving checkpoint at epoch 0 to run/20260821133_B2_TCAP_s4/checkpoint_best_joint.pth.
2026-08-21 13:39:50,701 [INFO] Start training
2026-08-21 13:39:50,929 [INFO] Start training epoch 1, 37 iters per inner epoch.
2026-08-21 13:40:08,754 [INFO] Averaged stats: lr: 0.000100  loss: 2.672674
2026-08-21 13:40:08,852 [INFO] gates: {"epoch": 1, "raw_align_ratio": 5.5934, "align_ratio": 0.0886, "lambda_a": 0.0159, "tcap_attn_mean": 0.0051, "tcap_attn_max": 0.006, "tcap_attn_entropy": 0.0268}
2026-08-21 13:40:08,852 [INFO] Evaluating on val.
Train: data epoch: [1]  [ 0/37]  eta: 0:00:34  lr: 0.000100  loss: 5.8486  time: 0.9457  data: 0.0001  max mem: 5054
Train: data epoch: [1]  [20/37]  eta: 0:00:07  lr: 0.000100  loss: 1.7402  time: 0.4238  data: 0.0000  max mem: 5054
Train: data epoch: [1]  [36/37]  eta: 0:00:00  lr: 0.000100  loss: 1.0101  time: 0.5238  data: 0.0000  max mem: 5054
Train: data epoch: [1] Total time: 0:00:17 (0.4817 s / it)
2026-08-21 13:40:14,882 [INFO] Qual: EPOCH[1] -> PLCC: 0.409318, SROCC: 0.400493, KROCC: 0.276057, LOSS: 1.029943
2026-08-21 13:40:14,882 [INFO] Align: EPOCH[1] -> PLCC: 0.345922, SROCC: 0.347483, KROCC: 0.239765, LOSS: 0.866485
2026-08-21 13:40:14,897 [INFO] Saving checkpoint at epoch 1 to run/20260821133_B2_TCAP_s4/checkpoint_best.pth.
2026-08-21 13:40:14,970 [INFO] Saving checkpoint at epoch 1 to run/20260821133_B2_TCAP_s4/checkpoint_best_joint.pth.
2026-08-21 13:40:15,024 [INFO] Start training
2026-08-21 13:40:15,280 [INFO] Start training epoch 2, 37 iters per inner epoch.
2026-08-21 13:40:34,453 [INFO] Averaged stats: lr: 0.000100  loss: 0.725613
2026-08-21 13:40:34,540 [INFO] gates: {"epoch": 2, "raw_align_ratio": 5.7509, "align_ratio": 0.0914, "lambda_a": 0.0159, "tcap_attn_mean": 0.0051, "tcap_attn_max": 0.0062, "tcap_attn_entropy": 0.0269}
2026-08-21 13:40:34,540 [INFO] Evaluating on val.
Train: data epoch: [2]  [ 0/37]  eta: 0:00:46  lr: 0.000100  loss: 1.0347  time: 1.2604  data: 0.0001  max mem: 5054
Train: data epoch: [2]  [20/37]  eta: 0:00:08  lr: 0.000100  loss: 0.7783  time: 0.4718  data: 0.0000  max mem: 5054
Train: data epoch: [2]  [36/37]  eta: 0:00:00  lr: 0.000100  loss: 0.5276  time: 0.5266  data: 0.0000  max mem: 5054
Train: data epoch: [2] Total time: 0:00:19 (0.5182 s / it)
2026-08-21 13:40:40,488 [INFO] Qual: EPOCH[2] -> PLCC: 0.761496, SROCC: 0.710504, KROCC: 0.523354, LOSS: 0.480234
2026-08-21 13:40:40,488 [INFO] Align: EPOCH[2] -> PLCC: 0.689751, SROCC: 0.614976, KROCC: 0.441915, LOSS: 0.526348
2026-08-21 13:40:40,500 [INFO] Saving checkpoint at epoch 2 to run/20260821133_B2_TCAP_s4/checkpoint_best.pth.
2026-08-21 13:40:40,552 [INFO] Saving checkpoint at epoch 2 to run/20260821133_B2_TCAP_s4/checkpoint_best_joint.pth.
2026-08-21 13:40:40,591 [INFO] Start training
2026-08-21 13:40:40,791 [INFO] Start training epoch 3, 37 iters per inner epoch.
2026-08-21 13:40:59,483 [INFO] Averaged stats: lr: 0.000099  loss: 0.391398
2026-08-21 13:40:59,574 [INFO] gates: {"epoch": 3, "raw_align_ratio": 6.0556, "align_ratio": 0.0978, "lambda_a": 0.0162, "tcap_attn_mean": 0.0051, "tcap_attn_max": 0.0066, "tcap_attn_entropy": 0.0268}
2026-08-21 13:40:59,574 [INFO] Evaluating on val.
Train: data epoch: [3]  [ 0/37]  eta: 0:00:33  lr: 0.000099  loss: 0.5702  time: 0.9155  data: 0.0001  max mem: 5054
Train: data epoch: [3]  [20/37]  eta: 0:00:08  lr: 0.000099  loss: 0.3827  time: 0.4684  data: 0.0000  max mem: 5054
Train: data epoch: [3]  [36/37]  eta: 0:00:00  lr: 0.000099  loss: 0.2909  time: 0.5238  data: 0.0000  max mem: 5054
Train: data epoch: [3] Total time: 0:00:18 (0.5052 s / it)
2026-08-21 13:41:05,578 [INFO] Qual: EPOCH[3] -> PLCC: 0.846583, SROCC: 0.779626, KROCC: 0.588052, LOSS: 0.276535
2026-08-21 13:41:05,578 [INFO] Align: EPOCH[3] -> PLCC: 0.792474, SROCC: 0.672488, KROCC: 0.490272, LOSS: 0.353222
2026-08-21 13:41:05,590 [INFO] Saving checkpoint at epoch 3 to run/20260821133_B2_TCAP_s4/checkpoint_best.pth.
2026-08-21 13:41:05,646 [INFO] Saving checkpoint at epoch 3 to run/20260821133_B2_TCAP_s4/checkpoint_best_joint.pth.
2026-08-21 13:41:05,692 [INFO] Start training
2026-08-21 13:41:05,939 [INFO] Start training epoch 4, 37 iters per inner epoch.
2026-08-21 13:41:24,742 [INFO] Averaged stats: lr: 0.000098  loss: 0.275610
2026-08-21 13:41:24,852 [INFO] gates: {"epoch": 4, "raw_align_ratio": 6.4146, "align_ratio": 0.1067, "lambda_a": 0.0166, "tcap_attn_mean": 0.0051, "tcap_attn_max": 0.0071, "tcap_attn_entropy": 0.0269}
2026-08-21 13:41:24,853 [INFO] Evaluating on val.
Train: data epoch: [4]  [ 0/37]  eta: 0:00:46  lr: 0.000098  loss: 0.2834  time: 1.2449  data: 0.0001  max mem: 5054
Train: data epoch: [4]  [20/37]  eta: 0:00:08  lr: 0.000098  loss: 0.2768  time: 0.4611  data: 0.0000  max mem: 5054
Train: data epoch: [4]  [36/37]  eta: 0:00:00  lr: 0.000098  loss: 0.2298  time: 0.4953  data: 0.0000  max mem: 5054
Train: data epoch: [4] Total time: 0:00:18 (0.5082 s / it)
2026-08-21 13:41:31,255 [INFO] Qual: EPOCH[4] -> PLCC: 0.867738, SROCC: 0.810502, KROCC: 0.620796, LOSS: 0.239027
2026-08-21 13:41:31,255 [INFO] Align: EPOCH[4] -> PLCC: 0.827909, SROCC: 0.697577, KROCC: 0.514980, LOSS: 0.292033
2026-08-21 13:41:31,268 [INFO] Saving checkpoint at epoch 4 to run/20260821133_B2_TCAP_s4/checkpoint_best.pth.
2026-08-21 13:41:31,321 [INFO] Saving checkpoint at epoch 4 to run/20260821133_B2_TCAP_s4/checkpoint_best_joint.pth.
2026-08-21 13:41:31,361 [INFO] Start training
2026-08-21 13:41:31,597 [INFO] Start training epoch 5, 37 iters per inner epoch.
2026-08-21 13:41:50,200 [INFO] Averaged stats: lr: 0.000098  loss: 0.243476
2026-08-21 13:41:50,298 [INFO] gates: {"epoch": 5, "raw_align_ratio": 6.4794, "align_ratio": 0.1095, "lambda_a": 0.0169, "tcap_attn_mean": 0.0051, "tcap_attn_max": 0.0074, "tcap_attn_entropy": 0.0269}
2026-08-21 13:41:50,298 [INFO] Evaluating on val.
Train: data epoch: [5]  [ 0/37]  eta: 0:00:42  lr: 0.000098  loss: 0.2430  time: 1.1398  data: 0.0001  max mem: 5054
Train: data epoch: [5]  [20/37]  eta: 0:00:08  lr: 0.000098  loss: 0.2566  time: 0.4563  data: 0.0000  max mem: 5054
Train: data epoch: [5]  [36/37]  eta: 0:00:00  lr: 0.000098  loss: 0.2845  time: 0.4876  data: 0.0000  max mem: 5054
Train: data epoch: [5] Total time: 0:00:18 (0.5028 s / it)
2026-08-21 13:41:56,902 [INFO] Qual: EPOCH[5] -> PLCC: 0.878982, SROCC: 0.825683, KROCC: 0.635837, LOSS: 0.226663
2026-08-21 13:41:56,902 [INFO] Align: EPOCH[5] -> PLCC: 0.832509, SROCC: 0.705873, KROCC: 0.523036, LOSS: 0.299035
2026-08-21 13:41:56,926 [INFO] Saving checkpoint at epoch 5 to run/20260821133_B2_TCAP_s4/checkpoint_best.pth.
2026-08-21 13:41:56,992 [INFO] Saving checkpoint at epoch 5 to run/20260821133_B2_TCAP_s4/checkpoint_best_joint.pth.
2026-08-21 13:41:57,038 [INFO] Start training
2026-08-21 13:41:57,290 [INFO] Start training epoch 6, 37 iters per inner epoch.
2026-08-21 13:42:15,964 [INFO] Averaged stats: lr: 0.000097  loss: 0.231645
2026-08-21 13:42:16,052 [INFO] gates: {"epoch": 6, "raw_align_ratio": 6.5733, "align_ratio": 0.1134, "lambda_a": 0.0173, "tcap_attn_mean": 0.0051, "tcap_attn_max": 0.0072, "tcap_attn_entropy": 0.0268}
2026-08-21 13:42:16,053 [INFO] Evaluating on val.
Train: data epoch: [6]  [ 0/37]  eta: 0:00:39  lr: 0.000097  loss: 0.2259  time: 1.0679  data: 0.0001  max mem: 5054
Train: data epoch: [6]  [20/37]  eta: 0:00:08  lr: 0.000097  loss: 0.2434  time: 0.4658  data: 0.0000  max mem: 5054
Train: data epoch: [6]  [36/37]  eta: 0:00:00  lr: 0.000097  loss: 0.1976  time: 0.5013  data: 0.0000  max mem: 5054
Train: data epoch: [6] Total time: 0:00:18 (0.5047 s / it)
2026-08-21 13:42:22,719 [INFO] Qual: EPOCH[6] -> PLCC: 0.883759, SROCC: 0.835228, KROCC: 0.646872, LOSS: 0.214215
2026-08-21 13:42:22,720 [INFO] Align: EPOCH[6] -> PLCC: 0.838247, SROCC: 0.708480, KROCC: 0.525823, LOSS: 0.282437
2026-08-21 13:42:22,736 [INFO] Saving checkpoint at epoch 6 to run/20260821133_B2_TCAP_s4/checkpoint_best.pth.
2026-08-21 13:42:22,802 [INFO] Saving checkpoint at epoch 6 to run/20260821133_B2_TCAP_s4/checkpoint_best_joint.pth.
2026-08-21 13:42:22,853 [INFO] Start training
2026-08-21 13:42:23,156 [INFO] Start training epoch 7, 37 iters per inner epoch.
2026-08-21 13:42:41,785 [INFO] Averaged stats: lr: 0.000095  loss: 0.213075
2026-08-21 13:42:41,888 [INFO] gates: {"epoch": 7, "raw_align_ratio": 6.5902, "align_ratio": 0.1166, "lambda_a": 0.0177, "tcap_attn_mean": 0.0051, "tcap_attn_max": 0.0076, "tcap_attn_entropy": 0.0268}
2026-08-21 13:42:41,889 [INFO] Evaluating on val.
Train: data epoch: [7]  [ 0/37]  eta: 0:00:53  lr: 0.000095  loss: 0.1654  time: 1.4419  data: 0.0001  max mem: 5054
Train: data epoch: [7]  [20/37]  eta: 0:00:08  lr: 0.000095  loss: 0.1947  time: 0.4535  data: 0.0000  max mem: 5054
Train: data epoch: [7]  [36/37]  eta: 0:00:00  lr: 0.000095  loss: 0.2801  time: 0.4890  data: 0.0000  max mem: 5054
Train: data epoch: [7] Total time: 0:00:18 (0.5035 s / it)
2026-08-21 13:42:48,431 [INFO] Qual: EPOCH[7] -> PLCC: 0.887321, SROCC: 0.840688, KROCC: 0.653450, LOSS: 0.206064
2026-08-21 13:42:48,431 [INFO] Align: EPOCH[7] -> PLCC: 0.840970, SROCC: 0.715005, KROCC: 0.531701, LOSS: 0.283169
2026-08-21 13:42:48,447 [INFO] Saving checkpoint at epoch 7 to run/20260821133_B2_TCAP_s4/checkpoint_best.pth.
2026-08-21 13:42:48,518 [INFO] Saving checkpoint at epoch 7 to run/20260821133_B2_TCAP_s4/checkpoint_best_joint.pth.
2026-08-21 13:42:48,566 [INFO] Start training
2026-08-21 13:42:48,909 [INFO] Start training epoch 8, 37 iters per inner epoch.
2026-08-21 13:43:07,638 [INFO] Averaged stats: lr: 0.000094  loss: 0.206773
2026-08-21 13:43:07,738 [INFO] gates: {"epoch": 8, "raw_align_ratio": 6.6266, "align_ratio": 0.1197, "lambda_a": 0.0181, "tcap_attn_mean": 0.0051, "tcap_attn_max": 0.0081, "tcap_attn_entropy": 0.0268}
2026-08-21 13:43:07,738 [INFO] Evaluating on val.
Train: data epoch: [8]  [ 0/37]  eta: 0:00:40  lr: 0.000094  loss: 0.1779  time: 1.0964  data: 0.0001  max mem: 5054
Train: data epoch: [8]  [20/37]  eta: 0:00:08  lr: 0.000094  loss: 0.2059  time: 0.4860  data: 0.0000  max mem: 5054
Train: data epoch: [8]  [36/37]  eta: 0:00:00  lr: 0.000094  loss: 0.2351  time: 0.4895  data: 0.0000  max mem: 5054
Train: data epoch: [8] Total time: 0:00:18 (0.5062 s / it)
2026-08-21 13:43:14,216 [INFO] Qual: EPOCH[8] -> PLCC: 0.891205, SROCC: 0.845006, KROCC: 0.658693, LOSS: 0.204585
2026-08-21 13:43:14,216 [INFO] Align: EPOCH[8] -> PLCC: 0.843356, SROCC: 0.710202, KROCC: 0.528057, LOSS: 0.277765
2026-08-21 13:43:14,239 [INFO] Saving checkpoint at epoch 8 to run/20260821133_B2_TCAP_s4/checkpoint_best.pth.
2026-08-21 13:43:14,321 [INFO] Saving checkpoint at epoch 8 to run/20260821133_B2_TCAP_s4/checkpoint_best_joint.pth.
2026-08-21 13:43:14,387 [INFO] Start training
2026-08-21 13:43:14,687 [INFO] Start training epoch 9, 37 iters per inner epoch.
2026-08-21 13:43:33,037 [INFO] Averaged stats: lr: 0.000092  loss: 0.198825
2026-08-21 13:43:33,127 [INFO] gates: {"epoch": 9, "raw_align_ratio": 6.5284, "align_ratio": 0.1213, "lambda_a": 0.0186, "tcap_attn_mean": 0.0051, "tcap_attn_max": 0.0088, "tcap_attn_entropy": 0.0268}
2026-08-21 13:43:33,127 [INFO] Evaluating on val.
Train: data epoch: [9]  [ 0/37]  eta: 0:00:46  lr: 0.000092  loss: 0.2089  time: 1.2570  data: 0.0001  max mem: 5054
Train: data epoch: [9]  [20/37]  eta: 0:00:08  lr: 0.000092  loss: 0.1883  time: 0.4697  data: 0.0000  max mem: 5054
Train: data epoch: [9]  [36/37]  eta: 0:00:00  lr: 0.000092  loss: 0.2236  time: 0.4653  data: 0.0000  max mem: 5054
Train: data epoch: [9] Total time: 0:00:18 (0.4959 s / it)
2026-08-21 13:43:39,816 [INFO] Qual: EPOCH[9] -> PLCC: 0.894015, SROCC: 0.847686, KROCC: 0.661732, LOSS: 0.196497
2026-08-21 13:43:39,817 [INFO] Align: EPOCH[9] -> PLCC: 0.843857, SROCC: 0.717694, KROCC: 0.534578, LOSS: 0.276063
2026-08-21 13:43:39,834 [INFO] Saving checkpoint at epoch 9 to run/20260821133_B2_TCAP_s4/checkpoint_best.pth.
2026-08-21 13:43:39,905 [INFO] Saving checkpoint at epoch 9 to run/20260821133_B2_TCAP_s4/checkpoint_best_joint.pth.
2026-08-21 13:43:39,955 [INFO] Start training
2026-08-21 13:43:40,260 [INFO] Start training epoch 10, 37 iters per inner epoch.
2026-08-21 13:43:58,794 [INFO] Averaged stats: lr: 0.000091  loss: 0.190273
2026-08-21 13:43:58,876 [INFO] gates: {"epoch": 10, "raw_align_ratio": 6.5348, "align_ratio": 0.1244, "lambda_a": 0.019, "tcap_attn_mean": 0.0051, "tcap_attn_max": 0.0084, "tcap_attn_entropy": 0.0268}
2026-08-21 13:43:58,876 [INFO] Evaluating on val.
Train: data epoch: [10]  [ 0/37]  eta: 0:00:43  lr: 0.000091  loss: 0.2323  time: 1.1816  data: 0.0001  max mem: 5054
Train: data epoch: [10]  [20/37]  eta: 0:00:08  lr: 0.000091  loss: 0.1544  time: 0.4881  data: 0.0000  max mem: 5054
Train: data epoch: [10]  [36/37]  eta: 0:00:00  lr: 0.000091  loss: 0.2070  time: 0.4791  data: 0.0000  max mem: 5054
Train: data epoch: [10] Total time: 0:00:18 (0.5009 s / it)
2026-08-21 13:44:05,418 [INFO] Qual: EPOCH[10] -> PLCC: 0.896276, SROCC: 0.851434, KROCC: 0.666031, LOSS: 0.193605
2026-08-21 13:44:05,418 [INFO] Align: EPOCH[10] -> PLCC: 0.849269, SROCC: 0.719737, KROCC: 0.537286, LOSS: 0.267902
2026-08-21 13:44:05,431 [INFO] Saving checkpoint at epoch 10 to run/20260821133_B2_TCAP_s4/checkpoint_best.pth.
2026-08-21 13:44:05,483 [INFO] Saving checkpoint at epoch 10 to run/20260821133_B2_TCAP_s4/checkpoint_best_joint.pth.
2026-08-21 13:44:05,521 [INFO] Start training
2026-08-21 13:44:05,784 [INFO] Start training epoch 11, 37 iters per inner epoch.
2026-08-21 13:44:24,433 [INFO] Averaged stats: lr: 0.000089  loss: 0.180653
2026-08-21 13:44:24,524 [INFO] gates: {"epoch": 11, "raw_align_ratio": 6.7058, "align_ratio": 0.1304, "lambda_a": 0.0195, "tcap_attn_mean": 0.0051, "tcap_attn_max": 0.0092, "tcap_attn_entropy": 0.0268}
2026-08-21 13:44:24,525 [INFO] Evaluating on val.
Train: data epoch: [11]  [ 0/37]  eta: 0:00:49  lr: 0.000089  loss: 0.1489  time: 1.3443  data: 0.0001  max mem: 5054
Train: data epoch: [11]  [20/37]  eta: 0:00:09  lr: 0.000089  loss: 0.2421  time: 0.4954  data: 0.0000  max mem: 5054
Train: data epoch: [11]  [36/37]  eta: 0:00:00  lr: 0.000089  loss: 0.1372  time: 0.4831  data: 0.0000  max mem: 5054
Train: data epoch: [11] Total time: 0:00:18 (0.5040 s / it)
2026-08-21 13:44:31,212 [INFO] Qual: EPOCH[11] -> PLCC: 0.898981, SROCC: 0.854594, KROCC: 0.669563, LOSS: 0.189822
2026-08-21 13:44:31,212 [INFO] Align: EPOCH[11] -> PLCC: 0.847945, SROCC: 0.720188, KROCC: 0.537918, LOSS: 0.275344
2026-08-21 13:44:31,236 [INFO] Saving checkpoint at epoch 11 to run/20260821133_B2_TCAP_s4/checkpoint_best.pth.
2026-08-21 13:44:31,303 [INFO] Saving checkpoint at epoch 11 to run/20260821133_B2_TCAP_s4/checkpoint_best_joint.pth.
2026-08-21 13:44:31,352 [INFO] Start training
2026-08-21 13:44:31,646 [INFO] Start training epoch 12, 37 iters per inner epoch.
2026-08-21 13:44:50,122 [INFO] Averaged stats: lr: 0.000087  loss: 0.175401
2026-08-21 13:44:50,216 [INFO] gates: {"epoch": 12, "raw_align_ratio": 6.6282, "align_ratio": 0.1317, "lambda_a": 0.0199, "tcap_attn_mean": 0.0051, "tcap_attn_max": 0.0106, "tcap_attn_entropy": 0.0267}
2026-08-21 13:44:50,216 [INFO] Evaluating on val.
Train: data epoch: [12]  [ 0/37]  eta: 0:00:39  lr: 0.000087  loss: 0.1718  time: 1.0607  data: 0.0001  max mem: 5054
Train: data epoch: [12]  [20/37]  eta: 0:00:09  lr: 0.000087  loss: 0.1601  time: 0.5056  data: 0.0000  max mem: 5054
Train: data epoch: [12]  [36/37]  eta: 0:00:00  lr: 0.000087  loss: 0.1480  time: 0.4766  data: 0.0000  max mem: 5054
Train: data epoch: [12] Total time: 0:00:18 (0.4993 s / it)
2026-08-21 13:44:56,879 [INFO] Qual: EPOCH[12] -> PLCC: 0.900590, SROCC: 0.856622, KROCC: 0.672158, LOSS: 0.184349
2026-08-21 13:44:56,879 [INFO] Align: EPOCH[12] -> PLCC: 0.847804, SROCC: 0.723126, KROCC: 0.539396, LOSS: 0.278976
2026-08-21 13:44:56,896 [INFO] Saving checkpoint at epoch 12 to run/20260821133_B2_TCAP_s4/checkpoint_best.pth.
2026-08-21 13:44:56,962 [INFO] Saving checkpoint at epoch 12 to run/20260821133_B2_TCAP_s4/checkpoint_best_joint.pth.
2026-08-21 13:44:57,010 [INFO] Start training
2026-08-21 13:44:57,315 [INFO] Start training epoch 13, 37 iters per inner epoch.
2026-08-21 13:45:16,015 [INFO] Averaged stats: lr: 0.000084  loss: 0.168908
2026-08-21 13:45:16,107 [INFO] gates: {"epoch": 13, "raw_align_ratio": 6.5904, "align_ratio": 0.1343, "lambda_a": 0.0204, "tcap_attn_mean": 0.0051, "tcap_attn_max": 0.0107, "tcap_attn_entropy": 0.0267}
2026-08-21 13:45:16,107 [INFO] Evaluating on val.
Train: data epoch: [13]  [ 0/37]  eta: 0:00:46  lr: 0.000084  loss: 0.1498  time: 1.2473  data: 0.0001  max mem: 5054
Train: data epoch: [13]  [20/37]  eta: 0:00:08  lr: 0.000084  loss: 0.1428  time: 0.4907  data: 0.0000  max mem: 5054
Train: data epoch: [13]  [36/37]  eta: 0:00:00  lr: 0.000084  loss: 0.1930  time: 0.4850  data: 0.0000  max mem: 5054
Train: data epoch: [13] Total time: 0:00:18 (0.5054 s / it)
2026-08-21 13:45:22,814 [INFO] Qual: EPOCH[13] -> PLCC: 0.902069, SROCC: 0.858533, KROCC: 0.674550, LOSS: 0.185120
2026-08-21 13:45:22,814 [INFO] Align: EPOCH[13] -> PLCC: 0.848947, SROCC: 0.721692, KROCC: 0.538301, LOSS: 0.273387
2026-08-21 13:45:22,830 [INFO] Saving checkpoint at epoch 13 to run/20260821133_B2_TCAP_s4/checkpoint_best.pth.
2026-08-21 13:45:22,896 [INFO] Saving checkpoint at epoch 13 to run/20260821133_B2_TCAP_s4/checkpoint_best_joint.pth.
2026-08-21 13:45:22,943 [INFO] Start training
2026-08-21 13:45:23,243 [INFO] Start training epoch 14, 37 iters per inner epoch.
2026-08-21 13:45:41,692 [INFO] Averaged stats: lr: 0.000082  loss: 0.161494
2026-08-21 13:45:41,774 [INFO] gates: {"epoch": 14, "raw_align_ratio": 6.6572, "align_ratio": 0.1393, "lambda_a": 0.0209, "tcap_attn_mean": 0.0051, "tcap_attn_max": 0.0111, "tcap_attn_entropy": 0.0267}
2026-08-21 13:45:41,774 [INFO] Evaluating on val.
Train: data epoch: [14]  [ 0/37]  eta: 0:00:38  lr: 0.000082  loss: 0.1775  time: 1.0290  data: 0.0001  max mem: 5054
Train: data epoch: [14]  [20/37]  eta: 0:00:08  lr: 0.000082  loss: 0.1525  time: 0.4945  data: 0.0000  max mem: 5054
Train: data epoch: [14]  [36/37]  eta: 0:00:00  lr: 0.000082  loss: 0.1495  time: 0.4696  data: 0.0000  max mem: 5054
Train: data epoch: [14] Total time: 0:00:18 (0.4986 s / it)
2026-08-21 13:45:48,483 [INFO] Qual: EPOCH[14] -> PLCC: 0.903503, SROCC: 0.860194, KROCC: 0.676615, LOSS: 0.178702
2026-08-21 13:45:48,483 [INFO] Align: EPOCH[14] -> PLCC: 0.848198, SROCC: 0.721415, KROCC: 0.537433, LOSS: 0.271278
2026-08-21 13:45:48,496 [INFO] Saving checkpoint at epoch 14 to run/20260821133_B2_TCAP_s4/checkpoint_best.pth.
2026-08-21 13:45:48,547 [INFO] Saving checkpoint at epoch 14 to run/20260821133_B2_TCAP_s4/checkpoint_best_joint.pth.
2026-08-21 13:45:48,592 [INFO] Start training
2026-08-21 13:45:48,858 [INFO] Start training epoch 15, 37 iters per inner epoch.
2026-08-21 13:46:07,789 [INFO] Averaged stats: lr: 0.000080  loss: 0.156026
2026-08-21 13:46:07,876 [INFO] gates: {"epoch": 15, "raw_align_ratio": 6.7128, "align_ratio": 0.1441, "lambda_a": 0.0215, "tcap_attn_mean": 0.0051, "tcap_attn_max": 0.0137, "tcap_attn_entropy": 0.0267}
2026-08-21 13:46:07,877 [INFO] Evaluating on val.
Train: data epoch: [15]  [ 0/37]  eta: 0:00:49  lr: 0.000080  loss: 0.1091  time: 1.3413  data: 0.0001  max mem: 5054
Train: data epoch: [15]  [20/37]  eta: 0:00:09  lr: 0.000080  loss: 0.1665  time: 0.4925  data: 0.0000  max mem: 5054
Train: data epoch: [15]  [36/37]  eta: 0:00:00  lr: 0.000080  loss: 0.1593  time: 0.4775  data: 0.0000  max mem: 5054
Train: data epoch: [15] Total time: 0:00:18 (0.5116 s / it)
2026-08-21 13:46:14,491 [INFO] Qual: EPOCH[15] -> PLCC: 0.904592, SROCC: 0.861035, KROCC: 0.677653, LOSS: 0.177025
2026-08-21 13:46:14,491 [INFO] Align: EPOCH[15] -> PLCC: 0.848256, SROCC: 0.719971, KROCC: 0.535763, LOSS: 0.273166
2026-08-21 13:46:14,504 [INFO] Saving checkpoint at epoch 15 to run/20260821133_B2_TCAP_s4/checkpoint_best.pth.
2026-08-21 13:46:14,565 [INFO] Saving checkpoint at epoch 15 to run/20260821133_B2_TCAP_s4/checkpoint_best_joint.pth.
2026-08-21 13:46:14,613 [INFO] Start training
2026-08-21 13:46:14,883 [INFO] Start training epoch 16, 37 iters per inner epoch.
2026-08-21 13:46:33,180 [INFO] Averaged stats: lr: 0.000077  loss: 0.151215
2026-08-21 13:46:33,307 [INFO] gates: {"epoch": 16, "raw_align_ratio": 6.7088, "align_ratio": 0.1476, "lambda_a": 0.022, "tcap_attn_mean": 0.0051, "tcap_attn_max": 0.0137, "tcap_attn_entropy": 0.0266}
2026-08-21 13:46:33,308 [INFO] Evaluating on val.
Train: data epoch: [16]  [ 0/37]  eta: 0:00:39  lr: 0.000077  loss: 0.1358  time: 1.0564  data: 0.0001  max mem: 5054
Train: data epoch: [16]  [20/37]  eta: 0:00:08  lr: 0.000077  loss: 0.1651  time: 0.4930  data: 0.0000  max mem: 5054
Train: data epoch: [16]  [36/37]  eta: 0:00:00  lr: 0.000077  loss: 0.1502  time: 0.4489  data: 0.0000  max mem: 5054
Train: data epoch: [16] Total time: 0:00:18 (0.4945 s / it)
2026-08-21 13:46:39,956 [INFO] Qual: EPOCH[16] -> PLCC: 0.905094, SROCC: 0.862609, KROCC: 0.680350, LOSS: 0.177751
2026-08-21 13:46:39,956 [INFO] Align: EPOCH[16] -> PLCC: 0.847003, SROCC: 0.717444, KROCC: 0.533856, LOSS: 0.273448
2026-08-21 13:46:39,973 [INFO] Saving checkpoint at epoch 16 to run/20260821133_B2_TCAP_s4/checkpoint_best.pth.
2026-08-21 13:46:40,022 [INFO] Start training
2026-08-21 13:46:40,385 [INFO] Start training epoch 17, 37 iters per inner epoch.
2026-08-21 13:46:58,891 [INFO] Averaged stats: lr: 0.000074  loss: 0.146434
2026-08-21 13:46:59,059 [INFO] gates: {"epoch": 17, "raw_align_ratio": 6.7632, "align_ratio": 0.1532, "lambda_a": 0.0227, "tcap_attn_mean": 0.0051, "tcap_attn_max": 0.0158, "tcap_attn_entropy": 0.0267}
2026-08-21 13:46:59,059 [INFO] Evaluating on val.
Train: data epoch: [17]  [ 0/37]  eta: 0:00:48  lr: 0.000074  loss: 0.1738  time: 1.3070  data: 0.0001  max mem: 5054
Train: data epoch: [17]  [20/37]  eta: 0:00:09  lr: 0.000074  loss: 0.1257  time: 0.4928  data: 0.0000  max mem: 5054
Train: data epoch: [17]  [36/37]  eta: 0:00:00  lr: 0.000074  loss: 0.1510  time: 0.4370  data: 0.0000  max mem: 5054
Train: data epoch: [17] Total time: 0:00:18 (0.5002 s / it)
2026-08-21 13:47:06,645 [INFO] Qual: EPOCH[17] -> PLCC: 0.905764, SROCC: 0.863076, KROCC: 0.681207, LOSS: 0.174630
2026-08-21 13:47:06,645 [INFO] Align: EPOCH[17] -> PLCC: 0.846210, SROCC: 0.712788, KROCC: 0.529806, LOSS: 0.270542
2026-08-21 13:47:06,662 [INFO] Saving checkpoint at epoch 17 to run/20260821133_B2_TCAP_s4/checkpoint_best.pth.
2026-08-21 13:47:06,711 [INFO] Start training
2026-08-21 13:47:06,979 [INFO] Start training epoch 18, 37 iters per inner epoch.
2026-08-21 13:47:25,682 [INFO] Averaged stats: lr: 0.000072  loss: 0.141724
2026-08-21 13:47:25,840 [INFO] gates: {"epoch": 18, "raw_align_ratio": 7.0528, "align_ratio": 0.1635, "lambda_a": 0.0232, "tcap_attn_mean": 0.0051, "tcap_attn_max": 0.0173, "tcap_attn_entropy": 0.0266}
2026-08-21 13:47:25,841 [INFO] Evaluating on val.
Train: data epoch: [18]  [ 0/37]  eta: 0:00:37  lr: 0.000072  loss: 0.1340  time: 1.0269  data: 0.0001  max mem: 5054
Train: data epoch: [18]  [20/37]  eta: 0:00:09  lr: 0.000072  loss: 0.1051  time: 0.5111  data: 0.0000  max mem: 5054
Train: data epoch: [18]  [36/37]  eta: 0:00:00  lr: 0.000072  loss: 0.1360  time: 0.4618  data: 0.0000  max mem: 5054
Train: data epoch: [18] Total time: 0:00:18 (0.5055 s / it)
2026-08-21 13:47:33,147 [INFO] Qual: EPOCH[18] -> PLCC: 0.907741, SROCC: 0.866603, KROCC: 0.685156, LOSS: 0.171767
2026-08-21 13:47:33,147 [INFO] Align: EPOCH[18] -> PLCC: 0.847029, SROCC: 0.713768, KROCC: 0.530031, LOSS: 0.271610
2026-08-21 13:47:33,160 [INFO] Saving checkpoint at epoch 18 to run/20260821133_B2_TCAP_s4/checkpoint_best.pth.
2026-08-21 13:47:33,213 [INFO] Saving checkpoint at epoch 18 to run/20260821133_B2_TCAP_s4/checkpoint_best_joint.pth.
2026-08-21 13:47:33,252 [INFO] Start training
2026-08-21 13:47:33,516 [INFO] Start training epoch 19, 37 iters per inner epoch.
2026-08-21 13:47:52,640 [INFO] Averaged stats: lr: 0.000069  loss: 0.131908
2026-08-21 13:47:52,777 [INFO] gates: {"epoch": 19, "raw_align_ratio": 6.6847, "align_ratio": 0.1586, "lambda_a": 0.0237, "tcap_attn_mean": 0.0051, "tcap_attn_max": 0.0181, "tcap_attn_entropy": 0.0265}
2026-08-21 13:47:52,777 [INFO] Evaluating on val.
Train: data epoch: [19]  [ 0/37]  eta: 0:00:44  lr: 0.000069  loss: 0.1185  time: 1.2131  data: 0.0001  max mem: 5054
Train: data epoch: [19]  [20/37]  eta: 0:00:09  lr: 0.000069  loss: 0.1385  time: 0.5075  data: 0.0000  max mem: 5054
Train: data epoch: [19]  [36/37]  eta: 0:00:00  lr: 0.000069  loss: 0.1023  time: 0.4975  data: 0.0000  max mem: 5054
Train: data epoch: [19] Total time: 0:00:19 (0.5168 s / it)
2026-08-21 13:48:00,349 [INFO] Qual: EPOCH[19] -> PLCC: 0.908170, SROCC: 0.866671, KROCC: 0.685134, LOSS: 0.171807
2026-08-21 13:48:00,350 [INFO] Align: EPOCH[19] -> PLCC: 0.844133, SROCC: 0.706681, KROCC: 0.523691, LOSS: 0.290058
2026-08-21 13:48:00,369 [INFO] Saving checkpoint at epoch 19 to run/20260821133_B2_TCAP_s4/checkpoint_best.pth.
2026-08-21 13:48:00,420 [INFO] Start training
2026-08-21 13:48:00,731 [INFO] Start training epoch 20, 37 iters per inner epoch.
2026-08-21 13:48:19,375 [INFO] Averaged stats: lr: 0.000066  loss: 0.127172
2026-08-21 13:48:19,531 [INFO] gates: {"epoch": 20, "raw_align_ratio": 6.8458, "align_ratio": 0.1669, "lambda_a": 0.0244, "tcap_attn_mean": 0.0051, "tcap_attn_max": 0.0172, "tcap_attn_entropy": 0.0265}
2026-08-21 13:48:19,532 [INFO] Evaluating on val.
Train: data epoch: [20]  [ 0/37]  eta: 0:00:38  lr: 0.000066  loss: 0.1195  time: 1.0323  data: 0.0001  max mem: 5054
Train: data epoch: [20]  [20/37]  eta: 0:00:09  lr: 0.000066  loss: 0.1374  time: 0.5124  data: 0.0000  max mem: 5054
Train: data epoch: [20]  [36/37]  eta: 0:00:00  lr: 0.000066  loss: 0.1267  time: 0.4759  data: 0.0000  max mem: 5054
Train: data epoch: [20] Total time: 0:00:18 (0.5039 s / it)
2026-08-21 13:48:26,797 [INFO] Qual: EPOCH[20] -> PLCC: 0.908324, SROCC: 0.866998, KROCC: 0.685585, LOSS: 0.171079
2026-08-21 13:48:26,797 [INFO] Align: EPOCH[20] -> PLCC: 0.839298, SROCC: 0.699023, KROCC: 0.516120, LOSS: 0.291679
2026-08-21 13:48:26,810 [INFO] Saving checkpoint at epoch 20 to run/20260821133_B2_TCAP_s4/checkpoint_best.pth.
2026-08-21 13:48:26,862 [INFO] Saving checkpoint at epoch 20 to run/20260821133_B2_TCAP_s4/checkpoint_latest.pth.
2026-08-21 13:48:26,906 [INFO] Start training
2026-08-21 13:48:27,204 [INFO] Start training epoch 21, 37 iters per inner epoch.
2026-08-21 13:48:45,774 [INFO] Averaged stats: lr: 0.000063  loss: 0.124619
2026-08-21 13:48:45,861 [INFO] gates: {"epoch": 21, "raw_align_ratio": 6.6462, "align_ratio": 0.1657, "lambda_a": 0.025, "tcap_attn_mean": 0.0051, "tcap_attn_max": 0.0219, "tcap_attn_entropy": 0.0265}
2026-08-21 13:48:45,862 [INFO] Evaluating on val.
Train: data epoch: [21]  [ 0/37]  eta: 0:00:48  lr: 0.000063  loss: 0.1142  time: 1.3228  data: 0.0001  max mem: 5054
Train: data epoch: [21]  [20/37]  eta: 0:00:09  lr: 0.000063  loss: 0.1275  time: 0.5245  data: 0.0000  max mem: 5054
Train: data epoch: [21]  [36/37]  eta: 0:00:00  lr: 0.000063  loss: 0.1122  time: 0.4479  data: 0.0000  max mem: 5054
Train: data epoch: [21] Total time: 0:00:18 (0.5019 s / it)
2026-08-21 13:48:53,243 [INFO] Qual: EPOCH[21] -> PLCC: 0.908791, SROCC: 0.867223, KROCC: 0.686036, LOSS: 0.170364
2026-08-21 13:48:53,243 [INFO] Align: EPOCH[21] -> PLCC: 0.840362, SROCC: 0.697029, KROCC: 0.514924, LOSS: 0.281651
2026-08-21 13:48:53,259 [INFO] Saving checkpoint at epoch 21 to run/20260821133_B2_TCAP_s4/checkpoint_best.pth.
2026-08-21 13:48:53,322 [INFO] Start training
2026-08-21 13:48:53,633 [INFO] Start training epoch 22, 37 iters per inner epoch.
2026-08-21 13:49:13,044 [INFO] Averaged stats: lr: 0.000060  loss: 0.119606
2026-08-21 13:49:13,192 [INFO] gates: {"epoch": 22, "raw_align_ratio": 6.6919, "align_ratio": 0.1705, "lambda_a": 0.0255, "tcap_attn_mean": 0.0051, "tcap_attn_max": 0.0219, "tcap_attn_entropy": 0.0266}
2026-08-21 13:49:13,193 [INFO] Evaluating on val.
Train: data epoch: [22]  [ 0/37]  eta: 0:00:47  lr: 0.000060  loss: 0.1176  time: 1.2795  data: 0.0001  max mem: 5054
Train: data epoch: [22]  [20/37]  eta: 0:00:09  lr: 0.000060  loss: 0.1259  time: 0.5121  data: 0.0000  max mem: 5054
Train: data epoch: [22]  [36/37]  eta: 0:00:00  lr: 0.000060  loss: 0.1102  time: 0.4923  data: 0.0000  max mem: 5054
Train: data epoch: [22] Total time: 0:00:19 (0.5246 s / it)
2026-08-21 13:49:19,888 [INFO] Qual: EPOCH[22] -> PLCC: 0.909328, SROCC: 0.868635, KROCC: 0.687447, LOSS: 0.169101
2026-08-21 13:49:19,888 [INFO] Align: EPOCH[22] -> PLCC: 0.839882, SROCC: 0.695319, KROCC: 0.513942, LOSS: 0.283433
2026-08-21 13:49:19,902 [INFO] Saving checkpoint at epoch 22 to run/20260821133_B2_TCAP_s4/checkpoint_best.pth.
2026-08-21 13:49:19,945 [INFO] Start training
2026-08-21 13:49:20,239 [INFO] Start training epoch 23, 37 iters per inner epoch.
2026-08-21 13:49:39,604 [INFO] Averaged stats: lr: 0.000057  loss: 0.115135
2026-08-21 13:49:39,703 [INFO] gates: {"epoch": 23, "raw_align_ratio": 6.6366, "align_ratio": 0.1736, "lambda_a": 0.0262, "tcap_attn_mean": 0.0051, "tcap_attn_max": 0.0249, "tcap_attn_entropy": 0.0264}
2026-08-21 13:49:39,703 [INFO] Evaluating on val.
Train: data epoch: [23]  [ 0/37]  eta: 0:00:53  lr: 0.000057  loss: 0.0988  time: 1.4450  data: 0.0001  max mem: 5054
Train: data epoch: [23]  [20/37]  eta: 0:00:09  lr: 0.000057  loss: 0.1076  time: 0.4894  data: 0.0000  max mem: 5054
Train: data epoch: [23]  [36/37]  eta: 0:00:00  lr: 0.000057  loss: 0.1466  time: 0.4860  data: 0.0000  max mem: 5054
Train: data epoch: [23] Total time: 0:00:19 (0.5234 s / it)
2026-08-21 13:49:45,889 [INFO] Qual: EPOCH[23] -> PLCC: 0.909981, SROCC: 0.869615, KROCC: 0.689034, LOSS: 0.169908
2026-08-21 13:49:45,889 [INFO] Align: EPOCH[23] -> PLCC: 0.832464, SROCC: 0.682378, KROCC: 0.501550, LOSS: 0.306750
2026-08-21 13:49:45,902 [INFO] Saving checkpoint at epoch 23 to run/20260821133_B2_TCAP_s4/checkpoint_best.pth.
2026-08-21 13:49:45,948 [INFO] Start training
2026-08-21 13:49:46,215 [INFO] Start training epoch 24, 37 iters per inner epoch.
2026-08-21 13:50:05,512 [INFO] Averaged stats: lr: 0.000054  loss: 0.109939
2026-08-21 13:50:05,611 [INFO] gates: {"epoch": 24, "raw_align_ratio": 6.6883, "align_ratio": 0.1791, "lambda_a": 0.0268, "tcap_attn_mean": 0.0051, "tcap_attn_max": 0.0191, "tcap_attn_entropy": 0.0264}
2026-08-21 13:50:05,611 [INFO] Evaluating on val.
Train: data epoch: [24]  [ 0/37]  eta: 0:00:53  lr: 0.000054  loss: 0.1025  time: 1.4462  data: 0.0001  max mem: 5054
Train: data epoch: [24]  [20/37]  eta: 0:00:09  lr: 0.000054  loss: 0.1034  time: 0.4886  data: 0.0000  max mem: 5054
Train: data epoch: [24]  [36/37]  eta: 0:00:00  lr: 0.000054  loss: 0.0798  time: 0.4846  data: 0.0000  max mem: 5054
Train: data epoch: [24] Total time: 0:00:19 (0.5215 s / it)
2026-08-21 13:50:11,817 [INFO] Qual: EPOCH[24] -> PLCC: 0.910367, SROCC: 0.870156, KROCC: 0.689523, LOSS: 0.169126
2026-08-21 13:50:11,817 [INFO] Align: EPOCH[24] -> PLCC: 0.831832, SROCC: 0.683761, KROCC: 0.502863, LOSS: 0.309446
2026-08-21 13:50:11,830 [INFO] Saving checkpoint at epoch 24 to run/20260821133_B2_TCAP_s4/checkpoint_best.pth.
2026-08-21 13:50:11,870 [INFO] Start training
2026-08-21 13:50:12,143 [INFO] Start training epoch 25, 37 iters per inner epoch.
2026-08-21 13:50:31,489 [INFO] Averaged stats: lr: 0.000050  loss: 0.104701
2026-08-21 13:50:31,575 [INFO] gates: {"epoch": 25, "raw_align_ratio": 6.8579, "align_ratio": 0.1884, "lambda_a": 0.0275, "tcap_attn_mean": 0.0051, "tcap_attn_max": 0.0184, "tcap_attn_entropy": 0.0264}
2026-08-21 13:50:31,576 [INFO] Evaluating on val.
Train: data epoch: [25]  [ 0/37]  eta: 0:00:40  lr: 0.000051  loss: 0.1279  time: 1.0931  data: 0.0001  max mem: 5054
Train: data epoch: [25]  [20/37]  eta: 0:00:09  lr: 0.000051  loss: 0.0901  time: 0.5051  data: 0.0000  max mem: 5054
Train: data epoch: [25]  [36/37]  eta: 0:00:00  lr: 0.000051  loss: 0.1141  time: 0.4949  data: 0.0000  max mem: 5054
Train: data epoch: [25] Total time: 0:00:19 (0.5228 s / it)
2026-08-21 13:50:37,566 [INFO] Qual: EPOCH[25] -> PLCC: 0.910193, SROCC: 0.869387, KROCC: 0.688778, LOSS: 0.168519
2026-08-21 13:50:37,566 [INFO] Align: EPOCH[25] -> PLCC: 0.825338, SROCC: 0.664653, KROCC: 0.485398, LOSS: 0.313564
2026-08-21 13:50:37,583 [INFO] Saving checkpoint at epoch 25 to run/20260821133_B2_TCAP_s4/checkpoint_latest.pth.
2026-08-21 13:50:37,634 [INFO] Start training
2026-08-21 13:50:37,941 [INFO] Start training epoch 26, 37 iters per inner epoch.
2026-08-21 13:50:57,166 [INFO] Averaged stats: lr: 0.000047  loss: 0.101641
2026-08-21 13:50:57,259 [INFO] gates: {"epoch": 26, "raw_align_ratio": 6.9745, "align_ratio": 0.1957, "lambda_a": 0.0281, "tcap_attn_mean": 0.0051, "tcap_attn_max": 0.0257, "tcap_attn_entropy": 0.0264}
2026-08-21 13:50:57,260 [INFO] Evaluating on val.
Train: data epoch: [26]  [ 0/37]  eta: 0:00:50  lr: 0.000047  loss: 0.1022  time: 1.3541  data: 0.0001  max mem: 5054
Train: data epoch: [26]  [20/37]  eta: 0:00:09  lr: 0.000047  loss: 0.1074  time: 0.5061  data: 0.0000  max mem: 5054
Train: data epoch: [26]  [36/37]  eta: 0:00:00  lr: 0.000047  loss: 0.1301  time: 0.4861  data: 0.0000  max mem: 5054
Train: data epoch: [26] Total time: 0:00:19 (0.5196 s / it)
2026-08-21 13:51:03,298 [INFO] Qual: EPOCH[26] -> PLCC: 0.910862, SROCC: 0.870801, KROCC: 0.690550, LOSS: 0.168123
2026-08-21 13:51:03,298 [INFO] Align: EPOCH[26] -> PLCC: 0.824292, SROCC: 0.662823, KROCC: 0.483863, LOSS: 0.318913
2026-08-21 13:51:03,315 [INFO] Saving checkpoint at epoch 26 to run/20260821133_B2_TCAP_s4/checkpoint_best.pth.
2026-08-21 13:51:03,375 [INFO] Start training
2026-08-21 13:51:03,687 [INFO] Start training epoch 27, 37 iters per inner epoch.
2026-08-21 13:51:22,877 [INFO] Averaged stats: lr: 0.000044  loss: 0.096815
2026-08-21 13:51:22,967 [INFO] gates: {"epoch": 27, "raw_align_ratio": 6.8689, "align_ratio": 0.1966, "lambda_a": 0.0286, "tcap_attn_mean": 0.0051, "tcap_attn_max": 0.021, "tcap_attn_entropy": 0.0264}
2026-08-21 13:51:22,967 [INFO] Evaluating on val.
Train: data epoch: [27]  [ 0/37]  eta: 0:00:42  lr: 0.000044  loss: 0.0699  time: 1.1493  data: 0.0001  max mem: 5054
Train: data epoch: [27]  [20/37]  eta: 0:00:09  lr: 0.000044  loss: 0.0927  time: 0.5154  data: 0.0000  max mem: 5054
Train: data epoch: [27]  [36/37]  eta: 0:00:00  lr: 0.000044  loss: 0.1079  time: 0.4942  data: 0.0000  max mem: 5054
Train: data epoch: [27] Total time: 0:00:19 (0.5186 s / it)
2026-08-21 13:51:29,068 [INFO] Qual: EPOCH[27] -> PLCC: 0.910690, SROCC: 0.870090, KROCC: 0.689884, LOSS: 0.167445
2026-08-21 13:51:29,068 [INFO] Align: EPOCH[27] -> PLCC: 0.822701, SROCC: 0.657964, KROCC: 0.479982, LOSS: 0.320926
2026-08-21 13:51:29,069 [INFO] Start training
2026-08-21 13:51:29,339 [INFO] Start training epoch 28, 37 iters per inner epoch.
2026-08-21 13:51:48,309 [INFO] Averaged stats: lr: 0.000041  loss: 0.096245
2026-08-21 13:51:48,394 [INFO] gates: {"epoch": 28, "raw_align_ratio": 6.7643, "align_ratio": 0.1972, "lambda_a": 0.0292, "tcap_attn_mean": 0.0051, "tcap_attn_max": 0.0231, "tcap_attn_entropy": 0.0263}
2026-08-21 13:51:48,395 [INFO] Evaluating on val.
Train: data epoch: [28]  [ 0/37]  eta: 0:00:39  lr: 0.000041  loss: 0.0875  time: 1.0672  data: 0.0001  max mem: 5054
Train: data epoch: [28]  [20/37]  eta: 0:00:09  lr: 0.000041  loss: 0.0931  time: 0.5149  data: 0.0000  max mem: 5054
Train: data epoch: [28]  [36/37]  eta: 0:00:00  lr: 0.000041  loss: 0.1036  time: 0.4892  data: 0.0000  max mem: 5054
Train: data epoch: [28] Total time: 0:00:18 (0.5127 s / it)
2026-08-21 13:51:54,647 [INFO] Qual: EPOCH[28] -> PLCC: 0.911266, SROCC: 0.871506, KROCC: 0.691655, LOSS: 0.165857
2026-08-21 13:51:54,648 [INFO] Align: EPOCH[28] -> PLCC: 0.829465, SROCC: 0.671476, KROCC: 0.492077, LOSS: 0.305809
2026-08-21 13:51:54,667 [INFO] Saving checkpoint at epoch 28 to run/20260821133_B2_TCAP_s4/checkpoint_best.pth.
2026-08-21 13:51:54,717 [INFO] Start training
2026-08-21 13:51:55,018 [INFO] Start training epoch 29, 37 iters per inner epoch.
2026-08-21 13:52:14,294 [INFO] Averaged stats: lr: 0.000038  loss: 0.094408
2026-08-21 13:52:14,409 [INFO] gates: {"epoch": 29, "raw_align_ratio": 6.8455, "align_ratio": 0.2026, "lambda_a": 0.0296, "tcap_attn_mean": 0.0051, "tcap_attn_max": 0.0258, "tcap_attn_entropy": 0.0263}
2026-08-21 13:52:14,410 [INFO] Evaluating on val.
Train: data epoch: [29]  [ 0/37]  eta: 0:00:51  lr: 0.000038  loss: 0.1051  time: 1.3788  data: 0.0001  max mem: 5054
Train: data epoch: [29]  [20/37]  eta: 0:00:09  lr: 0.000038  loss: 0.0928  time: 0.5174  data: 0.0000  max mem: 5054
Train: data epoch: [29]  [36/37]  eta: 0:00:00  lr: 0.000038  loss: 0.0724  time: 0.4896  data: 0.0000  max mem: 5054
Train: data epoch: [29] Total time: 0:00:19 (0.5210 s / it)
2026-08-21 13:52:20,612 [INFO] Qual: EPOCH[29] -> PLCC: 0.910672, SROCC: 0.869817, KROCC: 0.689388, LOSS: 0.167489
2026-08-21 13:52:20,613 [INFO] Align: EPOCH[29] -> PLCC: 0.816829, SROCC: 0.651290, KROCC: 0.474454, LOSS: 0.339279
2026-08-21 13:52:20,614 [INFO] Start training
2026-08-21 13:52:20,912 [INFO] Start training epoch 30, 37 iters per inner epoch.
2026-08-21 13:52:40,162 [INFO] Averaged stats: lr: 0.000035  loss: 0.089248
2026-08-21 13:52:40,268 [INFO] gates: {"epoch": 30, "raw_align_ratio": 6.9323, "align_ratio": 0.2087, "lambda_a": 0.0301, "tcap_attn_mean": 0.0051, "tcap_attn_max": 0.0409, "tcap_attn_entropy": 0.0262}
2026-08-21 13:52:40,268 [INFO] Evaluating on val.
Train: data epoch: [30]  [ 0/37]  eta: 0:00:47  lr: 0.000035  loss: 0.1101  time: 1.2960  data: 0.0001  max mem: 5054
Train: data epoch: [30]  [20/37]  eta: 0:00:09  lr: 0.000035  loss: 0.0954  time: 0.5113  data: 0.0000  max mem: 5054
Train: data epoch: [30]  [36/37]  eta: 0:00:00  lr: 0.000035  loss: 0.1070  time: 0.4968  data: 0.0000  max mem: 5054
Train: data epoch: [30] Total time: 0:00:19 (0.5202 s / it)
2026-08-21 13:52:46,251 [INFO] Qual: EPOCH[30] -> PLCC: 0.910621, SROCC: 0.869754, KROCC: 0.689094, LOSS: 0.167373
2026-08-21 13:52:46,252 [INFO] Align: EPOCH[30] -> PLCC: 0.814709, SROCC: 0.645805, KROCC: 0.469489, LOSS: 0.340740
2026-08-21 13:52:46,268 [INFO] Saving checkpoint at epoch 30 to run/20260821133_B2_TCAP_s4/checkpoint_latest.pth.
2026-08-21 13:52:46,318 [INFO] Start training
2026-08-21 13:52:46,619 [INFO] Start training epoch 31, 37 iters per inner epoch.
2026-08-21 13:53:06,398 [INFO] Averaged stats: lr: 0.000032  loss: 0.086109
2026-08-21 13:53:06,497 [INFO] gates: {"epoch": 31, "raw_align_ratio": 6.9583, "align_ratio": 0.2127, "lambda_a": 0.0306, "tcap_attn_mean": 0.0051, "tcap_attn_max": 0.0236, "tcap_attn_entropy": 0.0263}
2026-08-21 13:53:06,497 [INFO] Evaluating on val.
Train: data epoch: [31]  [ 0/37]  eta: 0:00:57  lr: 0.000032  loss: 0.0583  time: 1.5612  data: 0.0001  max mem: 5054
Train: data epoch: [31]  [20/37]  eta: 0:00:09  lr: 0.000032  loss: 0.0763  time: 0.5158  data: 0.0000  max mem: 5054
Train: data epoch: [31]  [36/37]  eta: 0:00:00  lr: 0.000032  loss: 0.0931  time: 0.5047  data: 0.0000  max mem: 5054
Train: data epoch: [31] Total time: 0:00:19 (0.5346 s / it)
2026-08-21 13:53:12,691 [INFO] Qual: EPOCH[31] -> PLCC: 0.910911, SROCC: 0.870730, KROCC: 0.690234, LOSS: 0.166651
2026-08-21 13:53:12,692 [INFO] Align: EPOCH[31] -> PLCC: 0.817046, SROCC: 0.649658, KROCC: 0.473501, LOSS: 0.329942
2026-08-21 13:53:12,693 [INFO] Start training
2026-08-21 13:53:12,989 [INFO] Start training epoch 32, 37 iters per inner epoch.
2026-08-21 13:53:32,284 [INFO] Averaged stats: lr: 0.000029  loss: 0.086207
2026-08-21 13:53:32,368 [INFO] gates: {"epoch": 32, "raw_align_ratio": 6.9819, "align_ratio": 0.2158, "lambda_a": 0.0309, "tcap_attn_mean": 0.0051, "tcap_attn_max": 0.0286, "tcap_attn_entropy": 0.0263}
2026-08-21 13:53:32,369 [INFO] Evaluating on val.
Train: data epoch: [32]  [ 0/37]  eta: 0:00:51  lr: 0.000029  loss: 0.0693  time: 1.4052  data: 0.0001  max mem: 5054
Train: data epoch: [32]  [20/37]  eta: 0:00:09  lr: 0.000029  loss: 0.1018  time: 0.5037  data: 0.0000  max mem: 5054
Train: data epoch: [32]  [36/37]  eta: 0:00:00  lr: 0.000029  loss: 0.1016  time: 0.4896  data: 0.0000  max mem: 5054
Train: data epoch: [32] Total time: 0:00:19 (0.5215 s / it)
2026-08-21 13:53:38,509 [INFO] Qual: EPOCH[32] -> PLCC: 0.910896, SROCC: 0.870313, KROCC: 0.689805, LOSS: 0.167367
2026-08-21 13:53:38,509 [INFO] Align: EPOCH[32] -> PLCC: 0.813174, SROCC: 0.640883, KROCC: 0.465879, LOSS: 0.344044
2026-08-21 13:53:38,510 [INFO] Start training
2026-08-21 13:53:38,809 [INFO] Start training epoch 33, 37 iters per inner epoch.
2026-08-21 13:53:58,058 [INFO] Averaged stats: lr: 0.000027  loss: 0.084107
2026-08-21 13:53:58,150 [INFO] gates: {"epoch": 33, "raw_align_ratio": 6.964, "align_ratio": 0.2179, "lambda_a": 0.0313, "tcap_attn_mean": 0.0051, "tcap_attn_max": 0.0316, "tcap_attn_entropy": 0.0263}
2026-08-21 13:53:58,150 [INFO] Evaluating on val.
Train: data epoch: [33]  [ 0/37]  eta: 0:00:53  lr: 0.000027  loss: 0.0812  time: 1.4443  data: 0.0001  max mem: 5054
Train: data epoch: [33]  [20/37]  eta: 0:00:09  lr: 0.000027  loss: 0.0824  time: 0.5117  data: 0.0000  max mem: 5054
Train: data epoch: [33]  [36/37]  eta: 0:00:00  lr: 0.000027  loss: 0.0949  time: 0.4701  data: 0.0000  max mem: 5054
Train: data epoch: [33] Total time: 0:00:19 (0.5202 s / it)
2026-08-21 13:54:04,283 [INFO] Qual: EPOCH[33] -> PLCC: 0.910900, SROCC: 0.870779, KROCC: 0.690268, LOSS: 0.168033
2026-08-21 13:54:04,283 [INFO] Align: EPOCH[33] -> PLCC: 0.814497, SROCC: 0.646237, KROCC: 0.470369, LOSS: 0.335680
2026-08-21 13:54:04,284 [INFO] Start training
2026-08-21 13:54:04,659 [INFO] Start training epoch 34, 37 iters per inner epoch.
2026-08-21 13:54:24,052 [INFO] Averaged stats: lr: 0.000024  loss: 0.081828
2026-08-21 13:54:24,164 [INFO] gates: {"epoch": 34, "raw_align_ratio": 7.008, "align_ratio": 0.2219, "lambda_a": 0.0317, "tcap_attn_mean": 0.0051, "tcap_attn_max": 0.0271, "tcap_attn_entropy": 0.0263}
2026-08-21 13:54:24,165 [INFO] Evaluating on val.
Train: data epoch: [34]  [ 0/37]  eta: 0:00:51  lr: 0.000024  loss: 0.0838  time: 1.3958  data: 0.0003  max mem: 5054
Train: data epoch: [34]  [20/37]  eta: 0:00:09  lr: 0.000024  loss: 0.0891  time: 0.5105  data: 0.0000  max mem: 5054
Train: data epoch: [34]  [36/37]  eta: 0:00:00  lr: 0.000024  loss: 0.0704  time: 0.4755  data: 0.0000  max mem: 5054
Train: data epoch: [34] Total time: 0:00:19 (0.5241 s / it)
2026-08-21 13:54:30,397 [INFO] Qual: EPOCH[34] -> PLCC: 0.910881, SROCC: 0.871131, KROCC: 0.690742, LOSS: 0.167938
2026-08-21 13:54:30,397 [INFO] Align: EPOCH[34] -> PLCC: 0.813260, SROCC: 0.645584, KROCC: 0.469575, LOSS: 0.341582
2026-08-21 13:54:30,398 [INFO] Start training
2026-08-21 13:54:30,814 [INFO] Start training epoch 35, 37 iters per inner epoch.
2026-08-21 13:54:50,286 [INFO] Averaged stats: lr: 0.000021  loss: 0.080642
2026-08-21 13:54:50,388 [INFO] gates: {"epoch": 35, "raw_align_ratio": 6.9433, "align_ratio": 0.2216, "lambda_a": 0.0319, "tcap_attn_mean": 0.0051, "tcap_attn_max": 0.0354, "tcap_attn_entropy": 0.0263}
2026-08-21 13:54:50,389 [INFO] Evaluating on val.
Train: data epoch: [35]  [ 0/37]  eta: 0:00:53  lr: 0.000021  loss: 0.0932  time: 1.4365  data: 0.0002  max mem: 5054
Train: data epoch: [35]  [20/37]  eta: 0:00:09  lr: 0.000021  loss: 0.0758  time: 0.5106  data: 0.0000  max mem: 5054
Train: data epoch: [35]  [36/37]  eta: 0:00:00  lr: 0.000021  loss: 0.0723  time: 0.4773  data: 0.0000  max mem: 5054
Train: data epoch: [35] Total time: 0:00:19 (0.5262 s / it)
2026-08-21 13:54:56,896 [INFO] Qual: EPOCH[35] -> PLCC: 0.911142, SROCC: 0.871893, KROCC: 0.691543, LOSS: 0.169077
2026-08-21 13:54:56,896 [INFO] Align: EPOCH[35] -> PLCC: 0.814156, SROCC: 0.645332, KROCC: 0.469173, LOSS: 0.338799
2026-08-21 13:54:56,946 [INFO] Saving checkpoint at epoch 35 to run/20260821133_B2_TCAP_s4/checkpoint_best.pth.
2026-08-21 13:54:57,020 [INFO] Saving checkpoint at epoch 35 to run/20260821133_B2_TCAP_s4/checkpoint_latest.pth.
2026-08-21 13:54:57,069 [INFO] Start training
2026-08-21 13:54:57,402 [INFO] Start training epoch 36, 37 iters per inner epoch.
2026-08-21 13:55:16,853 [INFO] Averaged stats: lr: 0.000019  loss: 0.078415
2026-08-21 13:55:16,962 [INFO] gates: {"epoch": 36, "raw_align_ratio": 6.8917, "align_ratio": 0.2219, "lambda_a": 0.0322, "tcap_attn_mean": 0.0051, "tcap_attn_max": 0.0242, "tcap_attn_entropy": 0.0263}
2026-08-21 13:55:16,962 [INFO] Evaluating on val.
Train: data epoch: [36]  [ 0/37]  eta: 0:00:56  lr: 0.000019  loss: 0.0957  time: 1.5329  data: 0.0001  max mem: 5054
Train: data epoch: [36]  [20/37]  eta: 0:00:09  lr: 0.000019  loss: 0.0741  time: 0.5094  data: 0.0000  max mem: 5054
Train: data epoch: [36]  [36/37]  eta: 0:00:00  lr: 0.000019  loss: 0.0678  time: 0.4748  data: 0.0000  max mem: 5054
Train: data epoch: [36] Total time: 0:00:19 (0.5257 s / it)
2026-08-21 13:55:23,484 [INFO] Qual: EPOCH[36] -> PLCC: 0.910981, SROCC: 0.871218, KROCC: 0.690809, LOSS: 0.167623
2026-08-21 13:55:23,484 [INFO] Align: EPOCH[36] -> PLCC: 0.811746, SROCC: 0.641898, KROCC: 0.466488, LOSS: 0.343064
2026-08-21 13:55:23,485 [INFO] Start training
2026-08-21 13:55:23,905 [INFO] Start training epoch 37, 37 iters per inner epoch.
2026-08-21 13:55:43,978 [INFO] Averaged stats: lr: 0.000017  loss: 0.077402
2026-08-21 13:55:44,062 [INFO] gates: {"epoch": 37, "raw_align_ratio": 6.831, "align_ratio": 0.2217, "lambda_a": 0.0325, "tcap_attn_mean": 0.0051, "tcap_attn_max": 0.0208, "tcap_attn_entropy": 0.0263}
2026-08-21 13:55:44,062 [INFO] Evaluating on val.
Train: data epoch: [37]  [ 0/37]  eta: 0:01:07  lr: 0.000017  loss: 0.0617  time: 1.8328  data: 0.0001  max mem: 5054
Train: data epoch: [37]  [20/37]  eta: 0:00:09  lr: 0.000017  loss: 0.0635  time: 0.5121  data: 0.0000  max mem: 5054
Train: data epoch: [37]  [36/37]  eta: 0:00:00  lr: 0.000017  loss: 0.0680  time: 0.5088  data: 0.0000  max mem: 5054
Train: data epoch: [37] Total time: 0:00:20 (0.5425 s / it)
2026-08-21 13:55:51,090 [INFO] Qual: EPOCH[37] -> PLCC: 0.910841, SROCC: 0.871027, KROCC: 0.690775, LOSS: 0.169193
2026-08-21 13:55:51,090 [INFO] Align: EPOCH[37] -> PLCC: 0.810886, SROCC: 0.638460, KROCC: 0.463645, LOSS: 0.344043
2026-08-21 13:55:51,091 [INFO] Start training
2026-08-21 13:55:51,434 [INFO] Start training epoch 38, 37 iters per inner epoch.
2026-08-21 13:56:11,511 [INFO] Averaged stats: lr: 0.000014  loss: 0.076580
2026-08-21 13:56:11,593 [INFO] gates: {"epoch": 38, "raw_align_ratio": 6.8108, "align_ratio": 0.2223, "lambda_a": 0.0327, "tcap_attn_mean": 0.0051, "tcap_attn_max": 0.0216, "tcap_attn_entropy": 0.0263}
2026-08-21 13:56:11,594 [INFO] Evaluating on val.
Train: data epoch: [38]  [ 0/37]  eta: 0:01:10  lr: 0.000014  loss: 0.1186  time: 1.9036  data: 0.0001  max mem: 5054
Train: data epoch: [38]  [20/37]  eta: 0:00:09  lr: 0.000014  loss: 0.0819  time: 0.5123  data: 0.0000  max mem: 5054
Train: data epoch: [38]  [36/37]  eta: 0:00:00  lr: 0.000014  loss: 0.0694  time: 0.5049  data: 0.0000  max mem: 5054
Train: data epoch: [38] Total time: 0:00:20 (0.5426 s / it)
2026-08-21 13:56:18,292 [INFO] Qual: EPOCH[38] -> PLCC: 0.910851, SROCC: 0.871071, KROCC: 0.690742, LOSS: 0.167287
2026-08-21 13:56:18,292 [INFO] Align: EPOCH[38] -> PLCC: 0.811228, SROCC: 0.638260, KROCC: 0.463577, LOSS: 0.339546
2026-08-21 13:56:18,293 [INFO] Start training
2026-08-21 13:56:18,633 [INFO] Start training epoch 39, 37 iters per inner epoch.
2026-08-21 13:56:39,114 [INFO] Averaged stats: lr: 0.000012  loss: 0.077281
2026-08-21 13:56:39,204 [INFO] gates: {"epoch": 39, "raw_align_ratio": 7.0373, "align_ratio": 0.2312, "lambda_a": 0.0329, "tcap_attn_mean": 0.0051, "tcap_attn_max": 0.0289, "tcap_attn_entropy": 0.0263}
2026-08-21 13:56:39,204 [INFO] Evaluating on val.
Train: data epoch: [39]  [ 0/37]  eta: 0:01:10  lr: 0.000012  loss: 0.0716  time: 1.9033  data: 0.0001  max mem: 5054
Train: data epoch: [39]  [20/37]  eta: 0:00:09  lr: 0.000012  loss: 0.0574  time: 0.5050  data: 0.0000  max mem: 5054
Train: data epoch: [39]  [36/37]  eta: 0:00:00  lr: 0.000012  loss: 0.0761  time: 0.5269  data: 0.0000  max mem: 5054
Train: data epoch: [39] Total time: 0:00:20 (0.5535 s / it)
2026-08-21 13:56:46,022 [INFO] Qual: EPOCH[39] -> PLCC: 0.910717, SROCC: 0.871101, KROCC: 0.690990, LOSS: 0.168378
2026-08-21 13:56:46,022 [INFO] Align: EPOCH[39] -> PLCC: 0.809760, SROCC: 0.639066, KROCC: 0.464153, LOSS: 0.346654
2026-08-21 13:56:46,023 [INFO] Start training
2026-08-21 13:56:46,286 [INFO] Start training epoch 40, 37 iters per inner epoch.
2026-08-21 13:57:05,988 [INFO] Averaged stats: lr: 0.000010  loss: 0.073908
2026-08-21 13:57:06,085 [INFO] gates: {"epoch": 40, "raw_align_ratio": 7.01, "align_ratio": 0.2314, "lambda_a": 0.033, "tcap_attn_mean": 0.0051, "tcap_attn_max": 0.0284, "tcap_attn_entropy": 0.0263}
2026-08-21 13:57:06,085 [INFO] Evaluating on val.
Train: data epoch: [40]  [ 0/37]  eta: 0:00:50  lr: 0.000010  loss: 0.1120  time: 1.3516  data: 0.0001  max mem: 5054
Train: data epoch: [40]  [20/37]  eta: 0:00:09  lr: 0.000010  loss: 0.0831  time: 0.4941  data: 0.0000  max mem: 5054
Train: data epoch: [40]  [36/37]  eta: 0:00:00  lr: 0.000010  loss: 0.0651  time: 0.5208  data: 0.0000  max mem: 5054
Train: data epoch: [40] Total time: 0:00:19 (0.5325 s / it)
2026-08-21 13:57:12,502 [INFO] Qual: EPOCH[40] -> PLCC: 0.910825, SROCC: 0.871382, KROCC: 0.691227, LOSS: 0.168389
2026-08-21 13:57:12,502 [INFO] Align: EPOCH[40] -> PLCC: 0.810379, SROCC: 0.640438, KROCC: 0.465585, LOSS: 0.344639
2026-08-21 13:57:12,514 [INFO] Saving checkpoint at epoch 40 to run/20260821133_B2_TCAP_s4/checkpoint_latest.pth.
2026-08-21 13:57:12,560 [INFO] Start training
2026-08-21 13:57:12,830 [INFO] Start training epoch 41, 37 iters per inner epoch.
2026-08-21 13:57:31,727 [INFO] Averaged stats: lr: 0.000009  loss: 0.073547
2026-08-21 13:57:31,818 [INFO] gates: {"epoch": 41, "raw_align_ratio": 6.9577, "align_ratio": 0.2307, "lambda_a": 0.0332, "tcap_attn_mean": 0.0051, "tcap_attn_max": 0.0325, "tcap_attn_entropy": 0.0263}
2026-08-21 13:57:31,818 [INFO] Evaluating on val.
Train: data epoch: [41]  [ 0/37]  eta: 0:00:55  lr: 0.000009  loss: 0.1012  time: 1.5062  data: 0.0001  max mem: 5054
Train: data epoch: [41]  [20/37]  eta: 0:00:08  lr: 0.000009  loss: 0.0909  time: 0.4470  data: 0.0000  max mem: 5054
Train: data epoch: [41]  [36/37]  eta: 0:00:00  lr: 0.000009  loss: 0.0753  time: 0.5080  data: 0.0000  max mem: 5054
Train: data epoch: [41] Total time: 0:00:18 (0.5107 s / it)
2026-08-21 13:57:38,091 [INFO] Qual: EPOCH[41] -> PLCC: 0.910779, SROCC: 0.871313, KROCC: 0.691249, LOSS: 0.168636
2026-08-21 13:57:38,091 [INFO] Align: EPOCH[41] -> PLCC: 0.808978, SROCC: 0.637770, KROCC: 0.462979, LOSS: 0.345930
2026-08-21 13:57:38,092 [INFO] Start training
2026-08-21 13:57:38,412 [INFO] Start training epoch 42, 37 iters per inner epoch.
2026-08-21 13:57:57,231 [INFO] Averaged stats: lr: 0.000007  loss: 0.072407
2026-08-21 13:57:57,333 [INFO] gates: {"epoch": 42, "raw_align_ratio": 7.1086, "align_ratio": 0.2365, "lambda_a": 0.0333, "tcap_attn_mean": 0.0051, "tcap_attn_max": 0.0259, "tcap_attn_entropy": 0.0263}
2026-08-21 13:57:57,333 [INFO] Evaluating on val.
Train: data epoch: [42]  [ 0/37]  eta: 0:00:46  lr: 0.000007  loss: 0.0734  time: 1.2481  data: 0.0001  max mem: 5054
Train: data epoch: [42]  [20/37]  eta: 0:00:08  lr: 0.000007  loss: 0.0763  time: 0.4777  data: 0.0000  max mem: 5054
Train: data epoch: [42]  [36/37]  eta: 0:00:00  lr: 0.000007  loss: 0.0645  time: 0.4996  data: 0.0000  max mem: 5054
Train: data epoch: [42] Total time: 0:00:18 (0.5086 s / it)
2026-08-21 13:58:03,532 [INFO] Qual: EPOCH[42] -> PLCC: 0.910828, SROCC: 0.871405, KROCC: 0.691204, LOSS: 0.168705
2026-08-21 13:58:03,532 [INFO] Align: EPOCH[42] -> PLCC: 0.807067, SROCC: 0.633916, KROCC: 0.460226, LOSS: 0.351660
2026-08-21 13:58:03,533 [INFO] Start training
2026-08-21 13:58:03,806 [INFO] Start training epoch 43, 37 iters per inner epoch.
2026-08-21 13:58:22,518 [INFO] Averaged stats: lr: 0.000006  loss: 0.073116
2026-08-21 13:58:22,611 [INFO] gates: {"epoch": 43, "raw_align_ratio": 6.9609, "align_ratio": 0.2322, "lambda_a": 0.0334, "tcap_attn_mean": 0.0051, "tcap_attn_max": 0.0238, "tcap_attn_entropy": 0.0263}
2026-08-21 13:58:22,611 [INFO] Evaluating on val.
Train: data epoch: [43]  [ 0/37]  eta: 0:00:40  lr: 0.000006  loss: 0.0636  time: 1.1071  data: 0.0001  max mem: 5054
Train: data epoch: [43]  [20/37]  eta: 0:00:08  lr: 0.000006  loss: 0.0632  time: 0.4887  data: 0.0000  max mem: 5054
Train: data epoch: [43]  [36/37]  eta: 0:00:00  lr: 0.000006  loss: 0.0972  time: 0.4994  data: 0.0000  max mem: 5054
Train: data epoch: [43] Total time: 0:00:18 (0.5057 s / it)
2026-08-21 13:58:28,572 [INFO] Qual: EPOCH[43] -> PLCC: 0.910810, SROCC: 0.871458, KROCC: 0.691294, LOSS: 0.168103
2026-08-21 13:58:28,572 [INFO] Align: EPOCH[43] -> PLCC: 0.808407, SROCC: 0.637061, KROCC: 0.462573, LOSS: 0.348153
2026-08-21 13:58:28,573 [INFO] Start training
2026-08-21 13:58:28,793 [INFO] Start training epoch 44, 37 iters per inner epoch.
2026-08-21 13:58:47,941 [INFO] Averaged stats: lr: 0.000004  loss: 0.072675
2026-08-21 13:58:48,024 [INFO] gates: {"epoch": 44, "raw_align_ratio": 6.9383, "align_ratio": 0.2319, "lambda_a": 0.0334, "tcap_attn_mean": 0.0051, "tcap_attn_max": 0.0286, "tcap_attn_entropy": 0.0263}
2026-08-21 13:58:48,024 [INFO] Evaluating on val.
Train: data epoch: [44]  [ 0/37]  eta: 0:00:49  lr: 0.000004  loss: 0.0865  time: 1.3477  data: 0.0001  max mem: 5054
Train: data epoch: [44]  [20/37]  eta: 0:00:09  lr: 0.000004  loss: 0.0868  time: 0.4889  data: 0.0000  max mem: 5054
Train: data epoch: [44]  [36/37]  eta: 0:00:00  lr: 0.000004  loss: 0.0913  time: 0.5095  data: 0.0000  max mem: 5054
Train: data epoch: [44] Total time: 0:00:19 (0.5175 s / it)
2026-08-21 13:58:54,203 [INFO] Qual: EPOCH[44] -> PLCC: 0.910829, SROCC: 0.871637, KROCC: 0.691509, LOSS: 0.168634
2026-08-21 13:58:54,203 [INFO] Align: EPOCH[44] -> PLCC: 0.809218, SROCC: 0.638317, KROCC: 0.463792, LOSS: 0.345996
2026-08-21 13:58:54,204 [INFO] Start training
2026-08-21 13:58:54,433 [INFO] Start training epoch 45, 37 iters per inner epoch.
2026-08-21 13:59:13,413 [INFO] Averaged stats: lr: 0.000003  loss: 0.071927
2026-08-21 13:59:13,506 [INFO] gates: {"epoch": 45, "raw_align_ratio": 6.9357, "align_ratio": 0.2322, "lambda_a": 0.0335, "tcap_attn_mean": 0.0051, "tcap_attn_max": 0.028, "tcap_attn_entropy": 0.0263}
2026-08-21 13:59:13,507 [INFO] Evaluating on val.
Train: data epoch: [45]  [ 0/37]  eta: 0:00:42  lr: 0.000003  loss: 0.0943  time: 1.1435  data: 0.0001  max mem: 5054
Train: data epoch: [45]  [20/37]  eta: 0:00:08  lr: 0.000003  loss: 0.0687  time: 0.4849  data: 0.0000  max mem: 5054
Train: data epoch: [45]  [36/37]  eta: 0:00:00  lr: 0.000003  loss: 0.0900  time: 0.5136  data: 0.0000  max mem: 5054
Train: data epoch: [45] Total time: 0:00:18 (0.5129 s / it)
2026-08-21 13:59:19,928 [INFO] Qual: EPOCH[45] -> PLCC: 0.910812, SROCC: 0.871625, KROCC: 0.691531, LOSS: 0.168076
2026-08-21 13:59:19,928 [INFO] Align: EPOCH[45] -> PLCC: 0.808943, SROCC: 0.637564, KROCC: 0.463182, LOSS: 0.345738
2026-08-21 13:59:19,940 [INFO] Saving checkpoint at epoch 45 to run/20260821133_B2_TCAP_s4/checkpoint_latest.pth.
2026-08-21 13:59:19,984 [INFO] Start training
2026-08-21 13:59:20,209 [INFO] Start training epoch 46, 37 iters per inner epoch.
2026-08-21 13:59:38,134 [INFO] Averaged stats: lr: 0.000003  loss: 0.071320
2026-08-21 13:59:38,224 [INFO] gates: {"epoch": 46, "raw_align_ratio": 6.9338, "align_ratio": 0.2324, "lambda_a": 0.0335, "tcap_attn_mean": 0.0051, "tcap_attn_max": 0.0376, "tcap_attn_entropy": 0.0262}
2026-08-21 13:59:38,224 [INFO] Evaluating on val.
Train: data epoch: [46]  [ 0/37]  eta: 0:00:32  lr: 0.000003  loss: 0.0864  time: 0.8696  data: 0.0001  max mem: 5054
Train: data epoch: [46]  [20/37]  eta: 0:00:07  lr: 0.000003  loss: 0.0708  time: 0.4476  data: 0.0000  max mem: 5054
Train: data epoch: [46]  [36/37]  eta: 0:00:00  lr: 0.000003  loss: 0.0747  time: 0.4699  data: 0.0000  max mem: 5054
Train: data epoch: [46] Total time: 0:00:17 (0.4844 s / it)
2026-08-21 13:59:44,820 [INFO] Qual: EPOCH[46] -> PLCC: 0.910811, SROCC: 0.871530, KROCC: 0.691520, LOSS: 0.168338
2026-08-21 13:59:44,820 [INFO] Align: EPOCH[46] -> PLCC: 0.807903, SROCC: 0.635568, KROCC: 0.461400, LOSS: 0.348680
2026-08-21 13:59:44,821 [INFO] Start training
2026-08-21 13:59:45,044 [INFO] Start training epoch 47, 37 iters per inner epoch.
2026-08-21 14:00:03,691 [INFO] Averaged stats: lr: 0.000002  loss: 0.071916
2026-08-21 14:00:03,837 [INFO] gates: {"epoch": 47, "raw_align_ratio": 6.8773, "align_ratio": 0.2308, "lambda_a": 0.0336, "tcap_attn_mean": 0.0051, "tcap_attn_max": 0.0281, "tcap_attn_entropy": 0.0262}
2026-08-21 14:00:03,837 [INFO] Evaluating on val.
Train: data epoch: [47]  [ 0/37]  eta: 0:00:48  lr: 0.000002  loss: 0.0692  time: 1.3081  data: 0.0001  max mem: 5054
Train: data epoch: [47]  [20/37]  eta: 0:00:08  lr: 0.000002  loss: 0.0754  time: 0.4828  data: 0.0000  max mem: 5054
Train: data epoch: [47]  [36/37]  eta: 0:00:00  lr: 0.000002  loss: 0.0665  time: 0.4661  data: 0.0000  max mem: 5054
Train: data epoch: [47] Total time: 0:00:18 (0.5040 s / it)
2026-08-21 14:00:10,413 [INFO] Qual: EPOCH[47] -> PLCC: 0.910800, SROCC: 0.871493, KROCC: 0.691407, LOSS: 0.168516
2026-08-21 14:00:10,413 [INFO] Align: EPOCH[47] -> PLCC: 0.807634, SROCC: 0.635462, KROCC: 0.461129, LOSS: 0.349810
2026-08-21 14:00:10,414 [INFO] Start training
2026-08-21 14:00:10,660 [INFO] Start training epoch 48, 37 iters per inner epoch.
2026-08-21 14:00:29,438 [INFO] Averaged stats: lr: 0.000001  loss: 0.072473
2026-08-21 14:00:29,520 [INFO] gates: {"epoch": 48, "raw_align_ratio": 7.0352, "align_ratio": 0.2362, "lambda_a": 0.0336, "tcap_attn_mean": 0.0051, "tcap_attn_max": 0.0267, "tcap_attn_entropy": 0.0264}
2026-08-21 14:00:29,520 [INFO] Evaluating on val.
Train: data epoch: [48]  [ 0/37]  eta: 0:00:36  lr: 0.000001  loss: 0.0656  time: 0.9824  data: 0.0001  max mem: 5054
Train: data epoch: [48]  [20/37]  eta: 0:00:08  lr: 0.000001  loss: 0.0705  time: 0.4919  data: 0.0000  max mem: 5054
Train: data epoch: [48]  [36/37]  eta: 0:00:00  lr: 0.000001  loss: 0.0732  time: 0.4845  data: 0.0000  max mem: 5054
Train: data epoch: [48] Total time: 0:00:18 (0.5075 s / it)
2026-08-21 14:00:36,291 [INFO] Qual: EPOCH[48] -> PLCC: 0.910787, SROCC: 0.871495, KROCC: 0.691464, LOSS: 0.168534
2026-08-21 14:00:36,292 [INFO] Align: EPOCH[48] -> PLCC: 0.807404, SROCC: 0.635689, KROCC: 0.461185, LOSS: 0.350416
2026-08-21 14:00:36,292 [INFO] Start training
2026-08-21 14:00:36,505 [INFO] Start training epoch 49, 37 iters per inner epoch.
2026-08-21 14:00:55,415 [INFO] Averaged stats: lr: 0.000001  loss: 0.071030
2026-08-21 14:00:55,524 [INFO] gates: {"epoch": 49, "raw_align_ratio": 6.9428, "align_ratio": 0.2332, "lambda_a": 0.0336, "tcap_attn_mean": 0.0051, "tcap_attn_max": 0.0322, "tcap_attn_entropy": 0.0263}
2026-08-21 14:00:55,524 [INFO] Evaluating on val.
Train: data epoch: [49]  [ 0/37]  eta: 0:00:40  lr: 0.000001  loss: 0.0602  time: 1.0992  data: 0.0001  max mem: 5054
Train: data epoch: [49]  [20/37]  eta: 0:00:08  lr: 0.000001  loss: 0.1165  time: 0.4838  data: 0.0000  max mem: 5054
Train: data epoch: [49]  [36/37]  eta: 0:00:00  lr: 0.000001  loss: 0.0754  time: 0.4861  data: 0.0000  max mem: 5054
Train: data epoch: [49] Total time: 0:00:18 (0.5111 s / it)
2026-08-21 14:01:01,428 [INFO] Qual: EPOCH[49] -> PLCC: 0.910769, SROCC: 0.871488, KROCC: 0.691464, LOSS: 0.168501
2026-08-21 14:01:01,428 [INFO] Align: EPOCH[49] -> PLCC: 0.807333, SROCC: 0.635317, KROCC: 0.460914, LOSS: 0.350051
2026-08-21 14:01:01,440 [INFO] Saving checkpoint at epoch 49 to run/20260821133_B2_TCAP_s4/checkpoint_latest.pth.
[{'agg_metrics': np.float64(4.550329173161465), 'qual_agg': np.float64(2.459500517831616), 'qual_PLCC': np.float64(0.9077412702194859), 'qual_SROCC': np.float64(0.866602966593667), 'qual_KROCC': np.float64(0.6851562810184635), 'align_agg': np.float64(2.090828655329849), 'align_PLCC': np.float64(0.8470289019118646), 'align_SROCC': np.float64(0.7137684272823893), 'align_KROCC': np.float64(0.5300313261355953)}]
{'agg_metrics': np.float64(4.550329173161465), 'qual_agg': np.float64(2.459500517831616), 'qual_PLCC': np.float64(0.9077412702194859), 'qual_SROCC': np.float64(0.866602966593667), 'qual_KROCC': np.float64(0.6851562810184635), 'align_agg': np.float64(2.090828655329849), 'align_PLCC': np.float64(0.8470289019118646), 'align_SROCC': np.float64(0.7137684272823893), 'align_KROCC': np.float64(0.5300313261355953)}
