2026-08-21 17:05:18,124 [INFO] Start training
2026-08-21 17:05:18,845 [INFO] number of trainable parameters: 2544165
Not using distributed mode
['msqr_dgmpq_hcmi_v8', 'msqr_dgmpq_mscm_v10', 'msqr_dgmpq_mscm_v11', 'msqr_dgmpq_mscm_v12', 'msqr_dgmpq_tcap_v9']
2026-08-21 17:05:20,716 [INFO] Start training epoch 0, 37 iters per inner epoch.
2026-08-21 17:05:44,503 [INFO] Averaged stats: lr: 0.000036  loss: 6.362429
2026-08-21 17:05:44,564 [INFO] gates: {"epoch": 0, "corr_s9_mean": -0.1402, "corr_s9_std": 0.0599, "corr_s12_mean": 0.2033, "corr_s12_std": 0.0736, "corr_s_global": 0.2939, "corr_f_max_mean": 0.0273}
2026-08-21 17:05:44,564 [INFO] Evaluating on val.
Train: data epoch: [0]  [ 0/37]  eta: 0:03:13  lr: 0.000000  loss: 7.7026  time: 5.2378  data: 0.0001  max mem: 5075
Train: data epoch: [0]  [20/37]  eta: 0:00:13  lr: 0.000040  loss: 6.1280  time: 0.5515  data: 0.0000  max mem: 5085
Train: data epoch: [0]  [36/37]  eta: 0:00:00  lr: 0.000072  loss: 3.9925  time: 0.4858  data: 0.0000  max mem: 5085
Train: data epoch: [0] Total time: 0:00:23 (0.6429 s / it)
2026-08-21 17:05:51,054 [INFO] Qual: EPOCH[0] -> PLCC: -0.129894, SROCC: -0.104555, KROCC: -0.070261, LOSS: 5.736014
2026-08-21 17:05:51,054 [INFO] Align: EPOCH[0] -> PLCC: 0.059788, SROCC: 0.072862, KROCC: 0.047838, LOSS: 1.959587
2026-08-21 17:05:51,073 [INFO] Saving checkpoint at epoch 0 to run/20260821170_B2_V12_s4/checkpoint_best.pth.
2026-08-21 17:05:51,175 [INFO] Saving checkpoint at epoch 0 to run/20260821170_B2_V12_s4/checkpoint_best_joint.pth.
2026-08-21 17:05:51,247 [INFO] Start training
2026-08-21 17:05:51,838 [INFO] Start training epoch 1, 37 iters per inner epoch.
2026-08-21 17:06:12,753 [INFO] Averaged stats: lr: 0.000100  loss: 1.942957
2026-08-21 17:06:12,837 [INFO] gates: {"epoch": 1, "corr_s9_mean": -0.1935, "corr_s9_std": 0.063, "corr_s12_mean": 0.4925, "corr_s12_std": 0.1658, "corr_s_global": 0.2672, "corr_f_max_mean": 0.0555}
2026-08-21 17:06:12,838 [INFO] Evaluating on val.
Train: data epoch: [1]  [ 0/37]  eta: 0:01:05  lr: 0.000100  loss: 4.6965  time: 1.7719  data: 0.0001  max mem: 5085
Train: data epoch: [1]  [20/37]  eta: 0:00:10  lr: 0.000100  loss: 1.5374  time: 0.5582  data: 0.0000  max mem: 5085
Train: data epoch: [1]  [36/37]  eta: 0:00:00  lr: 0.000100  loss: 0.8691  time: 0.5103  data: 0.0000  max mem: 5085
Train: data epoch: [1] Total time: 0:00:20 (0.5653 s / it)
2026-08-21 17:06:19,586 [INFO] Qual: EPOCH[1] -> PLCC: 0.381402, SROCC: 0.382006, KROCC: 0.261152, LOSS: 0.999492
2026-08-21 17:06:19,587 [INFO] Align: EPOCH[1] -> PLCC: 0.751255, SROCC: 0.656841, KROCC: 0.476033, LOSS: 0.750641
2026-08-21 17:06:19,612 [INFO] Saving checkpoint at epoch 1 to run/20260821170_B2_V12_s4/checkpoint_best.pth.
2026-08-21 17:06:19,709 [INFO] Saving checkpoint at epoch 1 to run/20260821170_B2_V12_s4/checkpoint_best_joint.pth.
2026-08-21 17:06:19,759 [INFO] Start training
2026-08-21 17:06:20,060 [INFO] Start training epoch 2, 37 iters per inner epoch.
2026-08-21 17:06:39,948 [INFO] Averaged stats: lr: 0.000100  loss: 0.652592
2026-08-21 17:06:40,052 [INFO] gates: {"epoch": 2, "corr_s9_mean": -0.1727, "corr_s9_std": 0.0594, "corr_s12_mean": 0.2489, "corr_s12_std": 0.1503, "corr_s_global": 0.2717, "corr_f_max_mean": 0.0468}
2026-08-21 17:06:40,053 [INFO] Evaluating on val.
Train: data epoch: [2]  [ 0/37]  eta: 0:00:48  lr: 0.000100  loss: 0.6521  time: 1.3209  data: 0.0001  max mem: 5085
Train: data epoch: [2]  [20/37]  eta: 0:00:09  lr: 0.000100  loss: 0.6258  time: 0.5324  data: 0.0000  max mem: 5085
Train: data epoch: [2]  [36/37]  eta: 0:00:00  lr: 0.000100  loss: 0.4688  time: 0.4886  data: 0.0000  max mem: 5085
Train: data epoch: [2] Total time: 0:00:19 (0.5375 s / it)
2026-08-21 17:06:46,206 [INFO] Qual: EPOCH[2] -> PLCC: 0.758292, SROCC: 0.713615, KROCC: 0.524143, LOSS: 0.459285
2026-08-21 17:06:46,206 [INFO] Align: EPOCH[2] -> PLCC: 0.805057, SROCC: 0.701662, KROCC: 0.515827, LOSS: 0.368015
2026-08-21 17:06:46,220 [INFO] Saving checkpoint at epoch 2 to run/20260821170_B2_V12_s4/checkpoint_best.pth.
2026-08-21 17:06:46,281 [INFO] Saving checkpoint at epoch 2 to run/20260821170_B2_V12_s4/checkpoint_best_joint.pth.
2026-08-21 17:06:46,329 [INFO] Start training
2026-08-21 17:06:46,627 [INFO] Start training epoch 3, 37 iters per inner epoch.
2026-08-21 17:07:06,187 [INFO] Averaged stats: lr: 0.000099  loss: 0.310087
2026-08-21 17:07:06,262 [INFO] gates: {"epoch": 3, "corr_s9_mean": -0.1575, "corr_s9_std": 0.0599, "corr_s12_mean": 0.0046, "corr_s12_std": 0.1131, "corr_s_global": 0.2672, "corr_f_max_mean": 0.0339}
2026-08-21 17:07:06,262 [INFO] Evaluating on val.
Train: data epoch: [3]  [ 0/37]  eta: 0:00:45  lr: 0.000099  loss: 0.4669  time: 1.2230  data: 0.0001  max mem: 5085
Train: data epoch: [3]  [20/37]  eta: 0:00:09  lr: 0.000099  loss: 0.3153  time: 0.5362  data: 0.0000  max mem: 5085
Train: data epoch: [3]  [36/37]  eta: 0:00:00  lr: 0.000099  loss: 0.2543  time: 0.4873  data: 0.0000  max mem: 5085
Train: data epoch: [3] Total time: 0:00:19 (0.5286 s / it)
2026-08-21 17:07:12,387 [INFO] Qual: EPOCH[3] -> PLCC: 0.848601, SROCC: 0.790075, KROCC: 0.599358, LOSS: 0.271521
2026-08-21 17:07:12,387 [INFO] Align: EPOCH[3] -> PLCC: 0.851494, SROCC: 0.721842, KROCC: 0.536948, LOSS: 0.255392
2026-08-21 17:07:12,409 [INFO] Saving checkpoint at epoch 3 to run/20260821170_B2_V12_s4/checkpoint_best.pth.
2026-08-21 17:07:12,514 [INFO] Saving checkpoint at epoch 3 to run/20260821170_B2_V12_s4/checkpoint_best_joint.pth.
2026-08-21 17:07:12,580 [INFO] Start training
2026-08-21 17:07:12,927 [INFO] Start training epoch 4, 37 iters per inner epoch.
2026-08-21 17:07:32,790 [INFO] Averaged stats: lr: 0.000098  loss: 0.220716
2026-08-21 17:07:32,864 [INFO] gates: {"epoch": 4, "corr_s9_mean": -0.1524, "corr_s9_std": 0.0634, "corr_s12_mean": 0.087, "corr_s12_std": 0.1259, "corr_s_global": 0.253, "corr_f_max_mean": 0.0387}
2026-08-21 17:07:32,864 [INFO] Evaluating on val.
Train: data epoch: [4]  [ 0/37]  eta: 0:00:42  lr: 0.000098  loss: 0.2246  time: 1.1511  data: 0.0001  max mem: 5085
Train: data epoch: [4]  [20/37]  eta: 0:00:09  lr: 0.000098  loss: 0.1634  time: 0.5413  data: 0.0000  max mem: 5085
Train: data epoch: [4]  [36/37]  eta: 0:00:00  lr: 0.000098  loss: 0.2657  time: 0.5084  data: 0.0000  max mem: 5085
Train: data epoch: [4] Total time: 0:00:19 (0.5368 s / it)
2026-08-21 17:07:39,141 [INFO] Qual: EPOCH[4] -> PLCC: 0.875136, SROCC: 0.819778, KROCC: 0.631166, LOSS: 0.226757
2026-08-21 17:07:39,141 [INFO] Align: EPOCH[4] -> PLCC: 0.859563, SROCC: 0.741189, KROCC: 0.554954, LOSS: 0.242617
2026-08-21 17:07:39,159 [INFO] Saving checkpoint at epoch 4 to run/20260821170_B2_V12_s4/checkpoint_best.pth.
2026-08-21 17:07:39,253 [INFO] Saving checkpoint at epoch 4 to run/20260821170_B2_V12_s4/checkpoint_best_joint.pth.
2026-08-21 17:07:39,332 [INFO] Start training
2026-08-21 17:07:39,668 [INFO] Start training epoch 5, 37 iters per inner epoch.
2026-08-21 17:07:59,780 [INFO] Averaged stats: lr: 0.000098  loss: 0.190577
2026-08-21 17:07:59,860 [INFO] gates: {"epoch": 5, "corr_s9_mean": -0.1751, "corr_s9_std": 0.0686, "corr_s12_mean": 0.138, "corr_s12_std": 0.1299, "corr_s_global": 0.261, "corr_f_max_mean": 0.0428}
2026-08-21 17:07:59,860 [INFO] Evaluating on val.
Train: data epoch: [5]  [ 0/37]  eta: 0:00:49  lr: 0.000098  loss: 0.1919  time: 1.3280  data: 0.0001  max mem: 5085
Train: data epoch: [5]  [20/37]  eta: 0:00:09  lr: 0.000098  loss: 0.1652  time: 0.5300  data: 0.0000  max mem: 5085
Train: data epoch: [5]  [36/37]  eta: 0:00:00  lr: 0.000098  loss: 0.2108  time: 0.5046  data: 0.0000  max mem: 5085
Train: data epoch: [5] Total time: 0:00:20 (0.5436 s / it)
2026-08-21 17:08:05,964 [INFO] Qual: EPOCH[5] -> PLCC: 0.886805, SROCC: 0.838708, KROCC: 0.651600, LOSS: 0.209085
2026-08-21 17:08:05,964 [INFO] Align: EPOCH[5] -> PLCC: 0.859953, SROCC: 0.739551, KROCC: 0.553668, LOSS: 0.243237
2026-08-21 17:08:05,981 [INFO] Saving checkpoint at epoch 5 to run/20260821170_B2_V12_s4/checkpoint_best.pth.
2026-08-21 17:08:06,058 [INFO] Saving checkpoint at epoch 5 to run/20260821170_B2_V12_s4/checkpoint_best_joint.pth.
2026-08-21 17:08:06,127 [INFO] Start training
2026-08-21 17:08:06,470 [INFO] Start training epoch 6, 37 iters per inner epoch.
2026-08-21 17:08:26,848 [INFO] Averaged stats: lr: 0.000097  loss: 0.168129
2026-08-21 17:08:26,936 [INFO] gates: {"epoch": 6, "corr_s9_mean": -0.1696, "corr_s9_std": 0.0745, "corr_s12_mean": 0.0775, "corr_s12_std": 0.1154, "corr_s_global": 0.2593, "corr_f_max_mean": 0.0385}
2026-08-21 17:08:26,936 [INFO] Evaluating on val.
Train: data epoch: [6]  [ 0/37]  eta: 0:00:53  lr: 0.000097  loss: 0.1720  time: 1.4538  data: 0.0001  max mem: 5085
Train: data epoch: [6]  [20/37]  eta: 0:00:09  lr: 0.000097  loss: 0.1707  time: 0.5184  data: 0.0000  max mem: 5085
Train: data epoch: [6]  [36/37]  eta: 0:00:00  lr: 0.000097  loss: 0.1243  time: 0.5298  data: 0.0000  max mem: 5085
Train: data epoch: [6] Total time: 0:00:20 (0.5507 s / it)
2026-08-21 17:08:33,334 [INFO] Qual: EPOCH[6] -> PLCC: 0.891875, SROCC: 0.846383, KROCC: 0.660423, LOSS: 0.198127
2026-08-21 17:08:33,334 [INFO] Align: EPOCH[6] -> PLCC: 0.855617, SROCC: 0.728142, KROCC: 0.543616, LOSS: 0.251102
2026-08-21 17:08:33,364 [INFO] Saving checkpoint at epoch 6 to run/20260821170_B2_V12_s4/checkpoint_best.pth.
2026-08-21 17:08:33,436 [INFO] Start training
2026-08-21 17:08:33,807 [INFO] Start training epoch 7, 37 iters per inner epoch.
2026-08-21 17:08:54,183 [INFO] Averaged stats: lr: 0.000095  loss: 0.149187
2026-08-21 17:08:54,278 [INFO] gates: {"epoch": 7, "corr_s9_mean": -0.1649, "corr_s9_std": 0.075, "corr_s12_mean": 0.0937, "corr_s12_std": 0.1111, "corr_s_global": 0.2554, "corr_f_max_mean": 0.0394}
2026-08-21 17:08:54,278 [INFO] Evaluating on val.
Train: data epoch: [7]  [ 0/37]  eta: 0:01:03  lr: 0.000095  loss: 0.1432  time: 1.7163  data: 0.0001  max mem: 5085
Train: data epoch: [7]  [20/37]  eta: 0:00:09  lr: 0.000095  loss: 0.1617  time: 0.5266  data: 0.0000  max mem: 5085
Train: data epoch: [7]  [36/37]  eta: 0:00:00  lr: 0.000095  loss: 0.1996  time: 0.5107  data: 0.0000  max mem: 5085
Train: data epoch: [7] Total time: 0:00:20 (0.5507 s / it)
2026-08-21 17:09:00,585 [INFO] Qual: EPOCH[7] -> PLCC: 0.896436, SROCC: 0.852646, KROCC: 0.667058, LOSS: 0.191172
2026-08-21 17:09:00,586 [INFO] Align: EPOCH[7] -> PLCC: 0.856951, SROCC: 0.732847, KROCC: 0.548941, LOSS: 0.260884
2026-08-21 17:09:00,600 [INFO] Saving checkpoint at epoch 7 to run/20260821170_B2_V12_s4/checkpoint_best.pth.
2026-08-21 17:09:00,689 [INFO] Saving checkpoint at epoch 7 to run/20260821170_B2_V12_s4/checkpoint_best_joint.pth.
2026-08-21 17:09:00,741 [INFO] Start training
2026-08-21 17:09:01,045 [INFO] Start training epoch 8, 37 iters per inner epoch.
2026-08-21 17:09:20,958 [INFO] Averaged stats: lr: 0.000094  loss: 0.133821
2026-08-21 17:09:21,041 [INFO] gates: {"epoch": 8, "corr_s9_mean": -0.1649, "corr_s9_std": 0.077, "corr_s12_mean": 0.0699, "corr_s12_std": 0.1085, "corr_s_global": 0.2658, "corr_f_max_mean": 0.0383}
2026-08-21 17:09:21,041 [INFO] Evaluating on val.
Train: data epoch: [8]  [ 0/37]  eta: 0:00:45  lr: 0.000094  loss: 0.1494  time: 1.2427  data: 0.0001  max mem: 5085
Train: data epoch: [8]  [20/37]  eta: 0:00:09  lr: 0.000094  loss: 0.1211  time: 0.5141  data: 0.0000  max mem: 5085
Train: data epoch: [8]  [36/37]  eta: 0:00:00  lr: 0.000094  loss: 0.1009  time: 0.5172  data: 0.0000  max mem: 5085
Train: data epoch: [8] Total time: 0:00:19 (0.5382 s / it)
2026-08-21 17:09:27,517 [INFO] Qual: EPOCH[8] -> PLCC: 0.899989, SROCC: 0.857450, KROCC: 0.672485, LOSS: 0.192882
2026-08-21 17:09:27,517 [INFO] Align: EPOCH[8] -> PLCC: 0.846715, SROCC: 0.710946, KROCC: 0.528260, LOSS: 0.269930
2026-08-21 17:09:27,530 [INFO] Saving checkpoint at epoch 8 to run/20260821170_B2_V12_s4/checkpoint_best.pth.
2026-08-21 17:09:27,581 [INFO] Start training
2026-08-21 17:09:27,885 [INFO] Start training epoch 9, 37 iters per inner epoch.
2026-08-21 17:09:47,885 [INFO] Averaged stats: lr: 0.000092  loss: 0.115482
2026-08-21 17:09:47,971 [INFO] gates: {"epoch": 9, "corr_s9_mean": -0.1709, "corr_s9_std": 0.0812, "corr_s12_mean": 0.0936, "corr_s12_std": 0.1054, "corr_s_global": 0.261, "corr_f_max_mean": 0.0403}
2026-08-21 17:09:47,971 [INFO] Evaluating on val.
Train: data epoch: [9]  [ 0/37]  eta: 0:00:46  lr: 0.000092  loss: 0.1093  time: 1.2647  data: 0.0001  max mem: 5085
Train: data epoch: [9]  [20/37]  eta: 0:00:09  lr: 0.000092  loss: 0.1251  time: 0.5121  data: 0.0000  max mem: 5085
Train: data epoch: [9]  [36/37]  eta: 0:00:00  lr: 0.000092  loss: 0.1356  time: 0.5123  data: 0.0000  max mem: 5085
Train: data epoch: [9] Total time: 0:00:19 (0.5405 s / it)
2026-08-21 17:09:54,767 [INFO] Qual: EPOCH[9] -> PLCC: 0.902259, SROCC: 0.861059, KROCC: 0.676807, LOSS: 0.181813
2026-08-21 17:09:54,767 [INFO] Align: EPOCH[9] -> PLCC: 0.834928, SROCC: 0.691629, KROCC: 0.511945, LOSS: 0.288191
2026-08-21 17:09:54,785 [INFO] Saving checkpoint at epoch 9 to run/20260821170_B2_V12_s4/checkpoint_best.pth.
2026-08-21 17:09:54,856 [INFO] Start training
2026-08-21 17:09:55,194 [INFO] Start training epoch 10, 37 iters per inner epoch.
2026-08-21 17:10:15,147 [INFO] Averaged stats: lr: 0.000091  loss: 0.103633
2026-08-21 17:10:15,256 [INFO] gates: {"epoch": 10, "corr_s9_mean": -0.167, "corr_s9_std": 0.0764, "corr_s12_mean": 0.0802, "corr_s12_std": 0.1013, "corr_s_global": 0.2618, "corr_f_max_mean": 0.0393}
2026-08-21 17:10:15,256 [INFO] Evaluating on val.
Train: data epoch: [10]  [ 0/37]  eta: 0:00:48  lr: 0.000091  loss: 0.1079  time: 1.3169  data: 0.0001  max mem: 5085
Train: data epoch: [10]  [20/37]  eta: 0:00:09  lr: 0.000091  loss: 0.1433  time: 0.5280  data: 0.0000  max mem: 5085
Train: data epoch: [10]  [36/37]  eta: 0:00:00  lr: 0.000091  loss: 0.1139  time: 0.5186  data: 0.0000  max mem: 5085
Train: data epoch: [10] Total time: 0:00:19 (0.5393 s / it)
2026-08-21 17:10:21,947 [INFO] Qual: EPOCH[10] -> PLCC: 0.903692, SROCC: 0.863375, KROCC: 0.680192, LOSS: 0.179158
2026-08-21 17:10:21,947 [INFO] Align: EPOCH[10] -> PLCC: 0.830763, SROCC: 0.686184, KROCC: 0.506214, LOSS: 0.312990
2026-08-21 17:10:21,970 [INFO] Saving checkpoint at epoch 10 to run/20260821170_B2_V12_s4/checkpoint_best.pth.
2026-08-21 17:10:22,082 [INFO] Saving checkpoint at epoch 10 to run/20260821170_B2_V12_s4/checkpoint_latest.pth.
2026-08-21 17:10:22,163 [INFO] Start training
2026-08-21 17:10:22,540 [INFO] Start training epoch 11, 37 iters per inner epoch.
2026-08-21 17:10:42,435 [INFO] Averaged stats: lr: 0.000089  loss: 0.090019
2026-08-21 17:10:42,547 [INFO] gates: {"epoch": 11, "corr_s9_mean": -0.142, "corr_s9_std": 0.0751, "corr_s12_mean": 0.0531, "corr_s12_std": 0.0915, "corr_s_global": 0.259, "corr_f_max_mean": 0.036}
2026-08-21 17:10:42,547 [INFO] Evaluating on val.
Train: data epoch: [11]  [ 0/37]  eta: 0:00:46  lr: 0.000089  loss: 0.0957  time: 1.2647  data: 0.0001  max mem: 5085
Train: data epoch: [11]  [20/37]  eta: 0:00:09  lr: 0.000089  loss: 0.0853  time: 0.5422  data: 0.0000  max mem: 5085
Train: data epoch: [11]  [36/37]  eta: 0:00:00  lr: 0.000089  loss: 0.0801  time: 0.5041  data: 0.0000  max mem: 5085
Train: data epoch: [11] Total time: 0:00:19 (0.5377 s / it)
2026-08-21 17:10:48,741 [INFO] Qual: EPOCH[11] -> PLCC: 0.905106, SROCC: 0.865330, KROCC: 0.682482, LOSS: 0.175602
2026-08-21 17:10:48,741 [INFO] Align: EPOCH[11] -> PLCC: 0.829841, SROCC: 0.682925, KROCC: 0.504443, LOSS: 0.296991
2026-08-21 17:10:48,756 [INFO] Saving checkpoint at epoch 11 to run/20260821170_B2_V12_s4/checkpoint_best.pth.
2026-08-21 17:10:48,807 [INFO] Start training
2026-08-21 17:10:49,115 [INFO] Start training epoch 12, 37 iters per inner epoch.
2026-08-21 17:11:08,908 [INFO] Averaged stats: lr: 0.000087  loss: 0.080154
2026-08-21 17:11:08,995 [INFO] gates: {"epoch": 12, "corr_s9_mean": -0.1537, "corr_s9_std": 0.0774, "corr_s12_mean": 0.0847, "corr_s12_std": 0.0958, "corr_s_global": 0.2586, "corr_f_max_mean": 0.0399}
2026-08-21 17:11:08,996 [INFO] Evaluating on val.
Train: data epoch: [12]  [ 0/37]  eta: 0:00:52  lr: 0.000087  loss: 0.0748  time: 1.4202  data: 0.0001  max mem: 5085
Train: data epoch: [12]  [20/37]  eta: 0:00:09  lr: 0.000087  loss: 0.0694  time: 0.5400  data: 0.0000  max mem: 5085
Train: data epoch: [12]  [36/37]  eta: 0:00:00  lr: 0.000087  loss: 0.0833  time: 0.4924  data: 0.0000  max mem: 5085
Train: data epoch: [12] Total time: 0:00:19 (0.5349 s / it)
2026-08-21 17:11:15,391 [INFO] Qual: EPOCH[12] -> PLCC: 0.906160, SROCC: 0.867303, KROCC: 0.684773, LOSS: 0.177363
2026-08-21 17:11:15,391 [INFO] Align: EPOCH[12] -> PLCC: 0.825107, SROCC: 0.681639, KROCC: 0.503235, LOSS: 0.309141
2026-08-21 17:11:15,405 [INFO] Saving checkpoint at epoch 12 to run/20260821170_B2_V12_s4/checkpoint_best.pth.
2026-08-21 17:11:15,471 [INFO] Start training
2026-08-21 17:11:15,775 [INFO] Start training epoch 13, 37 iters per inner epoch.
2026-08-21 17:11:35,216 [INFO] Averaged stats: lr: 0.000084  loss: 0.072735
2026-08-21 17:11:35,309 [INFO] gates: {"epoch": 13, "corr_s9_mean": -0.1497, "corr_s9_std": 0.075, "corr_s12_mean": 0.0558, "corr_s12_std": 0.0907, "corr_s_global": 0.2665, "corr_f_max_mean": 0.0371}
2026-08-21 17:11:35,309 [INFO] Evaluating on val.
Train: data epoch: [13]  [ 0/37]  eta: 0:00:43  lr: 0.000084  loss: 0.0771  time: 1.1641  data: 0.0001  max mem: 5085
Train: data epoch: [13]  [20/37]  eta: 0:00:09  lr: 0.000084  loss: 0.0679  time: 0.5364  data: 0.0000  max mem: 5085
Train: data epoch: [13]  [36/37]  eta: 0:00:00  lr: 0.000084  loss: 0.0956  time: 0.4922  data: 0.0000  max mem: 5085
Train: data epoch: [13] Total time: 0:00:19 (0.5254 s / it)
2026-08-21 17:11:42,505 [INFO] Qual: EPOCH[13] -> PLCC: 0.907185, SROCC: 0.869135, KROCC: 0.687368, LOSS: 0.174013
2026-08-21 17:11:42,505 [INFO] Align: EPOCH[13] -> PLCC: 0.826606, SROCC: 0.689854, KROCC: 0.510501, LOSS: 0.303609
2026-08-21 17:11:42,524 [INFO] Saving checkpoint at epoch 13 to run/20260821170_B2_V12_s4/checkpoint_best.pth.
2026-08-21 17:11:42,592 [INFO] Start training
2026-08-21 17:11:42,911 [INFO] Start training epoch 14, 37 iters per inner epoch.
2026-08-21 17:12:01,737 [INFO] Averaged stats: lr: 0.000082  loss: 0.068569
2026-08-21 17:12:01,818 [INFO] gates: {"epoch": 14, "corr_s9_mean": -0.1609, "corr_s9_std": 0.0779, "corr_s12_mean": 0.0612, "corr_s12_std": 0.0894, "corr_s_global": 0.2583, "corr_f_max_mean": 0.0382}
2026-08-21 17:12:01,818 [INFO] Evaluating on val.
Train: data epoch: [14]  [ 0/37]  eta: 0:00:56  lr: 0.000082  loss: 0.0586  time: 1.5279  data: 0.0001  max mem: 5085
Train: data epoch: [14]  [20/37]  eta: 0:00:09  lr: 0.000082  loss: 0.0592  time: 0.5228  data: 0.0000  max mem: 5085
Train: data epoch: [14]  [36/37]  eta: 0:00:00  lr: 0.000082  loss: 0.0891  time: 0.4370  data: 0.0000  max mem: 5085
Train: data epoch: [14] Total time: 0:00:18 (0.5088 s / it)
2026-08-21 17:12:09,588 [INFO] Qual: EPOCH[14] -> PLCC: 0.907806, SROCC: 0.869478, KROCC: 0.687921, LOSS: 0.176209
2026-08-21 17:12:09,588 [INFO] Align: EPOCH[14] -> PLCC: 0.824111, SROCC: 0.680407, KROCC: 0.502333, LOSS: 0.308197
2026-08-21 17:12:09,602 [INFO] Saving checkpoint at epoch 14 to run/20260821170_B2_V12_s4/checkpoint_best.pth.
2026-08-21 17:12:09,653 [INFO] Start training
2026-08-21 17:12:09,950 [INFO] Start training epoch 15, 37 iters per inner epoch.
2026-08-21 17:12:28,310 [INFO] Averaged stats: lr: 0.000080  loss: 0.062157
2026-08-21 17:12:28,443 [INFO] gates: {"epoch": 15, "corr_s9_mean": -0.1599, "corr_s9_std": 0.0743, "corr_s12_mean": 0.0797, "corr_s12_std": 0.0921, "corr_s_global": 0.2583, "corr_f_max_mean": 0.0395}
2026-08-21 17:12:28,444 [INFO] Evaluating on val.
Train: data epoch: [15]  [ 0/37]  eta: 0:00:45  lr: 0.000080  loss: 0.0660  time: 1.2256  data: 0.0001  max mem: 5085
Train: data epoch: [15]  [20/37]  eta: 0:00:09  lr: 0.000080  loss: 0.0567  time: 0.4966  data: 0.0000  max mem: 5085
Train: data epoch: [15]  [36/37]  eta: 0:00:00  lr: 0.000080  loss: 0.0736  time: 0.4246  data: 0.0000  max mem: 5085
Train: data epoch: [15] Total time: 0:00:18 (0.4962 s / it)
2026-08-21 17:12:36,086 [INFO] Qual: EPOCH[15] -> PLCC: 0.908501, SROCC: 0.870912, KROCC: 0.690008, LOSS: 0.172630
2026-08-21 17:12:36,086 [INFO] Align: EPOCH[15] -> PLCC: 0.826903, SROCC: 0.688724, KROCC: 0.510276, LOSS: 0.302587
2026-08-21 17:12:36,106 [INFO] Saving checkpoint at epoch 15 to run/20260821170_B2_V12_s4/checkpoint_best.pth.
2026-08-21 17:12:36,184 [INFO] Saving checkpoint at epoch 15 to run/20260821170_B2_V12_s4/checkpoint_latest.pth.
2026-08-21 17:12:36,252 [INFO] Start training
2026-08-21 17:12:36,589 [INFO] Start training epoch 16, 37 iters per inner epoch.
2026-08-21 17:12:54,609 [INFO] Averaged stats: lr: 0.000077  loss: 0.056540
2026-08-21 17:12:54,745 [INFO] gates: {"epoch": 16, "corr_s9_mean": -0.1594, "corr_s9_std": 0.0771, "corr_s12_mean": 0.0704, "corr_s12_std": 0.0901, "corr_s_global": 0.2575, "corr_f_max_mean": 0.0395}
2026-08-21 17:12:54,745 [INFO] Evaluating on val.
Train: data epoch: [16]  [ 0/37]  eta: 0:00:43  lr: 0.000077  loss: 0.0425  time: 1.1662  data: 0.0001  max mem: 5085
Train: data epoch: [16]  [20/37]  eta: 0:00:08  lr: 0.000077  loss: 0.0524  time: 0.4726  data: 0.0000  max mem: 5085
Train: data epoch: [16]  [36/37]  eta: 0:00:00  lr: 0.000077  loss: 0.0525  time: 0.4138  data: 0.0000  max mem: 5085
Train: data epoch: [16] Total time: 0:00:18 (0.4870 s / it)
2026-08-21 17:13:01,696 [INFO] Qual: EPOCH[16] -> PLCC: 0.908853, SROCC: 0.871243, KROCC: 0.689805, LOSS: 0.170632
2026-08-21 17:13:01,696 [INFO] Align: EPOCH[16] -> PLCC: 0.822850, SROCC: 0.681974, KROCC: 0.504172, LOSS: 0.310015
2026-08-21 17:13:01,710 [INFO] Saving checkpoint at epoch 16 to run/20260821170_B2_V12_s4/checkpoint_best.pth.
2026-08-21 17:13:01,763 [INFO] Start training
2026-08-21 17:13:02,100 [INFO] Start training epoch 17, 37 iters per inner epoch.
2026-08-21 17:13:21,559 [INFO] Averaged stats: lr: 0.000074  loss: 0.053824
2026-08-21 17:13:21,641 [INFO] gates: {"epoch": 17, "corr_s9_mean": -0.152, "corr_s9_std": 0.0743, "corr_s12_mean": 0.0443, "corr_s12_std": 0.0873, "corr_s_global": 0.2682, "corr_f_max_mean": 0.0363}
2026-08-21 17:13:21,641 [INFO] Evaluating on val.
Train: data epoch: [17]  [ 0/37]  eta: 0:00:40  lr: 0.000074  loss: 0.0490  time: 1.1039  data: 0.0001  max mem: 5085
Train: data epoch: [17]  [20/37]  eta: 0:00:09  lr: 0.000074  loss: 0.0544  time: 0.5101  data: 0.0000  max mem: 5085
Train: data epoch: [17]  [36/37]  eta: 0:00:00  lr: 0.000074  loss: 0.0680  time: 0.4904  data: 0.0000  max mem: 5085
Train: data epoch: [17] Total time: 0:00:19 (0.5259 s / it)
2026-08-21 17:13:28,389 [INFO] Qual: EPOCH[17] -> PLCC: 0.909289, SROCC: 0.872199, KROCC: 0.691486, LOSS: 0.170668
2026-08-21 17:13:28,389 [INFO] Align: EPOCH[17] -> PLCC: 0.822915, SROCC: 0.679618, KROCC: 0.502694, LOSS: 0.308724
2026-08-21 17:13:28,407 [INFO] Saving checkpoint at epoch 17 to run/20260821170_B2_V12_s4/checkpoint_best.pth.
2026-08-21 17:13:28,471 [INFO] Start training
2026-08-21 17:13:28,808 [INFO] Start training epoch 18, 37 iters per inner epoch.
2026-08-21 17:13:48,347 [INFO] Averaged stats: lr: 0.000072  loss: 0.050840
2026-08-21 17:13:48,431 [INFO] gates: {"epoch": 18, "corr_s9_mean": -0.1426, "corr_s9_std": 0.0741, "corr_s12_mean": 0.0582, "corr_s12_std": 0.0846, "corr_s_global": 0.2679, "corr_f_max_mean": 0.0366}
2026-08-21 17:13:48,431 [INFO] Evaluating on val.
Train: data epoch: [18]  [ 0/37]  eta: 0:00:39  lr: 0.000072  loss: 0.0436  time: 1.0796  data: 0.0001  max mem: 5085
Train: data epoch: [18]  [20/37]  eta: 0:00:09  lr: 0.000072  loss: 0.0598  time: 0.5090  data: 0.0000  max mem: 5085
Train: data epoch: [18]  [36/37]  eta: 0:00:00  lr: 0.000072  loss: 0.0419  time: 0.5160  data: 0.0000  max mem: 5085
Train: data epoch: [18] Total time: 0:00:19 (0.5281 s / it)
2026-08-21 17:13:55,335 [INFO] Qual: EPOCH[18] -> PLCC: 0.910092, SROCC: 0.874024, KROCC: 0.693472, LOSS: 0.174188
2026-08-21 17:13:55,335 [INFO] Align: EPOCH[18] -> PLCC: 0.823819, SROCC: 0.685261, KROCC: 0.507241, LOSS: 0.309714
2026-08-21 17:13:55,350 [INFO] Saving checkpoint at epoch 18 to run/20260821170_B2_V12_s4/checkpoint_best.pth.
2026-08-21 17:13:55,402 [INFO] Start training
2026-08-21 17:13:55,728 [INFO] Start training epoch 19, 37 iters per inner epoch.
2026-08-21 17:14:15,377 [INFO] Averaged stats: lr: 0.000069  loss: 0.049576
2026-08-21 17:14:15,460 [INFO] gates: {"epoch": 19, "corr_s9_mean": -0.1551, "corr_s9_std": 0.0749, "corr_s12_mean": 0.0333, "corr_s12_std": 0.0802, "corr_s_global": 0.2595, "corr_f_max_mean": 0.0359}
2026-08-21 17:14:15,460 [INFO] Evaluating on val.
Train: data epoch: [19]  [ 0/37]  eta: 0:00:48  lr: 0.000069  loss: 0.0421  time: 1.3139  data: 0.0001  max mem: 5085
Train: data epoch: [19]  [20/37]  eta: 0:00:09  lr: 0.000069  loss: 0.0592  time: 0.5033  data: 0.0000  max mem: 5085
Train: data epoch: [19]  [36/37]  eta: 0:00:00  lr: 0.000069  loss: 0.0438  time: 0.5036  data: 0.0000  max mem: 5085
Train: data epoch: [19] Total time: 0:00:19 (0.5310 s / it)
2026-08-21 17:14:22,223 [INFO] Qual: EPOCH[19] -> PLCC: 0.909510, SROCC: 0.871718, KROCC: 0.690933, LOSS: 0.173529
2026-08-21 17:14:22,223 [INFO] Align: EPOCH[19] -> PLCC: 0.821866, SROCC: 0.681171, KROCC: 0.503935, LOSS: 0.311814
2026-08-21 17:14:22,224 [INFO] Start training
2026-08-21 17:14:22,565 [INFO] Start training epoch 20, 37 iters per inner epoch.
2026-08-21 17:14:40,671 [INFO] Averaged stats: lr: 0.000066  loss: 0.047730
2026-08-21 17:14:40,757 [INFO] gates: {"epoch": 20, "corr_s9_mean": -0.1558, "corr_s9_std": 0.0736, "corr_s12_mean": 0.077, "corr_s12_std": 0.0848, "corr_s_global": 0.2536, "corr_f_max_mean": 0.0383}
2026-08-21 17:14:40,757 [INFO] Evaluating on val.
Train: data epoch: [20]  [ 0/37]  eta: 0:00:48  lr: 0.000066  loss: 0.0443  time: 1.3091  data: 0.0001  max mem: 5085
Train: data epoch: [20]  [20/37]  eta: 0:00:08  lr: 0.000066  loss: 0.0408  time: 0.4497  data: 0.0000  max mem: 5085
Train: data epoch: [20]  [36/37]  eta: 0:00:00  lr: 0.000066  loss: 0.0560  time: 0.4442  data: 0.0000  max mem: 5085
Train: data epoch: [20] Total time: 0:00:18 (0.4893 s / it)
2026-08-21 17:14:47,663 [INFO] Qual: EPOCH[20] -> PLCC: 0.909616, SROCC: 0.872866, KROCC: 0.692490, LOSS: 0.170994
2026-08-21 17:14:47,663 [INFO] Align: EPOCH[20] -> PLCC: 0.818343, SROCC: 0.676400, KROCC: 0.499523, LOSS: 0.319017
2026-08-21 17:14:47,677 [INFO] Saving checkpoint at epoch 20 to run/20260821170_B2_V12_s4/checkpoint_latest.pth.
2026-08-21 17:14:47,737 [INFO] Start training
2026-08-21 17:14:48,067 [INFO] Start training epoch 21, 37 iters per inner epoch.
2026-08-21 17:15:04,994 [INFO] Averaged stats: lr: 0.000063  loss: 0.044631
2026-08-21 17:15:05,071 [INFO] gates: {"epoch": 21, "corr_s9_mean": -0.1556, "corr_s9_std": 0.0715, "corr_s12_mean": 0.0852, "corr_s12_std": 0.0894, "corr_s_global": 0.2531, "corr_f_max_mean": 0.0392}
2026-08-21 17:15:05,071 [INFO] Evaluating on val.
Train: data epoch: [21]  [ 0/37]  eta: 0:00:39  lr: 0.000063  loss: 0.0360  time: 1.0733  data: 0.0001  max mem: 5085
Train: data epoch: [21]  [20/37]  eta: 0:00:08  lr: 0.000063  loss: 0.0324  time: 0.4608  data: 0.0000  max mem: 5085
Train: data epoch: [21]  [36/37]  eta: 0:00:00  lr: 0.000063  loss: 0.0352  time: 0.4520  data: 0.0000  max mem: 5085
Train: data epoch: [21] Total time: 0:00:16 (0.4575 s / it)
2026-08-21 17:15:11,999 [INFO] Qual: EPOCH[21] -> PLCC: 0.910181, SROCC: 0.874826, KROCC: 0.694612, LOSS: 0.171068
2026-08-21 17:15:12,000 [INFO] Align: EPOCH[21] -> PLCC: 0.819764, SROCC: 0.678908, KROCC: 0.501735, LOSS: 0.315414
2026-08-21 17:15:12,016 [INFO] Saving checkpoint at epoch 21 to run/20260821170_B2_V12_s4/checkpoint_best.pth.
2026-08-21 17:15:12,072 [INFO] Start training
2026-08-21 17:15:12,401 [INFO] Start training epoch 22, 37 iters per inner epoch.
2026-08-21 17:15:31,916 [INFO] Averaged stats: lr: 0.000060  loss: 0.042625
2026-08-21 17:15:31,996 [INFO] gates: {"epoch": 22, "corr_s9_mean": -0.1478, "corr_s9_std": 0.0751, "corr_s12_mean": 0.0632, "corr_s12_std": 0.0857, "corr_s_global": 0.2646, "corr_f_max_mean": 0.0374}
2026-08-21 17:15:31,997 [INFO] Evaluating on val.
Train: data epoch: [22]  [ 0/37]  eta: 0:00:40  lr: 0.000060  loss: 0.0457  time: 1.0992  data: 0.0001  max mem: 5085
Train: data epoch: [22]  [20/37]  eta: 0:00:09  lr: 0.000060  loss: 0.0353  time: 0.5140  data: 0.0000  max mem: 5085
Train: data epoch: [22]  [36/37]  eta: 0:00:00  lr: 0.000060  loss: 0.0409  time: 0.5203  data: 0.0000  max mem: 5085
Train: data epoch: [22] Total time: 0:00:19 (0.5274 s / it)
2026-08-21 17:15:38,776 [INFO] Qual: EPOCH[22] -> PLCC: 0.910385, SROCC: 0.874465, KROCC: 0.694115, LOSS: 0.169226
2026-08-21 17:15:38,776 [INFO] Align: EPOCH[22] -> PLCC: 0.820347, SROCC: 0.678951, KROCC: 0.502084, LOSS: 0.313927
2026-08-21 17:15:38,777 [INFO] Start training
2026-08-21 17:15:39,108 [INFO] Start training epoch 23, 37 iters per inner epoch.
2026-08-21 17:15:58,824 [INFO] Averaged stats: lr: 0.000057  loss: 0.041337
2026-08-21 17:15:58,917 [INFO] gates: {"epoch": 23, "corr_s9_mean": -0.153, "corr_s9_std": 0.0759, "corr_s12_mean": 0.0575, "corr_s12_std": 0.0829, "corr_s_global": 0.2574, "corr_f_max_mean": 0.0375}
2026-08-21 17:15:58,917 [INFO] Evaluating on val.
Train: data epoch: [23]  [ 0/37]  eta: 0:00:44  lr: 0.000057  loss: 0.0388  time: 1.2023  data: 0.0001  max mem: 5085
Train: data epoch: [23]  [20/37]  eta: 0:00:09  lr: 0.000057  loss: 0.0469  time: 0.4974  data: 0.0000  max mem: 5085
Train: data epoch: [23]  [36/37]  eta: 0:00:00  lr: 0.000057  loss: 0.0352  time: 0.5312  data: 0.0000  max mem: 5085
Train: data epoch: [23] Total time: 0:00:19 (0.5329 s / it)
2026-08-21 17:16:05,917 [INFO] Qual: EPOCH[23] -> PLCC: 0.910646, SROCC: 0.875091, KROCC: 0.695007, LOSS: 0.169498
2026-08-21 17:16:05,917 [INFO] Align: EPOCH[23] -> PLCC: 0.820095, SROCC: 0.679136, KROCC: 0.502220, LOSS: 0.316059
2026-08-21 17:16:05,935 [INFO] Saving checkpoint at epoch 23 to run/20260821170_B2_V12_s4/checkpoint_best.pth.
2026-08-21 17:16:05,998 [INFO] Start training
2026-08-21 17:16:06,382 [INFO] Start training epoch 24, 37 iters per inner epoch.
2026-08-21 17:16:25,752 [INFO] Averaged stats: lr: 0.000054  loss: 0.040143
2026-08-21 17:16:25,842 [INFO] gates: {"epoch": 24, "corr_s9_mean": -0.1538, "corr_s9_std": 0.0737, "corr_s12_mean": 0.0435, "corr_s12_std": 0.0791, "corr_s_global": 0.2625, "corr_f_max_mean": 0.0354}
2026-08-21 17:16:25,842 [INFO] Evaluating on val.
Train: data epoch: [24]  [ 0/37]  eta: 0:00:45  lr: 0.000054  loss: 0.0284  time: 1.2295  data: 0.0001  max mem: 5085
Train: data epoch: [24]  [20/37]  eta: 0:00:08  lr: 0.000054  loss: 0.0469  time: 0.4845  data: 0.0000  max mem: 5085
Train: data epoch: [24]  [36/37]  eta: 0:00:00  lr: 0.000054  loss: 0.0392  time: 0.5376  data: 0.0000  max mem: 5085
Train: data epoch: [24] Total time: 0:00:19 (0.5235 s / it)
2026-08-21 17:16:32,557 [INFO] Qual: EPOCH[24] -> PLCC: 0.910324, SROCC: 0.874085, KROCC: 0.693946, LOSS: 0.168806
2026-08-21 17:16:32,557 [INFO] Align: EPOCH[24] -> PLCC: 0.819153, SROCC: 0.677057, KROCC: 0.499862, LOSS: 0.316667
2026-08-21 17:16:32,558 [INFO] Start training
2026-08-21 17:16:32,946 [INFO] Start training epoch 25, 37 iters per inner epoch.
2026-08-21 17:16:52,384 [INFO] Averaged stats: lr: 0.000050  loss: 0.038399
2026-08-21 17:16:52,465 [INFO] gates: {"epoch": 25, "corr_s9_mean": -0.1584, "corr_s9_std": 0.0728, "corr_s12_mean": 0.0527, "corr_s12_std": 0.0813, "corr_s_global": 0.2634, "corr_f_max_mean": 0.0364}
2026-08-21 17:16:52,465 [INFO] Evaluating on val.
Train: data epoch: [25]  [ 0/37]  eta: 0:00:51  lr: 0.000051  loss: 0.0529  time: 1.3975  data: 0.0001  max mem: 5085
Train: data epoch: [25]  [20/37]  eta: 0:00:08  lr: 0.000051  loss: 0.0373  time: 0.4789  data: 0.0000  max mem: 5085
Train: data epoch: [25]  [36/37]  eta: 0:00:00  lr: 0.000051  loss: 0.0342  time: 0.5380  data: 0.0000  max mem: 5085
Train: data epoch: [25] Total time: 0:00:19 (0.5253 s / it)
2026-08-21 17:16:58,769 [INFO] Qual: EPOCH[25] -> PLCC: 0.910422, SROCC: 0.875262, KROCC: 0.695007, LOSS: 0.169505
2026-08-21 17:16:58,770 [INFO] Align: EPOCH[25] -> PLCC: 0.820385, SROCC: 0.678254, KROCC: 0.500798, LOSS: 0.314979
2026-08-21 17:16:58,789 [INFO] Saving checkpoint at epoch 25 to run/20260821170_B2_V12_s4/checkpoint_latest.pth.
2026-08-21 17:16:58,849 [INFO] Start training
2026-08-21 17:16:59,188 [INFO] Start training epoch 26, 37 iters per inner epoch.
2026-08-21 17:17:19,049 [INFO] Averaged stats: lr: 0.000047  loss: 0.037518
2026-08-21 17:17:19,148 [INFO] gates: {"epoch": 26, "corr_s9_mean": -0.1562, "corr_s9_std": 0.0769, "corr_s12_mean": 0.0622, "corr_s12_std": 0.0829, "corr_s_global": 0.267, "corr_f_max_mean": 0.0377}
2026-08-21 17:17:19,149 [INFO] Evaluating on val.
Train: data epoch: [26]  [ 0/37]  eta: 0:00:41  lr: 0.000047  loss: 0.0348  time: 1.1326  data: 0.0001  max mem: 5085
Train: data epoch: [26]  [20/37]  eta: 0:00:09  lr: 0.000047  loss: 0.0487  time: 0.5117  data: 0.0000  max mem: 5085
Train: data epoch: [26]  [36/37]  eta: 0:00:00  lr: 0.000047  loss: 0.0342  time: 0.5397  data: 0.0000  max mem: 5085
Train: data epoch: [26] Total time: 0:00:19 (0.5368 s / it)
2026-08-21 17:17:25,530 [INFO] Qual: EPOCH[26] -> PLCC: 0.910382, SROCC: 0.874802, KROCC: 0.694815, LOSS: 0.170899
2026-08-21 17:17:25,530 [INFO] Align: EPOCH[26] -> PLCC: 0.819541, SROCC: 0.677350, KROCC: 0.500415, LOSS: 0.317680
2026-08-21 17:17:25,531 [INFO] Start training
2026-08-21 17:17:25,844 [INFO] Start training epoch 27, 37 iters per inner epoch.
2026-08-21 17:17:45,168 [INFO] Averaged stats: lr: 0.000044  loss: 0.036740
2026-08-21 17:17:45,259 [INFO] gates: {"epoch": 27, "corr_s9_mean": -0.1625, "corr_s9_std": 0.075, "corr_s12_mean": 0.0657, "corr_s12_std": 0.0842, "corr_s_global": 0.2605, "corr_f_max_mean": 0.0381}
2026-08-21 17:17:45,259 [INFO] Evaluating on val.
Train: data epoch: [27]  [ 0/37]  eta: 0:00:39  lr: 0.000044  loss: 0.0360  time: 1.0728  data: 0.0001  max mem: 5085
Train: data epoch: [27]  [20/37]  eta: 0:00:08  lr: 0.000044  loss: 0.0352  time: 0.4911  data: 0.0000  max mem: 5085
Train: data epoch: [27]  [36/37]  eta: 0:00:00  lr: 0.000044  loss: 0.0415  time: 0.5361  data: 0.0000  max mem: 5085
Train: data epoch: [27] Total time: 0:00:19 (0.5222 s / it)
2026-08-21 17:17:51,912 [INFO] Qual: EPOCH[27] -> PLCC: 0.910375, SROCC: 0.874679, KROCC: 0.694600, LOSS: 0.169873
2026-08-21 17:17:51,912 [INFO] Align: EPOCH[27] -> PLCC: 0.819684, SROCC: 0.677042, KROCC: 0.500178, LOSS: 0.316650
2026-08-21 17:17:51,913 [INFO] Start training
2026-08-21 17:17:52,241 [INFO] Start training epoch 28, 37 iters per inner epoch.
2026-08-21 17:18:12,653 [INFO] Averaged stats: lr: 0.000041  loss: 0.035179
2026-08-21 17:18:12,731 [INFO] gates: {"epoch": 28, "corr_s9_mean": -0.1505, "corr_s9_std": 0.0759, "corr_s12_mean": 0.0621, "corr_s12_std": 0.0844, "corr_s_global": 0.2603, "corr_f_max_mean": 0.0374}
2026-08-21 17:18:12,731 [INFO] Evaluating on val.
Train: data epoch: [28]  [ 0/37]  eta: 0:00:53  lr: 0.000041  loss: 0.0375  time: 1.4562  data: 0.0001  max mem: 5085
Train: data epoch: [28]  [20/37]  eta: 0:00:09  lr: 0.000041  loss: 0.0418  time: 0.5297  data: 0.0000  max mem: 5085
Train: data epoch: [28]  [36/37]  eta: 0:00:00  lr: 0.000041  loss: 0.0316  time: 0.5162  data: 0.0000  max mem: 5085
Train: data epoch: [28] Total time: 0:00:20 (0.5517 s / it)
2026-08-21 17:18:19,249 [INFO] Qual: EPOCH[28] -> PLCC: 0.909963, SROCC: 0.873981, KROCC: 0.693833, LOSS: 0.170860
2026-08-21 17:18:19,249 [INFO] Align: EPOCH[28] -> PLCC: 0.819621, SROCC: 0.677023, KROCC: 0.500392, LOSS: 0.315802
2026-08-21 17:18:19,250 [INFO] Start training
2026-08-21 17:18:19,616 [INFO] Start training epoch 29, 37 iters per inner epoch.
2026-08-21 17:18:39,681 [INFO] Averaged stats: lr: 0.000038  loss: 0.033912
2026-08-21 17:18:39,762 [INFO] gates: {"epoch": 29, "corr_s9_mean": -0.1495, "corr_s9_std": 0.0742, "corr_s12_mean": 0.0567, "corr_s12_std": 0.0798, "corr_s_global": 0.2605, "corr_f_max_mean": 0.0367}
2026-08-21 17:18:39,762 [INFO] Evaluating on val.
Train: data epoch: [29]  [ 0/37]  eta: 0:00:46  lr: 0.000038  loss: 0.0357  time: 1.2547  data: 0.0001  max mem: 5085
Train: data epoch: [29]  [20/37]  eta: 0:00:09  lr: 0.000038  loss: 0.0295  time: 0.5196  data: 0.0000  max mem: 5085
Train: data epoch: [29]  [36/37]  eta: 0:00:00  lr: 0.000038  loss: 0.0371  time: 0.5139  data: 0.0000  max mem: 5085
Train: data epoch: [29] Total time: 0:00:20 (0.5423 s / it)
2026-08-21 17:18:46,252 [INFO] Qual: EPOCH[29] -> PLCC: 0.909924, SROCC: 0.873524, KROCC: 0.693416, LOSS: 0.170381
2026-08-21 17:18:46,253 [INFO] Align: EPOCH[29] -> PLCC: 0.818715, SROCC: 0.676122, KROCC: 0.499422, LOSS: 0.318548
2026-08-21 17:18:46,253 [INFO] Start training
2026-08-21 17:18:46,586 [INFO] Start training epoch 30, 37 iters per inner epoch.
2026-08-21 17:19:07,045 [INFO] Averaged stats: lr: 0.000035  loss: 0.033822
2026-08-21 17:19:07,113 [INFO] gates: {"epoch": 30, "corr_s9_mean": -0.1579, "corr_s9_std": 0.0775, "corr_s12_mean": 0.052, "corr_s12_std": 0.0825, "corr_s_global": 0.2627, "corr_f_max_mean": 0.0373}
2026-08-21 17:19:07,113 [INFO] Evaluating on val.
Train: data epoch: [30]  [ 0/37]  eta: 0:00:51  lr: 0.000035  loss: 0.0291  time: 1.3843  data: 0.0001  max mem: 5085
Train: data epoch: [30]  [20/37]  eta: 0:00:09  lr: 0.000035  loss: 0.0337  time: 0.5191  data: 0.0000  max mem: 5085
Train: data epoch: [30]  [36/37]  eta: 0:00:00  lr: 0.000035  loss: 0.0492  time: 0.5284  data: 0.0000  max mem: 5085
Train: data epoch: [30] Total time: 0:00:20 (0.5529 s / it)
2026-08-21 17:19:14,481 [INFO] Qual: EPOCH[30] -> PLCC: 0.909933, SROCC: 0.873899, KROCC: 0.693686, LOSS: 0.170765
2026-08-21 17:19:14,481 [INFO] Align: EPOCH[30] -> PLCC: 0.818960, SROCC: 0.676775, KROCC: 0.499884, LOSS: 0.317192
2026-08-21 17:19:14,497 [INFO] Saving checkpoint at epoch 30 to run/20260821170_B2_V12_s4/checkpoint_latest.pth.
2026-08-21 17:19:14,546 [INFO] Start training
2026-08-21 17:19:14,848 [INFO] Start training epoch 31, 37 iters per inner epoch.
2026-08-21 17:19:35,102 [INFO] Averaged stats: lr: 0.000032  loss: 0.033374
2026-08-21 17:19:35,196 [INFO] gates: {"epoch": 31, "corr_s9_mean": -0.1528, "corr_s9_std": 0.0776, "corr_s12_mean": 0.0405, "corr_s12_std": 0.0831, "corr_s_global": 0.2597, "corr_f_max_mean": 0.0366}
2026-08-21 17:19:35,196 [INFO] Evaluating on val.
Train: data epoch: [31]  [ 0/37]  eta: 0:01:00  lr: 0.000032  loss: 0.0338  time: 1.6292  data: 0.0001  max mem: 5085
Train: data epoch: [31]  [20/37]  eta: 0:00:09  lr: 0.000032  loss: 0.0314  time: 0.5095  data: 0.0000  max mem: 5085
Train: data epoch: [31]  [36/37]  eta: 0:00:00  lr: 0.000032  loss: 0.0441  time: 0.5146  data: 0.0000  max mem: 5085
Train: data epoch: [31] Total time: 0:00:20 (0.5474 s / it)
2026-08-21 17:19:42,082 [INFO] Qual: EPOCH[31] -> PLCC: 0.909973, SROCC: 0.874070, KROCC: 0.693957, LOSS: 0.172948
2026-08-21 17:19:42,082 [INFO] Align: EPOCH[31] -> PLCC: 0.819169, SROCC: 0.677248, KROCC: 0.500370, LOSS: 0.316857
2026-08-21 17:19:42,083 [INFO] Start training
2026-08-21 17:19:42,459 [INFO] Start training epoch 32, 37 iters per inner epoch.
2026-08-21 17:20:01,985 [INFO] Averaged stats: lr: 0.000029  loss: 0.032007
2026-08-21 17:20:02,097 [INFO] gates: {"epoch": 32, "corr_s9_mean": -0.1582, "corr_s9_std": 0.0733, "corr_s12_mean": 0.0632, "corr_s12_std": 0.0829, "corr_s_global": 0.2545, "corr_f_max_mean": 0.0376}
2026-08-21 17:20:02,097 [INFO] Evaluating on val.
Train: data epoch: [32]  [ 0/37]  eta: 0:01:02  lr: 0.000029  loss: 0.0276  time: 1.7004  data: 0.0001  max mem: 5085
Train: data epoch: [32]  [20/37]  eta: 0:00:08  lr: 0.000029  loss: 0.0360  time: 0.4645  data: 0.0000  max mem: 5085
Train: data epoch: [32]  [36/37]  eta: 0:00:00  lr: 0.000029  loss: 0.0298  time: 0.5448  data: 0.0000  max mem: 5085
Train: data epoch: [32] Total time: 0:00:19 (0.5277 s / it)
2026-08-21 17:20:08,922 [INFO] Qual: EPOCH[32] -> PLCC: 0.909583, SROCC: 0.873988, KROCC: 0.693551, LOSS: 0.172286
2026-08-21 17:20:08,922 [INFO] Align: EPOCH[32] -> PLCC: 0.820008, SROCC: 0.678679, KROCC: 0.501972, LOSS: 0.315920
2026-08-21 17:20:08,923 [INFO] Start training
2026-08-21 17:20:09,281 [INFO] Start training epoch 33, 37 iters per inner epoch.
2026-08-21 17:20:29,727 [INFO] Averaged stats: lr: 0.000027  loss: 0.031854
2026-08-21 17:20:29,813 [INFO] gates: {"epoch": 33, "corr_s9_mean": -0.1556, "corr_s9_std": 0.0743, "corr_s12_mean": 0.0689, "corr_s12_std": 0.0873, "corr_s_global": 0.2605, "corr_f_max_mean": 0.0381}
2026-08-21 17:20:29,813 [INFO] Evaluating on val.
Train: data epoch: [33]  [ 0/37]  eta: 0:00:56  lr: 0.000027  loss: 0.0289  time: 1.5236  data: 0.0001  max mem: 5085
Train: data epoch: [33]  [20/37]  eta: 0:00:09  lr: 0.000027  loss: 0.0255  time: 0.4938  data: 0.0000  max mem: 5085
Train: data epoch: [33]  [36/37]  eta: 0:00:00  lr: 0.000027  loss: 0.0343  time: 0.5387  data: 0.0000  max mem: 5085
Train: data epoch: [33] Total time: 0:00:20 (0.5526 s / it)
2026-08-21 17:20:36,813 [INFO] Qual: EPOCH[33] -> PLCC: 0.909312, SROCC: 0.873100, KROCC: 0.692569, LOSS: 0.171847
2026-08-21 17:20:36,813 [INFO] Align: EPOCH[33] -> PLCC: 0.820650, SROCC: 0.678931, KROCC: 0.502209, LOSS: 0.315228
2026-08-21 17:20:36,814 [INFO] Start training
2026-08-21 17:20:37,156 [INFO] Start training epoch 34, 37 iters per inner epoch.
2026-08-21 17:20:55,949 [INFO] Averaged stats: lr: 0.000024  loss: 0.030900
2026-08-21 17:20:56,037 [INFO] gates: {"epoch": 34, "corr_s9_mean": -0.1602, "corr_s9_std": 0.0754, "corr_s12_mean": 0.0551, "corr_s12_std": 0.0811, "corr_s_global": 0.259, "corr_f_max_mean": 0.0372}
2026-08-21 17:20:56,038 [INFO] Evaluating on val.
Train: data epoch: [34]  [ 0/37]  eta: 0:00:42  lr: 0.000024  loss: 0.0315  time: 1.1435  data: 0.0001  max mem: 5085
Train: data epoch: [34]  [20/37]  eta: 0:00:08  lr: 0.000024  loss: 0.0299  time: 0.4595  data: 0.0000  max mem: 5085
Train: data epoch: [34]  [36/37]  eta: 0:00:00  lr: 0.000024  loss: 0.0384  time: 0.5176  data: 0.0000  max mem: 5085
Train: data epoch: [34] Total time: 0:00:18 (0.5079 s / it)
2026-08-21 17:21:02,896 [INFO] Qual: EPOCH[34] -> PLCC: 0.909271, SROCC: 0.873034, KROCC: 0.692490, LOSS: 0.171638
2026-08-21 17:21:02,896 [INFO] Align: EPOCH[34] -> PLCC: 0.819574, SROCC: 0.677313, KROCC: 0.500381, LOSS: 0.315854
2026-08-21 17:21:02,897 [INFO] Start training
2026-08-21 17:21:03,218 [INFO] Start training epoch 35, 37 iters per inner epoch.
2026-08-21 17:21:19,393 [INFO] Averaged stats: lr: 0.000021  loss: 0.030657
2026-08-21 17:21:19,475 [INFO] gates: {"epoch": 35, "corr_s9_mean": -0.1536, "corr_s9_std": 0.0739, "corr_s12_mean": 0.0607, "corr_s12_std": 0.0809, "corr_s_global": 0.2644, "corr_f_max_mean": 0.0373}
2026-08-21 17:21:19,476 [INFO] Evaluating on val.
Train: data epoch: [35]  [ 0/37]  eta: 0:00:41  lr: 0.000021  loss: 0.0332  time: 1.1223  data: 0.0001  max mem: 5085
Train: data epoch: [35]  [20/37]  eta: 0:00:07  lr: 0.000021  loss: 0.0288  time: 0.3900  data: 0.0000  max mem: 5085
Train: data epoch: [35]  [36/37]  eta: 0:00:00  lr: 0.000021  loss: 0.0204  time: 0.4081  data: 0.0000  max mem: 5085
Train: data epoch: [35] Total time: 0:00:16 (0.4371 s / it)
2026-08-21 17:21:26,357 [INFO] Qual: EPOCH[35] -> PLCC: 0.909316, SROCC: 0.873415, KROCC: 0.692919, LOSS: 0.172344
2026-08-21 17:21:26,358 [INFO] Align: EPOCH[35] -> PLCC: 0.819334, SROCC: 0.677640, KROCC: 0.500877, LOSS: 0.316733
2026-08-21 17:21:26,371 [INFO] Saving checkpoint at epoch 35 to run/20260821170_B2_V12_s4/checkpoint_latest.pth.
2026-08-21 17:21:26,429 [INFO] Start training
2026-08-21 17:21:26,722 [INFO] Start training epoch 36, 37 iters per inner epoch.
2026-08-21 17:21:46,657 [INFO] Averaged stats: lr: 0.000019  loss: 0.029864
2026-08-21 17:21:46,729 [INFO] gates: {"epoch": 36, "corr_s9_mean": -0.155, "corr_s9_std": 0.0784, "corr_s12_mean": 0.0415, "corr_s12_std": 0.0806, "corr_s_global": 0.2613, "corr_f_max_mean": 0.0365}
2026-08-21 17:21:46,729 [INFO] Evaluating on val.
Train: data epoch: [36]  [ 0/37]  eta: 0:00:51  lr: 0.000019  loss: 0.0323  time: 1.3846  data: 0.0001  max mem: 5085
Train: data epoch: [36]  [20/37]  eta: 0:00:09  lr: 0.000019  loss: 0.0289  time: 0.5066  data: 0.0000  max mem: 5085
Train: data epoch: [36]  [36/37]  eta: 0:00:00  lr: 0.000019  loss: 0.0312  time: 0.5109  data: 0.0000  max mem: 5085
Train: data epoch: [36] Total time: 0:00:19 (0.5388 s / it)
2026-08-21 17:21:53,675 [INFO] Qual: EPOCH[36] -> PLCC: 0.909317, SROCC: 0.873590, KROCC: 0.693213, LOSS: 0.173106
2026-08-21 17:21:53,675 [INFO] Align: EPOCH[36] -> PLCC: 0.818641, SROCC: 0.676986, KROCC: 0.499963, LOSS: 0.318642
2026-08-21 17:21:53,676 [INFO] Start training
2026-08-21 17:21:54,000 [INFO] Start training epoch 37, 37 iters per inner epoch.
2026-08-21 17:22:14,102 [INFO] Averaged stats: lr: 0.000017  loss: 0.029745
2026-08-21 17:22:14,193 [INFO] gates: {"epoch": 37, "corr_s9_mean": -0.1504, "corr_s9_std": 0.0734, "corr_s12_mean": 0.0652, "corr_s12_std": 0.0794, "corr_s_global": 0.2586, "corr_f_max_mean": 0.0366}
2026-08-21 17:22:14,193 [INFO] Evaluating on val.
Train: data epoch: [37]  [ 0/37]  eta: 0:00:44  lr: 0.000017  loss: 0.0332  time: 1.2105  data: 0.0001  max mem: 5085
Train: data epoch: [37]  [20/37]  eta: 0:00:09  lr: 0.000017  loss: 0.0416  time: 0.5118  data: 0.0000  max mem: 5085
Train: data epoch: [37]  [36/37]  eta: 0:00:00  lr: 0.000017  loss: 0.0298  time: 0.5433  data: 0.0000  max mem: 5085
Train: data epoch: [37] Total time: 0:00:20 (0.5433 s / it)
2026-08-21 17:22:20,766 [INFO] Qual: EPOCH[37] -> PLCC: 0.909305, SROCC: 0.873821, KROCC: 0.693337, LOSS: 0.172792
2026-08-21 17:22:20,766 [INFO] Align: EPOCH[37] -> PLCC: 0.819686, SROCC: 0.678023, KROCC: 0.501103, LOSS: 0.317068
2026-08-21 17:22:20,767 [INFO] Start training
2026-08-21 17:22:21,094 [INFO] Start training epoch 38, 37 iters per inner epoch.
2026-08-21 17:22:40,715 [INFO] Averaged stats: lr: 0.000014  loss: 0.028834
2026-08-21 17:22:40,797 [INFO] gates: {"epoch": 38, "corr_s9_mean": -0.1519, "corr_s9_std": 0.0767, "corr_s12_mean": 0.0443, "corr_s12_std": 0.0835, "corr_s_global": 0.2664, "corr_f_max_mean": 0.0371}
2026-08-21 17:22:40,798 [INFO] Evaluating on val.
Train: data epoch: [38]  [ 0/37]  eta: 0:00:53  lr: 0.000014  loss: 0.0333  time: 1.4512  data: 0.0001  max mem: 5085
Train: data epoch: [38]  [20/37]  eta: 0:00:08  lr: 0.000014  loss: 0.0318  time: 0.4648  data: 0.0000  max mem: 5085
Train: data epoch: [38]  [36/37]  eta: 0:00:00  lr: 0.000014  loss: 0.0255  time: 0.5291  data: 0.0000  max mem: 5085
Train: data epoch: [38] Total time: 0:00:19 (0.5303 s / it)
2026-08-21 17:22:47,221 [INFO] Qual: EPOCH[38] -> PLCC: 0.909202, SROCC: 0.873520, KROCC: 0.692964, LOSS: 0.172474
2026-08-21 17:22:47,222 [INFO] Align: EPOCH[38] -> PLCC: 0.819291, SROCC: 0.677751, KROCC: 0.500956, LOSS: 0.317556
2026-08-21 17:22:47,222 [INFO] Start training
2026-08-21 17:22:47,515 [INFO] Start training epoch 39, 37 iters per inner epoch.
2026-08-21 17:23:06,517 [INFO] Averaged stats: lr: 0.000012  loss: 0.029026
2026-08-21 17:23:06,594 [INFO] gates: {"epoch": 39, "corr_s9_mean": -0.1546, "corr_s9_std": 0.0766, "corr_s12_mean": 0.0724, "corr_s12_std": 0.087, "corr_s_global": 0.2559, "corr_f_max_mean": 0.0391}
2026-08-21 17:23:06,594 [INFO] Evaluating on val.
Train: data epoch: [39]  [ 0/37]  eta: 0:00:44  lr: 0.000012  loss: 0.0300  time: 1.1999  data: 0.0001  max mem: 5085
Train: data epoch: [39]  [20/37]  eta: 0:00:08  lr: 0.000012  loss: 0.0330  time: 0.4622  data: 0.0000  max mem: 5085
Train: data epoch: [39]  [36/37]  eta: 0:00:00  lr: 0.000012  loss: 0.0475  time: 0.5436  data: 0.0000  max mem: 5085
Train: data epoch: [39] Total time: 0:00:19 (0.5136 s / it)
2026-08-21 17:23:12,937 [INFO] Qual: EPOCH[39] -> PLCC: 0.909201, SROCC: 0.873061, KROCC: 0.692569, LOSS: 0.172409
2026-08-21 17:23:12,938 [INFO] Align: EPOCH[39] -> PLCC: 0.819175, SROCC: 0.677220, KROCC: 0.500460, LOSS: 0.317846
2026-08-21 17:23:12,938 [INFO] Start training
2026-08-21 17:23:13,231 [INFO] Start training epoch 40, 37 iters per inner epoch.
2026-08-21 17:23:33,510 [INFO] Averaged stats: lr: 0.000010  loss: 0.028908
2026-08-21 17:23:33,594 [INFO] gates: {"epoch": 40, "corr_s9_mean": -0.1494, "corr_s9_std": 0.0725, "corr_s12_mean": 0.0325, "corr_s12_std": 0.0782, "corr_s_global": 0.2615, "corr_f_max_mean": 0.0345}
2026-08-21 17:23:33,595 [INFO] Evaluating on val.
Train: data epoch: [40]  [ 0/37]  eta: 0:00:47  lr: 0.000010  loss: 0.0375  time: 1.2856  data: 0.0001  max mem: 5085
Train: data epoch: [40]  [20/37]  eta: 0:00:09  lr: 0.000010  loss: 0.0297  time: 0.5206  data: 0.0000  max mem: 5085
Train: data epoch: [40]  [36/37]  eta: 0:00:00  lr: 0.000010  loss: 0.0242  time: 0.5414  data: 0.0000  max mem: 5085
Train: data epoch: [40] Total time: 0:00:20 (0.5481 s / it)
2026-08-21 17:23:40,298 [INFO] Qual: EPOCH[40] -> PLCC: 0.909108, SROCC: 0.873362, KROCC: 0.692874, LOSS: 0.172863
2026-08-21 17:23:40,299 [INFO] Align: EPOCH[40] -> PLCC: 0.819723, SROCC: 0.678062, KROCC: 0.501046, LOSS: 0.316429
2026-08-21 17:23:40,312 [INFO] Saving checkpoint at epoch 40 to run/20260821170_B2_V12_s4/checkpoint_latest.pth.
2026-08-21 17:23:40,361 [INFO] Start training
2026-08-21 17:23:40,701 [INFO] Start training epoch 41, 37 iters per inner epoch.
2026-08-21 17:24:00,938 [INFO] Averaged stats: lr: 0.000009  loss: 0.027825
2026-08-21 17:24:01,028 [INFO] gates: {"epoch": 41, "corr_s9_mean": -0.1589, "corr_s9_std": 0.0725, "corr_s12_mean": 0.053, "corr_s12_std": 0.0812, "corr_s_global": 0.2627, "corr_f_max_mean": 0.0367}
2026-08-21 17:24:01,028 [INFO] Evaluating on val.
Train: data epoch: [41]  [ 0/37]  eta: 0:00:56  lr: 0.000009  loss: 0.0283  time: 1.5281  data: 0.0001  max mem: 5085
Train: data epoch: [41]  [20/37]  eta: 0:00:09  lr: 0.000009  loss: 0.0296  time: 0.5101  data: 0.0000  max mem: 5085
Train: data epoch: [41]  [36/37]  eta: 0:00:00  lr: 0.000009  loss: 0.0300  time: 0.5309  data: 0.0000  max mem: 5085
Train: data epoch: [41] Total time: 0:00:20 (0.5469 s / it)
2026-08-21 17:24:07,637 [INFO] Qual: EPOCH[41] -> PLCC: 0.909053, SROCC: 0.873114, KROCC: 0.692490, LOSS: 0.172930
2026-08-21 17:24:07,637 [INFO] Align: EPOCH[41] -> PLCC: 0.819577, SROCC: 0.678058, KROCC: 0.501193, LOSS: 0.316430
2026-08-21 17:24:07,638 [INFO] Start training
2026-08-21 17:24:07,936 [INFO] Start training epoch 42, 37 iters per inner epoch.
2026-08-21 17:24:28,159 [INFO] Averaged stats: lr: 0.000007  loss: 0.027841
2026-08-21 17:24:28,236 [INFO] gates: {"epoch": 42, "corr_s9_mean": -0.1545, "corr_s9_std": 0.0738, "corr_s12_mean": 0.0483, "corr_s12_std": 0.0848, "corr_s_global": 0.2654, "corr_f_max_mean": 0.0363}
2026-08-21 17:24:28,236 [INFO] Evaluating on val.
Train: data epoch: [42]  [ 0/37]  eta: 0:00:44  lr: 0.000007  loss: 0.0320  time: 1.1909  data: 0.0001  max mem: 5085
Train: data epoch: [42]  [20/37]  eta: 0:00:09  lr: 0.000007  loss: 0.0336  time: 0.5245  data: 0.0000  max mem: 5085
Train: data epoch: [42]  [36/37]  eta: 0:00:00  lr: 0.000007  loss: 0.0259  time: 0.5391  data: 0.0000  max mem: 5085
Train: data epoch: [42] Total time: 0:00:20 (0.5465 s / it)
2026-08-21 17:24:34,478 [INFO] Qual: EPOCH[42] -> PLCC: 0.908995, SROCC: 0.872769, KROCC: 0.692107, LOSS: 0.172635
2026-08-21 17:24:34,478 [INFO] Align: EPOCH[42] -> PLCC: 0.819351, SROCC: 0.677839, KROCC: 0.500764, LOSS: 0.317167
2026-08-21 17:24:34,479 [INFO] Start training
2026-08-21 17:24:34,799 [INFO] Start training epoch 43, 37 iters per inner epoch.
2026-08-21 17:24:55,112 [INFO] Averaged stats: lr: 0.000006  loss: 0.027821
2026-08-21 17:24:55,198 [INFO] gates: {"epoch": 43, "corr_s9_mean": -0.1593, "corr_s9_std": 0.0728, "corr_s12_mean": 0.0872, "corr_s12_std": 0.0893, "corr_s_global": 0.2547, "corr_f_max_mean": 0.0402}
2026-08-21 17:24:55,198 [INFO] Evaluating on val.
Train: data epoch: [43]  [ 0/37]  eta: 0:00:41  lr: 0.000006  loss: 0.0378  time: 1.1289  data: 0.0001  max mem: 5085
Train: data epoch: [43]  [20/37]  eta: 0:00:09  lr: 0.000006  loss: 0.0229  time: 0.5257  data: 0.0000  max mem: 5085
Train: data epoch: [43]  [36/37]  eta: 0:00:00  lr: 0.000006  loss: 0.0191  time: 0.5450  data: 0.0000  max mem: 5085
Train: data epoch: [43] Total time: 0:00:20 (0.5490 s / it)
2026-08-21 17:25:01,974 [INFO] Qual: EPOCH[43] -> PLCC: 0.909053, SROCC: 0.873019, KROCC: 0.692389, LOSS: 0.172714
2026-08-21 17:25:01,974 [INFO] Align: EPOCH[43] -> PLCC: 0.819073, SROCC: 0.676819, KROCC: 0.500144, LOSS: 0.317751
2026-08-21 17:25:01,975 [INFO] Start training
2026-08-21 17:25:02,337 [INFO] Start training epoch 44, 37 iters per inner epoch.
2026-08-21 17:25:22,604 [INFO] Averaged stats: lr: 0.000004  loss: 0.027660
2026-08-21 17:25:22,705 [INFO] gates: {"epoch": 44, "corr_s9_mean": -0.1545, "corr_s9_std": 0.0737, "corr_s12_mean": 0.0623, "corr_s12_std": 0.0815, "corr_s_global": 0.2598, "corr_f_max_mean": 0.037}
2026-08-21 17:25:22,705 [INFO] Evaluating on val.
Train: data epoch: [44]  [ 0/37]  eta: 0:00:51  lr: 0.000004  loss: 0.0278  time: 1.3932  data: 0.0002  max mem: 5085
Train: data epoch: [44]  [20/37]  eta: 0:00:09  lr: 0.000004  loss: 0.0272  time: 0.5208  data: 0.0000  max mem: 5085
Train: data epoch: [44]  [36/37]  eta: 0:00:00  lr: 0.000004  loss: 0.0394  time: 0.5186  data: 0.0000  max mem: 5085
Train: data epoch: [44] Total time: 0:00:20 (0.5477 s / it)
2026-08-21 17:25:29,001 [INFO] Qual: EPOCH[44] -> PLCC: 0.909014, SROCC: 0.873103, KROCC: 0.692558, LOSS: 0.172965
2026-08-21 17:25:29,001 [INFO] Align: EPOCH[44] -> PLCC: 0.819040, SROCC: 0.676664, KROCC: 0.500008, LOSS: 0.317791
2026-08-21 17:25:29,002 [INFO] Start training
2026-08-21 17:25:29,301 [INFO] Start training epoch 45, 37 iters per inner epoch.
2026-08-21 17:25:49,359 [INFO] Averaged stats: lr: 0.000003  loss: 0.027416
2026-08-21 17:25:49,438 [INFO] gates: {"epoch": 45, "corr_s9_mean": -0.1621, "corr_s9_std": 0.0752, "corr_s12_mean": 0.068, "corr_s12_std": 0.0839, "corr_s_global": 0.2576, "corr_f_max_mean": 0.0385}
2026-08-21 17:25:49,439 [INFO] Evaluating on val.
Train: data epoch: [45]  [ 0/37]  eta: 0:00:51  lr: 0.000003  loss: 0.0246  time: 1.4038  data: 0.0001  max mem: 5085
Train: data epoch: [45]  [20/37]  eta: 0:00:09  lr: 0.000003  loss: 0.0307  time: 0.5057  data: 0.0000  max mem: 5085
Train: data epoch: [45]  [36/37]  eta: 0:00:00  lr: 0.000003  loss: 0.0200  time: 0.5348  data: 0.0000  max mem: 5085
Train: data epoch: [45] Total time: 0:00:20 (0.5421 s / it)
2026-08-21 17:25:55,717 [INFO] Qual: EPOCH[45] -> PLCC: 0.908992, SROCC: 0.872845, KROCC: 0.692197, LOSS: 0.172876
2026-08-21 17:25:55,718 [INFO] Align: EPOCH[45] -> PLCC: 0.818956, SROCC: 0.676761, KROCC: 0.499839, LOSS: 0.317878
2026-08-21 17:25:55,731 [INFO] Saving checkpoint at epoch 45 to run/20260821170_B2_V12_s4/checkpoint_latest.pth.
2026-08-21 17:25:55,787 [INFO] Start training
2026-08-21 17:25:56,121 [INFO] Start training epoch 46, 37 iters per inner epoch.
2026-08-21 17:26:13,981 [INFO] Averaged stats: lr: 0.000003  loss: 0.027359
2026-08-21 17:26:14,066 [INFO] gates: {"epoch": 46, "corr_s9_mean": -0.1471, "corr_s9_std": 0.0745, "corr_s12_mean": 0.0474, "corr_s12_std": 0.0788, "corr_s_global": 0.2679, "corr_f_max_mean": 0.0356}
2026-08-21 17:26:14,066 [INFO] Evaluating on val.
Train: data epoch: [46]  [ 0/37]  eta: 0:00:45  lr: 0.000003  loss: 0.0256  time: 1.2430  data: 0.0001  max mem: 5085
Train: data epoch: [46]  [20/37]  eta: 0:00:09  lr: 0.000003  loss: 0.0241  time: 0.5190  data: 0.0000  max mem: 5085
Train: data epoch: [46]  [36/37]  eta: 0:00:00  lr: 0.000003  loss: 0.0293  time: 0.4263  data: 0.0000  max mem: 5085
Train: data epoch: [46] Total time: 0:00:17 (0.4827 s / it)
2026-08-21 17:26:18,180 [INFO] Qual: EPOCH[46] -> PLCC: 0.908974, SROCC: 0.872900, KROCC: 0.692276, LOSS: 0.172896
2026-08-21 17:26:18,180 [INFO] Align: EPOCH[46] -> PLCC: 0.819168, SROCC: 0.676916, KROCC: 0.499952, LOSS: 0.317529
2026-08-21 17:26:18,181 [INFO] Start training
2026-08-21 17:26:18,486 [INFO] Start training epoch 47, 37 iters per inner epoch.
2026-08-21 17:26:31,983 [INFO] Averaged stats: lr: 0.000002  loss: 0.027594
2026-08-21 17:26:32,058 [INFO] gates: {"epoch": 47, "corr_s9_mean": -0.1556, "corr_s9_std": 0.0728, "corr_s12_mean": 0.0661, "corr_s12_std": 0.0849, "corr_s_global": 0.2647, "corr_f_max_mean": 0.0376}
2026-08-21 17:26:32,058 [INFO] Evaluating on val.
Train: data epoch: [47]  [ 0/37]  eta: 0:00:41  lr: 0.000002  loss: 0.0208  time: 1.1166  data: 0.0001  max mem: 5085
Train: data epoch: [47]  [20/37]  eta: 0:00:06  lr: 0.000002  loss: 0.0231  time: 0.3203  data: 0.0000  max mem: 5085
Train: data epoch: [47]  [36/37]  eta: 0:00:00  lr: 0.000002  loss: 0.0269  time: 0.3715  data: 0.0000  max mem: 5085
Train: data epoch: [47] Total time: 0:00:13 (0.3648 s / it)
2026-08-21 17:26:36,050 [INFO] Qual: EPOCH[47] -> PLCC: 0.908955, SROCC: 0.872846, KROCC: 0.692276, LOSS: 0.172846
2026-08-21 17:26:36,050 [INFO] Align: EPOCH[47] -> PLCC: 0.819167, SROCC: 0.677115, KROCC: 0.500381, LOSS: 0.317471
2026-08-21 17:26:36,051 [INFO] Start training
2026-08-21 17:26:36,379 [INFO] Start training epoch 48, 37 iters per inner epoch.
2026-08-21 17:26:49,738 [INFO] Averaged stats: lr: 0.000001  loss: 0.027505
2026-08-21 17:26:49,827 [INFO] gates: {"epoch": 48, "corr_s9_mean": -0.1526, "corr_s9_std": 0.0743, "corr_s12_mean": 0.0457, "corr_s12_std": 0.0821, "corr_s_global": 0.2613, "corr_f_max_mean": 0.0366}
2026-08-21 17:26:49,827 [INFO] Evaluating on val.
Train: data epoch: [48]  [ 0/37]  eta: 0:00:39  lr: 0.000001  loss: 0.0328  time: 1.0546  data: 0.0001  max mem: 5085
Train: data epoch: [48]  [20/37]  eta: 0:00:06  lr: 0.000001  loss: 0.0342  time: 0.3236  data: 0.0000  max mem: 5085
Train: data epoch: [48]  [36/37]  eta: 0:00:00  lr: 0.000001  loss: 0.0241  time: 0.3648  data: 0.0000  max mem: 5085
Train: data epoch: [48] Total time: 0:00:13 (0.3610 s / it)
2026-08-21 17:26:53,776 [INFO] Qual: EPOCH[48] -> PLCC: 0.908945, SROCC: 0.872888, KROCC: 0.692332, LOSS: 0.172983
2026-08-21 17:26:53,777 [INFO] Align: EPOCH[48] -> PLCC: 0.819004, SROCC: 0.676960, KROCC: 0.500212, LOSS: 0.317782
2026-08-21 17:26:53,778 [INFO] Start training
2026-08-21 17:26:54,105 [INFO] Start training epoch 49, 37 iters per inner epoch.
2026-08-21 17:27:02,143 [INFO] Averaged stats: lr: 0.000001  loss: 0.027236
2026-08-21 17:27:02,236 [INFO] gates: {"epoch": 49, "corr_s9_mean": -0.1602, "corr_s9_std": 0.0745, "corr_s12_mean": 0.067, "corr_s12_std": 0.0867, "corr_s_global": 0.2598, "corr_f_max_mean": 0.0385}
2026-08-21 17:27:02,236 [INFO] Evaluating on val.
Train: data epoch: [49]  [ 0/37]  eta: 0:00:34  lr: 0.000001  loss: 0.0280  time: 0.9459  data: 0.0002  max mem: 5085
Train: data epoch: [49]  [20/37]  eta: 0:00:04  lr: 0.000001  loss: 0.0238  time: 0.2067  data: 0.0000  max mem: 5085
Train: data epoch: [49]  [36/37]  eta: 0:00:00  lr: 0.000001  loss: 0.0246  time: 0.1853  data: 0.0000  max mem: 5085
Train: data epoch: [49] Total time: 0:00:08 (0.2172 s / it)
2026-08-21 17:27:05,272 [INFO] Qual: EPOCH[49] -> PLCC: 0.908936, SROCC: 0.872891, KROCC: 0.692355, LOSS: 0.173008
2026-08-21 17:27:05,272 [INFO] Align: EPOCH[49] -> PLCC: 0.819124, SROCC: 0.677286, KROCC: 0.500550, LOSS: 0.317596
2026-08-21 17:27:05,290 [INFO] Saving checkpoint at epoch 49 to run/20260821170_B2_V12_s4/checkpoint_latest.pth.
[{'agg_metrics': np.float64(4.5548791786291165), 'qual_agg': np.float64(2.416139721818393), 'qual_PLCC': np.float64(0.8964363094634714), 'qual_SROCC': np.float64(0.852645556558427), 'qual_KROCC': np.float64(0.6670578557964946), 'align_agg': np.float64(2.138739456810724), 'align_PLCC': np.float64(0.8569514623061665), 'align_SROCC': np.float64(0.7328471255488496), 'align_KROCC': np.float64(0.5489408689557081)}]
{'agg_metrics': np.float64(4.5548791786291165), 'qual_agg': np.float64(2.416139721818393), 'qual_PLCC': np.float64(0.8964363094634714), 'qual_SROCC': np.float64(0.852645556558427), 'qual_KROCC': np.float64(0.6670578557964946), 'align_agg': np.float64(2.138739456810724), 'align_PLCC': np.float64(0.8569514623061665), 'align_SROCC': np.float64(0.7328471255488496), 'align_KROCC': np.float64(0.5489408689557081)}
