2026-08-21 15:36:20,175 [INFO] Start training
2026-08-21 15:36:20,568 [INFO] number of trainable parameters: 1600163
Not using distributed mode
['msqr_dgmpq_hcmi_v8', 'msqr_dgmpq_mscm_v10', 'msqr_dgmpq_mscm_v11', 'msqr_dgmpq_tcap_v9']
2026-08-21 15:36:21,310 [INFO] Start training epoch 0, 37 iters per inner epoch.
2026-08-21 15:36:49,515 [INFO] Averaged stats: lr: 0.000036  loss: 5.777050
2026-08-21 15:36:49,578 [INFO] gates: {"epoch": 0, "corr_s9_mean": 0.1524, "corr_s9_std": 0.0751, "corr_s12_mean": 0.1404, "corr_s12_std": 0.0521, "corr_s_global": 0.3072, "corr_f_max_mean": 0.0323}
2026-08-21 15:36:49,579 [INFO] Evaluating on val.
Train: data epoch: [0]  [ 0/37]  eta: 0:02:35  lr: 0.000000  loss: 7.1027  time: 4.2070  data: 0.0001  max mem: 9254
Train: data epoch: [0]  [20/37]  eta: 0:00:14  lr: 0.000040  loss: 6.1180  time: 0.6613  data: 0.0000  max mem: 9267
Train: data epoch: [0]  [36/37]  eta: 0:00:00  lr: 0.000072  loss: 3.9481  time: 0.6726  data: 0.0000  max mem: 9267
Train: data epoch: [0] Total time: 0:00:28 (0.7623 s / it)
2026-08-21 15:36:56,754 [INFO] Qual: EPOCH[0] -> PLCC: 0.075686, SROCC: 0.066441, KROCC: 0.045201, LOSS: 5.018198
2026-08-21 15:36:56,755 [INFO] Align: EPOCH[0] -> PLCC: 0.105929, SROCC: 0.113664, KROCC: 0.077393, LOSS: 1.573453
2026-08-21 15:36:56,769 [INFO] Saving checkpoint at epoch 0 to run/20260821153_B2_V11_s4/checkpoint_best.pth.
2026-08-21 15:36:56,845 [INFO] Saving checkpoint at epoch 0 to run/20260821153_B2_V11_s4/checkpoint_best_joint.pth.
2026-08-21 15:36:56,905 [INFO] Start training
2026-08-21 15:36:57,214 [INFO] Start training epoch 1, 37 iters per inner epoch.
2026-08-21 15:37:21,811 [INFO] Averaged stats: lr: 0.000100  loss: 1.514828
2026-08-21 15:37:21,903 [INFO] gates: {"epoch": 1, "corr_s9_mean": 0.2182, "corr_s9_std": 0.0771, "corr_s12_mean": -0.1211, "corr_s12_std": 0.0567, "corr_s_global": 0.2884, "corr_f_max_mean": 0.0291}
2026-08-21 15:37:21,903 [INFO] Evaluating on val.
Train: data epoch: [1]  [ 0/37]  eta: 0:00:36  lr: 0.000100  loss: 3.4384  time: 0.9967  data: 0.0001  max mem: 9267
Train: data epoch: [1]  [20/37]  eta: 0:00:11  lr: 0.000100  loss: 1.0185  time: 0.6405  data: 0.0000  max mem: 9267
Train: data epoch: [1]  [36/37]  eta: 0:00:00  lr: 0.000100  loss: 0.7979  time: 0.6741  data: 0.0000  max mem: 9267
Train: data epoch: [1] Total time: 0:00:24 (0.6648 s / it)
2026-08-21 15:37:29,262 [INFO] Qual: EPOCH[1] -> PLCC: 0.684112, SROCC: 0.631517, KROCC: 0.446763, LOSS: 0.599075
2026-08-21 15:37:29,262 [INFO] Align: EPOCH[1] -> PLCC: 0.781677, SROCC: 0.685526, KROCC: 0.500719, LOSS: 0.656573
2026-08-21 15:37:29,273 [INFO] Saving checkpoint at epoch 1 to run/20260821153_B2_V11_s4/checkpoint_best.pth.
2026-08-21 15:37:29,354 [INFO] Saving checkpoint at epoch 1 to run/20260821153_B2_V11_s4/checkpoint_best_joint.pth.
2026-08-21 15:37:29,429 [INFO] Start training
2026-08-21 15:37:29,700 [INFO] Start training epoch 2, 37 iters per inner epoch.
2026-08-21 15:37:53,693 [INFO] Averaged stats: lr: 0.000100  loss: 0.387793
2026-08-21 15:37:53,770 [INFO] gates: {"epoch": 2, "corr_s9_mean": 0.1317, "corr_s9_std": 0.0581, "corr_s12_mean": -0.1293, "corr_s12_std": 0.1061, "corr_s_global": 0.2877, "corr_f_max_mean": 0.0297}
2026-08-21 15:37:53,770 [INFO] Evaluating on val.
Train: data epoch: [2]  [ 0/37]  eta: 0:00:45  lr: 0.000100  loss: 0.4973  time: 1.2392  data: 0.0001  max mem: 9267
Train: data epoch: [2]  [20/37]  eta: 0:00:10  lr: 0.000100  loss: 0.2841  time: 0.5948  data: 0.0000  max mem: 9267
Train: data epoch: [2]  [36/37]  eta: 0:00:00  lr: 0.000100  loss: 0.3174  time: 0.6763  data: 0.0000  max mem: 9267
Train: data epoch: [2] Total time: 0:00:23 (0.6484 s / it)
2026-08-21 15:38:00,922 [INFO] Qual: EPOCH[2] -> PLCC: 0.868278, SROCC: 0.811699, KROCC: 0.617682, LOSS: 0.244688
2026-08-21 15:38:00,922 [INFO] Align: EPOCH[2] -> PLCC: 0.836438, SROCC: 0.695706, KROCC: 0.510806, LOSS: 0.294580
2026-08-21 15:38:00,935 [INFO] Saving checkpoint at epoch 2 to run/20260821153_B2_V11_s4/checkpoint_best.pth.
2026-08-21 15:38:01,000 [INFO] Saving checkpoint at epoch 2 to run/20260821153_B2_V11_s4/checkpoint_best_joint.pth.
2026-08-21 15:38:01,057 [INFO] Start training
2026-08-21 15:38:01,376 [INFO] Start training epoch 3, 37 iters per inner epoch.
2026-08-21 15:38:25,532 [INFO] Averaged stats: lr: 0.000099  loss: 0.210751
2026-08-21 15:38:25,617 [INFO] gates: {"epoch": 3, "corr_s9_mean": 0.1113, "corr_s9_std": 0.0554, "corr_s12_mean": -0.1436, "corr_s12_std": 0.0946, "corr_s_global": 0.2898, "corr_f_max_mean": 0.0276}
2026-08-21 15:38:25,617 [INFO] Evaluating on val.
Train: data epoch: [3]  [ 0/37]  eta: 0:00:53  lr: 0.000099  loss: 0.2410  time: 1.4324  data: 0.0001  max mem: 9267
Train: data epoch: [3]  [20/37]  eta: 0:00:10  lr: 0.000099  loss: 0.1996  time: 0.5979  data: 0.0000  max mem: 9267
Train: data epoch: [3]  [36/37]  eta: 0:00:00  lr: 0.000099  loss: 0.1585  time: 0.6725  data: 0.0000  max mem: 9267
Train: data epoch: [3] Total time: 0:00:24 (0.6529 s / it)
2026-08-21 15:38:32,505 [INFO] Qual: EPOCH[3] -> PLCC: 0.885411, SROCC: 0.839875, KROCC: 0.650174, LOSS: 0.214475
2026-08-21 15:38:32,505 [INFO] Align: EPOCH[3] -> PLCC: 0.849702, SROCC: 0.720360, KROCC: 0.534145, LOSS: 0.270753
2026-08-21 15:38:32,521 [INFO] Saving checkpoint at epoch 3 to run/20260821153_B2_V11_s4/checkpoint_best.pth.
2026-08-21 15:38:32,613 [INFO] Saving checkpoint at epoch 3 to run/20260821153_B2_V11_s4/checkpoint_best_joint.pth.
2026-08-21 15:38:32,682 [INFO] Start training
2026-08-21 15:38:32,995 [INFO] Start training epoch 4, 37 iters per inner epoch.
2026-08-21 15:38:57,094 [INFO] Averaged stats: lr: 0.000098  loss: 0.170471
2026-08-21 15:38:57,168 [INFO] gates: {"epoch": 4, "corr_s9_mean": 0.108, "corr_s9_std": 0.0596, "corr_s12_mean": -0.1482, "corr_s12_std": 0.087, "corr_s_global": 0.2915, "corr_f_max_mean": 0.0258}
2026-08-21 15:38:57,168 [INFO] Evaluating on val.
Train: data epoch: [4]  [ 0/37]  eta: 0:00:44  lr: 0.000098  loss: 0.1252  time: 1.1952  data: 0.0001  max mem: 9267
Train: data epoch: [4]  [20/37]  eta: 0:00:10  lr: 0.000098  loss: 0.1728  time: 0.6065  data: 0.0000  max mem: 9267
Train: data epoch: [4]  [36/37]  eta: 0:00:00  lr: 0.000098  loss: 0.1856  time: 0.6721  data: 0.0000  max mem: 9267
Train: data epoch: [4] Total time: 0:00:24 (0.6513 s / it)
2026-08-21 15:39:04,824 [INFO] Qual: EPOCH[4] -> PLCC: 0.892377, SROCC: 0.849033, KROCC: 0.661292, LOSS: 0.201370
2026-08-21 15:39:04,825 [INFO] Align: EPOCH[4] -> PLCC: 0.850163, SROCC: 0.717643, KROCC: 0.532423, LOSS: 0.263488
2026-08-21 15:39:04,840 [INFO] Saving checkpoint at epoch 4 to run/20260821153_B2_V11_s4/checkpoint_best.pth.
2026-08-21 15:39:04,938 [INFO] Saving checkpoint at epoch 4 to run/20260821153_B2_V11_s4/checkpoint_best_joint.pth.
2026-08-21 15:39:05,013 [INFO] Start training
2026-08-21 15:39:05,342 [INFO] Start training epoch 5, 37 iters per inner epoch.
2026-08-21 15:39:29,820 [INFO] Averaged stats: lr: 0.000098  loss: 0.142500
2026-08-21 15:39:29,917 [INFO] gates: {"epoch": 5, "corr_s9_mean": 0.0848, "corr_s9_std": 0.0593, "corr_s12_mean": -0.1486, "corr_s12_std": 0.0803, "corr_s_global": 0.2873, "corr_f_max_mean": 0.0252}
2026-08-21 15:39:29,917 [INFO] Evaluating on val.
Train: data epoch: [5]  [ 0/37]  eta: 0:00:50  lr: 0.000098  loss: 0.1947  time: 1.3625  data: 0.0002  max mem: 9267
Train: data epoch: [5]  [20/37]  eta: 0:00:11  lr: 0.000098  loss: 0.1316  time: 0.6145  data: 0.0000  max mem: 9267
Train: data epoch: [5]  [36/37]  eta: 0:00:00  lr: 0.000098  loss: 0.1234  time: 0.6789  data: 0.0000  max mem: 9267
Train: data epoch: [5] Total time: 0:00:24 (0.6615 s / it)
2026-08-21 15:39:37,889 [INFO] Qual: EPOCH[5] -> PLCC: 0.895997, SROCC: 0.853958, KROCC: 0.667554, LOSS: 0.198909
2026-08-21 15:39:37,889 [INFO] Align: EPOCH[5] -> PLCC: 0.850109, SROCC: 0.717401, KROCC: 0.533021, LOSS: 0.265163
2026-08-21 15:39:37,902 [INFO] Saving checkpoint at epoch 5 to run/20260821153_B2_V11_s4/checkpoint_best.pth.
2026-08-21 15:39:37,977 [INFO] Saving checkpoint at epoch 5 to run/20260821153_B2_V11_s4/checkpoint_best_joint.pth.
2026-08-21 15:39:38,043 [INFO] Start training
2026-08-21 15:39:38,360 [INFO] Start training epoch 6, 37 iters per inner epoch.
2026-08-21 15:40:03,640 [INFO] Averaged stats: lr: 0.000097  loss: 0.116487
2026-08-21 15:40:03,723 [INFO] gates: {"epoch": 6, "corr_s9_mean": 0.0633, "corr_s9_std": 0.0571, "corr_s12_mean": -0.1598, "corr_s12_std": 0.0815, "corr_s_global": 0.2898, "corr_f_max_mean": 0.0242}
2026-08-21 15:40:03,723 [INFO] Evaluating on val.
Train: data epoch: [6]  [ 0/37]  eta: 0:01:10  lr: 0.000097  loss: 0.1117  time: 1.9053  data: 0.0001  max mem: 9267
Train: data epoch: [6]  [20/37]  eta: 0:00:11  lr: 0.000097  loss: 0.0851  time: 0.6247  data: 0.0000  max mem: 9267
Train: data epoch: [6]  [36/37]  eta: 0:00:00  lr: 0.000097  loss: 0.1052  time: 0.6795  data: 0.0000  max mem: 9267
Train: data epoch: [6] Total time: 0:00:25 (0.6832 s / it)
2026-08-21 15:40:11,734 [INFO] Qual: EPOCH[6] -> PLCC: 0.897715, SROCC: 0.855996, KROCC: 0.671109, LOSS: 0.191459
2026-08-21 15:40:11,734 [INFO] Align: EPOCH[6] -> PLCC: 0.848561, SROCC: 0.715400, KROCC: 0.532633, LOSS: 0.272516
2026-08-21 15:40:11,749 [INFO] Saving checkpoint at epoch 6 to run/20260821153_B2_V11_s4/checkpoint_best.pth.
2026-08-21 15:40:11,831 [INFO] Saving checkpoint at epoch 6 to run/20260821153_B2_V11_s4/checkpoint_best_joint.pth.
2026-08-21 15:40:11,898 [INFO] Start training
2026-08-21 15:40:12,214 [INFO] Start training epoch 7, 37 iters per inner epoch.
2026-08-21 15:40:35,967 [INFO] Averaged stats: lr: 0.000095  loss: 0.100410
2026-08-21 15:40:36,043 [INFO] gates: {"epoch": 7, "corr_s9_mean": 0.0477, "corr_s9_std": 0.0598, "corr_s12_mean": -0.1168, "corr_s12_std": 0.0868, "corr_s_global": 0.2864, "corr_f_max_mean": 0.0243}
2026-08-21 15:40:36,043 [INFO] Evaluating on val.
Train: data epoch: [7]  [ 0/37]  eta: 0:00:33  lr: 0.000095  loss: 0.0788  time: 0.8997  data: 0.0001  max mem: 9267
Train: data epoch: [7]  [20/37]  eta: 0:00:10  lr: 0.000095  loss: 0.0912  time: 0.6028  data: 0.0000  max mem: 9267
Train: data epoch: [7]  [36/37]  eta: 0:00:00  lr: 0.000095  loss: 0.1114  time: 0.6738  data: 0.0000  max mem: 9267
Train: data epoch: [7] Total time: 0:00:23 (0.6420 s / it)
2026-08-21 15:40:44,002 [INFO] Qual: EPOCH[7] -> PLCC: 0.896489, SROCC: 0.856574, KROCC: 0.671718, LOSS: 0.200081
2026-08-21 15:40:44,002 [INFO] Align: EPOCH[7] -> PLCC: 0.838488, SROCC: 0.700682, KROCC: 0.520385, LOSS: 0.295835
2026-08-21 15:40:44,003 [INFO] Start training
2026-08-21 15:40:44,321 [INFO] Start training epoch 8, 37 iters per inner epoch.
2026-08-21 15:41:08,055 [INFO] Averaged stats: lr: 0.000094  loss: 0.083725
2026-08-21 15:41:08,138 [INFO] gates: {"epoch": 8, "corr_s9_mean": 0.0422, "corr_s9_std": 0.0577, "corr_s12_mean": -0.0898, "corr_s12_std": 0.0865, "corr_s_global": 0.2988, "corr_f_max_mean": 0.0256}
2026-08-21 15:41:08,139 [INFO] Evaluating on val.
Train: data epoch: [8]  [ 0/37]  eta: 0:00:51  lr: 0.000094  loss: 0.0700  time: 1.3864  data: 0.0001  max mem: 9267
Train: data epoch: [8]  [20/37]  eta: 0:00:10  lr: 0.000094  loss: 0.0885  time: 0.5789  data: 0.0000  max mem: 9267
Train: data epoch: [8]  [36/37]  eta: 0:00:00  lr: 0.000094  loss: 0.0807  time: 0.6526  data: 0.0000  max mem: 9267
Train: data epoch: [8] Total time: 0:00:23 (0.6414 s / it)
2026-08-21 15:41:16,075 [INFO] Qual: EPOCH[8] -> PLCC: 0.896980, SROCC: 0.855822, KROCC: 0.670725, LOSS: 0.198773
2026-08-21 15:41:16,076 [INFO] Align: EPOCH[8] -> PLCC: 0.835147, SROCC: 0.694984, KROCC: 0.515646, LOSS: 0.317718
2026-08-21 15:41:16,076 [INFO] Start training
2026-08-21 15:41:16,360 [INFO] Start training epoch 9, 37 iters per inner epoch.
2026-08-21 15:41:40,469 [INFO] Averaged stats: lr: 0.000092  loss: 0.072361
2026-08-21 15:41:40,547 [INFO] gates: {"epoch": 9, "corr_s9_mean": 0.0364, "corr_s9_std": 0.0633, "corr_s12_mean": -0.1385, "corr_s12_std": 0.0827, "corr_s_global": 0.2909, "corr_f_max_mean": 0.0235}
2026-08-21 15:41:40,548 [INFO] Evaluating on val.
Train: data epoch: [9]  [ 0/37]  eta: 0:00:54  lr: 0.000092  loss: 0.0796  time: 1.4858  data: 0.0001  max mem: 9267
Train: data epoch: [9]  [20/37]  eta: 0:00:10  lr: 0.000092  loss: 0.0830  time: 0.5891  data: 0.0000  max mem: 9267
Train: data epoch: [9]  [36/37]  eta: 0:00:00  lr: 0.000092  loss: 0.0713  time: 0.6348  data: 0.0000  max mem: 9267
Train: data epoch: [9] Total time: 0:00:24 (0.6516 s / it)
2026-08-21 15:41:48,582 [INFO] Qual: EPOCH[9] -> PLCC: 0.894966, SROCC: 0.852757, KROCC: 0.667543, LOSS: 0.205219
2026-08-21 15:41:48,582 [INFO] Align: EPOCH[9] -> PLCC: 0.837278, SROCC: 0.701665, KROCC: 0.521615, LOSS: 0.317665
2026-08-21 15:41:48,583 [INFO] Start training
2026-08-21 15:41:48,890 [INFO] Start training epoch 10, 37 iters per inner epoch.
2026-08-21 15:42:12,636 [INFO] Averaged stats: lr: 0.000091  loss: 0.057772
2026-08-21 15:42:12,714 [INFO] gates: {"epoch": 10, "corr_s9_mean": 0.0251, "corr_s9_std": 0.0612, "corr_s12_mean": -0.1585, "corr_s12_std": 0.0841, "corr_s_global": 0.2783, "corr_f_max_mean": 0.0229}
2026-08-21 15:42:12,714 [INFO] Evaluating on val.
Train: data epoch: [10]  [ 0/37]  eta: 0:00:49  lr: 0.000091  loss: 0.0672  time: 1.3481  data: 0.0001  max mem: 9267
Train: data epoch: [10]  [20/37]  eta: 0:00:10  lr: 0.000091  loss: 0.0581  time: 0.5834  data: 0.0000  max mem: 9267
Train: data epoch: [10]  [36/37]  eta: 0:00:00  lr: 0.000091  loss: 0.0563  time: 0.6071  data: 0.0000  max mem: 9267
Train: data epoch: [10] Total time: 0:00:23 (0.6418 s / it)
2026-08-21 15:42:20,750 [INFO] Qual: EPOCH[10] -> PLCC: 0.893297, SROCC: 0.850429, KROCC: 0.664801, LOSS: 0.205843
2026-08-21 15:42:20,750 [INFO] Align: EPOCH[10] -> PLCC: 0.831066, SROCC: 0.695614, KROCC: 0.517079, LOSS: 0.310164
2026-08-21 15:42:20,765 [INFO] Saving checkpoint at epoch 10 to run/20260821153_B2_V11_s4/checkpoint_latest.pth.
2026-08-21 15:42:20,826 [INFO] Start training
2026-08-21 15:42:21,136 [INFO] Start training epoch 11, 37 iters per inner epoch.
2026-08-21 15:42:45,208 [INFO] Averaged stats: lr: 0.000089  loss: 0.051322
2026-08-21 15:42:45,304 [INFO] gates: {"epoch": 11, "corr_s9_mean": 0.0271, "corr_s9_std": 0.0641, "corr_s12_mean": -0.1682, "corr_s12_std": 0.0826, "corr_s_global": 0.2868, "corr_f_max_mean": 0.0233}
2026-08-21 15:42:45,304 [INFO] Evaluating on val.
Train: data epoch: [11]  [ 0/37]  eta: 0:00:54  lr: 0.000089  loss: 0.0501  time: 1.4683  data: 0.0001  max mem: 9267
Train: data epoch: [11]  [20/37]  eta: 0:00:10  lr: 0.000089  loss: 0.0550  time: 0.5917  data: 0.0000  max mem: 9267
Train: data epoch: [11]  [36/37]  eta: 0:00:00  lr: 0.000089  loss: 0.0412  time: 0.6234  data: 0.0000  max mem: 9267
Train: data epoch: [11] Total time: 0:00:24 (0.6506 s / it)
2026-08-21 15:42:53,078 [INFO] Qual: EPOCH[11] -> PLCC: 0.894618, SROCC: 0.850957, KROCC: 0.665997, LOSS: 0.200677
2026-08-21 15:42:53,078 [INFO] Align: EPOCH[11] -> PLCC: 0.835891, SROCC: 0.703676, KROCC: 0.523566, LOSS: 0.301327
2026-08-21 15:42:53,078 [INFO] Start training
2026-08-21 15:42:53,353 [INFO] Start training epoch 12, 37 iters per inner epoch.
2026-08-21 15:43:17,615 [INFO] Averaged stats: lr: 0.000087  loss: 0.042299
2026-08-21 15:43:17,694 [INFO] gates: {"epoch": 12, "corr_s9_mean": 0.0178, "corr_s9_std": 0.0646, "corr_s12_mean": -0.1318, "corr_s12_std": 0.0833, "corr_s_global": 0.29, "corr_f_max_mean": 0.0228}
2026-08-21 15:43:17,694 [INFO] Evaluating on val.
Train: data epoch: [12]  [ 0/37]  eta: 0:00:53  lr: 0.000087  loss: 0.0545  time: 1.4469  data: 0.0001  max mem: 9267
Train: data epoch: [12]  [20/37]  eta: 0:00:11  lr: 0.000087  loss: 0.0499  time: 0.6217  data: 0.0000  max mem: 9267
Train: data epoch: [12]  [36/37]  eta: 0:00:00  lr: 0.000087  loss: 0.0431  time: 0.6335  data: 0.0000  max mem: 9267
Train: data epoch: [12] Total time: 0:00:24 (0.6557 s / it)
2026-08-21 15:43:25,532 [INFO] Qual: EPOCH[12] -> PLCC: 0.892181, SROCC: 0.849967, KROCC: 0.665286, LOSS: 0.209851
2026-08-21 15:43:25,532 [INFO] Align: EPOCH[12] -> PLCC: 0.835467, SROCC: 0.699161, KROCC: 0.519347, LOSS: 0.299959
2026-08-21 15:43:25,533 [INFO] Start training
2026-08-21 15:43:25,847 [INFO] Start training epoch 13, 37 iters per inner epoch.
2026-08-21 15:43:49,889 [INFO] Averaged stats: lr: 0.000084  loss: 0.037677
2026-08-21 15:43:49,968 [INFO] gates: {"epoch": 13, "corr_s9_mean": 0.0112, "corr_s9_std": 0.067, "corr_s12_mean": -0.1645, "corr_s12_std": 0.0771, "corr_s_global": 0.2835, "corr_f_max_mean": 0.0215}
2026-08-21 15:43:49,968 [INFO] Evaluating on val.
Train: data epoch: [13]  [ 0/37]  eta: 0:00:52  lr: 0.000084  loss: 0.0402  time: 1.4235  data: 0.0001  max mem: 9267
Train: data epoch: [13]  [20/37]  eta: 0:00:11  lr: 0.000084  loss: 0.0455  time: 0.6376  data: 0.0000  max mem: 9267
Train: data epoch: [13]  [36/37]  eta: 0:00:00  lr: 0.000084  loss: 0.0298  time: 0.6349  data: 0.0000  max mem: 9267
Train: data epoch: [13] Total time: 0:00:24 (0.6498 s / it)
2026-08-21 15:43:57,913 [INFO] Qual: EPOCH[13] -> PLCC: 0.893766, SROCC: 0.849806, KROCC: 0.665535, LOSS: 0.203111
2026-08-21 15:43:57,914 [INFO] Align: EPOCH[13] -> PLCC: 0.835168, SROCC: 0.704355, KROCC: 0.524367, LOSS: 0.299141
2026-08-21 15:43:57,915 [INFO] Start training
2026-08-21 15:43:58,228 [INFO] Start training epoch 14, 37 iters per inner epoch.
2026-08-21 15:44:22,318 [INFO] Averaged stats: lr: 0.000082  loss: 0.032589
2026-08-21 15:44:22,391 [INFO] gates: {"epoch": 14, "corr_s9_mean": 0.0104, "corr_s9_std": 0.0659, "corr_s12_mean": -0.1416, "corr_s12_std": 0.0825, "corr_s_global": 0.2826, "corr_f_max_mean": 0.0226}
2026-08-21 15:44:22,392 [INFO] Evaluating on val.
Train: data epoch: [14]  [ 0/37]  eta: 0:00:48  lr: 0.000082  loss: 0.0292  time: 1.2988  data: 0.0001  max mem: 9267
Train: data epoch: [14]  [20/37]  eta: 0:00:11  lr: 0.000082  loss: 0.0283  time: 0.6446  data: 0.0000  max mem: 9267
Train: data epoch: [14]  [36/37]  eta: 0:00:00  lr: 0.000082  loss: 0.0401  time: 0.6366  data: 0.0000  max mem: 9267
Train: data epoch: [14] Total time: 0:00:24 (0.6511 s / it)
2026-08-21 15:44:30,378 [INFO] Qual: EPOCH[14] -> PLCC: 0.893469, SROCC: 0.849883, KROCC: 0.664846, LOSS: 0.206393
2026-08-21 15:44:30,378 [INFO] Align: EPOCH[14] -> PLCC: 0.835136, SROCC: 0.703436, KROCC: 0.522856, LOSS: 0.314473
2026-08-21 15:44:30,379 [INFO] Start training
2026-08-21 15:44:30,661 [INFO] Start training epoch 15, 37 iters per inner epoch.
2026-08-21 15:44:54,556 [INFO] Averaged stats: lr: 0.000080  loss: 0.028697
2026-08-21 15:44:54,643 [INFO] gates: {"epoch": 15, "corr_s9_mean": 0.0108, "corr_s9_std": 0.0661, "corr_s12_mean": -0.119, "corr_s12_std": 0.0822, "corr_s_global": 0.29, "corr_f_max_mean": 0.023}
2026-08-21 15:44:54,643 [INFO] Evaluating on val.
Train: data epoch: [15]  [ 0/37]  eta: 0:00:54  lr: 0.000080  loss: 0.0249  time: 1.4678  data: 0.0001  max mem: 9267
Train: data epoch: [15]  [20/37]  eta: 0:00:11  lr: 0.000080  loss: 0.0187  time: 0.6399  data: 0.0000  max mem: 9267
Train: data epoch: [15]  [36/37]  eta: 0:00:00  lr: 0.000080  loss: 0.0219  time: 0.6245  data: 0.0000  max mem: 9267
Train: data epoch: [15] Total time: 0:00:23 (0.6458 s / it)
2026-08-21 15:45:02,622 [INFO] Qual: EPOCH[15] -> PLCC: 0.891529, SROCC: 0.848777, KROCC: 0.663481, LOSS: 0.210676
2026-08-21 15:45:02,622 [INFO] Align: EPOCH[15] -> PLCC: 0.832544, SROCC: 0.702816, KROCC: 0.522107, LOSS: 0.300893
2026-08-21 15:45:02,637 [INFO] Saving checkpoint at epoch 15 to run/20260821153_B2_V11_s4/checkpoint_latest.pth.
2026-08-21 15:45:02,717 [INFO] Start training
2026-08-21 15:45:03,029 [INFO] Start training epoch 16, 37 iters per inner epoch.
2026-08-21 15:45:26,977 [INFO] Averaged stats: lr: 0.000077  loss: 0.026554
2026-08-21 15:45:27,055 [INFO] gates: {"epoch": 16, "corr_s9_mean": 0.0048, "corr_s9_std": 0.0679, "corr_s12_mean": -0.1447, "corr_s12_std": 0.0816, "corr_s_global": 0.2871, "corr_f_max_mean": 0.0226}
2026-08-21 15:45:27,055 [INFO] Evaluating on val.
Train: data epoch: [16]  [ 0/37]  eta: 0:00:47  lr: 0.000077  loss: 0.0257  time: 1.2757  data: 0.0001  max mem: 9267
Train: data epoch: [16]  [20/37]  eta: 0:00:11  lr: 0.000077  loss: 0.0247  time: 0.6388  data: 0.0000  max mem: 9267
Train: data epoch: [16]  [36/37]  eta: 0:00:00  lr: 0.000077  loss: 0.0267  time: 0.6252  data: 0.0000  max mem: 9267
Train: data epoch: [16] Total time: 0:00:23 (0.6472 s / it)
2026-08-21 15:45:35,049 [INFO] Qual: EPOCH[16] -> PLCC: 0.892605, SROCC: 0.849022, KROCC: 0.664023, LOSS: 0.205454
2026-08-21 15:45:35,049 [INFO] Align: EPOCH[16] -> PLCC: 0.834743, SROCC: 0.704455, KROCC: 0.523747, LOSS: 0.308533
2026-08-21 15:45:35,050 [INFO] Start training
2026-08-21 15:45:35,364 [INFO] Start training epoch 17, 37 iters per inner epoch.
2026-08-21 15:46:00,013 [INFO] Averaged stats: lr: 0.000074  loss: 0.024614
2026-08-21 15:46:00,097 [INFO] gates: {"epoch": 17, "corr_s9_mean": 0.0103, "corr_s9_std": 0.0682, "corr_s12_mean": -0.1516, "corr_s12_std": 0.079, "corr_s_global": 0.28, "corr_f_max_mean": 0.0221}
2026-08-21 15:46:00,097 [INFO] Evaluating on val.
Train: data epoch: [17]  [ 0/37]  eta: 0:00:51  lr: 0.000074  loss: 0.0204  time: 1.3965  data: 0.0001  max mem: 9267
Train: data epoch: [17]  [20/37]  eta: 0:00:11  lr: 0.000074  loss: 0.0225  time: 0.6526  data: 0.0000  max mem: 9267
Train: data epoch: [17]  [36/37]  eta: 0:00:00  lr: 0.000074  loss: 0.0224  time: 0.6371  data: 0.0000  max mem: 9267
Train: data epoch: [17] Total time: 0:00:24 (0.6662 s / it)
2026-08-21 15:46:07,966 [INFO] Qual: EPOCH[17] -> PLCC: 0.893874, SROCC: 0.848950, KROCC: 0.663639, LOSS: 0.202251
2026-08-21 15:46:07,966 [INFO] Align: EPOCH[17] -> PLCC: 0.835307, SROCC: 0.708638, KROCC: 0.527346, LOSS: 0.298367
2026-08-21 15:46:07,967 [INFO] Start training
2026-08-21 15:46:08,281 [INFO] Start training epoch 18, 37 iters per inner epoch.
2026-08-21 15:46:31,922 [INFO] Averaged stats: lr: 0.000072  loss: 0.021926
2026-08-21 15:46:32,010 [INFO] gates: {"epoch": 18, "corr_s9_mean": 0.0081, "corr_s9_std": 0.0689, "corr_s12_mean": -0.1261, "corr_s12_std": 0.0857, "corr_s_global": 0.2898, "corr_f_max_mean": 0.0233}
2026-08-21 15:46:32,010 [INFO] Evaluating on val.
Train: data epoch: [18]  [ 0/37]  eta: 0:00:48  lr: 0.000072  loss: 0.0238  time: 1.3094  data: 0.0001  max mem: 9267
Train: data epoch: [18]  [20/37]  eta: 0:00:11  lr: 0.000072  loss: 0.0230  time: 0.6195  data: 0.0000  max mem: 9267
Train: data epoch: [18]  [36/37]  eta: 0:00:00  lr: 0.000072  loss: 0.0259  time: 0.5968  data: 0.0000  max mem: 9267
Train: data epoch: [18] Total time: 0:00:23 (0.6389 s / it)
2026-08-21 15:46:39,960 [INFO] Qual: EPOCH[18] -> PLCC: 0.893139, SROCC: 0.847313, KROCC: 0.661653, LOSS: 0.207797
2026-08-21 15:46:39,960 [INFO] Align: EPOCH[18] -> PLCC: 0.834676, SROCC: 0.705847, KROCC: 0.525428, LOSS: 0.300425
2026-08-21 15:46:39,961 [INFO] Start training
2026-08-21 15:46:40,251 [INFO] Start training epoch 19, 37 iters per inner epoch.
2026-08-21 15:47:04,326 [INFO] Averaged stats: lr: 0.000069  loss: 0.021056
2026-08-21 15:47:04,403 [INFO] gates: {"epoch": 19, "corr_s9_mean": 0.0086, "corr_s9_std": 0.0689, "corr_s12_mean": -0.1375, "corr_s12_std": 0.0807, "corr_s_global": 0.286, "corr_f_max_mean": 0.0223}
2026-08-21 15:47:04,403 [INFO] Evaluating on val.
Train: data epoch: [19]  [ 0/37]  eta: 0:00:53  lr: 0.000069  loss: 0.0173  time: 1.4583  data: 0.0001  max mem: 9267
Train: data epoch: [19]  [20/37]  eta: 0:00:11  lr: 0.000069  loss: 0.0194  time: 0.6376  data: 0.0000  max mem: 9267
Train: data epoch: [19]  [36/37]  eta: 0:00:00  lr: 0.000069  loss: 0.0193  time: 0.5852  data: 0.0000  max mem: 9267
Train: data epoch: [19] Total time: 0:00:24 (0.6506 s / it)
2026-08-21 15:47:12,236 [INFO] Qual: EPOCH[19] -> PLCC: 0.893356, SROCC: 0.850141, KROCC: 0.664440, LOSS: 0.206642
2026-08-21 15:47:12,236 [INFO] Align: EPOCH[19] -> PLCC: 0.833540, SROCC: 0.703086, KROCC: 0.522348, LOSS: 0.301121
2026-08-21 15:47:12,237 [INFO] Start training
2026-08-21 15:47:12,554 [INFO] Start training epoch 20, 37 iters per inner epoch.
2026-08-21 15:47:36,431 [INFO] Averaged stats: lr: 0.000066  loss: 0.019727
2026-08-21 15:47:36,538 [INFO] gates: {"epoch": 20, "corr_s9_mean": 0.0172, "corr_s9_std": 0.0646, "corr_s12_mean": -0.1219, "corr_s12_std": 0.0827, "corr_s_global": 0.2839, "corr_f_max_mean": 0.023}
2026-08-21 15:47:36,538 [INFO] Evaluating on val.
Train: data epoch: [20]  [ 0/37]  eta: 0:00:48  lr: 0.000066  loss: 0.0152  time: 1.3068  data: 0.0001  max mem: 9267
Train: data epoch: [20]  [20/37]  eta: 0:00:11  lr: 0.000066  loss: 0.0178  time: 0.6484  data: 0.0000  max mem: 9267
Train: data epoch: [20]  [36/37]  eta: 0:00:00  lr: 0.000066  loss: 0.0218  time: 0.5919  data: 0.0000  max mem: 9267
Train: data epoch: [20] Total time: 0:00:23 (0.6453 s / it)
2026-08-21 15:47:44,547 [INFO] Qual: EPOCH[20] -> PLCC: 0.892846, SROCC: 0.847708, KROCC: 0.661913, LOSS: 0.205448
2026-08-21 15:47:44,548 [INFO] Align: EPOCH[20] -> PLCC: 0.835716, SROCC: 0.707942, KROCC: 0.527741, LOSS: 0.301777
2026-08-21 15:47:44,561 [INFO] Saving checkpoint at epoch 20 to run/20260821153_B2_V11_s4/checkpoint_latest.pth.
2026-08-21 15:47:44,616 [INFO] Start training
2026-08-21 15:47:44,923 [INFO] Start training epoch 21, 37 iters per inner epoch.
2026-08-21 15:48:08,802 [INFO] Averaged stats: lr: 0.000063  loss: 0.019176
2026-08-21 15:48:08,926 [INFO] gates: {"epoch": 21, "corr_s9_mean": -0.0012, "corr_s9_std": 0.0665, "corr_s12_mean": -0.1478, "corr_s12_std": 0.0828, "corr_s_global": 0.2903, "corr_f_max_mean": 0.0224}
2026-08-21 15:48:08,926 [INFO] Evaluating on val.
Train: data epoch: [21]  [ 0/37]  eta: 0:00:49  lr: 0.000063  loss: 0.0189  time: 1.3507  data: 0.0002  max mem: 9267
Train: data epoch: [21]  [20/37]  eta: 0:00:11  lr: 0.000063  loss: 0.0151  time: 0.6609  data: 0.0000  max mem: 9267
Train: data epoch: [21]  [36/37]  eta: 0:00:00  lr: 0.000063  loss: 0.0133  time: 0.5833  data: 0.0000  max mem: 9267
Train: data epoch: [21] Total time: 0:00:23 (0.6453 s / it)
2026-08-21 15:48:17,017 [INFO] Qual: EPOCH[21] -> PLCC: 0.890526, SROCC: 0.846168, KROCC: 0.660198, LOSS: 0.210626
2026-08-21 15:48:17,017 [INFO] Align: EPOCH[21] -> PLCC: 0.832213, SROCC: 0.706122, KROCC: 0.525067, LOSS: 0.303733
2026-08-21 15:48:17,018 [INFO] Start training
2026-08-21 15:48:17,288 [INFO] Start training epoch 22, 37 iters per inner epoch.
2026-08-21 15:48:41,333 [INFO] Averaged stats: lr: 0.000060  loss: 0.017109
2026-08-21 15:48:41,443 [INFO] gates: {"epoch": 22, "corr_s9_mean": 0.0042, "corr_s9_std": 0.068, "corr_s12_mean": -0.1453, "corr_s12_std": 0.0806, "corr_s_global": 0.28, "corr_f_max_mean": 0.0226}
2026-08-21 15:48:41,444 [INFO] Evaluating on val.
Train: data epoch: [22]  [ 0/37]  eta: 0:00:43  lr: 0.000060  loss: 0.0193  time: 1.1732  data: 0.0001  max mem: 9267
Train: data epoch: [22]  [20/37]  eta: 0:00:11  lr: 0.000060  loss: 0.0192  time: 0.6758  data: 0.0000  max mem: 9267
Train: data epoch: [22]  [36/37]  eta: 0:00:00  lr: 0.000060  loss: 0.0137  time: 0.6030  data: 0.0000  max mem: 9267
Train: data epoch: [22] Total time: 0:00:24 (0.6498 s / it)
2026-08-21 15:48:49,728 [INFO] Qual: EPOCH[22] -> PLCC: 0.888315, SROCC: 0.842769, KROCC: 0.656531, LOSS: 0.215666
2026-08-21 15:48:49,729 [INFO] Align: EPOCH[22] -> PLCC: 0.830076, SROCC: 0.696353, KROCC: 0.516154, LOSS: 0.306997
2026-08-21 15:48:49,730 [INFO] Start training
2026-08-21 15:48:50,045 [INFO] Start training epoch 23, 37 iters per inner epoch.
2026-08-21 15:49:14,532 [INFO] Averaged stats: lr: 0.000057  loss: 0.017116
2026-08-21 15:49:14,665 [INFO] gates: {"epoch": 23, "corr_s9_mean": 0.0088, "corr_s9_std": 0.0682, "corr_s12_mean": -0.1435, "corr_s12_std": 0.0801, "corr_s_global": 0.2837, "corr_f_max_mean": 0.0226}
2026-08-21 15:49:14,705 [INFO] Evaluating on val.
Train: data epoch: [23]  [ 0/37]  eta: 0:00:52  lr: 0.000057  loss: 0.0182  time: 1.4187  data: 0.0002  max mem: 9267
Train: data epoch: [23]  [20/37]  eta: 0:00:12  lr: 0.000057  loss: 0.0167  time: 0.6837  data: 0.0000  max mem: 9267
Train: data epoch: [23]  [36/37]  eta: 0:00:00  lr: 0.000057  loss: 0.0159  time: 0.6048  data: 0.0000  max mem: 9267
Train: data epoch: [23] Total time: 0:00:24 (0.6618 s / it)
2026-08-21 15:49:22,975 [INFO] Qual: EPOCH[23] -> PLCC: 0.890851, SROCC: 0.847718, KROCC: 0.662116, LOSS: 0.211544
2026-08-21 15:49:22,975 [INFO] Align: EPOCH[23] -> PLCC: 0.835036, SROCC: 0.709224, KROCC: 0.528294, LOSS: 0.306793
2026-08-21 15:49:22,976 [INFO] Start training
2026-08-21 15:49:23,266 [INFO] Start training epoch 24, 37 iters per inner epoch.
2026-08-21 15:49:47,518 [INFO] Averaged stats: lr: 0.000054  loss: 0.015743
2026-08-21 15:49:47,631 [INFO] gates: {"epoch": 24, "corr_s9_mean": 0.0087, "corr_s9_std": 0.0684, "corr_s12_mean": -0.1322, "corr_s12_std": 0.0831, "corr_s_global": 0.2872, "corr_f_max_mean": 0.0231}
2026-08-21 15:49:47,632 [INFO] Evaluating on val.
Train: data epoch: [24]  [ 0/37]  eta: 0:00:47  lr: 0.000054  loss: 0.0155  time: 1.2904  data: 0.0001  max mem: 9267
Train: data epoch: [24]  [20/37]  eta: 0:00:12  lr: 0.000054  loss: 0.0139  time: 0.6773  data: 0.0000  max mem: 9267
Train: data epoch: [24]  [36/37]  eta: 0:00:00  lr: 0.000054  loss: 0.0194  time: 0.6048  data: 0.0000  max mem: 9267
Train: data epoch: [24] Total time: 0:00:24 (0.6555 s / it)
2026-08-21 15:49:55,998 [INFO] Qual: EPOCH[24] -> PLCC: 0.888910, SROCC: 0.844923, KROCC: 0.658460, LOSS: 0.216025
2026-08-21 15:49:55,998 [INFO] Align: EPOCH[24] -> PLCC: 0.832784, SROCC: 0.702713, KROCC: 0.522765, LOSS: 0.304125
2026-08-21 15:49:55,999 [INFO] Start training
2026-08-21 15:49:56,318 [INFO] Start training epoch 25, 37 iters per inner epoch.
2026-08-21 15:50:20,583 [INFO] Averaged stats: lr: 0.000050  loss: 0.015910
2026-08-21 15:50:20,664 [INFO] gates: {"epoch": 25, "corr_s9_mean": -0.0005, "corr_s9_std": 0.0676, "corr_s12_mean": -0.1152, "corr_s12_std": 0.0867, "corr_s_global": 0.2881, "corr_f_max_mean": 0.0241}
2026-08-21 15:50:20,665 [INFO] Evaluating on val.
Train: data epoch: [25]  [ 0/37]  eta: 0:00:51  lr: 0.000051  loss: 0.0141  time: 1.3960  data: 0.0001  max mem: 9267
Train: data epoch: [25]  [20/37]  eta: 0:00:12  lr: 0.000051  loss: 0.0160  time: 0.6805  data: 0.0000  max mem: 9267
Train: data epoch: [25]  [36/37]  eta: 0:00:00  lr: 0.000051  loss: 0.0172  time: 0.5984  data: 0.0000  max mem: 9267
Train: data epoch: [25] Total time: 0:00:24 (0.6558 s / it)
2026-08-21 15:50:28,900 [INFO] Qual: EPOCH[25] -> PLCC: 0.889898, SROCC: 0.844336, KROCC: 0.657681, LOSS: 0.211626
2026-08-21 15:50:28,900 [INFO] Align: EPOCH[25] -> PLCC: 0.834659, SROCC: 0.704015, KROCC: 0.523668, LOSS: 0.301073
2026-08-21 15:50:28,913 [INFO] Saving checkpoint at epoch 25 to run/20260821153_B2_V11_s4/checkpoint_latest.pth.
2026-08-21 15:50:28,980 [INFO] Start training
2026-08-21 15:50:29,272 [INFO] Start training epoch 26, 37 iters per inner epoch.
2026-08-21 15:50:54,112 [INFO] Averaged stats: lr: 0.000047  loss: 0.014251
2026-08-21 15:50:54,197 [INFO] gates: {"epoch": 26, "corr_s9_mean": 0.0054, "corr_s9_std": 0.0668, "corr_s12_mean": -0.1274, "corr_s12_std": 0.0853, "corr_s_global": 0.2917, "corr_f_max_mean": 0.0228}
2026-08-21 15:50:54,197 [INFO] Evaluating on val.
Train: data epoch: [26]  [ 0/37]  eta: 0:00:47  lr: 0.000047  loss: 0.0123  time: 1.2871  data: 0.0002  max mem: 9267
Train: data epoch: [26]  [20/37]  eta: 0:00:11  lr: 0.000047  loss: 0.0139  time: 0.6761  data: 0.0000  max mem: 9267
Train: data epoch: [26]  [36/37]  eta: 0:00:00  lr: 0.000047  loss: 0.0131  time: 0.6356  data: 0.0000  max mem: 9267
Train: data epoch: [26] Total time: 0:00:24 (0.6713 s / it)
2026-08-21 15:51:02,482 [INFO] Qual: EPOCH[26] -> PLCC: 0.889774, SROCC: 0.844963, KROCC: 0.658076, LOSS: 0.211001
2026-08-21 15:51:02,482 [INFO] Align: EPOCH[26] -> PLCC: 0.833311, SROCC: 0.704554, KROCC: 0.524367, LOSS: 0.298617
2026-08-21 15:51:02,483 [INFO] Start training
2026-08-21 15:51:02,769 [INFO] Start training epoch 27, 37 iters per inner epoch.
2026-08-21 15:51:27,548 [INFO] Averaged stats: lr: 0.000044  loss: 0.014149
2026-08-21 15:51:27,633 [INFO] gates: {"epoch": 27, "corr_s9_mean": -0.0002, "corr_s9_std": 0.0676, "corr_s12_mean": -0.1278, "corr_s12_std": 0.0845, "corr_s_global": 0.2885, "corr_f_max_mean": 0.0232}
2026-08-21 15:51:27,633 [INFO] Evaluating on val.
Train: data epoch: [27]  [ 0/37]  eta: 0:00:50  lr: 0.000044  loss: 0.0142  time: 1.3608  data: 0.0001  max mem: 9267
Train: data epoch: [27]  [20/37]  eta: 0:00:11  lr: 0.000044  loss: 0.0105  time: 0.6725  data: 0.0000  max mem: 9267
Train: data epoch: [27]  [36/37]  eta: 0:00:00  lr: 0.000044  loss: 0.0161  time: 0.6321  data: 0.0000  max mem: 9267
Train: data epoch: [27] Total time: 0:00:24 (0.6697 s / it)
2026-08-21 15:51:34,673 [INFO] Qual: EPOCH[27] -> PLCC: 0.888434, SROCC: 0.842289, KROCC: 0.655560, LOSS: 0.213675
2026-08-21 15:51:34,674 [INFO] Align: EPOCH[27] -> PLCC: 0.836820, SROCC: 0.708210, KROCC: 0.527466, LOSS: 0.301076
2026-08-21 15:51:34,674 [INFO] Start training
2026-08-21 15:51:34,962 [INFO] Start training epoch 28, 37 iters per inner epoch.
2026-08-21 15:51:59,890 [INFO] Averaged stats: lr: 0.000041  loss: 0.013049
2026-08-21 15:51:59,981 [INFO] gates: {"epoch": 28, "corr_s9_mean": -0.0073, "corr_s9_std": 0.0674, "corr_s12_mean": -0.1516, "corr_s12_std": 0.0795, "corr_s_global": 0.2795, "corr_f_max_mean": 0.0222}
2026-08-21 15:51:59,982 [INFO] Evaluating on val.
Train: data epoch: [28]  [ 0/37]  eta: 0:00:53  lr: 0.000041  loss: 0.0157  time: 1.4546  data: 0.0001  max mem: 9267
Train: data epoch: [28]  [20/37]  eta: 0:00:12  lr: 0.000041  loss: 0.0113  time: 0.6795  data: 0.0000  max mem: 9267
Train: data epoch: [28]  [36/37]  eta: 0:00:00  lr: 0.000041  loss: 0.0136  time: 0.6282  data: 0.0000  max mem: 9267
Train: data epoch: [28] Total time: 0:00:24 (0.6737 s / it)
2026-08-21 15:52:07,194 [INFO] Qual: EPOCH[28] -> PLCC: 0.889630, SROCC: 0.843946, KROCC: 0.657422, LOSS: 0.212496
2026-08-21 15:52:07,194 [INFO] Align: EPOCH[28] -> PLCC: 0.833332, SROCC: 0.705870, KROCC: 0.525688, LOSS: 0.301312
2026-08-21 15:52:07,194 [INFO] Start training
2026-08-21 15:52:07,486 [INFO] Start training epoch 29, 37 iters per inner epoch.
2026-08-21 15:52:32,651 [INFO] Averaged stats: lr: 0.000038  loss: 0.012853
2026-08-21 15:52:32,721 [INFO] gates: {"epoch": 29, "corr_s9_mean": -0.0008, "corr_s9_std": 0.071, "corr_s12_mean": -0.1155, "corr_s12_std": 0.084, "corr_s_global": 0.2857, "corr_f_max_mean": 0.0237}
2026-08-21 15:52:32,721 [INFO] Evaluating on val.
Train: data epoch: [29]  [ 0/37]  eta: 0:01:02  lr: 0.000038  loss: 0.0124  time: 1.6951  data: 0.0001  max mem: 9267
Train: data epoch: [29]  [20/37]  eta: 0:00:12  lr: 0.000038  loss: 0.0135  time: 0.6694  data: 0.0000  max mem: 9267
Train: data epoch: [29]  [36/37]  eta: 0:00:00  lr: 0.000038  loss: 0.0150  time: 0.6381  data: 0.0000  max mem: 9267
Train: data epoch: [29] Total time: 0:00:25 (0.6801 s / it)
2026-08-21 15:52:39,841 [INFO] Qual: EPOCH[29] -> PLCC: 0.888205, SROCC: 0.842664, KROCC: 0.655978, LOSS: 0.213964
2026-08-21 15:52:39,841 [INFO] Align: EPOCH[29] -> PLCC: 0.835082, SROCC: 0.704766, KROCC: 0.524266, LOSS: 0.302207
2026-08-21 15:52:39,841 [INFO] Start training
2026-08-21 15:52:40,127 [INFO] Start training epoch 30, 37 iters per inner epoch.
2026-08-21 15:53:05,126 [INFO] Averaged stats: lr: 0.000035  loss: 0.012483
2026-08-21 15:53:05,208 [INFO] gates: {"epoch": 30, "corr_s9_mean": -0.0035, "corr_s9_std": 0.0713, "corr_s12_mean": -0.1463, "corr_s12_std": 0.0814, "corr_s_global": 0.2782, "corr_f_max_mean": 0.023}
2026-08-21 15:53:05,208 [INFO] Evaluating on val.
Train: data epoch: [30]  [ 0/37]  eta: 0:00:49  lr: 0.000035  loss: 0.0136  time: 1.3417  data: 0.0001  max mem: 9267
Train: data epoch: [30]  [20/37]  eta: 0:00:12  lr: 0.000035  loss: 0.0112  time: 0.6819  data: 0.0000  max mem: 9267
Train: data epoch: [30]  [36/37]  eta: 0:00:00  lr: 0.000035  loss: 0.0111  time: 0.6366  data: 0.0000  max mem: 9267
Train: data epoch: [30] Total time: 0:00:24 (0.6757 s / it)
2026-08-21 15:53:12,017 [INFO] Qual: EPOCH[30] -> PLCC: 0.889633, SROCC: 0.844684, KROCC: 0.658110, LOSS: 0.211520
2026-08-21 15:53:12,017 [INFO] Align: EPOCH[30] -> PLCC: 0.835402, SROCC: 0.708202, KROCC: 0.527572, LOSS: 0.297344
2026-08-21 15:53:12,029 [INFO] Saving checkpoint at epoch 30 to run/20260821153_B2_V11_s4/checkpoint_latest.pth.
2026-08-21 15:53:12,083 [INFO] Start training
2026-08-21 15:53:12,365 [INFO] Start training epoch 31, 37 iters per inner epoch.
2026-08-21 15:53:37,452 [INFO] Averaged stats: lr: 0.000032  loss: 0.012637
2026-08-21 15:53:37,537 [INFO] gates: {"epoch": 31, "corr_s9_mean": 0.0019, "corr_s9_std": 0.0677, "corr_s12_mean": -0.1168, "corr_s12_std": 0.0834, "corr_s_global": 0.2905, "corr_f_max_mean": 0.0234}
2026-08-21 15:53:37,537 [INFO] Evaluating on val.
Train: data epoch: [31]  [ 0/37]  eta: 0:00:48  lr: 0.000032  loss: 0.0150  time: 1.3097  data: 0.0001  max mem: 9267
Train: data epoch: [31]  [20/37]  eta: 0:00:12  lr: 0.000032  loss: 0.0145  time: 0.6853  data: 0.0000  max mem: 9267
Train: data epoch: [31]  [36/37]  eta: 0:00:00  lr: 0.000032  loss: 0.0109  time: 0.6388  data: 0.0000  max mem: 9267
Train: data epoch: [31] Total time: 0:00:25 (0.6780 s / it)
2026-08-21 15:53:44,573 [INFO] Qual: EPOCH[31] -> PLCC: 0.889691, SROCC: 0.845146, KROCC: 0.658223, LOSS: 0.212032
2026-08-21 15:53:44,573 [INFO] Align: EPOCH[31] -> PLCC: 0.835470, SROCC: 0.707924, KROCC: 0.527459, LOSS: 0.300190
2026-08-21 15:53:44,574 [INFO] Start training
2026-08-21 15:53:44,847 [INFO] Start training epoch 32, 37 iters per inner epoch.
2026-08-21 15:54:09,383 [INFO] Averaged stats: lr: 0.000029  loss: 0.011493
2026-08-21 15:54:09,487 [INFO] gates: {"epoch": 32, "corr_s9_mean": 0.0004, "corr_s9_std": 0.0688, "corr_s12_mean": -0.1131, "corr_s12_std": 0.0843, "corr_s_global": 0.2859, "corr_f_max_mean": 0.0239}
2026-08-21 15:54:09,487 [INFO] Evaluating on val.
Train: data epoch: [32]  [ 0/37]  eta: 0:00:53  lr: 0.000029  loss: 0.0096  time: 1.4362  data: 0.0001  max mem: 9267
Train: data epoch: [32]  [20/37]  eta: 0:00:11  lr: 0.000029  loss: 0.0090  time: 0.6683  data: 0.0000  max mem: 9267
Train: data epoch: [32]  [36/37]  eta: 0:00:00  lr: 0.000029  loss: 0.0110  time: 0.6212  data: 0.0000  max mem: 9267
Train: data epoch: [32] Total time: 0:00:24 (0.6631 s / it)
2026-08-21 15:54:16,706 [INFO] Qual: EPOCH[32] -> PLCC: 0.888602, SROCC: 0.843948, KROCC: 0.657546, LOSS: 0.214703
2026-08-21 15:54:16,707 [INFO] Align: EPOCH[32] -> PLCC: 0.835593, SROCC: 0.706641, KROCC: 0.526263, LOSS: 0.298419
2026-08-21 15:54:16,707 [INFO] Start training
2026-08-21 15:54:17,031 [INFO] Start training epoch 33, 37 iters per inner epoch.
2026-08-21 15:54:41,968 [INFO] Averaged stats: lr: 0.000027  loss: 0.011450
2026-08-21 15:54:42,078 [INFO] gates: {"epoch": 33, "corr_s9_mean": -0.0038, "corr_s9_std": 0.0683, "corr_s12_mean": -0.1816, "corr_s12_std": 0.0796, "corr_s_global": 0.2781, "corr_f_max_mean": 0.0221}
2026-08-21 15:54:42,079 [INFO] Evaluating on val.
Train: data epoch: [33]  [ 0/37]  eta: 0:00:45  lr: 0.000027  loss: 0.0111  time: 1.2310  data: 0.0001  max mem: 9267
Train: data epoch: [33]  [20/37]  eta: 0:00:12  lr: 0.000027  loss: 0.0115  time: 0.6892  data: 0.0000  max mem: 9267
Train: data epoch: [33]  [36/37]  eta: 0:00:00  lr: 0.000027  loss: 0.0110  time: 0.6313  data: 0.0000  max mem: 9267
Train: data epoch: [33] Total time: 0:00:24 (0.6740 s / it)
2026-08-21 15:54:49,149 [INFO] Qual: EPOCH[33] -> PLCC: 0.888830, SROCC: 0.844137, KROCC: 0.657648, LOSS: 0.213261
2026-08-21 15:54:49,150 [INFO] Align: EPOCH[33] -> PLCC: 0.835987, SROCC: 0.708286, KROCC: 0.527493, LOSS: 0.295564
2026-08-21 15:54:49,150 [INFO] Start training
2026-08-21 15:54:49,434 [INFO] Start training epoch 34, 37 iters per inner epoch.
2026-08-21 15:55:14,048 [INFO] Averaged stats: lr: 0.000024  loss: 0.011262
2026-08-21 15:55:14,156 [INFO] gates: {"epoch": 34, "corr_s9_mean": -0.0015, "corr_s9_std": 0.0679, "corr_s12_mean": -0.1496, "corr_s12_std": 0.0806, "corr_s_global": 0.2743, "corr_f_max_mean": 0.0224}
2026-08-21 15:55:14,156 [INFO] Evaluating on val.
Train: data epoch: [34]  [ 0/37]  eta: 0:00:50  lr: 0.000024  loss: 0.0103  time: 1.3630  data: 0.0002  max mem: 9267
Train: data epoch: [34]  [20/37]  eta: 0:00:12  lr: 0.000024  loss: 0.0099  time: 0.6733  data: 0.0000  max mem: 9267
Train: data epoch: [34]  [36/37]  eta: 0:00:00  lr: 0.000024  loss: 0.0113  time: 0.6272  data: 0.0000  max mem: 9267
Train: data epoch: [34] Total time: 0:00:24 (0.6652 s / it)
2026-08-21 15:55:21,266 [INFO] Qual: EPOCH[34] -> PLCC: 0.888959, SROCC: 0.844349, KROCC: 0.657839, LOSS: 0.214938
2026-08-21 15:55:21,267 [INFO] Align: EPOCH[34] -> PLCC: 0.835684, SROCC: 0.707674, KROCC: 0.527075, LOSS: 0.299230
2026-08-21 15:55:21,268 [INFO] Start training
2026-08-21 15:55:21,625 [INFO] Start training epoch 35, 37 iters per inner epoch.
2026-08-21 15:55:46,491 [INFO] Averaged stats: lr: 0.000021  loss: 0.011485
2026-08-21 15:55:46,577 [INFO] gates: {"epoch": 35, "corr_s9_mean": 0.002, "corr_s9_std": 0.0691, "corr_s12_mean": -0.1031, "corr_s12_std": 0.0844, "corr_s_global": 0.2971, "corr_f_max_mean": 0.0232}
2026-08-21 15:55:46,577 [INFO] Evaluating on val.
Train: data epoch: [35]  [ 0/37]  eta: 0:00:52  lr: 0.000021  loss: 0.0089  time: 1.4149  data: 0.0002  max mem: 9267
Train: data epoch: [35]  [20/37]  eta: 0:00:12  lr: 0.000021  loss: 0.0138  time: 0.6759  data: 0.0000  max mem: 9267
Train: data epoch: [35]  [36/37]  eta: 0:00:00  lr: 0.000021  loss: 0.0098  time: 0.6327  data: 0.0000  max mem: 9267
Train: data epoch: [35] Total time: 0:00:24 (0.6720 s / it)
2026-08-21 15:55:54,179 [INFO] Qual: EPOCH[35] -> PLCC: 0.888412, SROCC: 0.844677, KROCC: 0.658381, LOSS: 0.216418
2026-08-21 15:55:54,179 [INFO] Align: EPOCH[35] -> PLCC: 0.833455, SROCC: 0.704329, KROCC: 0.524537, LOSS: 0.303621
2026-08-21 15:55:54,219 [INFO] Saving checkpoint at epoch 35 to run/20260821153_B2_V11_s4/checkpoint_latest.pth.
2026-08-21 15:55:54,301 [INFO] Start training
2026-08-21 15:55:54,666 [INFO] Start training epoch 36, 37 iters per inner epoch.
2026-08-21 15:56:20,224 [INFO] Averaged stats: lr: 0.000019  loss: 0.011082
2026-08-21 15:56:20,323 [INFO] gates: {"epoch": 36, "corr_s9_mean": -0.0008, "corr_s9_std": 0.0683, "corr_s12_mean": -0.1733, "corr_s12_std": 0.0782, "corr_s_global": 0.2891, "corr_f_max_mean": 0.0219}
2026-08-21 15:56:20,324 [INFO] Evaluating on val.
Train: data epoch: [36]  [ 0/37]  eta: 0:01:11  lr: 0.000019  loss: 0.0123  time: 1.9255  data: 0.0001  max mem: 9267
Train: data epoch: [36]  [20/37]  eta: 0:00:12  lr: 0.000019  loss: 0.0119  time: 0.6764  data: 0.0000  max mem: 9267
Train: data epoch: [36]  [36/37]  eta: 0:00:00  lr: 0.000019  loss: 0.0099  time: 0.6428  data: 0.0000  max mem: 9267
Train: data epoch: [36] Total time: 0:00:25 (0.6908 s / it)
2026-08-21 15:56:27,862 [INFO] Qual: EPOCH[36] -> PLCC: 0.888515, SROCC: 0.844254, KROCC: 0.657817, LOSS: 0.215865
2026-08-21 15:56:27,862 [INFO] Align: EPOCH[36] -> PLCC: 0.834333, SROCC: 0.707439, KROCC: 0.527278, LOSS: 0.301714
2026-08-21 15:56:27,863 [INFO] Start training
2026-08-21 15:56:28,240 [INFO] Start training epoch 37, 37 iters per inner epoch.
2026-08-21 15:56:53,650 [INFO] Averaged stats: lr: 0.000017  loss: 0.010384
2026-08-21 15:56:53,758 [INFO] gates: {"epoch": 37, "corr_s9_mean": 0.0034, "corr_s9_std": 0.0678, "corr_s12_mean": -0.1362, "corr_s12_std": 0.0802, "corr_s_global": 0.2893, "corr_f_max_mean": 0.0228}
2026-08-21 15:56:53,758 [INFO] Evaluating on val.
Train: data epoch: [37]  [ 0/37]  eta: 0:01:07  lr: 0.000017  loss: 0.0107  time: 1.8320  data: 0.0002  max mem: 9267
Train: data epoch: [37]  [20/37]  eta: 0:00:12  lr: 0.000017  loss: 0.0099  time: 0.6745  data: 0.0000  max mem: 9267
Train: data epoch: [37]  [36/37]  eta: 0:00:00  lr: 0.000017  loss: 0.0110  time: 0.6385  data: 0.0000  max mem: 9267
Train: data epoch: [37] Total time: 0:00:25 (0.6867 s / it)
2026-08-21 15:57:01,230 [INFO] Qual: EPOCH[37] -> PLCC: 0.888496, SROCC: 0.843961, KROCC: 0.657569, LOSS: 0.214032
2026-08-21 15:57:01,231 [INFO] Align: EPOCH[37] -> PLCC: 0.834854, SROCC: 0.707499, KROCC: 0.527233, LOSS: 0.297966
2026-08-21 15:57:01,231 [INFO] Start training
2026-08-21 15:57:01,563 [INFO] Start training epoch 38, 37 iters per inner epoch.
2026-08-21 15:57:26,738 [INFO] Averaged stats: lr: 0.000014  loss: 0.010341
2026-08-21 15:57:26,819 [INFO] gates: {"epoch": 38, "corr_s9_mean": 0.0001, "corr_s9_std": 0.0671, "corr_s12_mean": -0.127, "corr_s12_std": 0.0844, "corr_s_global": 0.2827, "corr_f_max_mean": 0.0231}
2026-08-21 15:57:26,820 [INFO] Evaluating on val.
Train: data epoch: [38]  [ 0/37]  eta: 0:00:56  lr: 0.000014  loss: 0.0106  time: 1.5148  data: 0.0001  max mem: 9267
Train: data epoch: [38]  [20/37]  eta: 0:00:12  lr: 0.000014  loss: 0.0088  time: 0.6732  data: 0.0000  max mem: 9267
Train: data epoch: [38]  [36/37]  eta: 0:00:00  lr: 0.000014  loss: 0.0086  time: 0.6441  data: 0.0000  max mem: 9267
Train: data epoch: [38] Total time: 0:00:25 (0.6804 s / it)
2026-08-21 15:57:34,640 [INFO] Qual: EPOCH[38] -> PLCC: 0.888840, SROCC: 0.844108, KROCC: 0.657625, LOSS: 0.213613
2026-08-21 15:57:34,641 [INFO] Align: EPOCH[38] -> PLCC: 0.835271, SROCC: 0.706887, KROCC: 0.526477, LOSS: 0.298115
2026-08-21 15:57:34,642 [INFO] Start training
2026-08-21 15:57:34,981 [INFO] Start training epoch 39, 37 iters per inner epoch.
2026-08-21 15:58:01,108 [INFO] Averaged stats: lr: 0.000012  loss: 0.010446
2026-08-21 15:58:01,208 [INFO] gates: {"epoch": 39, "corr_s9_mean": -0.0029, "corr_s9_std": 0.0692, "corr_s12_mean": -0.1189, "corr_s12_std": 0.0851, "corr_s_global": 0.2805, "corr_f_max_mean": 0.0236}
2026-08-21 15:58:01,208 [INFO] Evaluating on val.
Train: data epoch: [39]  [ 0/37]  eta: 0:01:22  lr: 0.000012  loss: 0.0122  time: 2.2292  data: 0.0002  max mem: 9267
Train: data epoch: [39]  [20/37]  eta: 0:00:12  lr: 0.000012  loss: 0.0116  time: 0.6764  data: 0.0000  max mem: 9267
Train: data epoch: [39]  [36/37]  eta: 0:00:00  lr: 0.000012  loss: 0.0104  time: 0.6527  data: 0.0000  max mem: 9267
Train: data epoch: [39] Total time: 0:00:26 (0.7061 s / it)
2026-08-21 15:58:09,383 [INFO] Qual: EPOCH[39] -> PLCC: 0.889012, SROCC: 0.844092, KROCC: 0.657907, LOSS: 0.214050
2026-08-21 15:58:09,383 [INFO] Align: EPOCH[39] -> PLCC: 0.835299, SROCC: 0.709026, KROCC: 0.528440, LOSS: 0.299531
2026-08-21 15:58:09,384 [INFO] Start training
2026-08-21 15:58:09,677 [INFO] Start training epoch 40, 37 iters per inner epoch.
2026-08-21 15:58:35,848 [INFO] Averaged stats: lr: 0.000010  loss: 0.009903
2026-08-21 15:58:35,920 [INFO] gates: {"epoch": 40, "corr_s9_mean": -0.0052, "corr_s9_std": 0.0706, "corr_s12_mean": -0.1304, "corr_s12_std": 0.0833, "corr_s_global": 0.2907, "corr_f_max_mean": 0.0236}
2026-08-21 15:58:35,921 [INFO] Evaluating on val.
Train: data epoch: [40]  [ 0/37]  eta: 0:01:00  lr: 0.000010  loss: 0.0125  time: 1.6395  data: 0.0002  max mem: 9267
Train: data epoch: [40]  [20/37]  eta: 0:00:12  lr: 0.000010  loss: 0.0109  time: 0.6852  data: 0.0000  max mem: 9267
Train: data epoch: [40]  [36/37]  eta: 0:00:00  lr: 0.000010  loss: 0.0116  time: 0.6781  data: 0.0000  max mem: 9267
Train: data epoch: [40] Total time: 0:00:26 (0.7073 s / it)
2026-08-21 15:58:44,050 [INFO] Qual: EPOCH[40] -> PLCC: 0.888328, SROCC: 0.843582, KROCC: 0.657557, LOSS: 0.214794
2026-08-21 15:58:44,050 [INFO] Align: EPOCH[40] -> PLCC: 0.834872, SROCC: 0.707477, KROCC: 0.527188, LOSS: 0.298236
2026-08-21 15:58:44,062 [INFO] Saving checkpoint at epoch 40 to run/20260821153_B2_V11_s4/checkpoint_latest.pth.
2026-08-21 15:58:44,128 [INFO] Start training
2026-08-21 15:58:44,412 [INFO] Start training epoch 41, 37 iters per inner epoch.
2026-08-21 15:59:10,905 [INFO] Averaged stats: lr: 0.000009  loss: 0.009512
2026-08-21 15:59:10,982 [INFO] gates: {"epoch": 41, "corr_s9_mean": 0.0003, "corr_s9_std": 0.0684, "corr_s12_mean": -0.1348, "corr_s12_std": 0.0826, "corr_s_global": 0.2869, "corr_f_max_mean": 0.0228}
2026-08-21 15:59:10,982 [INFO] Evaluating on val.
Train: data epoch: [41]  [ 0/37]  eta: 0:01:21  lr: 0.000009  loss: 0.0096  time: 2.1956  data: 0.0001  max mem: 9267
Train: data epoch: [41]  [20/37]  eta: 0:00:12  lr: 0.000009  loss: 0.0096  time: 0.6761  data: 0.0000  max mem: 9267
Train: data epoch: [41]  [36/37]  eta: 0:00:00  lr: 0.000009  loss: 0.0090  time: 0.6754  data: 0.0000  max mem: 9267
Train: data epoch: [41] Total time: 0:00:26 (0.7160 s / it)
2026-08-21 15:59:19,343 [INFO] Qual: EPOCH[41] -> PLCC: 0.888856, SROCC: 0.844040, KROCC: 0.657828, LOSS: 0.213712
2026-08-21 15:59:19,343 [INFO] Align: EPOCH[41] -> PLCC: 0.834935, SROCC: 0.706920, KROCC: 0.526421, LOSS: 0.299329
2026-08-21 15:59:19,344 [INFO] Start training
2026-08-21 15:59:19,660 [INFO] Start training epoch 42, 37 iters per inner epoch.
2026-08-21 15:59:46,095 [INFO] Averaged stats: lr: 0.000007  loss: 0.009873
2026-08-21 15:59:46,172 [INFO] gates: {"epoch": 42, "corr_s9_mean": -0.0059, "corr_s9_std": 0.0701, "corr_s12_mean": -0.1269, "corr_s12_std": 0.0835, "corr_s_global": 0.2919, "corr_f_max_mean": 0.023}
2026-08-21 15:59:46,172 [INFO] Evaluating on val.
Train: data epoch: [42]  [ 0/37]  eta: 0:01:17  lr: 0.000007  loss: 0.0076  time: 2.0860  data: 0.0001  max mem: 9267
Train: data epoch: [42]  [20/37]  eta: 0:00:12  lr: 0.000007  loss: 0.0102  time: 0.6785  data: 0.0000  max mem: 9267
Train: data epoch: [42]  [36/37]  eta: 0:00:00  lr: 0.000007  loss: 0.0090  time: 0.6743  data: 0.0000  max mem: 9267
Train: data epoch: [42] Total time: 0:00:26 (0.7144 s / it)
2026-08-21 15:59:54,267 [INFO] Qual: EPOCH[42] -> PLCC: 0.888940, SROCC: 0.844717, KROCC: 0.658471, LOSS: 0.214756
2026-08-21 15:59:54,267 [INFO] Align: EPOCH[42] -> PLCC: 0.834670, SROCC: 0.706344, KROCC: 0.526060, LOSS: 0.301201
2026-08-21 15:59:54,268 [INFO] Start training
2026-08-21 15:59:54,582 [INFO] Start training epoch 43, 37 iters per inner epoch.
2026-08-21 16:00:20,846 [INFO] Averaged stats: lr: 0.000006  loss: 0.009622
2026-08-21 16:00:20,932 [INFO] gates: {"epoch": 43, "corr_s9_mean": 0.0007, "corr_s9_std": 0.0703, "corr_s12_mean": -0.1491, "corr_s12_std": 0.0806, "corr_s_global": 0.2888, "corr_f_max_mean": 0.0227}
2026-08-21 16:00:20,932 [INFO] Evaluating on val.
Train: data epoch: [43]  [ 0/37]  eta: 0:01:09  lr: 0.000006  loss: 0.0096  time: 1.8724  data: 0.0002  max mem: 9267
Train: data epoch: [43]  [20/37]  eta: 0:00:12  lr: 0.000006  loss: 0.0084  time: 0.6812  data: 0.0000  max mem: 9267
Train: data epoch: [43]  [36/37]  eta: 0:00:00  lr: 0.000006  loss: 0.0099  time: 0.6735  data: 0.0000  max mem: 9267
Train: data epoch: [43] Total time: 0:00:26 (0.7098 s / it)
2026-08-21 16:00:28,427 [INFO] Qual: EPOCH[43] -> PLCC: 0.888692, SROCC: 0.844336, KROCC: 0.657960, LOSS: 0.214590
2026-08-21 16:00:28,427 [INFO] Align: EPOCH[43] -> PLCC: 0.834655, SROCC: 0.706188, KROCC: 0.525970, LOSS: 0.298833
2026-08-21 16:00:28,428 [INFO] Start training
2026-08-21 16:00:28,714 [INFO] Start training epoch 44, 37 iters per inner epoch.
2026-08-21 16:00:53,188 [INFO] Averaged stats: lr: 0.000004  loss: 0.009474
2026-08-21 16:00:53,279 [INFO] gates: {"epoch": 44, "corr_s9_mean": -0.0037, "corr_s9_std": 0.0684, "corr_s12_mean": -0.1365, "corr_s12_std": 0.0801, "corr_s_global": 0.2803, "corr_f_max_mean": 0.0224}
2026-08-21 16:00:53,279 [INFO] Evaluating on val.
Train: data epoch: [44]  [ 0/37]  eta: 0:00:33  lr: 0.000004  loss: 0.0096  time: 0.8989  data: 0.0001  max mem: 9267
Train: data epoch: [44]  [20/37]  eta: 0:00:11  lr: 0.000004  loss: 0.0093  time: 0.6346  data: 0.0000  max mem: 9267
Train: data epoch: [44]  [36/37]  eta: 0:00:00  lr: 0.000004  loss: 0.0102  time: 0.6790  data: 0.0000  max mem: 9267
Train: data epoch: [44] Total time: 0:00:24 (0.6614 s / it)
2026-08-21 16:01:00,769 [INFO] Qual: EPOCH[44] -> PLCC: 0.888720, SROCC: 0.844203, KROCC: 0.657738, LOSS: 0.214585
2026-08-21 16:01:00,770 [INFO] Align: EPOCH[44] -> PLCC: 0.835171, SROCC: 0.707664, KROCC: 0.526974, LOSS: 0.298494
2026-08-21 16:01:00,770 [INFO] Start training
2026-08-21 16:01:01,081 [INFO] Start training epoch 45, 37 iters per inner epoch.
2026-08-21 16:01:25,691 [INFO] Averaged stats: lr: 0.000003  loss: 0.009498
2026-08-21 16:01:25,785 [INFO] gates: {"epoch": 45, "corr_s9_mean": 0.0024, "corr_s9_std": 0.0693, "corr_s12_mean": -0.1185, "corr_s12_std": 0.082, "corr_s_global": 0.287, "corr_f_max_mean": 0.0232}
2026-08-21 16:01:25,785 [INFO] Evaluating on val.
Train: data epoch: [45]  [ 0/37]  eta: 0:00:53  lr: 0.000003  loss: 0.0087  time: 1.4357  data: 0.0001  max mem: 9267
Train: data epoch: [45]  [20/37]  eta: 0:00:11  lr: 0.000003  loss: 0.0121  time: 0.6182  data: 0.0000  max mem: 9267
Train: data epoch: [45]  [36/37]  eta: 0:00:00  lr: 0.000003  loss: 0.0107  time: 0.6754  data: 0.0000  max mem: 9267
Train: data epoch: [45] Total time: 0:00:24 (0.6651 s / it)
2026-08-21 16:01:32,839 [INFO] Qual: EPOCH[45] -> PLCC: 0.888613, SROCC: 0.844042, KROCC: 0.657523, LOSS: 0.214882
2026-08-21 16:01:32,839 [INFO] Align: EPOCH[45] -> PLCC: 0.834630, SROCC: 0.706465, KROCC: 0.526026, LOSS: 0.299270
2026-08-21 16:01:32,851 [INFO] Saving checkpoint at epoch 45 to run/20260821153_B2_V11_s4/checkpoint_latest.pth.
2026-08-21 16:01:32,913 [INFO] Start training
2026-08-21 16:01:33,196 [INFO] Start training epoch 46, 37 iters per inner epoch.
2026-08-21 16:01:57,912 [INFO] Averaged stats: lr: 0.000003  loss: 0.009588
2026-08-21 16:01:57,998 [INFO] gates: {"epoch": 46, "corr_s9_mean": 0.0005, "corr_s9_std": 0.069, "corr_s12_mean": -0.1415, "corr_s12_std": 0.0818, "corr_s_global": 0.2946, "corr_f_max_mean": 0.0227}
2026-08-21 16:01:57,998 [INFO] Evaluating on val.
Train: data epoch: [46]  [ 0/37]  eta: 0:00:55  lr: 0.000003  loss: 0.0081  time: 1.4975  data: 0.0001  max mem: 9267
Train: data epoch: [46]  [20/37]  eta: 0:00:11  lr: 0.000003  loss: 0.0074  time: 0.6193  data: 0.0000  max mem: 9267
Train: data epoch: [46]  [36/37]  eta: 0:00:00  lr: 0.000003  loss: 0.0095  time: 0.6783  data: 0.0000  max mem: 9267
Train: data epoch: [46] Total time: 0:00:24 (0.6680 s / it)
2026-08-21 16:02:05,334 [INFO] Qual: EPOCH[46] -> PLCC: 0.888705, SROCC: 0.844025, KROCC: 0.657636, LOSS: 0.214478
2026-08-21 16:02:05,335 [INFO] Align: EPOCH[46] -> PLCC: 0.834540, SROCC: 0.706193, KROCC: 0.525857, LOSS: 0.299576
2026-08-21 16:02:05,335 [INFO] Start training
2026-08-21 16:02:05,622 [INFO] Start training epoch 47, 37 iters per inner epoch.
2026-08-21 16:02:30,129 [INFO] Averaged stats: lr: 0.000002  loss: 0.009575
2026-08-21 16:02:30,223 [INFO] gates: {"epoch": 47, "corr_s9_mean": 0.001, "corr_s9_std": 0.0704, "corr_s12_mean": -0.1496, "corr_s12_std": 0.0802, "corr_s_global": 0.2837, "corr_f_max_mean": 0.023}
2026-08-21 16:02:30,223 [INFO] Evaluating on val.
Train: data epoch: [47]  [ 0/37]  eta: 0:00:52  lr: 0.000002  loss: 0.0088  time: 1.4303  data: 0.0001  max mem: 9267
Train: data epoch: [47]  [20/37]  eta: 0:00:11  lr: 0.000002  loss: 0.0151  time: 0.6137  data: 0.0000  max mem: 9267
Train: data epoch: [47]  [36/37]  eta: 0:00:00  lr: 0.000002  loss: 0.0088  time: 0.6760  data: 0.0000  max mem: 9267
Train: data epoch: [47] Total time: 0:00:24 (0.6623 s / it)
2026-08-21 16:02:37,221 [INFO] Qual: EPOCH[47] -> PLCC: 0.888459, SROCC: 0.843902, KROCC: 0.657625, LOSS: 0.215056
2026-08-21 16:02:37,222 [INFO] Align: EPOCH[47] -> PLCC: 0.834354, SROCC: 0.705613, KROCC: 0.525405, LOSS: 0.299561
2026-08-21 16:02:37,222 [INFO] Start training
2026-08-21 16:02:37,535 [INFO] Start training epoch 48, 37 iters per inner epoch.
2026-08-21 16:03:02,075 [INFO] Averaged stats: lr: 0.000001  loss: 0.009372
2026-08-21 16:03:02,154 [INFO] gates: {"epoch": 48, "corr_s9_mean": -0.0126, "corr_s9_std": 0.0679, "corr_s12_mean": -0.1241, "corr_s12_std": 0.0843, "corr_s_global": 0.2919, "corr_f_max_mean": 0.0232}
2026-08-21 16:03:02,154 [INFO] Evaluating on val.
Train: data epoch: [48]  [ 0/37]  eta: 0:00:54  lr: 0.000001  loss: 0.0079  time: 1.4627  data: 0.0001  max mem: 9267
Train: data epoch: [48]  [20/37]  eta: 0:00:11  lr: 0.000001  loss: 0.0105  time: 0.6138  data: 0.0000  max mem: 9267
Train: data epoch: [48]  [36/37]  eta: 0:00:00  lr: 0.000001  loss: 0.0098  time: 0.6746  data: 0.0000  max mem: 9267
Train: data epoch: [48] Total time: 0:00:24 (0.6632 s / it)
2026-08-21 16:03:09,143 [INFO] Qual: EPOCH[48] -> PLCC: 0.888517, SROCC: 0.843920, KROCC: 0.657580, LOSS: 0.214697
2026-08-21 16:03:09,143 [INFO] Align: EPOCH[48] -> PLCC: 0.834434, SROCC: 0.705417, KROCC: 0.525169, LOSS: 0.299428
2026-08-21 16:03:09,144 [INFO] Start training
2026-08-21 16:03:09,483 [INFO] Start training epoch 49, 37 iters per inner epoch.
2026-08-21 16:03:34,472 [INFO] Averaged stats: lr: 0.000001  loss: 0.009410
2026-08-21 16:03:34,556 [INFO] gates: {"epoch": 49, "corr_s9_mean": -0.0038, "corr_s9_std": 0.0698, "corr_s12_mean": -0.152, "corr_s12_std": 0.0813, "corr_s_global": 0.2797, "corr_f_max_mean": 0.0228}
2026-08-21 16:03:34,557 [INFO] Evaluating on val.
Train: data epoch: [49]  [ 0/37]  eta: 0:00:53  lr: 0.000001  loss: 0.0097  time: 1.4439  data: 0.0001  max mem: 9267
Train: data epoch: [49]  [20/37]  eta: 0:00:11  lr: 0.000001  loss: 0.0104  time: 0.6361  data: 0.0000  max mem: 9267
Train: data epoch: [49]  [36/37]  eta: 0:00:00  lr: 0.000001  loss: 0.0099  time: 0.6774  data: 0.0000  max mem: 9267
Train: data epoch: [49] Total time: 0:00:24 (0.6754 s / it)
2026-08-21 16:03:41,863 [INFO] Qual: EPOCH[49] -> PLCC: 0.888456, SROCC: 0.844008, KROCC: 0.657715, LOSS: 0.215007
2026-08-21 16:03:41,864 [INFO] Align: EPOCH[49] -> PLCC: 0.834525, SROCC: 0.705387, KROCC: 0.525214, LOSS: 0.299838
2026-08-21 16:03:41,878 [INFO] Saving checkpoint at epoch 49 to run/20260821153_B2_V11_s4/checkpoint_latest.pth.
[{'agg_metrics': np.float64(4.521412927075415), 'qual_agg': np.float64(2.4248187484432235), 'qual_PLCC': np.float64(0.8977146711743083), 'qual_SROCC': np.float64(0.855995514081718), 'qual_KROCC': np.float64(0.671108563187197), 'align_agg': np.float64(2.0965941786321913), 'align_PLCC': np.float64(0.8485605853263453), 'align_SROCC': np.float64(0.7154001389195104), 'align_KROCC': np.float64(0.532633454386336)}]
{'agg_metrics': np.float64(4.521412927075415), 'qual_agg': np.float64(2.4248187484432235), 'qual_PLCC': np.float64(0.8977146711743083), 'qual_SROCC': np.float64(0.855995514081718), 'qual_KROCC': np.float64(0.671108563187197), 'align_agg': np.float64(2.0965941786321913), 'align_PLCC': np.float64(0.8485605853263453), 'align_SROCC': np.float64(0.7154001389195104), 'align_KROCC': np.float64(0.532633454386336)}
