2026-08-21 16:20:08,655 [INFO] Loaded init weights from init_ckpt/v11_1_init_seed42.pth
2026-08-21 16:20:08,655 [INFO] Start training
2026-08-21 16:20:08,671 [INFO] number of trainable parameters: 2691621
Not using distributed mode
['msqr_dgmpq_hcmi_v8', 'msqr_dgmpq_mscm_v10', 'msqr_dgmpq_mscm_v11', 'msqr_dgmpq_tcap_v9']
2026-08-21 16:20:09,012 [INFO] Start training epoch 0, 37 iters per inner epoch.
2026-08-21 16:20:37,394 [INFO] Averaged stats: lr: 0.000036  loss: 5.895826
2026-08-21 16:20:37,485 [INFO] gates: {"epoch": 0, "corr_s9_mean": 0.0507, "corr_s9_std": 0.0789, "corr_s12_mean": -0.2448, "corr_s12_std": 0.0877, "corr_s_global": 0.2908, "corr_f_max_mean": 0.0312}
2026-08-21 16:20:37,485 [INFO] Evaluating on val.
Train: data epoch: [0]  [ 0/37]  eta: 0:02:27  lr: 0.000000  loss: 6.7933  time: 3.9765  data: 0.0001  max mem: 9839
Train: data epoch: [0]  [20/37]  eta: 0:00:14  lr: 0.000040  loss: 6.6251  time: 0.6722  data: 0.0000  max mem: 9852
Train: data epoch: [0]  [36/37]  eta: 0:00:00  lr: 0.000072  loss: 4.0036  time: 0.6860  data: 0.0000  max mem: 9852
Train: data epoch: [0] Total time: 0:00:28 (0.7670 s / it)
2026-08-21 16:20:45,612 [INFO] Qual: EPOCH[0] -> PLCC: 0.077756, SROCC: 0.065721, KROCC: 0.044005, LOSS: 4.993793
2026-08-21 16:20:45,612 [INFO] Align: EPOCH[0] -> PLCC: 0.031971, SROCC: 0.043276, KROCC: 0.028094, LOSS: 1.742009
2026-08-21 16:20:45,624 [INFO] Saving checkpoint at epoch 0 to run/20260821162_B2_V111_s4/checkpoint_best.pth.
2026-08-21 16:20:45,693 [INFO] Saving checkpoint at epoch 0 to run/20260821162_B2_V111_s4/checkpoint_best_joint.pth.
2026-08-21 16:20:45,751 [INFO] Start training
2026-08-21 16:20:46,019 [INFO] Start training epoch 1, 37 iters per inner epoch.
2026-08-21 16:21:11,303 [INFO] Averaged stats: lr: 0.000100  loss: 1.516137
2026-08-21 16:21:11,390 [INFO] gates: {"epoch": 1, "corr_s9_mean": 0.2464, "corr_s9_std": 0.0882, "corr_s12_mean": -0.3247, "corr_s12_std": 0.1119, "corr_s_global": 0.2768, "corr_f_max_mean": 0.042}
2026-08-21 16:21:11,390 [INFO] Evaluating on val.
Train: data epoch: [1]  [ 0/37]  eta: 0:00:47  lr: 0.000100  loss: 3.9915  time: 1.2914  data: 0.0001  max mem: 9852
Train: data epoch: [1]  [20/37]  eta: 0:00:11  lr: 0.000100  loss: 0.9319  time: 0.6529  data: 0.0000  max mem: 9852
Train: data epoch: [1]  [36/37]  eta: 0:00:00  lr: 0.000100  loss: 0.6822  time: 0.6830  data: 0.0000  max mem: 9852
Train: data epoch: [1] Total time: 0:00:25 (0.6833 s / it)
2026-08-21 16:21:18,663 [INFO] Qual: EPOCH[1] -> PLCC: 0.679590, SROCC: 0.624940, KROCC: 0.441843, LOSS: 0.619395
2026-08-21 16:21:18,664 [INFO] Align: EPOCH[1] -> PLCC: 0.728684, SROCC: 0.634481, KROCC: 0.452532, LOSS: 0.733179
2026-08-21 16:21:18,676 [INFO] Saving checkpoint at epoch 1 to run/20260821162_B2_V111_s4/checkpoint_best.pth.
2026-08-21 16:21:18,760 [INFO] Saving checkpoint at epoch 1 to run/20260821162_B2_V111_s4/checkpoint_best_joint.pth.
2026-08-21 16:21:18,852 [INFO] Start training
2026-08-21 16:21:19,149 [INFO] Start training epoch 2, 37 iters per inner epoch.
2026-08-21 16:21:44,736 [INFO] Averaged stats: lr: 0.000100  loss: 0.424208
2026-08-21 16:21:44,838 [INFO] gates: {"epoch": 2, "corr_s9_mean": 0.2886, "corr_s9_std": 0.1186, "corr_s12_mean": -0.1622, "corr_s12_std": 0.0617, "corr_s_global": 0.2358, "corr_f_max_mean": 0.0378}
2026-08-21 16:21:44,838 [INFO] Evaluating on val.
Train: data epoch: [2]  [ 0/37]  eta: 0:00:44  lr: 0.000100  loss: 0.5860  time: 1.2024  data: 0.0002  max mem: 9852
Train: data epoch: [2]  [20/37]  eta: 0:00:11  lr: 0.000100  loss: 0.3758  time: 0.6682  data: 0.0000  max mem: 9852
Train: data epoch: [2]  [36/37]  eta: 0:00:00  lr: 0.000100  loss: 0.3213  time: 0.6882  data: 0.0000  max mem: 9852
Train: data epoch: [2] Total time: 0:00:25 (0.6915 s / it)
2026-08-21 16:21:52,487 [INFO] Qual: EPOCH[2] -> PLCC: 0.867996, SROCC: 0.802385, KROCC: 0.609174, LOSS: 0.240493
2026-08-21 16:21:52,487 [INFO] Align: EPOCH[2] -> PLCC: 0.809397, SROCC: 0.656033, KROCC: 0.473709, LOSS: 0.319535
2026-08-21 16:21:52,501 [INFO] Saving checkpoint at epoch 2 to run/20260821162_B2_V111_s4/checkpoint_best.pth.
2026-08-21 16:21:52,583 [INFO] Saving checkpoint at epoch 2 to run/20260821162_B2_V111_s4/checkpoint_best_joint.pth.
2026-08-21 16:21:52,650 [INFO] Start training
2026-08-21 16:21:52,918 [INFO] Start training epoch 3, 37 iters per inner epoch.
2026-08-21 16:22:17,788 [INFO] Averaged stats: lr: 0.000099  loss: 0.212615
2026-08-21 16:22:17,889 [INFO] gates: {"epoch": 3, "corr_s9_mean": 0.252, "corr_s9_std": 0.1212, "corr_s12_mean": -0.1355, "corr_s12_std": 0.0545, "corr_s_global": 0.2388, "corr_f_max_mean": 0.0366}
2026-08-21 16:22:17,889 [INFO] Evaluating on val.
Train: data epoch: [3]  [ 0/37]  eta: 0:00:36  lr: 0.000099  loss: 0.1823  time: 0.9941  data: 0.0002  max mem: 9852
Train: data epoch: [3]  [20/37]  eta: 0:00:11  lr: 0.000099  loss: 0.1671  time: 0.6466  data: 0.0000  max mem: 9852
Train: data epoch: [3]  [36/37]  eta: 0:00:00  lr: 0.000099  loss: 0.2008  time: 0.6848  data: 0.0000  max mem: 9852
Train: data epoch: [3] Total time: 0:00:24 (0.6721 s / it)
2026-08-21 16:22:25,318 [INFO] Qual: EPOCH[3] -> PLCC: 0.885997, SROCC: 0.838512, KROCC: 0.648745, LOSS: 0.209666
2026-08-21 16:22:25,318 [INFO] Align: EPOCH[3] -> PLCC: 0.834401, SROCC: 0.682679, KROCC: 0.498767, LOSS: 0.283401
2026-08-21 16:22:25,332 [INFO] Saving checkpoint at epoch 3 to run/20260821162_B2_V111_s4/checkpoint_best.pth.
2026-08-21 16:22:25,404 [INFO] Saving checkpoint at epoch 3 to run/20260821162_B2_V111_s4/checkpoint_best_joint.pth.
2026-08-21 16:22:25,466 [INFO] Start training
2026-08-21 16:22:25,733 [INFO] Start training epoch 4, 37 iters per inner epoch.
2026-08-21 16:22:49,890 [INFO] Averaged stats: lr: 0.000098  loss: 0.166498
2026-08-21 16:22:49,970 [INFO] gates: {"epoch": 4, "corr_s9_mean": 0.2355, "corr_s9_std": 0.1118, "corr_s12_mean": -0.0705, "corr_s12_std": 0.0459, "corr_s_global": 0.2258, "corr_f_max_mean": 0.0348}
2026-08-21 16:22:49,970 [INFO] Evaluating on val.
Train: data epoch: [4]  [ 0/37]  eta: 0:00:32  lr: 0.000098  loss: 0.1925  time: 0.8840  data: 0.0002  max mem: 9852
Train: data epoch: [4]  [20/37]  eta: 0:00:10  lr: 0.000098  loss: 0.1859  time: 0.6179  data: 0.0000  max mem: 9852
Train: data epoch: [4]  [36/37]  eta: 0:00:00  lr: 0.000098  loss: 0.1499  time: 0.6825  data: 0.0000  max mem: 9852
Train: data epoch: [4] Total time: 0:00:24 (0.6529 s / it)
2026-08-21 16:22:57,274 [INFO] Qual: EPOCH[4] -> PLCC: 0.894699, SROCC: 0.851564, KROCC: 0.664429, LOSS: 0.193758
2026-08-21 16:22:57,274 [INFO] Align: EPOCH[4] -> PLCC: 0.840724, SROCC: 0.693538, KROCC: 0.509734, LOSS: 0.277693
2026-08-21 16:22:57,286 [INFO] Saving checkpoint at epoch 4 to run/20260821162_B2_V111_s4/checkpoint_best.pth.
2026-08-21 16:22:57,370 [INFO] Saving checkpoint at epoch 4 to run/20260821162_B2_V111_s4/checkpoint_best_joint.pth.
2026-08-21 16:22:57,439 [INFO] Start training
2026-08-21 16:22:57,730 [INFO] Start training epoch 5, 37 iters per inner epoch.
2026-08-21 16:23:22,791 [INFO] Averaged stats: lr: 0.000098  loss: 0.133422
2026-08-21 16:23:22,875 [INFO] gates: {"epoch": 5, "corr_s9_mean": 0.2495, "corr_s9_std": 0.1047, "corr_s12_mean": -0.0628, "corr_s12_std": 0.0455, "corr_s_global": 0.2325, "corr_f_max_mean": 0.0342}
2026-08-21 16:23:22,876 [INFO] Evaluating on val.
Train: data epoch: [5]  [ 0/37]  eta: 0:00:49  lr: 0.000098  loss: 0.1545  time: 1.3307  data: 0.0001  max mem: 9852
Train: data epoch: [5]  [20/37]  eta: 0:00:11  lr: 0.000098  loss: 0.2008  time: 0.6382  data: 0.0000  max mem: 9852
Train: data epoch: [5]  [36/37]  eta: 0:00:00  lr: 0.000098  loss: 0.1104  time: 0.6860  data: 0.0000  max mem: 9852
Train: data epoch: [5] Total time: 0:00:25 (0.6773 s / it)
2026-08-21 16:23:30,362 [INFO] Qual: EPOCH[5] -> PLCC: 0.896310, SROCC: 0.853857, KROCC: 0.667949, LOSS: 0.194252
2026-08-21 16:23:30,362 [INFO] Align: EPOCH[5] -> PLCC: 0.839118, SROCC: 0.695022, KROCC: 0.510479, LOSS: 0.284441
2026-08-21 16:23:30,378 [INFO] Saving checkpoint at epoch 5 to run/20260821162_B2_V111_s4/checkpoint_best.pth.
2026-08-21 16:23:30,479 [INFO] Saving checkpoint at epoch 5 to run/20260821162_B2_V111_s4/checkpoint_best_joint.pth.
2026-08-21 16:23:30,557 [INFO] Start training
2026-08-21 16:23:30,868 [INFO] Start training epoch 6, 37 iters per inner epoch.
2026-08-21 16:23:55,580 [INFO] Averaged stats: lr: 0.000097  loss: 0.111711
2026-08-21 16:23:55,654 [INFO] gates: {"epoch": 6, "corr_s9_mean": 0.2182, "corr_s9_std": 0.1047, "corr_s12_mean": -0.0539, "corr_s12_std": 0.0455, "corr_s_global": 0.2315, "corr_f_max_mean": 0.0328}
2026-08-21 16:23:55,655 [INFO] Evaluating on val.
Train: data epoch: [6]  [ 0/37]  eta: 0:00:41  lr: 0.000097  loss: 0.1525  time: 1.1177  data: 0.0001  max mem: 9852
Train: data epoch: [6]  [20/37]  eta: 0:00:11  lr: 0.000097  loss: 0.1052  time: 0.6305  data: 0.0000  max mem: 9852
Train: data epoch: [6]  [36/37]  eta: 0:00:00  lr: 0.000097  loss: 0.1371  time: 0.6864  data: 0.0000  max mem: 9852
Train: data epoch: [6] Total time: 0:00:24 (0.6679 s / it)
2026-08-21 16:24:03,215 [INFO] Qual: EPOCH[6] -> PLCC: 0.899204, SROCC: 0.857737, KROCC: 0.672192, LOSS: 0.186962
2026-08-21 16:24:03,215 [INFO] Align: EPOCH[6] -> PLCC: 0.831451, SROCC: 0.677373, KROCC: 0.496646, LOSS: 0.288269
2026-08-21 16:24:03,227 [INFO] Saving checkpoint at epoch 6 to run/20260821162_B2_V111_s4/checkpoint_best.pth.
2026-08-21 16:24:03,299 [INFO] Start training
2026-08-21 16:24:03,560 [INFO] Start training epoch 7, 37 iters per inner epoch.
2026-08-21 16:24:28,454 [INFO] Averaged stats: lr: 0.000095  loss: 0.088985
2026-08-21 16:24:28,537 [INFO] gates: {"epoch": 7, "corr_s9_mean": 0.2318, "corr_s9_std": 0.0947, "corr_s12_mean": -0.0229, "corr_s12_std": 0.0436, "corr_s_global": 0.2384, "corr_f_max_mean": 0.0323}
2026-08-21 16:24:28,538 [INFO] Evaluating on val.
Train: data epoch: [7]  [ 0/37]  eta: 0:00:40  lr: 0.000095  loss: 0.0803  time: 1.0874  data: 0.0001  max mem: 9852
Train: data epoch: [7]  [20/37]  eta: 0:00:11  lr: 0.000095  loss: 0.0595  time: 0.6396  data: 0.0000  max mem: 9852
Train: data epoch: [7]  [36/37]  eta: 0:00:00  lr: 0.000095  loss: 0.0868  time: 0.6883  data: 0.0000  max mem: 9852
Train: data epoch: [7] Total time: 0:00:24 (0.6728 s / it)
2026-08-21 16:24:35,924 [INFO] Qual: EPOCH[7] -> PLCC: 0.900535, SROCC: 0.859552, KROCC: 0.675554, LOSS: 0.185848
2026-08-21 16:24:35,924 [INFO] Align: EPOCH[7] -> PLCC: 0.827203, SROCC: 0.674545, KROCC: 0.494232, LOSS: 0.313706
2026-08-21 16:24:35,940 [INFO] Saving checkpoint at epoch 7 to run/20260821162_B2_V111_s4/checkpoint_best.pth.
2026-08-21 16:24:36,023 [INFO] Start training
2026-08-21 16:24:36,322 [INFO] Start training epoch 8, 37 iters per inner epoch.
2026-08-21 16:25:01,404 [INFO] Averaged stats: lr: 0.000094  loss: 0.071782
2026-08-21 16:25:01,473 [INFO] gates: {"epoch": 8, "corr_s9_mean": 0.2123, "corr_s9_std": 0.0955, "corr_s12_mean": -0.0109, "corr_s12_std": 0.0419, "corr_s_global": 0.2423, "corr_f_max_mean": 0.0315}
2026-08-21 16:25:01,473 [INFO] Evaluating on val.
Train: data epoch: [8]  [ 0/37]  eta: 0:00:41  lr: 0.000094  loss: 0.0759  time: 1.1337  data: 0.0001  max mem: 9852
Train: data epoch: [8]  [20/37]  eta: 0:00:11  lr: 0.000094  loss: 0.0675  time: 0.6465  data: 0.0000  max mem: 9852
Train: data epoch: [8]  [36/37]  eta: 0:00:00  lr: 0.000094  loss: 0.0671  time: 0.6884  data: 0.0000  max mem: 9852
Train: data epoch: [8] Total time: 0:00:25 (0.6779 s / it)
2026-08-21 16:25:08,879 [INFO] Qual: EPOCH[8] -> PLCC: 0.899131, SROCC: 0.858373, KROCC: 0.674573, LOSS: 0.190905
2026-08-21 16:25:08,879 [INFO] Align: EPOCH[8] -> PLCC: 0.823336, SROCC: 0.671861, KROCC: 0.492122, LOSS: 0.313250
2026-08-21 16:25:08,880 [INFO] Start training
2026-08-21 16:25:09,173 [INFO] Start training epoch 9, 37 iters per inner epoch.
2026-08-21 16:25:34,330 [INFO] Averaged stats: lr: 0.000092  loss: 0.059018
2026-08-21 16:25:34,409 [INFO] gates: {"epoch": 9, "corr_s9_mean": 0.2085, "corr_s9_std": 0.0976, "corr_s12_mean": 0.0088, "corr_s12_std": 0.0438, "corr_s_global": 0.2385, "corr_f_max_mean": 0.0317}
2026-08-21 16:25:34,410 [INFO] Evaluating on val.
Train: data epoch: [9]  [ 0/37]  eta: 0:00:38  lr: 0.000092  loss: 0.0467  time: 1.0468  data: 0.0001  max mem: 9852
Train: data epoch: [9]  [20/37]  eta: 0:00:11  lr: 0.000092  loss: 0.0631  time: 0.6509  data: 0.0000  max mem: 9852
Train: data epoch: [9]  [36/37]  eta: 0:00:00  lr: 0.000092  loss: 0.0515  time: 0.6925  data: 0.0000  max mem: 9852
Train: data epoch: [9] Total time: 0:00:25 (0.6799 s / it)
2026-08-21 16:25:41,797 [INFO] Qual: EPOCH[9] -> PLCC: 0.898983, SROCC: 0.857986, KROCC: 0.673952, LOSS: 0.193054
2026-08-21 16:25:41,797 [INFO] Align: EPOCH[9] -> PLCC: 0.818843, SROCC: 0.661720, KROCC: 0.484021, LOSS: 0.324182
2026-08-21 16:25:41,798 [INFO] Start training
2026-08-21 16:25:42,065 [INFO] Start training epoch 10, 37 iters per inner epoch.
2026-08-21 16:26:07,242 [INFO] Averaged stats: lr: 0.000091  loss: 0.048028
2026-08-21 16:26:07,320 [INFO] gates: {"epoch": 10, "corr_s9_mean": 0.2176, "corr_s9_std": 0.0941, "corr_s12_mean": -0.0075, "corr_s12_std": 0.0446, "corr_s_global": 0.2369, "corr_f_max_mean": 0.0315}
2026-08-21 16:26:07,320 [INFO] Evaluating on val.
Train: data epoch: [10]  [ 0/37]  eta: 0:00:42  lr: 0.000091  loss: 0.0476  time: 1.1483  data: 0.0001  max mem: 9852
Train: data epoch: [10]  [20/37]  eta: 0:00:11  lr: 0.000091  loss: 0.0460  time: 0.6515  data: 0.0000  max mem: 9852
Train: data epoch: [10]  [36/37]  eta: 0:00:00  lr: 0.000091  loss: 0.0498  time: 0.6872  data: 0.0000  max mem: 9852
Train: data epoch: [10] Total time: 0:00:25 (0.6804 s / it)
2026-08-21 16:26:14,976 [INFO] Qual: EPOCH[10] -> PLCC: 0.899981, SROCC: 0.859291, KROCC: 0.675870, LOSS: 0.189711
2026-08-21 16:26:14,976 [INFO] Align: EPOCH[10] -> PLCC: 0.817790, SROCC: 0.660147, KROCC: 0.481749, LOSS: 0.326937
2026-08-21 16:26:14,992 [INFO] Saving checkpoint at epoch 10 to run/20260821162_B2_V111_s4/checkpoint_latest.pth.
2026-08-21 16:26:15,050 [INFO] Start training
2026-08-21 16:26:15,314 [INFO] Start training epoch 11, 37 iters per inner epoch.
2026-08-21 16:26:40,241 [INFO] Averaged stats: lr: 0.000089  loss: 0.039332
2026-08-21 16:26:40,326 [INFO] gates: {"epoch": 11, "corr_s9_mean": 0.2404, "corr_s9_std": 0.0906, "corr_s12_mean": 0.0042, "corr_s12_std": 0.0439, "corr_s_global": 0.2284, "corr_f_max_mean": 0.0324}
2026-08-21 16:26:40,327 [INFO] Evaluating on val.
Train: data epoch: [11]  [ 0/37]  eta: 0:00:36  lr: 0.000089  loss: 0.0332  time: 1.0000  data: 0.0002  max mem: 9852
Train: data epoch: [11]  [20/37]  eta: 0:00:11  lr: 0.000089  loss: 0.0500  time: 0.6451  data: 0.0000  max mem: 9852
Train: data epoch: [11]  [36/37]  eta: 0:00:00  lr: 0.000089  loss: 0.0414  time: 0.6901  data: 0.0000  max mem: 9852
Train: data epoch: [11] Total time: 0:00:24 (0.6737 s / it)
2026-08-21 16:26:47,649 [INFO] Qual: EPOCH[11] -> PLCC: 0.897748, SROCC: 0.856374, KROCC: 0.673061, LOSS: 0.198377
2026-08-21 16:26:47,649 [INFO] Align: EPOCH[11] -> PLCC: 0.817015, SROCC: 0.663832, KROCC: 0.484980, LOSS: 0.329981
2026-08-21 16:26:47,650 [INFO] Start training
2026-08-21 16:26:47,884 [INFO] Start training epoch 12, 37 iters per inner epoch.
2026-08-21 16:27:13,146 [INFO] Averaged stats: lr: 0.000087  loss: 0.031772
2026-08-21 16:27:13,221 [INFO] gates: {"epoch": 12, "corr_s9_mean": 0.2169, "corr_s9_std": 0.0906, "corr_s12_mean": -0.01, "corr_s12_std": 0.0477, "corr_s_global": 0.2385, "corr_f_max_mean": 0.031}
2026-08-21 16:27:13,222 [INFO] Evaluating on val.
Train: data epoch: [12]  [ 0/37]  eta: 0:00:38  lr: 0.000087  loss: 0.0316  time: 1.0469  data: 0.0002  max mem: 9852
Train: data epoch: [12]  [20/37]  eta: 0:00:11  lr: 0.000087  loss: 0.0370  time: 0.6593  data: 0.0000  max mem: 9852
Train: data epoch: [12]  [36/37]  eta: 0:00:00  lr: 0.000087  loss: 0.0311  time: 0.6914  data: 0.0000  max mem: 9852
Train: data epoch: [12] Total time: 0:00:25 (0.6828 s / it)
2026-08-21 16:27:20,828 [INFO] Qual: EPOCH[12] -> PLCC: 0.899558, SROCC: 0.857679, KROCC: 0.674606, LOSS: 0.190602
2026-08-21 16:27:20,829 [INFO] Align: EPOCH[12] -> PLCC: 0.815886, SROCC: 0.662005, KROCC: 0.483716, LOSS: 0.326063
2026-08-21 16:27:20,830 [INFO] Start training
2026-08-21 16:27:21,121 [INFO] Start training epoch 13, 37 iters per inner epoch.
2026-08-21 16:27:45,877 [INFO] Averaged stats: lr: 0.000084  loss: 0.027071
2026-08-21 16:27:45,954 [INFO] gates: {"epoch": 13, "corr_s9_mean": 0.1977, "corr_s9_std": 0.0967, "corr_s12_mean": -0.0105, "corr_s12_std": 0.0464, "corr_s_global": 0.2393, "corr_f_max_mean": 0.0307}
2026-08-21 16:27:45,955 [INFO] Evaluating on val.
Train: data epoch: [13]  [ 0/37]  eta: 0:00:32  lr: 0.000084  loss: 0.0246  time: 0.8889  data: 0.0002  max mem: 9852
Train: data epoch: [13]  [20/37]  eta: 0:00:11  lr: 0.000084  loss: 0.0303  time: 0.6448  data: 0.0000  max mem: 9852
Train: data epoch: [13]  [36/37]  eta: 0:00:00  lr: 0.000084  loss: 0.0325  time: 0.6859  data: 0.0000  max mem: 9852
Train: data epoch: [13] Total time: 0:00:24 (0.6690 s / it)
2026-08-21 16:27:53,647 [INFO] Qual: EPOCH[13] -> PLCC: 0.895877, SROCC: 0.853182, KROCC: 0.668818, LOSS: 0.198761
2026-08-21 16:27:53,647 [INFO] Align: EPOCH[13] -> PLCC: 0.816881, SROCC: 0.661522, KROCC: 0.482882, LOSS: 0.317390
2026-08-21 16:27:53,648 [INFO] Start training
2026-08-21 16:27:53,909 [INFO] Start training epoch 14, 37 iters per inner epoch.
2026-08-21 16:28:19,139 [INFO] Averaged stats: lr: 0.000082  loss: 0.022717
2026-08-21 16:28:19,210 [INFO] gates: {"epoch": 14, "corr_s9_mean": 0.2145, "corr_s9_std": 0.0887, "corr_s12_mean": -0.0062, "corr_s12_std": 0.0471, "corr_s_global": 0.2371, "corr_f_max_mean": 0.0309}
2026-08-21 16:28:19,210 [INFO] Evaluating on val.
Train: data epoch: [14]  [ 0/37]  eta: 0:00:40  lr: 0.000082  loss: 0.0307  time: 1.1015  data: 0.0001  max mem: 9852
Train: data epoch: [14]  [20/37]  eta: 0:00:11  lr: 0.000082  loss: 0.0220  time: 0.6542  data: 0.0000  max mem: 9852
Train: data epoch: [14]  [36/37]  eta: 0:00:00  lr: 0.000082  loss: 0.0255  time: 0.6905  data: 0.0000  max mem: 9852
Train: data epoch: [14] Total time: 0:00:25 (0.6819 s / it)
2026-08-21 16:28:26,707 [INFO] Qual: EPOCH[14] -> PLCC: 0.899100, SROCC: 0.857317, KROCC: 0.674279, LOSS: 0.191207
2026-08-21 16:28:26,708 [INFO] Align: EPOCH[14] -> PLCC: 0.813990, SROCC: 0.659392, KROCC: 0.480975, LOSS: 0.327745
2026-08-21 16:28:26,709 [INFO] Start training
2026-08-21 16:28:27,010 [INFO] Start training epoch 15, 37 iters per inner epoch.
2026-08-21 16:28:51,562 [INFO] Averaged stats: lr: 0.000080  loss: 0.018665
2026-08-21 16:28:51,634 [INFO] gates: {"epoch": 15, "corr_s9_mean": 0.2139, "corr_s9_std": 0.0895, "corr_s12_mean": -0.013, "corr_s12_std": 0.0501, "corr_s_global": 0.2302, "corr_f_max_mean": 0.0312}
2026-08-21 16:28:51,634 [INFO] Evaluating on val.
Train: data epoch: [15]  [ 0/37]  eta: 0:00:37  lr: 0.000080  loss: 0.0202  time: 1.0180  data: 0.0001  max mem: 9852
Train: data epoch: [15]  [20/37]  eta: 0:00:11  lr: 0.000080  loss: 0.0174  time: 0.6293  data: 0.0000  max mem: 9852
Train: data epoch: [15]  [36/37]  eta: 0:00:00  lr: 0.000080  loss: 0.0197  time: 0.6827  data: 0.0000  max mem: 9852
Train: data epoch: [15] Total time: 0:00:24 (0.6635 s / it)
2026-08-21 16:28:58,993 [INFO] Qual: EPOCH[15] -> PLCC: 0.897819, SROCC: 0.855047, KROCC: 0.671503, LOSS: 0.196314
2026-08-21 16:28:58,994 [INFO] Align: EPOCH[15] -> PLCC: 0.813904, SROCC: 0.658283, KROCC: 0.479407, LOSS: 0.332967
2026-08-21 16:28:59,006 [INFO] Saving checkpoint at epoch 15 to run/20260821162_B2_V111_s4/checkpoint_latest.pth.
2026-08-21 16:28:59,067 [INFO] Start training
2026-08-21 16:28:59,360 [INFO] Start training epoch 16, 37 iters per inner epoch.
2026-08-21 16:29:24,343 [INFO] Averaged stats: lr: 0.000077  loss: 0.015429
2026-08-21 16:29:24,413 [INFO] gates: {"epoch": 16, "corr_s9_mean": 0.1949, "corr_s9_std": 0.0928, "corr_s12_mean": 0.0039, "corr_s12_std": 0.0462, "corr_s_global": 0.2392, "corr_f_max_mean": 0.0308}
2026-08-21 16:29:24,414 [INFO] Evaluating on val.
Train: data epoch: [16]  [ 0/37]  eta: 0:00:45  lr: 0.000077  loss: 0.0104  time: 1.2255  data: 0.0001  max mem: 9852
Train: data epoch: [16]  [20/37]  eta: 0:00:11  lr: 0.000077  loss: 0.0190  time: 0.6408  data: 0.0000  max mem: 9852
Train: data epoch: [16]  [36/37]  eta: 0:00:00  lr: 0.000077  loss: 0.0232  time: 0.6840  data: 0.0000  max mem: 9852
Train: data epoch: [16] Total time: 0:00:24 (0.6752 s / it)
2026-08-21 16:29:31,706 [INFO] Qual: EPOCH[16] -> PLCC: 0.897462, SROCC: 0.855994, KROCC: 0.672259, LOSS: 0.196985
2026-08-21 16:29:31,706 [INFO] Align: EPOCH[16] -> PLCC: 0.812724, SROCC: 0.658021, KROCC: 0.480185, LOSS: 0.333715
2026-08-21 16:29:31,707 [INFO] Start training
2026-08-21 16:29:32,001 [INFO] Start training epoch 17, 37 iters per inner epoch.
2026-08-21 16:29:57,230 [INFO] Averaged stats: lr: 0.000074  loss: 0.013573
2026-08-21 16:29:57,300 [INFO] gates: {"epoch": 17, "corr_s9_mean": 0.1947, "corr_s9_std": 0.0961, "corr_s12_mean": -0.0084, "corr_s12_std": 0.0501, "corr_s_global": 0.2423, "corr_f_max_mean": 0.0308}
2026-08-21 16:29:57,300 [INFO] Evaluating on val.
Train: data epoch: [17]  [ 0/37]  eta: 0:00:44  lr: 0.000074  loss: 0.0103  time: 1.1943  data: 0.0001  max mem: 9852
Train: data epoch: [17]  [20/37]  eta: 0:00:11  lr: 0.000074  loss: 0.0141  time: 0.6530  data: 0.0000  max mem: 9852
Train: data epoch: [17]  [36/37]  eta: 0:00:00  lr: 0.000074  loss: 0.0138  time: 0.6868  data: 0.0000  max mem: 9852
Train: data epoch: [17] Total time: 0:00:25 (0.6819 s / it)
2026-08-21 16:30:04,751 [INFO] Qual: EPOCH[17] -> PLCC: 0.895818, SROCC: 0.852636, KROCC: 0.668107, LOSS: 0.198178
2026-08-21 16:30:04,751 [INFO] Align: EPOCH[17] -> PLCC: 0.813993, SROCC: 0.660087, KROCC: 0.481708, LOSS: 0.330556
2026-08-21 16:30:04,752 [INFO] Start training
2026-08-21 16:30:05,016 [INFO] Start training epoch 18, 37 iters per inner epoch.
2026-08-21 16:30:30,147 [INFO] Averaged stats: lr: 0.000072  loss: 0.011837
2026-08-21 16:30:30,224 [INFO] gates: {"epoch": 18, "corr_s9_mean": 0.1958, "corr_s9_std": 0.0947, "corr_s12_mean": -0.0079, "corr_s12_std": 0.0498, "corr_s_global": 0.2462, "corr_f_max_mean": 0.0308}
2026-08-21 16:30:30,225 [INFO] Evaluating on val.
Train: data epoch: [18]  [ 0/37]  eta: 0:00:40  lr: 0.000072  loss: 0.0103  time: 1.1060  data: 0.0002  max mem: 9852
Train: data epoch: [18]  [20/37]  eta: 0:00:11  lr: 0.000072  loss: 0.0132  time: 0.6520  data: 0.0000  max mem: 9852
Train: data epoch: [18]  [36/37]  eta: 0:00:00  lr: 0.000072  loss: 0.0116  time: 0.6875  data: 0.0000  max mem: 9852
Train: data epoch: [18] Total time: 0:00:25 (0.6792 s / it)
2026-08-21 16:30:37,863 [INFO] Qual: EPOCH[18] -> PLCC: 0.896180, SROCC: 0.853837, KROCC: 0.669292, LOSS: 0.201623
2026-08-21 16:30:37,864 [INFO] Align: EPOCH[18] -> PLCC: 0.813953, SROCC: 0.661582, KROCC: 0.483491, LOSS: 0.334865
2026-08-21 16:30:37,864 [INFO] Start training
2026-08-21 16:30:38,129 [INFO] Start training epoch 19, 37 iters per inner epoch.
2026-08-21 16:31:03,432 [INFO] Averaged stats: lr: 0.000069  loss: 0.010441
2026-08-21 16:31:03,529 [INFO] gates: {"epoch": 19, "corr_s9_mean": 0.186, "corr_s9_std": 0.096, "corr_s12_mean": 0.0114, "corr_s12_std": 0.0496, "corr_s_global": 0.2375, "corr_f_max_mean": 0.0312}
2026-08-21 16:31:03,529 [INFO] Evaluating on val.
Train: data epoch: [19]  [ 0/37]  eta: 0:00:47  lr: 0.000069  loss: 0.0141  time: 1.2818  data: 0.0001  max mem: 9852
Train: data epoch: [19]  [20/37]  eta: 0:00:11  lr: 0.000069  loss: 0.0115  time: 0.6502  data: 0.0000  max mem: 9852
Train: data epoch: [19]  [36/37]  eta: 0:00:00  lr: 0.000069  loss: 0.0119  time: 0.6886  data: 0.0000  max mem: 9852
Train: data epoch: [19] Total time: 0:00:25 (0.6838 s / it)
2026-08-21 16:31:11,138 [INFO] Qual: EPOCH[19] -> PLCC: 0.896292, SROCC: 0.854911, KROCC: 0.671041, LOSS: 0.201072
2026-08-21 16:31:11,138 [INFO] Align: EPOCH[19] -> PLCC: 0.812692, SROCC: 0.655909, KROCC: 0.478154, LOSS: 0.337214
2026-08-21 16:31:11,139 [INFO] Start training
2026-08-21 16:31:11,439 [INFO] Start training epoch 20, 37 iters per inner epoch.
2026-08-21 16:31:36,301 [INFO] Averaged stats: lr: 0.000066  loss: 0.009184
2026-08-21 16:31:36,387 [INFO] gates: {"epoch": 20, "corr_s9_mean": 0.2101, "corr_s9_std": 0.0946, "corr_s12_mean": -0.0157, "corr_s12_std": 0.0513, "corr_s_global": 0.2342, "corr_f_max_mean": 0.0315}
2026-08-21 16:31:36,387 [INFO] Evaluating on val.
Train: data epoch: [20]  [ 0/37]  eta: 0:00:35  lr: 0.000066  loss: 0.0081  time: 0.9718  data: 0.0001  max mem: 9852
Train: data epoch: [20]  [20/37]  eta: 0:00:11  lr: 0.000066  loss: 0.0098  time: 0.6466  data: 0.0000  max mem: 9852
Train: data epoch: [20]  [36/37]  eta: 0:00:00  lr: 0.000066  loss: 0.0077  time: 0.6845  data: 0.0000  max mem: 9852
Train: data epoch: [20] Total time: 0:00:24 (0.6719 s / it)
2026-08-21 16:31:43,695 [INFO] Qual: EPOCH[20] -> PLCC: 0.895155, SROCC: 0.852507, KROCC: 0.668299, LOSS: 0.202275
2026-08-21 16:31:43,695 [INFO] Align: EPOCH[20] -> PLCC: 0.813504, SROCC: 0.657541, KROCC: 0.479271, LOSS: 0.333239
2026-08-21 16:31:43,711 [INFO] Saving checkpoint at epoch 20 to run/20260821162_B2_V111_s4/checkpoint_latest.pth.
2026-08-21 16:31:43,818 [INFO] Start training
2026-08-21 16:31:44,128 [INFO] Start training epoch 21, 37 iters per inner epoch.
2026-08-21 16:32:08,762 [INFO] Averaged stats: lr: 0.000063  loss: 0.008269
2026-08-21 16:32:08,847 [INFO] gates: {"epoch": 21, "corr_s9_mean": 0.1785, "corr_s9_std": 0.0992, "corr_s12_mean": 0.0153, "corr_s12_std": 0.0495, "corr_s_global": 0.247, "corr_f_max_mean": 0.0313}
2026-08-21 16:32:08,847 [INFO] Evaluating on val.
Train: data epoch: [21]  [ 0/37]  eta: 0:00:37  lr: 0.000063  loss: 0.0073  time: 1.0107  data: 0.0002  max mem: 9852
Train: data epoch: [21]  [20/37]  eta: 0:00:11  lr: 0.000063  loss: 0.0093  time: 0.6346  data: 0.0000  max mem: 9852
Train: data epoch: [21]  [36/37]  eta: 0:00:00  lr: 0.000063  loss: 0.0079  time: 0.6850  data: 0.0000  max mem: 9852
Train: data epoch: [21] Total time: 0:00:24 (0.6658 s / it)
2026-08-21 16:32:16,098 [INFO] Qual: EPOCH[21] -> PLCC: 0.894885, SROCC: 0.852654, KROCC: 0.668096, LOSS: 0.200275
2026-08-21 16:32:16,098 [INFO] Align: EPOCH[21] -> PLCC: 0.812118, SROCC: 0.657456, KROCC: 0.479722, LOSS: 0.339797
2026-08-21 16:32:16,099 [INFO] Start training
2026-08-21 16:32:16,391 [INFO] Start training epoch 22, 37 iters per inner epoch.
2026-08-21 16:32:41,131 [INFO] Averaged stats: lr: 0.000060  loss: 0.007304
2026-08-21 16:32:41,213 [INFO] gates: {"epoch": 22, "corr_s9_mean": 0.2064, "corr_s9_std": 0.0885, "corr_s12_mean": -0.0075, "corr_s12_std": 0.0505, "corr_s_global": 0.234, "corr_f_max_mean": 0.031}
2026-08-21 16:32:41,214 [INFO] Evaluating on val.
Train: data epoch: [22]  [ 0/37]  eta: 0:00:48  lr: 0.000060  loss: 0.0077  time: 1.3155  data: 0.0001  max mem: 9852
Train: data epoch: [22]  [20/37]  eta: 0:00:11  lr: 0.000060  loss: 0.0069  time: 0.6220  data: 0.0000  max mem: 9852
Train: data epoch: [22]  [36/37]  eta: 0:00:00  lr: 0.000060  loss: 0.0083  time: 0.6859  data: 0.0000  max mem: 9852
Train: data epoch: [22] Total time: 0:00:24 (0.6686 s / it)
2026-08-21 16:32:48,784 [INFO] Qual: EPOCH[22] -> PLCC: 0.893903, SROCC: 0.851320, KROCC: 0.666753, LOSS: 0.204334
2026-08-21 16:32:48,785 [INFO] Align: EPOCH[22] -> PLCC: 0.812338, SROCC: 0.656065, KROCC: 0.478244, LOSS: 0.336341
2026-08-21 16:32:48,785 [INFO] Start training
2026-08-21 16:32:49,052 [INFO] Start training epoch 23, 37 iters per inner epoch.
2026-08-21 16:33:13,793 [INFO] Averaged stats: lr: 0.000057  loss: 0.006293
2026-08-21 16:33:13,880 [INFO] gates: {"epoch": 23, "corr_s9_mean": 0.197, "corr_s9_std": 0.091, "corr_s12_mean": -0.0058, "corr_s12_std": 0.0495, "corr_s_global": 0.2384, "corr_f_max_mean": 0.0303}
2026-08-21 16:33:13,880 [INFO] Evaluating on val.
Train: data epoch: [23]  [ 0/37]  eta: 0:00:43  lr: 0.000057  loss: 0.0058  time: 1.1677  data: 0.0001  max mem: 9852
Train: data epoch: [23]  [20/37]  eta: 0:00:11  lr: 0.000057  loss: 0.0076  time: 0.6252  data: 0.0000  max mem: 9852
Train: data epoch: [23]  [36/37]  eta: 0:00:00  lr: 0.000057  loss: 0.0054  time: 0.6910  data: 0.0000  max mem: 9852
Train: data epoch: [23] Total time: 0:00:24 (0.6687 s / it)
2026-08-21 16:33:21,329 [INFO] Qual: EPOCH[23] -> PLCC: 0.894774, SROCC: 0.851949, KROCC: 0.667453, LOSS: 0.204284
2026-08-21 16:33:21,329 [INFO] Align: EPOCH[23] -> PLCC: 0.812034, SROCC: 0.655070, KROCC: 0.477545, LOSS: 0.334213
2026-08-21 16:33:21,330 [INFO] Start training
2026-08-21 16:33:21,601 [INFO] Start training epoch 24, 37 iters per inner epoch.
2026-08-21 16:33:46,805 [INFO] Averaged stats: lr: 0.000054  loss: 0.006038
2026-08-21 16:33:46,900 [INFO] gates: {"epoch": 24, "corr_s9_mean": 0.1903, "corr_s9_std": 0.0921, "corr_s12_mean": -0.0091, "corr_s12_std": 0.052, "corr_s_global": 0.2429, "corr_f_max_mean": 0.0306}
2026-08-21 16:33:46,900 [INFO] Evaluating on val.
Train: data epoch: [24]  [ 0/37]  eta: 0:00:49  lr: 0.000054  loss: 0.0040  time: 1.3304  data: 0.0001  max mem: 9852
Train: data epoch: [24]  [20/37]  eta: 0:00:11  lr: 0.000054  loss: 0.0067  time: 0.6434  data: 0.0000  max mem: 9852
Train: data epoch: [24]  [36/37]  eta: 0:00:00  lr: 0.000054  loss: 0.0059  time: 0.6881  data: 0.0000  max mem: 9852
Train: data epoch: [24] Total time: 0:00:25 (0.6812 s / it)
2026-08-21 16:33:54,236 [INFO] Qual: EPOCH[24] -> PLCC: 0.894445, SROCC: 0.852452, KROCC: 0.667667, LOSS: 0.202474
2026-08-21 16:33:54,236 [INFO] Align: EPOCH[24] -> PLCC: 0.812013, SROCC: 0.657806, KROCC: 0.479734, LOSS: 0.340108
2026-08-21 16:33:54,237 [INFO] Start training
2026-08-21 16:33:54,537 [INFO] Start training epoch 25, 37 iters per inner epoch.
2026-08-21 16:34:19,486 [INFO] Averaged stats: lr: 0.000050  loss: 0.005331
2026-08-21 16:34:19,567 [INFO] gates: {"epoch": 25, "corr_s9_mean": 0.21, "corr_s9_std": 0.0885, "corr_s12_mean": -0.0126, "corr_s12_std": 0.0519, "corr_s_global": 0.2358, "corr_f_max_mean": 0.031}
2026-08-21 16:34:19,567 [INFO] Evaluating on val.
Train: data epoch: [25]  [ 0/37]  eta: 0:00:43  lr: 0.000051  loss: 0.0037  time: 1.1766  data: 0.0001  max mem: 9852
Train: data epoch: [25]  [20/37]  eta: 0:00:11  lr: 0.000051  loss: 0.0058  time: 0.6395  data: 0.0000  max mem: 9852
Train: data epoch: [25]  [36/37]  eta: 0:00:00  lr: 0.000051  loss: 0.0079  time: 0.6858  data: 0.0000  max mem: 9852
Train: data epoch: [25] Total time: 0:00:24 (0.6743 s / it)
2026-08-21 16:34:27,232 [INFO] Qual: EPOCH[25] -> PLCC: 0.894466, SROCC: 0.852418, KROCC: 0.667667, LOSS: 0.202921
2026-08-21 16:34:27,232 [INFO] Align: EPOCH[25] -> PLCC: 0.811438, SROCC: 0.654331, KROCC: 0.476852, LOSS: 0.337093
2026-08-21 16:34:27,245 [INFO] Saving checkpoint at epoch 25 to run/20260821162_B2_V111_s4/checkpoint_latest.pth.
2026-08-21 16:34:27,309 [INFO] Start training
2026-08-21 16:34:27,582 [INFO] Start training epoch 26, 37 iters per inner epoch.
2026-08-21 16:34:52,908 [INFO] Averaged stats: lr: 0.000047  loss: 0.004711
2026-08-21 16:34:53,001 [INFO] gates: {"epoch": 26, "corr_s9_mean": 0.1849, "corr_s9_std": 0.0935, "corr_s12_mean": -0.0091, "corr_s12_std": 0.0506, "corr_s_global": 0.2429, "corr_f_max_mean": 0.0305}
2026-08-21 16:34:53,002 [INFO] Evaluating on val.
Train: data epoch: [26]  [ 0/37]  eta: 0:00:39  lr: 0.000047  loss: 0.0046  time: 1.0694  data: 0.0001  max mem: 9852
Train: data epoch: [26]  [20/37]  eta: 0:00:11  lr: 0.000047  loss: 0.0049  time: 0.6613  data: 0.0000  max mem: 9852
Train: data epoch: [26]  [36/37]  eta: 0:00:00  lr: 0.000047  loss: 0.0043  time: 0.6900  data: 0.0000  max mem: 9852
Train: data epoch: [26] Total time: 0:00:25 (0.6845 s / it)
2026-08-21 16:35:00,451 [INFO] Qual: EPOCH[26] -> PLCC: 0.895258, SROCC: 0.853224, KROCC: 0.668491, LOSS: 0.202465
2026-08-21 16:35:00,451 [INFO] Align: EPOCH[26] -> PLCC: 0.811873, SROCC: 0.655196, KROCC: 0.477477, LOSS: 0.338687
2026-08-21 16:35:00,452 [INFO] Start training
2026-08-21 16:35:00,753 [INFO] Start training epoch 27, 37 iters per inner epoch.
2026-08-21 16:35:26,017 [INFO] Averaged stats: lr: 0.000044  loss: 0.004216
2026-08-21 16:35:26,104 [INFO] gates: {"epoch": 27, "corr_s9_mean": 0.2048, "corr_s9_std": 0.0933, "corr_s12_mean": -0.0119, "corr_s12_std": 0.0511, "corr_s_global": 0.2459, "corr_f_max_mean": 0.0312}
2026-08-21 16:35:26,104 [INFO] Evaluating on val.
Train: data epoch: [27]  [ 0/37]  eta: 0:00:42  lr: 0.000044  loss: 0.0036  time: 1.1584  data: 0.0001  max mem: 9852
Train: data epoch: [27]  [20/37]  eta: 0:00:11  lr: 0.000044  loss: 0.0030  time: 0.6561  data: 0.0000  max mem: 9852
Train: data epoch: [27]  [36/37]  eta: 0:00:00  lr: 0.000044  loss: 0.0023  time: 0.6852  data: 0.0000  max mem: 9852
Train: data epoch: [27] Total time: 0:00:25 (0.6828 s / it)
2026-08-21 16:35:33,502 [INFO] Qual: EPOCH[27] -> PLCC: 0.893515, SROCC: 0.851083, KROCC: 0.666166, LOSS: 0.206358
2026-08-21 16:35:33,502 [INFO] Align: EPOCH[27] -> PLCC: 0.812355, SROCC: 0.657357, KROCC: 0.479305, LOSS: 0.336473
2026-08-21 16:35:33,503 [INFO] Start training
2026-08-21 16:35:33,808 [INFO] Start training epoch 28, 37 iters per inner epoch.
2026-08-21 16:35:59,088 [INFO] Averaged stats: lr: 0.000041  loss: 0.004066
2026-08-21 16:35:59,165 [INFO] gates: {"epoch": 28, "corr_s9_mean": 0.1848, "corr_s9_std": 0.098, "corr_s12_mean": 0.0021, "corr_s12_std": 0.0492, "corr_s_global": 0.2486, "corr_f_max_mean": 0.0308}
2026-08-21 16:35:59,166 [INFO] Evaluating on val.
Train: data epoch: [28]  [ 0/37]  eta: 0:00:44  lr: 0.000041  loss: 0.0029  time: 1.2038  data: 0.0002  max mem: 9852
Train: data epoch: [28]  [20/37]  eta: 0:00:11  lr: 0.000041  loss: 0.0021  time: 0.6497  data: 0.0000  max mem: 9852
Train: data epoch: [28]  [36/37]  eta: 0:00:00  lr: 0.000041  loss: 0.0032  time: 0.6924  data: 0.0000  max mem: 9852
Train: data epoch: [28] Total time: 0:00:25 (0.6832 s / it)
2026-08-21 16:36:06,772 [INFO] Qual: EPOCH[28] -> PLCC: 0.893654, SROCC: 0.851391, KROCC: 0.666076, LOSS: 0.204197
2026-08-21 16:36:06,772 [INFO] Align: EPOCH[28] -> PLCC: 0.811918, SROCC: 0.655894, KROCC: 0.477861, LOSS: 0.338402
2026-08-21 16:36:06,773 [INFO] Start training
2026-08-21 16:36:07,070 [INFO] Start training epoch 29, 37 iters per inner epoch.
2026-08-21 16:36:32,105 [INFO] Averaged stats: lr: 0.000038  loss: 0.003712
2026-08-21 16:36:32,187 [INFO] gates: {"epoch": 29, "corr_s9_mean": 0.194, "corr_s9_std": 0.0903, "corr_s12_mean": -0.0203, "corr_s12_std": 0.05, "corr_s_global": 0.2336, "corr_f_max_mean": 0.0305}
2026-08-21 16:36:32,187 [INFO] Evaluating on val.
Train: data epoch: [29]  [ 0/37]  eta: 0:00:38  lr: 0.000038  loss: 0.0028  time: 1.0511  data: 0.0001  max mem: 9852
Train: data epoch: [29]  [20/37]  eta: 0:00:11  lr: 0.000038  loss: 0.0038  time: 0.6477  data: 0.0000  max mem: 9852
Train: data epoch: [29]  [36/37]  eta: 0:00:00  lr: 0.000038  loss: 0.0041  time: 0.6881  data: 0.0000  max mem: 9852
Train: data epoch: [29] Total time: 0:00:25 (0.6766 s / it)
2026-08-21 16:36:39,685 [INFO] Qual: EPOCH[29] -> PLCC: 0.892994, SROCC: 0.850751, KROCC: 0.665772, LOSS: 0.206817
2026-08-21 16:36:39,686 [INFO] Align: EPOCH[29] -> PLCC: 0.812320, SROCC: 0.656321, KROCC: 0.478391, LOSS: 0.337833
2026-08-21 16:36:39,686 [INFO] Start training
2026-08-21 16:36:39,956 [INFO] Start training epoch 30, 37 iters per inner epoch.
2026-08-21 16:37:05,046 [INFO] Averaged stats: lr: 0.000035  loss: 0.003589
2026-08-21 16:37:05,121 [INFO] gates: {"epoch": 30, "corr_s9_mean": 0.201, "corr_s9_std": 0.0901, "corr_s12_mean": -0.0149, "corr_s12_std": 0.0515, "corr_s_global": 0.2423, "corr_f_max_mean": 0.0306}
2026-08-21 16:37:05,121 [INFO] Evaluating on val.
Train: data epoch: [30]  [ 0/37]  eta: 0:00:39  lr: 0.000035  loss: 0.0034  time: 1.0610  data: 0.0001  max mem: 9852
Train: data epoch: [30]  [20/37]  eta: 0:00:11  lr: 0.000035  loss: 0.0027  time: 0.6487  data: 0.0000  max mem: 9852
Train: data epoch: [30]  [36/37]  eta: 0:00:00  lr: 0.000035  loss: 0.0025  time: 0.6899  data: 0.0000  max mem: 9852
Train: data epoch: [30] Total time: 0:00:25 (0.6781 s / it)
2026-08-21 16:37:12,489 [INFO] Qual: EPOCH[30] -> PLCC: 0.893841, SROCC: 0.851257, KROCC: 0.666370, LOSS: 0.204403
2026-08-21 16:37:12,490 [INFO] Align: EPOCH[30] -> PLCC: 0.812030, SROCC: 0.656896, KROCC: 0.478820, LOSS: 0.340017
2026-08-21 16:37:12,502 [INFO] Saving checkpoint at epoch 30 to run/20260821162_B2_V111_s4/checkpoint_latest.pth.
2026-08-21 16:37:12,565 [INFO] Start training
2026-08-21 16:37:12,828 [INFO] Start training epoch 31, 37 iters per inner epoch.
2026-08-21 16:37:37,351 [INFO] Averaged stats: lr: 0.000032  loss: 0.003267
2026-08-21 16:37:37,436 [INFO] gates: {"epoch": 31, "corr_s9_mean": 0.2008, "corr_s9_std": 0.0919, "corr_s12_mean": 0.0018, "corr_s12_std": 0.0501, "corr_s_global": 0.2441, "corr_f_max_mean": 0.0309}
2026-08-21 16:37:37,437 [INFO] Evaluating on val.
Train: data epoch: [31]  [ 0/37]  eta: 0:00:32  lr: 0.000032  loss: 0.0028  time: 0.8865  data: 0.0001  max mem: 9852
Train: data epoch: [31]  [20/37]  eta: 0:00:10  lr: 0.000032  loss: 0.0032  time: 0.6330  data: 0.0000  max mem: 9852
Train: data epoch: [31]  [36/37]  eta: 0:00:00  lr: 0.000032  loss: 0.0024  time: 0.6878  data: 0.0000  max mem: 9852
Train: data epoch: [31] Total time: 0:00:24 (0.6628 s / it)
2026-08-21 16:37:44,912 [INFO] Qual: EPOCH[31] -> PLCC: 0.894093, SROCC: 0.851612, KROCC: 0.666516, LOSS: 0.204662
2026-08-21 16:37:44,913 [INFO] Align: EPOCH[31] -> PLCC: 0.811872, SROCC: 0.655462, KROCC: 0.477692, LOSS: 0.338278
2026-08-21 16:37:44,913 [INFO] Start training
2026-08-21 16:37:45,225 [INFO] Start training epoch 32, 37 iters per inner epoch.
2026-08-21 16:38:10,112 [INFO] Averaged stats: lr: 0.000029  loss: 0.002867
2026-08-21 16:38:10,182 [INFO] gates: {"epoch": 32, "corr_s9_mean": 0.1724, "corr_s9_std": 0.092, "corr_s12_mean": 0.0027, "corr_s12_std": 0.0501, "corr_s_global": 0.2396, "corr_f_max_mean": 0.03}
2026-08-21 16:38:10,182 [INFO] Evaluating on val.
Train: data epoch: [32]  [ 0/37]  eta: 0:00:41  lr: 0.000029  loss: 0.0034  time: 1.1204  data: 0.0001  max mem: 9852
Train: data epoch: [32]  [20/37]  eta: 0:00:11  lr: 0.000029  loss: 0.0038  time: 0.6412  data: 0.0000  max mem: 9852
Train: data epoch: [32]  [36/37]  eta: 0:00:00  lr: 0.000029  loss: 0.0030  time: 0.6834  data: 0.0000  max mem: 9852
Train: data epoch: [32] Total time: 0:00:24 (0.6726 s / it)
2026-08-21 16:38:17,565 [INFO] Qual: EPOCH[32] -> PLCC: 0.893346, SROCC: 0.851259, KROCC: 0.666155, LOSS: 0.206740
2026-08-21 16:38:17,565 [INFO] Align: EPOCH[32] -> PLCC: 0.811783, SROCC: 0.655367, KROCC: 0.477364, LOSS: 0.340441
2026-08-21 16:38:17,565 [INFO] Start training
2026-08-21 16:38:17,828 [INFO] Start training epoch 33, 37 iters per inner epoch.
2026-08-21 16:38:42,624 [INFO] Averaged stats: lr: 0.000027  loss: 0.002949
2026-08-21 16:38:42,707 [INFO] gates: {"epoch": 33, "corr_s9_mean": 0.186, "corr_s9_std": 0.0956, "corr_s12_mean": -0.0048, "corr_s12_std": 0.0496, "corr_s_global": 0.2396, "corr_f_max_mean": 0.031}
2026-08-21 16:38:42,708 [INFO] Evaluating on val.
Train: data epoch: [33]  [ 0/37]  eta: 0:00:42  lr: 0.000027  loss: 0.0028  time: 1.1585  data: 0.0001  max mem: 9852
Train: data epoch: [33]  [20/37]  eta: 0:00:11  lr: 0.000027  loss: 0.0045  time: 0.6285  data: 0.0000  max mem: 9852
Train: data epoch: [33]  [36/37]  eta: 0:00:00  lr: 0.000027  loss: 0.0037  time: 0.6911  data: 0.0000  max mem: 9852
Train: data epoch: [33] Total time: 0:00:24 (0.6701 s / it)
2026-08-21 16:38:50,233 [INFO] Qual: EPOCH[33] -> PLCC: 0.893042, SROCC: 0.851326, KROCC: 0.666110, LOSS: 0.206941
2026-08-21 16:38:50,233 [INFO] Align: EPOCH[33] -> PLCC: 0.811984, SROCC: 0.655252, KROCC: 0.477331, LOSS: 0.338834
2026-08-21 16:38:50,234 [INFO] Start training
2026-08-21 16:38:50,536 [INFO] Start training epoch 34, 37 iters per inner epoch.
2026-08-21 16:39:15,394 [INFO] Averaged stats: lr: 0.000024  loss: 0.002743
2026-08-21 16:39:15,479 [INFO] gates: {"epoch": 34, "corr_s9_mean": 0.1976, "corr_s9_std": 0.0902, "corr_s12_mean": 0.0049, "corr_s12_std": 0.0489, "corr_s_global": 0.2394, "corr_f_max_mean": 0.0306}
2026-08-21 16:39:15,479 [INFO] Evaluating on val.
Train: data epoch: [34]  [ 0/37]  eta: 0:00:33  lr: 0.000024  loss: 0.0028  time: 0.8930  data: 0.0001  max mem: 9852
Train: data epoch: [34]  [20/37]  eta: 0:00:11  lr: 0.000024  loss: 0.0029  time: 0.6473  data: 0.0000  max mem: 9852
Train: data epoch: [34]  [36/37]  eta: 0:00:00  lr: 0.000024  loss: 0.0027  time: 0.6885  data: 0.0000  max mem: 9852
Train: data epoch: [34] Total time: 0:00:24 (0.6718 s / it)
2026-08-21 16:39:23,015 [INFO] Qual: EPOCH[34] -> PLCC: 0.893550, SROCC: 0.851731, KROCC: 0.666561, LOSS: 0.205805
2026-08-21 16:39:23,015 [INFO] Align: EPOCH[34] -> PLCC: 0.812159, SROCC: 0.656643, KROCC: 0.478684, LOSS: 0.338892
2026-08-21 16:39:23,016 [INFO] Start training
2026-08-21 16:39:23,345 [INFO] Start training epoch 35, 37 iters per inner epoch.
2026-08-21 16:39:48,422 [INFO] Averaged stats: lr: 0.000021  loss: 0.002492
2026-08-21 16:39:48,497 [INFO] gates: {"epoch": 35, "corr_s9_mean": 0.1993, "corr_s9_std": 0.0886, "corr_s12_mean": -0.0037, "corr_s12_std": 0.0507, "corr_s_global": 0.2338, "corr_f_max_mean": 0.0305}
2026-08-21 16:39:48,498 [INFO] Evaluating on val.
Train: data epoch: [35]  [ 0/37]  eta: 0:00:39  lr: 0.000021  loss: 0.0013  time: 1.0684  data: 0.0001  max mem: 9852
Train: data epoch: [35]  [20/37]  eta: 0:00:11  lr: 0.000021  loss: 0.0029  time: 0.6534  data: 0.0000  max mem: 9852
Train: data epoch: [35]  [36/37]  eta: 0:00:00  lr: 0.000021  loss: 0.0018  time: 0.6844  data: 0.0000  max mem: 9852
Train: data epoch: [35] Total time: 0:00:25 (0.6777 s / it)
2026-08-21 16:39:55,922 [INFO] Qual: EPOCH[35] -> PLCC: 0.893356, SROCC: 0.851598, KROCC: 0.666449, LOSS: 0.206488
2026-08-21 16:39:55,922 [INFO] Align: EPOCH[35] -> PLCC: 0.812284, SROCC: 0.656546, KROCC: 0.478707, LOSS: 0.339564
2026-08-21 16:39:55,944 [INFO] Saving checkpoint at epoch 35 to run/20260821162_B2_V111_s4/checkpoint_latest.pth.
2026-08-21 16:39:56,038 [INFO] Start training
2026-08-21 16:39:56,338 [INFO] Start training epoch 36, 37 iters per inner epoch.
2026-08-21 16:40:21,241 [INFO] Averaged stats: lr: 0.000019  loss: 0.002404
2026-08-21 16:40:21,319 [INFO] gates: {"epoch": 36, "corr_s9_mean": 0.1924, "corr_s9_std": 0.0962, "corr_s12_mean": -0.0114, "corr_s12_std": 0.0524, "corr_s_global": 0.2436, "corr_f_max_mean": 0.031}
2026-08-21 16:40:21,320 [INFO] Evaluating on val.
Train: data epoch: [36]  [ 0/37]  eta: 0:00:40  lr: 0.000019  loss: 0.0025  time: 1.0896  data: 0.0001  max mem: 9852
Train: data epoch: [36]  [20/37]  eta: 0:00:11  lr: 0.000019  loss: 0.0024  time: 0.6445  data: 0.0000  max mem: 9852
Train: data epoch: [36]  [36/37]  eta: 0:00:00  lr: 0.000019  loss: 0.0037  time: 0.6828  data: 0.0000  max mem: 9852
Train: data epoch: [36] Total time: 0:00:24 (0.6730 s / it)
2026-08-21 16:40:28,745 [INFO] Qual: EPOCH[36] -> PLCC: 0.893742, SROCC: 0.851636, KROCC: 0.666415, LOSS: 0.205511
2026-08-21 16:40:28,745 [INFO] Align: EPOCH[36] -> PLCC: 0.812310, SROCC: 0.656405, KROCC: 0.478335, LOSS: 0.337523
2026-08-21 16:40:28,746 [INFO] Start training
2026-08-21 16:40:29,097 [INFO] Start training epoch 37, 37 iters per inner epoch.
2026-08-21 16:40:53,930 [INFO] Averaged stats: lr: 0.000017  loss: 0.002197
2026-08-21 16:40:54,007 [INFO] gates: {"epoch": 37, "corr_s9_mean": 0.185, "corr_s9_std": 0.0942, "corr_s12_mean": 0.0022, "corr_s12_std": 0.0491, "corr_s_global": 0.2432, "corr_f_max_mean": 0.0305}
2026-08-21 16:40:54,008 [INFO] Evaluating on val.
Train: data epoch: [37]  [ 0/37]  eta: 0:00:41  lr: 0.000017  loss: 0.0022  time: 1.1302  data: 0.0002  max mem: 9852
Train: data epoch: [37]  [20/37]  eta: 0:00:11  lr: 0.000017  loss: 0.0015  time: 0.6391  data: 0.0000  max mem: 9852
Train: data epoch: [37]  [36/37]  eta: 0:00:00  lr: 0.000017  loss: 0.0023  time: 0.6831  data: 0.0000  max mem: 9852
Train: data epoch: [37] Total time: 0:00:24 (0.6712 s / it)
2026-08-21 16:41:01,439 [INFO] Qual: EPOCH[37] -> PLCC: 0.893326, SROCC: 0.851543, KROCC: 0.666550, LOSS: 0.206564
2026-08-21 16:41:01,439 [INFO] Align: EPOCH[37] -> PLCC: 0.812331, SROCC: 0.656541, KROCC: 0.478583, LOSS: 0.338425
2026-08-21 16:41:01,440 [INFO] Start training
2026-08-21 16:41:01,767 [INFO] Start training epoch 38, 37 iters per inner epoch.
2026-08-21 16:41:26,627 [INFO] Averaged stats: lr: 0.000014  loss: 0.002240
2026-08-21 16:41:26,704 [INFO] gates: {"epoch": 38, "corr_s9_mean": 0.1894, "corr_s9_std": 0.0906, "corr_s12_mean": -0.0068, "corr_s12_std": 0.0505, "corr_s_global": 0.2406, "corr_f_max_mean": 0.0303}
2026-08-21 16:41:26,704 [INFO] Evaluating on val.
Train: data epoch: [38]  [ 0/37]  eta: 0:00:35  lr: 0.000014  loss: 0.0018  time: 0.9719  data: 0.0001  max mem: 9852
Train: data epoch: [38]  [20/37]  eta: 0:00:11  lr: 0.000014  loss: 0.0021  time: 0.6422  data: 0.0000  max mem: 9852
Train: data epoch: [38]  [36/37]  eta: 0:00:00  lr: 0.000014  loss: 0.0016  time: 0.6892  data: 0.0000  max mem: 9852
Train: data epoch: [38] Total time: 0:00:24 (0.6719 s / it)
2026-08-21 16:41:34,145 [INFO] Qual: EPOCH[38] -> PLCC: 0.893398, SROCC: 0.851381, KROCC: 0.666437, LOSS: 0.206035
2026-08-21 16:41:34,145 [INFO] Align: EPOCH[38] -> PLCC: 0.812186, SROCC: 0.656217, KROCC: 0.478199, LOSS: 0.339054
2026-08-21 16:41:34,147 [INFO] Start training
2026-08-21 16:41:34,450 [INFO] Start training epoch 39, 37 iters per inner epoch.
2026-08-21 16:41:59,594 [INFO] Averaged stats: lr: 0.000012  loss: 0.002173
2026-08-21 16:41:59,666 [INFO] gates: {"epoch": 39, "corr_s9_mean": 0.2024, "corr_s9_std": 0.092, "corr_s12_mean": 0.0016, "corr_s12_std": 0.0495, "corr_s_global": 0.2347, "corr_f_max_mean": 0.0308}
2026-08-21 16:41:59,666 [INFO] Evaluating on val.
Train: data epoch: [39]  [ 0/37]  eta: 0:00:46  lr: 0.000012  loss: 0.0020  time: 1.2613  data: 0.0001  max mem: 9852
Train: data epoch: [39]  [20/37]  eta: 0:00:11  lr: 0.000012  loss: 0.0038  time: 0.6444  data: 0.0000  max mem: 9852
Train: data epoch: [39]  [36/37]  eta: 0:00:00  lr: 0.000012  loss: 0.0023  time: 0.6852  data: 0.0000  max mem: 9852
Train: data epoch: [39] Total time: 0:00:25 (0.6796 s / it)
2026-08-21 16:42:07,192 [INFO] Qual: EPOCH[39] -> PLCC: 0.893378, SROCC: 0.851334, KROCC: 0.666257, LOSS: 0.206307
2026-08-21 16:42:07,193 [INFO] Align: EPOCH[39] -> PLCC: 0.812174, SROCC: 0.656205, KROCC: 0.478211, LOSS: 0.338666
2026-08-21 16:42:07,194 [INFO] Start training
2026-08-21 16:42:07,502 [INFO] Start training epoch 40, 37 iters per inner epoch.
2026-08-21 16:42:32,729 [INFO] Averaged stats: lr: 0.000010  loss: 0.002092
2026-08-21 16:42:32,811 [INFO] gates: {"epoch": 40, "corr_s9_mean": 0.2065, "corr_s9_std": 0.09, "corr_s12_mean": -0.0144, "corr_s12_std": 0.0506, "corr_s_global": 0.2296, "corr_f_max_mean": 0.0309}
2026-08-21 16:42:32,811 [INFO] Evaluating on val.
Train: data epoch: [40]  [ 0/37]  eta: 0:00:38  lr: 0.000010  loss: 0.0020  time: 1.0507  data: 0.0002  max mem: 9852
Train: data epoch: [40]  [20/37]  eta: 0:00:11  lr: 0.000010  loss: 0.0019  time: 0.6585  data: 0.0000  max mem: 9852
Train: data epoch: [40]  [36/37]  eta: 0:00:00  lr: 0.000010  loss: 0.0024  time: 0.6882  data: 0.0000  max mem: 9852
Train: data epoch: [40] Total time: 0:00:25 (0.6818 s / it)
2026-08-21 16:42:40,173 [INFO] Qual: EPOCH[40] -> PLCC: 0.893335, SROCC: 0.851616, KROCC: 0.666629, LOSS: 0.206226
2026-08-21 16:42:40,173 [INFO] Align: EPOCH[40] -> PLCC: 0.812296, SROCC: 0.656460, KROCC: 0.478515, LOSS: 0.338551
2026-08-21 16:42:40,193 [INFO] Saving checkpoint at epoch 40 to run/20260821162_B2_V111_s4/checkpoint_latest.pth.
2026-08-21 16:42:40,269 [INFO] Start training
2026-08-21 16:42:40,568 [INFO] Start training epoch 41, 37 iters per inner epoch.
2026-08-21 16:43:06,036 [INFO] Averaged stats: lr: 0.000009  loss: 0.002006
2026-08-21 16:43:06,116 [INFO] gates: {"epoch": 41, "corr_s9_mean": 0.2089, "corr_s9_std": 0.0921, "corr_s12_mean": -0.0159, "corr_s12_std": 0.0531, "corr_s_global": 0.2382, "corr_f_max_mean": 0.0315}
2026-08-21 16:43:06,116 [INFO] Evaluating on val.
Train: data epoch: [41]  [ 0/37]  eta: 0:00:45  lr: 0.000009  loss: 0.0017  time: 1.2419  data: 0.0001  max mem: 9852
Train: data epoch: [41]  [20/37]  eta: 0:00:11  lr: 0.000009  loss: 0.0016  time: 0.6605  data: 0.0000  max mem: 9852
Train: data epoch: [41]  [36/37]  eta: 0:00:00  lr: 0.000009  loss: 0.0016  time: 0.6893  data: 0.0000  max mem: 9852
Train: data epoch: [41] Total time: 0:00:25 (0.6883 s / it)
2026-08-21 16:43:14,031 [INFO] Qual: EPOCH[41] -> PLCC: 0.893197, SROCC: 0.851367, KROCC: 0.666302, LOSS: 0.206893
2026-08-21 16:43:14,031 [INFO] Align: EPOCH[41] -> PLCC: 0.812288, SROCC: 0.656249, KROCC: 0.478132, LOSS: 0.337757
2026-08-21 16:43:14,032 [INFO] Start training
2026-08-21 16:43:14,331 [INFO] Start training epoch 42, 37 iters per inner epoch.
2026-08-21 16:43:40,683 [INFO] Averaged stats: lr: 0.000007  loss: 0.002024
2026-08-21 16:43:40,783 [INFO] gates: {"epoch": 42, "corr_s9_mean": 0.1784, "corr_s9_std": 0.0959, "corr_s12_mean": -0.0028, "corr_s12_std": 0.0504, "corr_s_global": 0.2434, "corr_f_max_mean": 0.0307}
2026-08-21 16:43:40,783 [INFO] Evaluating on val.
Train: data epoch: [42]  [ 0/37]  eta: 0:00:58  lr: 0.000007  loss: 0.0015  time: 1.5798  data: 0.0001  max mem: 9852
Train: data epoch: [42]  [20/37]  eta: 0:00:12  lr: 0.000007  loss: 0.0019  time: 0.6891  data: 0.0000  max mem: 9852
Train: data epoch: [42]  [36/37]  eta: 0:00:00  lr: 0.000007  loss: 0.0016  time: 0.6876  data: 0.0000  max mem: 9852
Train: data epoch: [42] Total time: 0:00:26 (0.7122 s / it)
2026-08-21 16:43:49,099 [INFO] Qual: EPOCH[42] -> PLCC: 0.893383, SROCC: 0.851346, KROCC: 0.666279, LOSS: 0.206120
2026-08-21 16:43:49,099 [INFO] Align: EPOCH[42] -> PLCC: 0.812356, SROCC: 0.656405, KROCC: 0.478335, LOSS: 0.338618
2026-08-21 16:43:49,100 [INFO] Start training
2026-08-21 16:43:49,395 [INFO] Start training epoch 43, 37 iters per inner epoch.
2026-08-21 16:44:15,659 [INFO] Averaged stats: lr: 0.000006  loss: 0.001945
2026-08-21 16:44:15,734 [INFO] gates: {"epoch": 43, "corr_s9_mean": 0.2111, "corr_s9_std": 0.09, "corr_s12_mean": -0.0067, "corr_s12_std": 0.0506, "corr_s_global": 0.2346, "corr_f_max_mean": 0.0311}
2026-08-21 16:44:15,735 [INFO] Evaluating on val.
Train: data epoch: [43]  [ 0/37]  eta: 0:00:52  lr: 0.000006  loss: 0.0025  time: 1.4155  data: 0.0001  max mem: 9852
Train: data epoch: [43]  [20/37]  eta: 0:00:12  lr: 0.000006  loss: 0.0015  time: 0.6852  data: 0.0000  max mem: 9852
Train: data epoch: [43]  [36/37]  eta: 0:00:00  lr: 0.000006  loss: 0.0021  time: 0.6933  data: 0.0000  max mem: 9852
Train: data epoch: [43] Total time: 0:00:26 (0.7098 s / it)
2026-08-21 16:44:24,523 [INFO] Qual: EPOCH[43] -> PLCC: 0.893234, SROCC: 0.851332, KROCC: 0.666257, LOSS: 0.206671
2026-08-21 16:44:24,524 [INFO] Align: EPOCH[43] -> PLCC: 0.812494, SROCC: 0.656666, KROCC: 0.478617, LOSS: 0.337760
2026-08-21 16:44:24,525 [INFO] Start training
2026-08-21 16:44:24,839 [INFO] Start training epoch 44, 37 iters per inner epoch.
2026-08-21 16:44:51,214 [INFO] Averaged stats: lr: 0.000004  loss: 0.002045
2026-08-21 16:44:51,291 [INFO] gates: {"epoch": 44, "corr_s9_mean": 0.1874, "corr_s9_std": 0.0905, "corr_s12_mean": -0.0015, "corr_s12_std": 0.0512, "corr_s_global": 0.2393, "corr_f_max_mean": 0.0302}
2026-08-21 16:44:51,291 [INFO] Evaluating on val.
Train: data epoch: [44]  [ 0/37]  eta: 0:01:10  lr: 0.000004  loss: 0.0018  time: 1.8935  data: 0.0002  max mem: 9852
Train: data epoch: [44]  [20/37]  eta: 0:00:12  lr: 0.000004  loss: 0.0033  time: 0.6877  data: 0.0000  max mem: 9852
Train: data epoch: [44]  [36/37]  eta: 0:00:00  lr: 0.000004  loss: 0.0015  time: 0.6742  data: 0.0000  max mem: 9852
Train: data epoch: [44] Total time: 0:00:26 (0.7128 s / it)
2026-08-21 16:44:59,521 [INFO] Qual: EPOCH[44] -> PLCC: 0.893077, SROCC: 0.851076, KROCC: 0.666042, LOSS: 0.206596
2026-08-21 16:44:59,521 [INFO] Align: EPOCH[44] -> PLCC: 0.812370, SROCC: 0.656338, KROCC: 0.478380, LOSS: 0.338017
2026-08-21 16:44:59,522 [INFO] Start training
2026-08-21 16:44:59,858 [INFO] Start training epoch 45, 37 iters per inner epoch.
2026-08-21 16:45:25,585 [INFO] Averaged stats: lr: 0.000003  loss: 0.001887
2026-08-21 16:45:25,659 [INFO] gates: {"epoch": 45, "corr_s9_mean": 0.1894, "corr_s9_std": 0.0917, "corr_s12_mean": -0.0042, "corr_s12_std": 0.0502, "corr_s_global": 0.233, "corr_f_max_mean": 0.0302}
2026-08-21 16:45:25,659 [INFO] Evaluating on val.
Train: data epoch: [45]  [ 0/37]  eta: 0:01:17  lr: 0.000003  loss: 0.0018  time: 2.0926  data: 0.0002  max mem: 9852
Train: data epoch: [45]  [20/37]  eta: 0:00:12  lr: 0.000003  loss: 0.0019  time: 0.6845  data: 0.0000  max mem: 9852
Train: data epoch: [45]  [36/37]  eta: 0:00:00  lr: 0.000003  loss: 0.0017  time: 0.6343  data: 0.0000  max mem: 9852
Train: data epoch: [45] Total time: 0:00:25 (0.6953 s / it)
2026-08-21 16:45:33,025 [INFO] Qual: EPOCH[45] -> PLCC: 0.893141, SROCC: 0.851100, KROCC: 0.665884, LOSS: 0.206414
2026-08-21 16:45:33,025 [INFO] Align: EPOCH[45] -> PLCC: 0.812313, SROCC: 0.656238, KROCC: 0.478278, LOSS: 0.338373
2026-08-21 16:45:33,042 [INFO] Saving checkpoint at epoch 45 to run/20260821162_B2_V111_s4/checkpoint_latest.pth.
2026-08-21 16:45:33,143 [INFO] Start training
2026-08-21 16:45:33,490 [INFO] Start training epoch 46, 37 iters per inner epoch.
2026-08-21 16:45:58,500 [INFO] Averaged stats: lr: 0.000003  loss: 0.001992
2026-08-21 16:45:58,599 [INFO] gates: {"epoch": 46, "corr_s9_mean": 0.1901, "corr_s9_std": 0.0948, "corr_s12_mean": -0.0042, "corr_s12_std": 0.0522, "corr_s_global": 0.2321, "corr_f_max_mean": 0.0311}
2026-08-21 16:45:58,599 [INFO] Evaluating on val.
Train: data epoch: [46]  [ 0/37]  eta: 0:00:52  lr: 0.000003  loss: 0.0021  time: 1.4235  data: 0.0001  max mem: 9852
Train: data epoch: [46]  [20/37]  eta: 0:00:12  lr: 0.000003  loss: 0.0019  time: 0.6837  data: 0.0000  max mem: 9852
Train: data epoch: [46]  [36/37]  eta: 0:00:00  lr: 0.000003  loss: 0.0022  time: 0.6291  data: 0.0000  max mem: 9852
Train: data epoch: [46] Total time: 0:00:25 (0.6759 s / it)
2026-08-21 16:46:05,840 [INFO] Qual: EPOCH[46] -> PLCC: 0.893055, SROCC: 0.851050, KROCC: 0.665817, LOSS: 0.206708
2026-08-21 16:46:05,840 [INFO] Align: EPOCH[46] -> PLCC: 0.812307, SROCC: 0.656282, KROCC: 0.478278, LOSS: 0.338262
2026-08-21 16:46:05,841 [INFO] Start training
2026-08-21 16:46:06,149 [INFO] Start training epoch 47, 37 iters per inner epoch.
2026-08-21 16:46:31,747 [INFO] Averaged stats: lr: 0.000002  loss: 0.001906
2026-08-21 16:46:31,820 [INFO] gates: {"epoch": 47, "corr_s9_mean": 0.1854, "corr_s9_std": 0.094, "corr_s12_mean": -0.0129, "corr_s12_std": 0.0508, "corr_s_global": 0.2345, "corr_f_max_mean": 0.0307}
2026-08-21 16:46:31,820 [INFO] Evaluating on val.
Train: data epoch: [47]  [ 0/37]  eta: 0:00:56  lr: 0.000002  loss: 0.0013  time: 1.5382  data: 0.0002  max mem: 9852
Train: data epoch: [47]  [20/37]  eta: 0:00:12  lr: 0.000002  loss: 0.0021  time: 0.6906  data: 0.0000  max mem: 9852
Train: data epoch: [47]  [36/37]  eta: 0:00:00  lr: 0.000002  loss: 0.0020  time: 0.6521  data: 0.0000  max mem: 9852
Train: data epoch: [47] Total time: 0:00:25 (0.6918 s / it)
2026-08-21 16:46:39,180 [INFO] Qual: EPOCH[47] -> PLCC: 0.893014, SROCC: 0.851054, KROCC: 0.665884, LOSS: 0.206654
2026-08-21 16:46:39,180 [INFO] Align: EPOCH[47] -> PLCC: 0.812335, SROCC: 0.656388, KROCC: 0.478369, LOSS: 0.338137
2026-08-21 16:46:39,181 [INFO] Start training
2026-08-21 16:46:39,498 [INFO] Start training epoch 48, 37 iters per inner epoch.
2026-08-21 16:47:04,657 [INFO] Averaged stats: lr: 0.000001  loss: 0.001901
2026-08-21 16:47:04,729 [INFO] gates: {"epoch": 48, "corr_s9_mean": 0.205, "corr_s9_std": 0.0921, "corr_s12_mean": -0.0117, "corr_s12_std": 0.0518, "corr_s_global": 0.2347, "corr_f_max_mean": 0.0312}
2026-08-21 16:47:04,730 [INFO] Evaluating on val.
Train: data epoch: [48]  [ 0/37]  eta: 0:00:50  lr: 0.000001  loss: 0.0017  time: 1.3771  data: 0.0002  max mem: 9852
Train: data epoch: [48]  [20/37]  eta: 0:00:12  lr: 0.000001  loss: 0.0021  time: 0.6844  data: 0.0000  max mem: 9852
Train: data epoch: [48]  [36/37]  eta: 0:00:00  lr: 0.000001  loss: 0.0028  time: 0.6390  data: 0.0000  max mem: 9852
Train: data epoch: [48] Total time: 0:00:25 (0.6799 s / it)
2026-08-21 16:47:12,147 [INFO] Qual: EPOCH[48] -> PLCC: 0.893027, SROCC: 0.851141, KROCC: 0.665963, LOSS: 0.206675
2026-08-21 16:47:12,147 [INFO] Align: EPOCH[48] -> PLCC: 0.812319, SROCC: 0.656320, KROCC: 0.478312, LOSS: 0.338365
2026-08-21 16:47:12,148 [INFO] Start training
2026-08-21 16:47:12,458 [INFO] Start training epoch 49, 37 iters per inner epoch.
2026-08-21 16:47:38,205 [INFO] Averaged stats: lr: 0.000001  loss: 0.001917
2026-08-21 16:47:38,298 [INFO] gates: {"epoch": 49, "corr_s9_mean": 0.1748, "corr_s9_std": 0.0912, "corr_s12_mean": 0.0151, "corr_s12_std": 0.0483, "corr_s_global": 0.2378, "corr_f_max_mean": 0.0299}
2026-08-21 16:47:38,298 [INFO] Evaluating on val.
Train: data epoch: [49]  [ 0/37]  eta: 0:00:57  lr: 0.000001  loss: 0.0018  time: 1.5407  data: 0.0001  max mem: 9852
Train: data epoch: [49]  [20/37]  eta: 0:00:12  lr: 0.000001  loss: 0.0023  time: 0.6943  data: 0.0000  max mem: 9852
Train: data epoch: [49]  [36/37]  eta: 0:00:00  lr: 0.000001  loss: 0.0015  time: 0.6568  data: 0.0000  max mem: 9852
Train: data epoch: [49] Total time: 0:00:25 (0.6959 s / it)
2026-08-21 16:47:42,924 [INFO] Qual: EPOCH[49] -> PLCC: 0.893153, SROCC: 0.851241, KROCC: 0.666020, LOSS: 0.206390
2026-08-21 16:47:42,924 [INFO] Align: EPOCH[49] -> PLCC: 0.812329, SROCC: 0.656431, KROCC: 0.478470, LOSS: 0.338204
2026-08-21 16:47:42,938 [INFO] Saving checkpoint at epoch 49 to run/20260821162_B2_V111_s4/checkpoint_latest.pth.
[{'agg_metrics': np.float64(4.462735596240954), 'qual_agg': np.float64(2.4181164169235525), 'qual_PLCC': np.float64(0.8963097640550588), 'qual_SROCC': np.float64(0.8538574157798946), 'qual_KROCC': np.float64(0.667949237088599), 'align_agg': np.float64(2.0446191793174013), 'align_PLCC': np.float64(0.8391183610324864), 'align_SROCC': np.float64(0.6950221399460111), 'align_KROCC': np.float64(0.5104786783389036)}]
{'agg_metrics': np.float64(4.462735596240954), 'qual_agg': np.float64(2.4181164169235525), 'qual_PLCC': np.float64(0.8963097640550588), 'qual_SROCC': np.float64(0.8538574157798946), 'qual_KROCC': np.float64(0.667949237088599), 'align_agg': np.float64(2.0446191793174013), 'align_PLCC': np.float64(0.8391183610324864), 'align_SROCC': np.float64(0.6950221399460111), 'align_KROCC': np.float64(0.5104786783389036)}
