2026-08-22 20:33:27,952 [INFO] Loaded init weights from init_ckpt/v23_final_agiqa3k_seed42.pth
2026-08-22 20:33:27,952 [INFO] Start training
2026-08-22 20:33:27,970 [INFO] number of trainable parameters: 1895685
Not using distributed mode
['msqr_dgmpq_abl_v21', 'msqr_dgmpq_cadr_v18', 'msqr_dgmpq_daps_v16', 'msqr_dgmpq_hcmi_v8', 'msqr_dgmpq_hmqe_dcga_v20', 'msqr_dgmpq_mscm_v10', 'msqr_dgmpq_mscm_v11', 'msqr_dgmpq_mscm_v12', 'msqr_dgmpq_msrc_v14', 'msqr_dgmpq_ptlc_v15', 'msqr_dgmpq_qard_v17', 'msqr_dgmpq_tcap_v9', 'msqr_dgmpqplus_dcar_v19', 'msqr_mlpq_mgsc_v23', 'msqr_mlpq_mgsc_v23_final', 'msqr_mlpq_mgsc_v23_refined']
2026-08-22 20:33:30,053 [INFO] Start training epoch 0, 37 iters per inner epoch.
2026-08-22 20:33:52,966 [INFO] Averaged stats: lr: 0.000036  loss: 6.530985
2026-08-22 20:33:53,051 [INFO] gates: {"epoch": 0, "quality_ratio": 0.0708, "lambda_q": 0.0116, "patch_w_mean": 0.517, "patch_w_std": 0.0113, "mgsc_global_sim_mean": 0.283, "mgsc_global_sim_std": 0.0574, "mgsc_local_sim_mean": 0.1185, "mgsc_local_sim_std": 0.0291, "mgsc_frag_count": 4, "mgsc_frag_w_entropy": 1.3778, "mgsc_gl_gap_mean": 0.1645, "mgsc_gl_gap_std": 0.0571}
2026-08-22 20:33:53,051 [INFO] Evaluating on val.
Train: data epoch: [0]  [ 0/37]  eta: 0:02:31  lr: 0.000000  loss: 7.1205  time: 4.0904  data: 0.0001  max mem: 5155
Train: data epoch: [0]  [20/37]  eta: 0:00:11  lr: 0.000040  loss: 6.9739  time: 0.5316  data: 0.0000  max mem: 5170
Train: data epoch: [0]  [36/37]  eta: 0:00:00  lr: 0.000072  loss: 3.9109  time: 0.5167  data: 0.0000  max mem: 5170
Train: data epoch: [0] Total time: 0:00:22 (0.6192 s / it)
2026-08-22 20:33:59,541 [INFO] Qual: EPOCH[0] -> PLCC: -0.139556, SROCC: -0.118534, KROCC: -0.078457, LOSS: 5.855208
2026-08-22 20:33:59,542 [INFO] Align: EPOCH[0] -> PLCC: 0.050521, SROCC: 0.096760, KROCC: 0.063699, LOSS: 2.643982
2026-08-22 20:33:59,558 [INFO] Saving checkpoint at epoch 0 to run/20260822203_D_mgsc_global_local/checkpoint_best.pth.
2026-08-22 20:33:59,630 [INFO] Saving checkpoint at epoch 0 to run/20260822203_D_mgsc_global_local/checkpoint_best_joint.pth.
2026-08-22 20:33:59,685 [INFO] Start training
2026-08-22 20:34:00,034 [INFO] Start training epoch 1, 37 iters per inner epoch.
2026-08-22 20:34:20,387 [INFO] Averaged stats: lr: 0.000100  loss: 1.963526
2026-08-22 20:34:20,493 [INFO] gates: {"epoch": 1, "quality_ratio": 0.0448, "lambda_q": 0.0159, "patch_w_mean": 0.5404, "patch_w_std": 0.027, "mgsc_global_sim_mean": 0.2672, "mgsc_global_sim_std": 0.031, "mgsc_local_sim_mean": 0.1285, "mgsc_local_sim_std": 0.0284, "mgsc_frag_count": 4, "mgsc_frag_w_entropy": 1.3795, "mgsc_gl_gap_mean": 0.1387, "mgsc_gl_gap_std": 0.0354}
2026-08-22 20:34:20,493 [INFO] Evaluating on val.
Train: data epoch: [1]  [ 0/37]  eta: 0:00:56  lr: 0.000100  loss: 4.2890  time: 1.5219  data: 0.0001  max mem: 5170
Train: data epoch: [1]  [20/37]  eta: 0:00:09  lr: 0.000100  loss: 1.5898  time: 0.5294  data: 0.0000  max mem: 5170
Train: data epoch: [1]  [36/37]  eta: 0:00:00  lr: 0.000100  loss: 0.8578  time: 0.5202  data: 0.0000  max mem: 5170
Train: data epoch: [1] Total time: 0:00:20 (0.5501 s / it)
2026-08-22 20:34:26,090 [INFO] Qual: EPOCH[1] -> PLCC: 0.376116, SROCC: 0.340981, KROCC: 0.231932, LOSS: 0.874252
2026-08-22 20:34:26,091 [INFO] Align: EPOCH[1] -> PLCC: 0.668963, SROCC: 0.591950, KROCC: 0.416742, LOSS: 0.856285
2026-08-22 20:34:26,107 [INFO] Saving checkpoint at epoch 1 to run/20260822203_D_mgsc_global_local/checkpoint_best.pth.
2026-08-22 20:34:26,198 [INFO] Saving checkpoint at epoch 1 to run/20260822203_D_mgsc_global_local/checkpoint_best_joint.pth.
2026-08-22 20:34:26,268 [INFO] Start training
2026-08-22 20:34:26,605 [INFO] Start training epoch 2, 37 iters per inner epoch.
2026-08-22 20:34:46,099 [INFO] Averaged stats: lr: 0.000100  loss: 0.735958
2026-08-22 20:34:46,193 [INFO] gates: {"epoch": 2, "quality_ratio": 0.0492, "lambda_q": 0.016, "patch_w_mean": 0.5072, "patch_w_std": 0.0266, "mgsc_global_sim_mean": 0.2798, "mgsc_global_sim_std": 0.0343, "mgsc_local_sim_mean": 0.1256, "mgsc_local_sim_std": 0.027, "mgsc_frag_count": 4, "mgsc_frag_w_entropy": 1.3782, "mgsc_gl_gap_mean": 0.1542, "mgsc_gl_gap_std": 0.0378}
2026-08-22 20:34:46,193 [INFO] Evaluating on val.
Train: data epoch: [2]  [ 0/37]  eta: 0:00:40  lr: 0.000100  loss: 1.1482  time: 1.1032  data: 0.0001  max mem: 5170
Train: data epoch: [2]  [20/37]  eta: 0:00:09  lr: 0.000100  loss: 0.6733  time: 0.5192  data: 0.0000  max mem: 5170
Train: data epoch: [2]  [36/37]  eta: 0:00:00  lr: 0.000100  loss: 0.4909  time: 0.5065  data: 0.0000  max mem: 5170
Train: data epoch: [2] Total time: 0:00:19 (0.5269 s / it)
2026-08-22 20:34:50,524 [INFO] Qual: EPOCH[2] -> PLCC: 0.764218, SROCC: 0.692833, KROCC: 0.506037, LOSS: 0.422275
2026-08-22 20:34:50,524 [INFO] Align: EPOCH[2] -> PLCC: 0.771787, SROCC: 0.648136, KROCC: 0.470643, LOSS: 0.627324
2026-08-22 20:34:50,539 [INFO] Saving checkpoint at epoch 2 to run/20260822203_D_mgsc_global_local/checkpoint_best.pth.
2026-08-22 20:34:50,628 [INFO] Saving checkpoint at epoch 2 to run/20260822203_D_mgsc_global_local/checkpoint_best_joint.pth.
2026-08-22 20:34:50,693 [INFO] Start training
2026-08-22 20:34:51,026 [INFO] Start training epoch 3, 37 iters per inner epoch.
2026-08-22 20:35:10,914 [INFO] Averaged stats: lr: 0.000099  loss: 0.390866
2026-08-22 20:35:11,023 [INFO] gates: {"epoch": 3, "quality_ratio": 0.0523, "lambda_q": 0.0166, "patch_w_mean": 0.471, "patch_w_std": 0.0306, "mgsc_global_sim_mean": 0.2644, "mgsc_global_sim_std": 0.0375, "mgsc_local_sim_mean": 0.121, "mgsc_local_sim_std": 0.026, "mgsc_frag_count": 4, "mgsc_frag_w_entropy": 1.3782, "mgsc_gl_gap_mean": 0.1434, "mgsc_gl_gap_std": 0.0353}
2026-08-22 20:35:11,023 [INFO] Evaluating on val.
Train: data epoch: [3]  [ 0/37]  eta: 0:00:51  lr: 0.000099  loss: 0.5043  time: 1.3992  data: 0.0001  max mem: 5170
Train: data epoch: [3]  [20/37]  eta: 0:00:09  lr: 0.000099  loss: 0.3442  time: 0.5108  data: 0.0000  max mem: 5170
Train: data epoch: [3]  [36/37]  eta: 0:00:00  lr: 0.000099  loss: 0.3541  time: 0.5227  data: 0.0000  max mem: 5170
Train: data epoch: [3] Total time: 0:00:19 (0.5375 s / it)
2026-08-22 20:35:15,955 [INFO] Qual: EPOCH[3] -> PLCC: 0.857402, SROCC: 0.774550, KROCC: 0.588213, LOSS: 0.245752
2026-08-22 20:35:15,955 [INFO] Align: EPOCH[3] -> PLCC: 0.786282, SROCC: 0.645416, KROCC: 0.467993, LOSS: 0.378135
2026-08-22 20:35:15,981 [INFO] Saving checkpoint at epoch 3 to run/20260822203_D_mgsc_global_local/checkpoint_best.pth.
2026-08-22 20:35:16,169 [INFO] Saving checkpoint at epoch 3 to run/20260822203_D_mgsc_global_local/checkpoint_best_joint.pth.
2026-08-22 20:35:16,282 [INFO] Start training
2026-08-22 20:35:16,716 [INFO] Start training epoch 4, 37 iters per inner epoch.
2026-08-22 20:35:36,890 [INFO] Averaged stats: lr: 0.000098  loss: 0.261952
2026-08-22 20:35:36,984 [INFO] gates: {"epoch": 4, "quality_ratio": 0.0487, "lambda_q": 0.0171, "patch_w_mean": 0.4522, "patch_w_std": 0.0443, "mgsc_global_sim_mean": 0.2574, "mgsc_global_sim_std": 0.0286, "mgsc_local_sim_mean": 0.1229, "mgsc_local_sim_std": 0.0282, "mgsc_frag_count": 4, "mgsc_frag_w_entropy": 1.3782, "mgsc_gl_gap_mean": 0.1346, "mgsc_gl_gap_std": 0.0403}
2026-08-22 20:35:36,984 [INFO] Evaluating on val.
Train: data epoch: [4]  [ 0/37]  eta: 0:00:55  lr: 0.000098  loss: 0.2812  time: 1.4993  data: 0.0001  max mem: 5170
Train: data epoch: [4]  [20/37]  eta: 0:00:09  lr: 0.000098  loss: 0.2173  time: 0.5161  data: 0.0000  max mem: 5170
Train: data epoch: [4]  [36/37]  eta: 0:00:00  lr: 0.000098  loss: 0.1937  time: 0.5261  data: 0.0000  max mem: 5170
Train: data epoch: [4] Total time: 0:00:20 (0.5452 s / it)
2026-08-22 20:35:42,694 [INFO] Qual: EPOCH[4] -> PLCC: 0.886064, SROCC: 0.822212, KROCC: 0.638135, LOSS: 0.205782
2026-08-22 20:35:42,694 [INFO] Align: EPOCH[4] -> PLCC: 0.815512, SROCC: 0.659395, KROCC: 0.481876, LOSS: 0.323189
2026-08-22 20:35:42,712 [INFO] Saving checkpoint at epoch 4 to run/20260822203_D_mgsc_global_local/checkpoint_best.pth.
2026-08-22 20:35:42,799 [INFO] Saving checkpoint at epoch 4 to run/20260822203_D_mgsc_global_local/checkpoint_best_joint.pth.
2026-08-22 20:35:42,860 [INFO] Start training
2026-08-22 20:35:43,204 [INFO] Start training epoch 5, 37 iters per inner epoch.
2026-08-22 20:36:03,276 [INFO] Averaged stats: lr: 0.000098  loss: 0.228337
2026-08-22 20:36:03,372 [INFO] gates: {"epoch": 5, "quality_ratio": 0.0527, "lambda_q": 0.0175, "patch_w_mean": 0.4164, "patch_w_std": 0.0748, "mgsc_global_sim_mean": 0.253, "mgsc_global_sim_std": 0.0317, "mgsc_local_sim_mean": 0.1264, "mgsc_local_sim_std": 0.0271, "mgsc_frag_count": 4, "mgsc_frag_w_entropy": 1.3792, "mgsc_gl_gap_mean": 0.1266, "mgsc_gl_gap_std": 0.0365}
2026-08-22 20:36:03,372 [INFO] Evaluating on val.
Train: data epoch: [5]  [ 0/37]  eta: 0:00:48  lr: 0.000098  loss: 0.2605  time: 1.3227  data: 0.0001  max mem: 5170
Train: data epoch: [5]  [20/37]  eta: 0:00:09  lr: 0.000098  loss: 0.1564  time: 0.5203  data: 0.0000  max mem: 5170
Train: data epoch: [5]  [36/37]  eta: 0:00:00  lr: 0.000098  loss: 0.2601  time: 0.5250  data: 0.0000  max mem: 5170
Train: data epoch: [5] Total time: 0:00:20 (0.5425 s / it)
2026-08-22 20:36:09,229 [INFO] Qual: EPOCH[5] -> PLCC: 0.895878, SROCC: 0.836766, KROCC: 0.654134, LOSS: 0.183662
2026-08-22 20:36:09,229 [INFO] Align: EPOCH[5] -> PLCC: 0.826319, SROCC: 0.664211, KROCC: 0.487154, LOSS: 0.304768
2026-08-22 20:36:09,274 [INFO] Saving checkpoint at epoch 5 to run/20260822203_D_mgsc_global_local/checkpoint_best.pth.
2026-08-22 20:36:09,374 [INFO] Saving checkpoint at epoch 5 to run/20260822203_D_mgsc_global_local/checkpoint_best_joint.pth.
2026-08-22 20:36:09,449 [INFO] Start training
2026-08-22 20:36:09,803 [INFO] Start training epoch 6, 37 iters per inner epoch.
2026-08-22 20:36:29,720 [INFO] Averaged stats: lr: 0.000097  loss: 0.209175
2026-08-22 20:36:29,814 [INFO] gates: {"epoch": 6, "quality_ratio": 0.0553, "lambda_q": 0.018, "patch_w_mean": 0.3918, "patch_w_std": 0.1024, "mgsc_global_sim_mean": 0.2547, "mgsc_global_sim_std": 0.0316, "mgsc_local_sim_mean": 0.1226, "mgsc_local_sim_std": 0.0295, "mgsc_frag_count": 4, "mgsc_frag_w_entropy": 1.3784, "mgsc_gl_gap_mean": 0.1321, "mgsc_gl_gap_std": 0.0404}
2026-08-22 20:36:29,815 [INFO] Evaluating on val.
Train: data epoch: [6]  [ 0/37]  eta: 0:00:48  lr: 0.000097  loss: 0.2091  time: 1.3241  data: 0.0001  max mem: 5170
Train: data epoch: [6]  [20/37]  eta: 0:00:09  lr: 0.000097  loss: 0.1620  time: 0.5141  data: 0.0000  max mem: 5170
Train: data epoch: [6]  [36/37]  eta: 0:00:00  lr: 0.000097  loss: 0.1248  time: 0.5184  data: 0.0000  max mem: 5170
Train: data epoch: [6] Total time: 0:00:19 (0.5383 s / it)
2026-08-22 20:36:35,759 [INFO] Qual: EPOCH[6] -> PLCC: 0.902233, SROCC: 0.845483, KROCC: 0.664266, LOSS: 0.177357
2026-08-22 20:36:35,759 [INFO] Align: EPOCH[6] -> PLCC: 0.831401, SROCC: 0.668610, KROCC: 0.491117, LOSS: 0.297859
2026-08-22 20:36:35,786 [INFO] Saving checkpoint at epoch 6 to run/20260822203_D_mgsc_global_local/checkpoint_best.pth.
2026-08-22 20:36:35,901 [INFO] Saving checkpoint at epoch 6 to run/20260822203_D_mgsc_global_local/checkpoint_best_joint.pth.
2026-08-22 20:36:35,962 [INFO] Start training
2026-08-22 20:36:36,318 [INFO] Start training epoch 7, 37 iters per inner epoch.
2026-08-22 20:36:56,298 [INFO] Averaged stats: lr: 0.000095  loss: 0.194197
2026-08-22 20:36:56,385 [INFO] gates: {"epoch": 7, "quality_ratio": 0.0566, "lambda_q": 0.0185, "patch_w_mean": 0.3589, "patch_w_std": 0.1149, "mgsc_global_sim_mean": 0.2567, "mgsc_global_sim_std": 0.0311, "mgsc_local_sim_mean": 0.1264, "mgsc_local_sim_std": 0.0269, "mgsc_frag_count": 4, "mgsc_frag_w_entropy": 1.3778, "mgsc_gl_gap_mean": 0.1304, "mgsc_gl_gap_std": 0.0341}
2026-08-22 20:36:56,385 [INFO] Evaluating on val.
Train: data epoch: [7]  [ 0/37]  eta: 0:00:46  lr: 0.000095  loss: 0.1586  time: 1.2568  data: 0.0001  max mem: 5170
Train: data epoch: [7]  [20/37]  eta: 0:00:09  lr: 0.000095  loss: 0.1526  time: 0.5138  data: 0.0000  max mem: 5170
Train: data epoch: [7]  [36/37]  eta: 0:00:00  lr: 0.000095  loss: 0.1558  time: 0.5311  data: 0.0000  max mem: 5170
Train: data epoch: [7] Total time: 0:00:19 (0.5400 s / it)
2026-08-22 20:37:02,476 [INFO] Qual: EPOCH[7] -> PLCC: 0.906476, SROCC: 0.851937, KROCC: 0.671636, LOSS: 0.175478
2026-08-22 20:37:02,477 [INFO] Align: EPOCH[7] -> PLCC: 0.835713, SROCC: 0.672205, KROCC: 0.494669, LOSS: 0.291278
2026-08-22 20:37:02,492 [INFO] Saving checkpoint at epoch 7 to run/20260822203_D_mgsc_global_local/checkpoint_best.pth.
2026-08-22 20:37:02,555 [INFO] Saving checkpoint at epoch 7 to run/20260822203_D_mgsc_global_local/checkpoint_best_joint.pth.
2026-08-22 20:37:02,603 [INFO] Start training
2026-08-22 20:37:02,910 [INFO] Start training epoch 8, 37 iters per inner epoch.
2026-08-22 20:37:22,462 [INFO] Averaged stats: lr: 0.000094  loss: 0.183128
2026-08-22 20:37:22,568 [INFO] gates: {"epoch": 8, "quality_ratio": 0.0585, "lambda_q": 0.019, "patch_w_mean": 0.3416, "patch_w_std": 0.1244, "mgsc_global_sim_mean": 0.2571, "mgsc_global_sim_std": 0.0317, "mgsc_local_sim_mean": 0.1205, "mgsc_local_sim_std": 0.0291, "mgsc_frag_count": 4, "mgsc_frag_w_entropy": 1.3778, "mgsc_gl_gap_mean": 0.1365, "mgsc_gl_gap_std": 0.0382}
2026-08-22 20:37:22,569 [INFO] Evaluating on val.
Train: data epoch: [8]  [ 0/37]  eta: 0:00:39  lr: 0.000094  loss: 0.2155  time: 1.0808  data: 0.0001  max mem: 5170
Train: data epoch: [8]  [20/37]  eta: 0:00:09  lr: 0.000094  loss: 0.1829  time: 0.5097  data: 0.0000  max mem: 5170
Train: data epoch: [8]  [36/37]  eta: 0:00:00  lr: 0.000094  loss: 0.1913  time: 0.5207  data: 0.0000  max mem: 5170
Train: data epoch: [8] Total time: 0:00:19 (0.5284 s / it)
2026-08-22 20:37:28,570 [INFO] Qual: EPOCH[8] -> PLCC: 0.908884, SROCC: 0.855083, KROCC: 0.675221, LOSS: 0.166210
2026-08-22 20:37:28,570 [INFO] Align: EPOCH[8] -> PLCC: 0.838223, SROCC: 0.676384, KROCC: 0.498153, LOSS: 0.284468
2026-08-22 20:37:28,583 [INFO] Saving checkpoint at epoch 8 to run/20260822203_D_mgsc_global_local/checkpoint_best.pth.
2026-08-22 20:37:28,649 [INFO] Saving checkpoint at epoch 8 to run/20260822203_D_mgsc_global_local/checkpoint_best_joint.pth.
2026-08-22 20:37:28,692 [INFO] Start training
2026-08-22 20:37:28,990 [INFO] Start training epoch 9, 37 iters per inner epoch.
2026-08-22 20:37:49,104 [INFO] Averaged stats: lr: 0.000092  loss: 0.172470
2026-08-22 20:37:49,193 [INFO] gates: {"epoch": 9, "quality_ratio": 0.058, "lambda_q": 0.0195, "patch_w_mean": 0.3501, "patch_w_std": 0.1342, "mgsc_global_sim_mean": 0.2575, "mgsc_global_sim_std": 0.0308, "mgsc_local_sim_mean": 0.1192, "mgsc_local_sim_std": 0.0281, "mgsc_frag_count": 4, "mgsc_frag_w_entropy": 1.3775, "mgsc_gl_gap_mean": 0.1383, "mgsc_gl_gap_std": 0.0369}
2026-08-22 20:37:49,193 [INFO] Evaluating on val.
Train: data epoch: [9]  [ 0/37]  eta: 0:00:55  lr: 0.000092  loss: 0.2015  time: 1.4902  data: 0.0001  max mem: 5170
Train: data epoch: [9]  [20/37]  eta: 0:00:09  lr: 0.000092  loss: 0.1536  time: 0.5136  data: 0.0000  max mem: 5170
Train: data epoch: [9]  [36/37]  eta: 0:00:00  lr: 0.000092  loss: 0.1740  time: 0.5272  data: 0.0000  max mem: 5170
Train: data epoch: [9] Total time: 0:00:20 (0.5436 s / it)
2026-08-22 20:37:55,913 [INFO] Qual: EPOCH[9] -> PLCC: 0.909596, SROCC: 0.854363, KROCC: 0.674831, LOSS: 0.161046
2026-08-22 20:37:55,913 [INFO] Align: EPOCH[9] -> PLCC: 0.839779, SROCC: 0.679587, KROCC: 0.501137, LOSS: 0.282972
2026-08-22 20:37:55,929 [INFO] Saving checkpoint at epoch 9 to run/20260822203_D_mgsc_global_local/checkpoint_best_joint.pth.
2026-08-22 20:37:56,001 [INFO] Start training
2026-08-22 20:37:56,349 [INFO] Start training epoch 10, 37 iters per inner epoch.
2026-08-22 20:38:15,686 [INFO] Averaged stats: lr: 0.000091  loss: 0.166151
2026-08-22 20:38:15,785 [INFO] gates: {"epoch": 10, "quality_ratio": 0.0641, "lambda_q": 0.0201, "patch_w_mean": 0.2978, "patch_w_std": 0.147, "mgsc_global_sim_mean": 0.256, "mgsc_global_sim_std": 0.0272, "mgsc_local_sim_mean": 0.1222, "mgsc_local_sim_std": 0.026, "mgsc_frag_count": 4, "mgsc_frag_w_entropy": 1.3787, "mgsc_gl_gap_mean": 0.1338, "mgsc_gl_gap_std": 0.0304}
2026-08-22 20:38:15,786 [INFO] Evaluating on val.
Train: data epoch: [10]  [ 0/37]  eta: 0:00:45  lr: 0.000091  loss: 0.1956  time: 1.2247  data: 0.0001  max mem: 5170
Train: data epoch: [10]  [20/37]  eta: 0:00:09  lr: 0.000091  loss: 0.1520  time: 0.4993  data: 0.0000  max mem: 5170
Train: data epoch: [10]  [36/37]  eta: 0:00:00  lr: 0.000091  loss: 0.1495  time: 0.5140  data: 0.0000  max mem: 5170
Train: data epoch: [10] Total time: 0:00:19 (0.5226 s / it)
2026-08-22 20:38:23,085 [INFO] Qual: EPOCH[10] -> PLCC: 0.911485, SROCC: 0.859746, KROCC: 0.679875, LOSS: 0.163107
2026-08-22 20:38:23,085 [INFO] Align: EPOCH[10] -> PLCC: 0.840599, SROCC: 0.681522, KROCC: 0.502440, LOSS: 0.286421
2026-08-22 20:38:23,098 [INFO] Saving checkpoint at epoch 10 to run/20260822203_D_mgsc_global_local/checkpoint_best.pth.
2026-08-22 20:38:23,169 [INFO] Saving checkpoint at epoch 10 to run/20260822203_D_mgsc_global_local/checkpoint_best_joint.pth.
2026-08-22 20:38:23,218 [INFO] Start training
2026-08-22 20:38:23,501 [INFO] Start training epoch 11, 37 iters per inner epoch.
2026-08-22 20:38:43,003 [INFO] Averaged stats: lr: 0.000089  loss: 0.156886
2026-08-22 20:38:43,092 [INFO] gates: {"epoch": 11, "quality_ratio": 0.0607, "lambda_q": 0.0208, "patch_w_mean": 0.2993, "patch_w_std": 0.1473, "mgsc_global_sim_mean": 0.2555, "mgsc_global_sim_std": 0.0257, "mgsc_local_sim_mean": 0.128, "mgsc_local_sim_std": 0.0227, "mgsc_frag_count": 4, "mgsc_frag_w_entropy": 1.3785, "mgsc_gl_gap_mean": 0.1275, "mgsc_gl_gap_std": 0.0326}
2026-08-22 20:38:43,093 [INFO] Evaluating on val.
Train: data epoch: [11]  [ 0/37]  eta: 0:00:46  lr: 0.000089  loss: 0.1575  time: 1.2560  data: 0.0001  max mem: 5170
Train: data epoch: [11]  [20/37]  eta: 0:00:09  lr: 0.000089  loss: 0.1698  time: 0.5080  data: 0.0000  max mem: 5170
Train: data epoch: [11]  [36/37]  eta: 0:00:00  lr: 0.000089  loss: 0.1603  time: 0.4912  data: 0.0000  max mem: 5170
Train: data epoch: [11] Total time: 0:00:19 (0.5271 s / it)
2026-08-22 20:38:49,455 [INFO] Qual: EPOCH[11] -> PLCC: 0.912578, SROCC: 0.859811, KROCC: 0.680454, LOSS: 0.161499
2026-08-22 20:38:49,455 [INFO] Align: EPOCH[11] -> PLCC: 0.841763, SROCC: 0.683744, KROCC: 0.504655, LOSS: 0.280074
2026-08-22 20:38:49,471 [INFO] Saving checkpoint at epoch 11 to run/20260822203_D_mgsc_global_local/checkpoint_best.pth.
2026-08-22 20:38:49,561 [INFO] Saving checkpoint at epoch 11 to run/20260822203_D_mgsc_global_local/checkpoint_best_joint.pth.
2026-08-22 20:38:49,636 [INFO] Start training
2026-08-22 20:38:49,979 [INFO] Start training epoch 12, 37 iters per inner epoch.
2026-08-22 20:39:08,642 [INFO] Averaged stats: lr: 0.000087  loss: 0.149137
2026-08-22 20:39:08,744 [INFO] gates: {"epoch": 12, "quality_ratio": 0.068, "lambda_q": 0.0214, "patch_w_mean": 0.2503, "patch_w_std": 0.1525, "mgsc_global_sim_mean": 0.2562, "mgsc_global_sim_std": 0.0366, "mgsc_local_sim_mean": 0.1222, "mgsc_local_sim_std": 0.0284, "mgsc_frag_count": 4, "mgsc_frag_w_entropy": 1.3776, "mgsc_gl_gap_mean": 0.1339, "mgsc_gl_gap_std": 0.038}
2026-08-22 20:39:08,745 [INFO] Evaluating on val.
Train: data epoch: [12]  [ 0/37]  eta: 0:00:34  lr: 0.000087  loss: 0.1260  time: 0.9279  data: 0.0001  max mem: 5170
Train: data epoch: [12]  [20/37]  eta: 0:00:08  lr: 0.000087  loss: 0.1571  time: 0.4955  data: 0.0000  max mem: 5170
Train: data epoch: [12]  [36/37]  eta: 0:00:00  lr: 0.000087  loss: 0.1191  time: 0.4755  data: 0.0000  max mem: 5170
Train: data epoch: [12] Total time: 0:00:18 (0.5044 s / it)
2026-08-22 20:39:15,039 [INFO] Qual: EPOCH[12] -> PLCC: 0.913029, SROCC: 0.860081, KROCC: 0.681318, LOSS: 0.159921
2026-08-22 20:39:15,039 [INFO] Align: EPOCH[12] -> PLCC: 0.842498, SROCC: 0.684104, KROCC: 0.504444, LOSS: 0.277567
2026-08-22 20:39:15,055 [INFO] Saving checkpoint at epoch 12 to run/20260822203_D_mgsc_global_local/checkpoint_best.pth.
2026-08-22 20:39:15,144 [INFO] Saving checkpoint at epoch 12 to run/20260822203_D_mgsc_global_local/checkpoint_best_joint.pth.
2026-08-22 20:39:15,211 [INFO] Start training
2026-08-22 20:39:15,561 [INFO] Start training epoch 13, 37 iters per inner epoch.
2026-08-22 20:39:34,761 [INFO] Averaged stats: lr: 0.000084  loss: 0.144117
2026-08-22 20:39:34,890 [INFO] gates: {"epoch": 13, "quality_ratio": 0.0646, "lambda_q": 0.0221, "patch_w_mean": 0.2706, "patch_w_std": 0.1562, "mgsc_global_sim_mean": 0.2593, "mgsc_global_sim_std": 0.0261, "mgsc_local_sim_mean": 0.1228, "mgsc_local_sim_std": 0.0238, "mgsc_frag_count": 4, "mgsc_frag_w_entropy": 1.3792, "mgsc_gl_gap_mean": 0.1365, "mgsc_gl_gap_std": 0.0336}
2026-08-22 20:39:34,891 [INFO] Evaluating on val.
Train: data epoch: [13]  [ 0/37]  eta: 0:00:44  lr: 0.000084  loss: 0.1441  time: 1.1935  data: 0.0002  max mem: 5170
Train: data epoch: [13]  [20/37]  eta: 0:00:09  lr: 0.000084  loss: 0.1397  time: 0.5090  data: 0.0000  max mem: 5170
Train: data epoch: [13]  [36/37]  eta: 0:00:00  lr: 0.000084  loss: 0.2285  time: 0.4919  data: 0.0000  max mem: 5170
Train: data epoch: [13] Total time: 0:00:19 (0.5189 s / it)
2026-08-22 20:39:41,211 [INFO] Qual: EPOCH[13] -> PLCC: 0.914373, SROCC: 0.861770, KROCC: 0.683014, LOSS: 0.151545
2026-08-22 20:39:41,211 [INFO] Align: EPOCH[13] -> PLCC: 0.842325, SROCC: 0.683768, KROCC: 0.504221, LOSS: 0.277964
2026-08-22 20:39:41,227 [INFO] Saving checkpoint at epoch 13 to run/20260822203_D_mgsc_global_local/checkpoint_best.pth.
2026-08-22 20:39:41,315 [INFO] Saving checkpoint at epoch 13 to run/20260822203_D_mgsc_global_local/checkpoint_best_joint.pth.
2026-08-22 20:39:41,389 [INFO] Start training
2026-08-22 20:39:41,736 [INFO] Start training epoch 14, 37 iters per inner epoch.
2026-08-22 20:40:00,960 [INFO] Averaged stats: lr: 0.000082  loss: 0.138653
2026-08-22 20:40:01,053 [INFO] gates: {"epoch": 14, "quality_ratio": 0.0695, "lambda_q": 0.0227, "patch_w_mean": 0.241, "patch_w_std": 0.1462, "mgsc_global_sim_mean": 0.2567, "mgsc_global_sim_std": 0.0317, "mgsc_local_sim_mean": 0.1267, "mgsc_local_sim_std": 0.0261, "mgsc_frag_count": 4, "mgsc_frag_w_entropy": 1.3789, "mgsc_gl_gap_mean": 0.13, "mgsc_gl_gap_std": 0.0344}
2026-08-22 20:40:01,053 [INFO] Evaluating on val.
Train: data epoch: [14]  [ 0/37]  eta: 0:00:44  lr: 0.000082  loss: 0.1302  time: 1.2136  data: 0.0001  max mem: 5170
Train: data epoch: [14]  [20/37]  eta: 0:00:09  lr: 0.000082  loss: 0.1060  time: 0.4975  data: 0.0000  max mem: 5170
Train: data epoch: [14]  [36/37]  eta: 0:00:00  lr: 0.000082  loss: 0.1558  time: 0.4982  data: 0.0000  max mem: 5170
Train: data epoch: [14] Total time: 0:00:19 (0.5196 s / it)
2026-08-22 20:40:07,227 [INFO] Qual: EPOCH[14] -> PLCC: 0.913980, SROCC: 0.862032, KROCC: 0.683682, LOSS: 0.154446
2026-08-22 20:40:07,228 [INFO] Align: EPOCH[14] -> PLCC: 0.842484, SROCC: 0.685093, KROCC: 0.505557, LOSS: 0.278784
2026-08-22 20:40:07,241 [INFO] Saving checkpoint at epoch 14 to run/20260822203_D_mgsc_global_local/checkpoint_best_joint.pth.
2026-08-22 20:40:07,304 [INFO] Start training
2026-08-22 20:40:07,639 [INFO] Start training epoch 15, 37 iters per inner epoch.
2026-08-22 20:40:26,673 [INFO] Averaged stats: lr: 0.000080  loss: 0.133214
2026-08-22 20:40:26,778 [INFO] gates: {"epoch": 15, "quality_ratio": 0.0704, "lambda_q": 0.0234, "patch_w_mean": 0.2342, "patch_w_std": 0.1494, "mgsc_global_sim_mean": 0.262, "mgsc_global_sim_std": 0.0237, "mgsc_local_sim_mean": 0.1226, "mgsc_local_sim_std": 0.0262, "mgsc_frag_count": 4, "mgsc_frag_w_entropy": 1.3783, "mgsc_gl_gap_mean": 0.1394, "mgsc_gl_gap_std": 0.0314}
2026-08-22 20:40:26,778 [INFO] Evaluating on val.
Train: data epoch: [15]  [ 0/37]  eta: 0:00:42  lr: 0.000080  loss: 0.1115  time: 1.1501  data: 0.0001  max mem: 5170
Train: data epoch: [15]  [20/37]  eta: 0:00:08  lr: 0.000080  loss: 0.1185  time: 0.4962  data: 0.0000  max mem: 5170
Train: data epoch: [15]  [36/37]  eta: 0:00:00  lr: 0.000080  loss: 0.1526  time: 0.4959  data: 0.0000  max mem: 5170
Train: data epoch: [15] Total time: 0:00:19 (0.5144 s / it)
2026-08-22 20:40:33,320 [INFO] Qual: EPOCH[15] -> PLCC: 0.914217, SROCC: 0.860721, KROCC: 0.682402, LOSS: 0.154152
2026-08-22 20:40:33,320 [INFO] Align: EPOCH[15] -> PLCC: 0.841528, SROCC: 0.682727, KROCC: 0.503241, LOSS: 0.280010
2026-08-22 20:40:33,336 [INFO] Saving checkpoint at epoch 15 to run/20260822203_D_mgsc_global_local/checkpoint_latest.pth.
2026-08-22 20:40:33,379 [INFO] Start training
2026-08-22 20:40:33,682 [INFO] Start training epoch 16, 37 iters per inner epoch.
2026-08-22 20:40:52,731 [INFO] Averaged stats: lr: 0.000077  loss: 0.128010
2026-08-22 20:40:52,835 [INFO] gates: {"epoch": 16, "quality_ratio": 0.0738, "lambda_q": 0.024, "patch_w_mean": 0.2188, "patch_w_std": 0.1449, "mgsc_global_sim_mean": 0.2552, "mgsc_global_sim_std": 0.0316, "mgsc_local_sim_mean": 0.1229, "mgsc_local_sim_std": 0.024, "mgsc_frag_count": 4, "mgsc_frag_w_entropy": 1.3791, "mgsc_gl_gap_mean": 0.1323, "mgsc_gl_gap_std": 0.0353}
2026-08-22 20:40:52,835 [INFO] Evaluating on val.
Train: data epoch: [16]  [ 0/37]  eta: 0:00:38  lr: 0.000077  loss: 0.1154  time: 1.0499  data: 0.0001  max mem: 5170
Train: data epoch: [16]  [20/37]  eta: 0:00:08  lr: 0.000077  loss: 0.1408  time: 0.4996  data: 0.0000  max mem: 5170
Train: data epoch: [16]  [36/37]  eta: 0:00:00  lr: 0.000077  loss: 0.1260  time: 0.4919  data: 0.0000  max mem: 5170
Train: data epoch: [16] Total time: 0:00:19 (0.5148 s / it)
2026-08-22 20:40:59,053 [INFO] Qual: EPOCH[16] -> PLCC: 0.914893, SROCC: 0.862305, KROCC: 0.684250, LOSS: 0.153553
2026-08-22 20:40:59,053 [INFO] Align: EPOCH[16] -> PLCC: 0.841347, SROCC: 0.681781, KROCC: 0.502473, LOSS: 0.280250
2026-08-22 20:40:59,069 [INFO] Saving checkpoint at epoch 16 to run/20260822203_D_mgsc_global_local/checkpoint_best.pth.
2026-08-22 20:40:59,133 [INFO] Start training
2026-08-22 20:40:59,473 [INFO] Start training epoch 17, 37 iters per inner epoch.
2026-08-22 20:41:18,553 [INFO] Averaged stats: lr: 0.000074  loss: 0.123782
2026-08-22 20:41:18,640 [INFO] gates: {"epoch": 17, "quality_ratio": 0.074, "lambda_q": 0.0247, "patch_w_mean": 0.2036, "patch_w_std": 0.1462, "mgsc_global_sim_mean": 0.2656, "mgsc_global_sim_std": 0.0258, "mgsc_local_sim_mean": 0.1257, "mgsc_local_sim_std": 0.0263, "mgsc_frag_count": 4, "mgsc_frag_w_entropy": 1.3772, "mgsc_gl_gap_mean": 0.1399, "mgsc_gl_gap_std": 0.0336}
2026-08-22 20:41:18,640 [INFO] Evaluating on val.
Train: data epoch: [17]  [ 0/37]  eta: 0:00:50  lr: 0.000074  loss: 0.1492  time: 1.3757  data: 0.0001  max mem: 5170
Train: data epoch: [17]  [20/37]  eta: 0:00:08  lr: 0.000074  loss: 0.1093  time: 0.4856  data: 0.0000  max mem: 5170
Train: data epoch: [17]  [36/37]  eta: 0:00:00  lr: 0.000074  loss: 0.0931  time: 0.4931  data: 0.0000  max mem: 5170
Train: data epoch: [17] Total time: 0:00:19 (0.5157 s / it)
2026-08-22 20:41:25,091 [INFO] Qual: EPOCH[17] -> PLCC: 0.914217, SROCC: 0.861913, KROCC: 0.684295, LOSS: 0.153140
2026-08-22 20:41:25,092 [INFO] Align: EPOCH[17] -> PLCC: 0.840692, SROCC: 0.680144, KROCC: 0.500881, LOSS: 0.282350
2026-08-22 20:41:25,093 [INFO] Start training
2026-08-22 20:41:25,420 [INFO] Start training epoch 18, 37 iters per inner epoch.
2026-08-22 20:41:44,876 [INFO] Averaged stats: lr: 0.000072  loss: 0.122186
2026-08-22 20:41:44,958 [INFO] gates: {"epoch": 18, "quality_ratio": 0.0875, "lambda_q": 0.0253, "patch_w_mean": 0.1762, "patch_w_std": 0.1334, "mgsc_global_sim_mean": 0.2526, "mgsc_global_sim_std": 0.0377, "mgsc_local_sim_mean": 0.1248, "mgsc_local_sim_std": 0.0284, "mgsc_frag_count": 4, "mgsc_frag_w_entropy": 1.3781, "mgsc_gl_gap_mean": 0.1278, "mgsc_gl_gap_std": 0.0413}
2026-08-22 20:41:44,959 [INFO] Evaluating on val.
Train: data epoch: [18]  [ 0/37]  eta: 0:00:42  lr: 0.000072  loss: 0.1993  time: 1.1453  data: 0.0001  max mem: 5170
Train: data epoch: [18]  [20/37]  eta: 0:00:09  lr: 0.000072  loss: 0.1216  time: 0.5095  data: 0.0000  max mem: 5170
Train: data epoch: [18]  [36/37]  eta: 0:00:00  lr: 0.000072  loss: 0.1188  time: 0.5020  data: 0.0000  max mem: 5170
Train: data epoch: [18] Total time: 0:00:19 (0.5258 s / it)
2026-08-22 20:41:51,314 [INFO] Qual: EPOCH[18] -> PLCC: 0.913947, SROCC: 0.862062, KROCC: 0.684862, LOSS: 0.155834
2026-08-22 20:41:51,315 [INFO] Align: EPOCH[18] -> PLCC: 0.839556, SROCC: 0.680150, KROCC: 0.500948, LOSS: 0.286497
2026-08-22 20:41:51,315 [INFO] Start training
2026-08-22 20:41:51,651 [INFO] Start training epoch 19, 37 iters per inner epoch.
2026-08-22 20:42:10,763 [INFO] Averaged stats: lr: 0.000069  loss: 0.116420
2026-08-22 20:42:10,879 [INFO] gates: {"epoch": 19, "quality_ratio": 0.0792, "lambda_q": 0.0259, "patch_w_mean": 0.1774, "patch_w_std": 0.142, "mgsc_global_sim_mean": 0.2631, "mgsc_global_sim_std": 0.0288, "mgsc_local_sim_mean": 0.1232, "mgsc_local_sim_std": 0.0292, "mgsc_frag_count": 4, "mgsc_frag_w_entropy": 1.3789, "mgsc_gl_gap_mean": 0.1398, "mgsc_gl_gap_std": 0.0388}
2026-08-22 20:42:10,880 [INFO] Evaluating on val.
Train: data epoch: [19]  [ 0/37]  eta: 0:00:44  lr: 0.000069  loss: 0.1233  time: 1.1939  data: 0.0001  max mem: 5170
Train: data epoch: [19]  [20/37]  eta: 0:00:08  lr: 0.000069  loss: 0.1210  time: 0.4923  data: 0.0000  max mem: 5170
Train: data epoch: [19]  [36/37]  eta: 0:00:00  lr: 0.000069  loss: 0.1167  time: 0.4942  data: 0.0000  max mem: 5170
Train: data epoch: [19] Total time: 0:00:19 (0.5165 s / it)
2026-08-22 20:42:17,149 [INFO] Qual: EPOCH[19] -> PLCC: 0.914085, SROCC: 0.861460, KROCC: 0.684083, LOSS: 0.155024
2026-08-22 20:42:17,150 [INFO] Align: EPOCH[19] -> PLCC: 0.839261, SROCC: 0.678882, KROCC: 0.499567, LOSS: 0.284496
2026-08-22 20:42:17,150 [INFO] Start training
2026-08-22 20:42:17,515 [INFO] Start training epoch 20, 37 iters per inner epoch.
2026-08-22 20:42:36,447 [INFO] Averaged stats: lr: 0.000066  loss: 0.113818
2026-08-22 20:42:36,598 [INFO] gates: {"epoch": 20, "quality_ratio": 0.0786, "lambda_q": 0.0265, "patch_w_mean": 0.1805, "patch_w_std": 0.1385, "mgsc_global_sim_mean": 0.2573, "mgsc_global_sim_std": 0.02, "mgsc_local_sim_mean": 0.1261, "mgsc_local_sim_std": 0.0274, "mgsc_frag_count": 4, "mgsc_frag_w_entropy": 1.3784, "mgsc_gl_gap_mean": 0.1312, "mgsc_gl_gap_std": 0.0314}
2026-08-22 20:42:36,598 [INFO] Evaluating on val.
Train: data epoch: [20]  [ 0/37]  eta: 0:00:38  lr: 0.000066  loss: 0.0860  time: 1.0504  data: 0.0001  max mem: 5170
Train: data epoch: [20]  [20/37]  eta: 0:00:08  lr: 0.000066  loss: 0.2089  time: 0.5000  data: 0.0000  max mem: 5170
Train: data epoch: [20]  [36/37]  eta: 0:00:00  lr: 0.000066  loss: 0.1196  time: 0.4913  data: 0.0000  max mem: 5170
Train: data epoch: [20] Total time: 0:00:18 (0.5117 s / it)
2026-08-22 20:42:42,951 [INFO] Qual: EPOCH[20] -> PLCC: 0.912152, SROCC: 0.857445, KROCC: 0.679596, LOSS: 0.160153
2026-08-22 20:42:42,952 [INFO] Align: EPOCH[20] -> PLCC: 0.838378, SROCC: 0.676810, KROCC: 0.497719, LOSS: 0.286617
2026-08-22 20:42:42,967 [INFO] Saving checkpoint at epoch 20 to run/20260822203_D_mgsc_global_local/checkpoint_latest.pth.
2026-08-22 20:42:43,042 [INFO] Start training
2026-08-22 20:42:43,374 [INFO] Start training epoch 21, 37 iters per inner epoch.
2026-08-22 20:43:02,598 [INFO] Averaged stats: lr: 0.000063  loss: 0.111084
2026-08-22 20:43:02,692 [INFO] gates: {"epoch": 21, "quality_ratio": 0.0861, "lambda_q": 0.0269, "patch_w_mean": 0.1483, "patch_w_std": 0.1332, "mgsc_global_sim_mean": 0.2529, "mgsc_global_sim_std": 0.0283, "mgsc_local_sim_mean": 0.1222, "mgsc_local_sim_std": 0.0242, "mgsc_frag_count": 4, "mgsc_frag_w_entropy": 1.3779, "mgsc_gl_gap_mean": 0.1307, "mgsc_gl_gap_std": 0.0329}
2026-08-22 20:43:02,692 [INFO] Evaluating on val.
Train: data epoch: [21]  [ 0/37]  eta: 0:00:45  lr: 0.000063  loss: 0.1109  time: 1.2309  data: 0.0001  max mem: 5170
Train: data epoch: [21]  [20/37]  eta: 0:00:09  lr: 0.000063  loss: 0.1186  time: 0.4996  data: 0.0000  max mem: 5170
Train: data epoch: [21]  [36/37]  eta: 0:00:00  lr: 0.000063  loss: 0.1289  time: 0.4978  data: 0.0000  max mem: 5170
Train: data epoch: [21] Total time: 0:00:19 (0.5196 s / it)
2026-08-22 20:43:08,740 [INFO] Qual: EPOCH[21] -> PLCC: 0.913244, SROCC: 0.859958, KROCC: 0.682335, LOSS: 0.157045
2026-08-22 20:43:08,740 [INFO] Align: EPOCH[21] -> PLCC: 0.838042, SROCC: 0.676550, KROCC: 0.497719, LOSS: 0.287607
2026-08-22 20:43:08,741 [INFO] Start training
2026-08-22 20:43:09,045 [INFO] Start training epoch 22, 37 iters per inner epoch.
2026-08-22 20:43:28,251 [INFO] Averaged stats: lr: 0.000060  loss: 0.109029
2026-08-22 20:43:28,401 [INFO] gates: {"epoch": 22, "quality_ratio": 0.0866, "lambda_q": 0.0275, "patch_w_mean": 0.1427, "patch_w_std": 0.1239, "mgsc_global_sim_mean": 0.2568, "mgsc_global_sim_std": 0.0313, "mgsc_local_sim_mean": 0.1233, "mgsc_local_sim_std": 0.0243, "mgsc_frag_count": 4, "mgsc_frag_w_entropy": 1.3787, "mgsc_gl_gap_mean": 0.1335, "mgsc_gl_gap_std": 0.0375}
2026-08-22 20:43:28,401 [INFO] Evaluating on val.
Train: data epoch: [22]  [ 0/37]  eta: 0:00:42  lr: 0.000060  loss: 0.1368  time: 1.1500  data: 0.0001  max mem: 5170
Train: data epoch: [22]  [20/37]  eta: 0:00:09  lr: 0.000060  loss: 0.1221  time: 0.5166  data: 0.0000  max mem: 5170
Train: data epoch: [22]  [36/37]  eta: 0:00:00  lr: 0.000060  loss: 0.1023  time: 0.4937  data: 0.0000  max mem: 5170
Train: data epoch: [22] Total time: 0:00:19 (0.5188 s / it)
2026-08-22 20:43:34,696 [INFO] Qual: EPOCH[22] -> PLCC: 0.912204, SROCC: 0.858661, KROCC: 0.681110, LOSS: 0.158419
2026-08-22 20:43:34,697 [INFO] Align: EPOCH[22] -> PLCC: 0.837487, SROCC: 0.674933, KROCC: 0.496639, LOSS: 0.287753
2026-08-22 20:43:34,697 [INFO] Start training
2026-08-22 20:43:34,993 [INFO] Start training epoch 23, 37 iters per inner epoch.
2026-08-22 20:43:54,394 [INFO] Averaged stats: lr: 0.000057  loss: 0.104984
2026-08-22 20:43:54,513 [INFO] gates: {"epoch": 23, "quality_ratio": 0.087, "lambda_q": 0.028, "patch_w_mean": 0.1431, "patch_w_std": 0.1267, "mgsc_global_sim_mean": 0.2628, "mgsc_global_sim_std": 0.0332, "mgsc_local_sim_mean": 0.1284, "mgsc_local_sim_std": 0.0312, "mgsc_frag_count": 4, "mgsc_frag_w_entropy": 1.3784, "mgsc_gl_gap_mean": 0.1344, "mgsc_gl_gap_std": 0.0412}
2026-08-22 20:43:54,513 [INFO] Evaluating on val.
Train: data epoch: [23]  [ 0/37]  eta: 0:00:44  lr: 0.000057  loss: 0.0920  time: 1.1930  data: 0.0001  max mem: 5170
Train: data epoch: [23]  [20/37]  eta: 0:00:09  lr: 0.000057  loss: 0.0796  time: 0.5050  data: 0.0000  max mem: 5170
Train: data epoch: [23]  [36/37]  eta: 0:00:00  lr: 0.000057  loss: 0.1002  time: 0.5089  data: 0.0000  max mem: 5170
Train: data epoch: [23] Total time: 0:00:19 (0.5243 s / it)
2026-08-22 20:44:01,393 [INFO] Qual: EPOCH[23] -> PLCC: 0.912197, SROCC: 0.858461, KROCC: 0.681222, LOSS: 0.157847
2026-08-22 20:44:01,393 [INFO] Align: EPOCH[23] -> PLCC: 0.836929, SROCC: 0.674886, KROCC: 0.496717, LOSS: 0.289750
2026-08-22 20:44:01,394 [INFO] Start training
2026-08-22 20:44:01,690 [INFO] Start training epoch 24, 37 iters per inner epoch.
2026-08-22 20:44:21,368 [INFO] Averaged stats: lr: 0.000054  loss: 0.102809
2026-08-22 20:44:21,456 [INFO] gates: {"epoch": 24, "quality_ratio": 0.0926, "lambda_q": 0.0284, "patch_w_mean": 0.1293, "patch_w_std": 0.124, "mgsc_global_sim_mean": 0.2587, "mgsc_global_sim_std": 0.0291, "mgsc_local_sim_mean": 0.1212, "mgsc_local_sim_std": 0.0246, "mgsc_frag_count": 4, "mgsc_frag_w_entropy": 1.3783, "mgsc_gl_gap_mean": 0.1374, "mgsc_gl_gap_std": 0.0322}
2026-08-22 20:44:21,457 [INFO] Evaluating on val.
Train: data epoch: [24]  [ 0/37]  eta: 0:00:45  lr: 0.000054  loss: 0.0887  time: 1.2192  data: 0.0001  max mem: 5170
Train: data epoch: [24]  [20/37]  eta: 0:00:09  lr: 0.000054  loss: 0.0971  time: 0.5172  data: 0.0000  max mem: 5170
Train: data epoch: [24]  [36/37]  eta: 0:00:00  lr: 0.000054  loss: 0.1225  time: 0.5103  data: 0.0000  max mem: 5170
Train: data epoch: [24] Total time: 0:00:19 (0.5318 s / it)
2026-08-22 20:44:27,888 [INFO] Qual: EPOCH[24] -> PLCC: 0.911010, SROCC: 0.856800, KROCC: 0.678416, LOSS: 0.160216
2026-08-22 20:44:27,888 [INFO] Align: EPOCH[24] -> PLCC: 0.836233, SROCC: 0.672741, KROCC: 0.494880, LOSS: 0.291050
2026-08-22 20:44:27,889 [INFO] Start training
2026-08-22 20:44:28,191 [INFO] Start training epoch 25, 37 iters per inner epoch.
2026-08-22 20:44:47,765 [INFO] Averaged stats: lr: 0.000050  loss: 0.101955
2026-08-22 20:44:47,868 [INFO] gates: {"epoch": 25, "quality_ratio": 0.0911, "lambda_q": 0.0289, "patch_w_mean": 0.1208, "patch_w_std": 0.1141, "mgsc_global_sim_mean": 0.2601, "mgsc_global_sim_std": 0.0275, "mgsc_local_sim_mean": 0.1221, "mgsc_local_sim_std": 0.0262, "mgsc_frag_count": 4, "mgsc_frag_w_entropy": 1.3781, "mgsc_gl_gap_mean": 0.138, "mgsc_gl_gap_std": 0.0354}
2026-08-22 20:44:47,868 [INFO] Evaluating on val.
Train: data epoch: [25]  [ 0/37]  eta: 0:00:42  lr: 0.000051  loss: 0.0964  time: 1.1393  data: 0.0001  max mem: 5170
Train: data epoch: [25]  [20/37]  eta: 0:00:09  lr: 0.000051  loss: 0.0919  time: 0.5074  data: 0.0000  max mem: 5170
Train: data epoch: [25]  [36/37]  eta: 0:00:00  lr: 0.000051  loss: 0.0993  time: 0.5016  data: 0.0000  max mem: 5170
Train: data epoch: [25] Total time: 0:00:19 (0.5290 s / it)
2026-08-22 20:44:54,403 [INFO] Qual: EPOCH[25] -> PLCC: 0.910839, SROCC: 0.857058, KROCC: 0.679151, LOSS: 0.159779
2026-08-22 20:44:54,403 [INFO] Align: EPOCH[25] -> PLCC: 0.835669, SROCC: 0.671432, KROCC: 0.493321, LOSS: 0.292309
2026-08-22 20:44:54,415 [INFO] Saving checkpoint at epoch 25 to run/20260822203_D_mgsc_global_local/checkpoint_latest.pth.
2026-08-22 20:44:54,482 [INFO] Start training
2026-08-22 20:44:54,778 [INFO] Start training epoch 26, 37 iters per inner epoch.
2026-08-22 20:45:13,835 [INFO] Averaged stats: lr: 0.000047  loss: 0.100298
2026-08-22 20:45:13,936 [INFO] gates: {"epoch": 26, "quality_ratio": 0.1, "lambda_q": 0.0292, "patch_w_mean": 0.1158, "patch_w_std": 0.11, "mgsc_global_sim_mean": 0.2534, "mgsc_global_sim_std": 0.0291, "mgsc_local_sim_mean": 0.1205, "mgsc_local_sim_std": 0.0288, "mgsc_frag_count": 4, "mgsc_frag_w_entropy": 1.3776, "mgsc_gl_gap_mean": 0.133, "mgsc_gl_gap_std": 0.0357}
2026-08-22 20:45:13,937 [INFO] Evaluating on val.
Train: data epoch: [26]  [ 0/37]  eta: 0:00:39  lr: 0.000047  loss: 0.0605  time: 1.0797  data: 0.0001  max mem: 5170
Train: data epoch: [26]  [20/37]  eta: 0:00:08  lr: 0.000047  loss: 0.0958  time: 0.4952  data: 0.0000  max mem: 5170
Train: data epoch: [26]  [36/37]  eta: 0:00:00  lr: 0.000047  loss: 0.0831  time: 0.4975  data: 0.0000  max mem: 5170
Train: data epoch: [26] Total time: 0:00:19 (0.5150 s / it)
2026-08-22 20:45:20,264 [INFO] Qual: EPOCH[26] -> PLCC: 0.910148, SROCC: 0.855840, KROCC: 0.677615, LOSS: 0.162168
2026-08-22 20:45:20,264 [INFO] Align: EPOCH[26] -> PLCC: 0.835712, SROCC: 0.672684, KROCC: 0.494323, LOSS: 0.292172
2026-08-22 20:45:20,265 [INFO] Start training
2026-08-22 20:45:20,560 [INFO] Start training epoch 27, 37 iters per inner epoch.
2026-08-22 20:45:39,556 [INFO] Averaged stats: lr: 0.000044  loss: 0.098433
2026-08-22 20:45:39,647 [INFO] gates: {"epoch": 27, "quality_ratio": 0.0999, "lambda_q": 0.0296, "patch_w_mean": 0.0996, "patch_w_std": 0.1006, "mgsc_global_sim_mean": 0.2569, "mgsc_global_sim_std": 0.0324, "mgsc_local_sim_mean": 0.1266, "mgsc_local_sim_std": 0.0245, "mgsc_frag_count": 4, "mgsc_frag_w_entropy": 1.3779, "mgsc_gl_gap_mean": 0.1303, "mgsc_gl_gap_std": 0.0367}
2026-08-22 20:45:39,647 [INFO] Evaluating on val.
Train: data epoch: [27]  [ 0/37]  eta: 0:00:40  lr: 0.000044  loss: 0.1070  time: 1.0866  data: 0.0001  max mem: 5170
Train: data epoch: [27]  [20/37]  eta: 0:00:08  lr: 0.000044  loss: 0.0975  time: 0.4882  data: 0.0000  max mem: 5170
Train: data epoch: [27]  [36/37]  eta: 0:00:00  lr: 0.000044  loss: 0.0935  time: 0.4923  data: 0.0000  max mem: 5170
Train: data epoch: [27] Total time: 0:00:18 (0.5134 s / it)
2026-08-22 20:45:45,903 [INFO] Qual: EPOCH[27] -> PLCC: 0.909544, SROCC: 0.855120, KROCC: 0.676846, LOSS: 0.164549
2026-08-22 20:45:45,903 [INFO] Align: EPOCH[27] -> PLCC: 0.835241, SROCC: 0.671151, KROCC: 0.492720, LOSS: 0.292940
2026-08-22 20:45:45,904 [INFO] Start training
2026-08-22 20:45:46,230 [INFO] Start training epoch 28, 37 iters per inner epoch.
2026-08-22 20:46:05,470 [INFO] Averaged stats: lr: 0.000041  loss: 0.096885
2026-08-22 20:46:05,572 [INFO] gates: {"epoch": 28, "quality_ratio": 0.094, "lambda_q": 0.0299, "patch_w_mean": 0.1086, "patch_w_std": 0.1138, "mgsc_global_sim_mean": 0.2606, "mgsc_global_sim_std": 0.0303, "mgsc_local_sim_mean": 0.1205, "mgsc_local_sim_std": 0.0278, "mgsc_frag_count": 4, "mgsc_frag_w_entropy": 1.379, "mgsc_gl_gap_mean": 0.1401, "mgsc_gl_gap_std": 0.0322}
2026-08-22 20:46:05,572 [INFO] Evaluating on val.
Train: data epoch: [28]  [ 0/37]  eta: 0:00:44  lr: 0.000041  loss: 0.1371  time: 1.1941  data: 0.0002  max mem: 5170
Train: data epoch: [28]  [20/37]  eta: 0:00:08  lr: 0.000041  loss: 0.0940  time: 0.4803  data: 0.0000  max mem: 5170
Train: data epoch: [28]  [36/37]  eta: 0:00:00  lr: 0.000041  loss: 0.1105  time: 0.5048  data: 0.0000  max mem: 5170
Train: data epoch: [28] Total time: 0:00:19 (0.5200 s / it)
2026-08-22 20:46:11,766 [INFO] Qual: EPOCH[28] -> PLCC: 0.909683, SROCC: 0.856415, KROCC: 0.678283, LOSS: 0.164220
2026-08-22 20:46:11,766 [INFO] Align: EPOCH[28] -> PLCC: 0.834903, SROCC: 0.671127, KROCC: 0.492743, LOSS: 0.293750
2026-08-22 20:46:11,767 [INFO] Start training
2026-08-22 20:46:12,093 [INFO] Start training epoch 29, 37 iters per inner epoch.
2026-08-22 20:46:31,720 [INFO] Averaged stats: lr: 0.000038  loss: 0.095573
2026-08-22 20:46:31,832 [INFO] gates: {"epoch": 29, "quality_ratio": 0.0965, "lambda_q": 0.0302, "patch_w_mean": 0.1047, "patch_w_std": 0.1078, "mgsc_global_sim_mean": 0.2549, "mgsc_global_sim_std": 0.0278, "mgsc_local_sim_mean": 0.1169, "mgsc_local_sim_std": 0.0256, "mgsc_frag_count": 4, "mgsc_frag_w_entropy": 1.3786, "mgsc_gl_gap_mean": 0.138, "mgsc_gl_gap_std": 0.0339}
2026-08-22 20:46:31,832 [INFO] Evaluating on val.
Train: data epoch: [29]  [ 0/37]  eta: 0:00:46  lr: 0.000038  loss: 0.0830  time: 1.2438  data: 0.0001  max mem: 5170
Train: data epoch: [29]  [20/37]  eta: 0:00:09  lr: 0.000038  loss: 0.0640  time: 0.4990  data: 0.0000  max mem: 5170
Train: data epoch: [29]  [36/37]  eta: 0:00:00  lr: 0.000038  loss: 0.1227  time: 0.5060  data: 0.0000  max mem: 5170
Train: data epoch: [29] Total time: 0:00:19 (0.5304 s / it)
2026-08-22 20:46:38,148 [INFO] Qual: EPOCH[29] -> PLCC: 0.908315, SROCC: 0.853023, KROCC: 0.674920, LOSS: 0.166393
2026-08-22 20:46:38,148 [INFO] Align: EPOCH[29] -> PLCC: 0.834096, SROCC: 0.668985, KROCC: 0.490850, LOSS: 0.295236
2026-08-22 20:46:38,149 [INFO] Start training
2026-08-22 20:46:38,479 [INFO] Start training epoch 30, 37 iters per inner epoch.
2026-08-22 20:46:57,907 [INFO] Averaged stats: lr: 0.000035  loss: 0.093765
2026-08-22 20:46:58,004 [INFO] gates: {"epoch": 30, "quality_ratio": 0.0954, "lambda_q": 0.0305, "patch_w_mean": 0.096, "patch_w_std": 0.1017, "mgsc_global_sim_mean": 0.2582, "mgsc_global_sim_std": 0.0272, "mgsc_local_sim_mean": 0.1205, "mgsc_local_sim_std": 0.0277, "mgsc_frag_count": 4, "mgsc_frag_w_entropy": 1.379, "mgsc_gl_gap_mean": 0.1376, "mgsc_gl_gap_std": 0.0286}
2026-08-22 20:46:58,004 [INFO] Evaluating on val.
Train: data epoch: [30]  [ 0/37]  eta: 0:00:47  lr: 0.000035  loss: 0.0865  time: 1.2715  data: 0.0001  max mem: 5170
Train: data epoch: [30]  [20/37]  eta: 0:00:09  lr: 0.000035  loss: 0.1063  time: 0.4944  data: 0.0000  max mem: 5170
Train: data epoch: [30]  [36/37]  eta: 0:00:00  lr: 0.000035  loss: 0.1015  time: 0.4980  data: 0.0000  max mem: 5170
Train: data epoch: [30] Total time: 0:00:19 (0.5251 s / it)
2026-08-22 20:47:04,236 [INFO] Qual: EPOCH[30] -> PLCC: 0.907842, SROCC: 0.852252, KROCC: 0.673829, LOSS: 0.165970
2026-08-22 20:47:04,236 [INFO] Align: EPOCH[30] -> PLCC: 0.833675, SROCC: 0.668283, KROCC: 0.490115, LOSS: 0.294645
2026-08-22 20:47:04,249 [INFO] Saving checkpoint at epoch 30 to run/20260822203_D_mgsc_global_local/checkpoint_latest.pth.
2026-08-22 20:47:04,313 [INFO] Start training
2026-08-22 20:47:04,613 [INFO] Start training epoch 31, 37 iters per inner epoch.
2026-08-22 20:47:23,853 [INFO] Averaged stats: lr: 0.000032  loss: 0.092622
2026-08-22 20:47:23,948 [INFO] gates: {"epoch": 31, "quality_ratio": 0.1022, "lambda_q": 0.0308, "patch_w_mean": 0.0877, "patch_w_std": 0.0984, "mgsc_global_sim_mean": 0.2577, "mgsc_global_sim_std": 0.0265, "mgsc_local_sim_mean": 0.1218, "mgsc_local_sim_std": 0.0263, "mgsc_frag_count": 4, "mgsc_frag_w_entropy": 1.3783, "mgsc_gl_gap_mean": 0.1359, "mgsc_gl_gap_std": 0.0303}
2026-08-22 20:47:23,949 [INFO] Evaluating on val.
Train: data epoch: [31]  [ 0/37]  eta: 0:00:38  lr: 0.000032  loss: 0.0703  time: 1.0517  data: 0.0001  max mem: 5170
Train: data epoch: [31]  [20/37]  eta: 0:00:08  lr: 0.000032  loss: 0.1016  time: 0.4900  data: 0.0000  max mem: 5170
Train: data epoch: [31]  [36/37]  eta: 0:00:00  lr: 0.000032  loss: 0.0697  time: 0.5042  data: 0.0000  max mem: 5170
Train: data epoch: [31] Total time: 0:00:19 (0.5200 s / it)
2026-08-22 20:47:30,208 [INFO] Qual: EPOCH[31] -> PLCC: 0.907782, SROCC: 0.851802, KROCC: 0.673261, LOSS: 0.165442
2026-08-22 20:47:30,208 [INFO] Align: EPOCH[31] -> PLCC: 0.833554, SROCC: 0.667792, KROCC: 0.489892, LOSS: 0.296602
2026-08-22 20:47:30,209 [INFO] Start training
2026-08-22 20:47:30,509 [INFO] Start training epoch 32, 37 iters per inner epoch.
2026-08-22 20:47:49,787 [INFO] Averaged stats: lr: 0.000029  loss: 0.090891
2026-08-22 20:47:49,879 [INFO] gates: {"epoch": 32, "quality_ratio": 0.0989, "lambda_q": 0.031, "patch_w_mean": 0.0879, "patch_w_std": 0.0962, "mgsc_global_sim_mean": 0.2641, "mgsc_global_sim_std": 0.0269, "mgsc_local_sim_mean": 0.1248, "mgsc_local_sim_std": 0.0228, "mgsc_frag_count": 4, "mgsc_frag_w_entropy": 1.3781, "mgsc_gl_gap_mean": 0.1393, "mgsc_gl_gap_std": 0.0314}
2026-08-22 20:47:49,879 [INFO] Evaluating on val.
Train: data epoch: [32]  [ 0/37]  eta: 0:00:39  lr: 0.000029  loss: 0.0951  time: 1.0612  data: 0.0001  max mem: 5170
Train: data epoch: [32]  [20/37]  eta: 0:00:08  lr: 0.000029  loss: 0.0897  time: 0.4936  data: 0.0000  max mem: 5170
Train: data epoch: [32]  [36/37]  eta: 0:00:00  lr: 0.000029  loss: 0.0651  time: 0.5046  data: 0.0000  max mem: 5170
Train: data epoch: [32] Total time: 0:00:19 (0.5210 s / it)
2026-08-22 20:47:56,239 [INFO] Qual: EPOCH[32] -> PLCC: 0.907214, SROCC: 0.852004, KROCC: 0.673529, LOSS: 0.168080
2026-08-22 20:47:56,240 [INFO] Align: EPOCH[32] -> PLCC: 0.833370, SROCC: 0.668450, KROCC: 0.490482, LOSS: 0.297456
2026-08-22 20:47:56,241 [INFO] Start training
2026-08-22 20:47:56,573 [INFO] Start training epoch 33, 37 iters per inner epoch.
2026-08-22 20:48:16,087 [INFO] Averaged stats: lr: 0.000027  loss: 0.089792
2026-08-22 20:48:16,185 [INFO] gates: {"epoch": 33, "quality_ratio": 0.0995, "lambda_q": 0.0313, "patch_w_mean": 0.0913, "patch_w_std": 0.1021, "mgsc_global_sim_mean": 0.2583, "mgsc_global_sim_std": 0.0276, "mgsc_local_sim_mean": 0.1216, "mgsc_local_sim_std": 0.0266, "mgsc_frag_count": 4, "mgsc_frag_w_entropy": 1.378, "mgsc_gl_gap_mean": 0.1366, "mgsc_gl_gap_std": 0.027}
2026-08-22 20:48:16,185 [INFO] Evaluating on val.
Train: data epoch: [33]  [ 0/37]  eta: 0:00:39  lr: 0.000027  loss: 0.0718  time: 1.0656  data: 0.0001  max mem: 5170
Train: data epoch: [33]  [20/37]  eta: 0:00:08  lr: 0.000027  loss: 0.0758  time: 0.5015  data: 0.0000  max mem: 5170
Train: data epoch: [33]  [36/37]  eta: 0:00:00  lr: 0.000027  loss: 0.1170  time: 0.5079  data: 0.0000  max mem: 5170
Train: data epoch: [33] Total time: 0:00:19 (0.5274 s / it)
2026-08-22 20:48:22,521 [INFO] Qual: EPOCH[33] -> PLCC: 0.906951, SROCC: 0.851806, KROCC: 0.673495, LOSS: 0.169799
2026-08-22 20:48:22,521 [INFO] Align: EPOCH[33] -> PLCC: 0.832362, SROCC: 0.667184, KROCC: 0.489325, LOSS: 0.298942
2026-08-22 20:48:22,521 [INFO] Start training
2026-08-22 20:48:22,820 [INFO] Start training epoch 34, 37 iters per inner epoch.
2026-08-22 20:48:42,176 [INFO] Averaged stats: lr: 0.000024  loss: 0.089479
2026-08-22 20:48:42,263 [INFO] gates: {"epoch": 34, "quality_ratio": 0.1077, "lambda_q": 0.0314, "patch_w_mean": 0.0785, "patch_w_std": 0.0886, "mgsc_global_sim_mean": 0.2605, "mgsc_global_sim_std": 0.0275, "mgsc_local_sim_mean": 0.1224, "mgsc_local_sim_std": 0.0267, "mgsc_frag_count": 4, "mgsc_frag_w_entropy": 1.3795, "mgsc_gl_gap_mean": 0.1381, "mgsc_gl_gap_std": 0.0347}
2026-08-22 20:48:42,264 [INFO] Evaluating on val.
Train: data epoch: [34]  [ 0/37]  eta: 0:00:43  lr: 0.000024  loss: 0.1111  time: 1.1781  data: 0.0001  max mem: 5170
Train: data epoch: [34]  [20/37]  eta: 0:00:08  lr: 0.000024  loss: 0.0779  time: 0.4921  data: 0.0000  max mem: 5170
Train: data epoch: [34]  [36/37]  eta: 0:00:00  lr: 0.000024  loss: 0.1013  time: 0.5024  data: 0.0000  max mem: 5170
Train: data epoch: [34] Total time: 0:00:19 (0.5231 s / it)
2026-08-22 20:48:48,505 [INFO] Qual: EPOCH[34] -> PLCC: 0.906568, SROCC: 0.849485, KROCC: 0.670712, LOSS: 0.167868
2026-08-22 20:48:48,505 [INFO] Align: EPOCH[34] -> PLCC: 0.832574, SROCC: 0.666920, KROCC: 0.489313, LOSS: 0.301490
2026-08-22 20:48:48,506 [INFO] Start training
2026-08-22 20:48:48,802 [INFO] Start training epoch 35, 37 iters per inner epoch.
2026-08-22 20:49:07,865 [INFO] Averaged stats: lr: 0.000021  loss: 0.089002
2026-08-22 20:49:07,965 [INFO] gates: {"epoch": 35, "quality_ratio": 0.1001, "lambda_q": 0.0316, "patch_w_mean": 0.0865, "patch_w_std": 0.0986, "mgsc_global_sim_mean": 0.2644, "mgsc_global_sim_std": 0.0304, "mgsc_local_sim_mean": 0.1258, "mgsc_local_sim_std": 0.0237, "mgsc_frag_count": 4, "mgsc_frag_w_entropy": 1.3778, "mgsc_gl_gap_mean": 0.1385, "mgsc_gl_gap_std": 0.0371}
2026-08-22 20:49:07,965 [INFO] Evaluating on val.
Train: data epoch: [35]  [ 0/37]  eta: 0:00:45  lr: 0.000021  loss: 0.0957  time: 1.2357  data: 0.0001  max mem: 5170
Train: data epoch: [35]  [20/37]  eta: 0:00:08  lr: 0.000021  loss: 0.0944  time: 0.4845  data: 0.0000  max mem: 5170
Train: data epoch: [35]  [36/37]  eta: 0:00:00  lr: 0.000021  loss: 0.1150  time: 0.4928  data: 0.0000  max mem: 5170
Train: data epoch: [35] Total time: 0:00:19 (0.5152 s / it)
2026-08-22 20:49:14,326 [INFO] Qual: EPOCH[35] -> PLCC: 0.906469, SROCC: 0.850219, KROCC: 0.671536, LOSS: 0.168728
2026-08-22 20:49:14,327 [INFO] Align: EPOCH[35] -> PLCC: 0.832301, SROCC: 0.667165, KROCC: 0.489503, LOSS: 0.300637
2026-08-22 20:49:14,342 [INFO] Saving checkpoint at epoch 35 to run/20260822203_D_mgsc_global_local/checkpoint_latest.pth.
2026-08-22 20:49:14,416 [INFO] Start training
2026-08-22 20:49:14,742 [INFO] Start training epoch 36, 37 iters per inner epoch.
2026-08-22 20:49:33,797 [INFO] Averaged stats: lr: 0.000019  loss: 0.088099
2026-08-22 20:49:33,893 [INFO] gates: {"epoch": 36, "quality_ratio": 0.1064, "lambda_q": 0.0318, "patch_w_mean": 0.0809, "patch_w_std": 0.093, "mgsc_global_sim_mean": 0.2558, "mgsc_global_sim_std": 0.028, "mgsc_local_sim_mean": 0.125, "mgsc_local_sim_std": 0.0276, "mgsc_frag_count": 4, "mgsc_frag_w_entropy": 1.378, "mgsc_gl_gap_mean": 0.1308, "mgsc_gl_gap_std": 0.0344}
2026-08-22 20:49:33,893 [INFO] Evaluating on val.
Train: data epoch: [36]  [ 0/37]  eta: 0:00:47  lr: 0.000019  loss: 0.0926  time: 1.2751  data: 0.0002  max mem: 5170
Train: data epoch: [36]  [20/37]  eta: 0:00:08  lr: 0.000019  loss: 0.0899  time: 0.4793  data: 0.0000  max mem: 5170
Train: data epoch: [36]  [36/37]  eta: 0:00:00  lr: 0.000019  loss: 0.0612  time: 0.4906  data: 0.0000  max mem: 5170
Train: data epoch: [36] Total time: 0:00:19 (0.5150 s / it)
2026-08-22 20:49:40,317 [INFO] Qual: EPOCH[36] -> PLCC: 0.906141, SROCC: 0.849606, KROCC: 0.671057, LOSS: 0.169101
2026-08-22 20:49:40,317 [INFO] Align: EPOCH[36] -> PLCC: 0.831929, SROCC: 0.666818, KROCC: 0.489046, LOSS: 0.299519
2026-08-22 20:49:40,318 [INFO] Start training
2026-08-22 20:49:40,599 [INFO] Start training epoch 37, 37 iters per inner epoch.
2026-08-22 20:50:00,352 [INFO] Averaged stats: lr: 0.000017  loss: 0.087249
2026-08-22 20:50:00,455 [INFO] gates: {"epoch": 37, "quality_ratio": 0.1037, "lambda_q": 0.0319, "patch_w_mean": 0.0762, "patch_w_std": 0.0894, "mgsc_global_sim_mean": 0.2593, "mgsc_global_sim_std": 0.0316, "mgsc_local_sim_mean": 0.1197, "mgsc_local_sim_std": 0.0267, "mgsc_frag_count": 4, "mgsc_frag_w_entropy": 1.3785, "mgsc_gl_gap_mean": 0.1396, "mgsc_gl_gap_std": 0.0394}
2026-08-22 20:50:00,455 [INFO] Evaluating on val.
Train: data epoch: [37]  [ 0/37]  eta: 0:00:46  lr: 0.000017  loss: 0.1201  time: 1.2645  data: 0.0001  max mem: 5170
Train: data epoch: [37]  [20/37]  eta: 0:00:09  lr: 0.000017  loss: 0.0798  time: 0.5031  data: 0.0000  max mem: 5170
Train: data epoch: [37]  [36/37]  eta: 0:00:00  lr: 0.000017  loss: 0.0723  time: 0.5093  data: 0.0000  max mem: 5170
Train: data epoch: [37] Total time: 0:00:19 (0.5338 s / it)
2026-08-22 20:50:06,859 [INFO] Qual: EPOCH[37] -> PLCC: 0.906014, SROCC: 0.848904, KROCC: 0.670289, LOSS: 0.169509
2026-08-22 20:50:06,860 [INFO] Align: EPOCH[37] -> PLCC: 0.831659, SROCC: 0.666220, KROCC: 0.488590, LOSS: 0.298765
2026-08-22 20:50:06,860 [INFO] Start training
2026-08-22 20:50:07,168 [INFO] Start training epoch 38, 37 iters per inner epoch.
2026-08-22 20:50:26,145 [INFO] Averaged stats: lr: 0.000014  loss: 0.087617
2026-08-22 20:50:26,252 [INFO] gates: {"epoch": 38, "quality_ratio": 0.1052, "lambda_q": 0.032, "patch_w_mean": 0.0863, "patch_w_std": 0.0972, "mgsc_global_sim_mean": 0.2569, "mgsc_global_sim_std": 0.0315, "mgsc_local_sim_mean": 0.1173, "mgsc_local_sim_std": 0.031, "mgsc_frag_count": 4, "mgsc_frag_w_entropy": 1.3781, "mgsc_gl_gap_mean": 0.1397, "mgsc_gl_gap_std": 0.0396}
2026-08-22 20:50:26,252 [INFO] Evaluating on val.
Train: data epoch: [38]  [ 0/37]  eta: 0:00:36  lr: 0.000014  loss: 0.0750  time: 0.9827  data: 0.0001  max mem: 5170
Train: data epoch: [38]  [20/37]  eta: 0:00:08  lr: 0.000014  loss: 0.0785  time: 0.4892  data: 0.0000  max mem: 5170
Train: data epoch: [38]  [36/37]  eta: 0:00:00  lr: 0.000014  loss: 0.0676  time: 0.4938  data: 0.0000  max mem: 5170
Train: data epoch: [38] Total time: 0:00:18 (0.5129 s / it)
2026-08-22 20:50:32,565 [INFO] Qual: EPOCH[38] -> PLCC: 0.905585, SROCC: 0.848686, KROCC: 0.669988, LOSS: 0.171134
2026-08-22 20:50:32,565 [INFO] Align: EPOCH[38] -> PLCC: 0.831729, SROCC: 0.666056, KROCC: 0.488501, LOSS: 0.299063
2026-08-22 20:50:32,566 [INFO] Start training
2026-08-22 20:50:32,865 [INFO] Start training epoch 39, 37 iters per inner epoch.
2026-08-22 20:50:52,207 [INFO] Averaged stats: lr: 0.000012  loss: 0.087142
2026-08-22 20:50:52,295 [INFO] gates: {"epoch": 39, "quality_ratio": 0.1121, "lambda_q": 0.0321, "patch_w_mean": 0.0683, "patch_w_std": 0.0809, "mgsc_global_sim_mean": 0.2517, "mgsc_global_sim_std": 0.0289, "mgsc_local_sim_mean": 0.1174, "mgsc_local_sim_std": 0.0263, "mgsc_frag_count": 4, "mgsc_frag_w_entropy": 1.3785, "mgsc_gl_gap_mean": 0.1343, "mgsc_gl_gap_std": 0.035}
2026-08-22 20:50:52,295 [INFO] Evaluating on val.
Train: data epoch: [39]  [ 0/37]  eta: 0:00:41  lr: 0.000012  loss: 0.1020  time: 1.1312  data: 0.0001  max mem: 5170
Train: data epoch: [39]  [20/37]  eta: 0:00:08  lr: 0.000012  loss: 0.0871  time: 0.4982  data: 0.0000  max mem: 5170
Train: data epoch: [39]  [36/37]  eta: 0:00:00  lr: 0.000012  loss: 0.1084  time: 0.4992  data: 0.0000  max mem: 5170
Train: data epoch: [39] Total time: 0:00:19 (0.5227 s / it)
2026-08-22 20:50:58,578 [INFO] Qual: EPOCH[39] -> PLCC: 0.905759, SROCC: 0.848681, KROCC: 0.669984, LOSS: 0.169769
2026-08-22 20:50:58,578 [INFO] Align: EPOCH[39] -> PLCC: 0.831763, SROCC: 0.666417, KROCC: 0.488824, LOSS: 0.299603
2026-08-22 20:50:58,579 [INFO] Start training
2026-08-22 20:50:58,912 [INFO] Start training epoch 40, 37 iters per inner epoch.
2026-08-22 20:51:18,270 [INFO] Averaged stats: lr: 0.000010  loss: 0.086606
2026-08-22 20:51:18,387 [INFO] gates: {"epoch": 40, "quality_ratio": 0.1108, "lambda_q": 0.0322, "patch_w_mean": 0.0766, "patch_w_std": 0.0911, "mgsc_global_sim_mean": 0.2568, "mgsc_global_sim_std": 0.0289, "mgsc_local_sim_mean": 0.1216, "mgsc_local_sim_std": 0.0258, "mgsc_frag_count": 4, "mgsc_frag_w_entropy": 1.3792, "mgsc_gl_gap_mean": 0.1352, "mgsc_gl_gap_std": 0.034}
2026-08-22 20:51:18,388 [INFO] Evaluating on val.
Train: data epoch: [40]  [ 0/37]  eta: 0:00:41  lr: 0.000010  loss: 0.1057  time: 1.1300  data: 0.0001  max mem: 5170
Train: data epoch: [40]  [20/37]  eta: 0:00:08  lr: 0.000010  loss: 0.0944  time: 0.4979  data: 0.0000  max mem: 5170
Train: data epoch: [40]  [36/37]  eta: 0:00:00  lr: 0.000010  loss: 0.0731  time: 0.5094  data: 0.0000  max mem: 5170
Train: data epoch: [40] Total time: 0:00:19 (0.5232 s / it)
2026-08-22 20:51:24,769 [INFO] Qual: EPOCH[40] -> PLCC: 0.905222, SROCC: 0.848073, KROCC: 0.669387, LOSS: 0.170937
2026-08-22 20:51:24,769 [INFO] Align: EPOCH[40] -> PLCC: 0.831727, SROCC: 0.666131, KROCC: 0.488579, LOSS: 0.300770
2026-08-22 20:51:24,782 [INFO] Saving checkpoint at epoch 40 to run/20260822203_D_mgsc_global_local/checkpoint_latest.pth.
2026-08-22 20:51:24,849 [INFO] Start training
2026-08-22 20:51:25,221 [INFO] Start training epoch 41, 37 iters per inner epoch.
2026-08-22 20:51:44,886 [INFO] Averaged stats: lr: 0.000009  loss: 0.085944
2026-08-22 20:51:44,993 [INFO] gates: {"epoch": 41, "quality_ratio": 0.1041, "lambda_q": 0.0323, "patch_w_mean": 0.0772, "patch_w_std": 0.0897, "mgsc_global_sim_mean": 0.2537, "mgsc_global_sim_std": 0.0297, "mgsc_local_sim_mean": 0.1238, "mgsc_local_sim_std": 0.0287, "mgsc_frag_count": 4, "mgsc_frag_w_entropy": 1.3791, "mgsc_gl_gap_mean": 0.1299, "mgsc_gl_gap_std": 0.0358}
2026-08-22 20:51:44,994 [INFO] Evaluating on val.
Train: data epoch: [41]  [ 0/37]  eta: 0:00:45  lr: 0.000009  loss: 0.0852  time: 1.2237  data: 0.0001  max mem: 5170
Train: data epoch: [41]  [20/37]  eta: 0:00:09  lr: 0.000009  loss: 0.0818  time: 0.5023  data: 0.0000  max mem: 5170
Train: data epoch: [41]  [36/37]  eta: 0:00:00  lr: 0.000009  loss: 0.0754  time: 0.5060  data: 0.0000  max mem: 5170
Train: data epoch: [41] Total time: 0:00:19 (0.5315 s / it)
2026-08-22 20:51:51,390 [INFO] Qual: EPOCH[41] -> PLCC: 0.905108, SROCC: 0.848399, KROCC: 0.669810, LOSS: 0.171669
2026-08-22 20:51:51,390 [INFO] Align: EPOCH[41] -> PLCC: 0.831663, SROCC: 0.666004, KROCC: 0.488478, LOSS: 0.299659
2026-08-22 20:51:51,391 [INFO] Start training
2026-08-22 20:51:51,692 [INFO] Start training epoch 42, 37 iters per inner epoch.
2026-08-22 20:52:11,430 [INFO] Averaged stats: lr: 0.000007  loss: 0.085526
2026-08-22 20:52:11,528 [INFO] gates: {"epoch": 42, "quality_ratio": 0.106, "lambda_q": 0.0323, "patch_w_mean": 0.0805, "patch_w_std": 0.0903, "mgsc_global_sim_mean": 0.2541, "mgsc_global_sim_std": 0.0278, "mgsc_local_sim_mean": 0.1247, "mgsc_local_sim_std": 0.0275, "mgsc_frag_count": 4, "mgsc_frag_w_entropy": 1.3784, "mgsc_gl_gap_mean": 0.1294, "mgsc_gl_gap_std": 0.033}
2026-08-22 20:52:11,528 [INFO] Evaluating on val.
Train: data epoch: [42]  [ 0/37]  eta: 0:00:45  lr: 0.000007  loss: 0.0951  time: 1.2176  data: 0.0001  max mem: 5170
Train: data epoch: [42]  [20/37]  eta: 0:00:09  lr: 0.000007  loss: 0.1075  time: 0.5114  data: 0.0000  max mem: 5170
Train: data epoch: [42]  [36/37]  eta: 0:00:00  lr: 0.000007  loss: 0.0612  time: 0.5068  data: 0.0000  max mem: 5170
Train: data epoch: [42] Total time: 0:00:19 (0.5334 s / it)
2026-08-22 20:52:17,971 [INFO] Qual: EPOCH[42] -> PLCC: 0.905004, SROCC: 0.847950, KROCC: 0.669098, LOSS: 0.171381
2026-08-22 20:52:17,971 [INFO] Align: EPOCH[42] -> PLCC: 0.831521, SROCC: 0.665815, KROCC: 0.488467, LOSS: 0.300515
2026-08-22 20:52:17,971 [INFO] Start training
2026-08-22 20:52:18,265 [INFO] Start training epoch 43, 37 iters per inner epoch.
2026-08-22 20:52:37,711 [INFO] Averaged stats: lr: 0.000006  loss: 0.085564
2026-08-22 20:52:37,807 [INFO] gates: {"epoch": 43, "quality_ratio": 0.1065, "lambda_q": 0.0324, "patch_w_mean": 0.0725, "patch_w_std": 0.0858, "mgsc_global_sim_mean": 0.261, "mgsc_global_sim_std": 0.025, "mgsc_local_sim_mean": 0.1256, "mgsc_local_sim_std": 0.0257, "mgsc_frag_count": 4, "mgsc_frag_w_entropy": 1.3778, "mgsc_gl_gap_mean": 0.1354, "mgsc_gl_gap_std": 0.0311}
2026-08-22 20:52:37,808 [INFO] Evaluating on val.
Train: data epoch: [43]  [ 0/37]  eta: 0:00:42  lr: 0.000006  loss: 0.1090  time: 1.1474  data: 0.0001  max mem: 5170
Train: data epoch: [43]  [20/37]  eta: 0:00:09  lr: 0.000006  loss: 0.0747  time: 0.5007  data: 0.0000  max mem: 5170
Train: data epoch: [43]  [36/37]  eta: 0:00:00  lr: 0.000006  loss: 0.0733  time: 0.5132  data: 0.0000  max mem: 5170
Train: data epoch: [43] Total time: 0:00:19 (0.5255 s / it)
2026-08-22 20:52:44,110 [INFO] Qual: EPOCH[43] -> PLCC: 0.904800, SROCC: 0.847771, KROCC: 0.669120, LOSS: 0.172420
2026-08-22 20:52:44,111 [INFO] Align: EPOCH[43] -> PLCC: 0.831540, SROCC: 0.665755, KROCC: 0.488389, LOSS: 0.300158
2026-08-22 20:52:44,111 [INFO] Start training
2026-08-22 20:52:44,410 [INFO] Start training epoch 44, 37 iters per inner epoch.
2026-08-22 20:53:03,349 [INFO] Averaged stats: lr: 0.000004  loss: 0.085466
2026-08-22 20:53:03,441 [INFO] gates: {"epoch": 44, "quality_ratio": 0.1076, "lambda_q": 0.0324, "patch_w_mean": 0.0732, "patch_w_std": 0.0867, "mgsc_global_sim_mean": 0.2586, "mgsc_global_sim_std": 0.0256, "mgsc_local_sim_mean": 0.1246, "mgsc_local_sim_std": 0.0273, "mgsc_frag_count": 4, "mgsc_frag_w_entropy": 1.378, "mgsc_gl_gap_mean": 0.1339, "mgsc_gl_gap_std": 0.0334}
2026-08-22 20:53:03,441 [INFO] Evaluating on val.
Train: data epoch: [44]  [ 0/37]  eta: 0:00:35  lr: 0.000004  loss: 0.1041  time: 0.9465  data: 0.0001  max mem: 5170
Train: data epoch: [44]  [20/37]  eta: 0:00:08  lr: 0.000004  loss: 0.0853  time: 0.4838  data: 0.0000  max mem: 5170
Train: data epoch: [44]  [36/37]  eta: 0:00:00  lr: 0.000004  loss: 0.0846  time: 0.5098  data: 0.0000  max mem: 5170
Train: data epoch: [44] Total time: 0:00:18 (0.5119 s / it)
2026-08-22 20:53:09,733 [INFO] Qual: EPOCH[44] -> PLCC: 0.904834, SROCC: 0.847778, KROCC: 0.668830, LOSS: 0.172144
2026-08-22 20:53:09,733 [INFO] Align: EPOCH[44] -> PLCC: 0.831475, SROCC: 0.665643, KROCC: 0.488323, LOSS: 0.300571
2026-08-22 20:53:09,734 [INFO] Start training
2026-08-22 20:53:10,063 [INFO] Start training epoch 45, 37 iters per inner epoch.
2026-08-22 20:53:29,453 [INFO] Averaged stats: lr: 0.000003  loss: 0.085212
2026-08-22 20:53:29,551 [INFO] gates: {"epoch": 45, "quality_ratio": 0.1118, "lambda_q": 0.0324, "patch_w_mean": 0.0724, "patch_w_std": 0.0888, "mgsc_global_sim_mean": 0.2531, "mgsc_global_sim_std": 0.0278, "mgsc_local_sim_mean": 0.1215, "mgsc_local_sim_std": 0.0258, "mgsc_frag_count": 4, "mgsc_frag_w_entropy": 1.3786, "mgsc_gl_gap_mean": 0.1316, "mgsc_gl_gap_std": 0.0351}
2026-08-22 20:53:29,551 [INFO] Evaluating on val.
Train: data epoch: [45]  [ 0/37]  eta: 0:00:43  lr: 0.000003  loss: 0.0714  time: 1.1627  data: 0.0001  max mem: 5170
Train: data epoch: [45]  [20/37]  eta: 0:00:08  lr: 0.000003  loss: 0.0828  time: 0.4968  data: 0.0000  max mem: 5170
Train: data epoch: [45]  [36/37]  eta: 0:00:00  lr: 0.000003  loss: 0.0760  time: 0.5128  data: 0.0000  max mem: 5170
Train: data epoch: [45] Total time: 0:00:19 (0.5240 s / it)
2026-08-22 20:53:35,923 [INFO] Qual: EPOCH[45] -> PLCC: 0.904902, SROCC: 0.848072, KROCC: 0.669331, LOSS: 0.171825
2026-08-22 20:53:35,923 [INFO] Align: EPOCH[45] -> PLCC: 0.831352, SROCC: 0.665473, KROCC: 0.488144, LOSS: 0.300252
2026-08-22 20:53:35,938 [INFO] Saving checkpoint at epoch 45 to run/20260822203_D_mgsc_global_local/checkpoint_latest.pth.
2026-08-22 20:53:36,014 [INFO] Start training
2026-08-22 20:53:36,350 [INFO] Start training epoch 46, 37 iters per inner epoch.
2026-08-22 20:53:55,747 [INFO] Averaged stats: lr: 0.000003  loss: 0.084795
2026-08-22 20:53:55,836 [INFO] gates: {"epoch": 46, "quality_ratio": 0.104, "lambda_q": 0.0324, "patch_w_mean": 0.0797, "patch_w_std": 0.0932, "mgsc_global_sim_mean": 0.2601, "mgsc_global_sim_std": 0.0254, "mgsc_local_sim_mean": 0.1202, "mgsc_local_sim_std": 0.0257, "mgsc_frag_count": 4, "mgsc_frag_w_entropy": 1.3789, "mgsc_gl_gap_mean": 0.1399, "mgsc_gl_gap_std": 0.0342}
2026-08-22 20:53:55,836 [INFO] Evaluating on val.
Train: data epoch: [46]  [ 0/37]  eta: 0:00:47  lr: 0.000003  loss: 0.0748  time: 1.2780  data: 0.0001  max mem: 5170
Train: data epoch: [46]  [20/37]  eta: 0:00:09  lr: 0.000003  loss: 0.0822  time: 0.4936  data: 0.0000  max mem: 5170
Train: data epoch: [46]  [36/37]  eta: 0:00:00  lr: 0.000003  loss: 0.1135  time: 0.5129  data: 0.0000  max mem: 5170
Train: data epoch: [46] Total time: 0:00:19 (0.5242 s / it)
2026-08-22 20:54:02,090 [INFO] Qual: EPOCH[46] -> PLCC: 0.904856, SROCC: 0.847942, KROCC: 0.669265, LOSS: 0.171752
2026-08-22 20:54:02,090 [INFO] Align: EPOCH[46] -> PLCC: 0.831408, SROCC: 0.665451, KROCC: 0.488144, LOSS: 0.300474
2026-08-22 20:54:02,091 [INFO] Start training
2026-08-22 20:54:02,381 [INFO] Start training epoch 47, 37 iters per inner epoch.
2026-08-22 20:54:21,713 [INFO] Averaged stats: lr: 0.000002  loss: 0.084692
2026-08-22 20:54:21,803 [INFO] gates: {"epoch": 47, "quality_ratio": 0.1049, "lambda_q": 0.0325, "patch_w_mean": 0.0763, "patch_w_std": 0.0887, "mgsc_global_sim_mean": 0.259, "mgsc_global_sim_std": 0.0273, "mgsc_local_sim_mean": 0.1256, "mgsc_local_sim_std": 0.0282, "mgsc_frag_count": 4, "mgsc_frag_w_entropy": 1.3785, "mgsc_gl_gap_mean": 0.1334, "mgsc_gl_gap_std": 0.0364}
2026-08-22 20:54:21,803 [INFO] Evaluating on val.
Train: data epoch: [47]  [ 0/37]  eta: 0:00:37  lr: 0.000002  loss: 0.0804  time: 1.0221  data: 0.0001  max mem: 5170
Train: data epoch: [47]  [20/37]  eta: 0:00:08  lr: 0.000002  loss: 0.0953  time: 0.5037  data: 0.0000  max mem: 5170
Train: data epoch: [47]  [36/37]  eta: 0:00:00  lr: 0.000002  loss: 0.1162  time: 0.5060  data: 0.0000  max mem: 5170
Train: data epoch: [47] Total time: 0:00:19 (0.5225 s / it)
2026-08-22 20:54:28,224 [INFO] Qual: EPOCH[47] -> PLCC: 0.904833, SROCC: 0.847877, KROCC: 0.669187, LOSS: 0.171808
2026-08-22 20:54:28,224 [INFO] Align: EPOCH[47] -> PLCC: 0.831361, SROCC: 0.665435, KROCC: 0.488122, LOSS: 0.300376
2026-08-22 20:54:28,225 [INFO] Start training
2026-08-22 20:54:28,550 [INFO] Start training epoch 48, 37 iters per inner epoch.
2026-08-22 20:54:47,906 [INFO] Averaged stats: lr: 0.000001  loss: 0.085017
2026-08-22 20:54:48,006 [INFO] gates: {"epoch": 48, "quality_ratio": 0.0995, "lambda_q": 0.0325, "patch_w_mean": 0.0762, "patch_w_std": 0.0885, "mgsc_global_sim_mean": 0.2523, "mgsc_global_sim_std": 0.0229, "mgsc_local_sim_mean": 0.1259, "mgsc_local_sim_std": 0.0282, "mgsc_frag_count": 4, "mgsc_frag_w_entropy": 1.3784, "mgsc_gl_gap_mean": 0.1264, "mgsc_gl_gap_std": 0.0354}
2026-08-22 20:54:48,007 [INFO] Evaluating on val.
Train: data epoch: [48]  [ 0/37]  eta: 0:00:48  lr: 0.000001  loss: 0.0925  time: 1.3089  data: 0.0001  max mem: 5170
Train: data epoch: [48]  [20/37]  eta: 0:00:08  lr: 0.000001  loss: 0.1033  time: 0.4884  data: 0.0000  max mem: 5170
Train: data epoch: [48]  [36/37]  eta: 0:00:00  lr: 0.000001  loss: 0.0755  time: 0.5124  data: 0.0000  max mem: 5170
Train: data epoch: [48] Total time: 0:00:19 (0.5231 s / it)
2026-08-22 20:54:54,482 [INFO] Qual: EPOCH[48] -> PLCC: 0.904806, SROCC: 0.847871, KROCC: 0.669220, LOSS: 0.171970
2026-08-22 20:54:54,483 [INFO] Align: EPOCH[48] -> PLCC: 0.831374, SROCC: 0.665458, KROCC: 0.488111, LOSS: 0.300428
2026-08-22 20:54:54,483 [INFO] Start training
2026-08-22 20:54:54,779 [INFO] Start training epoch 49, 37 iters per inner epoch.
2026-08-22 20:55:13,113 [INFO] Averaged stats: lr: 0.000001  loss: 0.085396
2026-08-22 20:55:13,200 [INFO] gates: {"epoch": 49, "quality_ratio": 0.1067, "lambda_q": 0.0325, "patch_w_mean": 0.0739, "patch_w_std": 0.0896, "mgsc_global_sim_mean": 0.257, "mgsc_global_sim_std": 0.0305, "mgsc_local_sim_mean": 0.1254, "mgsc_local_sim_std": 0.0293, "mgsc_frag_count": 4, "mgsc_frag_w_entropy": 1.379, "mgsc_gl_gap_mean": 0.1316, "mgsc_gl_gap_std": 0.0389}
2026-08-22 20:55:13,200 [INFO] Evaluating on val.
Train: data epoch: [49]  [ 0/37]  eta: 0:00:42  lr: 0.000001  loss: 0.1242  time: 1.1585  data: 0.0001  max mem: 5170
Train: data epoch: [49]  [20/37]  eta: 0:00:09  lr: 0.000001  loss: 0.0834  time: 0.5005  data: 0.0000  max mem: 5170
Train: data epoch: [49]  [36/37]  eta: 0:00:00  lr: 0.000001  loss: 0.0787  time: 0.4620  data: 0.0000  max mem: 5170
Train: data epoch: [49] Total time: 0:00:18 (0.4955 s / it)
2026-08-22 20:55:17,663 [INFO] Qual: EPOCH[49] -> PLCC: 0.904806, SROCC: 0.847740, KROCC: 0.669109, LOSS: 0.171801
2026-08-22 20:55:17,663 [INFO] Align: EPOCH[49] -> PLCC: 0.831363, SROCC: 0.665382, KROCC: 0.488111, LOSS: 0.300403
2026-08-22 20:55:17,678 [INFO] Saving checkpoint at epoch 49 to run/20260822203_D_mgsc_global_local/checkpoint_latest.pth.
[{'agg_metrics': np.float64(4.492827591788446), 'qual_agg': np.float64(2.459693635449571), 'qual_PLCC': np.float64(0.9139795766248459), 'qual_SROCC': np.float64(0.8620317455140434), 'qual_KROCC': np.float64(0.6836823133106815), 'align_agg': np.float64(2.033133956338875), 'align_PLCC': np.float64(0.8424835370961353), 'align_SROCC': np.float64(0.6850934916088598), 'align_KROCC': np.float64(0.5055569276338798)}]
{'agg_metrics': np.float64(4.492827591788446), 'qual_agg': np.float64(2.459693635449571), 'qual_PLCC': np.float64(0.9139795766248459), 'qual_SROCC': np.float64(0.8620317455140434), 'qual_KROCC': np.float64(0.6836823133106815), 'align_agg': np.float64(2.033133956338875), 'align_PLCC': np.float64(0.8424835370961353), 'align_SROCC': np.float64(0.6850934916088598), 'align_KROCC': np.float64(0.5055569276338798)}
