2026-08-22 14:22:30,155 [INFO] Loaded init weights from init_ckpt/v20_aigiqa20k_seed42.pth
2026-08-22 14:22:30,155 [INFO] Start training
2026-08-22 14:22:30,172 [INFO] number of trainable parameters: 2423302
Not using distributed mode
['msqr_dgmpq_cadr_v18', 'msqr_dgmpq_daps_v16', 'msqr_dgmpq_hcmi_v8', 'msqr_dgmpq_hmqe_dcga_v20', 'msqr_dgmpq_mscm_v10', 'msqr_dgmpq_mscm_v11', 'msqr_dgmpq_mscm_v12', 'msqr_dgmpq_msrc_v14', 'msqr_dgmpq_ptlc_v15', 'msqr_dgmpq_qard_v17', 'msqr_dgmpq_tcap_v9', 'msqr_dgmpqplus_dcar_v19']
2026-08-22 14:22:31,761 [INFO] Start training epoch 0, 218 iters per inner epoch.
2026-08-22 14:24:44,105 [INFO] Averaged stats: lr: 0.000088  loss: 3.976427
2026-08-22 14:24:44,180 [INFO] gates: {"epoch": 0, "raw_quality_ratio": 2.398, "quality_ratio": 0.0415, "lambda_q": 0.0173, "deviation_mean": 1.0285, "deviation_std": 0.127, "patch_w_mean": 0.5345, "patch_w_std": 0.0163, "gamma_h": 0.0062, "hier_active": 0, "hier_dev_mean": 0.0, "hier_dev_std": 0.0, "q_sigma_norm": 0.0}
2026-08-22 14:24:44,180 [INFO] Evaluating on val.
Train: data epoch: [0]  [  0/218]  eta: 0:42:29  lr: 0.000000  loss: 15.8328  time: 11.6933  data: 0.0001  max mem: 5240
Train: data epoch: [0]  [ 20/218]  eta: 0:03:37  lr: 0.000040  loss: 15.4481  time: 0.5661  data: 0.0000  max mem: 5265
Train: data epoch: [0]  [ 40/218]  eta: 0:02:32  lr: 0.000080  loss: 12.3405  time: 0.6038  data: 0.0000  max mem: 5265
Train: data epoch: [0]  [ 60/218]  eta: 0:02:00  lr: 0.000100  loss: 5.5277  time: 0.5750  data: 0.0000  max mem: 5265
Train: data epoch: [0]  [ 80/218]  eta: 0:01:38  lr: 0.000100  loss: 0.7636  time: 0.5699  data: 0.0000  max mem: 5265
Train: data epoch: [0]  [100/218]  eta: 0:01:20  lr: 0.000100  loss: 0.4509  time: 0.5334  data: 0.0000  max mem: 5265
Train: data epoch: [0]  [120/218]  eta: 0:01:04  lr: 0.000100  loss: 0.4679  time: 0.5414  data: 0.0000  max mem: 5265
Train: data epoch: [0]  [140/218]  eta: 0:00:50  lr: 0.000100  loss: 0.2029  time: 0.5488  data: 0.0000  max mem: 5265
Train: data epoch: [0]  [160/218]  eta: 0:00:36  lr: 0.000100  loss: 0.2315  time: 0.5439  data: 0.0000  max mem: 5265
Train: data epoch: [0]  [180/218]  eta: 0:00:23  lr: 0.000100  loss: 0.1914  time: 0.5429  data: 0.0000  max mem: 5265
Train: data epoch: [0]  [200/218]  eta: 0:00:11  lr: 0.000100  loss: 0.0991  time: 0.5492  data: 0.0000  max mem: 5265
Train: data epoch: [0]  [217/218]  eta: 0:00:00  lr: 0.000100  loss: 0.1487  time: 0.5393  data: 0.0000  max mem: 5265
Train: data epoch: [0] Total time: 0:02:12 (0.6071 s / it)
2026-08-22 14:25:16,426 [INFO] AIGIQA-20K: EPOCH[0] -> SRCC 0.7114 PLCC_raw 0.8088 PLCC_mapped 0.8125 KRCC 0.5250 MainScore_official 0.7620
2026-08-22 14:25:16,442 [INFO] Saving checkpoint at epoch 0 to run/20260822142_E1_HMQE_20k/checkpoint_best.pth.
2026-08-22 14:25:16,516 [INFO] Saving checkpoint at epoch 0 to run/20260822142_E1_HMQE_20k/checkpoint_best_joint.pth.
2026-08-22 14:25:16,585 [INFO] Saving checkpoint at epoch 0 to run/20260822142_E1_HMQE_20k/checkpoint_best_main.pth.
2026-08-22 14:25:16,643 [INFO] Start training
2026-08-22 14:25:17,032 [INFO] Start training epoch 1, 218 iters per inner epoch.
2026-08-22 14:27:23,021 [INFO] Averaged stats: lr: 0.000099  loss: 0.136579
2026-08-22 14:27:23,139 [INFO] gates: {"epoch": 1, "raw_quality_ratio": 2.3801, "quality_ratio": 0.0448, "lambda_q": 0.0188, "deviation_mean": 0.7543, "deviation_std": 0.1584, "patch_w_mean": 0.4592, "patch_w_std": 0.0574, "gamma_h": 0.0128, "hier_active": 1, "hier_dev_mean": 0.0, "hier_dev_std": 0.0, "q_sigma_norm": 0.0}
2026-08-22 14:27:23,139 [INFO] Evaluating on val.
Train: data epoch: [1]  [  0/218]  eta: 0:20:25  lr: 0.000099  loss: 0.2098  time: 5.6197  data: 0.0001  max mem: 5265
Train: data epoch: [1]  [ 20/218]  eta: 0:02:59  lr: 0.000099  loss: 0.1538  time: 0.6702  data: 0.0000  max mem: 5265
Train: data epoch: [1]  [ 40/218]  eta: 0:02:15  lr: 0.000099  loss: 0.1362  time: 0.6102  data: 0.0000  max mem: 5265
Train: data epoch: [1]  [ 60/218]  eta: 0:01:50  lr: 0.000099  loss: 0.0968  time: 0.5797  data: 0.0000  max mem: 5265
Train: data epoch: [1]  [ 80/218]  eta: 0:01:32  lr: 0.000099  loss: 0.1618  time: 0.5853  data: 0.0000  max mem: 5265
Train: data epoch: [1]  [100/218]  eta: 0:01:16  lr: 0.000099  loss: 0.1325  time: 0.5560  data: 0.0000  max mem: 5265
Train: data epoch: [1]  [120/218]  eta: 0:01:01  lr: 0.000099  loss: 0.1282  time: 0.5449  data: 0.0000  max mem: 5265
Train: data epoch: [1]  [140/218]  eta: 0:00:48  lr: 0.000099  loss: 0.0851  time: 0.5504  data: 0.0000  max mem: 5265
Train: data epoch: [1]  [160/218]  eta: 0:00:35  lr: 0.000099  loss: 0.1501  time: 0.5462  data: 0.0000  max mem: 5265
Train: data epoch: [1]  [180/218]  eta: 0:00:22  lr: 0.000099  loss: 0.1544  time: 0.4869  data: 0.0000  max mem: 5265
Train: data epoch: [1]  [200/218]  eta: 0:00:10  lr: 0.000099  loss: 0.1126  time: 0.4250  data: 0.0000  max mem: 5265
Train: data epoch: [1]  [217/218]  eta: 0:00:00  lr: 0.000099  loss: 0.1152  time: 0.5332  data: 0.0000  max mem: 5265
Train: data epoch: [1] Total time: 0:02:05 (0.5779 s / it)
2026-08-22 14:27:46,213 [INFO] AIGIQA-20K: EPOCH[1] -> SRCC 0.8146 PLCC_raw 0.8783 PLCC_mapped 0.8796 KRCC 0.6273 MainScore_official 0.8471
2026-08-22 14:27:46,226 [INFO] Saving checkpoint at epoch 1 to run/20260822142_E1_HMQE_20k/checkpoint_best_main.pth.
2026-08-22 14:27:46,281 [INFO] Start training
2026-08-22 14:27:46,667 [INFO] Start training epoch 2, 218 iters per inner epoch.
2026-08-22 14:29:44,168 [INFO] Averaged stats: lr: 0.000098  loss: 0.103213
2026-08-22 14:29:44,286 [INFO] gates: {"epoch": 2, "raw_quality_ratio": 2.3525, "quality_ratio": 0.0467, "lambda_q": 0.0199, "deviation_mean": 0.8035, "deviation_std": 0.1797, "patch_w_mean": 0.4218, "patch_w_std": 0.1097, "gamma_h": 0.0135, "hier_active": 1, "hier_dev_mean": 0.0, "hier_dev_std": 0.0, "q_sigma_norm": 0.0}
2026-08-22 14:29:44,286 [INFO] Evaluating on val.
Train: data epoch: [2]  [  0/218]  eta: 0:14:29  lr: 0.000098  loss: 0.1254  time: 3.9889  data: 0.0001  max mem: 5265
Train: data epoch: [2]  [ 20/218]  eta: 0:02:00  lr: 0.000098  loss: 0.1139  time: 0.4399  data: 0.0000  max mem: 5265
Train: data epoch: [2]  [ 40/218]  eta: 0:01:36  lr: 0.000098  loss: 0.1398  time: 0.4749  data: 0.0000  max mem: 5265
Train: data epoch: [2]  [ 60/218]  eta: 0:01:28  lr: 0.000098  loss: 0.1718  time: 0.5849  data: 0.0000  max mem: 5265
Train: data epoch: [2]  [ 80/218]  eta: 0:01:17  lr: 0.000098  loss: 0.0825  time: 0.5782  data: 0.0000  max mem: 5265
Train: data epoch: [2]  [100/218]  eta: 0:01:05  lr: 0.000098  loss: 0.0646  time: 0.5386  data: 0.0000  max mem: 5265
Train: data epoch: [2]  [120/218]  eta: 0:00:54  lr: 0.000098  loss: 0.1119  time: 0.5469  data: 0.0000  max mem: 5265
Train: data epoch: [2]  [140/218]  eta: 0:00:43  lr: 0.000098  loss: 0.0997  time: 0.5473  data: 0.0000  max mem: 5265
Train: data epoch: [2]  [160/218]  eta: 0:00:32  lr: 0.000098  loss: 0.1099  time: 0.5497  data: 0.0000  max mem: 5265
Train: data epoch: [2]  [180/218]  eta: 0:00:21  lr: 0.000098  loss: 0.0894  time: 0.5484  data: 0.0000  max mem: 5265
Train: data epoch: [2]  [200/218]  eta: 0:00:09  lr: 0.000098  loss: 0.1008  time: 0.4207  data: 0.0000  max mem: 5265
Train: data epoch: [2]  [217/218]  eta: 0:00:00  lr: 0.000098  loss: 0.0880  time: 0.5056  data: 0.0000  max mem: 5265
Train: data epoch: [2] Total time: 0:01:57 (0.5390 s / it)
2026-08-22 14:30:05,571 [INFO] AIGIQA-20K: EPOCH[2] -> SRCC 0.8373 PLCC_raw 0.8921 PLCC_mapped 0.8929 KRCC 0.6528 MainScore_official 0.8651
2026-08-22 14:30:05,584 [INFO] Saving checkpoint at epoch 2 to run/20260822142_E1_HMQE_20k/checkpoint_best_main.pth.
2026-08-22 14:30:05,674 [INFO] Start training
2026-08-22 14:30:06,189 [INFO] Start training epoch 3, 218 iters per inner epoch.
2026-08-22 14:32:05,979 [INFO] Averaged stats: lr: 0.000095  loss: 0.089643
2026-08-22 14:32:06,077 [INFO] gates: {"epoch": 3, "raw_quality_ratio": 2.3117, "quality_ratio": 0.0485, "lambda_q": 0.021, "deviation_mean": 0.7506, "deviation_std": 0.213, "patch_w_mean": 0.3263, "patch_w_std": 0.1447, "gamma_h": 0.015, "hier_active": 1, "hier_dev_mean": 0.0, "hier_dev_std": 0.0, "q_sigma_norm": 0.0}
2026-08-22 14:32:06,077 [INFO] Evaluating on val.
Train: data epoch: [3]  [  0/218]  eta: 0:19:35  lr: 0.000095  loss: 0.0710  time: 5.3911  data: 0.0001  max mem: 5265
Train: data epoch: [3]  [ 20/218]  eta: 0:02:27  lr: 0.000095  loss: 0.0979  time: 0.5101  data: 0.0000  max mem: 5265
Train: data epoch: [3]  [ 40/218]  eta: 0:01:50  lr: 0.000095  loss: 0.0974  time: 0.4885  data: 0.0000  max mem: 5265
Train: data epoch: [3]  [ 60/218]  eta: 0:01:32  lr: 0.000095  loss: 0.0918  time: 0.5251  data: 0.0000  max mem: 5265
Train: data epoch: [3]  [ 80/218]  eta: 0:01:21  lr: 0.000095  loss: 0.1133  time: 0.5998  data: 0.0000  max mem: 5265
Train: data epoch: [3]  [100/218]  eta: 0:01:09  lr: 0.000095  loss: 0.0502  time: 0.5600  data: 0.0000  max mem: 5265
Train: data epoch: [3]  [120/218]  eta: 0:00:56  lr: 0.000095  loss: 0.0760  time: 0.5451  data: 0.0000  max mem: 5265
Train: data epoch: [3]  [140/218]  eta: 0:00:44  lr: 0.000095  loss: 0.0995  time: 0.5485  data: 0.0000  max mem: 5265
Train: data epoch: [3]  [160/218]  eta: 0:00:33  lr: 0.000095  loss: 0.0813  time: 0.5480  data: 0.0000  max mem: 5265
Train: data epoch: [3]  [180/218]  eta: 0:00:21  lr: 0.000095  loss: 0.1005  time: 0.5411  data: 0.0000  max mem: 5265
Train: data epoch: [3]  [200/218]  eta: 0:00:09  lr: 0.000095  loss: 0.0737  time: 0.4021  data: 0.0000  max mem: 5265
Train: data epoch: [3]  [217/218]  eta: 0:00:00  lr: 0.000095  loss: 0.0790  time: 0.5111  data: 0.0000  max mem: 5265
Train: data epoch: [3] Total time: 0:01:59 (0.5495 s / it)
2026-08-22 14:32:29,783 [INFO] AIGIQA-20K: EPOCH[3] -> SRCC 0.8495 PLCC_raw 0.8990 PLCC_mapped 0.9002 KRCC 0.6663 MainScore_official 0.8749
2026-08-22 14:32:29,806 [INFO] Saving checkpoint at epoch 3 to run/20260822142_E1_HMQE_20k/checkpoint_best_main.pth.
2026-08-22 14:32:29,896 [INFO] Start training
2026-08-22 14:32:30,406 [INFO] Start training epoch 4, 218 iters per inner epoch.
2026-08-22 14:34:29,508 [INFO] Averaged stats: lr: 0.000091  loss: 0.081748
2026-08-22 14:34:29,623 [INFO] gates: {"epoch": 4, "raw_quality_ratio": 2.2923, "quality_ratio": 0.0506, "lambda_q": 0.0221, "deviation_mean": 0.6638, "deviation_std": 0.1768, "patch_w_mean": 0.26, "patch_w_std": 0.1531, "gamma_h": 0.0152, "hier_active": 1, "hier_dev_mean": 0.0, "hier_dev_std": 0.0, "q_sigma_norm": 0.0}
2026-08-22 14:34:29,623 [INFO] Evaluating on val.
Train: data epoch: [4]  [  0/218]  eta: 0:20:09  lr: 0.000091  loss: 0.1349  time: 5.5487  data: 0.0001  max mem: 5265
Train: data epoch: [4]  [ 20/218]  eta: 0:02:31  lr: 0.000091  loss: 0.0808  time: 0.5249  data: 0.0000  max mem: 5265
Train: data epoch: [4]  [ 40/218]  eta: 0:01:54  lr: 0.000091  loss: 0.0618  time: 0.5125  data: 0.0000  max mem: 5265
Train: data epoch: [4]  [ 60/218]  eta: 0:01:31  lr: 0.000091  loss: 0.0493  time: 0.4575  data: 0.0000  max mem: 5265
Train: data epoch: [4]  [ 80/218]  eta: 0:01:18  lr: 0.000091  loss: 0.0616  time: 0.5450  data: 0.0000  max mem: 5265
Train: data epoch: [4]  [100/218]  eta: 0:01:07  lr: 0.000091  loss: 0.0680  time: 0.5799  data: 0.0000  max mem: 5265
Train: data epoch: [4]  [120/218]  eta: 0:00:56  lr: 0.000091  loss: 0.0753  time: 0.5753  data: 0.0000  max mem: 5265
Train: data epoch: [4]  [140/218]  eta: 0:00:44  lr: 0.000091  loss: 0.0666  time: 0.5475  data: 0.0000  max mem: 5265
Train: data epoch: [4]  [160/218]  eta: 0:00:32  lr: 0.000091  loss: 0.0753  time: 0.5548  data: 0.0000  max mem: 5265
Train: data epoch: [4]  [180/218]  eta: 0:00:21  lr: 0.000091  loss: 0.0581  time: 0.5023  data: 0.0000  max mem: 5265
Train: data epoch: [4]  [200/218]  eta: 0:00:09  lr: 0.000091  loss: 0.0719  time: 0.3900  data: 0.0000  max mem: 5265
Train: data epoch: [4]  [217/218]  eta: 0:00:00  lr: 0.000091  loss: 0.0616  time: 0.5476  data: 0.0000  max mem: 5265
Train: data epoch: [4] Total time: 0:01:59 (0.5463 s / it)
2026-08-22 14:34:52,563 [INFO] AIGIQA-20K: EPOCH[4] -> SRCC 0.8473 PLCC_raw 0.8999 PLCC_mapped 0.9007 KRCC 0.6641 MainScore_official 0.8740
2026-08-22 14:34:52,565 [INFO] Start training
2026-08-22 14:34:52,943 [INFO] Start training epoch 5, 218 iters per inner epoch.
2026-08-22 14:36:49,942 [INFO] Averaged stats: lr: 0.000086  loss: 0.075969
2026-08-22 14:36:50,063 [INFO] gates: {"epoch": 5, "raw_quality_ratio": 2.3155, "quality_ratio": 0.0538, "lambda_q": 0.0232, "deviation_mean": 0.795, "deviation_std": 0.2181, "patch_w_mean": 0.2203, "patch_w_std": 0.1589, "gamma_h": 0.0154, "hier_active": 1, "hier_dev_mean": 0.0, "hier_dev_std": 0.0, "q_sigma_norm": 0.0}
2026-08-22 14:36:50,063 [INFO] Evaluating on val.
Train: data epoch: [5]  [  0/218]  eta: 0:13:50  lr: 0.000086  loss: 0.0574  time: 3.8116  data: 0.0001  max mem: 5265
Train: data epoch: [5]  [ 20/218]  eta: 0:02:05  lr: 0.000086  loss: 0.0763  time: 0.4750  data: 0.0000  max mem: 5265
Train: data epoch: [5]  [ 40/218]  eta: 0:01:36  lr: 0.000086  loss: 0.0586  time: 0.4501  data: 0.0000  max mem: 5265
Train: data epoch: [5]  [ 60/218]  eta: 0:01:27  lr: 0.000086  loss: 0.0730  time: 0.5766  data: 0.0000  max mem: 5265
Train: data epoch: [5]  [ 80/218]  eta: 0:01:13  lr: 0.000086  loss: 0.0825  time: 0.4583  data: 0.0000  max mem: 5265
Train: data epoch: [5]  [100/218]  eta: 0:01:04  lr: 0.000086  loss: 0.0712  time: 0.5998  data: 0.0000  max mem: 5265
Train: data epoch: [5]  [120/218]  eta: 0:00:54  lr: 0.000086  loss: 0.0430  time: 0.5857  data: 0.0000  max mem: 5265
Train: data epoch: [5]  [140/218]  eta: 0:00:42  lr: 0.000086  loss: 0.0803  time: 0.5497  data: 0.0000  max mem: 5265
Train: data epoch: [5]  [160/218]  eta: 0:00:32  lr: 0.000086  loss: 0.0969  time: 0.5559  data: 0.0000  max mem: 5265
Train: data epoch: [5]  [180/218]  eta: 0:00:20  lr: 0.000086  loss: 0.1074  time: 0.5456  data: 0.0000  max mem: 5265
Train: data epoch: [5]  [200/218]  eta: 0:00:09  lr: 0.000086  loss: 0.0732  time: 0.4430  data: 0.0000  max mem: 5265
Train: data epoch: [5]  [217/218]  eta: 0:00:00  lr: 0.000086  loss: 0.1140  time: 0.4793  data: 0.0000  max mem: 5265
Train: data epoch: [5] Total time: 0:01:56 (0.5367 s / it)
2026-08-22 14:37:13,518 [INFO] AIGIQA-20K: EPOCH[5] -> SRCC 0.8548 PLCC_raw 0.9038 PLCC_mapped 0.9043 KRCC 0.6728 MainScore_official 0.8796
2026-08-22 14:37:13,536 [INFO] Saving checkpoint at epoch 5 to run/20260822142_E1_HMQE_20k/checkpoint_best_main.pth.
2026-08-22 14:37:13,592 [INFO] Start training
2026-08-22 14:37:13,929 [INFO] Start training epoch 6, 218 iters per inner epoch.
2026-08-22 14:39:15,710 [INFO] Averaged stats: lr: 0.000080  loss: 0.070703
2026-08-22 14:39:15,820 [INFO] gates: {"epoch": 6, "raw_quality_ratio": 2.2649, "quality_ratio": 0.055, "lambda_q": 0.0243, "deviation_mean": 0.7382, "deviation_std": 0.1959, "patch_w_mean": 0.1655, "patch_w_std": 0.1459, "gamma_h": 0.0161, "hier_active": 1, "hier_dev_mean": 0.0, "hier_dev_std": 0.0, "q_sigma_norm": 0.0}
2026-08-22 14:39:15,820 [INFO] Evaluating on val.
Train: data epoch: [6]  [  0/218]  eta: 0:23:06  lr: 0.000080  loss: 0.0596  time: 6.3596  data: 0.0002  max mem: 5265
Train: data epoch: [6]  [ 20/218]  eta: 0:02:47  lr: 0.000080  loss: 0.0563  time: 0.5689  data: 0.0000  max mem: 5265
Train: data epoch: [6]  [ 40/218]  eta: 0:01:55  lr: 0.000080  loss: 0.0745  time: 0.4393  data: 0.0000  max mem: 5265
Train: data epoch: [6]  [ 60/218]  eta: 0:01:38  lr: 0.000080  loss: 0.0540  time: 0.5844  data: 0.0000  max mem: 5265
Train: data epoch: [6]  [ 80/218]  eta: 0:01:23  lr: 0.000080  loss: 0.0806  time: 0.5254  data: 0.0000  max mem: 5265
Train: data epoch: [6]  [100/218]  eta: 0:01:07  lr: 0.000080  loss: 0.0698  time: 0.4500  data: 0.0000  max mem: 5265
Train: data epoch: [6]  [120/218]  eta: 0:00:56  lr: 0.000080  loss: 0.0614  time: 0.6050  data: 0.0000  max mem: 5265
Train: data epoch: [6]  [140/218]  eta: 0:00:45  lr: 0.000080  loss: 0.0772  time: 0.5900  data: 0.0000  max mem: 5265
Train: data epoch: [6]  [160/218]  eta: 0:00:33  lr: 0.000080  loss: 0.0517  time: 0.6099  data: 0.0000  max mem: 5265
Train: data epoch: [6]  [180/218]  eta: 0:00:21  lr: 0.000080  loss: 0.0562  time: 0.5411  data: 0.0000  max mem: 5265
Train: data epoch: [6]  [200/218]  eta: 0:00:10  lr: 0.000080  loss: 0.0776  time: 0.4089  data: 0.0000  max mem: 5265
Train: data epoch: [6]  [217/218]  eta: 0:00:00  lr: 0.000080  loss: 0.0836  time: 0.5077  data: 0.0000  max mem: 5265
Train: data epoch: [6] Total time: 0:02:01 (0.5586 s / it)
2026-08-22 14:39:38,115 [INFO] AIGIQA-20K: EPOCH[6] -> SRCC 0.8581 PLCC_raw 0.9043 PLCC_mapped 0.9061 KRCC 0.6766 MainScore_official 0.8821
2026-08-22 14:39:38,131 [INFO] Saving checkpoint at epoch 6 to run/20260822142_E1_HMQE_20k/checkpoint_best_main.pth.
2026-08-22 14:39:38,202 [INFO] Start training
2026-08-22 14:39:38,542 [INFO] Start training epoch 7, 218 iters per inner epoch.
2026-08-22 14:41:38,348 [INFO] Averaged stats: lr: 0.000073  loss: 0.067177
2026-08-22 14:41:38,451 [INFO] gates: {"epoch": 7, "raw_quality_ratio": 2.3443, "quality_ratio": 0.0594, "lambda_q": 0.0253, "deviation_mean": 0.763, "deviation_std": 0.1948, "patch_w_mean": 0.14, "patch_w_std": 0.1359, "gamma_h": 0.0165, "hier_active": 1, "hier_dev_mean": 0.0, "hier_dev_std": 0.0, "q_sigma_norm": 0.0}
2026-08-22 14:41:38,452 [INFO] Evaluating on val.
Train: data epoch: [7]  [  0/218]  eta: 0:22:34  lr: 0.000073  loss: 0.0461  time: 6.2137  data: 0.0001  max mem: 5265
Train: data epoch: [7]  [ 20/218]  eta: 0:02:48  lr: 0.000073  loss: 0.0524  time: 0.5849  data: 0.0000  max mem: 5265
Train: data epoch: [7]  [ 40/218]  eta: 0:02:00  lr: 0.000073  loss: 0.0933  time: 0.4962  data: 0.0000  max mem: 5265
Train: data epoch: [7]  [ 60/218]  eta: 0:01:35  lr: 0.000073  loss: 0.0913  time: 0.4539  data: 0.0000  max mem: 5265
Train: data epoch: [7]  [ 80/218]  eta: 0:01:22  lr: 0.000073  loss: 0.0983  time: 0.5699  data: 0.0000  max mem: 5265
Train: data epoch: [7]  [100/218]  eta: 0:01:07  lr: 0.000073  loss: 0.0572  time: 0.4899  data: 0.0000  max mem: 5265
Train: data epoch: [7]  [120/218]  eta: 0:00:55  lr: 0.000073  loss: 0.0726  time: 0.5299  data: 0.0000  max mem: 5265
Train: data epoch: [7]  [140/218]  eta: 0:00:44  lr: 0.000073  loss: 0.0716  time: 0.5851  data: 0.0000  max mem: 5265
Train: data epoch: [7]  [160/218]  eta: 0:00:33  lr: 0.000073  loss: 0.0589  time: 0.5775  data: 0.0000  max mem: 5265
Train: data epoch: [7]  [180/218]  eta: 0:00:21  lr: 0.000073  loss: 0.0617  time: 0.5580  data: 0.0000  max mem: 5265
Train: data epoch: [7]  [200/218]  eta: 0:00:09  lr: 0.000073  loss: 0.0678  time: 0.4193  data: 0.0000  max mem: 5265
Train: data epoch: [7]  [217/218]  eta: 0:00:00  lr: 0.000073  loss: 0.0607  time: 0.4646  data: 0.0000  max mem: 5265
Train: data epoch: [7] Total time: 0:01:59 (0.5496 s / it)
2026-08-22 14:42:01,210 [INFO] AIGIQA-20K: EPOCH[7] -> SRCC 0.8590 PLCC_raw 0.9057 PLCC_mapped 0.9067 KRCC 0.6775 MainScore_official 0.8828
2026-08-22 14:42:01,223 [INFO] Saving checkpoint at epoch 7 to run/20260822142_E1_HMQE_20k/checkpoint_best_main.pth.
2026-08-22 14:42:01,277 [INFO] Start training
2026-08-22 14:42:01,616 [INFO] Start training epoch 8, 218 iters per inner epoch.
2026-08-22 14:44:04,761 [INFO] Averaged stats: lr: 0.000066  loss: 0.063291
2026-08-22 14:44:04,871 [INFO] gates: {"epoch": 8, "raw_quality_ratio": 2.3144, "quality_ratio": 0.061, "lambda_q": 0.0264, "deviation_mean": 0.7325, "deviation_std": 0.2074, "patch_w_mean": 0.1116, "patch_w_std": 0.1193, "gamma_h": 0.0172, "hier_active": 1, "hier_dev_mean": 0.0, "hier_dev_std": 0.0, "q_sigma_norm": 0.0}
2026-08-22 14:44:04,872 [INFO] Evaluating on val.
Train: data epoch: [8]  [  0/218]  eta: 0:21:59  lr: 0.000066  loss: 0.0618  time: 6.0513  data: 0.0001  max mem: 5265
Train: data epoch: [8]  [ 20/218]  eta: 0:03:12  lr: 0.000066  loss: 0.0479  time: 0.7196  data: 0.0000  max mem: 5265
Train: data epoch: [8]  [ 40/218]  eta: 0:02:19  lr: 0.000066  loss: 0.0590  time: 0.5896  data: 0.0000  max mem: 5265
Train: data epoch: [8]  [ 60/218]  eta: 0:01:44  lr: 0.000066  loss: 0.0773  time: 0.3999  data: 0.0000  max mem: 5265
Train: data epoch: [8]  [ 80/218]  eta: 0:01:28  lr: 0.000066  loss: 0.0717  time: 0.5853  data: 0.0000  max mem: 5265
Train: data epoch: [8]  [100/218]  eta: 0:01:12  lr: 0.000066  loss: 0.0712  time: 0.5046  data: 0.0000  max mem: 5265
Train: data epoch: [8]  [120/218]  eta: 0:00:58  lr: 0.000066  loss: 0.0833  time: 0.4965  data: 0.0000  max mem: 5265
Train: data epoch: [8]  [140/218]  eta: 0:00:46  lr: 0.000066  loss: 0.0490  time: 0.5784  data: 0.0000  max mem: 5265
Train: data epoch: [8]  [160/218]  eta: 0:00:34  lr: 0.000066  loss: 0.0749  time: 0.5750  data: 0.0000  max mem: 5265
Train: data epoch: [8]  [180/218]  eta: 0:00:22  lr: 0.000066  loss: 0.0402  time: 0.5492  data: 0.0000  max mem: 5265
Train: data epoch: [8]  [200/218]  eta: 0:00:10  lr: 0.000066  loss: 0.0537  time: 0.4007  data: 0.0000  max mem: 5265
Train: data epoch: [8]  [217/218]  eta: 0:00:00  lr: 0.000066  loss: 0.0614  time: 0.5153  data: 0.0000  max mem: 5265
Train: data epoch: [8] Total time: 0:02:03 (0.5649 s / it)
2026-08-22 14:44:27,292 [INFO] AIGIQA-20K: EPOCH[8] -> SRCC 0.8569 PLCC_raw 0.9054 PLCC_mapped 0.9058 KRCC 0.6750 MainScore_official 0.8813
2026-08-22 14:44:27,293 [INFO] Start training
2026-08-22 14:44:27,622 [INFO] Start training epoch 9, 218 iters per inner epoch.
2026-08-22 14:46:32,784 [INFO] Averaged stats: lr: 0.000058  loss: 0.059674
2026-08-22 14:46:32,896 [INFO] gates: {"epoch": 9, "raw_quality_ratio": 2.3677, "quality_ratio": 0.0648, "lambda_q": 0.0274, "deviation_mean": 0.8265, "deviation_std": 0.2299, "patch_w_mean": 0.0983, "patch_w_std": 0.1128, "gamma_h": 0.0175, "hier_active": 1, "hier_dev_mean": 0.0, "hier_dev_std": 0.0, "q_sigma_norm": 0.0}
2026-08-22 14:46:32,897 [INFO] Evaluating on val.
Train: data epoch: [9]  [  0/218]  eta: 0:34:38  lr: 0.000058  loss: 0.0431  time: 9.5343  data: 0.0001  max mem: 5265
Train: data epoch: [9]  [ 20/218]  eta: 0:03:32  lr: 0.000058  loss: 0.0504  time: 0.6499  data: 0.0000  max mem: 5265
Train: data epoch: [9]  [ 40/218]  eta: 0:02:26  lr: 0.000058  loss: 0.0533  time: 0.5619  data: 0.0000  max mem: 5265
Train: data epoch: [9]  [ 60/218]  eta: 0:01:48  lr: 0.000058  loss: 0.0516  time: 0.4130  data: 0.0000  max mem: 5265
Train: data epoch: [9]  [ 80/218]  eta: 0:01:30  lr: 0.000058  loss: 0.0937  time: 0.5547  data: 0.0000  max mem: 5265
Train: data epoch: [9]  [100/218]  eta: 0:01:14  lr: 0.000058  loss: 0.0493  time: 0.5527  data: 0.0000  max mem: 5265
Train: data epoch: [9]  [120/218]  eta: 0:01:00  lr: 0.000058  loss: 0.0441  time: 0.5026  data: 0.0000  max mem: 5265
Train: data epoch: [9]  [140/218]  eta: 0:00:47  lr: 0.000058  loss: 0.0561  time: 0.5898  data: 0.0000  max mem: 5265
Train: data epoch: [9]  [160/218]  eta: 0:00:35  lr: 0.000058  loss: 0.0621  time: 0.5637  data: 0.0000  max mem: 5265
Train: data epoch: [9]  [180/218]  eta: 0:00:22  lr: 0.000058  loss: 0.0671  time: 0.4363  data: 0.0000  max mem: 5265
Train: data epoch: [9]  [200/218]  eta: 0:00:10  lr: 0.000058  loss: 0.0509  time: 0.4799  data: 0.0000  max mem: 5265
Train: data epoch: [9]  [217/218]  eta: 0:00:00  lr: 0.000058  loss: 0.0599  time: 0.5665  data: 0.0000  max mem: 5265
Train: data epoch: [9] Total time: 0:02:05 (0.5741 s / it)
2026-08-22 14:47:02,268 [INFO] AIGIQA-20K: EPOCH[9] -> SRCC 0.8578 PLCC_raw 0.9052 PLCC_mapped 0.9066 KRCC 0.6762 MainScore_official 0.8822
2026-08-22 14:47:02,269 [INFO] Start training
2026-08-22 14:47:02,581 [INFO] Start training epoch 10, 218 iters per inner epoch.
2026-08-22 14:49:05,755 [INFO] Averaged stats: lr: 0.000051  loss: 0.056815
2026-08-22 14:49:05,951 [INFO] gates: {"epoch": 10, "raw_quality_ratio": 2.3685, "quality_ratio": 0.0672, "lambda_q": 0.0284, "deviation_mean": 0.7777, "deviation_std": 0.219, "patch_w_mean": 0.0738, "patch_w_std": 0.094, "gamma_h": 0.0184, "hier_active": 1, "hier_dev_mean": 0.0, "hier_dev_std": 0.0, "q_sigma_norm": 0.0}
2026-08-22 14:49:05,952 [INFO] Evaluating on val.
Train: data epoch: [10]  [  0/218]  eta: 0:20:38  lr: 0.000051  loss: 0.0661  time: 5.6802  data: 0.0001  max mem: 5265
Train: data epoch: [10]  [ 20/218]  eta: 0:03:26  lr: 0.000051  loss: 0.0391  time: 0.8113  data: 0.0000  max mem: 5265
Train: data epoch: [10]  [ 40/218]  eta: 0:02:12  lr: 0.000051  loss: 0.0519  time: 0.4281  data: 0.0000  max mem: 5265
Train: data epoch: [10]  [ 60/218]  eta: 0:01:46  lr: 0.000051  loss: 0.0480  time: 0.5349  data: 0.0000  max mem: 5265
Train: data epoch: [10]  [ 80/218]  eta: 0:01:29  lr: 0.000051  loss: 0.0553  time: 0.5573  data: 0.0000  max mem: 5265
Train: data epoch: [10]  [100/218]  eta: 0:01:10  lr: 0.000051  loss: 0.0407  time: 0.4226  data: 0.0000  max mem: 5265
Train: data epoch: [10]  [120/218]  eta: 0:00:58  lr: 0.000051  loss: 0.0577  time: 0.5851  data: 0.0000  max mem: 5265
Train: data epoch: [10]  [140/218]  eta: 0:00:46  lr: 0.000051  loss: 0.0523  time: 0.5668  data: 0.0000  max mem: 5265
Train: data epoch: [10]  [160/218]  eta: 0:00:33  lr: 0.000051  loss: 0.0488  time: 0.5030  data: 0.0000  max mem: 5265
Train: data epoch: [10]  [180/218]  eta: 0:00:21  lr: 0.000051  loss: 0.0400  time: 0.4451  data: 0.0000  max mem: 5265
Train: data epoch: [10]  [200/218]  eta: 0:00:10  lr: 0.000051  loss: 0.0559  time: 0.5829  data: 0.0000  max mem: 5265
Train: data epoch: [10]  [217/218]  eta: 0:00:00  lr: 0.000051  loss: 0.0479  time: 0.5206  data: 0.0000  max mem: 5265
Train: data epoch: [10] Total time: 0:02:03 (0.5650 s / it)
2026-08-22 14:49:38,695 [INFO] AIGIQA-20K: EPOCH[10] -> SRCC 0.8573 PLCC_raw 0.9043 PLCC_mapped 0.9052 KRCC 0.6752 MainScore_official 0.8813
2026-08-22 14:49:38,708 [INFO] Saving checkpoint at epoch 10 to run/20260822142_E1_HMQE_20k/checkpoint_latest.pth.
2026-08-22 14:49:38,756 [INFO] Start training
2026-08-22 14:49:39,062 [INFO] Start training epoch 11, 218 iters per inner epoch.
2026-08-22 14:51:36,396 [INFO] Averaged stats: lr: 0.000043  loss: 0.054065
2026-08-22 14:51:36,522 [INFO] gates: {"epoch": 11, "raw_quality_ratio": 2.3366, "quality_ratio": 0.0681, "lambda_q": 0.0292, "deviation_mean": 0.8904, "deviation_std": 0.2377, "patch_w_mean": 0.0812, "patch_w_std": 0.1023, "gamma_h": 0.0188, "hier_active": 1, "hier_dev_mean": 0.0, "hier_dev_std": 0.0, "q_sigma_norm": 0.0}
2026-08-22 14:51:36,522 [INFO] Evaluating on val.
Train: data epoch: [11]  [  0/218]  eta: 0:21:24  lr: 0.000043  loss: 0.0573  time: 5.8925  data: 0.0001  max mem: 5265
Train: data epoch: [11]  [ 20/218]  eta: 0:02:35  lr: 0.000043  loss: 0.0604  time: 0.5299  data: 0.0000  max mem: 5265
Train: data epoch: [11]  [ 40/218]  eta: 0:01:48  lr: 0.000043  loss: 0.0445  time: 0.4250  data: 0.0000  max mem: 5265
Train: data epoch: [11]  [ 60/218]  eta: 0:01:35  lr: 0.000043  loss: 0.0503  time: 0.5850  data: 0.0000  max mem: 5265
Train: data epoch: [11]  [ 80/218]  eta: 0:01:18  lr: 0.000043  loss: 0.0437  time: 0.4799  data: 0.0000  max mem: 5265
Train: data epoch: [11]  [100/218]  eta: 0:01:05  lr: 0.000043  loss: 0.0572  time: 0.5000  data: 0.0000  max mem: 5265
Train: data epoch: [11]  [120/218]  eta: 0:00:55  lr: 0.000043  loss: 0.0386  time: 0.5977  data: 0.0000  max mem: 5265
Train: data epoch: [11]  [140/218]  eta: 0:00:43  lr: 0.000043  loss: 0.0492  time: 0.5536  data: 0.0000  max mem: 5265
Train: data epoch: [11]  [160/218]  eta: 0:00:32  lr: 0.000043  loss: 0.0394  time: 0.4937  data: 0.0000  max mem: 5265
Train: data epoch: [11]  [180/218]  eta: 0:00:20  lr: 0.000043  loss: 0.0876  time: 0.3912  data: 0.0000  max mem: 5265
Train: data epoch: [11]  [200/218]  eta: 0:00:09  lr: 0.000043  loss: 0.0481  time: 0.5366  data: 0.0000  max mem: 5265
Train: data epoch: [11]  [217/218]  eta: 0:00:00  lr: 0.000043  loss: 0.0458  time: 0.5662  data: 0.0000  max mem: 5265
Train: data epoch: [11] Total time: 0:01:57 (0.5382 s / it)
2026-08-22 14:52:04,890 [INFO] AIGIQA-20K: EPOCH[11] -> SRCC 0.8572 PLCC_raw 0.9044 PLCC_mapped 0.9056 KRCC 0.6754 MainScore_official 0.8814
2026-08-22 14:52:04,891 [INFO] Start training
2026-08-22 14:52:05,204 [INFO] Start training epoch 12, 218 iters per inner epoch.
2026-08-22 14:54:03,264 [INFO] Averaged stats: lr: 0.000035  loss: 0.051732
2026-08-22 14:54:03,391 [INFO] gates: {"epoch": 12, "raw_quality_ratio": 2.4595, "quality_ratio": 0.0735, "lambda_q": 0.0299, "deviation_mean": 0.8615, "deviation_std": 0.2187, "patch_w_mean": 0.0691, "patch_w_std": 0.0956, "gamma_h": 0.0194, "hier_active": 1, "hier_dev_mean": 0.0, "hier_dev_std": 0.0, "q_sigma_norm": 0.0}
2026-08-22 14:54:03,392 [INFO] Evaluating on val.
Train: data epoch: [12]  [  0/218]  eta: 0:17:19  lr: 0.000035  loss: 0.0429  time: 4.7697  data: 0.0001  max mem: 5265
Train: data epoch: [12]  [ 20/218]  eta: 0:02:25  lr: 0.000035  loss: 0.0361  time: 0.5340  data: 0.0000  max mem: 5265
Train: data epoch: [12]  [ 40/218]  eta: 0:01:42  lr: 0.000035  loss: 0.0381  time: 0.4104  data: 0.0000  max mem: 5265
Train: data epoch: [12]  [ 60/218]  eta: 0:01:31  lr: 0.000035  loss: 0.0490  time: 0.5874  data: 0.0000  max mem: 5265
Train: data epoch: [12]  [ 80/218]  eta: 0:01:16  lr: 0.000035  loss: 0.0513  time: 0.4872  data: 0.0000  max mem: 5265
Train: data epoch: [12]  [100/218]  eta: 0:01:05  lr: 0.000035  loss: 0.0640  time: 0.5510  data: 0.0000  max mem: 5265
Train: data epoch: [12]  [120/218]  eta: 0:00:54  lr: 0.000035  loss: 0.0414  time: 0.5741  data: 0.0000  max mem: 5265
Train: data epoch: [12]  [140/218]  eta: 0:00:43  lr: 0.000035  loss: 0.0496  time: 0.5746  data: 0.0000  max mem: 5265
Train: data epoch: [12]  [160/218]  eta: 0:00:32  lr: 0.000035  loss: 0.0579  time: 0.5578  data: 0.0000  max mem: 5265
Train: data epoch: [12]  [180/218]  eta: 0:00:20  lr: 0.000035  loss: 0.0662  time: 0.4523  data: 0.0000  max mem: 5265
Train: data epoch: [12]  [200/218]  eta: 0:00:09  lr: 0.000035  loss: 0.0454  time: 0.4597  data: 0.0000  max mem: 5265
Train: data epoch: [12]  [217/218]  eta: 0:00:00  lr: 0.000035  loss: 0.0453  time: 0.5653  data: 0.0000  max mem: 5265
Train: data epoch: [12] Total time: 0:01:58 (0.5416 s / it)
2026-08-22 14:54:28,170 [INFO] AIGIQA-20K: EPOCH[12] -> SRCC 0.8557 PLCC_raw 0.9040 PLCC_mapped 0.9050 KRCC 0.6738 MainScore_official 0.8803
2026-08-22 14:54:28,171 [INFO] Start training
2026-08-22 14:54:28,530 [INFO] Start training epoch 13, 218 iters per inner epoch.
2026-08-22 14:56:26,947 [INFO] Averaged stats: lr: 0.000028  loss: 0.049473
2026-08-22 14:56:27,058 [INFO] gates: {"epoch": 13, "raw_quality_ratio": 2.3364, "quality_ratio": 0.0714, "lambda_q": 0.0306, "deviation_mean": 0.8248, "deviation_std": 0.2241, "patch_w_mean": 0.0612, "patch_w_std": 0.0853, "gamma_h": 0.02, "hier_active": 1, "hier_dev_mean": 0.0, "hier_dev_std": 0.0, "q_sigma_norm": 0.0}
2026-08-22 14:56:27,059 [INFO] Evaluating on val.
Train: data epoch: [13]  [  0/218]  eta: 0:19:24  lr: 0.000028  loss: 0.0616  time: 5.3407  data: 0.0001  max mem: 5265
Train: data epoch: [13]  [ 20/218]  eta: 0:02:33  lr: 0.000028  loss: 0.0422  time: 0.5449  data: 0.0000  max mem: 5265
Train: data epoch: [13]  [ 40/218]  eta: 0:01:45  lr: 0.000028  loss: 0.0385  time: 0.3992  data: 0.0000  max mem: 5265
Train: data epoch: [13]  [ 60/218]  eta: 0:01:30  lr: 0.000028  loss: 0.0548  time: 0.5400  data: 0.0000  max mem: 5265
Train: data epoch: [13]  [ 80/218]  eta: 0:01:18  lr: 0.000028  loss: 0.0607  time: 0.5518  data: 0.0000  max mem: 5265
Train: data epoch: [13]  [100/218]  eta: 0:01:05  lr: 0.000028  loss: 0.0434  time: 0.4933  data: 0.0000  max mem: 5265
Train: data epoch: [13]  [120/218]  eta: 0:00:54  lr: 0.000028  loss: 0.0497  time: 0.5807  data: 0.0000  max mem: 5265
Train: data epoch: [13]  [140/218]  eta: 0:00:43  lr: 0.000028  loss: 0.0543  time: 0.5666  data: 0.0000  max mem: 5265
Train: data epoch: [13]  [160/218]  eta: 0:00:32  lr: 0.000028  loss: 0.0460  time: 0.5727  data: 0.0000  max mem: 5265
Train: data epoch: [13]  [180/218]  eta: 0:00:21  lr: 0.000028  loss: 0.0398  time: 0.5456  data: 0.0000  max mem: 5265
Train: data epoch: [13]  [200/218]  eta: 0:00:09  lr: 0.000028  loss: 0.0494  time: 0.4191  data: 0.0000  max mem: 5265
Train: data epoch: [13]  [217/218]  eta: 0:00:00  lr: 0.000028  loss: 0.0439  time: 0.4995  data: 0.0000  max mem: 5265
Train: data epoch: [13] Total time: 0:01:58 (0.5432 s / it)
2026-08-22 14:56:48,898 [INFO] AIGIQA-20K: EPOCH[13] -> SRCC 0.8552 PLCC_raw 0.9039 PLCC_mapped 0.9046 KRCC 0.6728 MainScore_official 0.8799
2026-08-22 14:56:48,899 [INFO] Start training
2026-08-22 14:56:49,220 [INFO] Start training epoch 14, 218 iters per inner epoch.
2026-08-22 14:58:48,490 [INFO] Averaged stats: lr: 0.000021  loss: 0.047829
2026-08-22 14:58:48,596 [INFO] gates: {"epoch": 14, "raw_quality_ratio": 2.3998, "quality_ratio": 0.0746, "lambda_q": 0.0311, "deviation_mean": 0.8661, "deviation_std": 0.2307, "patch_w_mean": 0.0623, "patch_w_std": 0.085, "gamma_h": 0.0205, "hier_active": 1, "hier_dev_mean": 0.0, "hier_dev_std": 0.0, "q_sigma_norm": 0.0}
2026-08-22 14:58:48,596 [INFO] Evaluating on val.
Train: data epoch: [14]  [  0/218]  eta: 0:22:17  lr: 0.000021  loss: 0.0449  time: 6.1350  data: 0.0002  max mem: 5265
Train: data epoch: [14]  [ 20/218]  eta: 0:02:50  lr: 0.000021  loss: 0.0405  time: 0.5999  data: 0.0000  max mem: 5265
Train: data epoch: [14]  [ 40/218]  eta: 0:02:00  lr: 0.000021  loss: 0.0479  time: 0.4850  data: 0.0000  max mem: 5265
Train: data epoch: [14]  [ 60/218]  eta: 0:01:33  lr: 0.000021  loss: 0.0411  time: 0.4050  data: 0.0000  max mem: 5265
Train: data epoch: [14]  [ 80/218]  eta: 0:01:20  lr: 0.000021  loss: 0.0696  time: 0.5699  data: 0.0000  max mem: 5265
Train: data epoch: [14]  [100/218]  eta: 0:01:07  lr: 0.000021  loss: 0.0400  time: 0.5249  data: 0.0000  max mem: 5265
Train: data epoch: [14]  [120/218]  eta: 0:00:54  lr: 0.000021  loss: 0.0442  time: 0.5010  data: 0.0000  max mem: 5265
Train: data epoch: [14]  [140/218]  eta: 0:00:43  lr: 0.000021  loss: 0.0563  time: 0.5140  data: 0.0000  max mem: 5265
Train: data epoch: [14]  [160/218]  eta: 0:00:32  lr: 0.000021  loss: 0.0554  time: 0.5949  data: 0.0000  max mem: 5265
Train: data epoch: [14]  [180/218]  eta: 0:00:21  lr: 0.000021  loss: 0.0477  time: 0.5693  data: 0.0000  max mem: 5265
Train: data epoch: [14]  [200/218]  eta: 0:00:09  lr: 0.000021  loss: 0.0372  time: 0.4557  data: 0.0000  max mem: 5265
Train: data epoch: [14]  [217/218]  eta: 0:00:00  lr: 0.000021  loss: 0.0392  time: 0.4968  data: 0.0000  max mem: 5265
Train: data epoch: [14] Total time: 0:01:59 (0.5471 s / it)
2026-08-22 14:59:11,169 [INFO] AIGIQA-20K: EPOCH[14] -> SRCC 0.8546 PLCC_raw 0.9024 PLCC_mapped 0.9042 KRCC 0.6723 MainScore_official 0.8794
2026-08-22 14:59:11,170 [INFO] Start training
2026-08-22 14:59:11,486 [INFO] Start training epoch 15, 218 iters per inner epoch.
2026-08-22 15:01:08,189 [INFO] Averaged stats: lr: 0.000015  loss: 0.046308
2026-08-22 15:01:08,305 [INFO] gates: {"epoch": 15, "raw_quality_ratio": 2.4724, "quality_ratio": 0.0779, "lambda_q": 0.0315, "deviation_mean": 0.8375, "deviation_std": 0.2174, "patch_w_mean": 0.0574, "patch_w_std": 0.0847, "gamma_h": 0.0209, "hier_active": 1, "hier_dev_mean": 0.0, "hier_dev_std": 0.0, "q_sigma_norm": 0.0}
2026-08-22 15:01:08,305 [INFO] Evaluating on val.
Train: data epoch: [15]  [  0/218]  eta: 0:16:58  lr: 0.000015  loss: 0.0641  time: 4.6736  data: 0.0001  max mem: 5265
Train: data epoch: [15]  [ 20/218]  eta: 0:02:32  lr: 0.000015  loss: 0.0415  time: 0.5746  data: 0.0000  max mem: 5265
Train: data epoch: [15]  [ 40/218]  eta: 0:01:58  lr: 0.000015  loss: 0.0436  time: 0.5600  data: 0.0000  max mem: 5265
Train: data epoch: [15]  [ 60/218]  eta: 0:01:39  lr: 0.000015  loss: 0.0463  time: 0.5519  data: 0.0000  max mem: 5265
Train: data epoch: [15]  [ 80/218]  eta: 0:01:20  lr: 0.000015  loss: 0.0389  time: 0.4381  data: 0.0000  max mem: 5265
Train: data epoch: [15]  [100/218]  eta: 0:01:06  lr: 0.000015  loss: 0.0812  time: 0.4763  data: 0.0000  max mem: 5265
Train: data epoch: [15]  [120/218]  eta: 0:00:55  lr: 0.000015  loss: 0.0410  time: 0.5746  data: 0.0000  max mem: 5265
Train: data epoch: [15]  [140/218]  eta: 0:00:42  lr: 0.000015  loss: 0.0363  time: 0.4751  data: 0.0000  max mem: 5265
Train: data epoch: [15]  [160/218]  eta: 0:00:31  lr: 0.000015  loss: 0.0589  time: 0.5439  data: 0.0000  max mem: 5265
Train: data epoch: [15]  [180/218]  eta: 0:00:20  lr: 0.000015  loss: 0.0317  time: 0.5437  data: 0.0000  max mem: 5265
Train: data epoch: [15]  [200/218]  eta: 0:00:09  lr: 0.000015  loss: 0.0442  time: 0.4513  data: 0.0000  max mem: 5265
Train: data epoch: [15]  [217/218]  eta: 0:00:00  lr: 0.000015  loss: 0.0325  time: 0.4716  data: 0.0000  max mem: 5265
Train: data epoch: [15] Total time: 0:01:56 (0.5353 s / it)
2026-08-22 15:01:31,009 [INFO] AIGIQA-20K: EPOCH[15] -> SRCC 0.8538 PLCC_raw 0.9024 PLCC_mapped 0.9033 KRCC 0.6711 MainScore_official 0.8786
2026-08-22 15:01:31,022 [INFO] Saving checkpoint at epoch 15 to run/20260822142_E1_HMQE_20k/checkpoint_latest.pth.
2026-08-22 15:01:31,074 [INFO] Start training
2026-08-22 15:01:31,381 [INFO] Start training epoch 16, 218 iters per inner epoch.
2026-08-22 15:03:30,042 [INFO] Averaged stats: lr: 0.000010  loss: 0.045617
2026-08-22 15:03:30,156 [INFO] gates: {"epoch": 16, "raw_quality_ratio": 2.4125, "quality_ratio": 0.0766, "lambda_q": 0.0318, "deviation_mean": 0.8622, "deviation_std": 0.2121, "patch_w_mean": 0.0596, "patch_w_std": 0.0869, "gamma_h": 0.0212, "hier_active": 1, "hier_dev_mean": 0.0, "hier_dev_std": 0.0, "q_sigma_norm": 0.0}
2026-08-22 15:03:30,156 [INFO] Evaluating on val.
Train: data epoch: [16]  [  0/218]  eta: 0:18:26  lr: 0.000010  loss: 0.0486  time: 5.0753  data: 0.0002  max mem: 5265
Train: data epoch: [16]  [ 20/218]  eta: 0:02:45  lr: 0.000010  loss: 0.0690  time: 0.6248  data: 0.0000  max mem: 5265
Train: data epoch: [16]  [ 40/218]  eta: 0:02:06  lr: 0.000010  loss: 0.0613  time: 0.5750  data: 0.0000  max mem: 5265
Train: data epoch: [16]  [ 60/218]  eta: 0:01:44  lr: 0.000010  loss: 0.0408  time: 0.5624  data: 0.0000  max mem: 5265
Train: data epoch: [16]  [ 80/218]  eta: 0:01:27  lr: 0.000010  loss: 0.0607  time: 0.5409  data: 0.0000  max mem: 5265
Train: data epoch: [16]  [100/218]  eta: 0:01:10  lr: 0.000010  loss: 0.0347  time: 0.4666  data: 0.0000  max mem: 5265
Train: data epoch: [16]  [120/218]  eta: 0:00:56  lr: 0.000010  loss: 0.0312  time: 0.4401  data: 0.0000  max mem: 5265
Train: data epoch: [16]  [140/218]  eta: 0:00:44  lr: 0.000010  loss: 0.0415  time: 0.5867  data: 0.0000  max mem: 5265
Train: data epoch: [16]  [160/218]  eta: 0:00:32  lr: 0.000010  loss: 0.0360  time: 0.4581  data: 0.0000  max mem: 5265
Train: data epoch: [16]  [180/218]  eta: 0:00:21  lr: 0.000010  loss: 0.0443  time: 0.5429  data: 0.0000  max mem: 5265
Train: data epoch: [16]  [200/218]  eta: 0:00:09  lr: 0.000010  loss: 0.0441  time: 0.4722  data: 0.0000  max mem: 5265
Train: data epoch: [16]  [217/218]  eta: 0:00:00  lr: 0.000010  loss: 0.0570  time: 0.4693  data: 0.0000  max mem: 5265
Train: data epoch: [16] Total time: 0:01:58 (0.5443 s / it)
2026-08-22 15:03:52,744 [INFO] AIGIQA-20K: EPOCH[16] -> SRCC 0.8533 PLCC_raw 0.9019 PLCC_mapped 0.9030 KRCC 0.6705 MainScore_official 0.8782
2026-08-22 15:03:52,746 [INFO] Start training
2026-08-22 15:03:53,071 [INFO] Start training epoch 17, 218 iters per inner epoch.
2026-08-22 15:05:55,143 [INFO] Averaged stats: lr: 0.000006  loss: 0.044800
2026-08-22 15:05:55,266 [INFO] gates: {"epoch": 17, "raw_quality_ratio": 2.4675, "quality_ratio": 0.0789, "lambda_q": 0.032, "deviation_mean": 0.8566, "deviation_std": 0.222, "patch_w_mean": 0.0547, "patch_w_std": 0.082, "gamma_h": 0.0214, "hier_active": 1, "hier_dev_mean": 0.0, "hier_dev_std": 0.0, "q_sigma_norm": 0.0}
2026-08-22 15:05:55,267 [INFO] Evaluating on val.
Train: data epoch: [17]  [  0/218]  eta: 0:21:01  lr: 0.000006  loss: 0.0379  time: 5.7871  data: 0.0002  max mem: 5265
Train: data epoch: [17]  [ 20/218]  eta: 0:02:50  lr: 0.000006  loss: 0.0334  time: 0.6148  data: 0.0000  max mem: 5265
Train: data epoch: [17]  [ 40/218]  eta: 0:02:09  lr: 0.000006  loss: 0.0317  time: 0.5849  data: 0.0000  max mem: 5265
Train: data epoch: [17]  [ 60/218]  eta: 0:01:48  lr: 0.000006  loss: 0.0381  time: 0.6100  data: 0.0000  max mem: 5265
Train: data epoch: [17]  [ 80/218]  eta: 0:01:31  lr: 0.000006  loss: 0.0293  time: 0.5899  data: 0.0000  max mem: 5265
Train: data epoch: [17]  [100/218]  eta: 0:01:15  lr: 0.000006  loss: 0.0518  time: 0.5608  data: 0.0000  max mem: 5265
Train: data epoch: [17]  [120/218]  eta: 0:00:59  lr: 0.000006  loss: 0.0357  time: 0.4442  data: 0.0000  max mem: 5265
Train: data epoch: [17]  [140/218]  eta: 0:00:46  lr: 0.000006  loss: 0.0597  time: 0.5150  data: 0.0000  max mem: 5265
Train: data epoch: [17]  [160/218]  eta: 0:00:34  lr: 0.000006  loss: 0.0566  time: 0.5710  data: 0.0000  max mem: 5265
Train: data epoch: [17]  [180/218]  eta: 0:00:21  lr: 0.000006  loss: 0.0426  time: 0.4576  data: 0.0000  max mem: 5265
Train: data epoch: [17]  [200/218]  eta: 0:00:10  lr: 0.000006  loss: 0.0512  time: 0.4463  data: 0.0000  max mem: 5265
Train: data epoch: [17]  [217/218]  eta: 0:00:00  lr: 0.000006  loss: 0.0505  time: 0.4843  data: 0.0000  max mem: 5265
Train: data epoch: [17] Total time: 0:02:02 (0.5600 s / it)
2026-08-22 15:06:18,685 [INFO] AIGIQA-20K: EPOCH[17] -> SRCC 0.8529 PLCC_raw 0.9018 PLCC_mapped 0.9028 KRCC 0.6700 MainScore_official 0.8778
2026-08-22 15:06:18,686 [INFO] Start training
2026-08-22 15:06:18,998 [INFO] Start training epoch 18, 218 iters per inner epoch.
2026-08-22 15:08:20,230 [INFO] Averaged stats: lr: 0.000003  loss: 0.043994
2026-08-22 15:08:20,335 [INFO] gates: {"epoch": 18, "raw_quality_ratio": 2.4061, "quality_ratio": 0.0772, "lambda_q": 0.0321, "deviation_mean": 0.8618, "deviation_std": 0.2201, "patch_w_mean": 0.0567, "patch_w_std": 0.0852, "gamma_h": 0.0215, "hier_active": 1, "hier_dev_mean": 0.0, "hier_dev_std": 0.0, "q_sigma_norm": 0.0}
2026-08-22 15:08:20,335 [INFO] Evaluating on val.
Train: data epoch: [18]  [  0/218]  eta: 0:32:32  lr: 0.000003  loss: 0.0401  time: 8.9564  data: 0.0001  max mem: 5265
Train: data epoch: [18]  [ 20/218]  eta: 0:03:28  lr: 0.000003  loss: 0.0288  time: 0.6599  data: 0.0000  max mem: 5265
Train: data epoch: [18]  [ 40/218]  eta: 0:02:28  lr: 0.000003  loss: 0.0542  time: 0.5981  data: 0.0000  max mem: 5265
Train: data epoch: [18]  [ 60/218]  eta: 0:01:56  lr: 0.000003  loss: 0.0401  time: 0.5526  data: 0.0000  max mem: 5265
Train: data epoch: [18]  [ 80/218]  eta: 0:01:35  lr: 0.000003  loss: 0.0345  time: 0.5465  data: 0.0000  max mem: 5265
Train: data epoch: [18]  [100/218]  eta: 0:01:18  lr: 0.000003  loss: 0.0429  time: 0.5429  data: 0.0000  max mem: 5265
Train: data epoch: [18]  [120/218]  eta: 0:01:00  lr: 0.000003  loss: 0.0345  time: 0.4098  data: 0.0000  max mem: 5265
Train: data epoch: [18]  [140/218]  eta: 0:00:46  lr: 0.000003  loss: 0.0512  time: 0.4507  data: 0.0000  max mem: 5265
Train: data epoch: [18]  [160/218]  eta: 0:00:34  lr: 0.000003  loss: 0.0426  time: 0.5736  data: 0.0000  max mem: 5265
Train: data epoch: [18]  [180/218]  eta: 0:00:21  lr: 0.000003  loss: 0.0564  time: 0.4356  data: 0.0000  max mem: 5265
Train: data epoch: [18]  [200/218]  eta: 0:00:10  lr: 0.000003  loss: 0.0487  time: 0.4703  data: 0.0000  max mem: 5265
Train: data epoch: [18]  [217/218]  eta: 0:00:00  lr: 0.000003  loss: 0.0372  time: 0.4381  data: 0.0000  max mem: 5265
Train: data epoch: [18] Total time: 0:02:01 (0.5561 s / it)
2026-08-22 15:08:43,108 [INFO] AIGIQA-20K: EPOCH[18] -> SRCC 0.8527 PLCC_raw 0.9014 PLCC_mapped 0.9027 KRCC 0.6699 MainScore_official 0.8777
2026-08-22 15:08:43,109 [INFO] Start training
2026-08-22 15:08:43,413 [INFO] Start training epoch 19, 218 iters per inner epoch.
2026-08-22 15:10:38,802 [INFO] Averaged stats: lr: 0.000002  loss: 0.044150
2026-08-22 15:10:38,979 [INFO] gates: {"epoch": 19, "raw_quality_ratio": 2.4286, "quality_ratio": 0.078, "lambda_q": 0.0321, "deviation_mean": 0.8554, "deviation_std": 0.2256, "patch_w_mean": 0.0544, "patch_w_std": 0.0812, "gamma_h": 0.0215, "hier_active": 1, "hier_dev_mean": 0.0, "hier_dev_std": 0.0, "q_sigma_norm": 0.0}
2026-08-22 15:10:38,980 [INFO] Evaluating on val.
Train: data epoch: [19]  [  0/218]  eta: 0:20:08  lr: 0.000002  loss: 0.0520  time: 5.5421  data: 0.0001  max mem: 5265
Train: data epoch: [19]  [ 20/218]  eta: 0:02:43  lr: 0.000002  loss: 0.0552  time: 0.5898  data: 0.0000  max mem: 5265
Train: data epoch: [19]  [ 40/218]  eta: 0:02:04  lr: 0.000002  loss: 0.0465  time: 0.5717  data: 0.0000  max mem: 5265
Train: data epoch: [19]  [ 60/218]  eta: 0:01:42  lr: 0.000002  loss: 0.0492  time: 0.5394  data: 0.0000  max mem: 5265
Train: data epoch: [19]  [ 80/218]  eta: 0:01:25  lr: 0.000002  loss: 0.0331  time: 0.5430  data: 0.0000  max mem: 5265
Train: data epoch: [19]  [100/218]  eta: 0:01:11  lr: 0.000002  loss: 0.0550  time: 0.5456  data: 0.0000  max mem: 5265
Train: data epoch: [19]  [120/218]  eta: 0:00:58  lr: 0.000002  loss: 0.0380  time: 0.5430  data: 0.0000  max mem: 5265
Train: data epoch: [19]  [140/218]  eta: 0:00:44  lr: 0.000002  loss: 0.0560  time: 0.4373  data: 0.0000  max mem: 5265
Train: data epoch: [19]  [160/218]  eta: 0:00:31  lr: 0.000002  loss: 0.0407  time: 0.3899  data: 0.0000  max mem: 5265
Train: data epoch: [19]  [180/218]  eta: 0:00:20  lr: 0.000002  loss: 0.0496  time: 0.4902  data: 0.0000  max mem: 5265
Train: data epoch: [19]  [200/218]  eta: 0:00:09  lr: 0.000002  loss: 0.0406  time: 0.4933  data: 0.0000  max mem: 5265
Train: data epoch: [19]  [217/218]  eta: 0:00:00  lr: 0.000002  loss: 0.0462  time: 0.4071  data: 0.0000  max mem: 5265
Train: data epoch: [19] Total time: 0:01:55 (0.5293 s / it)
2026-08-22 15:10:59,058 [INFO] AIGIQA-20K: EPOCH[19] -> SRCC 0.8527 PLCC_raw 0.9015 PLCC_mapped 0.9027 KRCC 0.6699 MainScore_official 0.8777
2026-08-22 15:10:59,077 [INFO] Saving checkpoint at epoch 19 to run/20260822142_E1_HMQE_20k/checkpoint_latest.pth.
[{'agg_metrics': np.float64(0.8828352673534371), 'main_score_raw': np.float64(0.8823606616529148), 'main_score_official': np.float64(0.8828352673534371), 'srcc': np.float64(0.8589745925657637), 'plcc_raw': np.float64(0.905746730740066), 'plcc_mapped': np.float64(0.9066959421411105), 'krcc': np.float64(0.6774674030684061), 'mse': 0.0932748014321648, 'loss': 0.0932748014321648}]
{'agg_metrics': np.float64(0.8828352673534371), 'main_score_raw': np.float64(0.8823606616529148), 'main_score_official': np.float64(0.8828352673534371), 'srcc': np.float64(0.8589745925657637), 'plcc_raw': np.float64(0.905746730740066), 'plcc_mapped': np.float64(0.9066959421411105), 'krcc': np.float64(0.6774674030684061), 'mse': 0.0932748014321648, 'loss': 0.0932748014321648}
