2026-08-22 17:08:52,355 [INFO] Loaded init weights from init_ckpt/v23_agiqa3k_seed42.pth
2026-08-22 17:08:52,355 [INFO] Start training
2026-08-22 17:08:52,556 [INFO] number of trainable parameters: 2094215
Not using distributed mode
['msqr_dgmpq_abl_v21', 'msqr_dgmpq_cadr_v18', 'msqr_dgmpq_daps_v16', 'msqr_dgmpq_hcmi_v8', 'msqr_dgmpq_hmqe_dcga_v20', 'msqr_dgmpq_mscm_v10', 'msqr_dgmpq_mscm_v11', 'msqr_dgmpq_mscm_v12', 'msqr_dgmpq_msrc_v14', 'msqr_dgmpq_ptlc_v15', 'msqr_dgmpq_qard_v17', 'msqr_dgmpq_tcap_v9', 'msqr_dgmpqplus_dcar_v19', 'msqr_mlpq_mgsc_v23']
2026-08-22 17:08:53,651 [INFO] Start training epoch 0, 37 iters per inner epoch.
2026-08-22 17:09:16,862 [INFO] Averaged stats: lr: 0.000036  loss: 7.049386
2026-08-22 17:09:16,936 [INFO] gates: {"epoch": 0, "quality_ratio": 0.0699, "lambda_q": 0.0116, "patch_w_mean": 0.5155, "patch_w_std": 0.0118}
2026-08-22 17:09:16,937 [INFO] Evaluating on val.
Train: data epoch: [0]  [ 0/37]  eta: 0:03:01  lr: 0.000000  loss: 7.7309  time: 4.9123  data: 0.0001  max mem: 5157
Train: data epoch: [0]  [20/37]  eta: 0:00:12  lr: 0.000040  loss: 6.7188  time: 0.5055  data: 0.0000  max mem: 5171
Train: data epoch: [0]  [36/37]  eta: 0:00:00  lr: 0.000072  loss: 6.1058  time: 0.5115  data: 0.0000  max mem: 5171
Train: data epoch: [0] Total time: 0:00:23 (0.6273 s / it)
2026-08-22 17:09:22,652 [INFO] Qual: EPOCH[0] -> PLCC: -0.147567, SROCC: -0.126640, KROCC: -0.083646, LOSS: 5.865761
2026-08-22 17:09:22,652 [INFO] Align: EPOCH[0] -> PLCC: -0.026827, SROCC: 0.034448, KROCC: 0.023486, LOSS: 6.116905
2026-08-22 17:09:22,667 [INFO] Saving checkpoint at epoch 0 to run/20260822170_E1_mlpq/checkpoint_best.pth.
2026-08-22 17:09:22,721 [INFO] Saving checkpoint at epoch 0 to run/20260822170_E1_mlpq/checkpoint_best_joint.pth.
2026-08-22 17:09:22,761 [INFO] Start training
2026-08-22 17:09:23,028 [INFO] Start training epoch 1, 37 iters per inner epoch.
2026-08-22 17:09:40,625 [INFO] Averaged stats: lr: 0.000100  loss: 2.873858
2026-08-22 17:09:40,716 [INFO] gates: {"epoch": 1, "quality_ratio": 0.0447, "lambda_q": 0.0159, "patch_w_mean": 0.5416, "patch_w_std": 0.0265}
2026-08-22 17:09:40,717 [INFO] Evaluating on val.
Train: data epoch: [1]  [ 0/37]  eta: 0:00:37  lr: 0.000100  loss: 5.6445  time: 1.0264  data: 0.0001  max mem: 5171
Train: data epoch: [1]  [20/37]  eta: 0:00:07  lr: 0.000100  loss: 2.2516  time: 0.4186  data: 0.0000  max mem: 5171
Train: data epoch: [1]  [36/37]  eta: 0:00:00  lr: 0.000100  loss: 1.0393  time: 0.5126  data: 0.0000  max mem: 5171
Train: data epoch: [1] Total time: 0:00:17 (0.4756 s / it)
2026-08-22 17:09:46,487 [INFO] Qual: EPOCH[1] -> PLCC: 0.372207, SROCC: 0.337124, KROCC: 0.228959, LOSS: 0.883671
2026-08-22 17:09:46,487 [INFO] Align: EPOCH[1] -> PLCC: 0.368814, SROCC: 0.356366, KROCC: 0.239672, LOSS: 0.893490
2026-08-22 17:09:46,506 [INFO] Saving checkpoint at epoch 1 to run/20260822170_E1_mlpq/checkpoint_best.pth.
2026-08-22 17:09:46,592 [INFO] Saving checkpoint at epoch 1 to run/20260822170_E1_mlpq/checkpoint_best_joint.pth.
2026-08-22 17:09:46,664 [INFO] Start training
2026-08-22 17:09:46,982 [INFO] Start training epoch 2, 37 iters per inner epoch.
2026-08-22 17:10:05,868 [INFO] Averaged stats: lr: 0.000100  loss: 0.717709
2026-08-22 17:10:05,957 [INFO] gates: {"epoch": 2, "quality_ratio": 0.0466, "lambda_q": 0.016, "patch_w_mean": 0.5081, "patch_w_std": 0.0236}
2026-08-22 17:10:05,957 [INFO] Evaluating on val.
Train: data epoch: [2]  [ 0/37]  eta: 0:00:49  lr: 0.000100  loss: 0.8022  time: 1.3346  data: 0.0001  max mem: 5171
Train: data epoch: [2]  [20/37]  eta: 0:00:08  lr: 0.000100  loss: 0.7275  time: 0.4685  data: 0.0000  max mem: 5171
Train: data epoch: [2]  [36/37]  eta: 0:00:00  lr: 0.000100  loss: 0.4261  time: 0.5102  data: 0.0000  max mem: 5171
Train: data epoch: [2] Total time: 0:00:18 (0.5104 s / it)
2026-08-22 17:10:12,009 [INFO] Qual: EPOCH[2] -> PLCC: 0.764362, SROCC: 0.689749, KROCC: 0.503154, LOSS: 0.425198
2026-08-22 17:10:12,009 [INFO] Align: EPOCH[2] -> PLCC: 0.693970, SROCC: 0.610818, KROCC: 0.432133, LOSS: 0.541056
2026-08-22 17:10:12,021 [INFO] Saving checkpoint at epoch 2 to run/20260822170_E1_mlpq/checkpoint_best.pth.
2026-08-22 17:10:12,081 [INFO] Saving checkpoint at epoch 2 to run/20260822170_E1_mlpq/checkpoint_best_joint.pth.
2026-08-22 17:10:12,138 [INFO] Start training
2026-08-22 17:10:12,448 [INFO] Start training epoch 3, 37 iters per inner epoch.
2026-08-22 17:10:31,668 [INFO] Averaged stats: lr: 0.000099  loss: 0.370325
2026-08-22 17:10:31,770 [INFO] gates: {"epoch": 3, "quality_ratio": 0.0481, "lambda_q": 0.0165, "patch_w_mean": 0.4829, "patch_w_std": 0.0321}
2026-08-22 17:10:31,770 [INFO] Evaluating on val.
Train: data epoch: [3]  [ 0/37]  eta: 0:00:56  lr: 0.000099  loss: 0.4860  time: 1.5270  data: 0.0001  max mem: 5171
Train: data epoch: [3]  [20/37]  eta: 0:00:08  lr: 0.000099  loss: 0.3236  time: 0.4718  data: 0.0000  max mem: 5171
Train: data epoch: [3]  [36/37]  eta: 0:00:00  lr: 0.000099  loss: 0.2730  time: 0.5160  data: 0.0000  max mem: 5171
Train: data epoch: [3] Total time: 0:00:19 (0.5194 s / it)
2026-08-22 17:10:37,803 [INFO] Qual: EPOCH[3] -> PLCC: 0.857777, SROCC: 0.777593, KROCC: 0.591160, LOSS: 0.246709
2026-08-22 17:10:37,804 [INFO] Align: EPOCH[3] -> PLCC: 0.778792, SROCC: 0.649559, KROCC: 0.467759, LOSS: 0.380658
2026-08-22 17:10:37,817 [INFO] Saving checkpoint at epoch 3 to run/20260822170_E1_mlpq/checkpoint_best.pth.
2026-08-22 17:10:37,890 [INFO] Saving checkpoint at epoch 3 to run/20260822170_E1_mlpq/checkpoint_best_joint.pth.
2026-08-22 17:10:37,950 [INFO] Start training
2026-08-22 17:10:38,213 [INFO] Start training epoch 4, 37 iters per inner epoch.
2026-08-22 17:10:55,306 [INFO] Averaged stats: lr: 0.000098  loss: 0.265032
2026-08-22 17:10:55,403 [INFO] gates: {"epoch": 4, "quality_ratio": 0.0499, "lambda_q": 0.017, "patch_w_mean": 0.4624, "patch_w_std": 0.0351}
2026-08-22 17:10:55,403 [INFO] Evaluating on val.
Train: data epoch: [4]  [ 0/37]  eta: 0:00:36  lr: 0.000098  loss: 0.2406  time: 0.9832  data: 0.0001  max mem: 5171
Train: data epoch: [4]  [20/37]  eta: 0:00:07  lr: 0.000098  loss: 0.2977  time: 0.3929  data: 0.0000  max mem: 5171
Train: data epoch: [4]  [36/37]  eta: 0:00:00  lr: 0.000098  loss: 0.2850  time: 0.4948  data: 0.0000  max mem: 5171
Train: data epoch: [4] Total time: 0:00:17 (0.4620 s / it)
2026-08-22 17:11:01,403 [INFO] Qual: EPOCH[4] -> PLCC: 0.884878, SROCC: 0.822636, KROCC: 0.638692, LOSS: 0.202722
2026-08-22 17:11:01,403 [INFO] Align: EPOCH[4] -> PLCC: 0.805399, SROCC: 0.662173, KROCC: 0.480652, LOSS: 0.337770
2026-08-22 17:11:01,419 [INFO] Saving checkpoint at epoch 4 to run/20260822170_E1_mlpq/checkpoint_best.pth.
2026-08-22 17:11:01,482 [INFO] Saving checkpoint at epoch 4 to run/20260822170_E1_mlpq/checkpoint_best_joint.pth.
2026-08-22 17:11:01,527 [INFO] Start training
2026-08-22 17:11:01,816 [INFO] Start training epoch 5, 37 iters per inner epoch.
2026-08-22 17:11:19,337 [INFO] Averaged stats: lr: 0.000098  loss: 0.234687
2026-08-22 17:11:19,418 [INFO] gates: {"epoch": 5, "quality_ratio": 0.0504, "lambda_q": 0.0174, "patch_w_mean": 0.4439, "patch_w_std": 0.064}
2026-08-22 17:11:19,418 [INFO] Evaluating on val.
Train: data epoch: [5]  [ 0/37]  eta: 0:00:50  lr: 0.000098  loss: 0.2394  time: 1.3546  data: 0.0001  max mem: 5171
Train: data epoch: [5]  [20/37]  eta: 0:00:07  lr: 0.000098  loss: 0.3276  time: 0.4256  data: 0.0000  max mem: 5171
Train: data epoch: [5]  [36/37]  eta: 0:00:00  lr: 0.000098  loss: 0.2698  time: 0.4869  data: 0.0000  max mem: 5171
Train: data epoch: [5] Total time: 0:00:17 (0.4735 s / it)
2026-08-22 17:11:25,748 [INFO] Qual: EPOCH[5] -> PLCC: 0.894164, SROCC: 0.833084, KROCC: 0.650360, LOSS: 0.186251
2026-08-22 17:11:25,748 [INFO] Align: EPOCH[5] -> PLCC: 0.815177, SROCC: 0.665358, KROCC: 0.484793, LOSS: 0.321137
2026-08-22 17:11:25,764 [INFO] Saving checkpoint at epoch 5 to run/20260822170_E1_mlpq/checkpoint_best.pth.
2026-08-22 17:11:25,873 [INFO] Saving checkpoint at epoch 5 to run/20260822170_E1_mlpq/checkpoint_best_joint.pth.
2026-08-22 17:11:25,952 [INFO] Start training
2026-08-22 17:11:26,274 [INFO] Start training epoch 6, 37 iters per inner epoch.
2026-08-22 17:11:44,540 [INFO] Averaged stats: lr: 0.000097  loss: 0.216640
2026-08-22 17:11:44,642 [INFO] gates: {"epoch": 6, "quality_ratio": 0.052, "lambda_q": 0.0177, "patch_w_mean": 0.4152, "patch_w_std": 0.0907}
2026-08-22 17:11:44,642 [INFO] Evaluating on val.
Train: data epoch: [6]  [ 0/37]  eta: 0:00:51  lr: 0.000097  loss: 0.1859  time: 1.3853  data: 0.0001  max mem: 5171
Train: data epoch: [6]  [20/37]  eta: 0:00:08  lr: 0.000097  loss: 0.2291  time: 0.4515  data: 0.0000  max mem: 5171
Train: data epoch: [6]  [36/37]  eta: 0:00:00  lr: 0.000097  loss: 0.2416  time: 0.4977  data: 0.0000  max mem: 5171
Train: data epoch: [6] Total time: 0:00:18 (0.4937 s / it)
2026-08-22 17:11:51,110 [INFO] Qual: EPOCH[6] -> PLCC: 0.900296, SROCC: 0.842773, KROCC: 0.661427, LOSS: 0.175443
2026-08-22 17:11:51,110 [INFO] Align: EPOCH[6] -> PLCC: 0.820015, SROCC: 0.667361, KROCC: 0.487142, LOSS: 0.313651
2026-08-22 17:11:51,123 [INFO] Saving checkpoint at epoch 6 to run/20260822170_E1_mlpq/checkpoint_best.pth.
2026-08-22 17:11:51,199 [INFO] Saving checkpoint at epoch 6 to run/20260822170_E1_mlpq/checkpoint_best_joint.pth.
2026-08-22 17:11:51,256 [INFO] Start training
2026-08-22 17:11:51,536 [INFO] Start training epoch 7, 37 iters per inner epoch.
2026-08-22 17:12:08,797 [INFO] Averaged stats: lr: 0.000095  loss: 0.200753
2026-08-22 17:12:08,901 [INFO] gates: {"epoch": 7, "quality_ratio": 0.0534, "lambda_q": 0.0182, "patch_w_mean": 0.3993, "patch_w_std": 0.0972}
2026-08-22 17:12:08,901 [INFO] Evaluating on val.
Train: data epoch: [7]  [ 0/37]  eta: 0:00:45  lr: 0.000095  loss: 0.2313  time: 1.2219  data: 0.0001  max mem: 5171
Train: data epoch: [7]  [20/37]  eta: 0:00:07  lr: 0.000095  loss: 0.2692  time: 0.4103  data: 0.0000  max mem: 5171
Train: data epoch: [7]  [36/37]  eta: 0:00:00  lr: 0.000095  loss: 0.1866  time: 0.4621  data: 0.0000  max mem: 5171
Train: data epoch: [7] Total time: 0:00:17 (0.4665 s / it)
2026-08-22 17:12:15,496 [INFO] Qual: EPOCH[7] -> PLCC: 0.904553, SROCC: 0.848381, KROCC: 0.667416, LOSS: 0.168511
2026-08-22 17:12:15,497 [INFO] Align: EPOCH[7] -> PLCC: 0.823232, SROCC: 0.669321, KROCC: 0.488701, LOSS: 0.308381
2026-08-22 17:12:15,512 [INFO] Saving checkpoint at epoch 7 to run/20260822170_E1_mlpq/checkpoint_best.pth.
2026-08-22 17:12:15,600 [INFO] Saving checkpoint at epoch 7 to run/20260822170_E1_mlpq/checkpoint_best_joint.pth.
2026-08-22 17:12:15,667 [INFO] Start training
2026-08-22 17:12:15,974 [INFO] Start training epoch 8, 37 iters per inner epoch.
2026-08-22 17:12:33,698 [INFO] Averaged stats: lr: 0.000094  loss: 0.187833
2026-08-22 17:12:33,859 [INFO] gates: {"epoch": 8, "quality_ratio": 0.0547, "lambda_q": 0.0188, "patch_w_mean": 0.3762, "patch_w_std": 0.122}
2026-08-22 17:12:33,860 [INFO] Evaluating on val.
Train: data epoch: [8]  [ 0/37]  eta: 0:00:42  lr: 0.000094  loss: 0.1949  time: 1.1454  data: 0.0001  max mem: 5171
Train: data epoch: [8]  [20/37]  eta: 0:00:08  lr: 0.000094  loss: 0.2071  time: 0.4491  data: 0.0000  max mem: 5171
Train: data epoch: [8]  [36/37]  eta: 0:00:00  lr: 0.000094  loss: 0.1633  time: 0.4344  data: 0.0000  max mem: 5171
Train: data epoch: [8] Total time: 0:00:17 (0.4790 s / it)
2026-08-22 17:12:40,298 [INFO] Qual: EPOCH[8] -> PLCC: 0.906854, SROCC: 0.850918, KROCC: 0.670879, LOSS: 0.166061
2026-08-22 17:12:40,298 [INFO] Align: EPOCH[8] -> PLCC: 0.826015, SROCC: 0.672729, KROCC: 0.492475, LOSS: 0.304317
2026-08-22 17:12:40,311 [INFO] Saving checkpoint at epoch 8 to run/20260822170_E1_mlpq/checkpoint_best.pth.
2026-08-22 17:12:40,388 [INFO] Saving checkpoint at epoch 8 to run/20260822170_E1_mlpq/checkpoint_best_joint.pth.
2026-08-22 17:12:40,444 [INFO] Start training
2026-08-22 17:12:40,724 [INFO] Start training epoch 9, 37 iters per inner epoch.
2026-08-22 17:12:59,351 [INFO] Averaged stats: lr: 0.000092  loss: 0.180321
2026-08-22 17:12:59,474 [INFO] gates: {"epoch": 9, "quality_ratio": 0.0572, "lambda_q": 0.0193, "patch_w_mean": 0.3639, "patch_w_std": 0.1269}
2026-08-22 17:12:59,474 [INFO] Evaluating on val.
Train: data epoch: [9]  [ 0/37]  eta: 0:00:46  lr: 0.000092  loss: 0.1960  time: 1.2443  data: 0.0001  max mem: 5171
Train: data epoch: [9]  [20/37]  eta: 0:00:08  lr: 0.000092  loss: 0.1688  time: 0.4752  data: 0.0000  max mem: 5171
Train: data epoch: [9]  [36/37]  eta: 0:00:00  lr: 0.000092  loss: 0.1781  time: 0.4795  data: 0.0000  max mem: 5171
Train: data epoch: [9] Total time: 0:00:18 (0.5034 s / it)
2026-08-22 17:13:06,084 [INFO] Qual: EPOCH[9] -> PLCC: 0.908808, SROCC: 0.853852, KROCC: 0.673584, LOSS: 0.163558
2026-08-22 17:13:06,084 [INFO] Align: EPOCH[9] -> PLCC: 0.828013, SROCC: 0.673555, KROCC: 0.493578, LOSS: 0.306739
2026-08-22 17:13:06,098 [INFO] Saving checkpoint at epoch 9 to run/20260822170_E1_mlpq/checkpoint_best.pth.
2026-08-22 17:13:06,157 [INFO] Saving checkpoint at epoch 9 to run/20260822170_E1_mlpq/checkpoint_best_joint.pth.
2026-08-22 17:13:06,204 [INFO] Start training
2026-08-22 17:13:06,483 [INFO] Start training epoch 10, 37 iters per inner epoch.
2026-08-22 17:13:25,015 [INFO] Averaged stats: lr: 0.000091  loss: 0.171970
2026-08-22 17:13:25,099 [INFO] gates: {"epoch": 10, "quality_ratio": 0.0595, "lambda_q": 0.0199, "patch_w_mean": 0.3407, "patch_w_std": 0.1343}
2026-08-22 17:13:25,100 [INFO] Evaluating on val.
Train: data epoch: [10]  [ 0/37]  eta: 0:00:35  lr: 0.000091  loss: 0.1695  time: 0.9704  data: 0.0002  max mem: 5171
Train: data epoch: [10]  [20/37]  eta: 0:00:08  lr: 0.000091  loss: 0.2026  time: 0.4797  data: 0.0000  max mem: 5171
Train: data epoch: [10]  [36/37]  eta: 0:00:00  lr: 0.000091  loss: 0.2257  time: 0.4931  data: 0.0000  max mem: 5171
Train: data epoch: [10] Total time: 0:00:18 (0.5008 s / it)
2026-08-22 17:13:31,062 [INFO] Qual: EPOCH[10] -> PLCC: 0.910367, SROCC: 0.855344, KROCC: 0.675310, LOSS: 0.159060
2026-08-22 17:13:31,062 [INFO] Align: EPOCH[10] -> PLCC: 0.829465, SROCC: 0.675753, KROCC: 0.495415, LOSS: 0.299087
2026-08-22 17:13:31,074 [INFO] Saving checkpoint at epoch 10 to run/20260822170_E1_mlpq/checkpoint_best.pth.
2026-08-22 17:13:31,151 [INFO] Saving checkpoint at epoch 10 to run/20260822170_E1_mlpq/checkpoint_best_joint.pth.
2026-08-22 17:13:31,208 [INFO] Start training
2026-08-22 17:13:31,486 [INFO] Start training epoch 11, 37 iters per inner epoch.
2026-08-22 17:13:50,048 [INFO] Averaged stats: lr: 0.000089  loss: 0.165569
2026-08-22 17:13:50,133 [INFO] gates: {"epoch": 11, "quality_ratio": 0.0627, "lambda_q": 0.0205, "patch_w_mean": 0.3231, "patch_w_std": 0.1423}
2026-08-22 17:13:50,134 [INFO] Evaluating on val.
Train: data epoch: [11]  [ 0/37]  eta: 0:00:38  lr: 0.000089  loss: 0.2056  time: 1.0310  data: 0.0001  max mem: 5171
Train: data epoch: [11]  [20/37]  eta: 0:00:08  lr: 0.000089  loss: 0.2177  time: 0.4772  data: 0.0000  max mem: 5171
Train: data epoch: [11]  [36/37]  eta: 0:00:00  lr: 0.000089  loss: 0.1679  time: 0.4933  data: 0.0000  max mem: 5171
Train: data epoch: [11] Total time: 0:00:18 (0.5017 s / it)
2026-08-22 17:13:56,078 [INFO] Qual: EPOCH[11] -> PLCC: 0.911207, SROCC: 0.858238, KROCC: 0.678951, LOSS: 0.163678
2026-08-22 17:13:56,078 [INFO] Align: EPOCH[11] -> PLCC: 0.829869, SROCC: 0.678314, KROCC: 0.497752, LOSS: 0.299920
2026-08-22 17:13:56,094 [INFO] Saving checkpoint at epoch 11 to run/20260822170_E1_mlpq/checkpoint_best.pth.
2026-08-22 17:13:56,179 [INFO] Saving checkpoint at epoch 11 to run/20260822170_E1_mlpq/checkpoint_best_joint.pth.
2026-08-22 17:13:56,246 [INFO] Start training
2026-08-22 17:13:56,559 [INFO] Start training epoch 12, 37 iters per inner epoch.
2026-08-22 17:14:14,974 [INFO] Averaged stats: lr: 0.000087  loss: 0.157270
2026-08-22 17:14:15,074 [INFO] gates: {"epoch": 12, "quality_ratio": 0.0647, "lambda_q": 0.0212, "patch_w_mean": 0.317, "patch_w_std": 0.1378}
2026-08-22 17:14:15,074 [INFO] Evaluating on val.
Train: data epoch: [12]  [ 0/37]  eta: 0:00:39  lr: 0.000087  loss: 0.1786  time: 1.0686  data: 0.0001  max mem: 5171
Train: data epoch: [12]  [20/37]  eta: 0:00:08  lr: 0.000087  loss: 0.1351  time: 0.4789  data: 0.0000  max mem: 5171
Train: data epoch: [12]  [36/37]  eta: 0:00:00  lr: 0.000087  loss: 0.1617  time: 0.4834  data: 0.0000  max mem: 5171
Train: data epoch: [12] Total time: 0:00:18 (0.4977 s / it)
2026-08-22 17:14:21,077 [INFO] Qual: EPOCH[12] -> PLCC: 0.912893, SROCC: 0.860456, KROCC: 0.681678, LOSS: 0.157950
2026-08-22 17:14:21,077 [INFO] Align: EPOCH[12] -> PLCC: 0.831264, SROCC: 0.679232, KROCC: 0.498565, LOSS: 0.299289
2026-08-22 17:14:21,089 [INFO] Saving checkpoint at epoch 12 to run/20260822170_E1_mlpq/checkpoint_best.pth.
2026-08-22 17:14:21,150 [INFO] Saving checkpoint at epoch 12 to run/20260822170_E1_mlpq/checkpoint_best_joint.pth.
2026-08-22 17:14:21,197 [INFO] Start training
2026-08-22 17:14:21,474 [INFO] Start training epoch 13, 37 iters per inner epoch.
2026-08-22 17:14:40,063 [INFO] Averaged stats: lr: 0.000084  loss: 0.152722
2026-08-22 17:14:40,152 [INFO] gates: {"epoch": 13, "quality_ratio": 0.0667, "lambda_q": 0.0219, "patch_w_mean": 0.2785, "patch_w_std": 0.1389}
2026-08-22 17:14:40,152 [INFO] Evaluating on val.
Train: data epoch: [13]  [ 0/37]  eta: 0:00:43  lr: 0.000084  loss: 0.1668  time: 1.1625  data: 0.0001  max mem: 5171
Train: data epoch: [13]  [20/37]  eta: 0:00:08  lr: 0.000084  loss: 0.1527  time: 0.4796  data: 0.0000  max mem: 5171
Train: data epoch: [13]  [36/37]  eta: 0:00:00  lr: 0.000084  loss: 0.1106  time: 0.4772  data: 0.0000  max mem: 5171
Train: data epoch: [13] Total time: 0:00:18 (0.5024 s / it)
2026-08-22 17:14:46,471 [INFO] Qual: EPOCH[13] -> PLCC: 0.912711, SROCC: 0.859673, KROCC: 0.680866, LOSS: 0.156294
2026-08-22 17:14:46,471 [INFO] Align: EPOCH[13] -> PLCC: 0.831120, SROCC: 0.679453, KROCC: 0.498832, LOSS: 0.304111
2026-08-22 17:14:46,472 [INFO] Start training
2026-08-22 17:14:46,820 [INFO] Start training epoch 14, 37 iters per inner epoch.
2026-08-22 17:15:05,980 [INFO] Averaged stats: lr: 0.000082  loss: 0.146862
2026-08-22 17:15:06,131 [INFO] gates: {"epoch": 14, "quality_ratio": 0.0732, "lambda_q": 0.0226, "patch_w_mean": 0.254, "patch_w_std": 0.1427}
2026-08-22 17:15:06,131 [INFO] Evaluating on val.
Train: data epoch: [14]  [ 0/37]  eta: 0:00:53  lr: 0.000082  loss: 0.1642  time: 1.4342  data: 0.0001  max mem: 5171
Train: data epoch: [14]  [20/37]  eta: 0:00:08  lr: 0.000082  loss: 0.1572  time: 0.4804  data: 0.0000  max mem: 5171
Train: data epoch: [14]  [36/37]  eta: 0:00:00  lr: 0.000082  loss: 0.1390  time: 0.4986  data: 0.0000  max mem: 5171
Train: data epoch: [14] Total time: 0:00:19 (0.5178 s / it)
2026-08-22 17:15:12,453 [INFO] Qual: EPOCH[14] -> PLCC: 0.913195, SROCC: 0.860820, KROCC: 0.682157, LOSS: 0.155538
2026-08-22 17:15:12,453 [INFO] Align: EPOCH[14] -> PLCC: 0.831268, SROCC: 0.679075, KROCC: 0.498331, LOSS: 0.297809
2026-08-22 17:15:12,466 [INFO] Saving checkpoint at epoch 14 to run/20260822170_E1_mlpq/checkpoint_best.pth.
2026-08-22 17:15:12,544 [INFO] Saving checkpoint at epoch 14 to run/20260822170_E1_mlpq/checkpoint_best_joint.pth.
2026-08-22 17:15:12,611 [INFO] Start training
2026-08-22 17:15:12,912 [INFO] Start training epoch 15, 37 iters per inner epoch.
2026-08-22 17:15:32,182 [INFO] Averaged stats: lr: 0.000080  loss: 0.143119
2026-08-22 17:15:32,288 [INFO] gates: {"epoch": 15, "quality_ratio": 0.0737, "lambda_q": 0.0233, "patch_w_mean": 0.2538, "patch_w_std": 0.1466}
2026-08-22 17:15:32,289 [INFO] Evaluating on val.
Train: data epoch: [15]  [ 0/37]  eta: 0:01:00  lr: 0.000080  loss: 0.1647  time: 1.6456  data: 0.0001  max mem: 5171
Train: data epoch: [15]  [20/37]  eta: 0:00:09  lr: 0.000080  loss: 0.1194  time: 0.4918  data: 0.0000  max mem: 5171
Train: data epoch: [15]  [36/37]  eta: 0:00:00  lr: 0.000080  loss: 0.1260  time: 0.4930  data: 0.0000  max mem: 5171
Train: data epoch: [15] Total time: 0:00:19 (0.5208 s / it)
2026-08-22 17:15:38,564 [INFO] Qual: EPOCH[15] -> PLCC: 0.913211, SROCC: 0.859835, KROCC: 0.680832, LOSS: 0.162129
2026-08-22 17:15:38,564 [INFO] Align: EPOCH[15] -> PLCC: 0.830552, SROCC: 0.678262, KROCC: 0.497875, LOSS: 0.302045
2026-08-22 17:15:38,581 [INFO] Saving checkpoint at epoch 15 to run/20260822170_E1_mlpq/checkpoint_latest.pth.
2026-08-22 17:15:38,630 [INFO] Start training
2026-08-22 17:15:38,964 [INFO] Start training epoch 16, 37 iters per inner epoch.
2026-08-22 17:15:58,021 [INFO] Averaged stats: lr: 0.000077  loss: 0.139436
2026-08-22 17:15:58,138 [INFO] gates: {"epoch": 16, "quality_ratio": 0.0716, "lambda_q": 0.0239, "patch_w_mean": 0.2269, "patch_w_std": 0.1505}
2026-08-22 17:15:58,151 [INFO] Evaluating on val.
Train: data epoch: [16]  [ 0/37]  eta: 0:00:58  lr: 0.000077  loss: 0.0989  time: 1.5922  data: 0.0001  max mem: 5171
Train: data epoch: [16]  [20/37]  eta: 0:00:09  lr: 0.000077  loss: 0.1405  time: 0.4816  data: 0.0000  max mem: 5171
Train: data epoch: [16]  [36/37]  eta: 0:00:00  lr: 0.000077  loss: 0.1256  time: 0.4900  data: 0.0000  max mem: 5171
Train: data epoch: [16] Total time: 0:00:19 (0.5150 s / it)
2026-08-22 17:16:04,418 [INFO] Qual: EPOCH[16] -> PLCC: 0.912079, SROCC: 0.859228, KROCC: 0.680498, LOSS: 0.160446
2026-08-22 17:16:04,418 [INFO] Align: EPOCH[16] -> PLCC: 0.829663, SROCC: 0.678656, KROCC: 0.497574, LOSS: 0.299668
2026-08-22 17:16:04,419 [INFO] Start training
2026-08-22 17:16:04,825 [INFO] Start training epoch 17, 37 iters per inner epoch.
2026-08-22 17:16:24,347 [INFO] Averaged stats: lr: 0.000074  loss: 0.133361
2026-08-22 17:16:24,485 [INFO] gates: {"epoch": 17, "quality_ratio": 0.0754, "lambda_q": 0.0245, "patch_w_mean": 0.2242, "patch_w_std": 0.1463}
2026-08-22 17:16:24,486 [INFO] Evaluating on val.
Train: data epoch: [17]  [ 0/37]  eta: 0:01:07  lr: 0.000074  loss: 0.1296  time: 1.8305  data: 0.0001  max mem: 5171
Train: data epoch: [17]  [20/37]  eta: 0:00:09  lr: 0.000074  loss: 0.1278  time: 0.4907  data: 0.0000  max mem: 5171
Train: data epoch: [17]  [36/37]  eta: 0:00:00  lr: 0.000074  loss: 0.1198  time: 0.4961  data: 0.0000  max mem: 5171
Train: data epoch: [17] Total time: 0:00:19 (0.5276 s / it)
2026-08-22 17:16:30,889 [INFO] Qual: EPOCH[17] -> PLCC: 0.913757, SROCC: 0.860612, KROCC: 0.682424, LOSS: 0.155203
2026-08-22 17:16:30,889 [INFO] Align: EPOCH[17] -> PLCC: 0.830022, SROCC: 0.676750, KROCC: 0.496049, LOSS: 0.300974
2026-08-22 17:16:30,902 [INFO] Saving checkpoint at epoch 17 to run/20260822170_E1_mlpq/checkpoint_best.pth.
2026-08-22 17:16:30,983 [INFO] Start training
2026-08-22 17:16:31,356 [INFO] Start training epoch 18, 37 iters per inner epoch.
2026-08-22 17:16:50,706 [INFO] Averaged stats: lr: 0.000072  loss: 0.129126
2026-08-22 17:16:50,794 [INFO] gates: {"epoch": 18, "quality_ratio": 0.0779, "lambda_q": 0.0251, "patch_w_mean": 0.2171, "patch_w_std": 0.1437}
2026-08-22 17:16:50,794 [INFO] Evaluating on val.
Train: data epoch: [18]  [ 0/37]  eta: 0:00:55  lr: 0.000072  loss: 0.1167  time: 1.5009  data: 0.0001  max mem: 5171
Train: data epoch: [18]  [20/37]  eta: 0:00:09  lr: 0.000072  loss: 0.1060  time: 0.4870  data: 0.0000  max mem: 5171
Train: data epoch: [18]  [36/37]  eta: 0:00:00  lr: 0.000072  loss: 0.1288  time: 0.5000  data: 0.0000  max mem: 5171
Train: data epoch: [18] Total time: 0:00:19 (0.5230 s / it)
2026-08-22 17:16:57,452 [INFO] Qual: EPOCH[18] -> PLCC: 0.912991, SROCC: 0.858961, KROCC: 0.680532, LOSS: 0.156116
2026-08-22 17:16:57,452 [INFO] Align: EPOCH[18] -> PLCC: 0.828958, SROCC: 0.674386, KROCC: 0.494123, LOSS: 0.301162
2026-08-22 17:16:57,453 [INFO] Start training
2026-08-22 17:16:57,740 [INFO] Start training epoch 19, 37 iters per inner epoch.
2026-08-22 17:17:17,320 [INFO] Averaged stats: lr: 0.000069  loss: 0.126333
2026-08-22 17:17:17,429 [INFO] gates: {"epoch": 19, "quality_ratio": 0.0803, "lambda_q": 0.0257, "patch_w_mean": 0.1913, "patch_w_std": 0.1411}
2026-08-22 17:17:17,429 [INFO] Evaluating on val.
Train: data epoch: [19]  [ 0/37]  eta: 0:00:56  lr: 0.000069  loss: 0.0983  time: 1.5315  data: 0.0001  max mem: 5171
Train: data epoch: [19]  [20/37]  eta: 0:00:09  lr: 0.000069  loss: 0.1340  time: 0.4856  data: 0.0000  max mem: 5171
Train: data epoch: [19]  [36/37]  eta: 0:00:00  lr: 0.000069  loss: 0.1680  time: 0.5096  data: 0.0000  max mem: 5171
Train: data epoch: [19] Total time: 0:00:19 (0.5292 s / it)
2026-08-22 17:17:23,749 [INFO] Qual: EPOCH[19] -> PLCC: 0.913820, SROCC: 0.860700, KROCC: 0.682513, LOSS: 0.153499
2026-08-22 17:17:23,749 [INFO] Align: EPOCH[19] -> PLCC: 0.828755, SROCC: 0.674665, KROCC: 0.494379, LOSS: 0.301118
2026-08-22 17:17:23,765 [INFO] Saving checkpoint at epoch 19 to run/20260822170_E1_mlpq/checkpoint_best.pth.
2026-08-22 17:17:23,833 [INFO] Start training
2026-08-22 17:17:24,102 [INFO] Start training epoch 20, 37 iters per inner epoch.
2026-08-22 17:17:41,872 [INFO] Averaged stats: lr: 0.000066  loss: 0.122775
2026-08-22 17:17:41,970 [INFO] gates: {"epoch": 20, "quality_ratio": 0.0799, "lambda_q": 0.0263, "patch_w_mean": 0.1831, "patch_w_std": 0.137}
2026-08-22 17:17:41,971 [INFO] Evaluating on val.
Train: data epoch: [20]  [ 0/37]  eta: 0:00:36  lr: 0.000066  loss: 0.1277  time: 0.9755  data: 0.0001  max mem: 5171
Train: data epoch: [20]  [20/37]  eta: 0:00:07  lr: 0.000066  loss: 0.1329  time: 0.4310  data: 0.0000  max mem: 5171
Train: data epoch: [20]  [36/37]  eta: 0:00:00  lr: 0.000066  loss: 0.1197  time: 0.4926  data: 0.0000  max mem: 5171
Train: data epoch: [20] Total time: 0:00:17 (0.4803 s / it)
2026-08-22 17:17:47,877 [INFO] Qual: EPOCH[20] -> PLCC: 0.912513, SROCC: 0.858983, KROCC: 0.680776, LOSS: 0.157144
2026-08-22 17:17:47,878 [INFO] Align: EPOCH[20] -> PLCC: 0.828161, SROCC: 0.675714, KROCC: 0.495136, LOSS: 0.305112
2026-08-22 17:17:47,894 [INFO] Saving checkpoint at epoch 20 to run/20260822170_E1_mlpq/checkpoint_latest.pth.
2026-08-22 17:17:47,960 [INFO] Start training
2026-08-22 17:17:48,289 [INFO] Start training epoch 21, 37 iters per inner epoch.
2026-08-22 17:18:06,324 [INFO] Averaged stats: lr: 0.000063  loss: 0.119214
2026-08-22 17:18:06,409 [INFO] gates: {"epoch": 21, "quality_ratio": 0.0895, "lambda_q": 0.0269, "patch_w_mean": 0.1734, "patch_w_std": 0.1317}
2026-08-22 17:18:06,409 [INFO] Evaluating on val.
Train: data epoch: [21]  [ 0/37]  eta: 0:00:51  lr: 0.000063  loss: 0.1225  time: 1.3878  data: 0.0001  max mem: 5171
Train: data epoch: [21]  [20/37]  eta: 0:00:08  lr: 0.000063  loss: 0.1120  time: 0.4560  data: 0.0000  max mem: 5171
Train: data epoch: [21]  [36/37]  eta: 0:00:00  lr: 0.000063  loss: 0.0775  time: 0.4849  data: 0.0000  max mem: 5171
Train: data epoch: [21] Total time: 0:00:18 (0.4874 s / it)
2026-08-22 17:18:12,367 [INFO] Qual: EPOCH[21] -> PLCC: 0.911452, SROCC: 0.859517, KROCC: 0.681467, LOSS: 0.164118
2026-08-22 17:18:12,367 [INFO] Align: EPOCH[21] -> PLCC: 0.826601, SROCC: 0.673608, KROCC: 0.493299, LOSS: 0.307825
2026-08-22 17:18:12,368 [INFO] Start training
2026-08-22 17:18:12,646 [INFO] Start training epoch 22, 37 iters per inner epoch.
2026-08-22 17:18:30,747 [INFO] Averaged stats: lr: 0.000060  loss: 0.118028
2026-08-22 17:18:30,849 [INFO] gates: {"epoch": 22, "quality_ratio": 0.0852, "lambda_q": 0.0273, "patch_w_mean": 0.1579, "patch_w_std": 0.1322}
2026-08-22 17:18:30,850 [INFO] Evaluating on val.
Train: data epoch: [22]  [ 0/37]  eta: 0:00:45  lr: 0.000060  loss: 0.1093  time: 1.2246  data: 0.0001  max mem: 5171
Train: data epoch: [22]  [20/37]  eta: 0:00:08  lr: 0.000060  loss: 0.1277  time: 0.4559  data: 0.0000  max mem: 5171
Train: data epoch: [22]  [36/37]  eta: 0:00:00  lr: 0.000060  loss: 0.1358  time: 0.4921  data: 0.0000  max mem: 5171
Train: data epoch: [22] Total time: 0:00:18 (0.4892 s / it)
2026-08-22 17:18:37,301 [INFO] Qual: EPOCH[22] -> PLCC: 0.910921, SROCC: 0.855846, KROCC: 0.677581, LOSS: 0.162088
2026-08-22 17:18:37,301 [INFO] Align: EPOCH[22] -> PLCC: 0.826505, SROCC: 0.671896, KROCC: 0.491952, LOSS: 0.306777
2026-08-22 17:18:37,302 [INFO] Start training
2026-08-22 17:18:37,607 [INFO] Start training epoch 23, 37 iters per inner epoch.
2026-08-22 17:18:56,020 [INFO] Averaged stats: lr: 0.000057  loss: 0.114220
2026-08-22 17:18:56,126 [INFO] gates: {"epoch": 23, "quality_ratio": 0.0859, "lambda_q": 0.0278, "patch_w_mean": 0.1566, "patch_w_std": 0.1325}
2026-08-22 17:18:56,126 [INFO] Evaluating on val.
Train: data epoch: [23]  [ 0/37]  eta: 0:00:38  lr: 0.000057  loss: 0.1147  time: 1.0490  data: 0.0001  max mem: 5171
Train: data epoch: [23]  [20/37]  eta: 0:00:08  lr: 0.000057  loss: 0.0920  time: 0.4764  data: 0.0000  max mem: 5171
Train: data epoch: [23]  [36/37]  eta: 0:00:00  lr: 0.000057  loss: 0.1613  time: 0.4997  data: 0.0000  max mem: 5171
Train: data epoch: [23] Total time: 0:00:18 (0.4976 s / it)
2026-08-22 17:19:02,506 [INFO] Qual: EPOCH[23] -> PLCC: 0.910598, SROCC: 0.857381, KROCC: 0.679095, LOSS: 0.164200
2026-08-22 17:19:02,506 [INFO] Align: EPOCH[23] -> PLCC: 0.825113, SROCC: 0.671122, KROCC: 0.490872, LOSS: 0.308634
2026-08-22 17:19:02,507 [INFO] Start training
2026-08-22 17:19:02,784 [INFO] Start training epoch 24, 37 iters per inner epoch.
2026-08-22 17:19:21,214 [INFO] Averaged stats: lr: 0.000054  loss: 0.111855
2026-08-22 17:19:21,332 [INFO] gates: {"epoch": 24, "quality_ratio": 0.0884, "lambda_q": 0.0283, "patch_w_mean": 0.1529, "patch_w_std": 0.1231}
2026-08-22 17:19:21,332 [INFO] Evaluating on val.
Train: data epoch: [24]  [ 0/37]  eta: 0:00:44  lr: 0.000054  loss: 0.0964  time: 1.2081  data: 0.0001  max mem: 5171
Train: data epoch: [24]  [20/37]  eta: 0:00:08  lr: 0.000054  loss: 0.0875  time: 0.4651  data: 0.0000  max mem: 5171
Train: data epoch: [24]  [36/37]  eta: 0:00:00  lr: 0.000054  loss: 0.1058  time: 0.4923  data: 0.0000  max mem: 5171
Train: data epoch: [24] Total time: 0:00:18 (0.4981 s / it)
2026-08-22 17:19:27,842 [INFO] Qual: EPOCH[24] -> PLCC: 0.910962, SROCC: 0.857380, KROCC: 0.679196, LOSS: 0.160569
2026-08-22 17:19:27,842 [INFO] Align: EPOCH[24] -> PLCC: 0.825390, SROCC: 0.671254, KROCC: 0.490739, LOSS: 0.310587
2026-08-22 17:19:27,843 [INFO] Start training
2026-08-22 17:19:28,147 [INFO] Start training epoch 25, 37 iters per inner epoch.
2026-08-22 17:19:46,207 [INFO] Averaged stats: lr: 0.000050  loss: 0.109946
2026-08-22 17:19:46,296 [INFO] gates: {"epoch": 25, "quality_ratio": 0.089, "lambda_q": 0.0287, "patch_w_mean": 0.1365, "patch_w_std": 0.1233}
2026-08-22 17:19:46,296 [INFO] Evaluating on val.
Train: data epoch: [25]  [ 0/37]  eta: 0:00:37  lr: 0.000051  loss: 0.1498  time: 1.0173  data: 0.0001  max mem: 5171
Train: data epoch: [25]  [20/37]  eta: 0:00:08  lr: 0.000051  loss: 0.1420  time: 0.4621  data: 0.0000  max mem: 5171
Train: data epoch: [25]  [36/37]  eta: 0:00:00  lr: 0.000051  loss: 0.0909  time: 0.4761  data: 0.0000  max mem: 5171
Train: data epoch: [25] Total time: 0:00:18 (0.4881 s / it)
2026-08-22 17:19:52,811 [INFO] Qual: EPOCH[25] -> PLCC: 0.910216, SROCC: 0.855960, KROCC: 0.677336, LOSS: 0.162013
2026-08-22 17:19:52,811 [INFO] Align: EPOCH[25] -> PLCC: 0.823852, SROCC: 0.668995, KROCC: 0.489091, LOSS: 0.313403
2026-08-22 17:19:52,829 [INFO] Saving checkpoint at epoch 25 to run/20260822170_E1_mlpq/checkpoint_latest.pth.
2026-08-22 17:19:52,891 [INFO] Start training
2026-08-22 17:19:53,195 [INFO] Start training epoch 26, 37 iters per inner epoch.
2026-08-22 17:20:11,243 [INFO] Averaged stats: lr: 0.000047  loss: 0.108736
2026-08-22 17:20:11,332 [INFO] gates: {"epoch": 26, "quality_ratio": 0.0951, "lambda_q": 0.0291, "patch_w_mean": 0.1277, "patch_w_std": 0.115}
2026-08-22 17:20:11,332 [INFO] Evaluating on val.
Train: data epoch: [26]  [ 0/37]  eta: 0:00:35  lr: 0.000047  loss: 0.0851  time: 0.9664  data: 0.0001  max mem: 5171
Train: data epoch: [26]  [20/37]  eta: 0:00:08  lr: 0.000047  loss: 0.1254  time: 0.4805  data: 0.0000  max mem: 5171
Train: data epoch: [26]  [36/37]  eta: 0:00:00  lr: 0.000047  loss: 0.0722  time: 0.4815  data: 0.0000  max mem: 5171
Train: data epoch: [26] Total time: 0:00:18 (0.4878 s / it)
2026-08-22 17:20:17,797 [INFO] Qual: EPOCH[26] -> PLCC: 0.909649, SROCC: 0.854807, KROCC: 0.676256, LOSS: 0.163464
2026-08-22 17:20:17,797 [INFO] Align: EPOCH[26] -> PLCC: 0.822927, SROCC: 0.666529, KROCC: 0.486909, LOSS: 0.313100
2026-08-22 17:20:17,798 [INFO] Start training
2026-08-22 17:20:18,068 [INFO] Start training epoch 27, 37 iters per inner epoch.
2026-08-22 17:20:36,271 [INFO] Averaged stats: lr: 0.000044  loss: 0.105786
2026-08-22 17:20:36,368 [INFO] gates: {"epoch": 27, "quality_ratio": 0.099, "lambda_q": 0.0295, "patch_w_mean": 0.1178, "patch_w_std": 0.1129}
2026-08-22 17:20:36,368 [INFO] Evaluating on val.
Train: data epoch: [27]  [ 0/37]  eta: 0:00:43  lr: 0.000044  loss: 0.1090  time: 1.1676  data: 0.0001  max mem: 5171
Train: data epoch: [27]  [20/37]  eta: 0:00:08  lr: 0.000044  loss: 0.0917  time: 0.4801  data: 0.0000  max mem: 5171
Train: data epoch: [27]  [36/37]  eta: 0:00:00  lr: 0.000044  loss: 0.1071  time: 0.4816  data: 0.0000  max mem: 5171
Train: data epoch: [27] Total time: 0:00:18 (0.4920 s / it)
2026-08-22 17:20:42,856 [INFO] Qual: EPOCH[27] -> PLCC: 0.909007, SROCC: 0.854135, KROCC: 0.675844, LOSS: 0.168023
2026-08-22 17:20:42,856 [INFO] Align: EPOCH[27] -> PLCC: 0.822867, SROCC: 0.665846, KROCC: 0.486129, LOSS: 0.311797
2026-08-22 17:20:42,857 [INFO] Start training
2026-08-22 17:20:43,173 [INFO] Start training epoch 28, 37 iters per inner epoch.
2026-08-22 17:21:01,363 [INFO] Averaged stats: lr: 0.000041  loss: 0.104004
2026-08-22 17:21:01,478 [INFO] gates: {"epoch": 28, "quality_ratio": 0.0954, "lambda_q": 0.0299, "patch_w_mean": 0.1271, "patch_w_std": 0.1161}
2026-08-22 17:21:01,478 [INFO] Evaluating on val.
Train: data epoch: [28]  [ 0/37]  eta: 0:00:46  lr: 0.000041  loss: 0.0906  time: 1.2580  data: 0.0001  max mem: 5171
Train: data epoch: [28]  [20/37]  eta: 0:00:08  lr: 0.000041  loss: 0.1148  time: 0.4838  data: 0.0000  max mem: 5171
Train: data epoch: [28]  [36/37]  eta: 0:00:00  lr: 0.000041  loss: 0.1075  time: 0.4730  data: 0.0000  max mem: 5171
Train: data epoch: [28] Total time: 0:00:18 (0.4916 s / it)
2026-08-22 17:21:07,946 [INFO] Qual: EPOCH[28] -> PLCC: 0.908733, SROCC: 0.853762, KROCC: 0.675232, LOSS: 0.163541
2026-08-22 17:21:07,946 [INFO] Align: EPOCH[28] -> PLCC: 0.822243, SROCC: 0.666000, KROCC: 0.486452, LOSS: 0.314768
2026-08-22 17:21:07,947 [INFO] Start training
2026-08-22 17:21:08,216 [INFO] Start training epoch 29, 37 iters per inner epoch.
2026-08-22 17:21:25,665 [INFO] Averaged stats: lr: 0.000038  loss: 0.103490
2026-08-22 17:21:25,749 [INFO] gates: {"epoch": 29, "quality_ratio": 0.0965, "lambda_q": 0.0302, "patch_w_mean": 0.1087, "patch_w_std": 0.109}
2026-08-22 17:21:25,749 [INFO] Evaluating on val.
Train: data epoch: [29]  [ 0/37]  eta: 0:00:45  lr: 0.000038  loss: 0.0788  time: 1.2382  data: 0.0001  max mem: 5171
Train: data epoch: [29]  [20/37]  eta: 0:00:08  lr: 0.000038  loss: 0.1009  time: 0.4587  data: 0.0000  max mem: 5171
Train: data epoch: [29]  [36/37]  eta: 0:00:00  lr: 0.000038  loss: 0.1389  time: 0.4356  data: 0.0000  max mem: 5171
Train: data epoch: [29] Total time: 0:00:17 (0.4716 s / it)
2026-08-22 17:21:32,174 [INFO] Qual: EPOCH[29] -> PLCC: 0.908476, SROCC: 0.853644, KROCC: 0.675265, LOSS: 0.164160
2026-08-22 17:21:32,174 [INFO] Align: EPOCH[29] -> PLCC: 0.822053, SROCC: 0.665848, KROCC: 0.486430, LOSS: 0.314866
2026-08-22 17:21:32,175 [INFO] Start training
2026-08-22 17:21:32,446 [INFO] Start training epoch 30, 37 iters per inner epoch.
2026-08-22 17:21:50,258 [INFO] Averaged stats: lr: 0.000035  loss: 0.101144
2026-08-22 17:21:50,483 [INFO] gates: {"epoch": 30, "quality_ratio": 0.099, "lambda_q": 0.0305, "patch_w_mean": 0.1067, "patch_w_std": 0.1049}
2026-08-22 17:21:50,483 [INFO] Evaluating on val.
Train: data epoch: [30]  [ 0/37]  eta: 0:00:48  lr: 0.000035  loss: 0.0836  time: 1.2981  data: 0.0001  max mem: 5171
Train: data epoch: [30]  [20/37]  eta: 0:00:08  lr: 0.000035  loss: 0.1057  time: 0.4810  data: 0.0000  max mem: 5171
Train: data epoch: [30]  [36/37]  eta: 0:00:00  lr: 0.000035  loss: 0.1278  time: 0.4077  data: 0.0000  max mem: 5171
Train: data epoch: [30] Total time: 0:00:17 (0.4814 s / it)
2026-08-22 17:21:58,566 [INFO] Qual: EPOCH[30] -> PLCC: 0.908421, SROCC: 0.853772, KROCC: 0.675945, LOSS: 0.163825
2026-08-22 17:21:58,566 [INFO] Align: EPOCH[30] -> PLCC: 0.821411, SROCC: 0.665121, KROCC: 0.486029, LOSS: 0.315205
2026-08-22 17:21:58,581 [INFO] Saving checkpoint at epoch 30 to run/20260822170_E1_mlpq/checkpoint_latest.pth.
2026-08-22 17:21:58,648 [INFO] Start training
2026-08-22 17:21:58,937 [INFO] Start training epoch 31, 37 iters per inner epoch.
2026-08-22 17:22:16,662 [INFO] Averaged stats: lr: 0.000032  loss: 0.101571
2026-08-22 17:22:16,805 [INFO] gates: {"epoch": 31, "quality_ratio": 0.1001, "lambda_q": 0.0308, "patch_w_mean": 0.104, "patch_w_std": 0.1018}
2026-08-22 17:22:16,805 [INFO] Evaluating on val.
Train: data epoch: [31]  [ 0/37]  eta: 0:00:45  lr: 0.000032  loss: 0.1005  time: 1.2330  data: 0.0001  max mem: 5171
Train: data epoch: [31]  [20/37]  eta: 0:00:08  lr: 0.000032  loss: 0.0743  time: 0.4802  data: 0.0000  max mem: 5171
Train: data epoch: [31]  [36/37]  eta: 0:00:00  lr: 0.000032  loss: 0.1178  time: 0.4175  data: 0.0000  max mem: 5171
Train: data epoch: [31] Total time: 0:00:17 (0.4790 s / it)
2026-08-22 17:22:23,775 [INFO] Qual: EPOCH[31] -> PLCC: 0.907709, SROCC: 0.853223, KROCC: 0.675644, LOSS: 0.167105
2026-08-22 17:22:23,775 [INFO] Align: EPOCH[31] -> PLCC: 0.821406, SROCC: 0.665376, KROCC: 0.486140, LOSS: 0.317005
2026-08-22 17:22:23,776 [INFO] Start training
2026-08-22 17:22:24,073 [INFO] Start training epoch 32, 37 iters per inner epoch.
2026-08-22 17:22:42,155 [INFO] Averaged stats: lr: 0.000029  loss: 0.098838
2026-08-22 17:22:42,351 [INFO] gates: {"epoch": 32, "quality_ratio": 0.1016, "lambda_q": 0.031, "patch_w_mean": 0.1016, "patch_w_std": 0.1024}
2026-08-22 17:22:42,351 [INFO] Evaluating on val.
Train: data epoch: [32]  [ 0/37]  eta: 0:00:39  lr: 0.000029  loss: 0.1253  time: 1.0659  data: 0.0001  max mem: 5171
Train: data epoch: [32]  [20/37]  eta: 0:00:08  lr: 0.000029  loss: 0.1294  time: 0.4971  data: 0.0000  max mem: 5171
Train: data epoch: [32]  [36/37]  eta: 0:00:00  lr: 0.000029  loss: 0.1228  time: 0.4391  data: 0.0000  max mem: 5171
Train: data epoch: [32] Total time: 0:00:18 (0.4887 s / it)
2026-08-22 17:22:50,244 [INFO] Qual: EPOCH[32] -> PLCC: 0.907303, SROCC: 0.852343, KROCC: 0.674241, LOSS: 0.167111
2026-08-22 17:22:50,244 [INFO] Align: EPOCH[32] -> PLCC: 0.820799, SROCC: 0.664348, KROCC: 0.485161, LOSS: 0.317269
2026-08-22 17:22:50,245 [INFO] Start training
2026-08-22 17:22:50,543 [INFO] Start training epoch 33, 37 iters per inner epoch.
2026-08-22 17:23:08,685 [INFO] Averaged stats: lr: 0.000027  loss: 0.098778
2026-08-22 17:23:08,865 [INFO] gates: {"epoch": 33, "quality_ratio": 0.0994, "lambda_q": 0.0312, "patch_w_mean": 0.0997, "patch_w_std": 0.1015}
2026-08-22 17:23:08,865 [INFO] Evaluating on val.
Train: data epoch: [33]  [ 0/37]  eta: 0:00:45  lr: 0.000027  loss: 0.0976  time: 1.2260  data: 0.0001  max mem: 5171
Train: data epoch: [33]  [20/37]  eta: 0:00:08  lr: 0.000027  loss: 0.1028  time: 0.4923  data: 0.0000  max mem: 5171
Train: data epoch: [33]  [36/37]  eta: 0:00:00  lr: 0.000027  loss: 0.0814  time: 0.4438  data: 0.0000  max mem: 5171
Train: data epoch: [33] Total time: 0:00:18 (0.4903 s / it)
2026-08-22 17:23:15,509 [INFO] Qual: EPOCH[33] -> PLCC: 0.906661, SROCC: 0.851137, KROCC: 0.672916, LOSS: 0.168475
2026-08-22 17:23:15,509 [INFO] Align: EPOCH[33] -> PLCC: 0.820588, SROCC: 0.663872, KROCC: 0.484771, LOSS: 0.318210
2026-08-22 17:23:15,510 [INFO] Start training
2026-08-22 17:23:15,776 [INFO] Start training epoch 34, 37 iters per inner epoch.
2026-08-22 17:23:33,854 [INFO] Averaged stats: lr: 0.000024  loss: 0.097460
2026-08-22 17:23:34,064 [INFO] gates: {"epoch": 34, "quality_ratio": 0.0998, "lambda_q": 0.0314, "patch_w_mean": 0.093, "patch_w_std": 0.0993}
2026-08-22 17:23:34,065 [INFO] Evaluating on val.
Train: data epoch: [34]  [ 0/37]  eta: 0:00:42  lr: 0.000024  loss: 0.0884  time: 1.1473  data: 0.0001  max mem: 5171
Train: data epoch: [34]  [20/37]  eta: 0:00:08  lr: 0.000024  loss: 0.0900  time: 0.4941  data: 0.0000  max mem: 5171
Train: data epoch: [34]  [36/37]  eta: 0:00:00  lr: 0.000024  loss: 0.0570  time: 0.4360  data: 0.0000  max mem: 5171
Train: data epoch: [34] Total time: 0:00:18 (0.4886 s / it)
2026-08-22 17:23:41,338 [INFO] Qual: EPOCH[34] -> PLCC: 0.906324, SROCC: 0.850623, KROCC: 0.672037, LOSS: 0.169084
2026-08-22 17:23:41,338 [INFO] Align: EPOCH[34] -> PLCC: 0.820096, SROCC: 0.662999, KROCC: 0.484148, LOSS: 0.317996
2026-08-22 17:23:41,339 [INFO] Start training
2026-08-22 17:23:41,614 [INFO] Start training epoch 35, 37 iters per inner epoch.
2026-08-22 17:24:00,354 [INFO] Averaged stats: lr: 0.000021  loss: 0.096552
2026-08-22 17:24:00,506 [INFO] gates: {"epoch": 35, "quality_ratio": 0.1016, "lambda_q": 0.0316, "patch_w_mean": 0.0996, "patch_w_std": 0.103}
2026-08-22 17:24:00,506 [INFO] Evaluating on val.
Train: data epoch: [35]  [ 0/37]  eta: 0:00:50  lr: 0.000021  loss: 0.1130  time: 1.3619  data: 0.0001  max mem: 5171
Train: data epoch: [35]  [20/37]  eta: 0:00:09  lr: 0.000021  loss: 0.0791  time: 0.5040  data: 0.0000  max mem: 5171
Train: data epoch: [35]  [36/37]  eta: 0:00:00  lr: 0.000021  loss: 0.0665  time: 0.4491  data: 0.0000  max mem: 5171
Train: data epoch: [35] Total time: 0:00:18 (0.5065 s / it)
2026-08-22 17:24:07,910 [INFO] Qual: EPOCH[35] -> PLCC: 0.906175, SROCC: 0.850353, KROCC: 0.671747, LOSS: 0.169936
2026-08-22 17:24:07,910 [INFO] Align: EPOCH[35] -> PLCC: 0.819770, SROCC: 0.662836, KROCC: 0.483969, LOSS: 0.319712
2026-08-22 17:24:07,922 [INFO] Saving checkpoint at epoch 35 to run/20260822170_E1_mlpq/checkpoint_latest.pth.
2026-08-22 17:24:07,970 [INFO] Start training
2026-08-22 17:24:08,245 [INFO] Start training epoch 36, 37 iters per inner epoch.
2026-08-22 17:24:26,824 [INFO] Averaged stats: lr: 0.000019  loss: 0.095718
2026-08-22 17:24:26,963 [INFO] gates: {"epoch": 36, "quality_ratio": 0.103, "lambda_q": 0.0317, "patch_w_mean": 0.0943, "patch_w_std": 0.0995}
2026-08-22 17:24:26,963 [INFO] Evaluating on val.
Train: data epoch: [36]  [ 0/37]  eta: 0:00:45  lr: 0.000019  loss: 0.0871  time: 1.2193  data: 0.0001  max mem: 5171
Train: data epoch: [36]  [20/37]  eta: 0:00:09  lr: 0.000019  loss: 0.1215  time: 0.4967  data: 0.0000  max mem: 5171
Train: data epoch: [36]  [36/37]  eta: 0:00:00  lr: 0.000019  loss: 0.0791  time: 0.4544  data: 0.0000  max mem: 5171
Train: data epoch: [36] Total time: 0:00:18 (0.5021 s / it)
2026-08-22 17:24:33,923 [INFO] Qual: EPOCH[36] -> PLCC: 0.906012, SROCC: 0.850238, KROCC: 0.671925, LOSS: 0.170411
2026-08-22 17:24:33,923 [INFO] Align: EPOCH[36] -> PLCC: 0.819507, SROCC: 0.662518, KROCC: 0.483702, LOSS: 0.320035
2026-08-22 17:24:33,924 [INFO] Start training
2026-08-22 17:24:34,201 [INFO] Start training epoch 37, 37 iters per inner epoch.
2026-08-22 17:24:52,512 [INFO] Averaged stats: lr: 0.000017  loss: 0.094730
2026-08-22 17:24:52,659 [INFO] gates: {"epoch": 37, "quality_ratio": 0.1043, "lambda_q": 0.0318, "patch_w_mean": 0.089, "patch_w_std": 0.0968}
2026-08-22 17:24:52,659 [INFO] Evaluating on val.
Train: data epoch: [37]  [ 0/37]  eta: 0:00:39  lr: 0.000017  loss: 0.0801  time: 1.0612  data: 0.0001  max mem: 5171
Train: data epoch: [37]  [20/37]  eta: 0:00:08  lr: 0.000017  loss: 0.0650  time: 0.4936  data: 0.0000  max mem: 5171
Train: data epoch: [37]  [36/37]  eta: 0:00:00  lr: 0.000017  loss: 0.0994  time: 0.4506  data: 0.0000  max mem: 5171
Train: data epoch: [37] Total time: 0:00:18 (0.4949 s / it)
2026-08-22 17:24:59,582 [INFO] Qual: EPOCH[37] -> PLCC: 0.905929, SROCC: 0.849839, KROCC: 0.671335, LOSS: 0.170462
2026-08-22 17:24:59,583 [INFO] Align: EPOCH[37] -> PLCC: 0.819490, SROCC: 0.662187, KROCC: 0.483457, LOSS: 0.320197
2026-08-22 17:24:59,583 [INFO] Start training
2026-08-22 17:24:59,858 [INFO] Start training epoch 38, 37 iters per inner epoch.
2026-08-22 17:25:18,198 [INFO] Averaged stats: lr: 0.000014  loss: 0.094927
2026-08-22 17:25:18,358 [INFO] gates: {"epoch": 38, "quality_ratio": 0.1002, "lambda_q": 0.0319, "patch_w_mean": 0.0888, "patch_w_std": 0.0949}
2026-08-22 17:25:18,358 [INFO] Evaluating on val.
Train: data epoch: [38]  [ 0/37]  eta: 0:00:39  lr: 0.000014  loss: 0.0827  time: 1.0626  data: 0.0001  max mem: 5171
Train: data epoch: [38]  [20/37]  eta: 0:00:08  lr: 0.000014  loss: 0.0836  time: 0.4957  data: 0.0000  max mem: 5171
Train: data epoch: [38]  [36/37]  eta: 0:00:00  lr: 0.000014  loss: 0.0969  time: 0.4486  data: 0.0000  max mem: 5171
Train: data epoch: [38] Total time: 0:00:18 (0.4956 s / it)
2026-08-22 17:25:25,184 [INFO] Qual: EPOCH[38] -> PLCC: 0.905708, SROCC: 0.849640, KROCC: 0.670968, LOSS: 0.170675
2026-08-22 17:25:25,184 [INFO] Align: EPOCH[38] -> PLCC: 0.818858, SROCC: 0.661973, KROCC: 0.483179, LOSS: 0.321065
2026-08-22 17:25:25,185 [INFO] Start training
2026-08-22 17:25:25,484 [INFO] Start training epoch 39, 37 iters per inner epoch.
2026-08-22 17:25:43,455 [INFO] Averaged stats: lr: 0.000012  loss: 0.094584
2026-08-22 17:25:43,596 [INFO] gates: {"epoch": 39, "quality_ratio": 0.1025, "lambda_q": 0.032, "patch_w_mean": 0.0825, "patch_w_std": 0.0918}
2026-08-22 17:25:43,596 [INFO] Evaluating on val.
Train: data epoch: [39]  [ 0/37]  eta: 0:00:36  lr: 0.000012  loss: 0.0886  time: 0.9827  data: 0.0001  max mem: 5171
Train: data epoch: [39]  [20/37]  eta: 0:00:08  lr: 0.000012  loss: 0.1478  time: 0.5013  data: 0.0000  max mem: 5171
Train: data epoch: [39]  [36/37]  eta: 0:00:00  lr: 0.000012  loss: 0.0822  time: 0.4366  data: 0.0000  max mem: 5171
Train: data epoch: [39] Total time: 0:00:17 (0.4857 s / it)
2026-08-22 17:25:51,637 [INFO] Qual: EPOCH[39] -> PLCC: 0.905514, SROCC: 0.849913, KROCC: 0.671391, LOSS: 0.170769
2026-08-22 17:25:51,637 [INFO] Align: EPOCH[39] -> PLCC: 0.818687, SROCC: 0.661808, KROCC: 0.483001, LOSS: 0.321249
2026-08-22 17:25:51,638 [INFO] Start training
2026-08-22 17:25:51,919 [INFO] Start training epoch 40, 37 iters per inner epoch.
2026-08-22 17:26:10,306 [INFO] Averaged stats: lr: 0.000010  loss: 0.094524
2026-08-22 17:26:10,464 [INFO] gates: {"epoch": 40, "quality_ratio": 0.1053, "lambda_q": 0.0321, "patch_w_mean": 0.0832, "patch_w_std": 0.0886}
2026-08-22 17:26:10,464 [INFO] Evaluating on val.
Train: data epoch: [40]  [ 0/37]  eta: 0:00:41  lr: 0.000010  loss: 0.1026  time: 1.1321  data: 0.0001  max mem: 5171
Train: data epoch: [40]  [20/37]  eta: 0:00:08  lr: 0.000010  loss: 0.0787  time: 0.4935  data: 0.0000  max mem: 5171
Train: data epoch: [40]  [36/37]  eta: 0:00:00  lr: 0.000010  loss: 0.0700  time: 0.4490  data: 0.0000  max mem: 5171
Train: data epoch: [40] Total time: 0:00:18 (0.4969 s / it)
2026-08-22 17:26:18,063 [INFO] Qual: EPOCH[40] -> PLCC: 0.905690, SROCC: 0.849555, KROCC: 0.670868, LOSS: 0.170026
2026-08-22 17:26:18,064 [INFO] Align: EPOCH[40] -> PLCC: 0.818720, SROCC: 0.661546, KROCC: 0.482756, LOSS: 0.321258
2026-08-22 17:26:18,077 [INFO] Saving checkpoint at epoch 40 to run/20260822170_E1_mlpq/checkpoint_latest.pth.
2026-08-22 17:26:18,140 [INFO] Start training
2026-08-22 17:26:18,414 [INFO] Start training epoch 41, 37 iters per inner epoch.
2026-08-22 17:26:36,458 [INFO] Averaged stats: lr: 0.000009  loss: 0.094185
2026-08-22 17:26:36,606 [INFO] gates: {"epoch": 41, "quality_ratio": 0.104, "lambda_q": 0.0322, "patch_w_mean": 0.0875, "patch_w_std": 0.0968}
2026-08-22 17:26:36,607 [INFO] Evaluating on val.
Train: data epoch: [41]  [ 0/37]  eta: 0:00:46  lr: 0.000009  loss: 0.0877  time: 1.2531  data: 0.0001  max mem: 5171
Train: data epoch: [41]  [20/37]  eta: 0:00:08  lr: 0.000009  loss: 0.1039  time: 0.4817  data: 0.0000  max mem: 5171
Train: data epoch: [41]  [36/37]  eta: 0:00:00  lr: 0.000009  loss: 0.1343  time: 0.4376  data: 0.0000  max mem: 5171
Train: data epoch: [41] Total time: 0:00:18 (0.4877 s / it)
2026-08-22 17:26:43,172 [INFO] Qual: EPOCH[41] -> PLCC: 0.905282, SROCC: 0.849304, KROCC: 0.671012, LOSS: 0.171691
2026-08-22 17:26:43,172 [INFO] Align: EPOCH[41] -> PLCC: 0.818690, SROCC: 0.661781, KROCC: 0.482789, LOSS: 0.321312
2026-08-22 17:26:43,173 [INFO] Start training
2026-08-22 17:26:43,452 [INFO] Start training epoch 42, 37 iters per inner epoch.
2026-08-22 17:27:01,316 [INFO] Averaged stats: lr: 0.000007  loss: 0.094191
2026-08-22 17:27:01,396 [INFO] gates: {"epoch": 42, "quality_ratio": 0.1033, "lambda_q": 0.0323, "patch_w_mean": 0.0898, "patch_w_std": 0.0963}
2026-08-22 17:27:01,397 [INFO] Evaluating on val.
Train: data epoch: [42]  [ 0/37]  eta: 0:00:37  lr: 0.000007  loss: 0.1310  time: 1.0096  data: 0.0001  max mem: 5171
Train: data epoch: [42]  [20/37]  eta: 0:00:08  lr: 0.000007  loss: 0.0864  time: 0.4963  data: 0.0000  max mem: 5171
Train: data epoch: [42]  [36/37]  eta: 0:00:00  lr: 0.000007  loss: 0.0866  time: 0.4294  data: 0.0000  max mem: 5171
Train: data epoch: [42] Total time: 0:00:17 (0.4828 s / it)
2026-08-22 17:27:08,966 [INFO] Qual: EPOCH[42] -> PLCC: 0.905347, SROCC: 0.849101, KROCC: 0.670467, LOSS: 0.170188
2026-08-22 17:27:08,966 [INFO] Align: EPOCH[42] -> PLCC: 0.818374, SROCC: 0.661202, KROCC: 0.482166, LOSS: 0.321530
2026-08-22 17:27:08,967 [INFO] Start training
2026-08-22 17:27:09,257 [INFO] Start training epoch 43, 37 iters per inner epoch.
2026-08-22 17:27:27,662 [INFO] Averaged stats: lr: 0.000006  loss: 0.093293
2026-08-22 17:27:27,751 [INFO] gates: {"epoch": 43, "quality_ratio": 0.1073, "lambda_q": 0.0323, "patch_w_mean": 0.0864, "patch_w_std": 0.0962}
2026-08-22 17:27:27,751 [INFO] Evaluating on val.
Train: data epoch: [43]  [ 0/37]  eta: 0:00:50  lr: 0.000006  loss: 0.0981  time: 1.3677  data: 0.0001  max mem: 5171
Train: data epoch: [43]  [20/37]  eta: 0:00:09  lr: 0.000006  loss: 0.0858  time: 0.5124  data: 0.0000  max mem: 5171
Train: data epoch: [43]  [36/37]  eta: 0:00:00  lr: 0.000006  loss: 0.1057  time: 0.4411  data: 0.0000  max mem: 5171
Train: data epoch: [43] Total time: 0:00:18 (0.4974 s / it)
2026-08-22 17:27:32,368 [INFO] Qual: EPOCH[43] -> PLCC: 0.905082, SROCC: 0.848844, KROCC: 0.670177, LOSS: 0.171302
2026-08-22 17:27:32,368 [INFO] Align: EPOCH[43] -> PLCC: 0.818422, SROCC: 0.661496, KROCC: 0.482611, LOSS: 0.321792
2026-08-22 17:27:32,369 [INFO] Start training
2026-08-22 17:27:32,666 [INFO] Start training epoch 44, 37 iters per inner epoch.
2026-08-22 17:27:51,921 [INFO] Averaged stats: lr: 0.000004  loss: 0.093180
2026-08-22 17:27:52,019 [INFO] gates: {"epoch": 44, "quality_ratio": 0.1095, "lambda_q": 0.0323, "patch_w_mean": 0.0836, "patch_w_std": 0.092}
2026-08-22 17:27:52,019 [INFO] Evaluating on val.
Train: data epoch: [44]  [ 0/37]  eta: 0:00:55  lr: 0.000004  loss: 0.0798  time: 1.4914  data: 0.0001  max mem: 5171
Train: data epoch: [44]  [20/37]  eta: 0:00:09  lr: 0.000004  loss: 0.1160  time: 0.5175  data: 0.0000  max mem: 5171
Train: data epoch: [44]  [36/37]  eta: 0:00:00  lr: 0.000004  loss: 0.0891  time: 0.4723  data: 0.0000  max mem: 5171
Train: data epoch: [44] Total time: 0:00:19 (0.5204 s / it)
2026-08-22 17:27:57,676 [INFO] Qual: EPOCH[44] -> PLCC: 0.905043, SROCC: 0.848811, KROCC: 0.670378, LOSS: 0.171522
2026-08-22 17:27:57,677 [INFO] Align: EPOCH[44] -> PLCC: 0.818300, SROCC: 0.661264, KROCC: 0.482400, LOSS: 0.322093
2026-08-22 17:27:57,677 [INFO] Start training
2026-08-22 17:27:58,085 [INFO] Start training epoch 45, 37 iters per inner epoch.
2026-08-22 17:28:17,359 [INFO] Averaged stats: lr: 0.000003  loss: 0.093661
2026-08-22 17:28:17,469 [INFO] gates: {"epoch": 45, "quality_ratio": 0.1005, "lambda_q": 0.0324, "patch_w_mean": 0.088, "patch_w_std": 0.0966}
2026-08-22 17:28:17,470 [INFO] Evaluating on val.
Train: data epoch: [45]  [ 0/37]  eta: 0:00:49  lr: 0.000003  loss: 0.0907  time: 1.3387  data: 0.0001  max mem: 5171
Train: data epoch: [45]  [20/37]  eta: 0:00:09  lr: 0.000003  loss: 0.0929  time: 0.5156  data: 0.0000  max mem: 5171
Train: data epoch: [45]  [36/37]  eta: 0:00:00  lr: 0.000003  loss: 0.1138  time: 0.4848  data: 0.0000  max mem: 5171
Train: data epoch: [45] Total time: 0:00:19 (0.5209 s / it)
2026-08-22 17:28:23,519 [INFO] Qual: EPOCH[45] -> PLCC: 0.904942, SROCC: 0.848815, KROCC: 0.670333, LOSS: 0.172216
2026-08-22 17:28:23,519 [INFO] Align: EPOCH[45] -> PLCC: 0.818277, SROCC: 0.661308, KROCC: 0.482411, LOSS: 0.322169
2026-08-22 17:28:23,535 [INFO] Saving checkpoint at epoch 45 to run/20260822170_E1_mlpq/checkpoint_latest.pth.
2026-08-22 17:28:23,611 [INFO] Start training
2026-08-22 17:28:23,962 [INFO] Start training epoch 46, 37 iters per inner epoch.
2026-08-22 17:28:43,921 [INFO] Averaged stats: lr: 0.000003  loss: 0.092992
2026-08-22 17:28:44,010 [INFO] gates: {"epoch": 46, "quality_ratio": 0.1087, "lambda_q": 0.0324, "patch_w_mean": 0.0801, "patch_w_std": 0.089}
2026-08-22 17:28:44,010 [INFO] Evaluating on val.
Train: data epoch: [46]  [ 0/37]  eta: 0:01:06  lr: 0.000003  loss: 0.0981  time: 1.7938  data: 0.0001  max mem: 5171
Train: data epoch: [46]  [20/37]  eta: 0:00:09  lr: 0.000003  loss: 0.0857  time: 0.5099  data: 0.0000  max mem: 5171
Train: data epoch: [46]  [36/37]  eta: 0:00:00  lr: 0.000003  loss: 0.0849  time: 0.5000  data: 0.0000  max mem: 5171
Train: data epoch: [46] Total time: 0:00:19 (0.5394 s / it)
2026-08-22 17:28:49,922 [INFO] Qual: EPOCH[46] -> PLCC: 0.904861, SROCC: 0.848421, KROCC: 0.669799, LOSS: 0.172241
2026-08-22 17:28:49,922 [INFO] Align: EPOCH[46] -> PLCC: 0.818235, SROCC: 0.661199, KROCC: 0.482322, LOSS: 0.322266
2026-08-22 17:28:49,923 [INFO] Start training
2026-08-22 17:28:50,206 [INFO] Start training epoch 47, 37 iters per inner epoch.
2026-08-22 17:29:09,282 [INFO] Averaged stats: lr: 0.000002  loss: 0.092561
2026-08-22 17:29:09,378 [INFO] gates: {"epoch": 47, "quality_ratio": 0.1045, "lambda_q": 0.0324, "patch_w_mean": 0.0892, "patch_w_std": 0.1038}
2026-08-22 17:29:09,378 [INFO] Evaluating on val.
Train: data epoch: [47]  [ 0/37]  eta: 0:00:41  lr: 0.000002  loss: 0.0690  time: 1.1309  data: 0.0001  max mem: 5171
Train: data epoch: [47]  [20/37]  eta: 0:00:09  lr: 0.000002  loss: 0.0964  time: 0.5021  data: 0.0000  max mem: 5171
Train: data epoch: [47]  [36/37]  eta: 0:00:00  lr: 0.000002  loss: 0.1145  time: 0.4981  data: 0.0000  max mem: 5171
Train: data epoch: [47] Total time: 0:00:19 (0.5156 s / it)
2026-08-22 17:29:14,150 [INFO] Qual: EPOCH[47] -> PLCC: 0.904827, SROCC: 0.848376, KROCC: 0.669810, LOSS: 0.172202
2026-08-22 17:29:14,150 [INFO] Align: EPOCH[47] -> PLCC: 0.818205, SROCC: 0.661089, KROCC: 0.482255, LOSS: 0.322205
2026-08-22 17:29:14,151 [INFO] Start training
2026-08-22 17:29:14,465 [INFO] Start training epoch 48, 37 iters per inner epoch.
2026-08-22 17:29:33,352 [INFO] Averaged stats: lr: 0.000001  loss: 0.092288
2026-08-22 17:29:33,453 [INFO] gates: {"epoch": 48, "quality_ratio": 0.1018, "lambda_q": 0.0324, "patch_w_mean": 0.0835, "patch_w_std": 0.091}
2026-08-22 17:29:33,453 [INFO] Evaluating on val.
Train: data epoch: [48]  [ 0/37]  eta: 0:00:47  lr: 0.000001  loss: 0.0864  time: 1.2906  data: 0.0001  max mem: 5171
Train: data epoch: [48]  [20/37]  eta: 0:00:08  lr: 0.000001  loss: 0.0931  time: 0.4877  data: 0.0000  max mem: 5171
Train: data epoch: [48]  [36/37]  eta: 0:00:00  lr: 0.000001  loss: 0.1699  time: 0.4949  data: 0.0000  max mem: 5171
Train: data epoch: [48] Total time: 0:00:18 (0.5104 s / it)
2026-08-22 17:29:39,096 [INFO] Qual: EPOCH[48] -> PLCC: 0.904853, SROCC: 0.848318, KROCC: 0.669699, LOSS: 0.172042
2026-08-22 17:29:39,097 [INFO] Align: EPOCH[48] -> PLCC: 0.818222, SROCC: 0.661096, KROCC: 0.482277, LOSS: 0.322187
2026-08-22 17:29:39,097 [INFO] Start training
2026-08-22 17:29:39,413 [INFO] Start training epoch 49, 37 iters per inner epoch.
2026-08-22 17:29:58,466 [INFO] Averaged stats: lr: 0.000001  loss: 0.093160
2026-08-22 17:29:58,571 [INFO] gates: {"epoch": 49, "quality_ratio": 0.1058, "lambda_q": 0.0324, "patch_w_mean": 0.0832, "patch_w_std": 0.0947}
2026-08-22 17:29:58,571 [INFO] Evaluating on val.
Train: data epoch: [49]  [ 0/37]  eta: 0:00:42  lr: 0.000001  loss: 0.0785  time: 1.1439  data: 0.0001  max mem: 5171
Train: data epoch: [49]  [20/37]  eta: 0:00:09  lr: 0.000001  loss: 0.0858  time: 0.5008  data: 0.0000  max mem: 5171
Train: data epoch: [49]  [36/37]  eta: 0:00:00  lr: 0.000001  loss: 0.0744  time: 0.4980  data: 0.0000  max mem: 5171
Train: data epoch: [49] Total time: 0:00:19 (0.5149 s / it)
2026-08-22 17:30:04,692 [INFO] Qual: EPOCH[49] -> PLCC: 0.904837, SROCC: 0.848324, KROCC: 0.669654, LOSS: 0.171904
2026-08-22 17:30:04,693 [INFO] Align: EPOCH[49] -> PLCC: 0.818215, SROCC: 0.661004, KROCC: 0.482188, LOSS: 0.322112
2026-08-22 17:30:04,709 [INFO] Saving checkpoint at epoch 49 to run/20260822170_E1_mlpq/checkpoint_latest.pth.
[{'agg_metrics': np.float64(4.464846668228847), 'qual_agg': np.float64(2.4561721235884333), 'qual_PLCC': np.float64(0.9131948241037415), 'qual_SROCC': np.float64(0.8608202675204722), 'qual_KROCC': np.float64(0.6821570319642192), 'align_agg': np.float64(2.0086745446404137), 'align_PLCC': np.float64(0.8312678218496758), 'align_SROCC': np.float64(0.6790752974423796), 'align_KROCC': np.float64(0.49833142534835834)}]
{'agg_metrics': np.float64(4.464846668228847), 'qual_agg': np.float64(2.4561721235884333), 'qual_PLCC': np.float64(0.9131948241037415), 'qual_SROCC': np.float64(0.8608202675204722), 'qual_KROCC': np.float64(0.6821570319642192), 'align_agg': np.float64(2.0086745446404137), 'align_PLCC': np.float64(0.8312678218496758), 'align_SROCC': np.float64(0.6790752974423796), 'align_KROCC': np.float64(0.49833142534835834)}
