2026-08-22 14:22:30,169 [INFO] Loaded init weights from init_ckpt/v20_aigiqa20k_seed42.pth
2026-08-22 14:22:30,169 [INFO] Start training
2026-08-22 14:22:30,186 [INFO] number of trainable parameters: 2423302
Not using distributed mode
['msqr_dgmpq_cadr_v18', 'msqr_dgmpq_daps_v16', 'msqr_dgmpq_hcmi_v8', 'msqr_dgmpq_hmqe_dcga_v20', 'msqr_dgmpq_mscm_v10', 'msqr_dgmpq_mscm_v11', 'msqr_dgmpq_mscm_v12', 'msqr_dgmpq_msrc_v14', 'msqr_dgmpq_ptlc_v15', 'msqr_dgmpq_qard_v17', 'msqr_dgmpq_tcap_v9', 'msqr_dgmpqplus_dcar_v19']
2026-08-22 14:22:31,763 [INFO] Start training epoch 0, 218 iters per inner epoch.
2026-08-22 14:24:44,003 [INFO] Averaged stats: lr: 0.000088  loss: 3.969268
2026-08-22 14:24:44,092 [INFO] gates: {"epoch": 0, "raw_quality_ratio": 2.3979, "quality_ratio": 0.0411, "lambda_q": 0.0171, "deviation_mean": 0.8484, "deviation_std": 0.1341, "patch_w_mean": 0.5198, "patch_w_std": 0.0235, "hier_dev_mean": 0.435, "hier_dev_std": 0.0306, "q_sigma_norm": 4.0108}
2026-08-22 14:24:44,093 [INFO] Evaluating on val.
Train: data epoch: [0]  [  0/218]  eta: 0:34:07  lr: 0.000000  loss: 15.8328  time: 9.3932  data: 0.0001  max mem: 5159
Train: data epoch: [0]  [ 20/218]  eta: 0:03:41  lr: 0.000040  loss: 15.4279  time: 0.7048  data: 0.0000  max mem: 5175
Train: data epoch: [0]  [ 40/218]  eta: 0:02:33  lr: 0.000080  loss: 12.3112  time: 0.5900  data: 0.0000  max mem: 5175
Train: data epoch: [0]  [ 60/218]  eta: 0:02:01  lr: 0.000100  loss: 5.4987  time: 0.5715  data: 0.0000  max mem: 5175
Train: data epoch: [0]  [ 80/218]  eta: 0:01:38  lr: 0.000100  loss: 0.7646  time: 0.5403  data: 0.0000  max mem: 5175
Train: data epoch: [0]  [100/218]  eta: 0:01:20  lr: 0.000100  loss: 0.4507  time: 0.5485  data: 0.0000  max mem: 5175
Train: data epoch: [0]  [120/218]  eta: 0:01:04  lr: 0.000100  loss: 0.4659  time: 0.5494  data: 0.0000  max mem: 5175
Train: data epoch: [0]  [140/218]  eta: 0:00:49  lr: 0.000100  loss: 0.2030  time: 0.5445  data: 0.0000  max mem: 5175
Train: data epoch: [0]  [160/218]  eta: 0:00:36  lr: 0.000100  loss: 0.2313  time: 0.5417  data: 0.0000  max mem: 5175
Train: data epoch: [0]  [180/218]  eta: 0:00:23  lr: 0.000100  loss: 0.1914  time: 0.5426  data: 0.0000  max mem: 5175
Train: data epoch: [0]  [200/218]  eta: 0:00:11  lr: 0.000100  loss: 0.0988  time: 0.5448  data: 0.0000  max mem: 5175
Train: data epoch: [0]  [217/218]  eta: 0:00:00  lr: 0.000100  loss: 0.1494  time: 0.5448  data: 0.0000  max mem: 5175
Train: data epoch: [0] Total time: 0:02:12 (0.6066 s / it)
2026-08-22 14:25:08,500 [INFO] AIGIQA-20K: EPOCH[0] -> SRCC 0.7135 PLCC_raw 0.8093 PLCC_mapped 0.8130 KRCC 0.5267 MainScore_official 0.7632
2026-08-22 14:25:08,513 [INFO] Saving checkpoint at epoch 0 to run/20260822142_E2_DCGA_20k/checkpoint_best.pth.
2026-08-22 14:25:08,567 [INFO] Saving checkpoint at epoch 0 to run/20260822142_E2_DCGA_20k/checkpoint_best_joint.pth.
2026-08-22 14:25:08,618 [INFO] Saving checkpoint at epoch 0 to run/20260822142_E2_DCGA_20k/checkpoint_best_main.pth.
2026-08-22 14:25:08,657 [INFO] Start training
2026-08-22 14:25:08,952 [INFO] Start training epoch 1, 218 iters per inner epoch.
2026-08-22 14:27:02,165 [INFO] Averaged stats: lr: 0.000099  loss: 0.136434
2026-08-22 14:27:02,326 [INFO] gates: {"epoch": 1, "raw_quality_ratio": 2.3809, "quality_ratio": 0.0443, "lambda_q": 0.0186, "deviation_mean": 0.8393, "deviation_std": 0.1753, "patch_w_mean": 0.4757, "patch_w_std": 0.0661, "hier_dev_mean": 0.4802, "hier_dev_std": 0.0305, "q_sigma_norm": 3.9473}
2026-08-22 14:27:02,326 [INFO] Evaluating on val.
Train: data epoch: [1]  [  0/218]  eta: 0:08:43  lr: 0.000099  loss: 0.2103  time: 2.4032  data: 0.0001  max mem: 5175
Train: data epoch: [1]  [ 20/218]  eta: 0:01:38  lr: 0.000099  loss: 0.1539  time: 0.4048  data: 0.0000  max mem: 5175
Train: data epoch: [1]  [ 40/218]  eta: 0:01:15  lr: 0.000099  loss: 0.1364  time: 0.3500  data: 0.0000  max mem: 5175
Train: data epoch: [1]  [ 60/218]  eta: 0:01:13  lr: 0.000099  loss: 0.0968  time: 0.5411  data: 0.0000  max mem: 5175
Train: data epoch: [1]  [ 80/218]  eta: 0:01:05  lr: 0.000099  loss: 0.1605  time: 0.5039  data: 0.0000  max mem: 5175
Train: data epoch: [1]  [100/218]  eta: 0:00:57  lr: 0.000099  loss: 0.1327  time: 0.5503  data: 0.0000  max mem: 5175
Train: data epoch: [1]  [120/218]  eta: 0:00:49  lr: 0.000099  loss: 0.1279  time: 0.5626  data: 0.0000  max mem: 5175
Train: data epoch: [1]  [140/218]  eta: 0:00:39  lr: 0.000099  loss: 0.0851  time: 0.5417  data: 0.0000  max mem: 5175
Train: data epoch: [1]  [160/218]  eta: 0:00:29  lr: 0.000099  loss: 0.1494  time: 0.5376  data: 0.0000  max mem: 5175
Train: data epoch: [1]  [180/218]  eta: 0:00:19  lr: 0.000099  loss: 0.1552  time: 0.5403  data: 0.0000  max mem: 5175
Train: data epoch: [1]  [200/218]  eta: 0:00:09  lr: 0.000099  loss: 0.1135  time: 0.5473  data: 0.0000  max mem: 5175
Train: data epoch: [1]  [217/218]  eta: 0:00:00  lr: 0.000099  loss: 0.1146  time: 0.5406  data: 0.0000  max mem: 5175
Train: data epoch: [1] Total time: 0:01:53 (0.5193 s / it)
2026-08-22 14:27:27,991 [INFO] AIGIQA-20K: EPOCH[1] -> SRCC 0.8147 PLCC_raw 0.8783 PLCC_mapped 0.8796 KRCC 0.6275 MainScore_official 0.8471
2026-08-22 14:27:28,059 [INFO] Saving checkpoint at epoch 1 to run/20260822142_E2_DCGA_20k/checkpoint_best_main.pth.
2026-08-22 14:27:28,194 [INFO] Start training
2026-08-22 14:27:28,665 [INFO] Start training epoch 2, 218 iters per inner epoch.
2026-08-22 14:29:29,066 [INFO] Averaged stats: lr: 0.000098  loss: 0.103418
2026-08-22 14:29:29,197 [INFO] gates: {"epoch": 2, "raw_quality_ratio": 2.3564, "quality_ratio": 0.0462, "lambda_q": 0.0196, "deviation_mean": 0.8811, "deviation_std": 0.1813, "patch_w_mean": 0.4395, "patch_w_std": 0.1142, "hier_dev_mean": 0.4897, "hier_dev_std": 0.0302, "q_sigma_norm": 4.0031}
2026-08-22 14:29:29,197 [INFO] Evaluating on val.
Train: data epoch: [2]  [  0/218]  eta: 0:15:57  lr: 0.000098  loss: 0.1250  time: 4.3907  data: 0.0001  max mem: 5175
Train: data epoch: [2]  [ 20/218]  eta: 0:02:31  lr: 0.000098  loss: 0.1139  time: 0.5858  data: 0.0000  max mem: 5175
Train: data epoch: [2]  [ 40/218]  eta: 0:01:49  lr: 0.000098  loss: 0.1400  time: 0.4540  data: 0.0000  max mem: 5175
Train: data epoch: [2]  [ 60/218]  eta: 0:01:28  lr: 0.000098  loss: 0.1717  time: 0.4501  data: 0.0000  max mem: 5175
Train: data epoch: [2]  [ 80/218]  eta: 0:01:15  lr: 0.000098  loss: 0.0840  time: 0.5102  data: 0.0000  max mem: 5175
Train: data epoch: [2]  [100/218]  eta: 0:01:05  lr: 0.000098  loss: 0.0656  time: 0.5896  data: 0.0000  max mem: 5175
Train: data epoch: [2]  [120/218]  eta: 0:00:54  lr: 0.000098  loss: 0.1126  time: 0.5500  data: 0.0000  max mem: 5175
Train: data epoch: [2]  [140/218]  eta: 0:00:43  lr: 0.000098  loss: 0.1001  time: 0.5423  data: 0.0000  max mem: 5175
Train: data epoch: [2]  [160/218]  eta: 0:00:32  lr: 0.000098  loss: 0.1101  time: 0.5474  data: 0.0000  max mem: 5175
Train: data epoch: [2]  [180/218]  eta: 0:00:20  lr: 0.000098  loss: 0.0895  time: 0.5498  data: 0.0000  max mem: 5175
Train: data epoch: [2]  [200/218]  eta: 0:00:09  lr: 0.000098  loss: 0.1011  time: 0.5572  data: 0.0000  max mem: 5175
Train: data epoch: [2]  [217/218]  eta: 0:00:00  lr: 0.000098  loss: 0.0891  time: 0.5467  data: 0.0000  max mem: 5175
Train: data epoch: [2] Total time: 0:02:00 (0.5523 s / it)
2026-08-22 14:29:53,475 [INFO] AIGIQA-20K: EPOCH[2] -> SRCC 0.8371 PLCC_raw 0.8919 PLCC_mapped 0.8927 KRCC 0.6526 MainScore_official 0.8649
2026-08-22 14:29:53,488 [INFO] Saving checkpoint at epoch 2 to run/20260822142_E2_DCGA_20k/checkpoint_best_main.pth.
2026-08-22 14:29:53,542 [INFO] Start training
2026-08-22 14:29:53,842 [INFO] Start training epoch 3, 218 iters per inner epoch.
2026-08-22 14:31:48,546 [INFO] Averaged stats: lr: 0.000095  loss: 0.089950
2026-08-22 14:31:48,669 [INFO] gates: {"epoch": 3, "raw_quality_ratio": 2.31, "quality_ratio": 0.0476, "lambda_q": 0.0206, "deviation_mean": 0.8405, "deviation_std": 0.2128, "patch_w_mean": 0.3437, "patch_w_std": 0.1499, "hier_dev_mean": 0.4922, "hier_dev_std": 0.0289, "q_sigma_norm": 4.0542}
2026-08-22 14:31:48,670 [INFO] Evaluating on val.
Train: data epoch: [3]  [  0/218]  eta: 0:09:34  lr: 0.000095  loss: 0.0719  time: 2.6360  data: 0.0001  max mem: 5175
Train: data epoch: [3]  [ 20/218]  eta: 0:01:51  lr: 0.000095  loss: 0.0985  time: 0.4601  data: 0.0000  max mem: 5175
Train: data epoch: [3]  [ 40/218]  eta: 0:01:23  lr: 0.000095  loss: 0.0978  time: 0.3700  data: 0.0000  max mem: 5175
Train: data epoch: [3]  [ 60/218]  eta: 0:01:14  lr: 0.000095  loss: 0.0911  time: 0.4832  data: 0.0000  max mem: 5175
Train: data epoch: [3]  [ 80/218]  eta: 0:01:05  lr: 0.000095  loss: 0.1120  time: 0.4804  data: 0.0000  max mem: 5175
Train: data epoch: [3]  [100/218]  eta: 0:00:58  lr: 0.000095  loss: 0.0506  time: 0.5600  data: 0.0000  max mem: 5175
Train: data epoch: [3]  [120/218]  eta: 0:00:49  lr: 0.000095  loss: 0.0762  time: 0.5999  data: 0.0000  max mem: 5175
Train: data epoch: [3]  [140/218]  eta: 0:00:40  lr: 0.000095  loss: 0.0999  time: 0.5507  data: 0.0000  max mem: 5175
Train: data epoch: [3]  [160/218]  eta: 0:00:30  lr: 0.000095  loss: 0.0823  time: 0.5427  data: 0.0000  max mem: 5175
Train: data epoch: [3]  [180/218]  eta: 0:00:19  lr: 0.000095  loss: 0.1009  time: 0.5409  data: 0.0000  max mem: 5175
Train: data epoch: [3]  [200/218]  eta: 0:00:09  lr: 0.000095  loss: 0.0744  time: 0.5487  data: 0.0000  max mem: 5175
Train: data epoch: [3]  [217/218]  eta: 0:00:00  lr: 0.000095  loss: 0.0796  time: 0.5490  data: 0.0000  max mem: 5175
Train: data epoch: [3] Total time: 0:01:54 (0.5262 s / it)
2026-08-22 14:32:14,205 [INFO] AIGIQA-20K: EPOCH[3] -> SRCC 0.8493 PLCC_raw 0.8988 PLCC_mapped 0.9001 KRCC 0.6660 MainScore_official 0.8747
2026-08-22 14:32:14,217 [INFO] Saving checkpoint at epoch 3 to run/20260822142_E2_DCGA_20k/checkpoint_best_main.pth.
2026-08-22 14:32:14,279 [INFO] Start training
2026-08-22 14:32:14,626 [INFO] Start training epoch 4, 218 iters per inner epoch.
2026-08-22 14:34:09,847 [INFO] Averaged stats: lr: 0.000091  loss: 0.082132
2026-08-22 14:34:09,997 [INFO] gates: {"epoch": 4, "raw_quality_ratio": 2.2939, "quality_ratio": 0.0496, "lambda_q": 0.0216, "deviation_mean": 0.7454, "deviation_std": 0.1741, "patch_w_mean": 0.2702, "patch_w_std": 0.1573, "hier_dev_mean": 0.4903, "hier_dev_std": 0.0313, "q_sigma_norm": 4.0743}
2026-08-22 14:34:09,997 [INFO] Evaluating on val.
Train: data epoch: [4]  [  0/218]  eta: 0:13:37  lr: 0.000091  loss: 0.1338  time: 3.7506  data: 0.0001  max mem: 5175
Train: data epoch: [4]  [ 20/218]  eta: 0:02:19  lr: 0.000091  loss: 0.0824  time: 0.5534  data: 0.0000  max mem: 5175
Train: data epoch: [4]  [ 40/218]  eta: 0:01:26  lr: 0.000091  loss: 0.0619  time: 0.2553  data: 0.0000  max mem: 5175
Train: data epoch: [4]  [ 60/218]  eta: 0:01:16  lr: 0.000091  loss: 0.0492  time: 0.4757  data: 0.0000  max mem: 5175
Train: data epoch: [4]  [ 80/218]  eta: 0:01:09  lr: 0.000091  loss: 0.0628  time: 0.5577  data: 0.0000  max mem: 5175
Train: data epoch: [4]  [100/218]  eta: 0:00:58  lr: 0.000091  loss: 0.0685  time: 0.4816  data: 0.0000  max mem: 5175
Train: data epoch: [4]  [120/218]  eta: 0:00:49  lr: 0.000091  loss: 0.0756  time: 0.5565  data: 0.0000  max mem: 5175
Train: data epoch: [4]  [140/218]  eta: 0:00:40  lr: 0.000091  loss: 0.0675  time: 0.5584  data: 0.0000  max mem: 5175
Train: data epoch: [4]  [160/218]  eta: 0:00:30  lr: 0.000091  loss: 0.0757  time: 0.5797  data: 0.0000  max mem: 5175
Train: data epoch: [4]  [180/218]  eta: 0:00:19  lr: 0.000091  loss: 0.0583  time: 0.5442  data: 0.0000  max mem: 5175
Train: data epoch: [4]  [200/218]  eta: 0:00:09  lr: 0.000091  loss: 0.0722  time: 0.5435  data: 0.0000  max mem: 5175
Train: data epoch: [4]  [217/218]  eta: 0:00:00  lr: 0.000091  loss: 0.0619  time: 0.5483  data: 0.0000  max mem: 5175
Train: data epoch: [4] Total time: 0:01:55 (0.5285 s / it)
2026-08-22 14:34:36,206 [INFO] AIGIQA-20K: EPOCH[4] -> SRCC 0.8462 PLCC_raw 0.8994 PLCC_mapped 0.9001 KRCC 0.6630 MainScore_official 0.8732
2026-08-22 14:34:36,207 [INFO] Start training
2026-08-22 14:34:36,523 [INFO] Start training epoch 5, 218 iters per inner epoch.
2026-08-22 14:36:36,010 [INFO] Averaged stats: lr: 0.000086  loss: 0.076437
2026-08-22 14:36:36,122 [INFO] gates: {"epoch": 5, "raw_quality_ratio": 2.3187, "quality_ratio": 0.0526, "lambda_q": 0.0227, "deviation_mean": 0.891, "deviation_std": 0.1985, "patch_w_mean": 0.226, "patch_w_std": 0.1622, "hier_dev_mean": 0.4913, "hier_dev_std": 0.0325, "q_sigma_norm": 4.088}
2026-08-22 14:36:36,122 [INFO] Evaluating on val.
Train: data epoch: [5]  [  0/218]  eta: 0:16:26  lr: 0.000086  loss: 0.0585  time: 4.5271  data: 0.0001  max mem: 5175
Train: data epoch: [5]  [ 20/218]  eta: 0:02:31  lr: 0.000086  loss: 0.0786  time: 0.5772  data: 0.0000  max mem: 5175
Train: data epoch: [5]  [ 40/218]  eta: 0:01:51  lr: 0.000086  loss: 0.0587  time: 0.4806  data: 0.0000  max mem: 5175
Train: data epoch: [5]  [ 60/218]  eta: 0:01:27  lr: 0.000086  loss: 0.0747  time: 0.4073  data: 0.0000  max mem: 5175
Train: data epoch: [5]  [ 80/218]  eta: 0:01:16  lr: 0.000086  loss: 0.0812  time: 0.5493  data: 0.0000  max mem: 5175
Train: data epoch: [5]  [100/218]  eta: 0:01:04  lr: 0.000086  loss: 0.0707  time: 0.5265  data: 0.0000  max mem: 5175
Train: data epoch: [5]  [120/218]  eta: 0:00:53  lr: 0.000086  loss: 0.0441  time: 0.5141  data: 0.0000  max mem: 5175
Train: data epoch: [5]  [140/218]  eta: 0:00:42  lr: 0.000086  loss: 0.0812  time: 0.5899  data: 0.0000  max mem: 5175
Train: data epoch: [5]  [160/218]  eta: 0:00:31  lr: 0.000086  loss: 0.0966  time: 0.5524  data: 0.0000  max mem: 5175
Train: data epoch: [5]  [180/218]  eta: 0:00:20  lr: 0.000086  loss: 0.1072  time: 0.5449  data: 0.0000  max mem: 5175
Train: data epoch: [5]  [200/218]  eta: 0:00:09  lr: 0.000086  loss: 0.0733  time: 0.5409  data: 0.0000  max mem: 5175
Train: data epoch: [5]  [217/218]  eta: 0:00:00  lr: 0.000086  loss: 0.1125  time: 0.5459  data: 0.0000  max mem: 5175
Train: data epoch: [5] Total time: 0:01:59 (0.5481 s / it)
2026-08-22 14:37:00,785 [INFO] AIGIQA-20K: EPOCH[5] -> SRCC 0.8549 PLCC_raw 0.9038 PLCC_mapped 0.9044 KRCC 0.6730 MainScore_official 0.8796
2026-08-22 14:37:00,800 [INFO] Saving checkpoint at epoch 5 to run/20260822142_E2_DCGA_20k/checkpoint_best_main.pth.
2026-08-22 14:37:00,859 [INFO] Start training
2026-08-22 14:37:01,169 [INFO] Start training epoch 6, 218 iters per inner epoch.
2026-08-22 14:38:59,239 [INFO] Averaged stats: lr: 0.000080  loss: 0.071036
2026-08-22 14:38:59,351 [INFO] gates: {"epoch": 6, "raw_quality_ratio": 2.268, "quality_ratio": 0.0537, "lambda_q": 0.0237, "deviation_mean": 0.8416, "deviation_std": 0.1899, "patch_w_mean": 0.1756, "patch_w_std": 0.1496, "hier_dev_mean": 0.4879, "hier_dev_std": 0.0336, "q_sigma_norm": 4.0572}
2026-08-22 14:38:59,352 [INFO] Evaluating on val.
Train: data epoch: [6]  [  0/218]  eta: 0:11:34  lr: 0.000080  loss: 0.0593  time: 3.1852  data: 0.0001  max mem: 5175
Train: data epoch: [6]  [ 20/218]  eta: 0:02:09  lr: 0.000080  loss: 0.0577  time: 0.5301  data: 0.0000  max mem: 5175
Train: data epoch: [6]  [ 40/218]  eta: 0:01:38  lr: 0.000080  loss: 0.0752  time: 0.4398  data: 0.0000  max mem: 5175
Train: data epoch: [6]  [ 60/218]  eta: 0:01:25  lr: 0.000080  loss: 0.0543  time: 0.5149  data: 0.0000  max mem: 5175
Train: data epoch: [6]  [ 80/218]  eta: 0:01:11  lr: 0.000080  loss: 0.0808  time: 0.4402  data: 0.0000  max mem: 5175
Train: data epoch: [6]  [100/218]  eta: 0:01:02  lr: 0.000080  loss: 0.0693  time: 0.5912  data: 0.0000  max mem: 5175
Train: data epoch: [6]  [120/218]  eta: 0:00:51  lr: 0.000080  loss: 0.0613  time: 0.4985  data: 0.0000  max mem: 5175
Train: data epoch: [6]  [140/218]  eta: 0:00:40  lr: 0.000080  loss: 0.0764  time: 0.5250  data: 0.0000  max mem: 5175
Train: data epoch: [6]  [160/218]  eta: 0:00:30  lr: 0.000080  loss: 0.0514  time: 0.5847  data: 0.0000  max mem: 5175
Train: data epoch: [6]  [180/218]  eta: 0:00:20  lr: 0.000080  loss: 0.0560  time: 0.5652  data: 0.0000  max mem: 5175
Train: data epoch: [6]  [200/218]  eta: 0:00:09  lr: 0.000080  loss: 0.0793  time: 0.5827  data: 0.0000  max mem: 5175
Train: data epoch: [6]  [217/218]  eta: 0:00:00  lr: 0.000080  loss: 0.0854  time: 0.5591  data: 0.0000  max mem: 5175
Train: data epoch: [6] Total time: 0:01:58 (0.5416 s / it)
2026-08-22 14:39:25,397 [INFO] AIGIQA-20K: EPOCH[6] -> SRCC 0.8579 PLCC_raw 0.9041 PLCC_mapped 0.9059 KRCC 0.6764 MainScore_official 0.8819
2026-08-22 14:39:25,411 [INFO] Saving checkpoint at epoch 6 to run/20260822142_E2_DCGA_20k/checkpoint_best_main.pth.
2026-08-22 14:39:25,485 [INFO] Start training
2026-08-22 14:39:25,801 [INFO] Start training epoch 7, 218 iters per inner epoch.
2026-08-22 14:41:24,770 [INFO] Averaged stats: lr: 0.000073  loss: 0.067684
2026-08-22 14:41:24,908 [INFO] gates: {"epoch": 7, "raw_quality_ratio": 2.3406, "quality_ratio": 0.0576, "lambda_q": 0.0246, "deviation_mean": 0.8673, "deviation_std": 0.195, "patch_w_mean": 0.1386, "patch_w_std": 0.1366, "hier_dev_mean": 0.4831, "hier_dev_std": 0.0367, "q_sigma_norm": 4.0562}
2026-08-22 14:41:24,909 [INFO] Evaluating on val.
Train: data epoch: [7]  [  0/218]  eta: 0:14:00  lr: 0.000073  loss: 0.0465  time: 3.8557  data: 0.0002  max mem: 5175
Train: data epoch: [7]  [ 20/218]  eta: 0:02:16  lr: 0.000073  loss: 0.0524  time: 0.5299  data: 0.0000  max mem: 5175
Train: data epoch: [7]  [ 40/218]  eta: 0:01:46  lr: 0.000073  loss: 0.0939  time: 0.5047  data: 0.0000  max mem: 5175
Train: data epoch: [7]  [ 60/218]  eta: 0:01:32  lr: 0.000073  loss: 0.0894  time: 0.5495  data: 0.0000  max mem: 5175
Train: data epoch: [7]  [ 80/218]  eta: 0:01:15  lr: 0.000073  loss: 0.1005  time: 0.4456  data: 0.0000  max mem: 5175
Train: data epoch: [7]  [100/218]  eta: 0:01:03  lr: 0.000073  loss: 0.0570  time: 0.5100  data: 0.0000  max mem: 5175
Train: data epoch: [7]  [120/218]  eta: 0:00:53  lr: 0.000073  loss: 0.0741  time: 0.5564  data: 0.0000  max mem: 5175
Train: data epoch: [7]  [140/218]  eta: 0:00:41  lr: 0.000073  loss: 0.0712  time: 0.4484  data: 0.0000  max mem: 5175
Train: data epoch: [7]  [160/218]  eta: 0:00:31  lr: 0.000073  loss: 0.0590  time: 0.5749  data: 0.0000  max mem: 5175
Train: data epoch: [7]  [180/218]  eta: 0:00:20  lr: 0.000073  loss: 0.0628  time: 0.5900  data: 0.0000  max mem: 5175
Train: data epoch: [7]  [200/218]  eta: 0:00:09  lr: 0.000073  loss: 0.0677  time: 0.5830  data: 0.0000  max mem: 5175
Train: data epoch: [7]  [217/218]  eta: 0:00:00  lr: 0.000073  loss: 0.0634  time: 0.5457  data: 0.0000  max mem: 5175
Train: data epoch: [7] Total time: 0:01:58 (0.5457 s / it)
2026-08-22 14:41:49,294 [INFO] AIGIQA-20K: EPOCH[7] -> SRCC 0.8587 PLCC_raw 0.9057 PLCC_mapped 0.9066 KRCC 0.6773 MainScore_official 0.8826
2026-08-22 14:41:49,312 [INFO] Saving checkpoint at epoch 7 to run/20260822142_E2_DCGA_20k/checkpoint_best_main.pth.
2026-08-22 14:41:49,376 [INFO] Start training
2026-08-22 14:41:49,762 [INFO] Start training epoch 8, 218 iters per inner epoch.
2026-08-22 14:43:47,903 [INFO] Averaged stats: lr: 0.000066  loss: 0.063661
2026-08-22 14:43:48,041 [INFO] gates: {"epoch": 8, "raw_quality_ratio": 2.3115, "quality_ratio": 0.0592, "lambda_q": 0.0256, "deviation_mean": 0.8353, "deviation_std": 0.1983, "patch_w_mean": 0.1041, "patch_w_std": 0.1157, "hier_dev_mean": 0.4845, "hier_dev_std": 0.0381, "q_sigma_norm": 4.0478}
2026-08-22 14:43:48,041 [INFO] Evaluating on val.
Train: data epoch: [8]  [  0/218]  eta: 0:16:22  lr: 0.000066  loss: 0.0632  time: 4.5057  data: 0.0002  max mem: 5175
Train: data epoch: [8]  [ 20/218]  eta: 0:02:17  lr: 0.000066  loss: 0.0479  time: 0.5043  data: 0.0000  max mem: 5175
Train: data epoch: [8]  [ 40/218]  eta: 0:01:47  lr: 0.000066  loss: 0.0598  time: 0.5104  data: 0.0000  max mem: 5175
Train: data epoch: [8]  [ 60/218]  eta: 0:01:32  lr: 0.000066  loss: 0.0769  time: 0.5396  data: 0.0000  max mem: 5175
Train: data epoch: [8]  [ 80/218]  eta: 0:01:18  lr: 0.000066  loss: 0.0715  time: 0.5149  data: 0.0000  max mem: 5175
Train: data epoch: [8]  [100/218]  eta: 0:01:03  lr: 0.000066  loss: 0.0722  time: 0.4400  data: 0.0000  max mem: 5175
Train: data epoch: [8]  [120/218]  eta: 0:00:53  lr: 0.000066  loss: 0.0831  time: 0.5870  data: 0.0000  max mem: 5175
Train: data epoch: [8]  [140/218]  eta: 0:00:41  lr: 0.000066  loss: 0.0493  time: 0.4629  data: 0.0000  max mem: 5175
Train: data epoch: [8]  [160/218]  eta: 0:00:30  lr: 0.000066  loss: 0.0765  time: 0.5100  data: 0.0000  max mem: 5175
Train: data epoch: [8]  [180/218]  eta: 0:00:20  lr: 0.000066  loss: 0.0412  time: 0.5800  data: 0.0000  max mem: 5175
Train: data epoch: [8]  [200/218]  eta: 0:00:09  lr: 0.000066  loss: 0.0541  time: 0.5652  data: 0.0000  max mem: 5175
Train: data epoch: [8]  [217/218]  eta: 0:00:00  lr: 0.000066  loss: 0.0614  time: 0.5495  data: 0.0000  max mem: 5175
Train: data epoch: [8] Total time: 0:01:58 (0.5419 s / it)
2026-08-22 14:44:13,602 [INFO] AIGIQA-20K: EPOCH[8] -> SRCC 0.8569 PLCC_raw 0.9053 PLCC_mapped 0.9057 KRCC 0.6752 MainScore_official 0.8813
2026-08-22 14:44:13,603 [INFO] Start training
2026-08-22 14:44:13,978 [INFO] Start training epoch 9, 218 iters per inner epoch.
2026-08-22 14:46:08,328 [INFO] Averaged stats: lr: 0.000058  loss: 0.060022
2026-08-22 14:46:08,456 [INFO] gates: {"epoch": 9, "raw_quality_ratio": 2.3624, "quality_ratio": 0.0627, "lambda_q": 0.0266, "deviation_mean": 0.9489, "deviation_std": 0.2177, "patch_w_mean": 0.096, "patch_w_std": 0.1126, "hier_dev_mean": 0.484, "hier_dev_std": 0.0374, "q_sigma_norm": 4.0402}
2026-08-22 14:46:08,456 [INFO] Evaluating on val.
Train: data epoch: [9]  [  0/218]  eta: 0:14:27  lr: 0.000058  loss: 0.0434  time: 3.9781  data: 0.0001  max mem: 5175
Train: data epoch: [9]  [ 20/218]  eta: 0:02:20  lr: 0.000058  loss: 0.0487  time: 0.5448  data: 0.0000  max mem: 5175
Train: data epoch: [9]  [ 40/218]  eta: 0:01:39  lr: 0.000058  loss: 0.0519  time: 0.4050  data: 0.0000  max mem: 5175
Train: data epoch: [9]  [ 60/218]  eta: 0:01:26  lr: 0.000058  loss: 0.0526  time: 0.5301  data: 0.0000  max mem: 5175
Train: data epoch: [9]  [ 80/218]  eta: 0:01:16  lr: 0.000058  loss: 0.0951  time: 0.5553  data: 0.0000  max mem: 5175
Train: data epoch: [9]  [100/218]  eta: 0:01:02  lr: 0.000058  loss: 0.0488  time: 0.4395  data: 0.0000  max mem: 5175
Train: data epoch: [9]  [120/218]  eta: 0:00:50  lr: 0.000058  loss: 0.0444  time: 0.4403  data: 0.0000  max mem: 5175
Train: data epoch: [9]  [140/218]  eta: 0:00:40  lr: 0.000058  loss: 0.0568  time: 0.5738  data: 0.0000  max mem: 5175
Train: data epoch: [9]  [160/218]  eta: 0:00:29  lr: 0.000058  loss: 0.0617  time: 0.4357  data: 0.0000  max mem: 5175
Train: data epoch: [9]  [180/218]  eta: 0:00:19  lr: 0.000058  loss: 0.0662  time: 0.5450  data: 0.0000  max mem: 5175
Train: data epoch: [9]  [200/218]  eta: 0:00:09  lr: 0.000058  loss: 0.0515  time: 0.5833  data: 0.0000  max mem: 5175
Train: data epoch: [9]  [217/218]  eta: 0:00:00  lr: 0.000058  loss: 0.0597  time: 0.5487  data: 0.0000  max mem: 5175
Train: data epoch: [9] Total time: 0:01:54 (0.5245 s / it)
2026-08-22 14:46:36,086 [INFO] AIGIQA-20K: EPOCH[9] -> SRCC 0.8580 PLCC_raw 0.9053 PLCC_mapped 0.9069 KRCC 0.6767 MainScore_official 0.8825
2026-08-22 14:46:36,087 [INFO] Start training
2026-08-22 14:46:36,758 [INFO] Start training epoch 10, 218 iters per inner epoch.
2026-08-22 14:48:34,087 [INFO] Averaged stats: lr: 0.000051  loss: 0.057257
2026-08-22 14:48:34,236 [INFO] gates: {"epoch": 10, "raw_quality_ratio": 2.3643, "quality_ratio": 0.065, "lambda_q": 0.0275, "deviation_mean": 0.8805, "deviation_std": 0.2127, "patch_w_mean": 0.071, "patch_w_std": 0.0934, "hier_dev_mean": 0.483, "hier_dev_std": 0.0372, "q_sigma_norm": 4.0234}
2026-08-22 14:48:34,237 [INFO] Evaluating on val.
Train: data epoch: [10]  [  0/218]  eta: 0:23:36  lr: 0.000051  loss: 0.0673  time: 6.4971  data: 0.0001  max mem: 5175
Train: data epoch: [10]  [ 20/218]  eta: 0:02:47  lr: 0.000051  loss: 0.0396  time: 0.5650  data: 0.0000  max mem: 5175
Train: data epoch: [10]  [ 40/218]  eta: 0:02:00  lr: 0.000051  loss: 0.0533  time: 0.4999  data: 0.0000  max mem: 5175
Train: data epoch: [10]  [ 60/218]  eta: 0:01:33  lr: 0.000051  loss: 0.0484  time: 0.4099  data: 0.0000  max mem: 5175
Train: data epoch: [10]  [ 80/218]  eta: 0:01:19  lr: 0.000051  loss: 0.0553  time: 0.5464  data: 0.0000  max mem: 5175
Train: data epoch: [10]  [100/218]  eta: 0:01:04  lr: 0.000051  loss: 0.0413  time: 0.4285  data: 0.0000  max mem: 5175
Train: data epoch: [10]  [120/218]  eta: 0:00:52  lr: 0.000051  loss: 0.0579  time: 0.4850  data: 0.0000  max mem: 5175
Train: data epoch: [10]  [140/218]  eta: 0:00:42  lr: 0.000051  loss: 0.0534  time: 0.5731  data: 0.0000  max mem: 5175
Train: data epoch: [10]  [160/218]  eta: 0:00:30  lr: 0.000051  loss: 0.0488  time: 0.4318  data: 0.0000  max mem: 5175
Train: data epoch: [10]  [180/218]  eta: 0:00:20  lr: 0.000051  loss: 0.0402  time: 0.5599  data: 0.0000  max mem: 5175
Train: data epoch: [10]  [200/218]  eta: 0:00:09  lr: 0.000051  loss: 0.0562  time: 0.5750  data: 0.0000  max mem: 5175
Train: data epoch: [10]  [217/218]  eta: 0:00:00  lr: 0.000051  loss: 0.0507  time: 0.5503  data: 0.0000  max mem: 5175
Train: data epoch: [10] Total time: 0:01:57 (0.5382 s / it)
2026-08-22 14:49:04,297 [INFO] AIGIQA-20K: EPOCH[10] -> SRCC 0.8575 PLCC_raw 0.9046 PLCC_mapped 0.9056 KRCC 0.6757 MainScore_official 0.8816
2026-08-22 14:49:04,314 [INFO] Saving checkpoint at epoch 10 to run/20260822142_E2_DCGA_20k/checkpoint_latest.pth.
2026-08-22 14:49:04,368 [INFO] Start training
2026-08-22 14:49:04,764 [INFO] Start training epoch 11, 218 iters per inner epoch.
2026-08-22 14:51:05,544 [INFO] Averaged stats: lr: 0.000043  loss: 0.054508
2026-08-22 14:51:05,707 [INFO] gates: {"epoch": 11, "raw_quality_ratio": 2.331, "quality_ratio": 0.0658, "lambda_q": 0.0282, "deviation_mean": 0.9959, "deviation_std": 0.2204, "patch_w_mean": 0.0755, "patch_w_std": 0.0991, "hier_dev_mean": 0.4846, "hier_dev_std": 0.0363, "q_sigma_norm": 4.0079}
2026-08-22 14:51:05,707 [INFO] Evaluating on val.
Train: data epoch: [11]  [  0/218]  eta: 0:21:02  lr: 0.000043  loss: 0.0588  time: 5.7910  data: 0.0001  max mem: 5175
Train: data epoch: [11]  [ 20/218]  eta: 0:02:49  lr: 0.000043  loss: 0.0593  time: 0.6073  data: 0.0000  max mem: 5175
Train: data epoch: [11]  [ 40/218]  eta: 0:02:08  lr: 0.000043  loss: 0.0454  time: 0.5844  data: 0.0000  max mem: 5175
Train: data epoch: [11]  [ 60/218]  eta: 0:01:40  lr: 0.000043  loss: 0.0515  time: 0.4557  data: 0.0000  max mem: 5175
Train: data epoch: [11]  [ 80/218]  eta: 0:01:24  lr: 0.000043  loss: 0.0447  time: 0.5391  data: 0.0000  max mem: 5175
Train: data epoch: [11]  [100/218]  eta: 0:01:07  lr: 0.000043  loss: 0.0573  time: 0.4008  data: 0.0000  max mem: 5175
Train: data epoch: [11]  [120/218]  eta: 0:00:56  lr: 0.000043  loss: 0.0382  time: 0.5866  data: 0.0000  max mem: 5175
Train: data epoch: [11]  [140/218]  eta: 0:00:43  lr: 0.000043  loss: 0.0477  time: 0.5034  data: 0.0000  max mem: 5175
Train: data epoch: [11]  [160/218]  eta: 0:00:32  lr: 0.000043  loss: 0.0410  time: 0.4899  data: 0.0000  max mem: 5175
Train: data epoch: [11]  [180/218]  eta: 0:00:21  lr: 0.000043  loss: 0.0862  time: 0.5470  data: 0.0000  max mem: 5175
Train: data epoch: [11]  [200/218]  eta: 0:00:09  lr: 0.000043  loss: 0.0473  time: 0.5652  data: 0.0000  max mem: 5175
Train: data epoch: [11]  [217/218]  eta: 0:00:00  lr: 0.000043  loss: 0.0467  time: 0.5481  data: 0.0000  max mem: 5175
Train: data epoch: [11] Total time: 0:02:00 (0.5540 s / it)
2026-08-22 14:51:36,979 [INFO] AIGIQA-20K: EPOCH[11] -> SRCC 0.8570 PLCC_raw 0.9045 PLCC_mapped 0.9057 KRCC 0.6754 MainScore_official 0.8813
2026-08-22 14:51:36,980 [INFO] Start training
2026-08-22 14:51:37,572 [INFO] Start training epoch 12, 218 iters per inner epoch.
2026-08-22 14:53:39,660 [INFO] Averaged stats: lr: 0.000035  loss: 0.052161
2026-08-22 14:53:39,795 [INFO] gates: {"epoch": 12, "raw_quality_ratio": 2.4511, "quality_ratio": 0.0709, "lambda_q": 0.0289, "deviation_mean": 0.9454, "deviation_std": 0.2125, "patch_w_mean": 0.0648, "patch_w_std": 0.0925, "hier_dev_mean": 0.48, "hier_dev_std": 0.0391, "q_sigma_norm": 4.005}
2026-08-22 14:53:39,795 [INFO] Evaluating on val.
Train: data epoch: [12]  [  0/218]  eta: 0:22:27  lr: 0.000035  loss: 0.0432  time: 6.1831  data: 0.0001  max mem: 5175
Train: data epoch: [12]  [ 20/218]  eta: 0:02:43  lr: 0.000035  loss: 0.0349  time: 0.5599  data: 0.0000  max mem: 5175
Train: data epoch: [12]  [ 40/218]  eta: 0:02:03  lr: 0.000035  loss: 0.0383  time: 0.5500  data: 0.0000  max mem: 5175
Train: data epoch: [12]  [ 60/218]  eta: 0:01:38  lr: 0.000035  loss: 0.0494  time: 0.4887  data: 0.0000  max mem: 5175
Train: data epoch: [12]  [ 80/218]  eta: 0:01:20  lr: 0.000035  loss: 0.0512  time: 0.4513  data: 0.0000  max mem: 5175
Train: data epoch: [12]  [100/218]  eta: 0:01:07  lr: 0.000035  loss: 0.0621  time: 0.5149  data: 0.0000  max mem: 5175
Train: data epoch: [12]  [120/218]  eta: 0:00:55  lr: 0.000035  loss: 0.0411  time: 0.5766  data: 0.0000  max mem: 5175
Train: data epoch: [12]  [140/218]  eta: 0:00:43  lr: 0.000035  loss: 0.0503  time: 0.4733  data: 0.0000  max mem: 5175
Train: data epoch: [12]  [160/218]  eta: 0:00:32  lr: 0.000035  loss: 0.0588  time: 0.5849  data: 0.0000  max mem: 5175
Train: data epoch: [12]  [180/218]  eta: 0:00:21  lr: 0.000035  loss: 0.0646  time: 0.5450  data: 0.0000  max mem: 5175
Train: data epoch: [12]  [200/218]  eta: 0:00:10  lr: 0.000035  loss: 0.0464  time: 0.5828  data: 0.0000  max mem: 5175
Train: data epoch: [12]  [217/218]  eta: 0:00:00  lr: 0.000035  loss: 0.0474  time: 0.5452  data: 0.0000  max mem: 5175
Train: data epoch: [12] Total time: 0:02:02 (0.5600 s / it)
2026-08-22 14:54:06,689 [INFO] AIGIQA-20K: EPOCH[12] -> SRCC 0.8558 PLCC_raw 0.9043 PLCC_mapped 0.9053 KRCC 0.6741 MainScore_official 0.8806
2026-08-22 14:54:06,691 [INFO] Start training
2026-08-22 14:54:07,309 [INFO] Start training epoch 13, 218 iters per inner epoch.
2026-08-22 14:56:11,533 [INFO] Averaged stats: lr: 0.000028  loss: 0.049830
2026-08-22 14:56:11,637 [INFO] gates: {"epoch": 13, "raw_quality_ratio": 2.3286, "quality_ratio": 0.0689, "lambda_q": 0.0296, "deviation_mean": 0.9414, "deviation_std": 0.2223, "patch_w_mean": 0.0579, "patch_w_std": 0.0842, "hier_dev_mean": 0.4843, "hier_dev_std": 0.037, "q_sigma_norm": 3.9916}
2026-08-22 14:56:11,638 [INFO] Evaluating on val.
Train: data epoch: [13]  [  0/218]  eta: 0:31:03  lr: 0.000028  loss: 0.0645  time: 8.5474  data: 0.0002  max mem: 5175
Train: data epoch: [13]  [ 20/218]  eta: 0:03:10  lr: 0.000028  loss: 0.0429  time: 0.5805  data: 0.0000  max mem: 5175
Train: data epoch: [13]  [ 40/218]  eta: 0:02:07  lr: 0.000028  loss: 0.0373  time: 0.4642  data: 0.0000  max mem: 5175
Train: data epoch: [13]  [ 60/218]  eta: 0:01:42  lr: 0.000028  loss: 0.0555  time: 0.5050  data: 0.0000  max mem: 5175
Train: data epoch: [13]  [ 80/218]  eta: 0:01:21  lr: 0.000028  loss: 0.0616  time: 0.4049  data: 0.0000  max mem: 5175
Train: data epoch: [13]  [100/218]  eta: 0:01:09  lr: 0.000028  loss: 0.0451  time: 0.5847  data: 0.0000  max mem: 5175
Train: data epoch: [13]  [120/218]  eta: 0:00:56  lr: 0.000028  loss: 0.0495  time: 0.5153  data: 0.0000  max mem: 5175
Train: data epoch: [13]  [140/218]  eta: 0:00:44  lr: 0.000028  loss: 0.0533  time: 0.5249  data: 0.0000  max mem: 5175
Train: data epoch: [13]  [160/218]  eta: 0:00:33  lr: 0.000028  loss: 0.0452  time: 0.5900  data: 0.0000  max mem: 5175
Train: data epoch: [13]  [180/218]  eta: 0:00:21  lr: 0.000028  loss: 0.0401  time: 0.5653  data: 0.0000  max mem: 5175
Train: data epoch: [13]  [200/218]  eta: 0:00:10  lr: 0.000028  loss: 0.0511  time: 0.5839  data: 0.0000  max mem: 5175
Train: data epoch: [13]  [217/218]  eta: 0:00:00  lr: 0.000028  loss: 0.0445  time: 0.5482  data: 0.0000  max mem: 5175
Train: data epoch: [13] Total time: 0:02:04 (0.5698 s / it)
2026-08-22 14:56:36,074 [INFO] AIGIQA-20K: EPOCH[13] -> SRCC 0.8554 PLCC_raw 0.9043 PLCC_mapped 0.9050 KRCC 0.6734 MainScore_official 0.8802
2026-08-22 14:56:36,075 [INFO] Start training
2026-08-22 14:56:36,458 [INFO] Start training epoch 14, 218 iters per inner epoch.
2026-08-22 14:58:35,264 [INFO] Averaged stats: lr: 0.000021  loss: 0.048226
2026-08-22 14:58:35,413 [INFO] gates: {"epoch": 14, "raw_quality_ratio": 2.3921, "quality_ratio": 0.0721, "lambda_q": 0.0301, "deviation_mean": 0.9771, "deviation_std": 0.2218, "patch_w_mean": 0.0585, "patch_w_std": 0.0827, "hier_dev_mean": 0.4836, "hier_dev_std": 0.038, "q_sigma_norm": 4.0023}
2026-08-22 14:58:35,414 [INFO] Evaluating on val.
Train: data epoch: [14]  [  0/218]  eta: 0:20:20  lr: 0.000021  loss: 0.0453  time: 5.5972  data: 0.0002  max mem: 5175
Train: data epoch: [14]  [ 20/218]  eta: 0:02:32  lr: 0.000021  loss: 0.0415  time: 0.5301  data: 0.0000  max mem: 5175
Train: data epoch: [14]  [ 40/218]  eta: 0:01:58  lr: 0.000021  loss: 0.0488  time: 0.5547  data: 0.0000  max mem: 5175
Train: data epoch: [14]  [ 60/218]  eta: 0:01:39  lr: 0.000021  loss: 0.0411  time: 0.5584  data: 0.0000  max mem: 5175
Train: data epoch: [14]  [ 80/218]  eta: 0:01:18  lr: 0.000021  loss: 0.0698  time: 0.3915  data: 0.0000  max mem: 5175
Train: data epoch: [14]  [100/218]  eta: 0:01:05  lr: 0.000021  loss: 0.0412  time: 0.5050  data: 0.0000  max mem: 5175
Train: data epoch: [14]  [120/218]  eta: 0:00:54  lr: 0.000021  loss: 0.0470  time: 0.5621  data: 0.0000  max mem: 5175
Train: data epoch: [14]  [140/218]  eta: 0:00:42  lr: 0.000021  loss: 0.0571  time: 0.4228  data: 0.0000  max mem: 5175
Train: data epoch: [14]  [160/218]  eta: 0:00:30  lr: 0.000021  loss: 0.0558  time: 0.4951  data: 0.0000  max mem: 5175
Train: data epoch: [14]  [180/218]  eta: 0:00:20  lr: 0.000021  loss: 0.0485  time: 0.5999  data: 0.0000  max mem: 5175
Train: data epoch: [14]  [200/218]  eta: 0:00:09  lr: 0.000021  loss: 0.0396  time: 0.5739  data: 0.0000  max mem: 5175
Train: data epoch: [14]  [217/218]  eta: 0:00:00  lr: 0.000021  loss: 0.0383  time: 0.5520  data: 0.0000  max mem: 5175
Train: data epoch: [14] Total time: 0:01:58 (0.5450 s / it)
2026-08-22 14:58:58,590 [INFO] AIGIQA-20K: EPOCH[14] -> SRCC 0.8545 PLCC_raw 0.9025 PLCC_mapped 0.9044 KRCC 0.6724 MainScore_official 0.8794
2026-08-22 14:58:58,591 [INFO] Start training
2026-08-22 14:58:58,971 [INFO] Start training epoch 15, 218 iters per inner epoch.
2026-08-22 15:00:55,386 [INFO] Averaged stats: lr: 0.000015  loss: 0.046657
2026-08-22 15:00:55,518 [INFO] gates: {"epoch": 15, "raw_quality_ratio": 2.4651, "quality_ratio": 0.0753, "lambda_q": 0.0305, "deviation_mean": 0.9253, "deviation_std": 0.2161, "patch_w_mean": 0.0531, "patch_w_std": 0.0821, "hier_dev_mean": 0.4812, "hier_dev_std": 0.0385, "q_sigma_norm": 3.9928}
2026-08-22 15:00:55,518 [INFO] Evaluating on val.
Train: data epoch: [15]  [  0/218]  eta: 0:11:34  lr: 0.000015  loss: 0.0658  time: 3.1835  data: 0.0001  max mem: 5175
Train: data epoch: [15]  [ 20/218]  eta: 0:02:11  lr: 0.000015  loss: 0.0419  time: 0.5400  data: 0.0000  max mem: 5175
Train: data epoch: [15]  [ 40/218]  eta: 0:01:44  lr: 0.000015  loss: 0.0436  time: 0.5099  data: 0.0000  max mem: 5175
Train: data epoch: [15]  [ 60/218]  eta: 0:01:32  lr: 0.000015  loss: 0.0465  time: 0.5750  data: 0.0000  max mem: 5175
Train: data epoch: [15]  [ 80/218]  eta: 0:01:20  lr: 0.000015  loss: 0.0391  time: 0.5702  data: 0.0000  max mem: 5175
Train: data epoch: [15]  [100/218]  eta: 0:01:06  lr: 0.000015  loss: 0.0813  time: 0.4997  data: 0.0000  max mem: 5175
Train: data epoch: [15]  [120/218]  eta: 0:00:53  lr: 0.000015  loss: 0.0412  time: 0.4200  data: 0.0000  max mem: 5175
Train: data epoch: [15]  [140/218]  eta: 0:00:42  lr: 0.000015  loss: 0.0353  time: 0.5843  data: 0.0000  max mem: 5175
Train: data epoch: [15]  [160/218]  eta: 0:00:31  lr: 0.000015  loss: 0.0599  time: 0.4922  data: 0.0000  max mem: 5175
Train: data epoch: [15]  [180/218]  eta: 0:00:20  lr: 0.000015  loss: 0.0320  time: 0.5184  data: 0.0000  max mem: 5175
Train: data epoch: [15]  [200/218]  eta: 0:00:09  lr: 0.000015  loss: 0.0433  time: 0.4700  data: 0.0000  max mem: 5175
Train: data epoch: [15]  [217/218]  eta: 0:00:00  lr: 0.000015  loss: 0.0331  time: 0.5715  data: 0.0000  max mem: 5175
Train: data epoch: [15] Total time: 0:01:56 (0.5340 s / it)
2026-08-22 15:01:19,575 [INFO] AIGIQA-20K: EPOCH[15] -> SRCC 0.8540 PLCC_raw 0.9027 PLCC_mapped 0.9036 KRCC 0.6717 MainScore_official 0.8788
2026-08-22 15:01:19,591 [INFO] Saving checkpoint at epoch 15 to run/20260822142_E2_DCGA_20k/checkpoint_latest.pth.
2026-08-22 15:01:19,659 [INFO] Start training
2026-08-22 15:01:20,065 [INFO] Start training epoch 16, 218 iters per inner epoch.
2026-08-22 15:03:17,848 [INFO] Averaged stats: lr: 0.000010  loss: 0.046031
2026-08-22 15:03:18,012 [INFO] gates: {"epoch": 16, "raw_quality_ratio": 2.4054, "quality_ratio": 0.074, "lambda_q": 0.0308, "deviation_mean": 0.9704, "deviation_std": 0.2043, "patch_w_mean": 0.055, "patch_w_std": 0.0844, "hier_dev_mean": 0.4849, "hier_dev_std": 0.0357, "q_sigma_norm": 3.9936}
2026-08-22 15:03:18,012 [INFO] Evaluating on val.
Train: data epoch: [16]  [  0/218]  eta: 0:13:24  lr: 0.000010  loss: 0.0490  time: 3.6919  data: 0.0001  max mem: 5175
Train: data epoch: [16]  [ 20/218]  eta: 0:02:10  lr: 0.000010  loss: 0.0686  time: 0.5049  data: 0.0000  max mem: 5175
Train: data epoch: [16]  [ 40/218]  eta: 0:01:43  lr: 0.000010  loss: 0.0627  time: 0.5052  data: 0.0000  max mem: 5175
Train: data epoch: [16]  [ 60/218]  eta: 0:01:31  lr: 0.000010  loss: 0.0419  time: 0.5747  data: 0.0000  max mem: 5175
Train: data epoch: [16]  [ 80/218]  eta: 0:01:19  lr: 0.000010  loss: 0.0649  time: 0.5763  data: 0.0000  max mem: 5175
Train: data epoch: [16]  [100/218]  eta: 0:01:07  lr: 0.000010  loss: 0.0338  time: 0.5599  data: 0.0000  max mem: 5175
Train: data epoch: [16]  [120/218]  eta: 0:00:55  lr: 0.000010  loss: 0.0307  time: 0.5341  data: 0.0000  max mem: 5175
Train: data epoch: [16]  [140/218]  eta: 0:00:42  lr: 0.000010  loss: 0.0412  time: 0.4096  data: 0.0000  max mem: 5175
Train: data epoch: [16]  [160/218]  eta: 0:00:31  lr: 0.000010  loss: 0.0372  time: 0.5844  data: 0.0000  max mem: 5175
Train: data epoch: [16]  [180/218]  eta: 0:00:20  lr: 0.000010  loss: 0.0447  time: 0.5104  data: 0.0000  max mem: 5175
Train: data epoch: [16]  [200/218]  eta: 0:00:09  lr: 0.000010  loss: 0.0455  time: 0.4500  data: 0.0000  max mem: 5175
Train: data epoch: [16]  [217/218]  eta: 0:00:00  lr: 0.000010  loss: 0.0594  time: 0.5795  data: 0.0000  max mem: 5175
Train: data epoch: [16] Total time: 0:01:57 (0.5403 s / it)
2026-08-22 15:03:41,754 [INFO] AIGIQA-20K: EPOCH[16] -> SRCC 0.8536 PLCC_raw 0.9023 PLCC_mapped 0.9034 KRCC 0.6713 MainScore_official 0.8785
2026-08-22 15:03:41,755 [INFO] Start training
2026-08-22 15:03:42,064 [INFO] Start training epoch 17, 218 iters per inner epoch.
2026-08-22 15:05:41,538 [INFO] Averaged stats: lr: 0.000006  loss: 0.045237
2026-08-22 15:05:41,647 [INFO] gates: {"epoch": 17, "raw_quality_ratio": 2.4592, "quality_ratio": 0.0762, "lambda_q": 0.031, "deviation_mean": 0.9355, "deviation_std": 0.2108, "patch_w_mean": 0.0498, "patch_w_std": 0.0783, "hier_dev_mean": 0.4809, "hier_dev_std": 0.0375, "q_sigma_norm": 3.9926}
2026-08-22 15:05:41,648 [INFO] Evaluating on val.
Train: data epoch: [17]  [  0/218]  eta: 0:14:52  lr: 0.000006  loss: 0.0378  time: 4.0945  data: 0.0001  max mem: 5175
Train: data epoch: [17]  [ 20/218]  eta: 0:02:10  lr: 0.000006  loss: 0.0331  time: 0.4897  data: 0.0000  max mem: 5175
Train: data epoch: [17]  [ 40/218]  eta: 0:01:44  lr: 0.000006  loss: 0.0325  time: 0.5050  data: 0.0000  max mem: 5175
Train: data epoch: [17]  [ 60/218]  eta: 0:01:33  lr: 0.000006  loss: 0.0398  time: 0.6000  data: 0.0000  max mem: 5175
Train: data epoch: [17]  [ 80/218]  eta: 0:01:20  lr: 0.000006  loss: 0.0294  time: 0.5701  data: 0.0000  max mem: 5175
Train: data epoch: [17]  [100/218]  eta: 0:01:08  lr: 0.000006  loss: 0.0529  time: 0.5698  data: 0.0000  max mem: 5175
Train: data epoch: [17]  [120/218]  eta: 0:00:57  lr: 0.000006  loss: 0.0365  time: 0.5903  data: 0.0000  max mem: 5175
Train: data epoch: [17]  [140/218]  eta: 0:00:44  lr: 0.000006  loss: 0.0591  time: 0.5151  data: 0.0000  max mem: 5175
Train: data epoch: [17]  [160/218]  eta: 0:00:31  lr: 0.000006  loss: 0.0567  time: 0.3948  data: 0.0000  max mem: 5175
Train: data epoch: [17]  [180/218]  eta: 0:00:21  lr: 0.000006  loss: 0.0435  time: 0.5973  data: 0.0000  max mem: 5175
Train: data epoch: [17]  [200/218]  eta: 0:00:09  lr: 0.000006  loss: 0.0525  time: 0.4973  data: 0.0000  max mem: 5175
Train: data epoch: [17]  [217/218]  eta: 0:00:00  lr: 0.000006  loss: 0.0500  time: 0.4992  data: 0.0000  max mem: 5175
Train: data epoch: [17] Total time: 0:01:59 (0.5480 s / it)
2026-08-22 15:06:05,692 [INFO] AIGIQA-20K: EPOCH[17] -> SRCC 0.8533 PLCC_raw 0.9021 PLCC_mapped 0.9031 KRCC 0.6709 MainScore_official 0.8782
2026-08-22 15:06:05,693 [INFO] Start training
2026-08-22 15:06:06,003 [INFO] Start training epoch 18, 218 iters per inner epoch.
2026-08-22 15:08:02,156 [INFO] Averaged stats: lr: 0.000003  loss: 0.044424
2026-08-22 15:08:02,380 [INFO] gates: {"epoch": 18, "raw_quality_ratio": 2.3973, "quality_ratio": 0.0745, "lambda_q": 0.0311, "deviation_mean": 0.9757, "deviation_std": 0.2121, "patch_w_mean": 0.0526, "patch_w_std": 0.0821, "hier_dev_mean": 0.4817, "hier_dev_std": 0.0358, "q_sigma_norm": 4.0143}
2026-08-22 15:08:02,380 [INFO] Evaluating on val.
Train: data epoch: [18]  [  0/218]  eta: 0:13:16  lr: 0.000003  loss: 0.0402  time: 3.6534  data: 0.0001  max mem: 5175
Train: data epoch: [18]  [ 20/218]  eta: 0:02:15  lr: 0.000003  loss: 0.0290  time: 0.5348  data: 0.0000  max mem: 5175
Train: data epoch: [18]  [ 40/218]  eta: 0:01:38  lr: 0.000003  loss: 0.0544  time: 0.4150  data: 0.0000  max mem: 5175
Train: data epoch: [18]  [ 60/218]  eta: 0:01:27  lr: 0.000003  loss: 0.0417  time: 0.5600  data: 0.0000  max mem: 5175
Train: data epoch: [18]  [ 80/218]  eta: 0:01:17  lr: 0.000003  loss: 0.0359  time: 0.5900  data: 0.0000  max mem: 5175
Train: data epoch: [18]  [100/218]  eta: 0:01:06  lr: 0.000003  loss: 0.0422  time: 0.5567  data: 0.0000  max mem: 5175
Train: data epoch: [18]  [120/218]  eta: 0:00:54  lr: 0.000003  loss: 0.0348  time: 0.5414  data: 0.0000  max mem: 5175
Train: data epoch: [18]  [140/218]  eta: 0:00:43  lr: 0.000003  loss: 0.0539  time: 0.5422  data: 0.0000  max mem: 5175
Train: data epoch: [18]  [160/218]  eta: 0:00:31  lr: 0.000003  loss: 0.0430  time: 0.4397  data: 0.0000  max mem: 5175
Train: data epoch: [18]  [180/218]  eta: 0:00:20  lr: 0.000003  loss: 0.0576  time: 0.4857  data: 0.0000  max mem: 5175
Train: data epoch: [18]  [200/218]  eta: 0:00:09  lr: 0.000003  loss: 0.0487  time: 0.5862  data: 0.0000  max mem: 5175
Train: data epoch: [18]  [217/218]  eta: 0:00:00  lr: 0.000003  loss: 0.0380  time: 0.4571  data: 0.0000  max mem: 5175
Train: data epoch: [18] Total time: 0:01:56 (0.5328 s / it)
2026-08-22 15:08:31,394 [INFO] AIGIQA-20K: EPOCH[18] -> SRCC 0.8530 PLCC_raw 0.9017 PLCC_mapped 0.9031 KRCC 0.6706 MainScore_official 0.8781
2026-08-22 15:08:31,395 [INFO] Start training
2026-08-22 15:08:31,706 [INFO] Start training epoch 19, 218 iters per inner epoch.
2026-08-22 15:10:28,759 [INFO] Averaged stats: lr: 0.000002  loss: 0.044538
2026-08-22 15:10:28,871 [INFO] gates: {"epoch": 19, "raw_quality_ratio": 2.4194, "quality_ratio": 0.0753, "lambda_q": 0.0311, "deviation_mean": 0.9589, "deviation_std": 0.2226, "patch_w_mean": 0.0503, "patch_w_std": 0.0782, "hier_dev_mean": 0.483, "hier_dev_std": 0.0373, "q_sigma_norm": 3.9988}
2026-08-22 15:10:28,872 [INFO] Evaluating on val.
Train: data epoch: [19]  [  0/218]  eta: 0:13:59  lr: 0.000002  loss: 0.0538  time: 3.8490  data: 0.0001  max mem: 5175
Train: data epoch: [19]  [ 20/218]  eta: 0:02:12  lr: 0.000002  loss: 0.0550  time: 0.5099  data: 0.0000  max mem: 5175
Train: data epoch: [19]  [ 40/218]  eta: 0:01:46  lr: 0.000002  loss: 0.0469  time: 0.5250  data: 0.0000  max mem: 5175
Train: data epoch: [19]  [ 60/218]  eta: 0:01:33  lr: 0.000002  loss: 0.0489  time: 0.5865  data: 0.0000  max mem: 5175
Train: data epoch: [19]  [ 80/218]  eta: 0:01:20  lr: 0.000002  loss: 0.0341  time: 0.5409  data: 0.0000  max mem: 5175
Train: data epoch: [19]  [100/218]  eta: 0:01:07  lr: 0.000002  loss: 0.0551  time: 0.5411  data: 0.0000  max mem: 5175
Train: data epoch: [19]  [120/218]  eta: 0:00:55  lr: 0.000002  loss: 0.0381  time: 0.5420  data: 0.0000  max mem: 5175
Train: data epoch: [19]  [140/218]  eta: 0:00:44  lr: 0.000002  loss: 0.0559  time: 0.5430  data: 0.0000  max mem: 5175
Train: data epoch: [19]  [160/218]  eta: 0:00:32  lr: 0.000002  loss: 0.0428  time: 0.4963  data: 0.0000  max mem: 5175
Train: data epoch: [19]  [180/218]  eta: 0:00:20  lr: 0.000002  loss: 0.0486  time: 0.3900  data: 0.0000  max mem: 5175
Train: data epoch: [19]  [200/218]  eta: 0:00:09  lr: 0.000002  loss: 0.0402  time: 0.5000  data: 0.0000  max mem: 5175
Train: data epoch: [19]  [217/218]  eta: 0:00:00  lr: 0.000002  loss: 0.0472  time: 0.5751  data: 0.0000  max mem: 5175
Train: data epoch: [19] Total time: 0:01:57 (0.5369 s / it)
2026-08-22 15:10:47,808 [INFO] AIGIQA-20K: EPOCH[19] -> SRCC 0.8530 PLCC_raw 0.9018 PLCC_mapped 0.9031 KRCC 0.6706 MainScore_official 0.8781
2026-08-22 15:10:47,821 [INFO] Saving checkpoint at epoch 19 to run/20260822142_E2_DCGA_20k/checkpoint_latest.pth.
[{'agg_metrics': np.float64(0.8826468293349418), 'main_score_raw': np.float64(0.8821978118943083), 'main_score_official': np.float64(0.8826468293349418), 'srcc': np.float64(0.8587400997570525), 'plcc_raw': np.float64(0.9056555240315641), 'plcc_mapped': np.float64(0.9065535589128311), 'krcc': np.float64(0.677288313478839), 'mse': 0.09365231534715764, 'loss': 0.09365231534715764}]
{'agg_metrics': np.float64(0.8826468293349418), 'main_score_raw': np.float64(0.8821978118943083), 'main_score_official': np.float64(0.8826468293349418), 'srcc': np.float64(0.8587400997570525), 'plcc_raw': np.float64(0.9056555240315641), 'plcc_mapped': np.float64(0.9065535589128311), 'krcc': np.float64(0.677288313478839), 'mse': 0.09365231534715764, 'loss': 0.09365231534715764}
