2026-08-22 12:44:12,442 [INFO] Loaded init weights from init_ckpt/v19_aigiqa20k_seed42.pth
2026-08-22 12:44:12,442 [INFO] Start training
2026-08-22 12:44:12,459 [INFO] number of trainable parameters: 2191207
Not using distributed mode
['msqr_dgmpq_cadr_v18', 'msqr_dgmpq_daps_v16', 'msqr_dgmpq_hcmi_v8', 'msqr_dgmpq_mscm_v10', 'msqr_dgmpq_mscm_v11', 'msqr_dgmpq_mscm_v12', 'msqr_dgmpq_msrc_v14', 'msqr_dgmpq_ptlc_v15', 'msqr_dgmpq_qard_v17', 'msqr_dgmpq_tcap_v9', 'msqr_dgmpqplus_dcar_v19']
2026-08-22 12:44:12,878 [INFO] Start training epoch 0, 218 iters per inner epoch.
2026-08-22 12:46:23,599 [INFO] Averaged stats: lr: 0.000088  loss: 2.751841
2026-08-22 12:46:23,699 [INFO] gates: {"epoch": 0, "raw_quality_ratio": 4.7716, "quality_ratio": 0.0638, "dcar_delta_ratio": 5.7168, "lambda_q": 0.0134, "deviation_mean": 1.1422, "deviation_std": 0.064, "patch_w_mean": 0.5213, "patch_w_std": 0.0127, "alpha_3": 0.25, "alpha_6": 0.25, "alpha_9": 0.25, "alpha_12": 0.25, "dcar_dw_norm": 3.3962, "dcar_dw_batch_std": 0.0242, "dcar_db_abs": 0.2372, "dcar_delta_abs": 3.291, "dcar_deg_descriptor_norm": 11.3559, "dcar_prototype_norm": 6.2972}
2026-08-22 12:46:23,699 [INFO] Evaluating on val.
Train: data epoch: [0]  [  0/218]  eta: 0:41:42  lr: 0.000000  loss: 16.5106  time: 11.4803  data: 0.0001  max mem: 5157
Train: data epoch: [0]  [ 20/218]  eta: 0:03:29  lr: 0.000040  loss: 14.7239  time: 0.5371  data: 0.0000  max mem: 5172
Train: data epoch: [0]  [ 40/218]  eta: 0:02:25  lr: 0.000080  loss: 5.2252  time: 0.5627  data: 0.0000  max mem: 5172
Train: data epoch: [0]  [ 60/218]  eta: 0:01:55  lr: 0.000100  loss: 0.3981  time: 0.5487  data: 0.0000  max mem: 5172
Train: data epoch: [0]  [ 80/218]  eta: 0:01:34  lr: 0.000100  loss: 0.2652  time: 0.5430  data: 0.0000  max mem: 5172
Train: data epoch: [0]  [100/218]  eta: 0:01:17  lr: 0.000100  loss: 0.1658  time: 0.5493  data: 0.0000  max mem: 5172
Train: data epoch: [0]  [120/218]  eta: 0:01:02  lr: 0.000100  loss: 0.1669  time: 0.5560  data: 0.0000  max mem: 5172
Train: data epoch: [0]  [140/218]  eta: 0:00:49  lr: 0.000100  loss: 0.1260  time: 0.5580  data: 0.0000  max mem: 5172
Train: data epoch: [0]  [160/218]  eta: 0:00:35  lr: 0.000100  loss: 0.1195  time: 0.5626  data: 0.0000  max mem: 5172
Train: data epoch: [0]  [180/218]  eta: 0:00:23  lr: 0.000100  loss: 0.1156  time: 0.5470  data: 0.0000  max mem: 5172
Train: data epoch: [0]  [200/218]  eta: 0:00:10  lr: 0.000100  loss: 0.2116  time: 0.5723  data: 0.0000  max mem: 5172
Train: data epoch: [0]  [217/218]  eta: 0:00:00  lr: 0.000100  loss: 0.1446  time: 0.5088  data: 0.0000  max mem: 5172
Train: data epoch: [0] Total time: 0:02:10 (0.5996 s / it)
2026-08-22 12:46:51,291 [INFO] AIGIQA-20K: EPOCH[0] -> SRCC 0.7822 PLCC_raw 0.8574 PLCC_mapped 0.8585 KRCC 0.5925 MainScore_official 0.8203
2026-08-22 12:46:51,311 [INFO] Saving checkpoint at epoch 0 to run/20260822124_E2_DGDCAR_20k/checkpoint_best.pth.
2026-08-22 12:46:51,396 [INFO] Saving checkpoint at epoch 0 to run/20260822124_E2_DGDCAR_20k/checkpoint_best_joint.pth.
2026-08-22 12:46:51,477 [INFO] Saving checkpoint at epoch 0 to run/20260822124_E2_DGDCAR_20k/checkpoint_best_main.pth.
2026-08-22 12:46:51,525 [INFO] Start training
2026-08-22 12:46:51,951 [INFO] Start training epoch 1, 218 iters per inner epoch.
2026-08-22 12:49:01,878 [INFO] Averaged stats: lr: 0.000100  loss: 0.111363
2026-08-22 12:49:02,001 [INFO] gates: {"epoch": 1, "raw_quality_ratio": 4.7572, "quality_ratio": 0.065, "dcar_delta_ratio": 5.9158, "lambda_q": 0.0137, "deviation_mean": 1.2161, "deviation_std": 0.0681, "patch_w_mean": 0.4957, "patch_w_std": 0.0216, "alpha_3": 0.25, "alpha_6": 0.25, "alpha_9": 0.25, "alpha_12": 0.25, "dcar_dw_norm": 3.5633, "dcar_dw_batch_std": 0.0241, "dcar_db_abs": 0.2466, "dcar_delta_abs": 3.3854, "dcar_deg_descriptor_norm": 11.3591, "dcar_prototype_norm": 6.0888}
2026-08-22 12:49:02,001 [INFO] Evaluating on val.
Train: data epoch: [1]  [  0/218]  eta: 0:24:43  lr: 0.000100  loss: 0.1483  time: 6.8067  data: 0.0001  max mem: 5172
Train: data epoch: [1]  [ 20/218]  eta: 0:03:14  lr: 0.000100  loss: 0.1405  time: 0.6900  data: 0.0000  max mem: 5172
Train: data epoch: [1]  [ 40/218]  eta: 0:02:17  lr: 0.000100  loss: 0.1122  time: 0.5547  data: 0.0000  max mem: 5172
Train: data epoch: [1]  [ 60/218]  eta: 0:01:54  lr: 0.000100  loss: 0.1404  time: 0.6200  data: 0.0000  max mem: 5172
Train: data epoch: [1]  [ 80/218]  eta: 0:01:35  lr: 0.000100  loss: 0.1108  time: 0.5910  data: 0.0000  max mem: 5172
Train: data epoch: [1]  [100/218]  eta: 0:01:18  lr: 0.000100  loss: 0.1147  time: 0.5690  data: 0.0000  max mem: 5172
Train: data epoch: [1]  [120/218]  eta: 0:01:03  lr: 0.000100  loss: 0.0979  time: 0.5797  data: 0.0000  max mem: 5172
Train: data epoch: [1]  [140/218]  eta: 0:00:50  lr: 0.000100  loss: 0.0813  time: 0.5786  data: 0.0000  max mem: 5172
Train: data epoch: [1]  [160/218]  eta: 0:00:36  lr: 0.000100  loss: 0.0819  time: 0.5655  data: 0.0000  max mem: 5172
Train: data epoch: [1]  [180/218]  eta: 0:00:23  lr: 0.000100  loss: 0.0666  time: 0.5684  data: 0.0000  max mem: 5172
Train: data epoch: [1]  [200/218]  eta: 0:00:10  lr: 0.000100  loss: 0.1004  time: 0.4067  data: 0.0000  max mem: 5172
Train: data epoch: [1]  [217/218]  eta: 0:00:00  lr: 0.000100  loss: 0.0657  time: 0.4861  data: 0.0000  max mem: 5172
Train: data epoch: [1] Total time: 0:02:09 (0.5960 s / it)
2026-08-22 12:49:20,997 [INFO] AIGIQA-20K: EPOCH[1] -> SRCC 0.8299 PLCC_raw 0.8868 PLCC_mapped 0.8870 KRCC 0.6427 MainScore_official 0.8585
2026-08-22 12:49:21,013 [INFO] Saving checkpoint at epoch 1 to run/20260822124_E2_DGDCAR_20k/checkpoint_best_main.pth.
2026-08-22 12:49:21,089 [INFO] Start training
2026-08-22 12:49:21,486 [INFO] Start training epoch 2, 218 iters per inner epoch.
2026-08-22 12:51:24,648 [INFO] Averaged stats: lr: 0.000099  loss: 0.091340
2026-08-22 12:51:24,786 [INFO] gates: {"epoch": 2, "raw_quality_ratio": 4.8329, "quality_ratio": 0.0675, "dcar_delta_ratio": 6.2655, "lambda_q": 0.014, "deviation_mean": 1.3478, "deviation_std": 0.0715, "patch_w_mean": 0.4459, "patch_w_std": 0.0462, "alpha_3": 0.25, "alpha_6": 0.25, "alpha_9": 0.25, "alpha_12": 0.25, "dcar_dw_norm": 3.6639, "dcar_dw_batch_std": 0.0218, "dcar_db_abs": 0.251, "dcar_delta_abs": 3.3959, "dcar_deg_descriptor_norm": 11.3612, "dcar_prototype_norm": 5.8088}
2026-08-22 12:51:24,786 [INFO] Evaluating on val.
Train: data epoch: [2]  [  0/218]  eta: 0:11:09  lr: 0.000099  loss: 0.0866  time: 3.0709  data: 0.0001  max mem: 5172
Train: data epoch: [2]  [ 20/218]  eta: 0:01:59  lr: 0.000099  loss: 0.1148  time: 0.4798  data: 0.0000  max mem: 5172
Train: data epoch: [2]  [ 40/218]  eta: 0:01:47  lr: 0.000099  loss: 0.0921  time: 0.5999  data: 0.0000  max mem: 5172
Train: data epoch: [2]  [ 60/218]  eta: 0:01:34  lr: 0.000099  loss: 0.0754  time: 0.5952  data: 0.0000  max mem: 5172
Train: data epoch: [2]  [ 80/218]  eta: 0:01:23  lr: 0.000099  loss: 0.0767  time: 0.6097  data: 0.0000  max mem: 5172
Train: data epoch: [2]  [100/218]  eta: 0:01:10  lr: 0.000099  loss: 0.0888  time: 0.5810  data: 0.0000  max mem: 5172
Train: data epoch: [2]  [120/218]  eta: 0:00:58  lr: 0.000099  loss: 0.1077  time: 0.5644  data: 0.0000  max mem: 5172
Train: data epoch: [2]  [140/218]  eta: 0:00:45  lr: 0.000099  loss: 0.0787  time: 0.5620  data: 0.0000  max mem: 5172
Train: data epoch: [2]  [160/218]  eta: 0:00:33  lr: 0.000099  loss: 0.0921  time: 0.5539  data: 0.0000  max mem: 5172
Train: data epoch: [2]  [180/218]  eta: 0:00:22  lr: 0.000099  loss: 0.0978  time: 0.5599  data: 0.0000  max mem: 5172
Train: data epoch: [2]  [200/218]  eta: 0:00:10  lr: 0.000099  loss: 0.1026  time: 0.4610  data: 0.0000  max mem: 5172
Train: data epoch: [2]  [217/218]  eta: 0:00:00  lr: 0.000099  loss: 0.0706  time: 0.4945  data: 0.0000  max mem: 5172
Train: data epoch: [2] Total time: 0:02:03 (0.5650 s / it)
2026-08-22 12:51:41,676 [INFO] AIGIQA-20K: EPOCH[2] -> SRCC 0.8465 PLCC_raw 0.8959 PLCC_mapped 0.8964 KRCC 0.6614 MainScore_official 0.8715
2026-08-22 12:51:41,698 [INFO] Saving checkpoint at epoch 2 to run/20260822124_E2_DGDCAR_20k/checkpoint_best_main.pth.
2026-08-22 12:51:41,851 [INFO] Start training
2026-08-22 12:51:42,485 [INFO] Start training epoch 3, 218 iters per inner epoch.
2026-08-22 12:53:46,941 [INFO] Averaged stats: lr: 0.000098  loss: 0.081917
2026-08-22 12:53:47,046 [INFO] gates: {"epoch": 3, "raw_quality_ratio": 4.9572, "quality_ratio": 0.0714, "dcar_delta_ratio": 6.866, "lambda_q": 0.0144, "deviation_mean": 1.4459, "deviation_std": 0.0998, "patch_w_mean": 0.385, "patch_w_std": 0.0856, "alpha_3": 0.25, "alpha_6": 0.25, "alpha_9": 0.25, "alpha_12": 0.25, "dcar_dw_norm": 3.7795, "dcar_dw_batch_std": 0.0257, "dcar_db_abs": 0.2571, "dcar_delta_abs": 3.5101, "dcar_deg_descriptor_norm": 11.3627, "dcar_prototype_norm": 5.42}
2026-08-22 12:53:47,046 [INFO] Evaluating on val.
Train: data epoch: [3]  [  0/218]  eta: 0:23:52  lr: 0.000098  loss: 0.0813  time: 6.5714  data: 0.0002  max mem: 5172
Train: data epoch: [3]  [ 20/218]  eta: 0:02:55  lr: 0.000098  loss: 0.0997  time: 0.6000  data: 0.0000  max mem: 5172
Train: data epoch: [3]  [ 40/218]  eta: 0:02:00  lr: 0.000098  loss: 0.0408  time: 0.4548  data: 0.0000  max mem: 5172
Train: data epoch: [3]  [ 60/218]  eta: 0:01:42  lr: 0.000098  loss: 0.0746  time: 0.6048  data: 0.0000  max mem: 5172
Train: data epoch: [3]  [ 80/218]  eta: 0:01:27  lr: 0.000098  loss: 0.1084  time: 0.5922  data: 0.0000  max mem: 5172
Train: data epoch: [3]  [100/218]  eta: 0:01:13  lr: 0.000098  loss: 0.0977  time: 0.5613  data: 0.0000  max mem: 5172
Train: data epoch: [3]  [120/218]  eta: 0:01:00  lr: 0.000098  loss: 0.0761  time: 0.5640  data: 0.0000  max mem: 5172
Train: data epoch: [3]  [140/218]  eta: 0:00:47  lr: 0.000098  loss: 0.0660  time: 0.5589  data: 0.0000  max mem: 5172
Train: data epoch: [3]  [160/218]  eta: 0:00:34  lr: 0.000098  loss: 0.0666  time: 0.5742  data: 0.0000  max mem: 5172
Train: data epoch: [3]  [180/218]  eta: 0:00:22  lr: 0.000098  loss: 0.1183  time: 0.5488  data: 0.0000  max mem: 5172
Train: data epoch: [3]  [200/218]  eta: 0:00:10  lr: 0.000098  loss: 0.0616  time: 0.4005  data: 0.0000  max mem: 5172
Train: data epoch: [3]  [217/218]  eta: 0:00:00  lr: 0.000098  loss: 0.0693  time: 0.4942  data: 0.0000  max mem: 5172
Train: data epoch: [3] Total time: 0:02:04 (0.5709 s / it)
2026-08-22 12:54:10,404 [INFO] AIGIQA-20K: EPOCH[3] -> SRCC 0.8538 PLCC_raw 0.9018 PLCC_mapped 0.9021 KRCC 0.6699 MainScore_official 0.8779
2026-08-22 12:54:10,461 [INFO] Saving checkpoint at epoch 3 to run/20260822124_E2_DGDCAR_20k/checkpoint_best_main.pth.
2026-08-22 12:54:10,595 [INFO] Start training
2026-08-22 12:54:11,267 [INFO] Start training epoch 4, 218 iters per inner epoch.
2026-08-22 12:56:17,697 [INFO] Averaged stats: lr: 0.000096  loss: 0.074682
2026-08-22 12:56:17,838 [INFO] gates: {"epoch": 4, "raw_quality_ratio": 5.1657, "quality_ratio": 0.0768, "dcar_delta_ratio": 7.0765, "lambda_q": 0.0149, "deviation_mean": 1.3721, "deviation_std": 0.0986, "patch_w_mean": 0.3441, "patch_w_std": 0.1148, "alpha_3": 0.25, "alpha_6": 0.25, "alpha_9": 0.25, "alpha_12": 0.25, "dcar_dw_norm": 3.8027, "dcar_dw_batch_std": 0.0216, "dcar_db_abs": 0.2568, "dcar_delta_abs": 3.5158, "dcar_deg_descriptor_norm": 11.3637, "dcar_prototype_norm": 5.0648}
2026-08-22 12:56:17,838 [INFO] Evaluating on val.
Train: data epoch: [4]  [  0/218]  eta: 0:25:01  lr: 0.000096  loss: 0.0796  time: 6.8892  data: 0.0001  max mem: 5172
Train: data epoch: [4]  [ 20/218]  eta: 0:02:51  lr: 0.000096  loss: 0.0851  time: 0.5650  data: 0.0000  max mem: 5172
Train: data epoch: [4]  [ 40/218]  eta: 0:02:08  lr: 0.000096  loss: 0.0760  time: 0.5682  data: 0.0000  max mem: 5172
Train: data epoch: [4]  [ 60/218]  eta: 0:01:43  lr: 0.000096  loss: 0.1006  time: 0.5117  data: 0.0000  max mem: 5172
Train: data epoch: [4]  [ 80/218]  eta: 0:01:28  lr: 0.000096  loss: 0.0744  time: 0.6001  data: 0.0000  max mem: 5172
Train: data epoch: [4]  [100/218]  eta: 0:01:15  lr: 0.000096  loss: 0.0655  time: 0.6397  data: 0.0000  max mem: 5172
Train: data epoch: [4]  [120/218]  eta: 0:01:01  lr: 0.000096  loss: 0.0696  time: 0.5800  data: 0.0000  max mem: 5172
Train: data epoch: [4]  [140/218]  eta: 0:00:48  lr: 0.000096  loss: 0.0625  time: 0.5661  data: 0.0000  max mem: 5172
Train: data epoch: [4]  [160/218]  eta: 0:00:35  lr: 0.000096  loss: 0.0610  time: 0.5287  data: 0.0000  max mem: 5172
Train: data epoch: [4]  [180/218]  eta: 0:00:22  lr: 0.000096  loss: 0.0692  time: 0.3958  data: 0.0000  max mem: 5172
Train: data epoch: [4]  [200/218]  eta: 0:00:10  lr: 0.000096  loss: 0.0819  time: 0.5243  data: 0.0000  max mem: 5172
Train: data epoch: [4]  [217/218]  eta: 0:00:00  lr: 0.000096  loss: 0.0868  time: 0.5870  data: 0.0000  max mem: 5172
Train: data epoch: [4] Total time: 0:02:06 (0.5799 s / it)
2026-08-22 12:56:45,005 [INFO] AIGIQA-20K: EPOCH[4] -> SRCC 0.8566 PLCC_raw 0.9024 PLCC_mapped 0.9028 KRCC 0.6731 MainScore_official 0.8797
2026-08-22 12:56:45,059 [INFO] Saving checkpoint at epoch 4 to run/20260822124_E2_DGDCAR_20k/checkpoint_best_main.pth.
2026-08-22 12:56:45,153 [INFO] Start training
2026-08-22 12:56:45,684 [INFO] Start training epoch 5, 218 iters per inner epoch.
2026-08-22 12:58:49,556 [INFO] Averaged stats: lr: 0.000093  loss: 0.069213
2026-08-22 12:58:49,764 [INFO] gates: {"epoch": 5, "raw_quality_ratio": 5.241, "quality_ratio": 0.0816, "dcar_delta_ratio": 7.7618, "lambda_q": 0.0156, "deviation_mean": 1.3111, "deviation_std": 0.1067, "patch_w_mean": 0.2905, "patch_w_std": 0.1453, "alpha_3": 0.25, "alpha_6": 0.25, "alpha_9": 0.25, "alpha_12": 0.25, "dcar_dw_norm": 3.7961, "dcar_dw_batch_std": 0.0238, "dcar_db_abs": 0.2549, "dcar_delta_abs": 3.5057, "dcar_deg_descriptor_norm": 11.3636, "dcar_prototype_norm": 4.8861}
2026-08-22 12:58:49,764 [INFO] Evaluating on val.
Train: data epoch: [5]  [  0/218]  eta: 0:20:14  lr: 0.000093  loss: 0.0624  time: 5.5718  data: 0.0001  max mem: 5172
Train: data epoch: [5]  [ 20/218]  eta: 0:02:40  lr: 0.000093  loss: 0.0552  time: 0.5749  data: 0.0000  max mem: 5172
Train: data epoch: [5]  [ 40/218]  eta: 0:02:03  lr: 0.000093  loss: 0.1008  time: 0.5649  data: 0.0000  max mem: 5172
Train: data epoch: [5]  [ 60/218]  eta: 0:01:40  lr: 0.000093  loss: 0.0889  time: 0.5150  data: 0.0000  max mem: 5172
Train: data epoch: [5]  [ 80/218]  eta: 0:01:26  lr: 0.000093  loss: 0.0946  time: 0.6000  data: 0.0000  max mem: 5172
Train: data epoch: [5]  [100/218]  eta: 0:01:13  lr: 0.000093  loss: 0.0813  time: 0.6001  data: 0.0000  max mem: 5172
Train: data epoch: [5]  [120/218]  eta: 0:00:59  lr: 0.000093  loss: 0.0582  time: 0.5617  data: 0.0000  max mem: 5172
Train: data epoch: [5]  [140/218]  eta: 0:00:47  lr: 0.000093  loss: 0.0793  time: 0.5613  data: 0.0000  max mem: 5172
Train: data epoch: [5]  [160/218]  eta: 0:00:34  lr: 0.000093  loss: 0.0707  time: 0.4818  data: 0.0000  max mem: 5172
Train: data epoch: [5]  [180/218]  eta: 0:00:21  lr: 0.000093  loss: 0.0750  time: 0.4650  data: 0.0000  max mem: 5172
Train: data epoch: [5]  [200/218]  eta: 0:00:10  lr: 0.000093  loss: 0.0740  time: 0.5922  data: 0.0000  max mem: 5172
Train: data epoch: [5]  [217/218]  eta: 0:00:00  lr: 0.000093  loss: 0.0358  time: 0.4858  data: 0.0000  max mem: 5172
Train: data epoch: [5] Total time: 0:02:03 (0.5682 s / it)
2026-08-22 12:59:19,299 [INFO] AIGIQA-20K: EPOCH[5] -> SRCC 0.8593 PLCC_raw 0.9035 PLCC_mapped 0.9036 KRCC 0.6763 MainScore_official 0.8814
2026-08-22 12:59:19,355 [INFO] Saving checkpoint at epoch 5 to run/20260822124_E2_DGDCAR_20k/checkpoint_best_main.pth.
2026-08-22 12:59:19,474 [INFO] Start training
2026-08-22 12:59:20,060 [INFO] Start training epoch 6, 218 iters per inner epoch.
2026-08-22 13:01:22,359 [INFO] Averaged stats: lr: 0.000091  loss: 0.061810
2026-08-22 13:01:22,531 [INFO] gates: {"epoch": 6, "raw_quality_ratio": 5.7302, "quality_ratio": 0.0956, "dcar_delta_ratio": 8.7498, "lambda_q": 0.0167, "deviation_mean": 1.2675, "deviation_std": 0.1103, "patch_w_mean": 0.2143, "patch_w_std": 0.1458, "alpha_3": 0.25, "alpha_6": 0.25, "alpha_9": 0.25, "alpha_12": 0.25, "dcar_dw_norm": 3.6918, "dcar_dw_batch_std": 0.0303, "dcar_db_abs": 0.2449, "dcar_delta_abs": 3.3794, "dcar_deg_descriptor_norm": 11.3629, "dcar_prototype_norm": 4.9236}
2026-08-22 13:01:22,531 [INFO] Evaluating on val.
Train: data epoch: [6]  [  0/218]  eta: 0:19:14  lr: 0.000091  loss: 0.0711  time: 5.2962  data: 0.0002  max mem: 5172
Train: data epoch: [6]  [ 20/218]  eta: 0:02:44  lr: 0.000091  loss: 0.0531  time: 0.6049  data: 0.0000  max mem: 5172
Train: data epoch: [6]  [ 40/218]  eta: 0:01:59  lr: 0.000091  loss: 0.0630  time: 0.5112  data: 0.0000  max mem: 5172
Train: data epoch: [6]  [ 60/218]  eta: 0:01:38  lr: 0.000091  loss: 0.0638  time: 0.5135  data: 0.0000  max mem: 5172
Train: data epoch: [6]  [ 80/218]  eta: 0:01:24  lr: 0.000091  loss: 0.0477  time: 0.6001  data: 0.0000  max mem: 5172
Train: data epoch: [6]  [100/218]  eta: 0:01:11  lr: 0.000091  loss: 0.0739  time: 0.5838  data: 0.0000  max mem: 5172
Train: data epoch: [6]  [120/218]  eta: 0:00:58  lr: 0.000091  loss: 0.0584  time: 0.5567  data: 0.0000  max mem: 5172
Train: data epoch: [6]  [140/218]  eta: 0:00:45  lr: 0.000091  loss: 0.0677  time: 0.4844  data: 0.0000  max mem: 5172
Train: data epoch: [6]  [160/218]  eta: 0:00:33  lr: 0.000091  loss: 0.0674  time: 0.4650  data: 0.0000  max mem: 5172
Train: data epoch: [6]  [180/218]  eta: 0:00:21  lr: 0.000091  loss: 0.0434  time: 0.6028  data: 0.0000  max mem: 5172
Train: data epoch: [6]  [200/218]  eta: 0:00:10  lr: 0.000091  loss: 0.0683  time: 0.4721  data: 0.0000  max mem: 5172
Train: data epoch: [6]  [217/218]  eta: 0:00:00  lr: 0.000091  loss: 0.0437  time: 0.5151  data: 0.0000  max mem: 5172
Train: data epoch: [6] Total time: 0:02:02 (0.5610 s / it)
2026-08-22 13:01:50,889 [INFO] AIGIQA-20K: EPOCH[6] -> SRCC 0.8607 PLCC_raw 0.9032 PLCC_mapped 0.9038 KRCC 0.6782 MainScore_official 0.8823
2026-08-22 13:01:50,951 [INFO] Saving checkpoint at epoch 6 to run/20260822124_E2_DGDCAR_20k/checkpoint_best_main.pth.
2026-08-22 13:01:51,097 [INFO] Start training
2026-08-22 13:01:52,058 [INFO] Start training epoch 7, 218 iters per inner epoch.
2026-08-22 13:03:55,002 [INFO] Averaged stats: lr: 0.000087  loss: 0.056541
2026-08-22 13:03:55,131 [INFO] gates: {"epoch": 7, "raw_quality_ratio": 5.8774, "quality_ratio": 0.1068, "dcar_delta_ratio": 10.006, "lambda_q": 0.0182, "deviation_mean": 1.2747, "deviation_std": 0.1173, "patch_w_mean": 0.1376, "patch_w_std": 0.1396, "alpha_3": 0.25, "alpha_6": 0.25, "alpha_9": 0.25, "alpha_12": 0.25, "dcar_dw_norm": 3.9057, "dcar_dw_batch_std": 0.0249, "dcar_db_abs": 0.2549, "dcar_delta_abs": 3.6203, "dcar_deg_descriptor_norm": 11.3644, "dcar_prototype_norm": 4.988}
2026-08-22 13:03:55,131 [INFO] Evaluating on val.
Train: data epoch: [7]  [  0/218]  eta: 0:23:14  lr: 0.000087  loss: 0.0317  time: 6.3976  data: 0.0001  max mem: 5172
Train: data epoch: [7]  [ 20/218]  eta: 0:02:41  lr: 0.000087  loss: 0.0449  time: 0.5350  data: 0.0000  max mem: 5172
Train: data epoch: [7]  [ 40/218]  eta: 0:02:04  lr: 0.000087  loss: 0.0512  time: 0.5803  data: 0.0000  max mem: 5172
Train: data epoch: [7]  [ 60/218]  eta: 0:01:41  lr: 0.000087  loss: 0.0401  time: 0.5195  data: 0.0000  max mem: 5172
Train: data epoch: [7]  [ 80/218]  eta: 0:01:27  lr: 0.000087  loss: 0.0421  time: 0.6001  data: 0.0000  max mem: 5172
Train: data epoch: [7]  [100/218]  eta: 0:01:13  lr: 0.000087  loss: 0.0535  time: 0.6013  data: 0.0000  max mem: 5172
Train: data epoch: [7]  [120/218]  eta: 0:00:59  lr: 0.000087  loss: 0.0710  time: 0.5334  data: 0.0000  max mem: 5172
Train: data epoch: [7]  [140/218]  eta: 0:00:45  lr: 0.000087  loss: 0.0598  time: 0.4050  data: 0.0000  max mem: 5172
Train: data epoch: [7]  [160/218]  eta: 0:00:33  lr: 0.000087  loss: 0.0781  time: 0.5349  data: 0.0000  max mem: 5172
Train: data epoch: [7]  [180/218]  eta: 0:00:21  lr: 0.000087  loss: 0.0602  time: 0.5792  data: 0.0000  max mem: 5172
Train: data epoch: [7]  [200/218]  eta: 0:00:10  lr: 0.000087  loss: 0.0420  time: 0.4507  data: 0.0000  max mem: 5172
Train: data epoch: [7]  [217/218]  eta: 0:00:00  lr: 0.000087  loss: 0.0537  time: 0.5772  data: 0.0000  max mem: 5172
Train: data epoch: [7] Total time: 0:02:02 (0.5640 s / it)
2026-08-22 13:04:23,900 [INFO] AIGIQA-20K: EPOCH[7] -> SRCC 0.8599 PLCC_raw 0.9014 PLCC_mapped 0.9020 KRCC 0.6770 MainScore_official 0.8810
2026-08-22 13:04:23,901 [INFO] Start training
2026-08-22 13:04:24,555 [INFO] Start training epoch 8, 218 iters per inner epoch.
2026-08-22 13:06:26,208 [INFO] Averaged stats: lr: 0.000084  loss: 0.048138
2026-08-22 13:06:26,337 [INFO] gates: {"epoch": 8, "raw_quality_ratio": 6.3488, "quality_ratio": 0.1265, "dcar_delta_ratio": 13.2984, "lambda_q": 0.0199, "deviation_mean": 1.1426, "deviation_std": 0.1182, "patch_w_mean": 0.1095, "patch_w_std": 0.1233, "alpha_3": 0.25, "alpha_6": 0.25, "alpha_9": 0.25, "alpha_12": 0.25, "dcar_dw_norm": 3.9231, "dcar_dw_batch_std": 0.0292, "dcar_db_abs": 0.2498, "dcar_delta_abs": 3.5032, "dcar_deg_descriptor_norm": 11.3641, "dcar_prototype_norm": 4.8937}
2026-08-22 13:06:26,337 [INFO] Evaluating on val.
Train: data epoch: [8]  [  0/218]  eta: 0:23:15  lr: 0.000084  loss: 0.0385  time: 6.3995  data: 0.0001  max mem: 5172
Train: data epoch: [8]  [ 20/218]  eta: 0:02:52  lr: 0.000084  loss: 0.0507  time: 0.5949  data: 0.0000  max mem: 5172
Train: data epoch: [8]  [ 40/218]  eta: 0:02:07  lr: 0.000084  loss: 0.0321  time: 0.5502  data: 0.0000  max mem: 5172
Train: data epoch: [8]  [ 60/218]  eta: 0:01:39  lr: 0.000084  loss: 0.0492  time: 0.4597  data: 0.0000  max mem: 5172
Train: data epoch: [8]  [ 80/218]  eta: 0:01:25  lr: 0.000084  loss: 0.0392  time: 0.5712  data: 0.0000  max mem: 5172
Train: data epoch: [8]  [100/218]  eta: 0:01:11  lr: 0.000084  loss: 0.0553  time: 0.5851  data: 0.0000  max mem: 5172
Train: data epoch: [8]  [120/218]  eta: 0:00:56  lr: 0.000084  loss: 0.0682  time: 0.4135  data: 0.0000  max mem: 5172
Train: data epoch: [8]  [140/218]  eta: 0:00:44  lr: 0.000084  loss: 0.0486  time: 0.5000  data: 0.0000  max mem: 5172
Train: data epoch: [8]  [160/218]  eta: 0:00:33  lr: 0.000084  loss: 0.0609  time: 0.5906  data: 0.0000  max mem: 5172
Train: data epoch: [8]  [180/218]  eta: 0:00:21  lr: 0.000084  loss: 0.0421  time: 0.4345  data: 0.0000  max mem: 5172
Train: data epoch: [8]  [200/218]  eta: 0:00:10  lr: 0.000084  loss: 0.0441  time: 0.6107  data: 0.0000  max mem: 5172
Train: data epoch: [8]  [217/218]  eta: 0:00:00  lr: 0.000084  loss: 0.0696  time: 0.5375  data: 0.0000  max mem: 5172
Train: data epoch: [8] Total time: 0:02:01 (0.5580 s / it)
2026-08-22 13:07:02,382 [INFO] AIGIQA-20K: EPOCH[8] -> SRCC 0.8592 PLCC_raw 0.9019 PLCC_mapped 0.9022 KRCC 0.6763 MainScore_official 0.8807
2026-08-22 13:07:02,383 [INFO] Start training
2026-08-22 13:07:02,884 [INFO] Start training epoch 9, 218 iters per inner epoch.
2026-08-22 13:09:04,577 [INFO] Averaged stats: lr: 0.000080  loss: 0.040962
2026-08-22 13:09:04,708 [INFO] gates: {"epoch": 9, "raw_quality_ratio": 6.6566, "quality_ratio": 0.1436, "dcar_delta_ratio": 15.8851, "lambda_q": 0.0216, "deviation_mean": 1.0585, "deviation_std": 0.1188, "patch_w_mean": 0.1029, "patch_w_std": 0.1321, "alpha_3": 0.25, "alpha_6": 0.25, "alpha_9": 0.25, "alpha_12": 0.25, "dcar_dw_norm": 4.143, "dcar_dw_batch_std": 0.0252, "dcar_db_abs": 0.2566, "dcar_delta_abs": 3.6823, "dcar_deg_descriptor_norm": 11.3659, "dcar_prototype_norm": 4.8695}
2026-08-22 13:09:04,708 [INFO] Evaluating on val.
Train: data epoch: [9]  [  0/218]  eta: 0:24:57  lr: 0.000080  loss: 0.0280  time: 6.8714  data: 0.0001  max mem: 5172
Train: data epoch: [9]  [ 20/218]  eta: 0:02:52  lr: 0.000080  loss: 0.0565  time: 0.5728  data: 0.0000  max mem: 5172
Train: data epoch: [9]  [ 40/218]  eta: 0:02:01  lr: 0.000080  loss: 0.0504  time: 0.4821  data: 0.0000  max mem: 5172
Train: data epoch: [9]  [ 60/218]  eta: 0:01:39  lr: 0.000080  loss: 0.0323  time: 0.5248  data: 0.0000  max mem: 5172
Train: data epoch: [9]  [ 80/218]  eta: 0:01:23  lr: 0.000080  loss: 0.0482  time: 0.5200  data: 0.0000  max mem: 5172
Train: data epoch: [9]  [100/218]  eta: 0:01:06  lr: 0.000080  loss: 0.0461  time: 0.4100  data: 0.0000  max mem: 5172
Train: data epoch: [9]  [120/218]  eta: 0:00:55  lr: 0.000080  loss: 0.0611  time: 0.5972  data: 0.0000  max mem: 5172
Train: data epoch: [9]  [140/218]  eta: 0:00:43  lr: 0.000080  loss: 0.0314  time: 0.4927  data: 0.0000  max mem: 5172
Train: data epoch: [9]  [160/218]  eta: 0:00:32  lr: 0.000080  loss: 0.0312  time: 0.5150  data: 0.0000  max mem: 5172
Train: data epoch: [9]  [180/218]  eta: 0:00:21  lr: 0.000080  loss: 0.0501  time: 0.5751  data: 0.0000  max mem: 5172
Train: data epoch: [9]  [200/218]  eta: 0:00:10  lr: 0.000080  loss: 0.0450  time: 0.5754  data: 0.0000  max mem: 5172
Train: data epoch: [9]  [217/218]  eta: 0:00:00  lr: 0.000080  loss: 0.0448  time: 0.5592  data: 0.0000  max mem: 5172
Train: data epoch: [9] Total time: 0:02:01 (0.5582 s / it)
2026-08-22 13:09:33,366 [INFO] AIGIQA-20K: EPOCH[9] -> SRCC 0.8553 PLCC_raw 0.9000 PLCC_mapped 0.9001 KRCC 0.6718 MainScore_official 0.8777
2026-08-22 13:09:33,367 [INFO] Start training
2026-08-22 13:09:33,968 [INFO] Start training epoch 10, 218 iters per inner epoch.
2026-08-22 13:11:39,167 [INFO] Averaged stats: lr: 0.000075  loss: 0.033889
2026-08-22 13:11:39,306 [INFO] gates: {"epoch": 10, "raw_quality_ratio": 6.999, "quality_ratio": 0.1618, "dcar_delta_ratio": 19.8142, "lambda_q": 0.0231, "deviation_mean": 1.0478, "deviation_std": 0.1219, "patch_w_mean": 0.0763, "patch_w_std": 0.1111, "alpha_3": 0.25, "alpha_6": 0.25, "alpha_9": 0.25, "alpha_12": 0.25, "dcar_dw_norm": 4.2093, "dcar_dw_batch_std": 0.0287, "dcar_db_abs": 0.2542, "dcar_delta_abs": 3.6644, "dcar_deg_descriptor_norm": 11.3659, "dcar_prototype_norm": 4.8809}
2026-08-22 13:11:39,307 [INFO] Evaluating on val.
Train: data epoch: [10]  [  0/218]  eta: 0:29:30  lr: 0.000075  loss: 0.0274  time: 8.1195  data: 0.0001  max mem: 5172
Train: data epoch: [10]  [ 20/218]  eta: 0:03:09  lr: 0.000075  loss: 0.0310  time: 0.5987  data: 0.0000  max mem: 5172
Train: data epoch: [10]  [ 40/218]  eta: 0:02:08  lr: 0.000075  loss: 0.0359  time: 0.4796  data: 0.0000  max mem: 5172
Train: data epoch: [10]  [ 60/218]  eta: 0:01:43  lr: 0.000075  loss: 0.0210  time: 0.5199  data: 0.0000  max mem: 5172
Train: data epoch: [10]  [ 80/218]  eta: 0:01:22  lr: 0.000075  loss: 0.0227  time: 0.4100  data: 0.0000  max mem: 5172
Train: data epoch: [10]  [100/218]  eta: 0:01:09  lr: 0.000075  loss: 0.0394  time: 0.5735  data: 0.0000  max mem: 5172
Train: data epoch: [10]  [120/218]  eta: 0:00:56  lr: 0.000075  loss: 0.0291  time: 0.5264  data: 0.0000  max mem: 5172
Train: data epoch: [10]  [140/218]  eta: 0:00:44  lr: 0.000075  loss: 0.0316  time: 0.5351  data: 0.0000  max mem: 5172
Train: data epoch: [10]  [160/218]  eta: 0:00:33  lr: 0.000075  loss: 0.0352  time: 0.5948  data: 0.0000  max mem: 5172
Train: data epoch: [10]  [180/218]  eta: 0:00:21  lr: 0.000075  loss: 0.0344  time: 0.5829  data: 0.0000  max mem: 5172
Train: data epoch: [10]  [200/218]  eta: 0:00:10  lr: 0.000075  loss: 0.0346  time: 0.5497  data: 0.0000  max mem: 5172
Train: data epoch: [10]  [217/218]  eta: 0:00:00  lr: 0.000075  loss: 0.0214  time: 0.5674  data: 0.0000  max mem: 5172
Train: data epoch: [10] Total time: 0:02:05 (0.5743 s / it)
2026-08-22 13:12:07,403 [INFO] AIGIQA-20K: EPOCH[10] -> SRCC 0.8578 PLCC_raw 0.8998 PLCC_mapped 0.9001 KRCC 0.6742 MainScore_official 0.8789
2026-08-22 13:12:07,462 [INFO] Saving checkpoint at epoch 10 to run/20260822124_E2_DGDCAR_20k/checkpoint_latest.pth.
2026-08-22 13:12:07,514 [INFO] Start training
2026-08-22 13:12:07,987 [INFO] Start training epoch 11, 218 iters per inner epoch.
2026-08-22 13:14:11,488 [INFO] Averaged stats: lr: 0.000071  loss: 0.026517
2026-08-22 13:14:11,625 [INFO] gates: {"epoch": 11, "raw_quality_ratio": 7.2296, "quality_ratio": 0.1768, "dcar_delta_ratio": 23.9733, "lambda_q": 0.0245, "deviation_mean": 1.0518, "deviation_std": 0.1311, "patch_w_mean": 0.0621, "patch_w_std": 0.1034, "alpha_3": 0.25, "alpha_6": 0.25, "alpha_9": 0.25, "alpha_12": 0.25, "dcar_dw_norm": 4.3737, "dcar_dw_batch_std": 0.0261, "dcar_db_abs": 0.2559, "dcar_delta_abs": 3.6814, "dcar_deg_descriptor_norm": 11.3674, "dcar_prototype_norm": 4.8428}
2026-08-22 13:14:11,625 [INFO] Evaluating on val.
Train: data epoch: [11]  [  0/218]  eta: 0:25:02  lr: 0.000071  loss: 0.0252  time: 6.8930  data: 0.0002  max mem: 5172
Train: data epoch: [11]  [ 20/218]  eta: 0:02:48  lr: 0.000071  loss: 0.0301  time: 0.5486  data: 0.0000  max mem: 5172
Train: data epoch: [11]  [ 40/218]  eta: 0:02:00  lr: 0.000071  loss: 0.0234  time: 0.4947  data: 0.0000  max mem: 5172
Train: data epoch: [11]  [ 60/218]  eta: 0:01:33  lr: 0.000071  loss: 0.0251  time: 0.4203  data: 0.0000  max mem: 5172
Train: data epoch: [11]  [ 80/218]  eta: 0:01:19  lr: 0.000071  loss: 0.0258  time: 0.5255  data: 0.0000  max mem: 5172
Train: data epoch: [11]  [100/218]  eta: 0:01:07  lr: 0.000071  loss: 0.0248  time: 0.5687  data: 0.0000  max mem: 5172
Train: data epoch: [11]  [120/218]  eta: 0:00:54  lr: 0.000071  loss: 0.0252  time: 0.4806  data: 0.0000  max mem: 5172
Train: data epoch: [11]  [140/218]  eta: 0:00:44  lr: 0.000071  loss: 0.0292  time: 0.6200  data: 0.0000  max mem: 5172
Train: data epoch: [11]  [160/218]  eta: 0:00:33  lr: 0.000071  loss: 0.0295  time: 0.5999  data: 0.0000  max mem: 5172
Train: data epoch: [11]  [180/218]  eta: 0:00:21  lr: 0.000071  loss: 0.0317  time: 0.5522  data: 0.0000  max mem: 5172
Train: data epoch: [11]  [200/218]  eta: 0:00:10  lr: 0.000071  loss: 0.0248  time: 0.5451  data: 0.0000  max mem: 5172
Train: data epoch: [11]  [217/218]  eta: 0:00:00  lr: 0.000071  loss: 0.0237  time: 0.5570  data: 0.0000  max mem: 5172
Train: data epoch: [11] Total time: 0:02:03 (0.5665 s / it)
2026-08-22 13:14:36,295 [INFO] AIGIQA-20K: EPOCH[11] -> SRCC 0.8517 PLCC_raw 0.8957 PLCC_mapped 0.8960 KRCC 0.6675 MainScore_official 0.8739
2026-08-22 13:14:36,296 [INFO] Start training
2026-08-22 13:14:36,588 [INFO] Start training epoch 12, 218 iters per inner epoch.
2026-08-22 13:16:35,767 [INFO] Averaged stats: lr: 0.000066  loss: 0.021640
2026-08-22 13:16:35,897 [INFO] gates: {"epoch": 12, "raw_quality_ratio": 7.3683, "quality_ratio": 0.1893, "dcar_delta_ratio": 27.4943, "lambda_q": 0.0257, "deviation_mean": 1.0461, "deviation_std": 0.1183, "patch_w_mean": 0.0548, "patch_w_std": 0.0923, "alpha_3": 0.25, "alpha_6": 0.25, "alpha_9": 0.25, "alpha_12": 0.25, "dcar_dw_norm": 4.4847, "dcar_dw_batch_std": 0.0283, "dcar_db_abs": 0.2551, "dcar_delta_abs": 3.6617, "dcar_deg_descriptor_norm": 11.368, "dcar_prototype_norm": 4.8422}
2026-08-22 13:16:35,897 [INFO] Evaluating on val.
Train: data epoch: [12]  [  0/218]  eta: 0:16:42  lr: 0.000066  loss: 0.0206  time: 4.5979  data: 0.0001  max mem: 5172
Train: data epoch: [12]  [ 20/218]  eta: 0:02:24  lr: 0.000066  loss: 0.0209  time: 0.5384  data: 0.0000  max mem: 5172
Train: data epoch: [12]  [ 40/218]  eta: 0:01:49  lr: 0.000066  loss: 0.0340  time: 0.4950  data: 0.0000  max mem: 5172
Train: data epoch: [12]  [ 60/218]  eta: 0:01:27  lr: 0.000066  loss: 0.0167  time: 0.4199  data: 0.0000  max mem: 5172
Train: data epoch: [12]  [ 80/218]  eta: 0:01:15  lr: 0.000066  loss: 0.0221  time: 0.5249  data: 0.0000  max mem: 5172
Train: data epoch: [12]  [100/218]  eta: 0:01:05  lr: 0.000066  loss: 0.0232  time: 0.5850  data: 0.0000  max mem: 5172
Train: data epoch: [12]  [120/218]  eta: 0:00:51  lr: 0.000066  loss: 0.0230  time: 0.3750  data: 0.0000  max mem: 5172
Train: data epoch: [12]  [140/218]  eta: 0:00:41  lr: 0.000066  loss: 0.0296  time: 0.5800  data: 0.0000  max mem: 5172
Train: data epoch: [12]  [160/218]  eta: 0:00:31  lr: 0.000066  loss: 0.0277  time: 0.5900  data: 0.0000  max mem: 5172
Train: data epoch: [12]  [180/218]  eta: 0:00:20  lr: 0.000066  loss: 0.0230  time: 0.5899  data: 0.0000  max mem: 5172
Train: data epoch: [12]  [200/218]  eta: 0:00:09  lr: 0.000066  loss: 0.0226  time: 0.5623  data: 0.0000  max mem: 5172
Train: data epoch: [12]  [217/218]  eta: 0:00:00  lr: 0.000066  loss: 0.0242  time: 0.5528  data: 0.0000  max mem: 5172
Train: data epoch: [12] Total time: 0:01:59 (0.5467 s / it)
2026-08-22 13:17:01,302 [INFO] AIGIQA-20K: EPOCH[12] -> SRCC 0.8518 PLCC_raw 0.8946 PLCC_mapped 0.8954 KRCC 0.6679 MainScore_official 0.8736
2026-08-22 13:17:01,303 [INFO] Start training
2026-08-22 13:17:01,663 [INFO] Start training epoch 13, 218 iters per inner epoch.
2026-08-22 13:19:08,781 [INFO] Averaged stats: lr: 0.000061  loss: 0.017085
2026-08-22 13:19:08,920 [INFO] gates: {"epoch": 13, "raw_quality_ratio": 7.5856, "quality_ratio": 0.2029, "dcar_delta_ratio": 33.5591, "lambda_q": 0.0268, "deviation_mean": 1.0374, "deviation_std": 0.1292, "patch_w_mean": 0.0503, "patch_w_std": 0.0863, "alpha_3": 0.25, "alpha_6": 0.25, "alpha_9": 0.25, "alpha_12": 0.25, "dcar_dw_norm": 4.641, "dcar_dw_batch_std": 0.0252, "dcar_db_abs": 0.2581, "dcar_delta_abs": 3.7647, "dcar_deg_descriptor_norm": 11.3693, "dcar_prototype_norm": 4.827}
2026-08-22 13:19:08,921 [INFO] Evaluating on val.
Train: data epoch: [13]  [  0/218]  eta: 0:19:35  lr: 0.000061  loss: 0.0171  time: 5.3926  data: 0.0001  max mem: 5172
Train: data epoch: [13]  [ 20/218]  eta: 0:03:08  lr: 0.000061  loss: 0.0113  time: 0.7299  data: 0.0000  max mem: 5172
Train: data epoch: [13]  [ 40/218]  eta: 0:02:08  lr: 0.000061  loss: 0.0165  time: 0.4750  data: 0.0000  max mem: 5172
Train: data epoch: [13]  [ 60/218]  eta: 0:01:38  lr: 0.000061  loss: 0.0110  time: 0.4201  data: 0.0000  max mem: 5172
Train: data epoch: [13]  [ 80/218]  eta: 0:01:24  lr: 0.000061  loss: 0.0165  time: 0.5967  data: 0.0000  max mem: 5172
Train: data epoch: [13]  [100/218]  eta: 0:01:09  lr: 0.000061  loss: 0.0182  time: 0.4880  data: 0.0000  max mem: 5172
Train: data epoch: [13]  [120/218]  eta: 0:00:57  lr: 0.000061  loss: 0.0163  time: 0.5450  data: 0.0000  max mem: 5172
Train: data epoch: [13]  [140/218]  eta: 0:00:45  lr: 0.000061  loss: 0.0172  time: 0.5949  data: 0.0000  max mem: 5172
Train: data epoch: [13]  [160/218]  eta: 0:00:33  lr: 0.000061  loss: 0.0173  time: 0.5899  data: 0.0000  max mem: 5172
Train: data epoch: [13]  [180/218]  eta: 0:00:22  lr: 0.000061  loss: 0.0137  time: 0.5901  data: 0.0000  max mem: 5172
Train: data epoch: [13]  [200/218]  eta: 0:00:10  lr: 0.000061  loss: 0.0310  time: 0.5829  data: 0.0000  max mem: 5172
Train: data epoch: [13]  [217/218]  eta: 0:00:00  lr: 0.000061  loss: 0.0174  time: 0.5582  data: 0.0000  max mem: 5172
Train: data epoch: [13] Total time: 0:02:07 (0.5831 s / it)
2026-08-22 13:19:33,765 [INFO] AIGIQA-20K: EPOCH[13] -> SRCC 0.8480 PLCC_raw 0.8945 PLCC_mapped 0.8953 KRCC 0.6634 MainScore_official 0.8716
2026-08-22 13:19:33,767 [INFO] Start training
2026-08-22 13:19:34,160 [INFO] Start training epoch 14, 218 iters per inner epoch.
2026-08-22 13:21:35,050 [INFO] Averaged stats: lr: 0.000056  loss: 0.013394
2026-08-22 13:21:35,205 [INFO] gates: {"epoch": 14, "raw_quality_ratio": 7.5968, "quality_ratio": 0.2107, "dcar_delta_ratio": 36.8705, "lambda_q": 0.0277, "deviation_mean": 1.0258, "deviation_std": 0.1314, "patch_w_mean": 0.0499, "patch_w_std": 0.0914, "alpha_3": 0.25, "alpha_6": 0.25, "alpha_9": 0.25, "alpha_12": 0.25, "dcar_dw_norm": 4.7505, "dcar_dw_batch_std": 0.0297, "dcar_db_abs": 0.2578, "dcar_delta_abs": 3.7334, "dcar_deg_descriptor_norm": 11.3703, "dcar_prototype_norm": 4.773}
2026-08-22 13:21:35,206 [INFO] Evaluating on val.
Train: data epoch: [14]  [  0/218]  eta: 0:17:48  lr: 0.000056  loss: 0.0186  time: 4.8992  data: 0.0001  max mem: 5172
Train: data epoch: [14]  [ 20/218]  eta: 0:02:21  lr: 0.000056  loss: 0.0147  time: 0.5047  data: 0.0000  max mem: 5172
Train: data epoch: [14]  [ 40/218]  eta: 0:01:47  lr: 0.000056  loss: 0.0109  time: 0.4899  data: 0.0000  max mem: 5172
Train: data epoch: [14]  [ 60/218]  eta: 0:01:25  lr: 0.000056  loss: 0.0138  time: 0.4050  data: 0.0000  max mem: 5172
Train: data epoch: [14]  [ 80/218]  eta: 0:01:16  lr: 0.000056  loss: 0.0144  time: 0.5917  data: 0.0000  max mem: 5172
Train: data epoch: [14]  [100/218]  eta: 0:01:04  lr: 0.000056  loss: 0.0137  time: 0.5082  data: 0.0000  max mem: 5172
Train: data epoch: [14]  [120/218]  eta: 0:00:52  lr: 0.000056  loss: 0.0109  time: 0.5250  data: 0.0000  max mem: 5172
Train: data epoch: [14]  [140/218]  eta: 0:00:42  lr: 0.000056  loss: 0.0172  time: 0.5952  data: 0.0000  max mem: 5172
Train: data epoch: [14]  [160/218]  eta: 0:00:32  lr: 0.000056  loss: 0.0128  time: 0.5896  data: 0.0000  max mem: 5172
Train: data epoch: [14]  [180/218]  eta: 0:00:21  lr: 0.000056  loss: 0.0135  time: 0.5651  data: 0.0000  max mem: 5172
Train: data epoch: [14]  [200/218]  eta: 0:00:09  lr: 0.000056  loss: 0.0122  time: 0.5558  data: 0.0000  max mem: 5172
Train: data epoch: [14]  [217/218]  eta: 0:00:00  lr: 0.000056  loss: 0.0111  time: 0.5522  data: 0.0000  max mem: 5172
Train: data epoch: [14] Total time: 0:02:00 (0.5545 s / it)
2026-08-22 13:21:58,475 [INFO] AIGIQA-20K: EPOCH[14] -> SRCC 0.8465 PLCC_raw 0.8931 PLCC_mapped 0.8939 KRCC 0.6618 MainScore_official 0.8702
2026-08-22 13:21:58,476 [INFO] Start training
2026-08-22 13:21:58,863 [INFO] Start training epoch 15, 218 iters per inner epoch.
2026-08-22 13:23:58,070 [INFO] Averaged stats: lr: 0.000051  loss: 0.010882
2026-08-22 13:23:58,233 [INFO] gates: {"epoch": 15, "raw_quality_ratio": 7.7567, "quality_ratio": 0.221, "dcar_delta_ratio": 41.5414, "lambda_q": 0.0285, "deviation_mean": 1.0162, "deviation_std": 0.1412, "patch_w_mean": 0.0525, "patch_w_std": 0.0889, "alpha_3": 0.25, "alpha_6": 0.25, "alpha_9": 0.25, "alpha_12": 0.25, "dcar_dw_norm": 4.7888, "dcar_dw_batch_std": 0.0305, "dcar_db_abs": 0.2544, "dcar_delta_abs": 3.7322, "dcar_deg_descriptor_norm": 11.3704, "dcar_prototype_norm": 4.8535}
2026-08-22 13:23:58,233 [INFO] Evaluating on val.
Train: data epoch: [15]  [  0/218]  eta: 0:14:52  lr: 0.000051  loss: 0.0091  time: 4.0949  data: 0.0001  max mem: 5172
Train: data epoch: [15]  [ 20/218]  eta: 0:02:17  lr: 0.000051  loss: 0.0085  time: 0.5248  data: 0.0000  max mem: 5172
Train: data epoch: [15]  [ 40/218]  eta: 0:01:48  lr: 0.000051  loss: 0.0102  time: 0.5243  data: 0.0000  max mem: 5172
Train: data epoch: [15]  [ 60/218]  eta: 0:01:27  lr: 0.000051  loss: 0.0135  time: 0.4408  data: 0.0000  max mem: 5172
Train: data epoch: [15]  [ 80/218]  eta: 0:01:15  lr: 0.000051  loss: 0.0112  time: 0.5248  data: 0.0000  max mem: 5172
Train: data epoch: [15]  [100/218]  eta: 0:01:05  lr: 0.000051  loss: 0.0118  time: 0.5767  data: 0.0000  max mem: 5172
Train: data epoch: [15]  [120/218]  eta: 0:00:52  lr: 0.000051  loss: 0.0098  time: 0.4433  data: 0.0000  max mem: 5172
Train: data epoch: [15]  [140/218]  eta: 0:00:41  lr: 0.000051  loss: 0.0124  time: 0.5348  data: 0.0000  max mem: 5172
Train: data epoch: [15]  [160/218]  eta: 0:00:31  lr: 0.000051  loss: 0.0163  time: 0.5993  data: 0.0000  max mem: 5172
Train: data epoch: [15]  [180/218]  eta: 0:00:20  lr: 0.000051  loss: 0.0092  time: 0.5602  data: 0.0000  max mem: 5172
Train: data epoch: [15]  [200/218]  eta: 0:00:09  lr: 0.000051  loss: 0.0088  time: 0.5519  data: 0.0000  max mem: 5172
Train: data epoch: [15]  [217/218]  eta: 0:00:00  lr: 0.000051  loss: 0.0124  time: 0.5570  data: 0.0000  max mem: 5172
Train: data epoch: [15] Total time: 0:01:59 (0.5468 s / it)
2026-08-22 13:24:23,329 [INFO] AIGIQA-20K: EPOCH[15] -> SRCC 0.8460 PLCC_raw 0.8927 PLCC_mapped 0.8939 KRCC 0.6608 MainScore_official 0.8699
2026-08-22 13:24:23,350 [INFO] Saving checkpoint at epoch 15 to run/20260822124_E2_DGDCAR_20k/checkpoint_latest.pth.
2026-08-22 13:24:23,419 [INFO] Start training
2026-08-22 13:24:23,719 [INFO] Start training epoch 16, 218 iters per inner epoch.
2026-08-22 13:26:22,160 [INFO] Averaged stats: lr: 0.000045  loss: 0.008671
2026-08-22 13:26:22,309 [INFO] gates: {"epoch": 16, "raw_quality_ratio": 7.7835, "quality_ratio": 0.2277, "dcar_delta_ratio": 41.5763, "lambda_q": 0.0293, "deviation_mean": 0.9986, "deviation_std": 0.1205, "patch_w_mean": 0.0483, "patch_w_std": 0.0823, "alpha_3": 0.25, "alpha_6": 0.25, "alpha_9": 0.25, "alpha_12": 0.25, "dcar_dw_norm": 4.924, "dcar_dw_batch_std": 0.0313, "dcar_db_abs": 0.2571, "dcar_delta_abs": 3.8293, "dcar_deg_descriptor_norm": 11.3715, "dcar_prototype_norm": 4.8098}
2026-08-22 13:26:22,309 [INFO] Evaluating on val.
Train: data epoch: [16]  [  0/218]  eta: 0:14:19  lr: 0.000045  loss: 0.0084  time: 3.9449  data: 0.0001  max mem: 5172
Train: data epoch: [16]  [ 20/218]  eta: 0:02:14  lr: 0.000045  loss: 0.0080  time: 0.5145  data: 0.0000  max mem: 5172
Train: data epoch: [16]  [ 40/218]  eta: 0:01:49  lr: 0.000045  loss: 0.0051  time: 0.5542  data: 0.0000  max mem: 5172
Train: data epoch: [16]  [ 60/218]  eta: 0:01:29  lr: 0.000045  loss: 0.0080  time: 0.4658  data: 0.0000  max mem: 5172
Train: data epoch: [16]  [ 80/218]  eta: 0:01:12  lr: 0.000045  loss: 0.0115  time: 0.4000  data: 0.0000  max mem: 5172
Train: data epoch: [16]  [100/218]  eta: 0:01:01  lr: 0.000045  loss: 0.0118  time: 0.4801  data: 0.0000  max mem: 5172
Train: data epoch: [16]  [120/218]  eta: 0:00:51  lr: 0.000045  loss: 0.0070  time: 0.5884  data: 0.0000  max mem: 5172
Train: data epoch: [16]  [140/218]  eta: 0:00:40  lr: 0.000045  loss: 0.0071  time: 0.4815  data: 0.0000  max mem: 5172
Train: data epoch: [16]  [160/218]  eta: 0:00:30  lr: 0.000045  loss: 0.0087  time: 0.6047  data: 0.0000  max mem: 5172
Train: data epoch: [16]  [180/218]  eta: 0:00:20  lr: 0.000045  loss: 0.0074  time: 0.6099  data: 0.0000  max mem: 5172
Train: data epoch: [16]  [200/218]  eta: 0:00:09  lr: 0.000045  loss: 0.0078  time: 0.5562  data: 0.0000  max mem: 5172
Train: data epoch: [16]  [217/218]  eta: 0:00:00  lr: 0.000045  loss: 0.0083  time: 0.5502  data: 0.0000  max mem: 5172
Train: data epoch: [16] Total time: 0:01:58 (0.5433 s / it)
2026-08-22 13:26:45,214 [INFO] AIGIQA-20K: EPOCH[16] -> SRCC 0.8443 PLCC_raw 0.8924 PLCC_mapped 0.8932 KRCC 0.6593 MainScore_official 0.8688
2026-08-22 13:26:45,215 [INFO] Start training
2026-08-22 13:26:45,526 [INFO] Start training epoch 17, 218 iters per inner epoch.
2026-08-22 13:28:43,825 [INFO] Averaged stats: lr: 0.000040  loss: 0.007298
2026-08-22 13:28:43,950 [INFO] gates: {"epoch": 17, "raw_quality_ratio": 7.969, "quality_ratio": 0.239, "dcar_delta_ratio": 43.6841, "lambda_q": 0.03, "deviation_mean": 1.0023, "deviation_std": 0.1239, "patch_w_mean": 0.0496, "patch_w_std": 0.0885, "alpha_3": 0.25, "alpha_6": 0.25, "alpha_9": 0.25, "alpha_12": 0.25, "dcar_dw_norm": 5.0227, "dcar_dw_batch_std": 0.02, "dcar_db_abs": 0.2576, "dcar_delta_abs": 3.9167, "dcar_deg_descriptor_norm": 11.3715, "dcar_prototype_norm": 4.8005}
2026-08-22 13:28:43,951 [INFO] Evaluating on val.
Train: data epoch: [17]  [  0/218]  eta: 0:12:48  lr: 0.000040  loss: 0.0061  time: 3.5253  data: 0.0001  max mem: 5172
Train: data epoch: [17]  [ 20/218]  eta: 0:02:10  lr: 0.000040  loss: 0.0093  time: 0.5151  data: 0.0000  max mem: 5172
Train: data epoch: [17]  [ 40/218]  eta: 0:01:35  lr: 0.000040  loss: 0.0059  time: 0.4050  data: 0.0000  max mem: 5172
Train: data epoch: [17]  [ 60/218]  eta: 0:01:26  lr: 0.000040  loss: 0.0054  time: 0.5750  data: 0.0000  max mem: 5172
Train: data epoch: [17]  [ 80/218]  eta: 0:01:14  lr: 0.000040  loss: 0.0075  time: 0.5100  data: 0.0000  max mem: 5172
Train: data epoch: [17]  [100/218]  eta: 0:01:00  lr: 0.000040  loss: 0.0084  time: 0.4200  data: 0.0000  max mem: 5172
Train: data epoch: [17]  [120/218]  eta: 0:00:51  lr: 0.000040  loss: 0.0059  time: 0.5924  data: 0.0000  max mem: 5172
Train: data epoch: [17]  [140/218]  eta: 0:00:40  lr: 0.000040  loss: 0.0075  time: 0.4976  data: 0.0000  max mem: 5172
Train: data epoch: [17]  [160/218]  eta: 0:00:30  lr: 0.000040  loss: 0.0088  time: 0.5753  data: 0.0000  max mem: 5172
Train: data epoch: [17]  [180/218]  eta: 0:00:20  lr: 0.000040  loss: 0.0086  time: 0.5946  data: 0.0000  max mem: 5172
Train: data epoch: [17]  [200/218]  eta: 0:00:09  lr: 0.000040  loss: 0.0088  time: 0.5810  data: 0.0000  max mem: 5172
Train: data epoch: [17]  [217/218]  eta: 0:00:00  lr: 0.000040  loss: 0.0064  time: 0.5525  data: 0.0000  max mem: 5172
Train: data epoch: [17] Total time: 0:01:58 (0.5427 s / it)
2026-08-22 13:29:10,751 [INFO] AIGIQA-20K: EPOCH[17] -> SRCC 0.8437 PLCC_raw 0.8920 PLCC_mapped 0.8929 KRCC 0.6581 MainScore_official 0.8683
2026-08-22 13:29:10,752 [INFO] Start training
2026-08-22 13:29:11,121 [INFO] Start training epoch 18, 218 iters per inner epoch.
2026-08-22 13:31:14,901 [INFO] Averaged stats: lr: 0.000035  loss: 0.005855
2026-08-22 13:31:15,042 [INFO] gates: {"epoch": 18, "raw_quality_ratio": 7.9155, "quality_ratio": 0.2411, "dcar_delta_ratio": 49.2533, "lambda_q": 0.0305, "deviation_mean": 0.9949, "deviation_std": 0.123, "patch_w_mean": 0.0523, "patch_w_std": 0.0863, "alpha_3": 0.25, "alpha_6": 0.25, "alpha_9": 0.25, "alpha_12": 0.25, "dcar_dw_norm": 4.8982, "dcar_dw_batch_std": 0.0371, "dcar_db_abs": 0.2483, "dcar_delta_abs": 3.6255, "dcar_deg_descriptor_norm": 11.3715, "dcar_prototype_norm": 4.9045}
2026-08-22 13:31:15,043 [INFO] Evaluating on val.
Train: data epoch: [18]  [  0/218]  eta: 0:24:57  lr: 0.000035  loss: 0.0053  time: 6.8706  data: 0.0001  max mem: 5172
Train: data epoch: [18]  [ 20/218]  eta: 0:02:54  lr: 0.000035  loss: 0.0056  time: 0.5831  data: 0.0000  max mem: 5172
Train: data epoch: [18]  [ 40/218]  eta: 0:02:01  lr: 0.000035  loss: 0.0044  time: 0.4699  data: 0.0000  max mem: 5172
Train: data epoch: [18]  [ 60/218]  eta: 0:01:40  lr: 0.000035  loss: 0.0048  time: 0.5501  data: 0.0000  max mem: 5172
Train: data epoch: [18]  [ 80/218]  eta: 0:01:19  lr: 0.000035  loss: 0.0056  time: 0.4000  data: 0.0000  max mem: 5172
Train: data epoch: [18]  [100/218]  eta: 0:01:08  lr: 0.000035  loss: 0.0068  time: 0.5896  data: 0.0000  max mem: 5172
Train: data epoch: [18]  [120/218]  eta: 0:00:55  lr: 0.000035  loss: 0.0087  time: 0.5053  data: 0.0000  max mem: 5172
Train: data epoch: [18]  [140/218]  eta: 0:00:44  lr: 0.000035  loss: 0.0064  time: 0.6000  data: 0.0000  max mem: 5172
Train: data epoch: [18]  [160/218]  eta: 0:00:33  lr: 0.000035  loss: 0.0040  time: 0.5677  data: 0.0000  max mem: 5172
Train: data epoch: [18]  [180/218]  eta: 0:00:21  lr: 0.000035  loss: 0.0058  time: 0.5537  data: 0.0000  max mem: 5172
Train: data epoch: [18]  [200/218]  eta: 0:00:10  lr: 0.000035  loss: 0.0059  time: 0.5509  data: 0.0000  max mem: 5172
Train: data epoch: [18]  [217/218]  eta: 0:00:00  lr: 0.000035  loss: 0.0056  time: 0.5572  data: 0.0000  max mem: 5172
Train: data epoch: [18] Total time: 0:02:03 (0.5678 s / it)
2026-08-22 13:31:40,920 [INFO] AIGIQA-20K: EPOCH[18] -> SRCC 0.8436 PLCC_raw 0.8920 PLCC_mapped 0.8933 KRCC 0.6588 MainScore_official 0.8685
2026-08-22 13:31:40,921 [INFO] Start training
2026-08-22 13:31:41,243 [INFO] Start training epoch 19, 218 iters per inner epoch.
2026-08-22 13:33:43,267 [INFO] Averaged stats: lr: 0.000030  loss: 0.004809
2026-08-22 13:33:43,420 [INFO] gates: {"epoch": 19, "raw_quality_ratio": 7.9786, "quality_ratio": 0.2464, "dcar_delta_ratio": 48.1393, "lambda_q": 0.0309, "deviation_mean": 0.9929, "deviation_std": 0.129, "patch_w_mean": 0.0545, "patch_w_std": 0.0947, "alpha_3": 0.25, "alpha_6": 0.25, "alpha_9": 0.25, "alpha_12": 0.25, "dcar_dw_norm": 5.0749, "dcar_dw_batch_std": 0.0282, "dcar_db_abs": 0.2544, "dcar_delta_abs": 3.7991, "dcar_deg_descriptor_norm": 11.372, "dcar_prototype_norm": 4.8182}
2026-08-22 13:33:43,421 [INFO] Evaluating on val.
Train: data epoch: [19]  [  0/218]  eta: 0:16:45  lr: 0.000030  loss: 0.0036  time: 4.6124  data: 0.0001  max mem: 5172
Train: data epoch: [19]  [ 20/218]  eta: 0:02:24  lr: 0.000030  loss: 0.0032  time: 0.5348  data: 0.0000  max mem: 5172
Train: data epoch: [19]  [ 40/218]  eta: 0:01:51  lr: 0.000030  loss: 0.0031  time: 0.5189  data: 0.0000  max mem: 5172
Train: data epoch: [19]  [ 60/218]  eta: 0:01:29  lr: 0.000030  loss: 0.0059  time: 0.4460  data: 0.0000  max mem: 5172
Train: data epoch: [19]  [ 80/218]  eta: 0:01:15  lr: 0.000030  loss: 0.0041  time: 0.4901  data: 0.0000  max mem: 5172
Train: data epoch: [19]  [100/218]  eta: 0:01:05  lr: 0.000030  loss: 0.0034  time: 0.5893  data: 0.0000  max mem: 5172
Train: data epoch: [19]  [120/218]  eta: 0:00:52  lr: 0.000030  loss: 0.0042  time: 0.4607  data: 0.0000  max mem: 5172
Train: data epoch: [19]  [140/218]  eta: 0:00:42  lr: 0.000030  loss: 0.0051  time: 0.5850  data: 0.0000  max mem: 5172
Train: data epoch: [19]  [160/218]  eta: 0:00:32  lr: 0.000030  loss: 0.0053  time: 0.6048  data: 0.0000  max mem: 5172
Train: data epoch: [19]  [180/218]  eta: 0:00:21  lr: 0.000030  loss: 0.0061  time: 0.5807  data: 0.0000  max mem: 5172
Train: data epoch: [19]  [200/218]  eta: 0:00:10  lr: 0.000030  loss: 0.0051  time: 0.5851  data: 0.0000  max mem: 5172
Train: data epoch: [19]  [217/218]  eta: 0:00:00  lr: 0.000030  loss: 0.0052  time: 0.5602  data: 0.0000  max mem: 5172
Train: data epoch: [19] Total time: 0:02:02 (0.5597 s / it)
2026-08-22 13:34:08,522 [INFO] AIGIQA-20K: EPOCH[19] -> SRCC 0.8418 PLCC_raw 0.8911 PLCC_mapped 0.8923 KRCC 0.6564 MainScore_official 0.8671
2026-08-22 13:34:08,523 [INFO] Start training
2026-08-22 13:34:08,887 [INFO] Start training epoch 20, 218 iters per inner epoch.
2026-08-22 13:36:10,850 [INFO] Averaged stats: lr: 0.000026  loss: 0.004215
2026-08-22 13:36:10,954 [INFO] gates: {"epoch": 20, "raw_quality_ratio": 8.0579, "quality_ratio": 0.252, "dcar_delta_ratio": 54.1091, "lambda_q": 0.0313, "deviation_mean": 0.9895, "deviation_std": 0.1157, "patch_w_mean": 0.0468, "patch_w_std": 0.0864, "alpha_3": 0.25, "alpha_6": 0.25, "alpha_9": 0.25, "alpha_12": 0.25, "dcar_dw_norm": 4.9355, "dcar_dw_batch_std": 0.0389, "dcar_db_abs": 0.245, "dcar_delta_abs": 3.6064, "dcar_deg_descriptor_norm": 11.3721, "dcar_prototype_norm": 4.8112}
2026-08-22 13:36:10,955 [INFO] Evaluating on val.
Train: data epoch: [20]  [  0/218]  eta: 0:17:01  lr: 0.000026  loss: 0.0030  time: 4.6851  data: 0.0001  max mem: 5172
Train: data epoch: [20]  [ 20/218]  eta: 0:02:23  lr: 0.000026  loss: 0.0066  time: 0.5291  data: 0.0000  max mem: 5172
Train: data epoch: [20]  [ 40/218]  eta: 0:01:52  lr: 0.000026  loss: 0.0048  time: 0.5368  data: 0.0000  max mem: 5172
Train: data epoch: [20]  [ 60/218]  eta: 0:01:29  lr: 0.000026  loss: 0.0038  time: 0.4344  data: 0.0000  max mem: 5172
Train: data epoch: [20]  [ 80/218]  eta: 0:01:17  lr: 0.000026  loss: 0.0036  time: 0.5284  data: 0.0000  max mem: 5172
Train: data epoch: [20]  [100/218]  eta: 0:01:06  lr: 0.000026  loss: 0.0037  time: 0.5713  data: 0.0000  max mem: 5172
Train: data epoch: [20]  [120/218]  eta: 0:00:53  lr: 0.000026  loss: 0.0044  time: 0.4690  data: 0.0000  max mem: 5172
Train: data epoch: [20]  [140/218]  eta: 0:00:43  lr: 0.000026  loss: 0.0037  time: 0.5999  data: 0.0000  max mem: 5172
Train: data epoch: [20]  [160/218]  eta: 0:00:32  lr: 0.000026  loss: 0.0031  time: 0.5979  data: 0.0000  max mem: 5172
Train: data epoch: [20]  [180/218]  eta: 0:00:21  lr: 0.000026  loss: 0.0026  time: 0.5650  data: 0.0000  max mem: 5172
Train: data epoch: [20]  [200/218]  eta: 0:00:10  lr: 0.000026  loss: 0.0049  time: 0.5608  data: 0.0000  max mem: 5172
Train: data epoch: [20]  [217/218]  eta: 0:00:00  lr: 0.000026  loss: 0.0048  time: 0.5543  data: 0.0000  max mem: 5172
Train: data epoch: [20] Total time: 0:02:01 (0.5595 s / it)
2026-08-22 13:36:34,160 [INFO] AIGIQA-20K: EPOCH[20] -> SRCC 0.8409 PLCC_raw 0.8915 PLCC_mapped 0.8926 KRCC 0.6554 MainScore_official 0.8668
2026-08-22 13:36:34,174 [INFO] Saving checkpoint at epoch 20 to run/20260822124_E2_DGDCAR_20k/checkpoint_latest.pth.
2026-08-22 13:36:34,235 [INFO] Start training
2026-08-22 13:36:34,594 [INFO] Start training epoch 21, 218 iters per inner epoch.
2026-08-22 13:38:36,886 [INFO] Averaged stats: lr: 0.000021  loss: 0.003608
2026-08-22 13:38:37,026 [INFO] gates: {"epoch": 21, "raw_quality_ratio": 8.0864, "quality_ratio": 0.2552, "dcar_delta_ratio": 52.6716, "lambda_q": 0.0316, "deviation_mean": 0.9898, "deviation_std": 0.1194, "patch_w_mean": 0.0495, "patch_w_std": 0.0881, "alpha_3": 0.25, "alpha_6": 0.25, "alpha_9": 0.25, "alpha_12": 0.25, "dcar_dw_norm": 5.1366, "dcar_dw_batch_std": 0.026, "dcar_db_abs": 0.2529, "dcar_delta_abs": 3.8031, "dcar_deg_descriptor_norm": 11.3726, "dcar_prototype_norm": 4.748}
2026-08-22 13:38:37,026 [INFO] Evaluating on val.
Train: data epoch: [21]  [  0/218]  eta: 0:15:54  lr: 0.000021  loss: 0.0033  time: 4.3785  data: 0.0001  max mem: 5172
Train: data epoch: [21]  [ 20/218]  eta: 0:02:18  lr: 0.000021  loss: 0.0018  time: 0.5140  data: 0.0000  max mem: 5172
Train: data epoch: [21]  [ 40/218]  eta: 0:01:50  lr: 0.000021  loss: 0.0028  time: 0.5356  data: 0.0000  max mem: 5172
Train: data epoch: [21]  [ 60/218]  eta: 0:01:28  lr: 0.000021  loss: 0.0033  time: 0.4344  data: 0.0000  max mem: 5172
Train: data epoch: [21]  [ 80/218]  eta: 0:01:16  lr: 0.000021  loss: 0.0031  time: 0.5299  data: 0.0000  max mem: 5172
Train: data epoch: [21]  [100/218]  eta: 0:01:05  lr: 0.000021  loss: 0.0032  time: 0.5888  data: 0.0000  max mem: 5172
Train: data epoch: [21]  [120/218]  eta: 0:00:52  lr: 0.000021  loss: 0.0029  time: 0.4482  data: 0.0000  max mem: 5172
Train: data epoch: [21]  [140/218]  eta: 0:00:42  lr: 0.000021  loss: 0.0059  time: 0.5902  data: 0.0000  max mem: 5172
Train: data epoch: [21]  [160/218]  eta: 0:00:32  lr: 0.000021  loss: 0.0043  time: 0.6150  data: 0.0000  max mem: 5172
Train: data epoch: [21]  [180/218]  eta: 0:00:21  lr: 0.000021  loss: 0.0038  time: 0.5965  data: 0.0000  max mem: 5172
Train: data epoch: [21]  [200/218]  eta: 0:00:10  lr: 0.000021  loss: 0.0051  time: 0.5645  data: 0.0000  max mem: 5172
Train: data epoch: [21]  [217/218]  eta: 0:00:00  lr: 0.000021  loss: 0.0052  time: 0.5588  data: 0.0000  max mem: 5172
Train: data epoch: [21] Total time: 0:02:02 (0.5610 s / it)
2026-08-22 13:39:02,322 [INFO] AIGIQA-20K: EPOCH[21] -> SRCC 0.8404 PLCC_raw 0.8902 PLCC_mapped 0.8918 KRCC 0.6549 MainScore_official 0.8661
2026-08-22 13:39:02,323 [INFO] Start training
2026-08-22 13:39:02,700 [INFO] Start training epoch 22, 218 iters per inner epoch.
2026-08-22 13:41:05,379 [INFO] Averaged stats: lr: 0.000017  loss: 0.003192
2026-08-22 13:41:05,525 [INFO] gates: {"epoch": 22, "raw_quality_ratio": 8.0624, "quality_ratio": 0.2565, "dcar_delta_ratio": 51.1086, "lambda_q": 0.0318, "deviation_mean": 1.0008, "deviation_std": 0.1215, "patch_w_mean": 0.045, "patch_w_std": 0.0824, "alpha_3": 0.25, "alpha_6": 0.25, "alpha_9": 0.25, "alpha_12": 0.25, "dcar_dw_norm": 5.1401, "dcar_dw_batch_std": 0.0315, "dcar_db_abs": 0.2517, "dcar_delta_abs": 3.7839, "dcar_deg_descriptor_norm": 11.3731, "dcar_prototype_norm": 4.7827}
2026-08-22 13:41:05,525 [INFO] Evaluating on val.
Train: data epoch: [22]  [  0/218]  eta: 0:17:40  lr: 0.000017  loss: 0.0039  time: 4.8666  data: 0.0001  max mem: 5172
Train: data epoch: [22]  [ 20/218]  eta: 0:02:21  lr: 0.000017  loss: 0.0032  time: 0.5093  data: 0.0000  max mem: 5172
Train: data epoch: [22]  [ 40/218]  eta: 0:01:51  lr: 0.000017  loss: 0.0023  time: 0.5356  data: 0.0000  max mem: 5172
Train: data epoch: [22]  [ 60/218]  eta: 0:01:28  lr: 0.000017  loss: 0.0024  time: 0.4294  data: 0.0000  max mem: 5172
Train: data epoch: [22]  [ 80/218]  eta: 0:01:17  lr: 0.000017  loss: 0.0032  time: 0.5596  data: 0.0000  max mem: 5172
Train: data epoch: [22]  [100/218]  eta: 0:01:06  lr: 0.000017  loss: 0.0033  time: 0.5553  data: 0.0000  max mem: 5172
Train: data epoch: [22]  [120/218]  eta: 0:00:53  lr: 0.000017  loss: 0.0040  time: 0.4850  data: 0.0000  max mem: 5172
Train: data epoch: [22]  [140/218]  eta: 0:00:43  lr: 0.000017  loss: 0.0027  time: 0.5947  data: 0.0000  max mem: 5172
Train: data epoch: [22]  [160/218]  eta: 0:00:32  lr: 0.000017  loss: 0.0027  time: 0.6001  data: 0.0000  max mem: 5172
Train: data epoch: [22]  [180/218]  eta: 0:00:21  lr: 0.000017  loss: 0.0046  time: 0.5830  data: 0.0000  max mem: 5172
Train: data epoch: [22]  [200/218]  eta: 0:00:10  lr: 0.000017  loss: 0.0039  time: 0.5604  data: 0.0000  max mem: 5172
Train: data epoch: [22]  [217/218]  eta: 0:00:00  lr: 0.000017  loss: 0.0021  time: 0.5613  data: 0.0000  max mem: 5172
Train: data epoch: [22] Total time: 0:02:02 (0.5627 s / it)
2026-08-22 13:41:28,614 [INFO] AIGIQA-20K: EPOCH[22] -> SRCC 0.8405 PLCC_raw 0.8908 PLCC_mapped 0.8921 KRCC 0.6549 MainScore_official 0.8663
2026-08-22 13:41:28,615 [INFO] Start training
2026-08-22 13:41:28,997 [INFO] Start training epoch 23, 218 iters per inner epoch.
2026-08-22 13:43:30,677 [INFO] Averaged stats: lr: 0.000014  loss: 0.002924
2026-08-22 13:43:30,851 [INFO] gates: {"epoch": 23, "raw_quality_ratio": 8.0502, "quality_ratio": 0.2573, "dcar_delta_ratio": 55.1731, "lambda_q": 0.032, "deviation_mean": 0.9834, "deviation_std": 0.1262, "patch_w_mean": 0.0479, "patch_w_std": 0.0832, "alpha_3": 0.25, "alpha_6": 0.25, "alpha_9": 0.25, "alpha_12": 0.25, "dcar_dw_norm": 5.2002, "dcar_dw_batch_std": 0.0307, "dcar_db_abs": 0.2534, "dcar_delta_abs": 3.8726, "dcar_deg_descriptor_norm": 11.3731, "dcar_prototype_norm": 4.8247}
2026-08-22 13:43:30,851 [INFO] Evaluating on val.
Train: data epoch: [23]  [  0/218]  eta: 0:12:56  lr: 0.000014  loss: 0.0031  time: 3.5618  data: 0.0001  max mem: 5172
Train: data epoch: [23]  [ 20/218]  eta: 0:02:12  lr: 0.000014  loss: 0.0034  time: 0.5249  data: 0.0000  max mem: 5172
Train: data epoch: [23]  [ 40/218]  eta: 0:01:48  lr: 0.000014  loss: 0.0022  time: 0.5516  data: 0.0000  max mem: 5172
Train: data epoch: [23]  [ 60/218]  eta: 0:01:27  lr: 0.000014  loss: 0.0030  time: 0.4333  data: 0.0000  max mem: 5172
Train: data epoch: [23]  [ 80/218]  eta: 0:01:17  lr: 0.000014  loss: 0.0032  time: 0.5950  data: 0.0000  max mem: 5172
Train: data epoch: [23]  [100/218]  eta: 0:01:06  lr: 0.000014  loss: 0.0026  time: 0.5499  data: 0.0000  max mem: 5172
Train: data epoch: [23]  [120/218]  eta: 0:00:54  lr: 0.000014  loss: 0.0038  time: 0.5150  data: 0.0000  max mem: 5172
Train: data epoch: [23]  [140/218]  eta: 0:00:43  lr: 0.000014  loss: 0.0033  time: 0.5448  data: 0.0000  max mem: 5172
Train: data epoch: [23]  [160/218]  eta: 0:00:32  lr: 0.000014  loss: 0.0029  time: 0.6151  data: 0.0000  max mem: 5172
Train: data epoch: [23]  [180/218]  eta: 0:00:21  lr: 0.000014  loss: 0.0036  time: 0.5680  data: 0.0000  max mem: 5172
Train: data epoch: [23]  [200/218]  eta: 0:00:10  lr: 0.000014  loss: 0.0033  time: 0.5398  data: 0.0000  max mem: 5172
Train: data epoch: [23]  [217/218]  eta: 0:00:00  lr: 0.000014  loss: 0.0032  time: 0.5510  data: 0.0000  max mem: 5172
Train: data epoch: [23] Total time: 0:02:01 (0.5582 s / it)
2026-08-22 13:43:54,502 [INFO] AIGIQA-20K: EPOCH[23] -> SRCC 0.8395 PLCC_raw 0.8902 PLCC_mapped 0.8917 KRCC 0.6539 MainScore_official 0.8656
2026-08-22 13:43:54,503 [INFO] Start training
2026-08-22 13:43:54,866 [INFO] Start training epoch 24, 218 iters per inner epoch.
2026-08-22 13:45:54,372 [INFO] Averaged stats: lr: 0.000010  loss: 0.002624
2026-08-22 13:45:54,515 [INFO] gates: {"epoch": 24, "raw_quality_ratio": 8.0614, "quality_ratio": 0.259, "dcar_delta_ratio": 59.5468, "lambda_q": 0.0321, "deviation_mean": 0.9946, "deviation_std": 0.1298, "patch_w_mean": 0.0474, "patch_w_std": 0.0813, "alpha_3": 0.25, "alpha_6": 0.25, "alpha_9": 0.25, "alpha_12": 0.25, "dcar_dw_norm": 5.1554, "dcar_dw_batch_std": 0.0312, "dcar_db_abs": 0.2499, "dcar_delta_abs": 3.7871, "dcar_deg_descriptor_norm": 11.3728, "dcar_prototype_norm": 4.8578}
2026-08-22 13:45:54,515 [INFO] Evaluating on val.
Train: data epoch: [24]  [  0/218]  eta: 0:16:27  lr: 0.000010  loss: 0.0024  time: 4.5300  data: 0.0001  max mem: 5172
Train: data epoch: [24]  [ 20/218]  eta: 0:02:21  lr: 0.000010  loss: 0.0022  time: 0.5229  data: 0.0000  max mem: 5172
Train: data epoch: [24]  [ 40/218]  eta: 0:01:47  lr: 0.000010  loss: 0.0024  time: 0.4891  data: 0.0000  max mem: 5172
Train: data epoch: [24]  [ 60/218]  eta: 0:01:25  lr: 0.000010  loss: 0.0027  time: 0.4059  data: 0.0000  max mem: 5172
Train: data epoch: [24]  [ 80/218]  eta: 0:01:13  lr: 0.000010  loss: 0.0032  time: 0.5099  data: 0.0000  max mem: 5172
Train: data epoch: [24]  [100/218]  eta: 0:01:03  lr: 0.000010  loss: 0.0027  time: 0.5686  data: 0.0000  max mem: 5172
Train: data epoch: [24]  [120/218]  eta: 0:00:51  lr: 0.000010  loss: 0.0022  time: 0.4464  data: 0.0000  max mem: 5172
Train: data epoch: [24]  [140/218]  eta: 0:00:41  lr: 0.000010  loss: 0.0024  time: 0.6201  data: 0.0000  max mem: 5172
Train: data epoch: [24]  [160/218]  eta: 0:00:31  lr: 0.000010  loss: 0.0026  time: 0.6048  data: 0.0000  max mem: 5172
Train: data epoch: [24]  [180/218]  eta: 0:00:20  lr: 0.000010  loss: 0.0024  time: 0.5633  data: 0.0000  max mem: 5172
Train: data epoch: [24]  [200/218]  eta: 0:00:09  lr: 0.000010  loss: 0.0020  time: 0.5485  data: 0.0000  max mem: 5172
Train: data epoch: [24]  [217/218]  eta: 0:00:00  lr: 0.000010  loss: 0.0023  time: 0.5525  data: 0.0000  max mem: 5172
Train: data epoch: [24] Total time: 0:01:59 (0.5482 s / it)
2026-08-22 13:46:23,906 [INFO] AIGIQA-20K: EPOCH[24] -> SRCC 0.8405 PLCC_raw 0.8906 PLCC_mapped 0.8922 KRCC 0.6550 MainScore_official 0.8663
2026-08-22 13:46:23,907 [INFO] Start training
2026-08-22 13:46:24,290 [INFO] Start training epoch 25, 218 iters per inner epoch.
2026-08-22 13:48:25,255 [INFO] Averaged stats: lr: 0.000008  loss: 0.002456
2026-08-22 13:48:25,396 [INFO] gates: {"epoch": 25, "raw_quality_ratio": 8.0594, "quality_ratio": 0.2598, "dcar_delta_ratio": 52.8203, "lambda_q": 0.0322, "deviation_mean": 0.964, "deviation_std": 0.1256, "patch_w_mean": 0.0526, "patch_w_std": 0.0926, "alpha_3": 0.25, "alpha_6": 0.25, "alpha_9": 0.25, "alpha_12": 0.25, "dcar_dw_norm": 5.2718, "dcar_dw_batch_std": 0.0238, "dcar_db_abs": 0.2549, "dcar_delta_abs": 3.9203, "dcar_deg_descriptor_norm": 11.3734, "dcar_prototype_norm": 4.7741}
2026-08-22 13:48:25,396 [INFO] Evaluating on val.
Train: data epoch: [25]  [  0/218]  eta: 0:14:45  lr: 0.000008  loss: 0.0023  time: 4.0605  data: 0.0001  max mem: 5172
Train: data epoch: [25]  [ 20/218]  eta: 0:02:15  lr: 0.000008  loss: 0.0026  time: 0.5151  data: 0.0000  max mem: 5172
Train: data epoch: [25]  [ 40/218]  eta: 0:01:47  lr: 0.000008  loss: 0.0018  time: 0.5250  data: 0.0000  max mem: 5172
Train: data epoch: [25]  [ 60/218]  eta: 0:01:24  lr: 0.000008  loss: 0.0025  time: 0.3954  data: 0.0000  max mem: 5172
Train: data epoch: [25]  [ 80/218]  eta: 0:01:15  lr: 0.000008  loss: 0.0027  time: 0.5788  data: 0.0000  max mem: 5172
Train: data epoch: [25]  [100/218]  eta: 0:01:04  lr: 0.000008  loss: 0.0027  time: 0.5357  data: 0.0000  max mem: 5172
Train: data epoch: [25]  [120/218]  eta: 0:00:52  lr: 0.000008  loss: 0.0029  time: 0.5150  data: 0.0000  max mem: 5172
Train: data epoch: [25]  [140/218]  eta: 0:00:42  lr: 0.000008  loss: 0.0034  time: 0.5851  data: 0.0000  max mem: 5172
Train: data epoch: [25]  [160/218]  eta: 0:00:32  lr: 0.000008  loss: 0.0024  time: 0.5898  data: 0.0000  max mem: 5172
Train: data epoch: [25]  [180/218]  eta: 0:00:21  lr: 0.000008  loss: 0.0019  time: 0.5699  data: 0.0000  max mem: 5172
Train: data epoch: [25]  [200/218]  eta: 0:00:09  lr: 0.000008  loss: 0.0025  time: 0.5594  data: 0.0000  max mem: 5172
Train: data epoch: [25]  [217/218]  eta: 0:00:00  lr: 0.000008  loss: 0.0024  time: 0.5590  data: 0.0000  max mem: 5172
Train: data epoch: [25] Total time: 0:02:00 (0.5549 s / it)
2026-08-22 13:48:48,313 [INFO] AIGIQA-20K: EPOCH[25] -> SRCC 0.8403 PLCC_raw 0.8904 PLCC_mapped 0.8919 KRCC 0.6547 MainScore_official 0.8661
2026-08-22 13:48:48,327 [INFO] Saving checkpoint at epoch 25 to run/20260822124_E2_DGDCAR_20k/checkpoint_latest.pth.
2026-08-22 13:48:48,386 [INFO] Start training
2026-08-22 13:48:48,709 [INFO] Start training epoch 26, 218 iters per inner epoch.
2026-08-22 13:50:47,127 [INFO] Averaged stats: lr: 0.000005  loss: 0.002321
2026-08-22 13:50:47,258 [INFO] gates: {"epoch": 26, "raw_quality_ratio": 8.101, "quality_ratio": 0.2619, "dcar_delta_ratio": 51.7201, "lambda_q": 0.0323, "deviation_mean": 1.0007, "deviation_std": 0.1142, "patch_w_mean": 0.0471, "patch_w_std": 0.0852, "alpha_3": 0.25, "alpha_6": 0.25, "alpha_9": 0.25, "alpha_12": 0.25, "dcar_dw_norm": 5.2193, "dcar_dw_batch_std": 0.0234, "dcar_db_abs": 0.252, "dcar_delta_abs": 3.8197, "dcar_deg_descriptor_norm": 11.3735, "dcar_prototype_norm": 4.7631}
2026-08-22 13:50:47,259 [INFO] Evaluating on val.
Train: data epoch: [26]  [  0/218]  eta: 0:14:42  lr: 0.000005  loss: 0.0018  time: 4.0504  data: 0.0002  max mem: 5172
Train: data epoch: [26]  [ 20/218]  eta: 0:02:15  lr: 0.000005  loss: 0.0022  time: 0.5148  data: 0.0000  max mem: 5172
Train: data epoch: [26]  [ 40/218]  eta: 0:01:47  lr: 0.000005  loss: 0.0019  time: 0.5190  data: 0.0000  max mem: 5172
Train: data epoch: [26]  [ 60/218]  eta: 0:01:24  lr: 0.000005  loss: 0.0015  time: 0.3909  data: 0.0000  max mem: 5172
Train: data epoch: [26]  [ 80/218]  eta: 0:01:13  lr: 0.000005  loss: 0.0036  time: 0.5253  data: 0.0000  max mem: 5172
Train: data epoch: [26]  [100/218]  eta: 0:01:03  lr: 0.000005  loss: 0.0019  time: 0.5762  data: 0.0000  max mem: 5172
Train: data epoch: [26]  [120/218]  eta: 0:00:51  lr: 0.000005  loss: 0.0025  time: 0.4584  data: 0.0000  max mem: 5172
Train: data epoch: [26]  [140/218]  eta: 0:00:41  lr: 0.000005  loss: 0.0027  time: 0.5523  data: 0.0000  max mem: 5172
Train: data epoch: [26]  [160/218]  eta: 0:00:31  lr: 0.000005  loss: 0.0023  time: 0.5828  data: 0.0000  max mem: 5172
Train: data epoch: [26]  [180/218]  eta: 0:00:20  lr: 0.000005  loss: 0.0020  time: 0.5809  data: 0.0000  max mem: 5172
Train: data epoch: [26]  [200/218]  eta: 0:00:09  lr: 0.000005  loss: 0.0021  time: 0.5501  data: 0.0000  max mem: 5172
Train: data epoch: [26]  [217/218]  eta: 0:00:00  lr: 0.000005  loss: 0.0030  time: 0.5504  data: 0.0000  max mem: 5172
Train: data epoch: [26] Total time: 0:01:58 (0.5432 s / it)
2026-08-22 13:51:13,326 [INFO] AIGIQA-20K: EPOCH[26] -> SRCC 0.8398 PLCC_raw 0.8904 PLCC_mapped 0.8919 KRCC 0.6542 MainScore_official 0.8658
2026-08-22 13:51:13,327 [INFO] Start training
2026-08-22 13:51:13,712 [INFO] Start training epoch 27, 218 iters per inner epoch.
2026-08-22 13:53:14,811 [INFO] Averaged stats: lr: 0.000003  loss: 0.002200
2026-08-22 13:53:14,951 [INFO] gates: {"epoch": 27, "raw_quality_ratio": 8.0065, "quality_ratio": 0.2592, "dcar_delta_ratio": 56.2098, "lambda_q": 0.0324, "deviation_mean": 0.9842, "deviation_std": 0.1141, "patch_w_mean": 0.0499, "patch_w_std": 0.0848, "alpha_3": 0.25, "alpha_6": 0.25, "alpha_9": 0.25, "alpha_12": 0.25, "dcar_dw_norm": 5.2576, "dcar_dw_batch_std": 0.0257, "dcar_db_abs": 0.2532, "dcar_delta_abs": 3.8287, "dcar_deg_descriptor_norm": 11.3735, "dcar_prototype_norm": 4.7201}
2026-08-22 13:53:14,951 [INFO] Evaluating on val.
Train: data epoch: [27]  [  0/218]  eta: 0:14:42  lr: 0.000003  loss: 0.0028  time: 4.0466  data: 0.0001  max mem: 5172
Train: data epoch: [27]  [ 20/218]  eta: 0:02:13  lr: 0.000003  loss: 0.0015  time: 0.5050  data: 0.0000  max mem: 5172
Train: data epoch: [27]  [ 40/218]  eta: 0:01:50  lr: 0.000003  loss: 0.0024  time: 0.5685  data: 0.0000  max mem: 5172
Train: data epoch: [27]  [ 60/218]  eta: 0:01:28  lr: 0.000003  loss: 0.0021  time: 0.4261  data: 0.0000  max mem: 5172
Train: data epoch: [27]  [ 80/218]  eta: 0:01:16  lr: 0.000003  loss: 0.0020  time: 0.5300  data: 0.0000  max mem: 5172
Train: data epoch: [27]  [100/218]  eta: 0:01:05  lr: 0.000003  loss: 0.0025  time: 0.5599  data: 0.0000  max mem: 5172
Train: data epoch: [27]  [120/218]  eta: 0:00:53  lr: 0.000003  loss: 0.0017  time: 0.4900  data: 0.0000  max mem: 5172
Train: data epoch: [27]  [140/218]  eta: 0:00:42  lr: 0.000003  loss: 0.0026  time: 0.5849  data: 0.0000  max mem: 5172
Train: data epoch: [27]  [160/218]  eta: 0:00:32  lr: 0.000003  loss: 0.0033  time: 0.6033  data: 0.0000  max mem: 5172
Train: data epoch: [27]  [180/218]  eta: 0:00:21  lr: 0.000003  loss: 0.0035  time: 0.5559  data: 0.0000  max mem: 5172
Train: data epoch: [27]  [200/218]  eta: 0:00:09  lr: 0.000003  loss: 0.0025  time: 0.5537  data: 0.0000  max mem: 5172
Train: data epoch: [27]  [217/218]  eta: 0:00:00  lr: 0.000003  loss: 0.0016  time: 0.5584  data: 0.0000  max mem: 5172
Train: data epoch: [27] Total time: 0:02:01 (0.5555 s / it)
2026-08-22 13:53:38,374 [INFO] AIGIQA-20K: EPOCH[27] -> SRCC 0.8402 PLCC_raw 0.8906 PLCC_mapped 0.8921 KRCC 0.6546 MainScore_official 0.8662
2026-08-22 13:53:38,375 [INFO] Start training
2026-08-22 13:53:38,727 [INFO] Start training epoch 28, 218 iters per inner epoch.
2026-08-22 13:55:38,699 [INFO] Averaged stats: lr: 0.000002  loss: 0.002119
2026-08-22 13:55:38,847 [INFO] gates: {"epoch": 28, "raw_quality_ratio": 7.9713, "quality_ratio": 0.2583, "dcar_delta_ratio": 56.44, "lambda_q": 0.0324, "deviation_mean": 0.984, "deviation_std": 0.1186, "patch_w_mean": 0.0471, "patch_w_std": 0.0778, "alpha_3": 0.25, "alpha_6": 0.25, "alpha_9": 0.25, "alpha_12": 0.25, "dcar_dw_norm": 5.2054, "dcar_dw_batch_std": 0.0338, "dcar_db_abs": 0.2505, "dcar_delta_abs": 3.8169, "dcar_deg_descriptor_norm": 11.3733, "dcar_prototype_norm": 4.8593}
2026-08-22 13:55:38,847 [INFO] Evaluating on val.
Train: data epoch: [28]  [  0/218]  eta: 0:13:41  lr: 0.000002  loss: 0.0023  time: 3.7681  data: 0.0001  max mem: 5172
Train: data epoch: [28]  [ 20/218]  eta: 0:02:11  lr: 0.000002  loss: 0.0025  time: 0.5079  data: 0.0000  max mem: 5172
Train: data epoch: [28]  [ 40/218]  eta: 0:01:45  lr: 0.000002  loss: 0.0027  time: 0.5200  data: 0.0000  max mem: 5172
Train: data epoch: [28]  [ 60/218]  eta: 0:01:27  lr: 0.000002  loss: 0.0018  time: 0.4799  data: 0.0000  max mem: 5172
Train: data epoch: [28]  [ 80/218]  eta: 0:01:13  lr: 0.000002  loss: 0.0024  time: 0.4701  data: 0.0000  max mem: 5172
Train: data epoch: [28]  [100/218]  eta: 0:01:04  lr: 0.000002  loss: 0.0025  time: 0.5912  data: 0.0000  max mem: 5172
Train: data epoch: [28]  [120/218]  eta: 0:00:51  lr: 0.000002  loss: 0.0023  time: 0.4247  data: 0.0000  max mem: 5172
Train: data epoch: [28]  [140/218]  eta: 0:00:41  lr: 0.000002  loss: 0.0024  time: 0.5942  data: 0.0000  max mem: 5172
Train: data epoch: [28]  [160/218]  eta: 0:00:31  lr: 0.000002  loss: 0.0023  time: 0.6146  data: 0.0000  max mem: 5172
Train: data epoch: [28]  [180/218]  eta: 0:00:20  lr: 0.000002  loss: 0.0014  time: 0.5778  data: 0.0000  max mem: 5172
Train: data epoch: [28]  [200/218]  eta: 0:00:09  lr: 0.000002  loss: 0.0027  time: 0.5616  data: 0.0000  max mem: 5172
Train: data epoch: [28]  [217/218]  eta: 0:00:00  lr: 0.000002  loss: 0.0023  time: 0.5494  data: 0.0000  max mem: 5172
Train: data epoch: [28] Total time: 0:01:59 (0.5503 s / it)
2026-08-22 13:56:04,702 [INFO] AIGIQA-20K: EPOCH[28] -> SRCC 0.8396 PLCC_raw 0.8905 PLCC_mapped 0.8920 KRCC 0.6540 MainScore_official 0.8658
2026-08-22 13:56:04,703 [INFO] Start training
2026-08-22 13:56:05,058 [INFO] Start training epoch 29, 218 iters per inner epoch.
2026-08-22 13:57:45,680 [INFO] Averaged stats: lr: 0.000001  loss: 0.002077
2026-08-22 13:57:45,783 [INFO] gates: {"epoch": 29, "raw_quality_ratio": 8.1999, "quality_ratio": 0.2659, "dcar_delta_ratio": 57.4537, "lambda_q": 0.0324, "deviation_mean": 0.9915, "deviation_std": 0.1337, "patch_w_mean": 0.0467, "patch_w_std": 0.0831, "alpha_3": 0.25, "alpha_6": 0.25, "alpha_9": 0.25, "alpha_12": 0.25, "dcar_dw_norm": 5.2815, "dcar_dw_batch_std": 0.0217, "dcar_db_abs": 0.2539, "dcar_delta_abs": 3.924, "dcar_deg_descriptor_norm": 11.3737, "dcar_prototype_norm": 4.7585}
2026-08-22 13:57:45,783 [INFO] Evaluating on val.
Train: data epoch: [29]  [  0/218]  eta: 0:18:53  lr: 0.000001  loss: 0.0021  time: 5.1975  data: 0.0001  max mem: 5172
Train: data epoch: [29]  [ 20/218]  eta: 0:02:24  lr: 0.000001  loss: 0.0016  time: 0.5050  data: 0.0000  max mem: 5172
Train: data epoch: [29]  [ 40/218]  eta: 0:01:51  lr: 0.000001  loss: 0.0018  time: 0.5243  data: 0.0000  max mem: 5172
Train: data epoch: [29]  [ 60/218]  eta: 0:01:29  lr: 0.000001  loss: 0.0024  time: 0.4306  data: 0.0000  max mem: 5172
Train: data epoch: [29]  [ 80/218]  eta: 0:01:17  lr: 0.000001  loss: 0.0023  time: 0.5463  data: 0.0000  max mem: 5172
Train: data epoch: [29]  [100/218]  eta: 0:01:06  lr: 0.000001  loss: 0.0018  time: 0.5800  data: 0.0000  max mem: 5172
Train: data epoch: [29]  [120/218]  eta: 0:00:52  lr: 0.000001  loss: 0.0019  time: 0.3658  data: 0.0000  max mem: 5172
Train: data epoch: [29]  [140/218]  eta: 0:00:39  lr: 0.000001  loss: 0.0013  time: 0.3744  data: 0.0000  max mem: 5172
Train: data epoch: [29]  [160/218]  eta: 0:00:28  lr: 0.000001  loss: 0.0011  time: 0.3694  data: 0.0000  max mem: 5172
Train: data epoch: [29]  [180/218]  eta: 0:00:18  lr: 0.000001  loss: 0.0017  time: 0.3759  data: 0.0000  max mem: 5172
Train: data epoch: [29]  [200/218]  eta: 0:00:08  lr: 0.000001  loss: 0.0017  time: 0.3777  data: 0.0000  max mem: 5172
Train: data epoch: [29]  [217/218]  eta: 0:00:00  lr: 0.000001  loss: 0.0028  time: 0.3785  data: 0.0000  max mem: 5172
Train: data epoch: [29] Total time: 0:01:40 (0.4616 s / it)
2026-08-22 13:58:00,119 [INFO] AIGIQA-20K: EPOCH[29] -> SRCC 0.8395 PLCC_raw 0.8903 PLCC_mapped 0.8918 KRCC 0.6539 MainScore_official 0.8657
2026-08-22 13:58:00,132 [INFO] Saving checkpoint at epoch 29 to run/20260822124_E2_DGDCAR_20k/checkpoint_latest.pth.
[{'agg_metrics': np.float64(0.882271655638265), 'main_score_raw': np.float64(0.8819690323055493), 'main_score_official': np.float64(0.882271655638265), 'srcc': np.float64(0.8607043929988624), 'plcc_raw': np.float64(0.9032336716122362), 'plcc_mapped': np.float64(0.9038389182776678), 'krcc': np.float64(0.6781837614266749), 'mse': 0.09619503122643687, 'loss': 0.09619503122643687}]
{'agg_metrics': np.float64(0.882271655638265), 'main_score_raw': np.float64(0.8819690323055493), 'main_score_official': np.float64(0.882271655638265), 'srcc': np.float64(0.8607043929988624), 'plcc_raw': np.float64(0.9032336716122362), 'plcc_mapped': np.float64(0.9038389182776678), 'krcc': np.float64(0.6781837614266749), 'mse': 0.09619503122643687, 'loss': 0.09619503122643687}
