2026-08-22 19:34:39,895 [INFO] Loaded init weights from init_ckpt/v23_refined_agiqa3k_seed42.pth
2026-08-22 19:34:39,896 [INFO] Start training
2026-08-22 19:34:40,051 [INFO] number of trainable parameters: 2094213
Not using distributed mode
['msqr_dgmpq_abl_v21', 'msqr_dgmpq_cadr_v18', 'msqr_dgmpq_daps_v16', 'msqr_dgmpq_hcmi_v8', 'msqr_dgmpq_hmqe_dcga_v20', 'msqr_dgmpq_mscm_v10', 'msqr_dgmpq_mscm_v11', 'msqr_dgmpq_mscm_v12', 'msqr_dgmpq_msrc_v14', 'msqr_dgmpq_ptlc_v15', 'msqr_dgmpq_qard_v17', 'msqr_dgmpq_tcap_v9', 'msqr_dgmpqplus_dcar_v19', 'msqr_mlpq_mgsc_v23', 'msqr_mlpq_mgsc_v23_refined']
2026-08-22 19:34:43,260 [INFO] Start training epoch 0, 37 iters per inner epoch.
2026-08-22 19:35:14,610 [INFO] Averaged stats: lr: 0.000036  loss: 6.551628
2026-08-22 19:35:14,676 [INFO] gates: {"epoch": 0, "lambda_q": 0.01, "mgsc_global_sim_mean": 0.3024, "mgsc_global_sim_std": 0.0485, "mgsc_local_sim_mean": 0.1261, "mgsc_local_sim_std": 0.0307, "mgsc_frag_count": 4, "mgsc_frag_w_entropy": 1.3784, "mgsc_gl_gap_mean": 0.1763, "mgsc_gl_gap_std": 0.045}
2026-08-22 19:35:14,676 [INFO] Evaluating on val.
Train: data epoch: [0]  [ 0/37]  eta: 0:04:18  lr: 0.000000  loss: 7.8558  time: 6.9912  data: 0.0001  max mem: 5049
Train: data epoch: [0]  [20/37]  eta: 0:00:16  lr: 0.000040  loss: 6.9343  time: 0.6733  data: 0.0000  max mem: 5061
Train: data epoch: [0]  [36/37]  eta: 0:00:00  lr: 0.000072  loss: 4.5326  time: 0.6807  data: 0.0000  max mem: 5061
Train: data epoch: [0] Total time: 0:00:31 (0.8473 s / it)
2026-08-22 19:35:22,228 [INFO] Qual: EPOCH[0] -> PLCC: -0.172719, SROCC: -0.159880, KROCC: -0.106855, LOSS: 5.914057
2026-08-22 19:35:22,229 [INFO] Align: EPOCH[0] -> PLCC: 0.027732, SROCC: 0.044341, KROCC: 0.030469, LOSS: 2.626301
2026-08-22 19:35:22,245 [INFO] Saving checkpoint at epoch 0 to run/20260822193_E2_mgsc_slim_s6/checkpoint_best.pth.
2026-08-22 19:35:22,301 [INFO] Saving checkpoint at epoch 0 to run/20260822193_E2_mgsc_slim_s6/checkpoint_best_joint.pth.
2026-08-22 19:35:22,343 [INFO] Start training
2026-08-22 19:35:22,669 [INFO] Start training epoch 1, 37 iters per inner epoch.
2026-08-22 19:35:45,384 [INFO] Averaged stats: lr: 0.000100  loss: 2.001265
2026-08-22 19:35:45,474 [INFO] gates: {"epoch": 1, "lambda_q": 0.01, "mgsc_global_sim_mean": 0.2663, "mgsc_global_sim_std": 0.0316, "mgsc_local_sim_mean": 0.126, "mgsc_local_sim_std": 0.0264, "mgsc_frag_count": 4, "mgsc_frag_w_entropy": 1.3787, "mgsc_gl_gap_mean": 0.1402, "mgsc_gl_gap_std": 0.0397}
2026-08-22 19:35:45,474 [INFO] Evaluating on val.
Train: data epoch: [1]  [ 0/37]  eta: 0:00:46  lr: 0.000100  loss: 4.2338  time: 1.2436  data: 0.0001  max mem: 5061
Train: data epoch: [1]  [20/37]  eta: 0:00:09  lr: 0.000100  loss: 1.8440  time: 0.5353  data: 0.0000  max mem: 5061
Train: data epoch: [1]  [36/37]  eta: 0:00:00  lr: 0.000100  loss: 1.0812  time: 0.6783  data: 0.0000  max mem: 5061
Train: data epoch: [1] Total time: 0:00:22 (0.6139 s / it)
2026-08-22 19:35:53,355 [INFO] Qual: EPOCH[1] -> PLCC: 0.378384, SROCC: 0.370626, KROCC: 0.254622, LOSS: 0.984275
2026-08-22 19:35:53,356 [INFO] Align: EPOCH[1] -> PLCC: 0.681935, SROCC: 0.601502, KROCC: 0.425498, LOSS: 0.869762
2026-08-22 19:35:53,375 [INFO] Saving checkpoint at epoch 1 to run/20260822193_E2_mgsc_slim_s6/checkpoint_best.pth.
2026-08-22 19:35:53,440 [INFO] Saving checkpoint at epoch 1 to run/20260822193_E2_mgsc_slim_s6/checkpoint_best_joint.pth.
2026-08-22 19:35:53,478 [INFO] Start training
2026-08-22 19:35:53,817 [INFO] Start training epoch 2, 37 iters per inner epoch.
2026-08-22 19:36:19,100 [INFO] Averaged stats: lr: 0.000100  loss: 0.747557
2026-08-22 19:36:19,203 [INFO] gates: {"epoch": 2, "lambda_q": 0.01, "mgsc_global_sim_mean": 0.2771, "mgsc_global_sim_std": 0.0331, "mgsc_local_sim_mean": 0.1304, "mgsc_local_sim_std": 0.0291, "mgsc_frag_count": 4, "mgsc_frag_w_entropy": 1.3775, "mgsc_gl_gap_mean": 0.1466, "mgsc_gl_gap_std": 0.0379}
2026-08-22 19:36:19,203 [INFO] Evaluating on val.
Train: data epoch: [2]  [ 0/37]  eta: 0:00:56  lr: 0.000100  loss: 0.9743  time: 1.5248  data: 0.0001  max mem: 5061
Train: data epoch: [2]  [20/37]  eta: 0:00:11  lr: 0.000100  loss: 0.6299  time: 0.6352  data: 0.0000  max mem: 5061
Train: data epoch: [2]  [36/37]  eta: 0:00:00  lr: 0.000100  loss: 0.5601  time: 0.6900  data: 0.0000  max mem: 5061
Train: data epoch: [2] Total time: 0:00:25 (0.6833 s / it)
2026-08-22 19:36:27,221 [INFO] Qual: EPOCH[2] -> PLCC: 0.768611, SROCC: 0.707068, KROCC: 0.522784, LOSS: 0.459696
2026-08-22 19:36:27,221 [INFO] Align: EPOCH[2] -> PLCC: 0.777839, SROCC: 0.660658, KROCC: 0.477058, LOSS: 0.642030
2026-08-22 19:36:27,234 [INFO] Saving checkpoint at epoch 2 to run/20260822193_E2_mgsc_slim_s6/checkpoint_best.pth.
2026-08-22 19:36:27,296 [INFO] Saving checkpoint at epoch 2 to run/20260822193_E2_mgsc_slim_s6/checkpoint_best_joint.pth.
2026-08-22 19:36:27,343 [INFO] Start training
2026-08-22 19:36:27,636 [INFO] Start training epoch 3, 37 iters per inner epoch.
2026-08-22 19:36:52,011 [INFO] Averaged stats: lr: 0.000099  loss: 0.410956
2026-08-22 19:36:52,126 [INFO] gates: {"epoch": 3, "lambda_q": 0.01, "mgsc_global_sim_mean": 0.266, "mgsc_global_sim_std": 0.0362, "mgsc_local_sim_mean": 0.1207, "mgsc_local_sim_std": 0.0305, "mgsc_frag_count": 4, "mgsc_frag_w_entropy": 1.3776, "mgsc_gl_gap_mean": 0.1452, "mgsc_gl_gap_std": 0.041}
2026-08-22 19:36:52,126 [INFO] Evaluating on val.
Train: data epoch: [3]  [ 0/37]  eta: 0:00:45  lr: 0.000099  loss: 0.5897  time: 1.2195  data: 0.0001  max mem: 5061
Train: data epoch: [3]  [20/37]  eta: 0:00:10  lr: 0.000099  loss: 0.5131  time: 0.6088  data: 0.0000  max mem: 5061
Train: data epoch: [3]  [36/37]  eta: 0:00:00  lr: 0.000099  loss: 0.2774  time: 0.6857  data: 0.0000  max mem: 5061
Train: data epoch: [3] Total time: 0:00:24 (0.6588 s / it)
2026-08-22 19:37:00,377 [INFO] Qual: EPOCH[3] -> PLCC: 0.860179, SROCC: 0.792673, KROCC: 0.606484, LOSS: 0.255180
2026-08-22 19:37:00,377 [INFO] Align: EPOCH[3] -> PLCC: 0.788197, SROCC: 0.666089, KROCC: 0.481961, LOSS: 0.381307
2026-08-22 19:37:00,392 [INFO] Saving checkpoint at epoch 3 to run/20260822193_E2_mgsc_slim_s6/checkpoint_best.pth.
2026-08-22 19:37:00,453 [INFO] Saving checkpoint at epoch 3 to run/20260822193_E2_mgsc_slim_s6/checkpoint_best_joint.pth.
2026-08-22 19:37:00,499 [INFO] Start training
2026-08-22 19:37:00,814 [INFO] Start training epoch 4, 37 iters per inner epoch.
2026-08-22 19:37:25,952 [INFO] Averaged stats: lr: 0.000098  loss: 0.272452
2026-08-22 19:37:26,059 [INFO] gates: {"epoch": 4, "lambda_q": 0.01, "mgsc_global_sim_mean": 0.2535, "mgsc_global_sim_std": 0.035, "mgsc_local_sim_mean": 0.1247, "mgsc_local_sim_std": 0.0277, "mgsc_frag_count": 4, "mgsc_frag_w_entropy": 1.3792, "mgsc_gl_gap_mean": 0.1288, "mgsc_gl_gap_std": 0.0394}
2026-08-22 19:37:26,060 [INFO] Evaluating on val.
Train: data epoch: [4]  [ 0/37]  eta: 0:01:02  lr: 0.000098  loss: 0.3613  time: 1.6980  data: 0.0002  max mem: 5061
Train: data epoch: [4]  [20/37]  eta: 0:00:11  lr: 0.000098  loss: 0.2855  time: 0.6219  data: 0.0000  max mem: 5061
Train: data epoch: [4]  [36/37]  eta: 0:00:00  lr: 0.000098  loss: 0.2421  time: 0.6798  data: 0.0000  max mem: 5061
Train: data epoch: [4] Total time: 0:00:25 (0.6794 s / it)
2026-08-22 19:37:34,213 [INFO] Qual: EPOCH[4] -> PLCC: 0.886093, SROCC: 0.829345, KROCC: 0.644640, LOSS: 0.210748
2026-08-22 19:37:34,213 [INFO] Align: EPOCH[4] -> PLCC: 0.822701, SROCC: 0.699736, KROCC: 0.512267, LOSS: 0.334208
2026-08-22 19:37:34,229 [INFO] Saving checkpoint at epoch 4 to run/20260822193_E2_mgsc_slim_s6/checkpoint_best.pth.
2026-08-22 19:37:34,297 [INFO] Saving checkpoint at epoch 4 to run/20260822193_E2_mgsc_slim_s6/checkpoint_best_joint.pth.
2026-08-22 19:37:34,343 [INFO] Start training
2026-08-22 19:37:34,674 [INFO] Start training epoch 5, 37 iters per inner epoch.
2026-08-22 19:37:58,132 [INFO] Averaged stats: lr: 0.000098  loss: 0.239164
2026-08-22 19:37:58,220 [INFO] gates: {"epoch": 5, "lambda_q": 0.01, "mgsc_global_sim_mean": 0.2578, "mgsc_global_sim_std": 0.0364, "mgsc_local_sim_mean": 0.1221, "mgsc_local_sim_std": 0.032, "mgsc_frag_count": 4, "mgsc_frag_w_entropy": 1.3791, "mgsc_gl_gap_mean": 0.1357, "mgsc_gl_gap_std": 0.0444}
2026-08-22 19:37:58,220 [INFO] Evaluating on val.
Train: data epoch: [5]  [ 0/37]  eta: 0:00:42  lr: 0.000098  loss: 0.2583  time: 1.1520  data: 0.0001  max mem: 5061
Train: data epoch: [5]  [20/37]  eta: 0:00:10  lr: 0.000098  loss: 0.2692  time: 0.5670  data: 0.0000  max mem: 5061
Train: data epoch: [5]  [36/37]  eta: 0:00:00  lr: 0.000098  loss: 0.2451  time: 0.6560  data: 0.0000  max mem: 5061
Train: data epoch: [5] Total time: 0:00:23 (0.6340 s / it)
2026-08-22 19:38:06,506 [INFO] Qual: EPOCH[5] -> PLCC: 0.895901, SROCC: 0.844583, KROCC: 0.661486, LOSS: 0.193727
2026-08-22 19:38:06,506 [INFO] Align: EPOCH[5] -> PLCC: 0.838411, SROCC: 0.719437, KROCC: 0.531744, LOSS: 0.290429
2026-08-22 19:38:06,519 [INFO] Saving checkpoint at epoch 5 to run/20260822193_E2_mgsc_slim_s6/checkpoint_best.pth.
2026-08-22 19:38:06,569 [INFO] Saving checkpoint at epoch 5 to run/20260822193_E2_mgsc_slim_s6/checkpoint_best_joint.pth.
2026-08-22 19:38:06,606 [INFO] Start training
2026-08-22 19:38:06,910 [INFO] Start training epoch 6, 37 iters per inner epoch.
2026-08-22 19:38:30,707 [INFO] Averaged stats: lr: 0.000097  loss: 0.219863
2026-08-22 19:38:30,798 [INFO] gates: {"epoch": 6, "lambda_q": 0.01, "mgsc_global_sim_mean": 0.2566, "mgsc_global_sim_std": 0.0347, "mgsc_local_sim_mean": 0.1176, "mgsc_local_sim_std": 0.0249, "mgsc_frag_count": 4, "mgsc_frag_w_entropy": 1.3786, "mgsc_gl_gap_mean": 0.139, "mgsc_gl_gap_std": 0.0366}
2026-08-22 19:38:30,798 [INFO] Evaluating on val.
Train: data epoch: [6]  [ 0/37]  eta: 0:00:46  lr: 0.000097  loss: 0.2123  time: 1.2448  data: 0.0001  max mem: 5061
Train: data epoch: [6]  [20/37]  eta: 0:00:10  lr: 0.000097  loss: 0.2499  time: 0.6149  data: 0.0000  max mem: 5061
Train: data epoch: [6]  [36/37]  eta: 0:00:00  lr: 0.000097  loss: 0.2024  time: 0.6417  data: 0.0000  max mem: 5061
Train: data epoch: [6] Total time: 0:00:23 (0.6431 s / it)
2026-08-22 19:38:38,997 [INFO] Qual: EPOCH[6] -> PLCC: 0.900483, SROCC: 0.852042, KROCC: 0.670325, LOSS: 0.185728
2026-08-22 19:38:38,998 [INFO] Align: EPOCH[6] -> PLCC: 0.846146, SROCC: 0.731337, KROCC: 0.543271, LOSS: 0.281252
2026-08-22 19:38:39,010 [INFO] Saving checkpoint at epoch 6 to run/20260822193_E2_mgsc_slim_s6/checkpoint_best.pth.
2026-08-22 19:38:39,060 [INFO] Saving checkpoint at epoch 6 to run/20260822193_E2_mgsc_slim_s6/checkpoint_best_joint.pth.
2026-08-22 19:38:39,096 [INFO] Start training
2026-08-22 19:38:39,390 [INFO] Start training epoch 7, 37 iters per inner epoch.
2026-08-22 19:39:03,882 [INFO] Averaged stats: lr: 0.000095  loss: 0.206168
2026-08-22 19:39:03,975 [INFO] gates: {"epoch": 7, "lambda_q": 0.01, "mgsc_global_sim_mean": 0.2594, "mgsc_global_sim_std": 0.0397, "mgsc_local_sim_mean": 0.1154, "mgsc_local_sim_std": 0.0267, "mgsc_frag_count": 4, "mgsc_frag_w_entropy": 1.3787, "mgsc_gl_gap_mean": 0.144, "mgsc_gl_gap_std": 0.0442}
2026-08-22 19:39:03,976 [INFO] Evaluating on val.
Train: data epoch: [7]  [ 0/37]  eta: 0:00:44  lr: 0.000095  loss: 0.2375  time: 1.2098  data: 0.0001  max mem: 5061
Train: data epoch: [7]  [20/37]  eta: 0:00:11  lr: 0.000095  loss: 0.2119  time: 0.6582  data: 0.0000  max mem: 5061
Train: data epoch: [7]  [36/37]  eta: 0:00:00  lr: 0.000095  loss: 0.2366  time: 0.6504  data: 0.0000  max mem: 5061
Train: data epoch: [7] Total time: 0:00:24 (0.6619 s / it)
2026-08-22 19:39:11,931 [INFO] Qual: EPOCH[7] -> PLCC: 0.904592, SROCC: 0.857709, KROCC: 0.677444, LOSS: 0.178819
2026-08-22 19:39:11,931 [INFO] Align: EPOCH[7] -> PLCC: 0.852959, SROCC: 0.743029, KROCC: 0.554235, LOSS: 0.277185
2026-08-22 19:39:11,947 [INFO] Saving checkpoint at epoch 7 to run/20260822193_E2_mgsc_slim_s6/checkpoint_best.pth.
2026-08-22 19:39:12,005 [INFO] Saving checkpoint at epoch 7 to run/20260822193_E2_mgsc_slim_s6/checkpoint_best_joint.pth.
2026-08-22 19:39:12,047 [INFO] Start training
2026-08-22 19:39:12,340 [INFO] Start training epoch 8, 37 iters per inner epoch.
2026-08-22 19:39:37,036 [INFO] Averaged stats: lr: 0.000094  loss: 0.195780
2026-08-22 19:39:37,151 [INFO] gates: {"epoch": 8, "lambda_q": 0.01, "mgsc_global_sim_mean": 0.2546, "mgsc_global_sim_std": 0.0335, "mgsc_local_sim_mean": 0.1238, "mgsc_local_sim_std": 0.0273, "mgsc_frag_count": 4, "mgsc_frag_w_entropy": 1.3791, "mgsc_gl_gap_mean": 0.1307, "mgsc_gl_gap_std": 0.0368}
2026-08-22 19:39:37,151 [INFO] Evaluating on val.
Train: data epoch: [8]  [ 0/37]  eta: 0:00:50  lr: 0.000094  loss: 0.2458  time: 1.3686  data: 0.0001  max mem: 5061
Train: data epoch: [8]  [20/37]  eta: 0:00:11  lr: 0.000094  loss: 0.1819  time: 0.6517  data: 0.0000  max mem: 5061
Train: data epoch: [8]  [36/37]  eta: 0:00:00  lr: 0.000094  loss: 0.2077  time: 0.6586  data: 0.0000  max mem: 5061
Train: data epoch: [8] Total time: 0:00:24 (0.6675 s / it)
2026-08-22 19:39:45,292 [INFO] Qual: EPOCH[8] -> PLCC: 0.908230, SROCC: 0.863953, KROCC: 0.684393, LOSS: 0.173114
2026-08-22 19:39:45,292 [INFO] Align: EPOCH[8] -> PLCC: 0.856054, SROCC: 0.748544, KROCC: 0.559644, LOSS: 0.264092
2026-08-22 19:39:45,308 [INFO] Saving checkpoint at epoch 8 to run/20260822193_E2_mgsc_slim_s6/checkpoint_best.pth.
2026-08-22 19:39:45,371 [INFO] Saving checkpoint at epoch 8 to run/20260822193_E2_mgsc_slim_s6/checkpoint_best_joint.pth.
2026-08-22 19:39:45,416 [INFO] Start training
2026-08-22 19:39:45,749 [INFO] Start training epoch 9, 37 iters per inner epoch.
2026-08-22 19:40:10,423 [INFO] Averaged stats: lr: 0.000092  loss: 0.186153
2026-08-22 19:40:10,515 [INFO] gates: {"epoch": 9, "lambda_q": 0.01, "mgsc_global_sim_mean": 0.2587, "mgsc_global_sim_std": 0.0365, "mgsc_local_sim_mean": 0.1238, "mgsc_local_sim_std": 0.0265, "mgsc_frag_count": 4, "mgsc_frag_w_entropy": 1.3781, "mgsc_gl_gap_mean": 0.1349, "mgsc_gl_gap_std": 0.042}
2026-08-22 19:40:10,516 [INFO] Evaluating on val.
Train: data epoch: [9]  [ 0/37]  eta: 0:00:53  lr: 0.000092  loss: 0.2138  time: 1.4379  data: 0.0001  max mem: 5061
Train: data epoch: [9]  [20/37]  eta: 0:00:11  lr: 0.000092  loss: 0.1926  time: 0.6443  data: 0.0000  max mem: 5061
Train: data epoch: [9]  [36/37]  eta: 0:00:00  lr: 0.000092  loss: 0.1895  time: 0.6513  data: 0.0000  max mem: 5061
Train: data epoch: [9] Total time: 0:00:24 (0.6668 s / it)
2026-08-22 19:40:18,583 [INFO] Qual: EPOCH[9] -> PLCC: 0.909874, SROCC: 0.866564, KROCC: 0.687576, LOSS: 0.168677
2026-08-22 19:40:18,583 [INFO] Align: EPOCH[9] -> PLCC: 0.858568, SROCC: 0.752784, KROCC: 0.563783, LOSS: 0.258772
2026-08-22 19:40:18,595 [INFO] Saving checkpoint at epoch 9 to run/20260822193_E2_mgsc_slim_s6/checkpoint_best.pth.
2026-08-22 19:40:18,645 [INFO] Saving checkpoint at epoch 9 to run/20260822193_E2_mgsc_slim_s6/checkpoint_best_joint.pth.
2026-08-22 19:40:18,682 [INFO] Start training
2026-08-22 19:40:18,980 [INFO] Start training epoch 10, 37 iters per inner epoch.
2026-08-22 19:40:43,245 [INFO] Averaged stats: lr: 0.000091  loss: 0.176883
2026-08-22 19:40:43,333 [INFO] gates: {"epoch": 10, "lambda_q": 0.01, "mgsc_global_sim_mean": 0.2553, "mgsc_global_sim_std": 0.0371, "mgsc_local_sim_mean": 0.123, "mgsc_local_sim_std": 0.0234, "mgsc_frag_count": 4, "mgsc_frag_w_entropy": 1.3782, "mgsc_gl_gap_mean": 0.1323, "mgsc_gl_gap_std": 0.0375}
2026-08-22 19:40:43,333 [INFO] Evaluating on val.
Train: data epoch: [10]  [ 0/37]  eta: 0:00:48  lr: 0.000091  loss: 0.1784  time: 1.3072  data: 0.0001  max mem: 5061
Train: data epoch: [10]  [20/37]  eta: 0:00:11  lr: 0.000091  loss: 0.2081  time: 0.6308  data: 0.0000  max mem: 5061
Train: data epoch: [10]  [36/37]  eta: 0:00:00  lr: 0.000091  loss: 0.1618  time: 0.6412  data: 0.0000  max mem: 5061
Train: data epoch: [10] Total time: 0:00:24 (0.6558 s / it)
2026-08-22 19:40:51,403 [INFO] Qual: EPOCH[10] -> PLCC: 0.912867, SROCC: 0.869760, KROCC: 0.691501, LOSS: 0.164966
2026-08-22 19:40:51,403 [INFO] Align: EPOCH[10] -> PLCC: 0.860547, SROCC: 0.756807, KROCC: 0.568416, LOSS: 0.256333
2026-08-22 19:40:51,415 [INFO] Saving checkpoint at epoch 10 to run/20260822193_E2_mgsc_slim_s6/checkpoint_best.pth.
2026-08-22 19:40:51,470 [INFO] Saving checkpoint at epoch 10 to run/20260822193_E2_mgsc_slim_s6/checkpoint_best_joint.pth.
2026-08-22 19:40:51,504 [INFO] Start training
2026-08-22 19:40:51,795 [INFO] Start training epoch 11, 37 iters per inner epoch.
2026-08-22 19:41:16,753 [INFO] Averaged stats: lr: 0.000089  loss: 0.169102
2026-08-22 19:41:16,849 [INFO] gates: {"epoch": 11, "lambda_q": 0.01, "mgsc_global_sim_mean": 0.2644, "mgsc_global_sim_std": 0.0358, "mgsc_local_sim_mean": 0.1221, "mgsc_local_sim_std": 0.0261, "mgsc_frag_count": 4, "mgsc_frag_w_entropy": 1.3783, "mgsc_gl_gap_mean": 0.1423, "mgsc_gl_gap_std": 0.0357}
2026-08-22 19:41:16,850 [INFO] Evaluating on val.
Train: data epoch: [11]  [ 0/37]  eta: 0:00:48  lr: 0.000089  loss: 0.2179  time: 1.3060  data: 0.0001  max mem: 5061
Train: data epoch: [11]  [20/37]  eta: 0:00:11  lr: 0.000089  loss: 0.1562  time: 0.6549  data: 0.0000  max mem: 5061
Train: data epoch: [11]  [36/37]  eta: 0:00:00  lr: 0.000089  loss: 0.1709  time: 0.6529  data: 0.0000  max mem: 5061
Train: data epoch: [11] Total time: 0:00:24 (0.6745 s / it)
2026-08-22 19:41:25,067 [INFO] Qual: EPOCH[11] -> PLCC: 0.913522, SROCC: 0.871443, KROCC: 0.693918, LOSS: 0.163044
2026-08-22 19:41:25,068 [INFO] Align: EPOCH[11] -> PLCC: 0.861057, SROCC: 0.756505, KROCC: 0.568101, LOSS: 0.252248
2026-08-22 19:41:25,080 [INFO] Saving checkpoint at epoch 11 to run/20260822193_E2_mgsc_slim_s6/checkpoint_best.pth.
2026-08-22 19:41:25,128 [INFO] Saving checkpoint at epoch 11 to run/20260822193_E2_mgsc_slim_s6/checkpoint_best_joint.pth.
2026-08-22 19:41:25,164 [INFO] Start training
2026-08-22 19:41:25,462 [INFO] Start training epoch 12, 37 iters per inner epoch.
2026-08-22 19:41:50,174 [INFO] Averaged stats: lr: 0.000087  loss: 0.160857
2026-08-22 19:41:50,395 [INFO] gates: {"epoch": 12, "lambda_q": 0.01, "mgsc_global_sim_mean": 0.26, "mgsc_global_sim_std": 0.0274, "mgsc_local_sim_mean": 0.1233, "mgsc_local_sim_std": 0.0254, "mgsc_frag_count": 4, "mgsc_frag_w_entropy": 1.3777, "mgsc_gl_gap_mean": 0.1367, "mgsc_gl_gap_std": 0.0331}
2026-08-22 19:41:50,396 [INFO] Evaluating on val.
Train: data epoch: [12]  [ 0/37]  eta: 0:00:46  lr: 0.000087  loss: 0.1604  time: 1.2639  data: 0.0001  max mem: 5061
Train: data epoch: [12]  [20/37]  eta: 0:00:11  lr: 0.000087  loss: 0.1820  time: 0.6487  data: 0.0000  max mem: 5061
Train: data epoch: [12]  [36/37]  eta: 0:00:00  lr: 0.000087  loss: 0.1474  time: 0.6460  data: 0.0000  max mem: 5061
Train: data epoch: [12] Total time: 0:00:24 (0.6679 s / it)
2026-08-22 19:41:59,109 [INFO] Qual: EPOCH[12] -> PLCC: 0.915249, SROCC: 0.873198, KROCC: 0.695695, LOSS: 0.163171
2026-08-22 19:41:59,109 [INFO] Align: EPOCH[12] -> PLCC: 0.861958, SROCC: 0.759720, KROCC: 0.571193, LOSS: 0.252675
2026-08-22 19:41:59,124 [INFO] Saving checkpoint at epoch 12 to run/20260822193_E2_mgsc_slim_s6/checkpoint_best.pth.
2026-08-22 19:41:59,176 [INFO] Saving checkpoint at epoch 12 to run/20260822193_E2_mgsc_slim_s6/checkpoint_best_joint.pth.
2026-08-22 19:41:59,213 [INFO] Start training
2026-08-22 19:41:59,547 [INFO] Start training epoch 13, 37 iters per inner epoch.
2026-08-22 19:42:24,610 [INFO] Averaged stats: lr: 0.000084  loss: 0.156373
2026-08-22 19:42:24,714 [INFO] gates: {"epoch": 13, "lambda_q": 0.01, "mgsc_global_sim_mean": 0.2618, "mgsc_global_sim_std": 0.0301, "mgsc_local_sim_mean": 0.1255, "mgsc_local_sim_std": 0.0288, "mgsc_frag_count": 4, "mgsc_frag_w_entropy": 1.3781, "mgsc_gl_gap_mean": 0.1363, "mgsc_gl_gap_std": 0.0327}
2026-08-22 19:42:24,714 [INFO] Evaluating on val.
Train: data epoch: [13]  [ 0/37]  eta: 0:00:52  lr: 0.000084  loss: 0.1731  time: 1.4087  data: 0.0001  max mem: 5061
Train: data epoch: [13]  [20/37]  eta: 0:00:11  lr: 0.000084  loss: 0.1868  time: 0.6548  data: 0.0000  max mem: 5061
Train: data epoch: [13]  [36/37]  eta: 0:00:00  lr: 0.000084  loss: 0.1465  time: 0.6511  data: 0.0000  max mem: 5061
Train: data epoch: [13] Total time: 0:00:25 (0.6774 s / it)
2026-08-22 19:42:33,582 [INFO] Qual: EPOCH[13] -> PLCC: 0.916893, SROCC: 0.876212, KROCC: 0.699552, LOSS: 0.158047
2026-08-22 19:42:33,583 [INFO] Align: EPOCH[13] -> PLCC: 0.863125, SROCC: 0.760955, KROCC: 0.573049, LOSS: 0.251461
2026-08-22 19:42:33,599 [INFO] Saving checkpoint at epoch 13 to run/20260822193_E2_mgsc_slim_s6/checkpoint_best.pth.
2026-08-22 19:42:33,669 [INFO] Saving checkpoint at epoch 13 to run/20260822193_E2_mgsc_slim_s6/checkpoint_best_joint.pth.
2026-08-22 19:42:33,720 [INFO] Start training
2026-08-22 19:42:34,055 [INFO] Start training epoch 14, 37 iters per inner epoch.
2026-08-22 19:42:59,247 [INFO] Averaged stats: lr: 0.000082  loss: 0.153281
2026-08-22 19:42:59,328 [INFO] gates: {"epoch": 14, "lambda_q": 0.01, "mgsc_global_sim_mean": 0.2673, "mgsc_global_sim_std": 0.034, "mgsc_local_sim_mean": 0.1225, "mgsc_local_sim_std": 0.025, "mgsc_frag_count": 4, "mgsc_frag_w_entropy": 1.3777, "mgsc_gl_gap_mean": 0.1448, "mgsc_gl_gap_std": 0.0386}
2026-08-22 19:42:59,329 [INFO] Evaluating on val.
Train: data epoch: [14]  [ 0/37]  eta: 0:00:51  lr: 0.000082  loss: 0.1706  time: 1.3931  data: 0.0001  max mem: 5061
Train: data epoch: [14]  [20/37]  eta: 0:00:11  lr: 0.000082  loss: 0.1995  time: 0.6613  data: 0.0000  max mem: 5061
Train: data epoch: [14]  [36/37]  eta: 0:00:00  lr: 0.000082  loss: 0.1367  time: 0.6559  data: 0.0000  max mem: 5061
Train: data epoch: [14] Total time: 0:00:25 (0.6809 s / it)
2026-08-22 19:43:08,101 [INFO] Qual: EPOCH[14] -> PLCC: 0.917840, SROCC: 0.877025, KROCC: 0.700834, LOSS: 0.155971
2026-08-22 19:43:08,101 [INFO] Align: EPOCH[14] -> PLCC: 0.862887, SROCC: 0.761048, KROCC: 0.573431, LOSS: 0.251887
2026-08-22 19:43:08,117 [INFO] Saving checkpoint at epoch 14 to run/20260822193_E2_mgsc_slim_s6/checkpoint_best.pth.
2026-08-22 19:43:08,166 [INFO] Saving checkpoint at epoch 14 to run/20260822193_E2_mgsc_slim_s6/checkpoint_best_joint.pth.
2026-08-22 19:43:08,202 [INFO] Start training
2026-08-22 19:43:08,531 [INFO] Start training epoch 15, 37 iters per inner epoch.
2026-08-22 19:43:33,443 [INFO] Averaged stats: lr: 0.000080  loss: 0.146713
2026-08-22 19:43:33,549 [INFO] gates: {"epoch": 15, "lambda_q": 0.01, "mgsc_global_sim_mean": 0.2667, "mgsc_global_sim_std": 0.0315, "mgsc_local_sim_mean": 0.1243, "mgsc_local_sim_std": 0.029, "mgsc_frag_count": 4, "mgsc_frag_w_entropy": 1.3775, "mgsc_gl_gap_mean": 0.1425, "mgsc_gl_gap_std": 0.0381}
2026-08-22 19:43:33,549 [INFO] Evaluating on val.
Train: data epoch: [15]  [ 0/37]  eta: 0:00:48  lr: 0.000080  loss: 0.1741  time: 1.3129  data: 0.0001  max mem: 5061
Train: data epoch: [15]  [20/37]  eta: 0:00:11  lr: 0.000080  loss: 0.1676  time: 0.6504  data: 0.0000  max mem: 5061
Train: data epoch: [15]  [36/37]  eta: 0:00:00  lr: 0.000080  loss: 0.1957  time: 0.6529  data: 0.0000  max mem: 5061
Train: data epoch: [15] Total time: 0:00:24 (0.6733 s / it)
2026-08-22 19:43:41,314 [INFO] Qual: EPOCH[15] -> PLCC: 0.917520, SROCC: 0.877216, KROCC: 0.700426, LOSS: 0.157966
2026-08-22 19:43:41,314 [INFO] Align: EPOCH[15] -> PLCC: 0.862603, SROCC: 0.759634, KROCC: 0.571958, LOSS: 0.252644
2026-08-22 19:43:41,330 [INFO] Saving checkpoint at epoch 15 to run/20260822193_E2_mgsc_slim_s6/checkpoint_latest.pth.
2026-08-22 19:43:41,365 [INFO] Start training
2026-08-22 19:43:41,660 [INFO] Start training epoch 16, 37 iters per inner epoch.
2026-08-22 19:44:06,313 [INFO] Averaged stats: lr: 0.000077  loss: 0.141967
2026-08-22 19:44:06,400 [INFO] gates: {"epoch": 16, "lambda_q": 0.01, "mgsc_global_sim_mean": 0.263, "mgsc_global_sim_std": 0.0293, "mgsc_local_sim_mean": 0.1226, "mgsc_local_sim_std": 0.0318, "mgsc_frag_count": 4, "mgsc_frag_w_entropy": 1.3785, "mgsc_gl_gap_mean": 0.1404, "mgsc_gl_gap_std": 0.0363}
2026-08-22 19:44:06,400 [INFO] Evaluating on val.
Train: data epoch: [16]  [ 0/37]  eta: 0:00:46  lr: 0.000077  loss: 0.1390  time: 1.2581  data: 0.0001  max mem: 5061
Train: data epoch: [16]  [20/37]  eta: 0:00:11  lr: 0.000077  loss: 0.1948  time: 0.6467  data: 0.0000  max mem: 5061
Train: data epoch: [16]  [36/37]  eta: 0:00:00  lr: 0.000077  loss: 0.1314  time: 0.6443  data: 0.0000  max mem: 5061
Train: data epoch: [16] Total time: 0:00:24 (0.6663 s / it)
2026-08-22 19:44:13,717 [INFO] Qual: EPOCH[16] -> PLCC: 0.919028, SROCC: 0.880412, KROCC: 0.704748, LOSS: 0.155955
2026-08-22 19:44:13,717 [INFO] Align: EPOCH[16] -> PLCC: 0.863373, SROCC: 0.761443, KROCC: 0.573701, LOSS: 0.254617
2026-08-22 19:44:13,733 [INFO] Saving checkpoint at epoch 16 to run/20260822193_E2_mgsc_slim_s6/checkpoint_best.pth.
2026-08-22 19:44:13,807 [INFO] Saving checkpoint at epoch 16 to run/20260822193_E2_mgsc_slim_s6/checkpoint_best_joint.pth.
2026-08-22 19:44:13,867 [INFO] Start training
2026-08-22 19:44:14,209 [INFO] Start training epoch 17, 37 iters per inner epoch.
2026-08-22 19:44:39,175 [INFO] Averaged stats: lr: 0.000074  loss: 0.136463
2026-08-22 19:44:39,258 [INFO] gates: {"epoch": 17, "lambda_q": 0.01, "mgsc_global_sim_mean": 0.2672, "mgsc_global_sim_std": 0.031, "mgsc_local_sim_mean": 0.1278, "mgsc_local_sim_std": 0.0264, "mgsc_frag_count": 4, "mgsc_frag_w_entropy": 1.3787, "mgsc_gl_gap_mean": 0.1394, "mgsc_gl_gap_std": 0.0355}
2026-08-22 19:44:39,258 [INFO] Evaluating on val.
Train: data epoch: [17]  [ 0/37]  eta: 0:00:57  lr: 0.000074  loss: 0.1275  time: 1.5520  data: 0.0001  max mem: 5061
Train: data epoch: [17]  [20/37]  eta: 0:00:11  lr: 0.000074  loss: 0.1364  time: 0.6630  data: 0.0000  max mem: 5061
Train: data epoch: [17]  [36/37]  eta: 0:00:00  lr: 0.000074  loss: 0.1344  time: 0.6418  data: 0.0000  max mem: 5061
Train: data epoch: [17] Total time: 0:00:24 (0.6747 s / it)
2026-08-22 19:44:46,629 [INFO] Qual: EPOCH[17] -> PLCC: 0.918227, SROCC: 0.878285, KROCC: 0.702026, LOSS: 0.158344
2026-08-22 19:44:46,629 [INFO] Align: EPOCH[17] -> PLCC: 0.862856, SROCC: 0.760070, KROCC: 0.571553, LOSS: 0.249830
2026-08-22 19:44:46,630 [INFO] Start training
2026-08-22 19:44:46,923 [INFO] Start training epoch 18, 37 iters per inner epoch.
2026-08-22 19:45:11,962 [INFO] Averaged stats: lr: 0.000072  loss: 0.133637
2026-08-22 19:45:12,111 [INFO] gates: {"epoch": 18, "lambda_q": 0.01, "mgsc_global_sim_mean": 0.2663, "mgsc_global_sim_std": 0.0319, "mgsc_local_sim_mean": 0.1228, "mgsc_local_sim_std": 0.0289, "mgsc_frag_count": 4, "mgsc_frag_w_entropy": 1.3789, "mgsc_gl_gap_mean": 0.1435, "mgsc_gl_gap_std": 0.0368}
2026-08-22 19:45:12,111 [INFO] Evaluating on val.
Train: data epoch: [18]  [ 0/37]  eta: 0:00:53  lr: 0.000072  loss: 0.1438  time: 1.4434  data: 0.0001  max mem: 5061
Train: data epoch: [18]  [20/37]  eta: 0:00:11  lr: 0.000072  loss: 0.0958  time: 0.6672  data: 0.0000  max mem: 5061
Train: data epoch: [18]  [36/37]  eta: 0:00:00  lr: 0.000072  loss: 0.1688  time: 0.6494  data: 0.0000  max mem: 5061
Train: data epoch: [18] Total time: 0:00:25 (0.6767 s / it)
2026-08-22 19:45:19,948 [INFO] Qual: EPOCH[18] -> PLCC: 0.918364, SROCC: 0.878182, KROCC: 0.702218, LOSS: 0.155747
2026-08-22 19:45:19,948 [INFO] Align: EPOCH[18] -> PLCC: 0.862573, SROCC: 0.758853, KROCC: 0.571126, LOSS: 0.251189
2026-08-22 19:45:19,949 [INFO] Start training
2026-08-22 19:45:20,254 [INFO] Start training epoch 19, 37 iters per inner epoch.
2026-08-22 19:45:45,414 [INFO] Averaged stats: lr: 0.000069  loss: 0.129164
2026-08-22 19:45:45,498 [INFO] gates: {"epoch": 19, "lambda_q": 0.01, "mgsc_global_sim_mean": 0.2622, "mgsc_global_sim_std": 0.0322, "mgsc_local_sim_mean": 0.1255, "mgsc_local_sim_std": 0.0293, "mgsc_frag_count": 4, "mgsc_frag_w_entropy": 1.3784, "mgsc_gl_gap_mean": 0.1367, "mgsc_gl_gap_std": 0.0399}
2026-08-22 19:45:45,498 [INFO] Evaluating on val.
Train: data epoch: [19]  [ 0/37]  eta: 0:00:48  lr: 0.000069  loss: 0.1098  time: 1.3110  data: 0.0001  max mem: 5061
Train: data epoch: [19]  [20/37]  eta: 0:00:11  lr: 0.000069  loss: 0.1179  time: 0.6703  data: 0.0000  max mem: 5061
Train: data epoch: [19]  [36/37]  eta: 0:00:00  lr: 0.000069  loss: 0.1606  time: 0.6597  data: 0.0000  max mem: 5061
Train: data epoch: [19] Total time: 0:00:25 (0.6800 s / it)
2026-08-22 19:45:53,554 [INFO] Qual: EPOCH[19] -> PLCC: 0.918819, SROCC: 0.879148, KROCC: 0.702904, LOSS: 0.156458
2026-08-22 19:45:53,555 [INFO] Align: EPOCH[19] -> PLCC: 0.863254, SROCC: 0.760550, KROCC: 0.572633, LOSS: 0.251143
2026-08-22 19:45:53,556 [INFO] Start training
2026-08-22 19:45:54,087 [INFO] Start training epoch 20, 37 iters per inner epoch.
2026-08-22 19:46:19,349 [INFO] Averaged stats: lr: 0.000066  loss: 0.127274
2026-08-22 19:46:19,462 [INFO] gates: {"epoch": 20, "lambda_q": 0.01, "mgsc_global_sim_mean": 0.2606, "mgsc_global_sim_std": 0.0326, "mgsc_local_sim_mean": 0.1238, "mgsc_local_sim_std": 0.0275, "mgsc_frag_count": 4, "mgsc_frag_w_entropy": 1.378, "mgsc_gl_gap_mean": 0.1367, "mgsc_gl_gap_std": 0.0335}
2026-08-22 19:46:19,462 [INFO] Evaluating on val.
Train: data epoch: [20]  [ 0/37]  eta: 0:00:56  lr: 0.000066  loss: 0.0841  time: 1.5136  data: 0.0001  max mem: 5061
Train: data epoch: [20]  [20/37]  eta: 0:00:11  lr: 0.000066  loss: 0.1071  time: 0.6584  data: 0.0000  max mem: 5061
Train: data epoch: [20]  [36/37]  eta: 0:00:00  lr: 0.000066  loss: 0.1301  time: 0.6652  data: 0.0000  max mem: 5061
Train: data epoch: [20] Total time: 0:00:25 (0.6828 s / it)
2026-08-22 19:46:27,582 [INFO] Qual: EPOCH[20] -> PLCC: 0.918969, SROCC: 0.880464, KROCC: 0.704523, LOSS: 0.153103
2026-08-22 19:46:27,582 [INFO] Align: EPOCH[20] -> PLCC: 0.863492, SROCC: 0.760542, KROCC: 0.572588, LOSS: 0.248906
2026-08-22 19:46:27,604 [INFO] Saving checkpoint at epoch 20 to run/20260822193_E2_mgsc_slim_s6/checkpoint_latest.pth.
2026-08-22 19:46:27,706 [INFO] Start training
2026-08-22 19:46:28,216 [INFO] Start training epoch 21, 37 iters per inner epoch.
2026-08-22 19:46:53,725 [INFO] Averaged stats: lr: 0.000063  loss: 0.122921
2026-08-22 19:46:53,866 [INFO] gates: {"epoch": 21, "lambda_q": 0.01, "mgsc_global_sim_mean": 0.266, "mgsc_global_sim_std": 0.0337, "mgsc_local_sim_mean": 0.12, "mgsc_local_sim_std": 0.0291, "mgsc_frag_count": 4, "mgsc_frag_w_entropy": 1.3786, "mgsc_gl_gap_mean": 0.146, "mgsc_gl_gap_std": 0.0392}
2026-08-22 19:46:53,866 [INFO] Evaluating on val.
Train: data epoch: [21]  [ 0/37]  eta: 0:00:59  lr: 0.000063  loss: 0.1202  time: 1.6151  data: 0.0001  max mem: 5061
Train: data epoch: [21]  [20/37]  eta: 0:00:12  lr: 0.000063  loss: 0.1148  time: 0.6720  data: 0.0000  max mem: 5061
Train: data epoch: [21]  [36/37]  eta: 0:00:00  lr: 0.000063  loss: 0.1032  time: 0.6596  data: 0.0000  max mem: 5061
Train: data epoch: [21] Total time: 0:00:25 (0.6894 s / it)
2026-08-22 19:47:02,211 [INFO] Qual: EPOCH[21] -> PLCC: 0.918715, SROCC: 0.879564, KROCC: 0.703196, LOSS: 0.158563
2026-08-22 19:47:02,211 [INFO] Align: EPOCH[21] -> PLCC: 0.862280, SROCC: 0.756873, KROCC: 0.568888, LOSS: 0.251099
2026-08-22 19:47:02,213 [INFO] Start training
2026-08-22 19:47:02,657 [INFO] Start training epoch 22, 37 iters per inner epoch.
2026-08-22 19:47:28,295 [INFO] Averaged stats: lr: 0.000060  loss: 0.121061
2026-08-22 19:47:28,402 [INFO] gates: {"epoch": 22, "lambda_q": 0.01, "mgsc_global_sim_mean": 0.2645, "mgsc_global_sim_std": 0.0283, "mgsc_local_sim_mean": 0.1198, "mgsc_local_sim_std": 0.0296, "mgsc_frag_count": 4, "mgsc_frag_w_entropy": 1.3789, "mgsc_gl_gap_mean": 0.1447, "mgsc_gl_gap_std": 0.0337}
2026-08-22 19:47:28,402 [INFO] Evaluating on val.
Train: data epoch: [22]  [ 0/37]  eta: 0:00:53  lr: 0.000060  loss: 0.1556  time: 1.4514  data: 0.0001  max mem: 5061
Train: data epoch: [22]  [20/37]  eta: 0:00:12  lr: 0.000060  loss: 0.1362  time: 0.6736  data: 0.0000  max mem: 5061
Train: data epoch: [22]  [36/37]  eta: 0:00:00  lr: 0.000060  loss: 0.1453  time: 0.6747  data: 0.0000  max mem: 5061
Train: data epoch: [22] Total time: 0:00:25 (0.6929 s / it)
2026-08-22 19:47:36,824 [INFO] Qual: EPOCH[22] -> PLCC: 0.918076, SROCC: 0.879439, KROCC: 0.703050, LOSS: 0.156408
2026-08-22 19:47:36,824 [INFO] Align: EPOCH[22] -> PLCC: 0.861319, SROCC: 0.755503, KROCC: 0.567673, LOSS: 0.252782
2026-08-22 19:47:36,825 [INFO] Start training
2026-08-22 19:47:37,236 [INFO] Start training epoch 23, 37 iters per inner epoch.
2026-08-22 19:48:02,652 [INFO] Averaged stats: lr: 0.000057  loss: 0.117248
2026-08-22 19:48:02,757 [INFO] gates: {"epoch": 23, "lambda_q": 0.01, "mgsc_global_sim_mean": 0.2574, "mgsc_global_sim_std": 0.0278, "mgsc_local_sim_mean": 0.1231, "mgsc_local_sim_std": 0.0275, "mgsc_frag_count": 4, "mgsc_frag_w_entropy": 1.3797, "mgsc_gl_gap_mean": 0.1343, "mgsc_gl_gap_std": 0.0378}
2026-08-22 19:48:02,757 [INFO] Evaluating on val.
Train: data epoch: [23]  [ 0/37]  eta: 0:00:51  lr: 0.000057  loss: 0.1928  time: 1.4022  data: 0.0001  max mem: 5061
Train: data epoch: [23]  [20/37]  eta: 0:00:12  lr: 0.000057  loss: 0.1330  time: 0.6734  data: 0.0000  max mem: 5061
Train: data epoch: [23]  [36/37]  eta: 0:00:00  lr: 0.000057  loss: 0.1692  time: 0.6635  data: 0.0000  max mem: 5061
Train: data epoch: [23] Total time: 0:00:25 (0.6869 s / it)
2026-08-22 19:48:09,687 [INFO] Qual: EPOCH[23] -> PLCC: 0.918399, SROCC: 0.879673, KROCC: 0.703196, LOSS: 0.156554
2026-08-22 19:48:09,687 [INFO] Align: EPOCH[23] -> PLCC: 0.860902, SROCC: 0.753954, KROCC: 0.566245, LOSS: 0.254221
2026-08-22 19:48:09,688 [INFO] Start training
2026-08-22 19:48:10,103 [INFO] Start training epoch 24, 37 iters per inner epoch.
2026-08-22 19:48:35,501 [INFO] Averaged stats: lr: 0.000054  loss: 0.115961
2026-08-22 19:48:35,639 [INFO] gates: {"epoch": 24, "lambda_q": 0.01, "mgsc_global_sim_mean": 0.2638, "mgsc_global_sim_std": 0.0305, "mgsc_local_sim_mean": 0.1269, "mgsc_local_sim_std": 0.0286, "mgsc_frag_count": 4, "mgsc_frag_w_entropy": 1.3793, "mgsc_gl_gap_mean": 0.1368, "mgsc_gl_gap_std": 0.0364}
2026-08-22 19:48:35,639 [INFO] Evaluating on val.
Train: data epoch: [24]  [ 0/37]  eta: 0:00:56  lr: 0.000054  loss: 0.1011  time: 1.5140  data: 0.0001  max mem: 5061
Train: data epoch: [24]  [20/37]  eta: 0:00:12  lr: 0.000054  loss: 0.1437  time: 0.6708  data: 0.0000  max mem: 5061
Train: data epoch: [24]  [36/37]  eta: 0:00:00  lr: 0.000054  loss: 0.1031  time: 0.6592  data: 0.0000  max mem: 5061
Train: data epoch: [24] Total time: 0:00:25 (0.6864 s / it)
2026-08-22 19:48:43,305 [INFO] Qual: EPOCH[24] -> PLCC: 0.918247, SROCC: 0.879663, KROCC: 0.702960, LOSS: 0.158886
2026-08-22 19:48:43,305 [INFO] Align: EPOCH[24] -> PLCC: 0.860946, SROCC: 0.753098, KROCC: 0.564930, LOSS: 0.256618
2026-08-22 19:48:43,306 [INFO] Start training
2026-08-22 19:48:43,952 [INFO] Start training epoch 25, 37 iters per inner epoch.
2026-08-22 19:49:09,894 [INFO] Averaged stats: lr: 0.000050  loss: 0.112877
2026-08-22 19:49:09,989 [INFO] gates: {"epoch": 25, "lambda_q": 0.01, "mgsc_global_sim_mean": 0.259, "mgsc_global_sim_std": 0.0321, "mgsc_local_sim_mean": 0.1234, "mgsc_local_sim_std": 0.0256, "mgsc_frag_count": 4, "mgsc_frag_w_entropy": 1.3791, "mgsc_gl_gap_mean": 0.1356, "mgsc_gl_gap_std": 0.0362}
2026-08-22 19:49:09,989 [INFO] Evaluating on val.
Train: data epoch: [25]  [ 0/37]  eta: 0:01:13  lr: 0.000051  loss: 0.1206  time: 1.9779  data: 0.0001  max mem: 5061
Train: data epoch: [25]  [20/37]  eta: 0:00:12  lr: 0.000051  loss: 0.0890  time: 0.6672  data: 0.0000  max mem: 5061
Train: data epoch: [25]  [36/37]  eta: 0:00:00  lr: 0.000051  loss: 0.1156  time: 0.6690  data: 0.0000  max mem: 5061
Train: data epoch: [25] Total time: 0:00:25 (0.7011 s / it)
2026-08-22 19:49:17,958 [INFO] Qual: EPOCH[25] -> PLCC: 0.918313, SROCC: 0.879898, KROCC: 0.703421, LOSS: 0.158056
2026-08-22 19:49:17,958 [INFO] Align: EPOCH[25] -> PLCC: 0.860964, SROCC: 0.753063, KROCC: 0.564896, LOSS: 0.252610
2026-08-22 19:49:17,975 [INFO] Saving checkpoint at epoch 25 to run/20260822193_E2_mgsc_slim_s6/checkpoint_latest.pth.
2026-08-22 19:49:18,022 [INFO] Start training
2026-08-22 19:49:18,491 [INFO] Start training epoch 26, 37 iters per inner epoch.
2026-08-22 19:49:45,176 [INFO] Averaged stats: lr: 0.000047  loss: 0.110528
2026-08-22 19:49:45,262 [INFO] gates: {"epoch": 26, "lambda_q": 0.01, "mgsc_global_sim_mean": 0.2609, "mgsc_global_sim_std": 0.0373, "mgsc_local_sim_mean": 0.1213, "mgsc_local_sim_std": 0.0266, "mgsc_frag_count": 4, "mgsc_frag_w_entropy": 1.3791, "mgsc_gl_gap_mean": 0.1395, "mgsc_gl_gap_std": 0.0412}
2026-08-22 19:49:45,262 [INFO] Evaluating on val.
Train: data epoch: [26]  [ 0/37]  eta: 0:01:35  lr: 0.000047  loss: 0.1420  time: 2.5943  data: 0.0001  max mem: 5061
Train: data epoch: [26]  [20/37]  eta: 0:00:12  lr: 0.000047  loss: 0.1257  time: 0.6655  data: 0.0000  max mem: 5061
Train: data epoch: [26]  [36/37]  eta: 0:00:00  lr: 0.000047  loss: 0.1153  time: 0.6784  data: 0.0000  max mem: 5061
Train: data epoch: [26] Total time: 0:00:26 (0.7212 s / it)
2026-08-22 19:49:53,480 [INFO] Qual: EPOCH[26] -> PLCC: 0.917630, SROCC: 0.878919, KROCC: 0.702634, LOSS: 0.159788
2026-08-22 19:49:53,480 [INFO] Align: EPOCH[26] -> PLCC: 0.860246, SROCC: 0.752210, KROCC: 0.564244, LOSS: 0.256365
2026-08-22 19:49:53,481 [INFO] Start training
2026-08-22 19:49:53,978 [INFO] Start training epoch 27, 37 iters per inner epoch.
2026-08-22 19:50:19,432 [INFO] Averaged stats: lr: 0.000044  loss: 0.108881
2026-08-22 19:50:19,517 [INFO] gates: {"epoch": 27, "lambda_q": 0.01, "mgsc_global_sim_mean": 0.2639, "mgsc_global_sim_std": 0.0346, "mgsc_local_sim_mean": 0.1237, "mgsc_local_sim_std": 0.031, "mgsc_frag_count": 4, "mgsc_frag_w_entropy": 1.3781, "mgsc_gl_gap_mean": 0.1402, "mgsc_gl_gap_std": 0.0407}
2026-08-22 19:50:19,517 [INFO] Evaluating on val.
Train: data epoch: [27]  [ 0/37]  eta: 0:00:50  lr: 0.000044  loss: 0.1269  time: 1.3775  data: 0.0001  max mem: 5061
Train: data epoch: [27]  [20/37]  eta: 0:00:12  lr: 0.000044  loss: 0.0998  time: 0.6732  data: 0.0000  max mem: 5061
Train: data epoch: [27]  [36/37]  eta: 0:00:00  lr: 0.000044  loss: 0.1464  time: 0.6658  data: 0.0000  max mem: 5061
Train: data epoch: [27] Total time: 0:00:25 (0.6879 s / it)
2026-08-22 19:50:27,385 [INFO] Qual: EPOCH[27] -> PLCC: 0.917584, SROCC: 0.878740, KROCC: 0.702364, LOSS: 0.158224
2026-08-22 19:50:27,385 [INFO] Align: EPOCH[27] -> PLCC: 0.859997, SROCC: 0.751092, KROCC: 0.562995, LOSS: 0.254327
2026-08-22 19:50:27,386 [INFO] Start training
2026-08-22 19:50:27,930 [INFO] Start training epoch 28, 37 iters per inner epoch.
2026-08-22 19:50:54,064 [INFO] Averaged stats: lr: 0.000041  loss: 0.107189
2026-08-22 19:50:54,187 [INFO] gates: {"epoch": 28, "lambda_q": 0.01, "mgsc_global_sim_mean": 0.2637, "mgsc_global_sim_std": 0.03, "mgsc_local_sim_mean": 0.119, "mgsc_local_sim_std": 0.0265, "mgsc_frag_count": 4, "mgsc_frag_w_entropy": 1.3778, "mgsc_gl_gap_mean": 0.1447, "mgsc_gl_gap_std": 0.0329}
2026-08-22 19:50:54,188 [INFO] Evaluating on val.
Train: data epoch: [28]  [ 0/37]  eta: 0:01:10  lr: 0.000041  loss: 0.0947  time: 1.9047  data: 0.0001  max mem: 5061
Train: data epoch: [28]  [20/37]  eta: 0:00:12  lr: 0.000041  loss: 0.1342  time: 0.6753  data: 0.0000  max mem: 5061
Train: data epoch: [28]  [36/37]  eta: 0:00:00  lr: 0.000041  loss: 0.0952  time: 0.6696  data: 0.0000  max mem: 5061
Train: data epoch: [28] Total time: 0:00:26 (0.7058 s / it)
2026-08-22 19:51:01,788 [INFO] Qual: EPOCH[28] -> PLCC: 0.917065, SROCC: 0.877933, KROCC: 0.701475, LOSS: 0.161019
2026-08-22 19:51:01,788 [INFO] Align: EPOCH[28] -> PLCC: 0.859702, SROCC: 0.750936, KROCC: 0.562287, LOSS: 0.256007
2026-08-22 19:51:01,789 [INFO] Start training
2026-08-22 19:51:02,182 [INFO] Start training epoch 29, 37 iters per inner epoch.
2026-08-22 19:51:27,515 [INFO] Averaged stats: lr: 0.000038  loss: 0.104948
2026-08-22 19:51:27,609 [INFO] gates: {"epoch": 29, "lambda_q": 0.01, "mgsc_global_sim_mean": 0.2599, "mgsc_global_sim_std": 0.028, "mgsc_local_sim_mean": 0.1206, "mgsc_local_sim_std": 0.0254, "mgsc_frag_count": 4, "mgsc_frag_w_entropy": 1.3787, "mgsc_gl_gap_mean": 0.1393, "mgsc_gl_gap_std": 0.0356}
2026-08-22 19:51:27,610 [INFO] Evaluating on val.
Train: data epoch: [29]  [ 0/37]  eta: 0:00:50  lr: 0.000038  loss: 0.0946  time: 1.3749  data: 0.0001  max mem: 5061
Train: data epoch: [29]  [20/37]  eta: 0:00:11  lr: 0.000038  loss: 0.1026  time: 0.6646  data: 0.0000  max mem: 5061
Train: data epoch: [29]  [36/37]  eta: 0:00:00  lr: 0.000038  loss: 0.0913  time: 0.6688  data: 0.0000  max mem: 5061
Train: data epoch: [29] Total time: 0:00:25 (0.6846 s / it)
2026-08-22 19:51:35,275 [INFO] Qual: EPOCH[29] -> PLCC: 0.917177, SROCC: 0.878212, KROCC: 0.702038, LOSS: 0.162521
2026-08-22 19:51:35,275 [INFO] Align: EPOCH[29] -> PLCC: 0.859770, SROCC: 0.750665, KROCC: 0.562141, LOSS: 0.254721
2026-08-22 19:51:35,276 [INFO] Start training
2026-08-22 19:51:35,704 [INFO] Start training epoch 30, 37 iters per inner epoch.
2026-08-22 19:52:01,944 [INFO] Averaged stats: lr: 0.000035  loss: 0.105300
2026-08-22 19:52:02,076 [INFO] gates: {"epoch": 30, "lambda_q": 0.01, "mgsc_global_sim_mean": 0.2636, "mgsc_global_sim_std": 0.0277, "mgsc_local_sim_mean": 0.1256, "mgsc_local_sim_std": 0.0307, "mgsc_frag_count": 4, "mgsc_frag_w_entropy": 1.3798, "mgsc_gl_gap_mean": 0.138, "mgsc_gl_gap_std": 0.0395}
2026-08-22 19:52:02,077 [INFO] Evaluating on val.
Train: data epoch: [30]  [ 0/37]  eta: 0:01:21  lr: 0.000035  loss: 0.1231  time: 2.1900  data: 0.0001  max mem: 5061
Train: data epoch: [30]  [20/37]  eta: 0:00:12  lr: 0.000035  loss: 0.0872  time: 0.6728  data: 0.0000  max mem: 5061
Train: data epoch: [30]  [36/37]  eta: 0:00:00  lr: 0.000035  loss: 0.1365  time: 0.6661  data: 0.0000  max mem: 5061
Train: data epoch: [30] Total time: 0:00:26 (0.7092 s / it)
2026-08-22 19:52:09,880 [INFO] Qual: EPOCH[30] -> PLCC: 0.915768, SROCC: 0.876694, KROCC: 0.699867, LOSS: 0.161328
2026-08-22 19:52:09,880 [INFO] Align: EPOCH[30] -> PLCC: 0.858886, SROCC: 0.748962, KROCC: 0.560499, LOSS: 0.257605
2026-08-22 19:52:09,897 [INFO] Saving checkpoint at epoch 30 to run/20260822193_E2_mgsc_slim_s6/checkpoint_latest.pth.
2026-08-22 19:52:09,986 [INFO] Start training
2026-08-22 19:52:10,566 [INFO] Start training epoch 31, 37 iters per inner epoch.
2026-08-22 19:52:36,257 [INFO] Averaged stats: lr: 0.000032  loss: 0.103052
2026-08-22 19:52:36,383 [INFO] gates: {"epoch": 31, "lambda_q": 0.01, "mgsc_global_sim_mean": 0.2534, "mgsc_global_sim_std": 0.0348, "mgsc_local_sim_mean": 0.1208, "mgsc_local_sim_std": 0.0269, "mgsc_frag_count": 4, "mgsc_frag_w_entropy": 1.3776, "mgsc_gl_gap_mean": 0.1327, "mgsc_gl_gap_std": 0.0364}
2026-08-22 19:52:36,383 [INFO] Evaluating on val.
Train: data epoch: [31]  [ 0/37]  eta: 0:00:57  lr: 0.000032  loss: 0.0844  time: 1.5537  data: 0.0001  max mem: 5061
Train: data epoch: [31]  [20/37]  eta: 0:00:12  lr: 0.000032  loss: 0.0837  time: 0.6733  data: 0.0000  max mem: 5061
Train: data epoch: [31]  [36/37]  eta: 0:00:00  lr: 0.000032  loss: 0.0917  time: 0.6685  data: 0.0000  max mem: 5061
Train: data epoch: [31] Total time: 0:00:25 (0.6943 s / it)
2026-08-22 19:52:43,788 [INFO] Qual: EPOCH[31] -> PLCC: 0.916013, SROCC: 0.876922, KROCC: 0.700340, LOSS: 0.162136
2026-08-22 19:52:43,788 [INFO] Align: EPOCH[31] -> PLCC: 0.859377, SROCC: 0.749741, KROCC: 0.561590, LOSS: 0.256642
2026-08-22 19:52:43,789 [INFO] Start training
2026-08-22 19:52:44,414 [INFO] Start training epoch 32, 37 iters per inner epoch.
2026-08-22 19:53:09,990 [INFO] Averaged stats: lr: 0.000029  loss: 0.101375
2026-08-22 19:53:10,115 [INFO] gates: {"epoch": 32, "lambda_q": 0.01, "mgsc_global_sim_mean": 0.2633, "mgsc_global_sim_std": 0.037, "mgsc_local_sim_mean": 0.1255, "mgsc_local_sim_std": 0.0289, "mgsc_frag_count": 4, "mgsc_frag_w_entropy": 1.3792, "mgsc_gl_gap_mean": 0.1378, "mgsc_gl_gap_std": 0.0429}
2026-08-22 19:53:10,115 [INFO] Evaluating on val.
Train: data epoch: [32]  [ 0/37]  eta: 0:01:04  lr: 0.000029  loss: 0.1246  time: 1.7383  data: 0.0001  max mem: 5061
Train: data epoch: [32]  [20/37]  eta: 0:00:12  lr: 0.000029  loss: 0.0689  time: 0.6660  data: 0.0000  max mem: 5061
Train: data epoch: [32]  [36/37]  eta: 0:00:00  lr: 0.000029  loss: 0.1189  time: 0.6617  data: 0.0000  max mem: 5061
Train: data epoch: [32] Total time: 0:00:25 (0.6912 s / it)
2026-08-22 19:53:17,886 [INFO] Qual: EPOCH[32] -> PLCC: 0.915677, SROCC: 0.876960, KROCC: 0.700227, LOSS: 0.162451
2026-08-22 19:53:17,886 [INFO] Align: EPOCH[32] -> PLCC: 0.859145, SROCC: 0.749838, KROCC: 0.561106, LOSS: 0.257398
2026-08-22 19:53:17,887 [INFO] Start training
2026-08-22 19:53:18,393 [INFO] Start training epoch 33, 37 iters per inner epoch.
2026-08-22 19:53:44,973 [INFO] Averaged stats: lr: 0.000027  loss: 0.100685
2026-08-22 19:53:45,068 [INFO] gates: {"epoch": 33, "lambda_q": 0.01, "mgsc_global_sim_mean": 0.2579, "mgsc_global_sim_std": 0.0292, "mgsc_local_sim_mean": 0.1274, "mgsc_local_sim_std": 0.027, "mgsc_frag_count": 4, "mgsc_frag_w_entropy": 1.3778, "mgsc_gl_gap_mean": 0.1305, "mgsc_gl_gap_std": 0.0374}
2026-08-22 19:53:45,068 [INFO] Evaluating on val.
Train: data epoch: [33]  [ 0/37]  eta: 0:01:18  lr: 0.000027  loss: 0.1045  time: 2.1300  data: 0.0001  max mem: 5061
Train: data epoch: [33]  [20/37]  eta: 0:00:12  lr: 0.000027  loss: 0.0951  time: 0.6788  data: 0.0000  max mem: 5061
Train: data epoch: [33]  [36/37]  eta: 0:00:00  lr: 0.000027  loss: 0.0935  time: 0.6821  data: 0.0000  max mem: 5061
Train: data epoch: [33] Total time: 0:00:26 (0.7184 s / it)
2026-08-22 19:53:53,500 [INFO] Qual: EPOCH[33] -> PLCC: 0.915597, SROCC: 0.876547, KROCC: 0.699901, LOSS: 0.162984
2026-08-22 19:53:53,500 [INFO] Align: EPOCH[33] -> PLCC: 0.858605, SROCC: 0.747979, KROCC: 0.559543, LOSS: 0.257622
2026-08-22 19:53:53,501 [INFO] Start training
2026-08-22 19:53:54,071 [INFO] Start training epoch 34, 37 iters per inner epoch.
2026-08-22 19:54:19,580 [INFO] Averaged stats: lr: 0.000024  loss: 0.099633
2026-08-22 19:54:19,675 [INFO] gates: {"epoch": 34, "lambda_q": 0.01, "mgsc_global_sim_mean": 0.2612, "mgsc_global_sim_std": 0.0299, "mgsc_local_sim_mean": 0.1216, "mgsc_local_sim_std": 0.0297, "mgsc_frag_count": 4, "mgsc_frag_w_entropy": 1.3795, "mgsc_gl_gap_mean": 0.1396, "mgsc_gl_gap_std": 0.0368}
2026-08-22 19:54:19,676 [INFO] Evaluating on val.
Train: data epoch: [34]  [ 0/37]  eta: 0:00:56  lr: 0.000024  loss: 0.0688  time: 1.5227  data: 0.0001  max mem: 5061
Train: data epoch: [34]  [20/37]  eta: 0:00:12  lr: 0.000024  loss: 0.0588  time: 0.6701  data: 0.0000  max mem: 5061
Train: data epoch: [34]  [36/37]  eta: 0:00:00  lr: 0.000024  loss: 0.1061  time: 0.6643  data: 0.0000  max mem: 5061
Train: data epoch: [34] Total time: 0:00:25 (0.6894 s / it)
2026-08-22 19:54:26,993 [INFO] Qual: EPOCH[34] -> PLCC: 0.915136, SROCC: 0.876079, KROCC: 0.699283, LOSS: 0.162338
2026-08-22 19:54:26,993 [INFO] Align: EPOCH[34] -> PLCC: 0.858574, SROCC: 0.748264, KROCC: 0.559937, LOSS: 0.257954
2026-08-22 19:54:26,994 [INFO] Start training
2026-08-22 19:54:27,480 [INFO] Start training epoch 35, 37 iters per inner epoch.
2026-08-22 19:54:52,701 [INFO] Averaged stats: lr: 0.000021  loss: 0.099299
2026-08-22 19:54:52,804 [INFO] gates: {"epoch": 35, "lambda_q": 0.01, "mgsc_global_sim_mean": 0.2632, "mgsc_global_sim_std": 0.0348, "mgsc_local_sim_mean": 0.1239, "mgsc_local_sim_std": 0.0309, "mgsc_frag_count": 4, "mgsc_frag_w_entropy": 1.3789, "mgsc_gl_gap_mean": 0.1392, "mgsc_gl_gap_std": 0.0429}
2026-08-22 19:54:52,804 [INFO] Evaluating on val.
Train: data epoch: [35]  [ 0/37]  eta: 0:00:55  lr: 0.000021  loss: 0.0898  time: 1.4976  data: 0.0001  max mem: 5061
Train: data epoch: [35]  [20/37]  eta: 0:00:11  lr: 0.000021  loss: 0.1218  time: 0.6564  data: 0.0000  max mem: 5061
Train: data epoch: [35]  [36/37]  eta: 0:00:00  lr: 0.000021  loss: 0.1002  time: 0.6636  data: 0.0000  max mem: 5061
Train: data epoch: [35] Total time: 0:00:25 (0.6816 s / it)
2026-08-22 19:55:00,682 [INFO] Qual: EPOCH[35] -> PLCC: 0.915203, SROCC: 0.876240, KROCC: 0.699710, LOSS: 0.163135
2026-08-22 19:55:00,682 [INFO] Align: EPOCH[35] -> PLCC: 0.858204, SROCC: 0.746652, KROCC: 0.558418, LOSS: 0.257937
2026-08-22 19:55:00,699 [INFO] Saving checkpoint at epoch 35 to run/20260822193_E2_mgsc_slim_s6/checkpoint_latest.pth.
2026-08-22 19:55:00,787 [INFO] Start training
2026-08-22 19:55:01,362 [INFO] Start training epoch 36, 37 iters per inner epoch.
2026-08-22 19:55:27,048 [INFO] Averaged stats: lr: 0.000019  loss: 0.098785
2026-08-22 19:55:27,178 [INFO] gates: {"epoch": 36, "lambda_q": 0.01, "mgsc_global_sim_mean": 0.2566, "mgsc_global_sim_std": 0.0333, "mgsc_local_sim_mean": 0.1253, "mgsc_local_sim_std": 0.0254, "mgsc_frag_count": 4, "mgsc_frag_w_entropy": 1.3791, "mgsc_gl_gap_mean": 0.1314, "mgsc_gl_gap_std": 0.0305}
2026-08-22 19:55:27,178 [INFO] Evaluating on val.
Train: data epoch: [36]  [ 0/37]  eta: 0:01:04  lr: 0.000019  loss: 0.0976  time: 1.7342  data: 0.0001  max mem: 5061
Train: data epoch: [36]  [20/37]  eta: 0:00:12  lr: 0.000019  loss: 0.0728  time: 0.6673  data: 0.0000  max mem: 5061
Train: data epoch: [36]  [36/37]  eta: 0:00:00  lr: 0.000019  loss: 0.1491  time: 0.6684  data: 0.0000  max mem: 5061
Train: data epoch: [36] Total time: 0:00:25 (0.6942 s / it)
2026-08-22 19:55:35,069 [INFO] Qual: EPOCH[36] -> PLCC: 0.914571, SROCC: 0.875565, KROCC: 0.698855, LOSS: 0.163640
2026-08-22 19:55:35,070 [INFO] Align: EPOCH[36] -> PLCC: 0.858318, SROCC: 0.747860, KROCC: 0.559453, LOSS: 0.259405
2026-08-22 19:55:35,071 [INFO] Start training
2026-08-22 19:55:35,577 [INFO] Start training epoch 37, 37 iters per inner epoch.
2026-08-22 19:56:01,683 [INFO] Averaged stats: lr: 0.000017  loss: 0.096933
2026-08-22 19:56:01,765 [INFO] gates: {"epoch": 37, "lambda_q": 0.01, "mgsc_global_sim_mean": 0.2695, "mgsc_global_sim_std": 0.0307, "mgsc_local_sim_mean": 0.1232, "mgsc_local_sim_std": 0.0268, "mgsc_frag_count": 4, "mgsc_frag_w_entropy": 1.3786, "mgsc_gl_gap_mean": 0.1462, "mgsc_gl_gap_std": 0.0354}
2026-08-22 19:56:01,766 [INFO] Evaluating on val.
Train: data epoch: [37]  [ 0/37]  eta: 0:01:24  lr: 0.000017  loss: 0.0913  time: 2.2796  data: 0.0001  max mem: 5061
Train: data epoch: [37]  [20/37]  eta: 0:00:12  lr: 0.000017  loss: 0.0753  time: 0.6686  data: 0.0000  max mem: 5061
Train: data epoch: [37]  [36/37]  eta: 0:00:00  lr: 0.000017  loss: 0.0854  time: 0.6615  data: 0.0000  max mem: 5061
Train: data epoch: [37] Total time: 0:00:26 (0.7056 s / it)
2026-08-22 19:56:09,279 [INFO] Qual: EPOCH[37] -> PLCC: 0.914794, SROCC: 0.875971, KROCC: 0.699271, LOSS: 0.163422
2026-08-22 19:56:09,280 [INFO] Align: EPOCH[37] -> PLCC: 0.858143, SROCC: 0.746924, KROCC: 0.558407, LOSS: 0.257942
2026-08-22 19:56:09,281 [INFO] Start training
2026-08-22 19:56:09,814 [INFO] Start training epoch 38, 37 iters per inner epoch.
2026-08-22 19:56:35,818 [INFO] Averaged stats: lr: 0.000014  loss: 0.096711
2026-08-22 19:56:35,911 [INFO] gates: {"epoch": 38, "lambda_q": 0.01, "mgsc_global_sim_mean": 0.2593, "mgsc_global_sim_std": 0.0374, "mgsc_local_sim_mean": 0.1222, "mgsc_local_sim_std": 0.0268, "mgsc_frag_count": 4, "mgsc_frag_w_entropy": 1.3771, "mgsc_gl_gap_mean": 0.1371, "mgsc_gl_gap_std": 0.0366}
2026-08-22 19:56:35,911 [INFO] Evaluating on val.
Train: data epoch: [38]  [ 0/37]  eta: 0:00:58  lr: 0.000014  loss: 0.1368  time: 1.5712  data: 0.0002  max mem: 5061
Train: data epoch: [38]  [20/37]  eta: 0:00:12  lr: 0.000014  loss: 0.0838  time: 0.6871  data: 0.0000  max mem: 5061
Train: data epoch: [38]  [36/37]  eta: 0:00:00  lr: 0.000014  loss: 0.1348  time: 0.6708  data: 0.0000  max mem: 5061
Train: data epoch: [38] Total time: 0:00:25 (0.7018 s / it)
2026-08-22 19:56:43,768 [INFO] Qual: EPOCH[38] -> PLCC: 0.914616, SROCC: 0.875817, KROCC: 0.699159, LOSS: 0.163802
2026-08-22 19:56:43,768 [INFO] Align: EPOCH[38] -> PLCC: 0.857892, SROCC: 0.746061, KROCC: 0.557609, LOSS: 0.258565
2026-08-22 19:56:43,769 [INFO] Start training
2026-08-22 19:56:44,222 [INFO] Start training epoch 39, 37 iters per inner epoch.
2026-08-22 19:57:10,063 [INFO] Averaged stats: lr: 0.000012  loss: 0.095904
2026-08-22 19:57:10,165 [INFO] gates: {"epoch": 39, "lambda_q": 0.01, "mgsc_global_sim_mean": 0.2675, "mgsc_global_sim_std": 0.0362, "mgsc_local_sim_mean": 0.12, "mgsc_local_sim_std": 0.0247, "mgsc_frag_count": 4, "mgsc_frag_w_entropy": 1.3779, "mgsc_gl_gap_mean": 0.1475, "mgsc_gl_gap_std": 0.038}
2026-08-22 19:57:10,165 [INFO] Evaluating on val.
Train: data epoch: [39]  [ 0/37]  eta: 0:01:07  lr: 0.000012  loss: 0.0812  time: 1.8335  data: 0.0001  max mem: 5061
Train: data epoch: [39]  [20/37]  eta: 0:00:12  lr: 0.000012  loss: 0.1197  time: 0.6688  data: 0.0000  max mem: 5061
Train: data epoch: [39]  [36/37]  eta: 0:00:00  lr: 0.000012  loss: 0.0773  time: 0.6660  data: 0.0000  max mem: 5061
Train: data epoch: [39] Total time: 0:00:25 (0.6984 s / it)
2026-08-22 19:57:17,406 [INFO] Qual: EPOCH[39] -> PLCC: 0.914378, SROCC: 0.875384, KROCC: 0.698675, LOSS: 0.164791
2026-08-22 19:57:17,406 [INFO] Align: EPOCH[39] -> PLCC: 0.857550, SROCC: 0.745466, KROCC: 0.557080, LOSS: 0.259413
2026-08-22 19:57:17,407 [INFO] Start training
2026-08-22 19:57:17,825 [INFO] Start training epoch 40, 37 iters per inner epoch.
2026-08-22 19:57:43,646 [INFO] Averaged stats: lr: 0.000010  loss: 0.095504
2026-08-22 19:57:43,734 [INFO] gates: {"epoch": 40, "lambda_q": 0.01, "mgsc_global_sim_mean": 0.2531, "mgsc_global_sim_std": 0.0381, "mgsc_local_sim_mean": 0.1234, "mgsc_local_sim_std": 0.0308, "mgsc_frag_count": 4, "mgsc_frag_w_entropy": 1.3789, "mgsc_gl_gap_mean": 0.1296, "mgsc_gl_gap_std": 0.0383}
2026-08-22 19:57:43,735 [INFO] Evaluating on val.
Train: data epoch: [40]  [ 0/37]  eta: 0:01:03  lr: 0.000010  loss: 0.0968  time: 1.7297  data: 0.0001  max mem: 5061
Train: data epoch: [40]  [20/37]  eta: 0:00:12  lr: 0.000010  loss: 0.0818  time: 0.6689  data: 0.0000  max mem: 5061
Train: data epoch: [40]  [36/37]  eta: 0:00:00  lr: 0.000010  loss: 0.1073  time: 0.6734  data: 0.0000  max mem: 5061
Train: data epoch: [40] Total time: 0:00:25 (0.6978 s / it)
2026-08-22 19:57:50,651 [INFO] Qual: EPOCH[40] -> PLCC: 0.914347, SROCC: 0.875204, KROCC: 0.698428, LOSS: 0.164387
2026-08-22 19:57:50,651 [INFO] Align: EPOCH[40] -> PLCC: 0.857478, SROCC: 0.745297, KROCC: 0.556889, LOSS: 0.259541
2026-08-22 19:57:50,664 [INFO] Saving checkpoint at epoch 40 to run/20260822193_E2_mgsc_slim_s6/checkpoint_latest.pth.
2026-08-22 19:57:50,715 [INFO] Start training
2026-08-22 19:57:51,101 [INFO] Start training epoch 41, 37 iters per inner epoch.
2026-08-22 19:58:15,796 [INFO] Averaged stats: lr: 0.000009  loss: 0.095527
2026-08-22 19:58:15,883 [INFO] gates: {"epoch": 41, "lambda_q": 0.01, "mgsc_global_sim_mean": 0.2662, "mgsc_global_sim_std": 0.0286, "mgsc_local_sim_mean": 0.1211, "mgsc_local_sim_std": 0.0271, "mgsc_frag_count": 4, "mgsc_frag_w_entropy": 1.3782, "mgsc_gl_gap_mean": 0.145, "mgsc_gl_gap_std": 0.0346}
2026-08-22 19:58:15,883 [INFO] Evaluating on val.
Train: data epoch: [41]  [ 0/37]  eta: 0:00:42  lr: 0.000009  loss: 0.1101  time: 1.1543  data: 0.0001  max mem: 5061
Train: data epoch: [41]  [20/37]  eta: 0:00:11  lr: 0.000009  loss: 0.1193  time: 0.6447  data: 0.0000  max mem: 5061
Train: data epoch: [41]  [36/37]  eta: 0:00:00  lr: 0.000009  loss: 0.0980  time: 0.6663  data: 0.0000  max mem: 5061
Train: data epoch: [41] Total time: 0:00:24 (0.6674 s / it)
2026-08-22 19:58:23,301 [INFO] Qual: EPOCH[41] -> PLCC: 0.914231, SROCC: 0.875247, KROCC: 0.698428, LOSS: 0.164248
2026-08-22 19:58:23,301 [INFO] Align: EPOCH[41] -> PLCC: 0.857623, SROCC: 0.745475, KROCC: 0.557181, LOSS: 0.259677
2026-08-22 19:58:23,302 [INFO] Start training
2026-08-22 19:58:23,680 [INFO] Start training epoch 42, 37 iters per inner epoch.
2026-08-22 19:58:48,320 [INFO] Averaged stats: lr: 0.000007  loss: 0.095311
2026-08-22 19:58:48,414 [INFO] gates: {"epoch": 42, "lambda_q": 0.01, "mgsc_global_sim_mean": 0.2601, "mgsc_global_sim_std": 0.0317, "mgsc_local_sim_mean": 0.1201, "mgsc_local_sim_std": 0.0222, "mgsc_frag_count": 4, "mgsc_frag_w_entropy": 1.378, "mgsc_gl_gap_mean": 0.14, "mgsc_gl_gap_std": 0.0368}
2026-08-22 19:58:48,414 [INFO] Evaluating on val.
Train: data epoch: [42]  [ 0/37]  eta: 0:00:46  lr: 0.000007  loss: 0.0667  time: 1.2671  data: 0.0001  max mem: 5061
Train: data epoch: [42]  [20/37]  eta: 0:00:11  lr: 0.000007  loss: 0.0901  time: 0.6322  data: 0.0000  max mem: 5061
Train: data epoch: [42]  [36/37]  eta: 0:00:00  lr: 0.000007  loss: 0.0868  time: 0.6721  data: 0.0000  max mem: 5061
Train: data epoch: [42] Total time: 0:00:24 (0.6659 s / it)
2026-08-22 19:58:56,402 [INFO] Qual: EPOCH[42] -> PLCC: 0.914159, SROCC: 0.874834, KROCC: 0.697989, LOSS: 0.164749
2026-08-22 19:58:56,402 [INFO] Align: EPOCH[42] -> PLCC: 0.857441, SROCC: 0.745127, KROCC: 0.556698, LOSS: 0.259326
2026-08-22 19:58:56,403 [INFO] Start training
2026-08-22 19:58:56,873 [INFO] Start training epoch 43, 37 iters per inner epoch.
2026-08-22 19:59:22,593 [INFO] Averaged stats: lr: 0.000006  loss: 0.095580
2026-08-22 19:59:22,677 [INFO] gates: {"epoch": 43, "lambda_q": 0.01, "mgsc_global_sim_mean": 0.2706, "mgsc_global_sim_std": 0.0318, "mgsc_local_sim_mean": 0.1251, "mgsc_local_sim_std": 0.0291, "mgsc_frag_count": 4, "mgsc_frag_w_entropy": 1.3787, "mgsc_gl_gap_mean": 0.1455, "mgsc_gl_gap_std": 0.04}
2026-08-22 19:59:22,677 [INFO] Evaluating on val.
Train: data epoch: [43]  [ 0/37]  eta: 0:01:27  lr: 0.000006  loss: 0.0957  time: 2.3696  data: 0.0001  max mem: 5061
Train: data epoch: [43]  [20/37]  eta: 0:00:12  lr: 0.000006  loss: 0.1156  time: 0.6280  data: 0.0000  max mem: 5061
Train: data epoch: [43]  [36/37]  eta: 0:00:00  lr: 0.000006  loss: 0.1008  time: 0.6791  data: 0.0000  max mem: 5061
Train: data epoch: [43] Total time: 0:00:25 (0.6951 s / it)
2026-08-22 19:59:30,666 [INFO] Qual: EPOCH[43] -> PLCC: 0.914061, SROCC: 0.874750, KROCC: 0.697922, LOSS: 0.164875
2026-08-22 19:59:30,666 [INFO] Align: EPOCH[43] -> PLCC: 0.857468, SROCC: 0.745359, KROCC: 0.556968, LOSS: 0.259345
2026-08-22 19:59:30,667 [INFO] Start training
2026-08-22 19:59:31,055 [INFO] Start training epoch 44, 37 iters per inner epoch.
2026-08-22 19:59:56,311 [INFO] Averaged stats: lr: 0.000004  loss: 0.094731
2026-08-22 19:59:56,405 [INFO] gates: {"epoch": 44, "lambda_q": 0.01, "mgsc_global_sim_mean": 0.2582, "mgsc_global_sim_std": 0.0368, "mgsc_local_sim_mean": 0.1267, "mgsc_local_sim_std": 0.0289, "mgsc_frag_count": 4, "mgsc_frag_w_entropy": 1.379, "mgsc_gl_gap_mean": 0.1314, "mgsc_gl_gap_std": 0.0391}
2026-08-22 19:59:56,405 [INFO] Evaluating on val.
Train: data epoch: [44]  [ 0/37]  eta: 0:01:06  lr: 0.000004  loss: 0.1129  time: 1.8064  data: 0.0001  max mem: 5061
Train: data epoch: [44]  [20/37]  eta: 0:00:11  lr: 0.000004  loss: 0.0725  time: 0.6247  data: 0.0000  max mem: 5061
Train: data epoch: [44]  [36/37]  eta: 0:00:00  lr: 0.000004  loss: 0.0881  time: 0.6852  data: 0.0000  max mem: 5061
Train: data epoch: [44] Total time: 0:00:25 (0.6826 s / it)
2026-08-22 20:00:03,960 [INFO] Qual: EPOCH[44] -> PLCC: 0.913940, SROCC: 0.874787, KROCC: 0.697956, LOSS: 0.164955
2026-08-22 20:00:03,961 [INFO] Align: EPOCH[44] -> PLCC: 0.857373, SROCC: 0.744935, KROCC: 0.556675, LOSS: 0.259507
2026-08-22 20:00:03,962 [INFO] Start training
2026-08-22 20:00:04,404 [INFO] Start training epoch 45, 37 iters per inner epoch.
2026-08-22 20:00:28,928 [INFO] Averaged stats: lr: 0.000003  loss: 0.094112
2026-08-22 20:00:29,015 [INFO] gates: {"epoch": 45, "lambda_q": 0.01, "mgsc_global_sim_mean": 0.2737, "mgsc_global_sim_std": 0.0301, "mgsc_local_sim_mean": 0.1255, "mgsc_local_sim_std": 0.0269, "mgsc_frag_count": 4, "mgsc_frag_w_entropy": 1.3794, "mgsc_gl_gap_mean": 0.1482, "mgsc_gl_gap_std": 0.0377}
2026-08-22 20:00:29,015 [INFO] Evaluating on val.
Train: data epoch: [45]  [ 0/37]  eta: 0:00:47  lr: 0.000003  loss: 0.1822  time: 1.2825  data: 0.0001  max mem: 5061
Train: data epoch: [45]  [20/37]  eta: 0:00:10  lr: 0.000003  loss: 0.0837  time: 0.6089  data: 0.0000  max mem: 5061
Train: data epoch: [45]  [36/37]  eta: 0:00:00  lr: 0.000003  loss: 0.0912  time: 0.6915  data: 0.0000  max mem: 5061
Train: data epoch: [45] Total time: 0:00:24 (0.6628 s / it)
2026-08-22 20:00:37,269 [INFO] Qual: EPOCH[45] -> PLCC: 0.913994, SROCC: 0.874768, KROCC: 0.697866, LOSS: 0.165092
2026-08-22 20:00:37,270 [INFO] Align: EPOCH[45] -> PLCC: 0.857307, SROCC: 0.744887, KROCC: 0.556653, LOSS: 0.259597
2026-08-22 20:00:37,285 [INFO] Saving checkpoint at epoch 45 to run/20260822193_E2_mgsc_slim_s6/checkpoint_latest.pth.
2026-08-22 20:00:37,336 [INFO] Start training
2026-08-22 20:00:37,726 [INFO] Start training epoch 46, 37 iters per inner epoch.
2026-08-22 20:01:02,095 [INFO] Averaged stats: lr: 0.000003  loss: 0.093958
2026-08-22 20:01:02,184 [INFO] gates: {"epoch": 46, "lambda_q": 0.01, "mgsc_global_sim_mean": 0.2663, "mgsc_global_sim_std": 0.0411, "mgsc_local_sim_mean": 0.1215, "mgsc_local_sim_std": 0.0273, "mgsc_frag_count": 4, "mgsc_frag_w_entropy": 1.3782, "mgsc_gl_gap_mean": 0.1448, "mgsc_gl_gap_std": 0.0455}
2026-08-22 20:01:02,184 [INFO] Evaluating on val.
Train: data epoch: [46]  [ 0/37]  eta: 0:01:00  lr: 0.000003  loss: 0.1098  time: 1.6303  data: 0.0001  max mem: 5061
Train: data epoch: [46]  [20/37]  eta: 0:00:10  lr: 0.000003  loss: 0.0839  time: 0.5917  data: 0.0000  max mem: 5061
Train: data epoch: [46]  [36/37]  eta: 0:00:00  lr: 0.000003  loss: 0.0774  time: 0.6769  data: 0.0000  max mem: 5061
Train: data epoch: [46] Total time: 0:00:24 (0.6586 s / it)
2026-08-22 20:01:10,596 [INFO] Qual: EPOCH[46] -> PLCC: 0.913950, SROCC: 0.874742, KROCC: 0.697877, LOSS: 0.165179
2026-08-22 20:01:10,596 [INFO] Align: EPOCH[46] -> PLCC: 0.857347, SROCC: 0.744885, KROCC: 0.556664, LOSS: 0.259641
2026-08-22 20:01:10,597 [INFO] Start training
2026-08-22 20:01:11,009 [INFO] Start training epoch 47, 37 iters per inner epoch.
2026-08-22 20:01:32,991 [INFO] Averaged stats: lr: 0.000002  loss: 0.093897
2026-08-22 20:01:33,108 [INFO] gates: {"epoch": 47, "lambda_q": 0.01, "mgsc_global_sim_mean": 0.2578, "mgsc_global_sim_std": 0.0391, "mgsc_local_sim_mean": 0.1225, "mgsc_local_sim_std": 0.0325, "mgsc_frag_count": 4, "mgsc_frag_w_entropy": 1.378, "mgsc_gl_gap_mean": 0.1354, "mgsc_gl_gap_std": 0.045}
2026-08-22 20:01:33,108 [INFO] Evaluating on val.
Train: data epoch: [47]  [ 0/37]  eta: 0:00:49  lr: 0.000002  loss: 0.0911  time: 1.3406  data: 0.0001  max mem: 5061
Train: data epoch: [47]  [20/37]  eta: 0:00:09  lr: 0.000002  loss: 0.0735  time: 0.5374  data: 0.0000  max mem: 5061
Train: data epoch: [47]  [36/37]  eta: 0:00:00  lr: 0.000002  loss: 0.0802  time: 0.6106  data: 0.0000  max mem: 5061
Train: data epoch: [47] Total time: 0:00:21 (0.5941 s / it)
2026-08-22 20:01:41,418 [INFO] Qual: EPOCH[47] -> PLCC: 0.913971, SROCC: 0.874814, KROCC: 0.698012, LOSS: 0.165103
2026-08-22 20:01:41,418 [INFO] Align: EPOCH[47] -> PLCC: 0.857319, SROCC: 0.744831, KROCC: 0.556552, LOSS: 0.259642
2026-08-22 20:01:41,419 [INFO] Start training
2026-08-22 20:01:41,804 [INFO] Start training epoch 48, 37 iters per inner epoch.
2026-08-22 20:02:05,947 [INFO] Averaged stats: lr: 0.000001  loss: 0.094823
2026-08-22 20:02:06,060 [INFO] gates: {"epoch": 48, "lambda_q": 0.01, "mgsc_global_sim_mean": 0.257, "mgsc_global_sim_std": 0.0313, "mgsc_local_sim_mean": 0.1172, "mgsc_local_sim_std": 0.0261, "mgsc_frag_count": 4, "mgsc_frag_w_entropy": 1.3779, "mgsc_gl_gap_mean": 0.1398, "mgsc_gl_gap_std": 0.0386}
2026-08-22 20:02:06,060 [INFO] Evaluating on val.
Train: data epoch: [48]  [ 0/37]  eta: 0:00:58  lr: 0.000001  loss: 0.1026  time: 1.5925  data: 0.0001  max mem: 5061
Train: data epoch: [48]  [20/37]  eta: 0:00:11  lr: 0.000001  loss: 0.1022  time: 0.6197  data: 0.0000  max mem: 5061
Train: data epoch: [48]  [36/37]  eta: 0:00:00  lr: 0.000001  loss: 0.1009  time: 0.6471  data: 0.0000  max mem: 5061
Train: data epoch: [48] Total time: 0:00:24 (0.6525 s / it)
2026-08-22 20:02:14,514 [INFO] Qual: EPOCH[48] -> PLCC: 0.913969, SROCC: 0.874823, KROCC: 0.697956, LOSS: 0.165027
2026-08-22 20:02:14,514 [INFO] Align: EPOCH[48] -> PLCC: 0.857310, SROCC: 0.744790, KROCC: 0.556518, LOSS: 0.259657
2026-08-22 20:02:14,515 [INFO] Start training
2026-08-22 20:02:14,878 [INFO] Start training epoch 49, 37 iters per inner epoch.
2026-08-22 20:02:38,921 [INFO] Averaged stats: lr: 0.000001  loss: 0.093973
2026-08-22 20:02:39,014 [INFO] gates: {"epoch": 49, "lambda_q": 0.01, "mgsc_global_sim_mean": 0.256, "mgsc_global_sim_std": 0.0346, "mgsc_local_sim_mean": 0.1176, "mgsc_local_sim_std": 0.0252, "mgsc_frag_count": 4, "mgsc_frag_w_entropy": 1.3787, "mgsc_gl_gap_mean": 0.1384, "mgsc_gl_gap_std": 0.0399}
2026-08-22 20:02:39,014 [INFO] Evaluating on val.
Train: data epoch: [49]  [ 0/37]  eta: 0:00:46  lr: 0.000001  loss: 0.0701  time: 1.2656  data: 0.0001  max mem: 5061
Train: data epoch: [49]  [20/37]  eta: 0:00:11  lr: 0.000001  loss: 0.0849  time: 0.6268  data: 0.0000  max mem: 5061
Train: data epoch: [49]  [36/37]  eta: 0:00:00  lr: 0.000001  loss: 0.1083  time: 0.6483  data: 0.0000  max mem: 5061
Train: data epoch: [49] Total time: 0:00:24 (0.6498 s / it)
2026-08-22 20:02:47,524 [INFO] Qual: EPOCH[49] -> PLCC: 0.913989, SROCC: 0.874847, KROCC: 0.698001, LOSS: 0.165138
2026-08-22 20:02:47,525 [INFO] Align: EPOCH[49] -> PLCC: 0.857281, SROCC: 0.744743, KROCC: 0.556496, LOSS: 0.259644
2026-08-22 20:02:47,538 [INFO] Saving checkpoint at epoch 49 to run/20260822193_E2_mgsc_slim_s6/checkpoint_latest.pth.
[{'agg_metrics': np.float64(4.702704119960462), 'qual_agg': np.float64(2.504187877304792), 'qual_PLCC': np.float64(0.9190278886203604), 'qual_SROCC': np.float64(0.8804120766181524), 'qual_KROCC': np.float64(0.7047479120662792), 'align_agg': np.float64(2.1985162426556704), 'align_PLCC': np.float64(0.8633725188245625), 'align_SROCC': np.float64(0.761442750440221), 'align_KROCC': np.float64(0.573700973390887)}]
{'agg_metrics': np.float64(4.702704119960462), 'qual_agg': np.float64(2.504187877304792), 'qual_PLCC': np.float64(0.9190278886203604), 'qual_SROCC': np.float64(0.8804120766181524), 'qual_KROCC': np.float64(0.7047479120662792), 'align_agg': np.float64(2.1985162426556704), 'align_PLCC': np.float64(0.8633725188245625), 'align_SROCC': np.float64(0.761442750440221), 'align_KROCC': np.float64(0.573700973390887)}
