2026-08-22 18:01:56,045 [INFO] Loaded init weights from init_ckpt/v23_agiqa3k_seed42.pth
2026-08-22 18:01:56,046 [INFO] Start training
2026-08-22 18:01:56,061 [INFO] number of trainable parameters: 2094215
Not using distributed mode
['msqr_dgmpq_abl_v21', 'msqr_dgmpq_cadr_v18', 'msqr_dgmpq_daps_v16', 'msqr_dgmpq_hcmi_v8', 'msqr_dgmpq_hmqe_dcga_v20', 'msqr_dgmpq_mscm_v10', 'msqr_dgmpq_mscm_v11', 'msqr_dgmpq_mscm_v12', 'msqr_dgmpq_msrc_v14', 'msqr_dgmpq_ptlc_v15', 'msqr_dgmpq_qard_v17', 'msqr_dgmpq_tcap_v9', 'msqr_dgmpqplus_dcar_v19', 'msqr_mlpq_mgsc_v23']
2026-08-22 18:01:58,158 [INFO] Start training epoch 0, 37 iters per inner epoch.
2026-08-22 18:02:22,388 [INFO] Averaged stats: lr: 0.000036  loss: 6.528933
2026-08-22 18:02:22,466 [INFO] gates: {"epoch": 0, "quality_ratio": 0.0709, "mgsc_align_ratio": 0.0021, "lambda_q": 0.0116, "patch_w_mean": 0.5164, "patch_w_std": 0.0114, "lambda_msc": 0.0112, "mgsc_global_sim_mean": 0.3024, "mgsc_local_sim_mean": 0.1261, "mgsc_local_sim_std": 0.0307, "mgsc_beta": 0.5003, "mgsc_frag_w_entropy": 1.3784, "mgsc_frag_count": 4}
2026-08-22 18:02:22,467 [INFO] Evaluating on val.
Train: data epoch: [0]  [ 0/37]  eta: 0:03:31  lr: 0.000000  loss: 7.8482  time: 5.7186  data: 0.0001  max mem: 5157
Train: data epoch: [0]  [20/37]  eta: 0:00:13  lr: 0.000040  loss: 6.9113  time: 0.5385  data: 0.0000  max mem: 5171
Train: data epoch: [0]  [36/37]  eta: 0:00:00  lr: 0.000072  loss: 4.4834  time: 0.4947  data: 0.0000  max mem: 5171
Train: data epoch: [0] Total time: 0:00:24 (0.6548 s / it)
2026-08-22 18:02:28,884 [INFO] Qual: EPOCH[0] -> PLCC: -0.174607, SROCC: -0.161514, KROCC: -0.107901, LOSS: 5.817052
2026-08-22 18:02:28,885 [INFO] Align: EPOCH[0] -> PLCC: 0.035102, SROCC: 0.050608, KROCC: 0.034372, LOSS: 2.620091
2026-08-22 18:02:28,900 [INFO] Saving checkpoint at epoch 0 to run/20260822180_E3_full_s6/checkpoint_best.pth.
2026-08-22 18:02:28,970 [INFO] Saving checkpoint at epoch 0 to run/20260822180_E3_full_s6/checkpoint_best_joint.pth.
2026-08-22 18:02:29,026 [INFO] Start training
2026-08-22 18:02:29,422 [INFO] Start training epoch 1, 37 iters per inner epoch.
2026-08-22 18:02:50,043 [INFO] Averaged stats: lr: 0.000100  loss: 1.946254
2026-08-22 18:02:50,150 [INFO] gates: {"epoch": 1, "quality_ratio": 0.0453, "mgsc_align_ratio": 0.001, "lambda_q": 0.0159, "patch_w_mean": 0.5428, "patch_w_std": 0.0266, "lambda_msc": 0.0123, "mgsc_global_sim_mean": 0.2674, "mgsc_local_sim_mean": 0.1259, "mgsc_local_sim_std": 0.0264, "mgsc_beta": 0.5006, "mgsc_frag_w_entropy": 1.3787, "mgsc_frag_count": 4}
2026-08-22 18:02:50,151 [INFO] Evaluating on val.
Train: data epoch: [1]  [ 0/37]  eta: 0:01:15  lr: 0.000100  loss: 4.1822  time: 2.0374  data: 0.0001  max mem: 5171
Train: data epoch: [1]  [20/37]  eta: 0:00:10  lr: 0.000100  loss: 1.7611  time: 0.5340  data: 0.0000  max mem: 5171
Train: data epoch: [1]  [36/37]  eta: 0:00:00  lr: 0.000100  loss: 1.0741  time: 0.5015  data: 0.0000  max mem: 5171
Train: data epoch: [1] Total time: 0:00:20 (0.5573 s / it)
2026-08-22 18:02:56,226 [INFO] Qual: EPOCH[1] -> PLCC: 0.399905, SROCC: 0.393848, KROCC: 0.270917, LOSS: 0.965398
2026-08-22 18:02:56,226 [INFO] Align: EPOCH[1] -> PLCC: 0.684632, SROCC: 0.603188, KROCC: 0.426645, LOSS: 0.867909
2026-08-22 18:02:56,242 [INFO] Saving checkpoint at epoch 1 to run/20260822180_E3_full_s6/checkpoint_best.pth.
2026-08-22 18:02:56,319 [INFO] Saving checkpoint at epoch 1 to run/20260822180_E3_full_s6/checkpoint_best_joint.pth.
2026-08-22 18:02:56,385 [INFO] Start training
2026-08-22 18:02:56,725 [INFO] Start training epoch 2, 37 iters per inner epoch.
2026-08-22 18:03:16,537 [INFO] Averaged stats: lr: 0.000100  loss: 0.736502
2026-08-22 18:03:16,689 [INFO] gates: {"epoch": 2, "quality_ratio": 0.0495, "mgsc_align_ratio": 0.001, "lambda_q": 0.016, "patch_w_mean": 0.5137, "patch_w_std": 0.0271, "lambda_msc": 0.0125, "mgsc_global_sim_mean": 0.2782, "mgsc_local_sim_mean": 0.1302, "mgsc_local_sim_std": 0.029, "mgsc_beta": 0.5007, "mgsc_frag_w_entropy": 1.3775, "mgsc_frag_count": 4}
2026-08-22 18:03:16,689 [INFO] Evaluating on val.
Train: data epoch: [2]  [ 0/37]  eta: 0:00:49  lr: 0.000100  loss: 0.9608  time: 1.3342  data: 0.0001  max mem: 5171
Train: data epoch: [2]  [20/37]  eta: 0:00:09  lr: 0.000100  loss: 0.6190  time: 0.5407  data: 0.0000  max mem: 5171
Train: data epoch: [2]  [36/37]  eta: 0:00:00  lr: 0.000100  loss: 0.5478  time: 0.4918  data: 0.0000  max mem: 5171
Train: data epoch: [2] Total time: 0:00:19 (0.5354 s / it)
2026-08-22 18:03:23,435 [INFO] Qual: EPOCH[2] -> PLCC: 0.783149, SROCC: 0.719457, KROCC: 0.534441, LOSS: 0.436815
2026-08-22 18:03:23,435 [INFO] Align: EPOCH[2] -> PLCC: 0.779050, SROCC: 0.661491, KROCC: 0.477856, LOSS: 0.638939
2026-08-22 18:03:23,448 [INFO] Saving checkpoint at epoch 2 to run/20260822180_E3_full_s6/checkpoint_best.pth.
2026-08-22 18:03:23,524 [INFO] Saving checkpoint at epoch 2 to run/20260822180_E3_full_s6/checkpoint_best_joint.pth.
2026-08-22 18:03:23,583 [INFO] Start training
2026-08-22 18:03:23,888 [INFO] Start training epoch 3, 37 iters per inner epoch.
2026-08-22 18:03:43,733 [INFO] Averaged stats: lr: 0.000099  loss: 0.399794
2026-08-22 18:03:43,840 [INFO] gates: {"epoch": 3, "quality_ratio": 0.0526, "mgsc_align_ratio": 0.001, "lambda_q": 0.0165, "patch_w_mean": 0.4842, "patch_w_std": 0.0358, "lambda_msc": 0.0124, "mgsc_global_sim_mean": 0.2665, "mgsc_local_sim_mean": 0.1206, "mgsc_local_sim_std": 0.0304, "mgsc_beta": 0.5007, "mgsc_frag_w_entropy": 1.3776, "mgsc_frag_count": 4}
2026-08-22 18:03:43,840 [INFO] Evaluating on val.
Train: data epoch: [3]  [ 0/37]  eta: 0:00:48  lr: 0.000099  loss: 0.5755  time: 1.3010  data: 0.0001  max mem: 5171
Train: data epoch: [3]  [20/37]  eta: 0:00:09  lr: 0.000099  loss: 0.5046  time: 0.5214  data: 0.0000  max mem: 5171
Train: data epoch: [3]  [36/37]  eta: 0:00:00  lr: 0.000099  loss: 0.2745  time: 0.4912  data: 0.0000  max mem: 5171
Train: data epoch: [3] Total time: 0:00:19 (0.5364 s / it)
2026-08-22 18:03:51,282 [INFO] Qual: EPOCH[3] -> PLCC: 0.869529, SROCC: 0.804510, KROCC: 0.619495, LOSS: 0.239232
2026-08-22 18:03:51,282 [INFO] Align: EPOCH[3] -> PLCC: 0.790351, SROCC: 0.668407, KROCC: 0.483816, LOSS: 0.379179
2026-08-22 18:03:51,298 [INFO] Saving checkpoint at epoch 3 to run/20260822180_E3_full_s6/checkpoint_best.pth.
2026-08-22 18:03:51,383 [INFO] Saving checkpoint at epoch 3 to run/20260822180_E3_full_s6/checkpoint_best_joint.pth.
2026-08-22 18:03:51,431 [INFO] Start training
2026-08-22 18:03:51,741 [INFO] Start training epoch 4, 37 iters per inner epoch.
2026-08-22 18:04:10,554 [INFO] Averaged stats: lr: 0.000098  loss: 0.267265
2026-08-22 18:04:10,691 [INFO] gates: {"epoch": 4, "quality_ratio": 0.0544, "mgsc_align_ratio": 0.0011, "lambda_q": 0.017, "patch_w_mean": 0.4662, "patch_w_std": 0.0335, "lambda_msc": 0.0124, "mgsc_global_sim_mean": 0.254, "mgsc_local_sim_mean": 0.1247, "mgsc_local_sim_std": 0.0277, "mgsc_beta": 0.5007, "mgsc_frag_w_entropy": 1.3792, "mgsc_frag_count": 4}
2026-08-22 18:04:10,691 [INFO] Evaluating on val.
Train: data epoch: [4]  [ 0/37]  eta: 0:00:49  lr: 0.000098  loss: 0.3551  time: 1.3382  data: 0.0001  max mem: 5171
Train: data epoch: [4]  [20/37]  eta: 0:00:09  lr: 0.000098  loss: 0.2794  time: 0.5250  data: 0.0000  max mem: 5171
Train: data epoch: [4]  [36/37]  eta: 0:00:00  lr: 0.000098  loss: 0.2405  time: 0.4573  data: 0.0000  max mem: 5171
Train: data epoch: [4] Total time: 0:00:18 (0.5084 s / it)
2026-08-22 18:04:17,902 [INFO] Qual: EPOCH[4] -> PLCC: 0.892878, SROCC: 0.840523, KROCC: 0.656504, LOSS: 0.199190
2026-08-22 18:04:17,902 [INFO] Align: EPOCH[4] -> PLCC: 0.823223, SROCC: 0.699710, KROCC: 0.512432, LOSS: 0.332754
2026-08-22 18:04:17,919 [INFO] Saving checkpoint at epoch 4 to run/20260822180_E3_full_s6/checkpoint_best.pth.
2026-08-22 18:04:17,995 [INFO] Saving checkpoint at epoch 4 to run/20260822180_E3_full_s6/checkpoint_best_joint.pth.
2026-08-22 18:04:18,050 [INFO] Start training
2026-08-22 18:04:18,364 [INFO] Start training epoch 5, 37 iters per inner epoch.
2026-08-22 18:04:36,743 [INFO] Averaged stats: lr: 0.000098  loss: 0.233883
2026-08-22 18:04:36,851 [INFO] gates: {"epoch": 5, "quality_ratio": 0.0545, "mgsc_align_ratio": 0.001, "lambda_q": 0.0174, "patch_w_mean": 0.4387, "patch_w_std": 0.0562, "lambda_msc": 0.0124, "mgsc_global_sim_mean": 0.2572, "mgsc_local_sim_mean": 0.1222, "mgsc_local_sim_std": 0.032, "mgsc_beta": 0.5007, "mgsc_frag_w_entropy": 1.3791, "mgsc_frag_count": 4}
2026-08-22 18:04:36,851 [INFO] Evaluating on val.
Train: data epoch: [5]  [ 0/37]  eta: 0:00:38  lr: 0.000098  loss: 0.2476  time: 1.0473  data: 0.0001  max mem: 5171
Train: data epoch: [5]  [20/37]  eta: 0:00:08  lr: 0.000098  loss: 0.2635  time: 0.5011  data: 0.0000  max mem: 5171
Train: data epoch: [5]  [36/37]  eta: 0:00:00  lr: 0.000098  loss: 0.2414  time: 0.4514  data: 0.0000  max mem: 5171
Train: data epoch: [5] Total time: 0:00:18 (0.4967 s / it)
2026-08-22 18:04:44,034 [INFO] Qual: EPOCH[5] -> PLCC: 0.902535, SROCC: 0.854167, KROCC: 0.672597, LOSS: 0.182139
2026-08-22 18:04:44,034 [INFO] Align: EPOCH[5] -> PLCC: 0.839252, SROCC: 0.718436, KROCC: 0.530526, LOSS: 0.289140
2026-08-22 18:04:44,046 [INFO] Saving checkpoint at epoch 5 to run/20260822180_E3_full_s6/checkpoint_best.pth.
2026-08-22 18:04:44,123 [INFO] Saving checkpoint at epoch 5 to run/20260822180_E3_full_s6/checkpoint_best_joint.pth.
2026-08-22 18:04:44,177 [INFO] Start training
2026-08-22 18:04:44,484 [INFO] Start training epoch 6, 37 iters per inner epoch.
2026-08-22 18:05:03,585 [INFO] Averaged stats: lr: 0.000097  loss: 0.214310
2026-08-22 18:05:03,799 [INFO] gates: {"epoch": 6, "quality_ratio": 0.0533, "mgsc_align_ratio": 0.0009, "lambda_q": 0.0178, "patch_w_mean": 0.4256, "patch_w_std": 0.0728, "lambda_msc": 0.0125, "mgsc_global_sim_mean": 0.2549, "mgsc_local_sim_mean": 0.1175, "mgsc_local_sim_std": 0.0248, "mgsc_beta": 0.5008, "mgsc_frag_w_entropy": 1.3786, "mgsc_frag_count": 4}
2026-08-22 18:05:03,800 [INFO] Evaluating on val.
Train: data epoch: [6]  [ 0/37]  eta: 0:00:36  lr: 0.000097  loss: 0.2046  time: 0.9986  data: 0.0001  max mem: 5171
Train: data epoch: [6]  [20/37]  eta: 0:00:08  lr: 0.000097  loss: 0.2474  time: 0.5055  data: 0.0000  max mem: 5171
Train: data epoch: [6]  [36/37]  eta: 0:00:00  lr: 0.000097  loss: 0.1980  time: 0.4885  data: 0.0000  max mem: 5171
Train: data epoch: [6] Total time: 0:00:19 (0.5162 s / it)
2026-08-22 18:05:10,804 [INFO] Qual: EPOCH[6] -> PLCC: 0.907382, SROCC: 0.861640, KROCC: 0.681402, LOSS: 0.173291
2026-08-22 18:05:10,804 [INFO] Align: EPOCH[6] -> PLCC: 0.846744, SROCC: 0.730492, KROCC: 0.542090, LOSS: 0.279068
2026-08-22 18:05:10,820 [INFO] Saving checkpoint at epoch 6 to run/20260822180_E3_full_s6/checkpoint_best.pth.
2026-08-22 18:05:10,919 [INFO] Saving checkpoint at epoch 6 to run/20260822180_E3_full_s6/checkpoint_best_joint.pth.
2026-08-22 18:05:10,998 [INFO] Start training
2026-08-22 18:05:11,411 [INFO] Start training epoch 7, 37 iters per inner epoch.
2026-08-22 18:05:30,606 [INFO] Averaged stats: lr: 0.000095  loss: 0.200177
2026-08-22 18:05:30,703 [INFO] gates: {"epoch": 7, "quality_ratio": 0.0558, "mgsc_align_ratio": 0.001, "lambda_q": 0.0183, "patch_w_mean": 0.4075, "patch_w_std": 0.0907, "lambda_msc": 0.0125, "mgsc_global_sim_mean": 0.2566, "mgsc_local_sim_mean": 0.1153, "mgsc_local_sim_std": 0.0267, "mgsc_beta": 0.5008, "mgsc_frag_w_entropy": 1.3787, "mgsc_frag_count": 4}
2026-08-22 18:05:30,703 [INFO] Evaluating on val.
Train: data epoch: [7]  [ 0/37]  eta: 0:00:46  lr: 0.000095  loss: 0.2325  time: 1.2465  data: 0.0001  max mem: 5171
Train: data epoch: [7]  [20/37]  eta: 0:00:08  lr: 0.000095  loss: 0.2077  time: 0.4847  data: 0.0000  max mem: 5171
Train: data epoch: [7]  [36/37]  eta: 0:00:00  lr: 0.000095  loss: 0.2319  time: 0.5125  data: 0.0000  max mem: 5171
Train: data epoch: [7] Total time: 0:00:19 (0.5188 s / it)
2026-08-22 18:05:37,542 [INFO] Qual: EPOCH[7] -> PLCC: 0.911181, SROCC: 0.867540, KROCC: 0.688374, LOSS: 0.170128
2026-08-22 18:05:37,542 [INFO] Align: EPOCH[7] -> PLCC: 0.853296, SROCC: 0.741467, KROCC: 0.552931, LOSS: 0.276610
2026-08-22 18:05:37,558 [INFO] Saving checkpoint at epoch 7 to run/20260822180_E3_full_s6/checkpoint_best.pth.
2026-08-22 18:05:37,648 [INFO] Saving checkpoint at epoch 7 to run/20260822180_E3_full_s6/checkpoint_best_joint.pth.
2026-08-22 18:05:37,720 [INFO] Start training
2026-08-22 18:05:38,141 [INFO] Start training epoch 8, 37 iters per inner epoch.
2026-08-22 18:05:57,242 [INFO] Averaged stats: lr: 0.000094  loss: 0.189994
2026-08-22 18:05:57,343 [INFO] gates: {"epoch": 8, "quality_ratio": 0.0572, "mgsc_align_ratio": 0.001, "lambda_q": 0.0188, "patch_w_mean": 0.3885, "patch_w_std": 0.0955, "lambda_msc": 0.0125, "mgsc_global_sim_mean": 0.2517, "mgsc_local_sim_mean": 0.1239, "mgsc_local_sim_std": 0.0273, "mgsc_beta": 0.5008, "mgsc_frag_w_entropy": 1.3791, "mgsc_frag_count": 4}
2026-08-22 18:05:57,343 [INFO] Evaluating on val.
Train: data epoch: [8]  [ 0/37]  eta: 0:01:03  lr: 0.000094  loss: 0.2302  time: 1.7038  data: 0.0001  max mem: 5171
Train: data epoch: [8]  [20/37]  eta: 0:00:08  lr: 0.000094  loss: 0.1717  time: 0.4494  data: 0.0000  max mem: 5171
Train: data epoch: [8]  [36/37]  eta: 0:00:00  lr: 0.000094  loss: 0.2046  time: 0.5305  data: 0.0000  max mem: 5171
Train: data epoch: [8] Total time: 0:00:19 (0.5163 s / it)
2026-08-22 18:06:04,318 [INFO] Qual: EPOCH[8] -> PLCC: 0.914410, SROCC: 0.873308, KROCC: 0.695212, LOSS: 0.160189
2026-08-22 18:06:04,319 [INFO] Align: EPOCH[8] -> PLCC: 0.855721, SROCC: 0.746053, KROCC: 0.557373, LOSS: 0.266665
2026-08-22 18:06:04,335 [INFO] Saving checkpoint at epoch 8 to run/20260822180_E3_full_s6/checkpoint_best.pth.
2026-08-22 18:06:04,431 [INFO] Saving checkpoint at epoch 8 to run/20260822180_E3_full_s6/checkpoint_best_joint.pth.
2026-08-22 18:06:04,499 [INFO] Start training
2026-08-22 18:06:04,933 [INFO] Start training epoch 9, 37 iters per inner epoch.
2026-08-22 18:06:24,932 [INFO] Averaged stats: lr: 0.000092  loss: 0.180296
2026-08-22 18:06:25,032 [INFO] gates: {"epoch": 9, "quality_ratio": 0.057, "mgsc_align_ratio": 0.0009, "lambda_q": 0.0194, "patch_w_mean": 0.3858, "patch_w_std": 0.1065, "lambda_msc": 0.0125, "mgsc_global_sim_mean": 0.2551, "mgsc_local_sim_mean": 0.1238, "mgsc_local_sim_std": 0.0265, "mgsc_beta": 0.5008, "mgsc_frag_w_entropy": 1.3781, "mgsc_frag_count": 4}
2026-08-22 18:06:25,033 [INFO] Evaluating on val.
Train: data epoch: [9]  [ 0/37]  eta: 0:00:54  lr: 0.000092  loss: 0.2053  time: 1.4716  data: 0.0001  max mem: 5171
Train: data epoch: [9]  [20/37]  eta: 0:00:09  lr: 0.000092  loss: 0.1919  time: 0.4954  data: 0.0000  max mem: 5171
Train: data epoch: [9]  [36/37]  eta: 0:00:00  lr: 0.000092  loss: 0.1871  time: 0.5180  data: 0.0000  max mem: 5171
Train: data epoch: [9] Total time: 0:00:19 (0.5405 s / it)
2026-08-22 18:06:31,538 [INFO] Qual: EPOCH[9] -> PLCC: 0.915917, SROCC: 0.875192, KROCC: 0.697562, LOSS: 0.157906
2026-08-22 18:06:31,538 [INFO] Align: EPOCH[9] -> PLCC: 0.858352, SROCC: 0.750884, KROCC: 0.562174, LOSS: 0.260173
2026-08-22 18:06:31,554 [INFO] Saving checkpoint at epoch 9 to run/20260822180_E3_full_s6/checkpoint_best.pth.
2026-08-22 18:06:31,639 [INFO] Saving checkpoint at epoch 9 to run/20260822180_E3_full_s6/checkpoint_best_joint.pth.
2026-08-22 18:06:31,698 [INFO] Start training
2026-08-22 18:06:32,107 [INFO] Start training epoch 10, 37 iters per inner epoch.
2026-08-22 18:06:51,028 [INFO] Averaged stats: lr: 0.000091  loss: 0.170192
2026-08-22 18:06:51,126 [INFO] gates: {"epoch": 10, "quality_ratio": 0.0606, "mgsc_align_ratio": 0.001, "lambda_q": 0.02, "patch_w_mean": 0.3656, "patch_w_std": 0.1111, "lambda_msc": 0.0126, "mgsc_global_sim_mean": 0.2525, "mgsc_local_sim_mean": 0.1229, "mgsc_local_sim_std": 0.0234, "mgsc_beta": 0.5009, "mgsc_frag_w_entropy": 1.3782, "mgsc_frag_count": 4}
2026-08-22 18:06:51,127 [INFO] Evaluating on val.
Train: data epoch: [10]  [ 0/37]  eta: 0:00:42  lr: 0.000091  loss: 0.1692  time: 1.1496  data: 0.0001  max mem: 5171
Train: data epoch: [10]  [20/37]  eta: 0:00:08  lr: 0.000091  loss: 0.1968  time: 0.4500  data: 0.0000  max mem: 5171
Train: data epoch: [10]  [36/37]  eta: 0:00:00  lr: 0.000091  loss: 0.1583  time: 0.5207  data: 0.0000  max mem: 5171
Train: data epoch: [10] Total time: 0:00:18 (0.5114 s / it)
2026-08-22 18:06:57,748 [INFO] Qual: EPOCH[10] -> PLCC: 0.917586, SROCC: 0.876975, KROCC: 0.699901, LOSS: 0.159985
2026-08-22 18:06:57,748 [INFO] Align: EPOCH[10] -> PLCC: 0.860262, SROCC: 0.754883, KROCC: 0.566650, LOSS: 0.255458
2026-08-22 18:06:57,765 [INFO] Saving checkpoint at epoch 10 to run/20260822180_E3_full_s6/checkpoint_best.pth.
2026-08-22 18:06:57,854 [INFO] Saving checkpoint at epoch 10 to run/20260822180_E3_full_s6/checkpoint_best_joint.pth.
2026-08-22 18:06:57,918 [INFO] Start training
2026-08-22 18:06:58,332 [INFO] Start training epoch 11, 37 iters per inner epoch.
2026-08-22 18:07:17,333 [INFO] Averaged stats: lr: 0.000089  loss: 0.161676
2026-08-22 18:07:17,436 [INFO] gates: {"epoch": 11, "quality_ratio": 0.0621, "mgsc_align_ratio": 0.0009, "lambda_q": 0.0206, "patch_w_mean": 0.3486, "patch_w_std": 0.1245, "lambda_msc": 0.0126, "mgsc_global_sim_mean": 0.2598, "mgsc_local_sim_mean": 0.122, "mgsc_local_sim_std": 0.0261, "mgsc_beta": 0.5009, "mgsc_frag_w_entropy": 1.3783, "mgsc_frag_count": 4}
2026-08-22 18:07:17,436 [INFO] Evaluating on val.
Train: data epoch: [11]  [ 0/37]  eta: 0:00:44  lr: 0.000089  loss: 0.2146  time: 1.2119  data: 0.0001  max mem: 5171
Train: data epoch: [11]  [20/37]  eta: 0:00:08  lr: 0.000089  loss: 0.1439  time: 0.4534  data: 0.0000  max mem: 5171
Train: data epoch: [11]  [36/37]  eta: 0:00:00  lr: 0.000089  loss: 0.1591  time: 0.5260  data: 0.0000  max mem: 5171
Train: data epoch: [11] Total time: 0:00:19 (0.5135 s / it)
2026-08-22 18:07:23,743 [INFO] Qual: EPOCH[11] -> PLCC: 0.919028, SROCC: 0.879897, KROCC: 0.702746, LOSS: 0.152861
2026-08-22 18:07:23,743 [INFO] Align: EPOCH[11] -> PLCC: 0.860768, SROCC: 0.755063, KROCC: 0.566714, LOSS: 0.253042
2026-08-22 18:07:23,759 [INFO] Saving checkpoint at epoch 11 to run/20260822180_E3_full_s6/checkpoint_best.pth.
2026-08-22 18:07:23,856 [INFO] Saving checkpoint at epoch 11 to run/20260822180_E3_full_s6/checkpoint_best_joint.pth.
2026-08-22 18:07:23,933 [INFO] Start training
2026-08-22 18:07:24,338 [INFO] Start training epoch 12, 37 iters per inner epoch.
2026-08-22 18:07:43,288 [INFO] Averaged stats: lr: 0.000087  loss: 0.153843
2026-08-22 18:07:43,399 [INFO] gates: {"epoch": 12, "quality_ratio": 0.066, "mgsc_align_ratio": 0.001, "lambda_q": 0.0214, "patch_w_mean": 0.3246, "patch_w_std": 0.1344, "lambda_msc": 0.0126, "mgsc_global_sim_mean": 0.2573, "mgsc_local_sim_mean": 0.1233, "mgsc_local_sim_std": 0.0254, "mgsc_beta": 0.5009, "mgsc_frag_w_entropy": 1.3777, "mgsc_frag_count": 4}
2026-08-22 18:07:43,399 [INFO] Evaluating on val.
Train: data epoch: [12]  [ 0/37]  eta: 0:00:47  lr: 0.000087  loss: 0.1533  time: 1.2755  data: 0.0001  max mem: 5171
Train: data epoch: [12]  [20/37]  eta: 0:00:08  lr: 0.000087  loss: 0.1706  time: 0.4526  data: 0.0000  max mem: 5171
Train: data epoch: [12]  [36/37]  eta: 0:00:00  lr: 0.000087  loss: 0.1418  time: 0.5354  data: 0.0000  max mem: 5171
Train: data epoch: [12] Total time: 0:00:18 (0.5122 s / it)
2026-08-22 18:07:49,927 [INFO] Qual: EPOCH[12] -> PLCC: 0.920246, SROCC: 0.880991, KROCC: 0.703612, LOSS: 0.151686
2026-08-22 18:07:49,927 [INFO] Align: EPOCH[12] -> PLCC: 0.861420, SROCC: 0.757380, KROCC: 0.569124, LOSS: 0.254028
2026-08-22 18:07:49,940 [INFO] Saving checkpoint at epoch 12 to run/20260822180_E3_full_s6/checkpoint_best.pth.
2026-08-22 18:07:50,008 [INFO] Saving checkpoint at epoch 12 to run/20260822180_E3_full_s6/checkpoint_best_joint.pth.
2026-08-22 18:07:50,066 [INFO] Start training
2026-08-22 18:07:50,443 [INFO] Start training epoch 13, 37 iters per inner epoch.
2026-08-22 18:08:08,833 [INFO] Averaged stats: lr: 0.000084  loss: 0.148202
2026-08-22 18:08:08,928 [INFO] gates: {"epoch": 13, "quality_ratio": 0.0684, "mgsc_align_ratio": 0.001, "lambda_q": 0.0221, "patch_w_mean": 0.3085, "patch_w_std": 0.1291, "lambda_msc": 0.0127, "mgsc_global_sim_mean": 0.2586, "mgsc_local_sim_mean": 0.1255, "mgsc_local_sim_std": 0.0289, "mgsc_beta": 0.5009, "mgsc_frag_w_entropy": 1.3781, "mgsc_frag_count": 4}
2026-08-22 18:08:08,928 [INFO] Evaluating on val.
Train: data epoch: [13]  [ 0/37]  eta: 0:00:33  lr: 0.000084  loss: 0.1586  time: 0.9153  data: 0.0001  max mem: 5171
Train: data epoch: [13]  [20/37]  eta: 0:00:07  lr: 0.000084  loss: 0.1721  time: 0.4311  data: 0.0000  max mem: 5171
Train: data epoch: [13]  [36/37]  eta: 0:00:00  lr: 0.000084  loss: 0.1466  time: 0.5392  data: 0.0000  max mem: 5171
Train: data epoch: [13] Total time: 0:00:18 (0.4970 s / it)
2026-08-22 18:08:15,590 [INFO] Qual: EPOCH[13] -> PLCC: 0.920623, SROCC: 0.881912, KROCC: 0.705231, LOSS: 0.150389
2026-08-22 18:08:15,590 [INFO] Align: EPOCH[13] -> PLCC: 0.862393, SROCC: 0.758728, KROCC: 0.570687, LOSS: 0.251634
2026-08-22 18:08:15,603 [INFO] Saving checkpoint at epoch 13 to run/20260822180_E3_full_s6/checkpoint_best.pth.
2026-08-22 18:08:15,684 [INFO] Saving checkpoint at epoch 13 to run/20260822180_E3_full_s6/checkpoint_best_joint.pth.
2026-08-22 18:08:15,758 [INFO] Start training
2026-08-22 18:08:16,171 [INFO] Start training epoch 14, 37 iters per inner epoch.
2026-08-22 18:08:34,443 [INFO] Averaged stats: lr: 0.000082  loss: 0.145616
2026-08-22 18:08:34,548 [INFO] gates: {"epoch": 14, "quality_ratio": 0.07, "mgsc_align_ratio": 0.001, "lambda_q": 0.0228, "patch_w_mean": 0.2745, "patch_w_std": 0.1366, "lambda_msc": 0.0127, "mgsc_global_sim_mean": 0.2634, "mgsc_local_sim_mean": 0.1227, "mgsc_local_sim_std": 0.0248, "mgsc_beta": 0.5009, "mgsc_frag_w_entropy": 1.3777, "mgsc_frag_count": 4}
2026-08-22 18:08:34,548 [INFO] Evaluating on val.
Train: data epoch: [14]  [ 0/37]  eta: 0:00:32  lr: 0.000082  loss: 0.1666  time: 0.8896  data: 0.0001  max mem: 5171
Train: data epoch: [14]  [20/37]  eta: 0:00:07  lr: 0.000082  loss: 0.1915  time: 0.4313  data: 0.0000  max mem: 5171
Train: data epoch: [14]  [36/37]  eta: 0:00:00  lr: 0.000082  loss: 0.1281  time: 0.5248  data: 0.0000  max mem: 5171
Train: data epoch: [14] Total time: 0:00:18 (0.4938 s / it)
2026-08-22 18:08:41,071 [INFO] Qual: EPOCH[14] -> PLCC: 0.921651, SROCC: 0.882971, KROCC: 0.706581, LOSS: 0.148512
2026-08-22 18:08:41,071 [INFO] Align: EPOCH[14] -> PLCC: 0.862248, SROCC: 0.759206, KROCC: 0.571890, LOSS: 0.254394
2026-08-22 18:08:41,084 [INFO] Saving checkpoint at epoch 14 to run/20260822180_E3_full_s6/checkpoint_best.pth.
2026-08-22 18:08:41,162 [INFO] Saving checkpoint at epoch 14 to run/20260822180_E3_full_s6/checkpoint_best_joint.pth.
2026-08-22 18:08:41,227 [INFO] Start training
2026-08-22 18:08:41,608 [INFO] Start training epoch 15, 37 iters per inner epoch.
2026-08-22 18:08:59,951 [INFO] Averaged stats: lr: 0.000080  loss: 0.139042
2026-08-22 18:09:00,063 [INFO] gates: {"epoch": 15, "quality_ratio": 0.0701, "mgsc_align_ratio": 0.0009, "lambda_q": 0.0234, "patch_w_mean": 0.2527, "patch_w_std": 0.1382, "lambda_msc": 0.0127, "mgsc_global_sim_mean": 0.2614, "mgsc_local_sim_mean": 0.1244, "mgsc_local_sim_std": 0.0289, "mgsc_beta": 0.5009, "mgsc_frag_w_entropy": 1.3775, "mgsc_frag_count": 4}
2026-08-22 18:09:00,064 [INFO] Evaluating on val.
Train: data epoch: [15]  [ 0/37]  eta: 0:00:46  lr: 0.000080  loss: 0.1702  time: 1.2502  data: 0.0001  max mem: 5171
Train: data epoch: [15]  [20/37]  eta: 0:00:07  lr: 0.000080  loss: 0.1552  time: 0.4172  data: 0.0000  max mem: 5171
Train: data epoch: [15]  [36/37]  eta: 0:00:00  lr: 0.000080  loss: 0.1851  time: 0.5183  data: 0.0000  max mem: 5171
Train: data epoch: [15] Total time: 0:00:18 (0.4958 s / it)
2026-08-22 18:09:06,561 [INFO] Qual: EPOCH[15] -> PLCC: 0.922031, SROCC: 0.884374, KROCC: 0.707807, LOSS: 0.150834
2026-08-22 18:09:06,562 [INFO] Align: EPOCH[15] -> PLCC: 0.862254, SROCC: 0.758794, KROCC: 0.571474, LOSS: 0.253245
2026-08-22 18:09:06,578 [INFO] Saving checkpoint at epoch 15 to run/20260822180_E3_full_s6/checkpoint_best.pth.
2026-08-22 18:09:06,671 [INFO] Saving checkpoint at epoch 15 to run/20260822180_E3_full_s6/checkpoint_best_joint.pth.
2026-08-22 18:09:06,747 [INFO] Start training
2026-08-22 18:09:07,158 [INFO] Start training epoch 16, 37 iters per inner epoch.
2026-08-22 18:09:25,373 [INFO] Averaged stats: lr: 0.000077  loss: 0.133154
2026-08-22 18:09:25,480 [INFO] gates: {"epoch": 16, "quality_ratio": 0.0728, "mgsc_align_ratio": 0.0009, "lambda_q": 0.0242, "patch_w_mean": 0.2584, "patch_w_std": 0.1334, "lambda_msc": 0.0127, "mgsc_global_sim_mean": 0.2585, "mgsc_local_sim_mean": 0.1228, "mgsc_local_sim_std": 0.0316, "mgsc_beta": 0.501, "mgsc_frag_w_entropy": 1.3785, "mgsc_frag_count": 4}
2026-08-22 18:09:25,480 [INFO] Evaluating on val.
Train: data epoch: [16]  [ 0/37]  eta: 0:00:40  lr: 0.000077  loss: 0.1350  time: 1.0983  data: 0.0001  max mem: 5171
Train: data epoch: [16]  [20/37]  eta: 0:00:07  lr: 0.000077  loss: 0.1831  time: 0.4346  data: 0.0000  max mem: 5171
Train: data epoch: [16]  [36/37]  eta: 0:00:00  lr: 0.000077  loss: 0.1200  time: 0.5190  data: 0.0000  max mem: 5171
Train: data epoch: [16] Total time: 0:00:18 (0.4923 s / it)
2026-08-22 18:09:32,004 [INFO] Qual: EPOCH[16] -> PLCC: 0.922050, SROCC: 0.883616, KROCC: 0.707301, LOSS: 0.147343
2026-08-22 18:09:32,004 [INFO] Align: EPOCH[16] -> PLCC: 0.862932, SROCC: 0.760187, KROCC: 0.573082, LOSS: 0.254419
2026-08-22 18:09:32,020 [INFO] Saving checkpoint at epoch 16 to run/20260822180_E3_full_s6/checkpoint_best_joint.pth.
2026-08-22 18:09:32,098 [INFO] Start training
2026-08-22 18:09:32,505 [INFO] Start training epoch 17, 37 iters per inner epoch.
2026-08-22 18:09:51,361 [INFO] Averaged stats: lr: 0.000074  loss: 0.127961
2026-08-22 18:09:51,464 [INFO] gates: {"epoch": 17, "quality_ratio": 0.0777, "mgsc_align_ratio": 0.001, "lambda_q": 0.0249, "patch_w_mean": 0.2146, "patch_w_std": 0.1358, "lambda_msc": 0.0128, "mgsc_global_sim_mean": 0.2615, "mgsc_local_sim_mean": 0.128, "mgsc_local_sim_std": 0.0261, "mgsc_beta": 0.501, "mgsc_frag_w_entropy": 1.3787, "mgsc_frag_count": 4}
2026-08-22 18:09:51,464 [INFO] Evaluating on val.
Train: data epoch: [17]  [ 0/37]  eta: 0:00:39  lr: 0.000074  loss: 0.1134  time: 1.0599  data: 0.0001  max mem: 5171
Train: data epoch: [17]  [20/37]  eta: 0:00:08  lr: 0.000074  loss: 0.1353  time: 0.4681  data: 0.0000  max mem: 5171
Train: data epoch: [17]  [36/37]  eta: 0:00:00  lr: 0.000074  loss: 0.1210  time: 0.5200  data: 0.0000  max mem: 5171
Train: data epoch: [17] Total time: 0:00:18 (0.5096 s / it)
2026-08-22 18:09:57,899 [INFO] Qual: EPOCH[17] -> PLCC: 0.923666, SROCC: 0.884393, KROCC: 0.708358, LOSS: 0.147130
2026-08-22 18:09:57,899 [INFO] Align: EPOCH[17] -> PLCC: 0.863217, SROCC: 0.760082, KROCC: 0.572891, LOSS: 0.248982
2026-08-22 18:09:57,912 [INFO] Saving checkpoint at epoch 17 to run/20260822180_E3_full_s6/checkpoint_best.pth.
2026-08-22 18:09:57,980 [INFO] Saving checkpoint at epoch 17 to run/20260822180_E3_full_s6/checkpoint_best_joint.pth.
2026-08-22 18:09:58,028 [INFO] Start training
2026-08-22 18:09:58,405 [INFO] Start training epoch 18, 37 iters per inner epoch.
2026-08-22 18:10:17,575 [INFO] Averaged stats: lr: 0.000072  loss: 0.125569
2026-08-22 18:10:17,669 [INFO] gates: {"epoch": 18, "quality_ratio": 0.0778, "mgsc_align_ratio": 0.001, "lambda_q": 0.0255, "patch_w_mean": 0.2265, "patch_w_std": 0.1365, "lambda_msc": 0.0128, "mgsc_global_sim_mean": 0.2602, "mgsc_local_sim_mean": 0.1227, "mgsc_local_sim_std": 0.0291, "mgsc_beta": 0.501, "mgsc_frag_w_entropy": 1.3789, "mgsc_frag_count": 4}
2026-08-22 18:10:17,669 [INFO] Evaluating on val.
Train: data epoch: [18]  [ 0/37]  eta: 0:00:35  lr: 0.000072  loss: 0.1411  time: 0.9626  data: 0.0001  max mem: 5171
Train: data epoch: [18]  [20/37]  eta: 0:00:08  lr: 0.000072  loss: 0.0975  time: 0.4791  data: 0.0000  max mem: 5171
Train: data epoch: [18]  [36/37]  eta: 0:00:00  lr: 0.000072  loss: 0.1510  time: 0.5148  data: 0.0000  max mem: 5171
Train: data epoch: [18] Total time: 0:00:19 (0.5181 s / it)
2026-08-22 18:10:24,610 [INFO] Qual: EPOCH[18] -> PLCC: 0.921628, SROCC: 0.880876, KROCC: 0.703837, LOSS: 0.150826
2026-08-22 18:10:24,610 [INFO] Align: EPOCH[18] -> PLCC: 0.862590, SROCC: 0.758855, KROCC: 0.571688, LOSS: 0.251284
2026-08-22 18:10:24,611 [INFO] Start training
2026-08-22 18:10:25,044 [INFO] Start training epoch 19, 37 iters per inner epoch.
2026-08-22 18:10:45,974 [INFO] Averaged stats: lr: 0.000069  loss: 0.119712
2026-08-22 18:10:46,066 [INFO] gates: {"epoch": 19, "quality_ratio": 0.08, "mgsc_align_ratio": 0.0009, "lambda_q": 0.0262, "patch_w_mean": 0.1953, "patch_w_std": 0.1345, "lambda_msc": 0.0128, "mgsc_global_sim_mean": 0.2586, "mgsc_local_sim_mean": 0.1257, "mgsc_local_sim_std": 0.0297, "mgsc_beta": 0.501, "mgsc_frag_w_entropy": 1.3784, "mgsc_frag_count": 4}
2026-08-22 18:10:46,067 [INFO] Evaluating on val.
Train: data epoch: [19]  [ 0/37]  eta: 0:01:11  lr: 0.000069  loss: 0.0977  time: 1.9250  data: 0.0001  max mem: 5171
Train: data epoch: [19]  [20/37]  eta: 0:00:09  lr: 0.000069  loss: 0.1168  time: 0.5202  data: 0.0000  max mem: 5171
Train: data epoch: [19]  [36/37]  eta: 0:00:00  lr: 0.000069  loss: 0.1541  time: 0.5393  data: 0.0000  max mem: 5171
Train: data epoch: [19] Total time: 0:00:20 (0.5657 s / it)
2026-08-22 18:10:52,601 [INFO] Qual: EPOCH[19] -> PLCC: 0.921929, SROCC: 0.880737, KROCC: 0.703882, LOSS: 0.149300
2026-08-22 18:10:52,601 [INFO] Align: EPOCH[19] -> PLCC: 0.862981, SROCC: 0.760305, KROCC: 0.572925, LOSS: 0.250843
2026-08-22 18:10:52,602 [INFO] Start training
2026-08-22 18:10:53,274 [INFO] Start training epoch 20, 37 iters per inner epoch.
2026-08-22 18:11:14,025 [INFO] Averaged stats: lr: 0.000066  loss: 0.117315
2026-08-22 18:11:14,117 [INFO] gates: {"epoch": 20, "quality_ratio": 0.0856, "mgsc_align_ratio": 0.001, "lambda_q": 0.0268, "patch_w_mean": 0.19, "patch_w_std": 0.1296, "lambda_msc": 0.0128, "mgsc_global_sim_mean": 0.2557, "mgsc_local_sim_mean": 0.1239, "mgsc_local_sim_std": 0.0272, "mgsc_beta": 0.501, "mgsc_frag_w_entropy": 1.378, "mgsc_frag_count": 4}
2026-08-22 18:11:14,117 [INFO] Evaluating on val.
Train: data epoch: [20]  [ 0/37]  eta: 0:01:13  lr: 0.000066  loss: 0.0782  time: 1.9814  data: 0.0001  max mem: 5171
Train: data epoch: [20]  [20/37]  eta: 0:00:10  lr: 0.000066  loss: 0.1004  time: 0.5205  data: 0.0000  max mem: 5171
Train: data epoch: [20]  [36/37]  eta: 0:00:00  lr: 0.000066  loss: 0.1174  time: 0.5273  data: 0.0000  max mem: 5171
Train: data epoch: [20] Total time: 0:00:20 (0.5608 s / it)
2026-08-22 18:11:19,507 [INFO] Qual: EPOCH[20] -> PLCC: 0.920978, SROCC: 0.879238, KROCC: 0.701869, LOSS: 0.149630
2026-08-22 18:11:19,507 [INFO] Align: EPOCH[20] -> PLCC: 0.863496, SROCC: 0.761357, KROCC: 0.574185, LOSS: 0.248753
2026-08-22 18:11:19,557 [INFO] Saving checkpoint at epoch 20 to run/20260822180_E3_full_s6/checkpoint_latest.pth.
2026-08-22 18:11:19,608 [INFO] Start training
2026-08-22 18:11:20,006 [INFO] Start training epoch 21, 37 iters per inner epoch.
2026-08-22 18:11:40,015 [INFO] Averaged stats: lr: 0.000063  loss: 0.113398
2026-08-22 18:11:40,117 [INFO] gates: {"epoch": 21, "quality_ratio": 0.0884, "mgsc_align_ratio": 0.001, "lambda_q": 0.0274, "patch_w_mean": 0.1825, "patch_w_std": 0.127, "lambda_msc": 0.0128, "mgsc_global_sim_mean": 0.2634, "mgsc_local_sim_mean": 0.1201, "mgsc_local_sim_std": 0.029, "mgsc_beta": 0.501, "mgsc_frag_w_entropy": 1.3786, "mgsc_frag_count": 4}
2026-08-22 18:11:40,117 [INFO] Evaluating on val.
Train: data epoch: [21]  [ 0/37]  eta: 0:00:42  lr: 0.000063  loss: 0.1164  time: 1.1469  data: 0.0001  max mem: 5171
Train: data epoch: [21]  [20/37]  eta: 0:00:09  lr: 0.000063  loss: 0.0994  time: 0.5247  data: 0.0000  max mem: 5171
Train: data epoch: [21]  [36/37]  eta: 0:00:00  lr: 0.000063  loss: 0.0950  time: 0.5276  data: 0.0000  max mem: 5171
Train: data epoch: [21] Total time: 0:00:20 (0.5408 s / it)
2026-08-22 18:11:45,975 [INFO] Qual: EPOCH[21] -> PLCC: 0.921159, SROCC: 0.879215, KROCC: 0.701802, LOSS: 0.150417
2026-08-22 18:11:45,975 [INFO] Align: EPOCH[21] -> PLCC: 0.862496, SROCC: 0.757987, KROCC: 0.570766, LOSS: 0.250400
2026-08-22 18:11:45,976 [INFO] Start training
2026-08-22 18:11:46,393 [INFO] Start training epoch 22, 37 iters per inner epoch.
2026-08-22 18:12:06,916 [INFO] Averaged stats: lr: 0.000060  loss: 0.111640
2026-08-22 18:12:07,022 [INFO] gates: {"epoch": 22, "quality_ratio": 0.0852, "mgsc_align_ratio": 0.0009, "lambda_q": 0.028, "patch_w_mean": 0.1712, "patch_w_std": 0.1238, "lambda_msc": 0.0129, "mgsc_global_sim_mean": 0.2596, "mgsc_local_sim_mean": 0.1199, "mgsc_local_sim_std": 0.0295, "mgsc_beta": 0.501, "mgsc_frag_w_entropy": 1.3789, "mgsc_frag_count": 4}
2026-08-22 18:12:07,022 [INFO] Evaluating on val.
Train: data epoch: [22]  [ 0/37]  eta: 0:00:54  lr: 0.000060  loss: 0.1476  time: 1.4618  data: 0.0001  max mem: 5171
Train: data epoch: [22]  [20/37]  eta: 0:00:09  lr: 0.000060  loss: 0.1271  time: 0.5301  data: 0.0000  max mem: 5171
Train: data epoch: [22]  [36/37]  eta: 0:00:00  lr: 0.000060  loss: 0.1438  time: 0.5328  data: 0.0000  max mem: 5171
Train: data epoch: [22] Total time: 0:00:20 (0.5547 s / it)
2026-08-22 18:12:12,946 [INFO] Qual: EPOCH[22] -> PLCC: 0.919667, SROCC: 0.878197, KROCC: 0.700992, LOSS: 0.155864
2026-08-22 18:12:12,946 [INFO] Align: EPOCH[22] -> PLCC: 0.861863, SROCC: 0.756394, KROCC: 0.568910, LOSS: 0.251748
2026-08-22 18:12:12,947 [INFO] Start training
2026-08-22 18:12:13,357 [INFO] Start training epoch 23, 37 iters per inner epoch.
2026-08-22 18:12:33,338 [INFO] Averaged stats: lr: 0.000057  loss: 0.110365
2026-08-22 18:12:33,502 [INFO] gates: {"epoch": 23, "quality_ratio": 0.0877, "mgsc_align_ratio": 0.0009, "lambda_q": 0.0283, "patch_w_mean": 0.1587, "patch_w_std": 0.1235, "lambda_msc": 0.0129, "mgsc_global_sim_mean": 0.2536, "mgsc_local_sim_mean": 0.1228, "mgsc_local_sim_std": 0.0274, "mgsc_beta": 0.5011, "mgsc_frag_w_entropy": 1.3797, "mgsc_frag_count": 4}
2026-08-22 18:12:33,503 [INFO] Evaluating on val.
Train: data epoch: [23]  [ 0/37]  eta: 0:00:51  lr: 0.000057  loss: 0.1842  time: 1.3976  data: 0.0001  max mem: 5171
Train: data epoch: [23]  [20/37]  eta: 0:00:09  lr: 0.000057  loss: 0.1245  time: 0.5235  data: 0.0000  max mem: 5171
Train: data epoch: [23]  [36/37]  eta: 0:00:00  lr: 0.000057  loss: 0.1558  time: 0.5153  data: 0.0000  max mem: 5171
Train: data epoch: [23] Total time: 0:00:19 (0.5400 s / it)
2026-08-22 18:12:41,133 [INFO] Qual: EPOCH[23] -> PLCC: 0.920995, SROCC: 0.879996, KROCC: 0.702982, LOSS: 0.151910
2026-08-22 18:12:41,133 [INFO] Align: EPOCH[23] -> PLCC: 0.861455, SROCC: 0.755502, KROCC: 0.567921, LOSS: 0.253966
2026-08-22 18:12:41,134 [INFO] Start training
2026-08-22 18:12:41,541 [INFO] Start training epoch 24, 37 iters per inner epoch.
2026-08-22 18:13:01,750 [INFO] Averaged stats: lr: 0.000054  loss: 0.107815
2026-08-22 18:13:01,844 [INFO] gates: {"epoch": 24, "quality_ratio": 0.0948, "mgsc_align_ratio": 0.001, "lambda_q": 0.0287, "patch_w_mean": 0.14, "patch_w_std": 0.1192, "lambda_msc": 0.0129, "mgsc_global_sim_mean": 0.2596, "mgsc_local_sim_mean": 0.1268, "mgsc_local_sim_std": 0.0282, "mgsc_beta": 0.5011, "mgsc_frag_w_entropy": 1.3793, "mgsc_frag_count": 4}
2026-08-22 18:13:01,844 [INFO] Evaluating on val.
Train: data epoch: [24]  [ 0/37]  eta: 0:00:59  lr: 0.000054  loss: 0.0922  time: 1.6137  data: 0.0001  max mem: 5171
Train: data epoch: [24]  [20/37]  eta: 0:00:09  lr: 0.000054  loss: 0.1310  time: 0.5244  data: 0.0000  max mem: 5171
Train: data epoch: [24]  [36/37]  eta: 0:00:00  lr: 0.000054  loss: 0.0940  time: 0.5178  data: 0.0000  max mem: 5171
Train: data epoch: [24] Total time: 0:00:20 (0.5462 s / it)
2026-08-22 18:13:08,899 [INFO] Qual: EPOCH[24] -> PLCC: 0.920053, SROCC: 0.877393, KROCC: 0.699867, LOSS: 0.151699
2026-08-22 18:13:08,899 [INFO] Align: EPOCH[24] -> PLCC: 0.861602, SROCC: 0.754769, KROCC: 0.567460, LOSS: 0.254906
2026-08-22 18:13:08,900 [INFO] Start training
2026-08-22 18:13:09,292 [INFO] Start training epoch 25, 37 iters per inner epoch.
2026-08-22 18:13:29,662 [INFO] Averaged stats: lr: 0.000050  loss: 0.103874
2026-08-22 18:13:29,771 [INFO] gates: {"epoch": 25, "quality_ratio": 0.0916, "mgsc_align_ratio": 0.001, "lambda_q": 0.0291, "patch_w_mean": 0.1319, "patch_w_std": 0.1118, "lambda_msc": 0.0129, "mgsc_global_sim_mean": 0.2545, "mgsc_local_sim_mean": 0.1236, "mgsc_local_sim_std": 0.0256, "mgsc_beta": 0.5011, "mgsc_frag_w_entropy": 1.3791, "mgsc_frag_count": 4}
2026-08-22 18:13:29,772 [INFO] Evaluating on val.
Train: data epoch: [25]  [ 0/37]  eta: 0:01:08  lr: 0.000051  loss: 0.1024  time: 1.8644  data: 0.0001  max mem: 5171
Train: data epoch: [25]  [20/37]  eta: 0:00:09  lr: 0.000051  loss: 0.0835  time: 0.5121  data: 0.0000  max mem: 5171
Train: data epoch: [25]  [36/37]  eta: 0:00:00  lr: 0.000051  loss: 0.1123  time: 0.5202  data: 0.0000  max mem: 5171
Train: data epoch: [25] Total time: 0:00:20 (0.5505 s / it)
2026-08-22 18:13:36,292 [INFO] Qual: EPOCH[25] -> PLCC: 0.919576, SROCC: 0.876052, KROCC: 0.698462, LOSS: 0.152812
2026-08-22 18:13:36,293 [INFO] Align: EPOCH[25] -> PLCC: 0.861819, SROCC: 0.754979, KROCC: 0.567325, LOSS: 0.252264
2026-08-22 18:13:36,305 [INFO] Saving checkpoint at epoch 25 to run/20260822180_E3_full_s6/checkpoint_latest.pth.
2026-08-22 18:13:36,374 [INFO] Start training
2026-08-22 18:13:36,755 [INFO] Start training epoch 26, 37 iters per inner epoch.
2026-08-22 18:13:56,944 [INFO] Averaged stats: lr: 0.000047  loss: 0.101960
2026-08-22 18:13:57,034 [INFO] gates: {"epoch": 26, "quality_ratio": 0.1015, "mgsc_align_ratio": 0.001, "lambda_q": 0.0295, "patch_w_mean": 0.1352, "patch_w_std": 0.1145, "lambda_msc": 0.013, "mgsc_global_sim_mean": 0.257, "mgsc_local_sim_mean": 0.1208, "mgsc_local_sim_std": 0.0271, "mgsc_beta": 0.5011, "mgsc_frag_w_entropy": 1.3791, "mgsc_frag_count": 4}
2026-08-22 18:13:57,034 [INFO] Evaluating on val.
Train: data epoch: [26]  [ 0/37]  eta: 0:00:51  lr: 0.000047  loss: 0.1288  time: 1.4003  data: 0.0001  max mem: 5171
Train: data epoch: [26]  [20/37]  eta: 0:00:09  lr: 0.000047  loss: 0.1129  time: 0.5155  data: 0.0000  max mem: 5171
Train: data epoch: [26]  [36/37]  eta: 0:00:00  lr: 0.000047  loss: 0.1123  time: 0.5332  data: 0.0000  max mem: 5171
Train: data epoch: [26] Total time: 0:00:20 (0.5456 s / it)
2026-08-22 18:14:03,505 [INFO] Qual: EPOCH[26] -> PLCC: 0.919348, SROCC: 0.876028, KROCC: 0.697776, LOSS: 0.153392
2026-08-22 18:14:03,505 [INFO] Align: EPOCH[26] -> PLCC: 0.861285, SROCC: 0.753928, KROCC: 0.566077, LOSS: 0.253871
2026-08-22 18:14:03,506 [INFO] Start training
2026-08-22 18:14:03,927 [INFO] Start training epoch 27, 37 iters per inner epoch.
2026-08-22 18:14:24,165 [INFO] Averaged stats: lr: 0.000044  loss: 0.100118
2026-08-22 18:14:24,260 [INFO] gates: {"epoch": 27, "quality_ratio": 0.0944, "mgsc_align_ratio": 0.001, "lambda_q": 0.0299, "patch_w_mean": 0.1219, "patch_w_std": 0.1078, "lambda_msc": 0.013, "mgsc_global_sim_mean": 0.2594, "mgsc_local_sim_mean": 0.1236, "mgsc_local_sim_std": 0.031, "mgsc_beta": 0.5011, "mgsc_frag_w_entropy": 1.3781, "mgsc_frag_count": 4}
2026-08-22 18:14:24,260 [INFO] Evaluating on val.
Train: data epoch: [27]  [ 0/37]  eta: 0:01:06  lr: 0.000044  loss: 0.1136  time: 1.8056  data: 0.0001  max mem: 5171
Train: data epoch: [27]  [20/37]  eta: 0:00:09  lr: 0.000044  loss: 0.0902  time: 0.5140  data: 0.0000  max mem: 5171
Train: data epoch: [27]  [36/37]  eta: 0:00:00  lr: 0.000044  loss: 0.1428  time: 0.5085  data: 0.0000  max mem: 5171
Train: data epoch: [27] Total time: 0:00:20 (0.5469 s / it)
2026-08-22 18:14:30,669 [INFO] Qual: EPOCH[27] -> PLCC: 0.919227, SROCC: 0.875453, KROCC: 0.697326, LOSS: 0.154560
2026-08-22 18:14:30,670 [INFO] Align: EPOCH[27] -> PLCC: 0.860949, SROCC: 0.752702, KROCC: 0.565098, LOSS: 0.253023
2026-08-22 18:14:30,670 [INFO] Start training
2026-08-22 18:14:31,098 [INFO] Start training epoch 28, 37 iters per inner epoch.
2026-08-22 18:14:50,574 [INFO] Averaged stats: lr: 0.000041  loss: 0.098401
2026-08-22 18:14:50,683 [INFO] gates: {"epoch": 28, "quality_ratio": 0.0997, "mgsc_align_ratio": 0.001, "lambda_q": 0.0302, "patch_w_mean": 0.1131, "patch_w_std": 0.1004, "lambda_msc": 0.013, "mgsc_global_sim_mean": 0.2607, "mgsc_local_sim_mean": 0.1189, "mgsc_local_sim_std": 0.0265, "mgsc_beta": 0.5011, "mgsc_frag_w_entropy": 1.3778, "mgsc_frag_count": 4}
2026-08-22 18:14:50,683 [INFO] Evaluating on val.
Train: data epoch: [28]  [ 0/37]  eta: 0:00:41  lr: 0.000041  loss: 0.0862  time: 1.1340  data: 0.0001  max mem: 5171
Train: data epoch: [28]  [20/37]  eta: 0:00:09  lr: 0.000041  loss: 0.1333  time: 0.5006  data: 0.0000  max mem: 5171
Train: data epoch: [28]  [36/37]  eta: 0:00:00  lr: 0.000041  loss: 0.0877  time: 0.5012  data: 0.0000  max mem: 5171
Train: data epoch: [28] Total time: 0:00:19 (0.5264 s / it)
2026-08-22 18:14:57,147 [INFO] Qual: EPOCH[28] -> PLCC: 0.918826, SROCC: 0.874790, KROCC: 0.696899, LOSS: 0.155133
2026-08-22 18:14:57,147 [INFO] Align: EPOCH[28] -> PLCC: 0.860904, SROCC: 0.752385, KROCC: 0.564637, LOSS: 0.253879
2026-08-22 18:14:57,148 [INFO] Start training
2026-08-22 18:14:57,550 [INFO] Start training epoch 29, 37 iters per inner epoch.
2026-08-22 18:15:17,272 [INFO] Averaged stats: lr: 0.000038  loss: 0.096121
2026-08-22 18:15:17,375 [INFO] gates: {"epoch": 29, "quality_ratio": 0.0954, "mgsc_align_ratio": 0.0009, "lambda_q": 0.0305, "patch_w_mean": 0.1159, "patch_w_std": 0.1011, "lambda_msc": 0.013, "mgsc_global_sim_mean": 0.2554, "mgsc_local_sim_mean": 0.1207, "mgsc_local_sim_std": 0.0253, "mgsc_beta": 0.5011, "mgsc_frag_w_entropy": 1.3787, "mgsc_frag_count": 4}
2026-08-22 18:15:17,376 [INFO] Evaluating on val.
Train: data epoch: [29]  [ 0/37]  eta: 0:00:43  lr: 0.000038  loss: 0.0778  time: 1.1841  data: 0.0001  max mem: 5171
Train: data epoch: [29]  [20/37]  eta: 0:00:09  lr: 0.000038  loss: 0.0950  time: 0.5052  data: 0.0000  max mem: 5171
Train: data epoch: [29]  [36/37]  eta: 0:00:00  lr: 0.000038  loss: 0.0834  time: 0.5295  data: 0.0000  max mem: 5171
Train: data epoch: [29] Total time: 0:00:19 (0.5330 s / it)
2026-08-22 18:15:23,828 [INFO] Qual: EPOCH[29] -> PLCC: 0.917985, SROCC: 0.872585, KROCC: 0.694087, LOSS: 0.156140
2026-08-22 18:15:23,828 [INFO] Align: EPOCH[29] -> PLCC: 0.861027, SROCC: 0.752603, KROCC: 0.564716, LOSS: 0.252436
2026-08-22 18:15:23,828 [INFO] Start training
2026-08-22 18:15:24,204 [INFO] Start training epoch 30, 37 iters per inner epoch.
2026-08-22 18:15:43,920 [INFO] Averaged stats: lr: 0.000035  loss: 0.096213
2026-08-22 18:15:44,026 [INFO] gates: {"epoch": 30, "quality_ratio": 0.0968, "mgsc_align_ratio": 0.0009, "lambda_q": 0.0308, "patch_w_mean": 0.1046, "patch_w_std": 0.0953, "lambda_msc": 0.013, "mgsc_global_sim_mean": 0.2568, "mgsc_local_sim_mean": 0.1256, "mgsc_local_sim_std": 0.0306, "mgsc_beta": 0.5011, "mgsc_frag_w_entropy": 1.3798, "mgsc_frag_count": 4}
2026-08-22 18:15:44,026 [INFO] Evaluating on val.
Train: data epoch: [30]  [ 0/37]  eta: 0:00:44  lr: 0.000035  loss: 0.1083  time: 1.1930  data: 0.0001  max mem: 5171
Train: data epoch: [30]  [20/37]  eta: 0:00:09  lr: 0.000035  loss: 0.0752  time: 0.5080  data: 0.0000  max mem: 5171
Train: data epoch: [30]  [36/37]  eta: 0:00:00  lr: 0.000035  loss: 0.1269  time: 0.5301  data: 0.0000  max mem: 5171
Train: data epoch: [30] Total time: 0:00:19 (0.5328 s / it)
2026-08-22 18:15:50,974 [INFO] Qual: EPOCH[30] -> PLCC: 0.917485, SROCC: 0.872933, KROCC: 0.694717, LOSS: 0.158315
2026-08-22 18:15:50,974 [INFO] Align: EPOCH[30] -> PLCC: 0.860407, SROCC: 0.750068, KROCC: 0.562253, LOSS: 0.254730
2026-08-22 18:15:50,991 [INFO] Saving checkpoint at epoch 30 to run/20260822180_E3_full_s6/checkpoint_latest.pth.
2026-08-22 18:15:51,069 [INFO] Start training
2026-08-22 18:15:51,489 [INFO] Start training epoch 31, 37 iters per inner epoch.
2026-08-22 18:16:11,888 [INFO] Averaged stats: lr: 0.000032  loss: 0.094988
2026-08-22 18:16:12,005 [INFO] gates: {"epoch": 31, "quality_ratio": 0.1031, "mgsc_align_ratio": 0.001, "lambda_q": 0.0311, "patch_w_mean": 0.1008, "patch_w_std": 0.0963, "lambda_msc": 0.013, "mgsc_global_sim_mean": 0.2502, "mgsc_local_sim_mean": 0.121, "mgsc_local_sim_std": 0.0271, "mgsc_beta": 0.5011, "mgsc_frag_w_entropy": 1.3776, "mgsc_frag_count": 4}
2026-08-22 18:16:12,005 [INFO] Evaluating on val.
Train: data epoch: [31]  [ 0/37]  eta: 0:01:17  lr: 0.000032  loss: 0.0706  time: 2.0967  data: 0.0002  max mem: 5171
Train: data epoch: [31]  [20/37]  eta: 0:00:09  lr: 0.000032  loss: 0.0779  time: 0.5023  data: 0.0000  max mem: 5171
Train: data epoch: [31]  [36/37]  eta: 0:00:00  lr: 0.000032  loss: 0.0857  time: 0.5200  data: 0.0000  max mem: 5171
Train: data epoch: [31] Total time: 0:00:20 (0.5513 s / it)
2026-08-22 18:16:18,566 [INFO] Qual: EPOCH[31] -> PLCC: 0.917295, SROCC: 0.872547, KROCC: 0.694447, LOSS: 0.158692
2026-08-22 18:16:18,566 [INFO] Align: EPOCH[31] -> PLCC: 0.860354, SROCC: 0.749982, KROCC: 0.562141, LOSS: 0.255045
2026-08-22 18:16:18,568 [INFO] Start training
2026-08-22 18:16:18,996 [INFO] Start training epoch 32, 37 iters per inner epoch.
2026-08-22 18:16:39,020 [INFO] Averaged stats: lr: 0.000029  loss: 0.092864
2026-08-22 18:16:39,118 [INFO] gates: {"epoch": 32, "quality_ratio": 0.1042, "mgsc_align_ratio": 0.001, "lambda_q": 0.0313, "patch_w_mean": 0.1013, "patch_w_std": 0.0978, "lambda_msc": 0.013, "mgsc_global_sim_mean": 0.2589, "mgsc_local_sim_mean": 0.1255, "mgsc_local_sim_std": 0.0292, "mgsc_beta": 0.5011, "mgsc_frag_w_entropy": 1.3792, "mgsc_frag_count": 4}
2026-08-22 18:16:39,118 [INFO] Evaluating on val.
Train: data epoch: [32]  [ 0/37]  eta: 0:00:50  lr: 0.000029  loss: 0.1256  time: 1.3583  data: 0.0001  max mem: 5171
Train: data epoch: [32]  [20/37]  eta: 0:00:09  lr: 0.000029  loss: 0.0610  time: 0.5222  data: 0.0000  max mem: 5171
Train: data epoch: [32]  [36/37]  eta: 0:00:00  lr: 0.000029  loss: 0.1102  time: 0.5194  data: 0.0000  max mem: 5171
Train: data epoch: [32] Total time: 0:00:20 (0.5412 s / it)
2026-08-22 18:16:45,405 [INFO] Qual: EPOCH[32] -> PLCC: 0.916770, SROCC: 0.871417, KROCC: 0.692985, LOSS: 0.158781
2026-08-22 18:16:45,405 [INFO] Align: EPOCH[32] -> PLCC: 0.860408, SROCC: 0.750383, KROCC: 0.562501, LOSS: 0.255351
2026-08-22 18:16:45,406 [INFO] Start training
2026-08-22 18:16:45,852 [INFO] Start training epoch 33, 37 iters per inner epoch.
2026-08-22 18:17:06,111 [INFO] Averaged stats: lr: 0.000027  loss: 0.092251
2026-08-22 18:17:06,284 [INFO] gates: {"epoch": 33, "quality_ratio": 0.1052, "mgsc_align_ratio": 0.001, "lambda_q": 0.0315, "patch_w_mean": 0.0952, "patch_w_std": 0.0901, "lambda_msc": 0.013, "mgsc_global_sim_mean": 0.2555, "mgsc_local_sim_mean": 0.1276, "mgsc_local_sim_std": 0.0269, "mgsc_beta": 0.5011, "mgsc_frag_w_entropy": 1.3778, "mgsc_frag_count": 4}
2026-08-22 18:17:06,284 [INFO] Evaluating on val.
Train: data epoch: [33]  [ 0/37]  eta: 0:01:12  lr: 0.000027  loss: 0.0919  time: 1.9606  data: 0.0001  max mem: 5171
Train: data epoch: [33]  [20/37]  eta: 0:00:10  lr: 0.000027  loss: 0.0867  time: 0.5213  data: 0.0000  max mem: 5171
Train: data epoch: [33]  [36/37]  eta: 0:00:00  lr: 0.000027  loss: 0.0887  time: 0.5020  data: 0.0000  max mem: 5171
Train: data epoch: [33] Total time: 0:00:20 (0.5475 s / it)
2026-08-22 18:17:12,797 [INFO] Qual: EPOCH[33] -> PLCC: 0.916573, SROCC: 0.871248, KROCC: 0.692918, LOSS: 0.160336
2026-08-22 18:17:12,798 [INFO] Align: EPOCH[33] -> PLCC: 0.859893, SROCC: 0.749045, KROCC: 0.561027, LOSS: 0.256152
2026-08-22 18:17:12,799 [INFO] Start training
2026-08-22 18:17:13,218 [INFO] Start training epoch 34, 37 iters per inner epoch.
2026-08-22 18:17:32,847 [INFO] Averaged stats: lr: 0.000024  loss: 0.091480
2026-08-22 18:17:32,948 [INFO] gates: {"epoch": 34, "quality_ratio": 0.1029, "mgsc_align_ratio": 0.001, "lambda_q": 0.0316, "patch_w_mean": 0.0933, "patch_w_std": 0.0904, "lambda_msc": 0.013, "mgsc_global_sim_mean": 0.2575, "mgsc_local_sim_mean": 0.1216, "mgsc_local_sim_std": 0.03, "mgsc_beta": 0.5011, "mgsc_frag_w_entropy": 1.3795, "mgsc_frag_count": 4}
2026-08-22 18:17:32,948 [INFO] Evaluating on val.
Train: data epoch: [34]  [ 0/37]  eta: 0:00:49  lr: 0.000024  loss: 0.0552  time: 1.3437  data: 0.0001  max mem: 5171
Train: data epoch: [34]  [20/37]  eta: 0:00:09  lr: 0.000024  loss: 0.0574  time: 0.4952  data: 0.0000  max mem: 5171
Train: data epoch: [34]  [36/37]  eta: 0:00:00  lr: 0.000024  loss: 0.0987  time: 0.5080  data: 0.0000  max mem: 5171
Train: data epoch: [34] Total time: 0:00:19 (0.5305 s / it)
2026-08-22 18:17:39,231 [INFO] Qual: EPOCH[34] -> PLCC: 0.916027, SROCC: 0.870255, KROCC: 0.691613, LOSS: 0.160717
2026-08-22 18:17:39,231 [INFO] Align: EPOCH[34] -> PLCC: 0.860069, SROCC: 0.749170, KROCC: 0.561399, LOSS: 0.254931
2026-08-22 18:17:39,232 [INFO] Start training
2026-08-22 18:17:39,616 [INFO] Start training epoch 35, 37 iters per inner epoch.
2026-08-22 18:17:59,226 [INFO] Averaged stats: lr: 0.000021  loss: 0.090912
2026-08-22 18:17:59,332 [INFO] gates: {"epoch": 35, "quality_ratio": 0.1006, "mgsc_align_ratio": 0.0009, "lambda_q": 0.0318, "patch_w_mean": 0.0906, "patch_w_std": 0.0895, "lambda_msc": 0.013, "mgsc_global_sim_mean": 0.2582, "mgsc_local_sim_mean": 0.1238, "mgsc_local_sim_std": 0.0307, "mgsc_beta": 0.5011, "mgsc_frag_w_entropy": 1.3789, "mgsc_frag_count": 4}
2026-08-22 18:17:59,332 [INFO] Evaluating on val.
Train: data epoch: [35]  [ 0/37]  eta: 0:00:52  lr: 0.000021  loss: 0.0898  time: 1.4150  data: 0.0001  max mem: 5171
Train: data epoch: [35]  [20/37]  eta: 0:00:09  lr: 0.000021  loss: 0.1067  time: 0.5044  data: 0.0000  max mem: 5171
Train: data epoch: [35]  [36/37]  eta: 0:00:00  lr: 0.000021  loss: 0.0873  time: 0.5171  data: 0.0000  max mem: 5171
Train: data epoch: [35] Total time: 0:00:19 (0.5300 s / it)
2026-08-22 18:18:05,775 [INFO] Qual: EPOCH[35] -> PLCC: 0.915616, SROCC: 0.869881, KROCC: 0.691321, LOSS: 0.160897
2026-08-22 18:18:05,775 [INFO] Align: EPOCH[35] -> PLCC: 0.859612, SROCC: 0.748121, KROCC: 0.560251, LOSS: 0.255829
2026-08-22 18:18:05,789 [INFO] Saving checkpoint at epoch 35 to run/20260822180_E3_full_s6/checkpoint_latest.pth.
2026-08-22 18:18:05,858 [INFO] Start training
2026-08-22 18:18:06,238 [INFO] Start training epoch 36, 37 iters per inner epoch.
2026-08-22 18:18:25,564 [INFO] Averaged stats: lr: 0.000019  loss: 0.090518
2026-08-22 18:18:25,666 [INFO] gates: {"epoch": 36, "quality_ratio": 0.1046, "mgsc_align_ratio": 0.001, "lambda_q": 0.0319, "patch_w_mean": 0.0877, "patch_w_std": 0.0873, "lambda_msc": 0.0131, "mgsc_global_sim_mean": 0.2527, "mgsc_local_sim_mean": 0.1254, "mgsc_local_sim_std": 0.0254, "mgsc_beta": 0.5011, "mgsc_frag_w_entropy": 1.3791, "mgsc_frag_count": 4}
2026-08-22 18:18:25,666 [INFO] Evaluating on val.
Train: data epoch: [36]  [ 0/37]  eta: 0:00:42  lr: 0.000019  loss: 0.0874  time: 1.1388  data: 0.0001  max mem: 5171
Train: data epoch: [36]  [20/37]  eta: 0:00:08  lr: 0.000019  loss: 0.0662  time: 0.4977  data: 0.0000  max mem: 5171
Train: data epoch: [36]  [36/37]  eta: 0:00:00  lr: 0.000019  loss: 0.1283  time: 0.5228  data: 0.0000  max mem: 5171
Train: data epoch: [36] Total time: 0:00:19 (0.5223 s / it)
2026-08-22 18:18:32,022 [INFO] Qual: EPOCH[36] -> PLCC: 0.916001, SROCC: 0.870790, KROCC: 0.692378, LOSS: 0.161717
2026-08-22 18:18:32,022 [INFO] Align: EPOCH[36] -> PLCC: 0.859624, SROCC: 0.748129, KROCC: 0.559970, LOSS: 0.257303
2026-08-22 18:18:32,023 [INFO] Start training
2026-08-22 18:18:32,422 [INFO] Start training epoch 37, 37 iters per inner epoch.
2026-08-22 18:18:51,979 [INFO] Averaged stats: lr: 0.000017  loss: 0.088876
2026-08-22 18:18:52,087 [INFO] gates: {"epoch": 37, "quality_ratio": 0.1072, "mgsc_align_ratio": 0.001, "lambda_q": 0.032, "patch_w_mean": 0.0843, "patch_w_std": 0.0852, "lambda_msc": 0.0131, "mgsc_global_sim_mean": 0.2654, "mgsc_local_sim_mean": 0.1231, "mgsc_local_sim_std": 0.0266, "mgsc_beta": 0.5011, "mgsc_frag_w_entropy": 1.3786, "mgsc_frag_count": 4}
2026-08-22 18:18:52,087 [INFO] Evaluating on val.
Train: data epoch: [37]  [ 0/37]  eta: 0:00:53  lr: 0.000017  loss: 0.0840  time: 1.4415  data: 0.0001  max mem: 5171
Train: data epoch: [37]  [20/37]  eta: 0:00:09  lr: 0.000017  loss: 0.0722  time: 0.5034  data: 0.0000  max mem: 5171
Train: data epoch: [37]  [36/37]  eta: 0:00:00  lr: 0.000017  loss: 0.0866  time: 0.5147  data: 0.0000  max mem: 5171
Train: data epoch: [37] Total time: 0:00:19 (0.5286 s / it)
2026-08-22 18:18:58,576 [INFO] Qual: EPOCH[37] -> PLCC: 0.915377, SROCC: 0.869880, KROCC: 0.691377, LOSS: 0.161773
2026-08-22 18:18:58,576 [INFO] Align: EPOCH[37] -> PLCC: 0.859528, SROCC: 0.747804, KROCC: 0.559858, LOSS: 0.256017
2026-08-22 18:18:58,577 [INFO] Start training
2026-08-22 18:18:58,979 [INFO] Start training epoch 38, 37 iters per inner epoch.
2026-08-22 18:19:18,564 [INFO] Averaged stats: lr: 0.000014  loss: 0.088589
2026-08-22 18:19:18,656 [INFO] gates: {"epoch": 38, "quality_ratio": 0.107, "mgsc_align_ratio": 0.001, "lambda_q": 0.0322, "patch_w_mean": 0.0811, "patch_w_std": 0.0812, "lambda_msc": 0.0131, "mgsc_global_sim_mean": 0.2554, "mgsc_local_sim_mean": 0.122, "mgsc_local_sim_std": 0.027, "mgsc_beta": 0.5011, "mgsc_frag_w_entropy": 1.3771, "mgsc_frag_count": 4}
2026-08-22 18:19:18,657 [INFO] Evaluating on val.
Train: data epoch: [38]  [ 0/37]  eta: 0:00:45  lr: 0.000014  loss: 0.1254  time: 1.2176  data: 0.0001  max mem: 5171
Train: data epoch: [38]  [20/37]  eta: 0:00:09  lr: 0.000014  loss: 0.0674  time: 0.5047  data: 0.0000  max mem: 5171
Train: data epoch: [38]  [36/37]  eta: 0:00:00  lr: 0.000014  loss: 0.1321  time: 0.5179  data: 0.0000  max mem: 5171
Train: data epoch: [38] Total time: 0:00:19 (0.5293 s / it)
2026-08-22 18:19:25,270 [INFO] Qual: EPOCH[38] -> PLCC: 0.915536, SROCC: 0.869794, KROCC: 0.690781, LOSS: 0.162133
2026-08-22 18:19:25,270 [INFO] Align: EPOCH[38] -> PLCC: 0.859369, SROCC: 0.747378, KROCC: 0.559498, LOSS: 0.256298
2026-08-22 18:19:25,271 [INFO] Start training
2026-08-22 18:19:25,655 [INFO] Start training epoch 39, 37 iters per inner epoch.
2026-08-22 18:19:45,685 [INFO] Averaged stats: lr: 0.000012  loss: 0.088203
2026-08-22 18:19:45,779 [INFO] gates: {"epoch": 39, "quality_ratio": 0.1118, "mgsc_align_ratio": 0.001, "lambda_q": 0.0322, "patch_w_mean": 0.0837, "patch_w_std": 0.0864, "lambda_msc": 0.0131, "mgsc_global_sim_mean": 0.2644, "mgsc_local_sim_mean": 0.1199, "mgsc_local_sim_std": 0.0245, "mgsc_beta": 0.5012, "mgsc_frag_w_entropy": 1.3779, "mgsc_frag_count": 4}
2026-08-22 18:19:45,779 [INFO] Evaluating on val.
Train: data epoch: [39]  [ 0/37]  eta: 0:00:48  lr: 0.000012  loss: 0.0766  time: 1.3006  data: 0.0001  max mem: 5171
Train: data epoch: [39]  [20/37]  eta: 0:00:08  lr: 0.000012  loss: 0.1112  time: 0.4790  data: 0.0000  max mem: 5171
Train: data epoch: [39]  [36/37]  eta: 0:00:00  lr: 0.000012  loss: 0.0693  time: 0.5507  data: 0.0000  max mem: 5171
Train: data epoch: [39] Total time: 0:00:20 (0.5413 s / it)
2026-08-22 18:19:52,281 [INFO] Qual: EPOCH[39] -> PLCC: 0.915164, SROCC: 0.869488, KROCC: 0.690579, LOSS: 0.162963
2026-08-22 18:19:52,281 [INFO] Align: EPOCH[39] -> PLCC: 0.859030, SROCC: 0.746666, KROCC: 0.558722, LOSS: 0.257212
2026-08-22 18:19:52,282 [INFO] Start training
2026-08-22 18:19:52,658 [INFO] Start training epoch 40, 37 iters per inner epoch.
2026-08-22 18:20:11,803 [INFO] Averaged stats: lr: 0.000010  loss: 0.087606
2026-08-22 18:20:11,902 [INFO] gates: {"epoch": 40, "quality_ratio": 0.1137, "mgsc_align_ratio": 0.0011, "lambda_q": 0.0323, "patch_w_mean": 0.0772, "patch_w_std": 0.08, "lambda_msc": 0.0131, "mgsc_global_sim_mean": 0.251, "mgsc_local_sim_mean": 0.1233, "mgsc_local_sim_std": 0.0308, "mgsc_beta": 0.5012, "mgsc_frag_w_entropy": 1.3789, "mgsc_frag_count": 4}
2026-08-22 18:20:11,902 [INFO] Evaluating on val.
Train: data epoch: [40]  [ 0/37]  eta: 0:00:48  lr: 0.000010  loss: 0.0845  time: 1.3023  data: 0.0001  max mem: 5171
Train: data epoch: [40]  [20/37]  eta: 0:00:08  lr: 0.000010  loss: 0.0701  time: 0.4486  data: 0.0000  max mem: 5171
Train: data epoch: [40]  [36/37]  eta: 0:00:00  lr: 0.000010  loss: 0.1019  time: 0.5415  data: 0.0000  max mem: 5171
Train: data epoch: [40] Total time: 0:00:19 (0.5174 s / it)
2026-08-22 18:20:18,434 [INFO] Qual: EPOCH[40] -> PLCC: 0.915082, SROCC: 0.869341, KROCC: 0.690668, LOSS: 0.162970
2026-08-22 18:20:18,434 [INFO] Align: EPOCH[40] -> PLCC: 0.858966, SROCC: 0.746379, KROCC: 0.558261, LOSS: 0.257271
2026-08-22 18:20:18,450 [INFO] Saving checkpoint at epoch 40 to run/20260822180_E3_full_s6/checkpoint_latest.pth.
2026-08-22 18:20:18,526 [INFO] Start training
2026-08-22 18:20:18,960 [INFO] Start training epoch 41, 37 iters per inner epoch.
2026-08-22 18:20:37,517 [INFO] Averaged stats: lr: 0.000009  loss: 0.087773
2026-08-22 18:20:37,626 [INFO] gates: {"epoch": 41, "quality_ratio": 0.1105, "mgsc_align_ratio": 0.001, "lambda_q": 0.0324, "patch_w_mean": 0.0782, "patch_w_std": 0.078, "lambda_msc": 0.0131, "mgsc_global_sim_mean": 0.2632, "mgsc_local_sim_mean": 0.1211, "mgsc_local_sim_std": 0.0269, "mgsc_beta": 0.5012, "mgsc_frag_w_entropy": 1.3782, "mgsc_frag_count": 4}
2026-08-22 18:20:37,626 [INFO] Evaluating on val.
Train: data epoch: [41]  [ 0/37]  eta: 0:00:47  lr: 0.000009  loss: 0.0938  time: 1.2968  data: 0.0001  max mem: 5171
Train: data epoch: [41]  [20/37]  eta: 0:00:08  lr: 0.000009  loss: 0.1045  time: 0.4320  data: 0.0000  max mem: 5171
Train: data epoch: [41]  [36/37]  eta: 0:00:00  lr: 0.000009  loss: 0.1054  time: 0.5290  data: 0.0000  max mem: 5171
Train: data epoch: [41] Total time: 0:00:18 (0.5015 s / it)
2026-08-22 18:20:44,244 [INFO] Qual: EPOCH[41] -> PLCC: 0.915088, SROCC: 0.869274, KROCC: 0.690601, LOSS: 0.162699
2026-08-22 18:20:44,244 [INFO] Align: EPOCH[41] -> PLCC: 0.859136, SROCC: 0.746501, KROCC: 0.558711, LOSS: 0.257235
2026-08-22 18:20:44,245 [INFO] Start training
2026-08-22 18:20:44,649 [INFO] Start training epoch 42, 37 iters per inner epoch.
2026-08-22 18:21:02,565 [INFO] Averaged stats: lr: 0.000007  loss: 0.087426
2026-08-22 18:21:02,689 [INFO] gates: {"epoch": 42, "quality_ratio": 0.1086, "mgsc_align_ratio": 0.001, "lambda_q": 0.0324, "patch_w_mean": 0.0803, "patch_w_std": 0.0845, "lambda_msc": 0.0131, "mgsc_global_sim_mean": 0.2557, "mgsc_local_sim_mean": 0.1198, "mgsc_local_sim_std": 0.0222, "mgsc_beta": 0.5012, "mgsc_frag_w_entropy": 1.378, "mgsc_frag_count": 4}
2026-08-22 18:21:02,689 [INFO] Evaluating on val.
Train: data epoch: [42]  [ 0/37]  eta: 0:00:39  lr: 0.000007  loss: 0.0566  time: 1.0711  data: 0.0001  max mem: 5171
Train: data epoch: [42]  [20/37]  eta: 0:00:07  lr: 0.000007  loss: 0.0809  time: 0.4313  data: 0.0000  max mem: 5171
Train: data epoch: [42]  [36/37]  eta: 0:00:00  lr: 0.000007  loss: 0.0753  time: 0.5209  data: 0.0000  max mem: 5171
Train: data epoch: [42] Total time: 0:00:17 (0.4842 s / it)
2026-08-22 18:21:08,965 [INFO] Qual: EPOCH[42] -> PLCC: 0.915014, SROCC: 0.869275, KROCC: 0.690556, LOSS: 0.163030
2026-08-22 18:21:08,965 [INFO] Align: EPOCH[42] -> PLCC: 0.858908, SROCC: 0.746161, KROCC: 0.558171, LOSS: 0.257073
2026-08-22 18:21:08,966 [INFO] Start training
2026-08-22 18:21:09,369 [INFO] Start training epoch 43, 37 iters per inner epoch.
2026-08-22 18:21:28,241 [INFO] Averaged stats: lr: 0.000006  loss: 0.087695
2026-08-22 18:21:28,352 [INFO] gates: {"epoch": 43, "quality_ratio": 0.1106, "mgsc_align_ratio": 0.001, "lambda_q": 0.0325, "patch_w_mean": 0.077, "patch_w_std": 0.0807, "lambda_msc": 0.0131, "mgsc_global_sim_mean": 0.2665, "mgsc_local_sim_mean": 0.1251, "mgsc_local_sim_std": 0.0289, "mgsc_beta": 0.5012, "mgsc_frag_w_entropy": 1.3787, "mgsc_frag_count": 4}
2026-08-22 18:21:28,352 [INFO] Evaluating on val.
Train: data epoch: [43]  [ 0/37]  eta: 0:00:40  lr: 0.000006  loss: 0.0859  time: 1.0814  data: 0.0001  max mem: 5171
Train: data epoch: [43]  [20/37]  eta: 0:00:08  lr: 0.000006  loss: 0.1090  time: 0.4820  data: 0.0000  max mem: 5171
Train: data epoch: [43]  [36/37]  eta: 0:00:00  lr: 0.000006  loss: 0.1017  time: 0.5193  data: 0.0000  max mem: 5171
Train: data epoch: [43] Total time: 0:00:18 (0.5100 s / it)
2026-08-22 18:21:34,794 [INFO] Qual: EPOCH[43] -> PLCC: 0.914752, SROCC: 0.868987, KROCC: 0.690432, LOSS: 0.163113
2026-08-22 18:21:34,794 [INFO] Align: EPOCH[43] -> PLCC: 0.858954, SROCC: 0.746197, KROCC: 0.558261, LOSS: 0.256899
2026-08-22 18:21:34,795 [INFO] Start training
2026-08-22 18:21:35,177 [INFO] Start training epoch 44, 37 iters per inner epoch.
2026-08-22 18:21:54,570 [INFO] Averaged stats: lr: 0.000004  loss: 0.086728
2026-08-22 18:21:54,668 [INFO] gates: {"epoch": 44, "quality_ratio": 0.1087, "mgsc_align_ratio": 0.001, "lambda_q": 0.0325, "patch_w_mean": 0.0775, "patch_w_std": 0.0796, "lambda_msc": 0.0131, "mgsc_global_sim_mean": 0.2544, "mgsc_local_sim_mean": 0.1266, "mgsc_local_sim_std": 0.0289, "mgsc_beta": 0.5012, "mgsc_frag_w_entropy": 1.379, "mgsc_frag_count": 4}
2026-08-22 18:21:54,668 [INFO] Evaluating on val.
Train: data epoch: [44]  [ 0/37]  eta: 0:00:50  lr: 0.000004  loss: 0.1061  time: 1.3607  data: 0.0001  max mem: 5171
Train: data epoch: [44]  [20/37]  eta: 0:00:08  lr: 0.000004  loss: 0.0657  time: 0.4793  data: 0.0000  max mem: 5171
Train: data epoch: [44]  [36/37]  eta: 0:00:00  lr: 0.000004  loss: 0.0817  time: 0.5253  data: 0.0000  max mem: 5171
Train: data epoch: [44] Total time: 0:00:19 (0.5241 s / it)
2026-08-22 18:22:01,146 [INFO] Qual: EPOCH[44] -> PLCC: 0.914915, SROCC: 0.869259, KROCC: 0.690432, LOSS: 0.163123
2026-08-22 18:22:01,147 [INFO] Align: EPOCH[44] -> PLCC: 0.858851, SROCC: 0.746040, KROCC: 0.557980, LOSS: 0.257247
2026-08-22 18:22:01,147 [INFO] Start training
2026-08-22 18:22:01,527 [INFO] Start training epoch 45, 37 iters per inner epoch.
2026-08-22 18:22:20,913 [INFO] Averaged stats: lr: 0.000003  loss: 0.086176
2026-08-22 18:22:21,021 [INFO] gates: {"epoch": 45, "quality_ratio": 0.1057, "mgsc_align_ratio": 0.001, "lambda_q": 0.0325, "patch_w_mean": 0.08, "patch_w_std": 0.085, "lambda_msc": 0.0131, "mgsc_global_sim_mean": 0.269, "mgsc_local_sim_mean": 0.1254, "mgsc_local_sim_std": 0.0265, "mgsc_beta": 0.5012, "mgsc_frag_w_entropy": 1.3794, "mgsc_frag_count": 4}
2026-08-22 18:22:21,021 [INFO] Evaluating on val.
Train: data epoch: [45]  [ 0/37]  eta: 0:00:48  lr: 0.000003  loss: 0.1800  time: 1.3107  data: 0.0001  max mem: 5171
Train: data epoch: [45]  [20/37]  eta: 0:00:08  lr: 0.000003  loss: 0.0797  time: 0.4658  data: 0.0000  max mem: 5171
Train: data epoch: [45]  [36/37]  eta: 0:00:00  lr: 0.000003  loss: 0.0801  time: 0.5221  data: 0.0000  max mem: 5171
Train: data epoch: [45] Total time: 0:00:19 (0.5239 s / it)
2026-08-22 18:22:27,531 [INFO] Qual: EPOCH[45] -> PLCC: 0.914828, SROCC: 0.869024, KROCC: 0.690162, LOSS: 0.163263
2026-08-22 18:22:27,531 [INFO] Align: EPOCH[45] -> PLCC: 0.858785, SROCC: 0.745844, KROCC: 0.557845, LOSS: 0.257290
2026-08-22 18:22:27,547 [INFO] Saving checkpoint at epoch 45 to run/20260822180_E3_full_s6/checkpoint_latest.pth.
2026-08-22 18:22:27,624 [INFO] Start training
2026-08-22 18:22:28,030 [INFO] Start training epoch 46, 37 iters per inner epoch.
2026-08-22 18:22:46,978 [INFO] Averaged stats: lr: 0.000003  loss: 0.086205
2026-08-22 18:22:47,087 [INFO] gates: {"epoch": 46, "quality_ratio": 0.1113, "mgsc_align_ratio": 0.001, "lambda_q": 0.0326, "patch_w_mean": 0.0761, "patch_w_std": 0.0809, "lambda_msc": 0.0131, "mgsc_global_sim_mean": 0.2614, "mgsc_local_sim_mean": 0.1211, "mgsc_local_sim_std": 0.0274, "mgsc_beta": 0.5012, "mgsc_frag_w_entropy": 1.3782, "mgsc_frag_count": 4}
2026-08-22 18:22:47,088 [INFO] Evaluating on val.
Train: data epoch: [46]  [ 0/37]  eta: 0:00:41  lr: 0.000003  loss: 0.1066  time: 1.1338  data: 0.0001  max mem: 5171
Train: data epoch: [46]  [20/37]  eta: 0:00:08  lr: 0.000003  loss: 0.0752  time: 0.4515  data: 0.0000  max mem: 5171
Train: data epoch: [46]  [36/37]  eta: 0:00:00  lr: 0.000003  loss: 0.0659  time: 0.5277  data: 0.0000  max mem: 5171
Train: data epoch: [46] Total time: 0:00:18 (0.5121 s / it)
2026-08-22 18:22:53,648 [INFO] Qual: EPOCH[46] -> PLCC: 0.914770, SROCC: 0.869002, KROCC: 0.690230, LOSS: 0.163332
2026-08-22 18:22:53,648 [INFO] Align: EPOCH[46] -> PLCC: 0.858839, SROCC: 0.745926, KROCC: 0.557957, LOSS: 0.257296
2026-08-22 18:22:53,649 [INFO] Start training
2026-08-22 18:22:54,020 [INFO] Start training epoch 47, 37 iters per inner epoch.
2026-08-22 18:23:09,690 [INFO] Averaged stats: lr: 0.000002  loss: 0.086179
2026-08-22 18:23:09,793 [INFO] gates: {"epoch": 47, "quality_ratio": 0.1112, "mgsc_align_ratio": 0.001, "lambda_q": 0.0326, "patch_w_mean": 0.0695, "patch_w_std": 0.0746, "lambda_msc": 0.0131, "mgsc_global_sim_mean": 0.2532, "mgsc_local_sim_mean": 0.1227, "mgsc_local_sim_std": 0.0322, "mgsc_beta": 0.5012, "mgsc_frag_w_entropy": 1.378, "mgsc_frag_count": 4}
2026-08-22 18:23:09,794 [INFO] Evaluating on val.
Train: data epoch: [47]  [ 0/37]  eta: 0:00:31  lr: 0.000002  loss: 0.0788  time: 0.8456  data: 0.0001  max mem: 5171
Train: data epoch: [47]  [20/37]  eta: 0:00:08  lr: 0.000002  loss: 0.0623  time: 0.4526  data: 0.0000  max mem: 5171
Train: data epoch: [47]  [36/37]  eta: 0:00:00  lr: 0.000002  loss: 0.0801  time: 0.3670  data: 0.0000  max mem: 5171
Train: data epoch: [47] Total time: 0:00:15 (0.4235 s / it)
2026-08-22 18:23:14,978 [INFO] Qual: EPOCH[47] -> PLCC: 0.914643, SROCC: 0.868907, KROCC: 0.690185, LOSS: 0.163411
2026-08-22 18:23:14,978 [INFO] Align: EPOCH[47] -> PLCC: 0.858808, SROCC: 0.745809, KROCC: 0.557811, LOSS: 0.257333
2026-08-22 18:23:14,978 [INFO] Start training
2026-08-22 18:23:15,372 [INFO] Start training epoch 48, 37 iters per inner epoch.
2026-08-22 18:23:23,169 [INFO] Averaged stats: lr: 0.000001  loss: 0.087176
2026-08-22 18:23:23,257 [INFO] gates: {"epoch": 48, "quality_ratio": 0.1047, "mgsc_align_ratio": 0.0009, "lambda_q": 0.0326, "patch_w_mean": 0.0813, "patch_w_std": 0.0853, "lambda_msc": 0.0131, "mgsc_global_sim_mean": 0.2539, "mgsc_local_sim_mean": 0.1171, "mgsc_local_sim_std": 0.0259, "mgsc_beta": 0.5012, "mgsc_frag_w_entropy": 1.3779, "mgsc_frag_count": 4}
2026-08-22 18:23:23,258 [INFO] Evaluating on val.
Train: data epoch: [48]  [ 0/37]  eta: 0:00:36  lr: 0.000001  loss: 0.1005  time: 0.9741  data: 0.0001  max mem: 5171
Train: data epoch: [48]  [20/37]  eta: 0:00:03  lr: 0.000001  loss: 0.0840  time: 0.1918  data: 0.0000  max mem: 5171
Train: data epoch: [48]  [36/37]  eta: 0:00:00  lr: 0.000001  loss: 0.0864  time: 0.1875  data: 0.0000  max mem: 5171
Train: data epoch: [48] Total time: 0:00:07 (0.2107 s / it)
2026-08-22 18:23:26,271 [INFO] Qual: EPOCH[48] -> PLCC: 0.914771, SROCC: 0.868765, KROCC: 0.689971, LOSS: 0.163365
2026-08-22 18:23:26,271 [INFO] Align: EPOCH[48] -> PLCC: 0.858805, SROCC: 0.745790, KROCC: 0.557845, LOSS: 0.257304
2026-08-22 18:23:26,272 [INFO] Start training
2026-08-22 18:23:26,670 [INFO] Start training epoch 49, 37 iters per inner epoch.
2026-08-22 18:23:34,401 [INFO] Averaged stats: lr: 0.000001  loss: 0.086128
2026-08-22 18:23:34,489 [INFO] gates: {"epoch": 49, "quality_ratio": 0.1123, "mgsc_align_ratio": 0.001, "lambda_q": 0.0326, "patch_w_mean": 0.0777, "patch_w_std": 0.0826, "lambda_msc": 0.0131, "mgsc_global_sim_mean": 0.2522, "mgsc_local_sim_mean": 0.118, "mgsc_local_sim_std": 0.0251, "mgsc_beta": 0.5012, "mgsc_frag_w_entropy": 1.3787, "mgsc_frag_count": 4}
2026-08-22 18:23:34,489 [INFO] Evaluating on val.
Train: data epoch: [49]  [ 0/37]  eta: 0:00:34  lr: 0.000001  loss: 0.0724  time: 0.9310  data: 0.0001  max mem: 5171
Train: data epoch: [49]  [20/37]  eta: 0:00:03  lr: 0.000001  loss: 0.0752  time: 0.1916  data: 0.0000  max mem: 5171
Train: data epoch: [49]  [36/37]  eta: 0:00:00  lr: 0.000001  loss: 0.0930  time: 0.1863  data: 0.0000  max mem: 5171
Train: data epoch: [49] Total time: 0:00:07 (0.2089 s / it)
2026-08-22 18:23:37,526 [INFO] Qual: EPOCH[49] -> PLCC: 0.914683, SROCC: 0.868878, KROCC: 0.690174, LOSS: 0.163436
2026-08-22 18:23:37,526 [INFO] Align: EPOCH[49] -> PLCC: 0.858761, SROCC: 0.745703, KROCC: 0.557766, LOSS: 0.257368
2026-08-22 18:23:37,542 [INFO] Saving checkpoint at epoch 49 to run/20260822180_E3_full_s6/checkpoint_latest.pth.
[{'agg_metrics': np.float64(4.712606727197699), 'qual_agg': np.float64(2.5164161640695175), 'qual_PLCC': np.float64(0.9236657553849251), 'qual_SROCC': np.float64(0.8843926723068791), 'qual_KROCC': np.float64(0.7083577363777135), 'align_agg': np.float64(2.1961905631281815), 'align_PLCC': np.float64(0.8632168171865818), 'align_SROCC': np.float64(0.7600824413849945), 'align_KROCC': np.float64(0.572891304556605)}]
{'agg_metrics': np.float64(4.712606727197699), 'qual_agg': np.float64(2.5164161640695175), 'qual_PLCC': np.float64(0.9236657553849251), 'qual_SROCC': np.float64(0.8843926723068791), 'qual_KROCC': np.float64(0.7083577363777135), 'align_agg': np.float64(2.1961905631281815), 'align_PLCC': np.float64(0.8632168171865818), 'align_SROCC': np.float64(0.7600824413849945), 'align_KROCC': np.float64(0.572891304556605)}
