2026-08-21 21:53:57,064 [INFO] Loaded init weights from init_ckpt/v17_init_seed42.pth
2026-08-21 21:53:57,064 [INFO] Start training
2026-08-21 21:53:57,082 [INFO] number of trainable parameters: 2886534
Not using distributed mode
['msqr_dgmpq_daps_v16', 'msqr_dgmpq_hcmi_v8', 'msqr_dgmpq_mscm_v10', 'msqr_dgmpq_mscm_v11', 'msqr_dgmpq_mscm_v12', 'msqr_dgmpq_msrc_v14', 'msqr_dgmpq_ptlc_v15', 'msqr_dgmpq_qard_v17', 'msqr_dgmpq_tcap_v9']
2026-08-21 21:53:59,659 [INFO] Start training epoch 0, 37 iters per inner epoch.
2026-08-21 21:54:24,774 [INFO] Averaged stats: lr: 0.000036  loss: 6.675229
2026-08-21 21:54:24,895 [INFO] gates: {"epoch": 0, "raw_quality_ratio": 6.1526, "quality_ratio": 0.0707, "decoder_ratio": 0.0676, "lambda_q": 0.0116, "deviation_mean": 1.0741, "deviation_std": 0.0599, "patch_w_mean": 0.5213, "patch_w_std": 0.0107, "lambda_d": 0.0113, "qard_attn_entropy": 0.9844, "qard_attn_max": 0.0111, "qard_decoder_norm": 16.0252, "qard_memory_norm": 6.1938}
2026-08-21 21:54:24,896 [INFO] Evaluating on val.
Train: data epoch: [0]  [ 0/37]  eta: 0:03:33  lr: 0.000000  loss: 7.1222  time: 5.7690  data: 0.0001  max mem: 5167
Train: data epoch: [0]  [20/37]  eta: 0:00:13  lr: 0.000040  loss: 6.5703  time: 0.5663  data: 0.0000  max mem: 5189
Train: data epoch: [0]  [36/37]  eta: 0:00:00  lr: 0.000072  loss: 5.2214  time: 0.5140  data: 0.0000  max mem: 5189
Train: data epoch: [0] Total time: 0:00:25 (0.6788 s / it)
2026-08-21 21:54:31,616 [INFO] Qual: EPOCH[0] -> PLCC: -0.190214, SROCC: -0.176784, KROCC: -0.117629, LOSS: 5.718088
2026-08-21 21:54:31,617 [INFO] Align: EPOCH[0] -> PLCC: -0.115198, SROCC: -0.084742, KROCC: -0.055951, LOSS: 5.234468
2026-08-21 21:54:31,658 [INFO] Saving checkpoint at epoch 0 to run/20260821215_Full_V17_s6/checkpoint_best.pth.
2026-08-21 21:54:31,738 [INFO] Saving checkpoint at epoch 0 to run/20260821215_Full_V17_s6/checkpoint_best_joint.pth.
2026-08-21 21:54:31,801 [INFO] Start training
2026-08-21 21:54:32,494 [INFO] Start training epoch 1, 37 iters per inner epoch.
2026-08-21 21:54:54,089 [INFO] Averaged stats: lr: 0.000100  loss: 2.504365
2026-08-21 21:54:54,219 [INFO] gates: {"epoch": 1, "raw_quality_ratio": 2.9428, "quality_ratio": 0.0466, "decoder_ratio": 0.0444, "lambda_q": 0.0158, "deviation_mean": 1.1351, "deviation_std": 0.063, "patch_w_mean": 0.5463, "patch_w_std": 0.0262, "lambda_d": 0.0156, "qard_attn_entropy": 0.9821, "qard_attn_max": 0.0106, "qard_decoder_norm": 16.119, "qard_memory_norm": 7.8547}
2026-08-21 21:54:54,219 [INFO] Evaluating on val.
Train: data epoch: [1]  [ 0/37]  eta: 0:01:36  lr: 0.000100  loss: 5.1589  time: 2.5999  data: 0.0002  max mem: 5189
Train: data epoch: [1]  [20/37]  eta: 0:00:11  lr: 0.000100  loss: 1.7933  time: 0.5685  data: 0.0000  max mem: 5189
Train: data epoch: [1]  [36/37]  eta: 0:00:00  lr: 0.000100  loss: 1.1892  time: 0.4893  data: 0.0000  max mem: 5189
Train: data epoch: [1] Total time: 0:00:21 (0.5821 s / it)
2026-08-21 21:54:59,659 [INFO] Qual: EPOCH[1] -> PLCC: 0.415042, SROCC: 0.411980, KROCC: 0.283680, LOSS: 0.961831
2026-08-21 21:54:59,659 [INFO] Align: EPOCH[1] -> PLCC: 0.404270, SROCC: 0.407668, KROCC: 0.279168, LOSS: 0.947202
2026-08-21 21:54:59,689 [INFO] Saving checkpoint at epoch 1 to run/20260821215_Full_V17_s6/checkpoint_best.pth.
2026-08-21 21:54:59,893 [INFO] Saving checkpoint at epoch 1 to run/20260821215_Full_V17_s6/checkpoint_best_joint.pth.
2026-08-21 21:55:00,069 [INFO] Start training
2026-08-21 21:55:00,654 [INFO] Start training epoch 2, 37 iters per inner epoch.
2026-08-21 21:55:22,008 [INFO] Averaged stats: lr: 0.000100  loss: 0.672646
2026-08-21 21:55:22,098 [INFO] gates: {"epoch": 2, "raw_quality_ratio": 3.2059, "quality_ratio": 0.0508, "decoder_ratio": 0.0482, "lambda_q": 0.0159, "deviation_mean": 1.1866, "deviation_std": 0.0645, "patch_w_mean": 0.5078, "patch_w_std": 0.0276, "lambda_d": 0.0154, "qard_attn_entropy": 0.9819, "qard_attn_max": 0.0113, "qard_decoder_norm": 16.0604, "qard_memory_norm": 7.655}
2026-08-21 21:55:22,099 [INFO] Evaluating on val.
Train: data epoch: [2]  [ 0/37]  eta: 0:01:06  lr: 0.000100  loss: 1.0297  time: 1.8036  data: 0.0001  max mem: 5189
Train: data epoch: [2]  [20/37]  eta: 0:00:10  lr: 0.000100  loss: 0.5676  time: 0.5612  data: 0.0000  max mem: 5189
Train: data epoch: [2]  [36/37]  eta: 0:00:00  lr: 0.000100  loss: 0.6062  time: 0.5283  data: 0.0000  max mem: 5189
Train: data epoch: [2] Total time: 0:00:21 (0.5771 s / it)
2026-08-21 21:55:28,231 [INFO] Qual: EPOCH[2] -> PLCC: 0.793951, SROCC: 0.729680, KROCC: 0.544049, LOSS: 0.416559
2026-08-21 21:55:28,232 [INFO] Align: EPOCH[2] -> PLCC: 0.701962, SROCC: 0.613415, KROCC: 0.434292, LOSS: 0.532158
2026-08-21 21:55:28,261 [INFO] Saving checkpoint at epoch 2 to run/20260821215_Full_V17_s6/checkpoint_best.pth.
2026-08-21 21:55:28,403 [INFO] Saving checkpoint at epoch 2 to run/20260821215_Full_V17_s6/checkpoint_best_joint.pth.
2026-08-21 21:55:28,491 [INFO] Start training
2026-08-21 21:55:28,816 [INFO] Start training epoch 3, 37 iters per inner epoch.
2026-08-21 21:55:49,718 [INFO] Averaged stats: lr: 0.000099  loss: 0.355633
2026-08-21 21:55:49,887 [INFO] gates: {"epoch": 3, "raw_quality_ratio": 3.2336, "quality_ratio": 0.0529, "decoder_ratio": 0.0503, "lambda_q": 0.0164, "deviation_mean": 1.2792, "deviation_std": 0.1107, "patch_w_mean": 0.4736, "patch_w_std": 0.0382, "lambda_d": 0.0158, "qard_attn_entropy": 0.9545, "qard_attn_max": 0.0195, "qard_decoder_norm": 16.0948, "qard_memory_norm": 6.4412}
2026-08-21 21:55:49,888 [INFO] Evaluating on val.
Train: data epoch: [3]  [ 0/37]  eta: 0:00:52  lr: 0.000099  loss: 0.4182  time: 1.4104  data: 0.0001  max mem: 5189
Train: data epoch: [3]  [20/37]  eta: 0:00:10  lr: 0.000099  loss: 0.2769  time: 0.5644  data: 0.0000  max mem: 5189
Train: data epoch: [3]  [36/37]  eta: 0:00:00  lr: 0.000099  loss: 0.3003  time: 0.5244  data: 0.0000  max mem: 5189
Train: data epoch: [3] Total time: 0:00:20 (0.5649 s / it)
2026-08-21 21:55:56,763 [INFO] Qual: EPOCH[3] -> PLCC: 0.877627, SROCC: 0.810397, KROCC: 0.626007, LOSS: 0.224958
2026-08-21 21:55:56,763 [INFO] Align: EPOCH[3] -> PLCC: 0.784082, SROCC: 0.664125, KROCC: 0.481342, LOSS: 0.379055
2026-08-21 21:55:56,776 [INFO] Saving checkpoint at epoch 3 to run/20260821215_Full_V17_s6/checkpoint_best.pth.
2026-08-21 21:55:56,861 [INFO] Saving checkpoint at epoch 3 to run/20260821215_Full_V17_s6/checkpoint_best_joint.pth.
2026-08-21 21:55:56,935 [INFO] Start training
2026-08-21 21:55:57,231 [INFO] Start training epoch 4, 37 iters per inner epoch.
2026-08-21 21:56:17,333 [INFO] Averaged stats: lr: 0.000098  loss: 0.261955
2026-08-21 21:56:17,480 [INFO] gates: {"epoch": 4, "raw_quality_ratio": 3.0834, "quality_ratio": 0.0517, "decoder_ratio": 0.0494, "lambda_q": 0.0168, "deviation_mean": 1.3722, "deviation_std": 0.0856, "patch_w_mean": 0.4438, "patch_w_std": 0.0416, "lambda_d": 0.0161, "qard_attn_entropy": 0.9532, "qard_attn_max": 0.0205, "qard_decoder_norm": 16.0902, "qard_memory_norm": 6.4114}
2026-08-21 21:56:17,480 [INFO] Evaluating on val.
Train: data epoch: [4]  [ 0/37]  eta: 0:00:41  lr: 0.000098  loss: 0.3618  time: 1.1267  data: 0.0001  max mem: 5189
Train: data epoch: [4]  [20/37]  eta: 0:00:09  lr: 0.000098  loss: 0.2265  time: 0.5490  data: 0.0000  max mem: 5189
Train: data epoch: [4]  [36/37]  eta: 0:00:00  lr: 0.000098  loss: 0.2266  time: 0.4915  data: 0.0000  max mem: 5189
Train: data epoch: [4] Total time: 0:00:20 (0.5433 s / it)
2026-08-21 21:56:25,341 [INFO] Qual: EPOCH[4] -> PLCC: 0.894544, SROCC: 0.842385, KROCC: 0.658337, LOSS: 0.195953
2026-08-21 21:56:25,341 [INFO] Align: EPOCH[4] -> PLCC: 0.808742, SROCC: 0.688284, KROCC: 0.503383, LOSS: 0.337321
2026-08-21 21:56:25,356 [INFO] Saving checkpoint at epoch 4 to run/20260821215_Full_V17_s6/checkpoint_best.pth.
2026-08-21 21:56:25,440 [INFO] Saving checkpoint at epoch 4 to run/20260821215_Full_V17_s6/checkpoint_best_joint.pth.
2026-08-21 21:56:25,511 [INFO] Start training
2026-08-21 21:56:25,803 [INFO] Start training epoch 5, 37 iters per inner epoch.
2026-08-21 21:56:45,543 [INFO] Averaged stats: lr: 0.000098  loss: 0.235614
2026-08-21 21:56:45,659 [INFO] gates: {"epoch": 5, "raw_quality_ratio": 3.062, "quality_ratio": 0.0525, "decoder_ratio": 0.0493, "lambda_q": 0.0171, "deviation_mean": 1.3871, "deviation_std": 0.1148, "patch_w_mean": 0.4188, "patch_w_std": 0.0604, "lambda_d": 0.0163, "qard_attn_entropy": 0.9283, "qard_attn_max": 0.0289, "qard_decoder_norm": 16.0948, "qard_memory_norm": 6.3278}
2026-08-21 21:56:45,659 [INFO] Evaluating on val.
Train: data epoch: [5]  [ 0/37]  eta: 0:00:41  lr: 0.000098  loss: 0.2517  time: 1.1312  data: 0.0001  max mem: 5189
Train: data epoch: [5]  [20/37]  eta: 0:00:09  lr: 0.000098  loss: 0.2120  time: 0.5267  data: 0.0000  max mem: 5189
Train: data epoch: [5]  [36/37]  eta: 0:00:00  lr: 0.000098  loss: 0.2268  time: 0.4971  data: 0.0000  max mem: 5189
Train: data epoch: [5] Total time: 0:00:19 (0.5335 s / it)
2026-08-21 21:56:52,459 [INFO] Qual: EPOCH[5] -> PLCC: 0.903124, SROCC: 0.854739, KROCC: 0.672968, LOSS: 0.188063
2026-08-21 21:56:52,459 [INFO] Align: EPOCH[5] -> PLCC: 0.823592, SROCC: 0.702615, KROCC: 0.517575, LOSS: 0.313743
2026-08-21 21:56:52,474 [INFO] Saving checkpoint at epoch 5 to run/20260821215_Full_V17_s6/checkpoint_best.pth.
2026-08-21 21:56:52,562 [INFO] Saving checkpoint at epoch 5 to run/20260821215_Full_V17_s6/checkpoint_best_joint.pth.
2026-08-21 21:56:52,646 [INFO] Start training
2026-08-21 21:56:52,971 [INFO] Start training epoch 6, 37 iters per inner epoch.
2026-08-21 21:57:13,015 [INFO] Averaged stats: lr: 0.000097  loss: 0.218547
2026-08-21 21:57:13,132 [INFO] gates: {"epoch": 6, "raw_quality_ratio": 3.0264, "quality_ratio": 0.053, "decoder_ratio": 0.0494, "lambda_q": 0.0175, "deviation_mean": 1.3883, "deviation_std": 0.124, "patch_w_mean": 0.4003, "patch_w_std": 0.0752, "lambda_d": 0.0164, "qard_attn_entropy": 0.853, "qard_attn_max": 0.0591, "qard_decoder_norm": 16.0933, "qard_memory_norm": 6.2485}
2026-08-21 21:57:13,132 [INFO] Evaluating on val.
Train: data epoch: [6]  [ 0/37]  eta: 0:00:44  lr: 0.000097  loss: 0.2212  time: 1.2123  data: 0.0001  max mem: 5189
Train: data epoch: [6]  [20/37]  eta: 0:00:09  lr: 0.000097  loss: 0.2800  time: 0.5313  data: 0.0000  max mem: 5189
Train: data epoch: [6]  [36/37]  eta: 0:00:00  lr: 0.000097  loss: 0.2923  time: 0.5165  data: 0.0000  max mem: 5189
Train: data epoch: [6] Total time: 0:00:20 (0.5417 s / it)
2026-08-21 21:57:19,837 [INFO] Qual: EPOCH[6] -> PLCC: 0.909994, SROCC: 0.867043, KROCC: 0.687025, LOSS: 0.168230
2026-08-21 21:57:19,837 [INFO] Align: EPOCH[6] -> PLCC: 0.833253, SROCC: 0.714051, KROCC: 0.528101, LOSS: 0.297874
2026-08-21 21:57:19,854 [INFO] Saving checkpoint at epoch 6 to run/20260821215_Full_V17_s6/checkpoint_best.pth.
2026-08-21 21:57:19,959 [INFO] Saving checkpoint at epoch 6 to run/20260821215_Full_V17_s6/checkpoint_best_joint.pth.
2026-08-21 21:57:20,047 [INFO] Start training
2026-08-21 21:57:20,369 [INFO] Start training epoch 7, 37 iters per inner epoch.
2026-08-21 21:57:40,182 [INFO] Averaged stats: lr: 0.000095  loss: 0.202869
2026-08-21 21:57:40,288 [INFO] gates: {"epoch": 7, "raw_quality_ratio": 2.9275, "quality_ratio": 0.0523, "decoder_ratio": 0.0483, "lambda_q": 0.0179, "deviation_mean": 1.3662, "deviation_std": 0.132, "patch_w_mean": 0.39, "patch_w_std": 0.0837, "lambda_d": 0.0166, "qard_attn_entropy": 0.7099, "qard_attn_max": 0.147, "qard_decoder_norm": 16.0989, "qard_memory_norm": 6.114}
2026-08-21 21:57:40,288 [INFO] Evaluating on val.
Train: data epoch: [7]  [ 0/37]  eta: 0:00:40  lr: 0.000095  loss: 0.1966  time: 1.0908  data: 0.0001  max mem: 5189
Train: data epoch: [7]  [20/37]  eta: 0:00:09  lr: 0.000095  loss: 0.1828  time: 0.5184  data: 0.0000  max mem: 5189
Train: data epoch: [7]  [36/37]  eta: 0:00:00  lr: 0.000095  loss: 0.1811  time: 0.5149  data: 0.0000  max mem: 5189
Train: data epoch: [7] Total time: 0:00:19 (0.5355 s / it)
2026-08-21 21:57:47,143 [INFO] Qual: EPOCH[7] -> PLCC: 0.914359, SROCC: 0.874625, KROCC: 0.695695, LOSS: 0.160616
2026-08-21 21:57:47,143 [INFO] Align: EPOCH[7] -> PLCC: 0.839156, SROCC: 0.721975, KROCC: 0.535365, LOSS: 0.290154
2026-08-21 21:57:47,156 [INFO] Saving checkpoint at epoch 7 to run/20260821215_Full_V17_s6/checkpoint_best.pth.
2026-08-21 21:57:47,254 [INFO] Saving checkpoint at epoch 7 to run/20260821215_Full_V17_s6/checkpoint_best_joint.pth.
2026-08-21 21:57:47,340 [INFO] Start training
2026-08-21 21:57:47,666 [INFO] Start training epoch 8, 37 iters per inner epoch.
2026-08-21 21:58:07,772 [INFO] Averaged stats: lr: 0.000094  loss: 0.190579
2026-08-21 21:58:07,891 [INFO] gates: {"epoch": 8, "raw_quality_ratio": 2.9251, "quality_ratio": 0.0532, "decoder_ratio": 0.0494, "lambda_q": 0.0182, "deviation_mean": 1.3486, "deviation_std": 0.1587, "patch_w_mean": 0.3754, "patch_w_std": 0.0938, "lambda_d": 0.0169, "qard_attn_entropy": 0.5809, "qard_attn_max": 0.2632, "qard_decoder_norm": 16.0928, "qard_memory_norm": 5.9185}
2026-08-21 21:58:07,891 [INFO] Evaluating on val.
Train: data epoch: [8]  [ 0/37]  eta: 0:00:51  lr: 0.000094  loss: 0.1995  time: 1.3928  data: 0.0001  max mem: 5189
Train: data epoch: [8]  [20/37]  eta: 0:00:09  lr: 0.000094  loss: 0.1417  time: 0.5139  data: 0.0000  max mem: 5189
Train: data epoch: [8]  [36/37]  eta: 0:00:00  lr: 0.000094  loss: 0.1489  time: 0.5289  data: 0.0000  max mem: 5189
Train: data epoch: [8] Total time: 0:00:20 (0.5434 s / it)
2026-08-21 21:58:14,736 [INFO] Qual: EPOCH[8] -> PLCC: 0.916049, SROCC: 0.877543, KROCC: 0.698720, LOSS: 0.163219
2026-08-21 21:58:14,736 [INFO] Align: EPOCH[8] -> PLCC: 0.842960, SROCC: 0.725765, KROCC: 0.538863, LOSS: 0.282452
2026-08-21 21:58:14,753 [INFO] Saving checkpoint at epoch 8 to run/20260821215_Full_V17_s6/checkpoint_best.pth.
2026-08-21 21:58:14,861 [INFO] Saving checkpoint at epoch 8 to run/20260821215_Full_V17_s6/checkpoint_best_joint.pth.
2026-08-21 21:58:14,951 [INFO] Start training
2026-08-21 21:58:15,277 [INFO] Start training epoch 9, 37 iters per inner epoch.
2026-08-21 21:58:35,177 [INFO] Averaged stats: lr: 0.000092  loss: 0.182571
2026-08-21 21:58:35,284 [INFO] gates: {"epoch": 9, "raw_quality_ratio": 3.1891, "quality_ratio": 0.0594, "decoder_ratio": 0.0556, "lambda_q": 0.0186, "deviation_mean": 1.3633, "deviation_std": 0.1524, "patch_w_mean": 0.3553, "patch_w_std": 0.098, "lambda_d": 0.0173, "qard_attn_entropy": 0.5536, "qard_attn_max": 0.2745, "qard_decoder_norm": 16.0981, "qard_memory_norm": 5.7463}
2026-08-21 21:58:35,284 [INFO] Evaluating on val.
Train: data epoch: [9]  [ 0/37]  eta: 0:00:36  lr: 0.000092  loss: 0.2019  time: 0.9832  data: 0.0001  max mem: 5189
Train: data epoch: [9]  [20/37]  eta: 0:00:08  lr: 0.000092  loss: 0.1832  time: 0.5065  data: 0.0000  max mem: 5189
Train: data epoch: [9]  [36/37]  eta: 0:00:00  lr: 0.000092  loss: 0.1423  time: 0.5452  data: 0.0000  max mem: 5189
Train: data epoch: [9] Total time: 0:00:19 (0.5378 s / it)
2026-08-21 21:58:42,054 [INFO] Qual: EPOCH[9] -> PLCC: 0.916468, SROCC: 0.879397, KROCC: 0.700441, LOSS: 0.158791
2026-08-21 21:58:42,054 [INFO] Align: EPOCH[9] -> PLCC: 0.843151, SROCC: 0.726600, KROCC: 0.539144, LOSS: 0.283216
2026-08-21 21:58:42,068 [INFO] Saving checkpoint at epoch 9 to run/20260821215_Full_V17_s6/checkpoint_best.pth.
2026-08-21 21:58:42,153 [INFO] Saving checkpoint at epoch 9 to run/20260821215_Full_V17_s6/checkpoint_best_joint.pth.
2026-08-21 21:58:42,228 [INFO] Start training
2026-08-21 21:58:42,526 [INFO] Start training epoch 10, 37 iters per inner epoch.
2026-08-21 21:59:03,245 [INFO] Averaged stats: lr: 0.000091  loss: 0.171541
2026-08-21 21:59:03,350 [INFO] gates: {"epoch": 10, "raw_quality_ratio": 3.0841, "quality_ratio": 0.0585, "decoder_ratio": 0.0553, "lambda_q": 0.019, "deviation_mean": 1.3288, "deviation_std": 0.1585, "patch_w_mean": 0.3613, "patch_w_std": 0.1008, "lambda_d": 0.0179, "qard_attn_entropy": 0.4937, "qard_attn_max": 0.341, "qard_decoder_norm": 16.119, "qard_memory_norm": 5.6566}
2026-08-21 21:59:03,351 [INFO] Evaluating on val.
Train: data epoch: [10]  [ 0/37]  eta: 0:00:57  lr: 0.000091  loss: 0.1506  time: 1.5616  data: 0.0001  max mem: 5189
Train: data epoch: [10]  [20/37]  eta: 0:00:09  lr: 0.000091  loss: 0.1487  time: 0.5014  data: 0.0000  max mem: 5189
Train: data epoch: [10]  [36/37]  eta: 0:00:00  lr: 0.000091  loss: 0.2157  time: 0.5694  data: 0.0000  max mem: 5189
Train: data epoch: [10] Total time: 0:00:20 (0.5600 s / it)
2026-08-21 21:59:09,879 [INFO] Qual: EPOCH[10] -> PLCC: 0.919626, SROCC: 0.880209, KROCC: 0.703342, LOSS: 0.154980
2026-08-21 21:59:09,879 [INFO] Align: EPOCH[10] -> PLCC: 0.846317, SROCC: 0.731588, KROCC: 0.543563, LOSS: 0.280587
2026-08-21 21:59:09,898 [INFO] Saving checkpoint at epoch 10 to run/20260821215_Full_V17_s6/checkpoint_best.pth.
2026-08-21 21:59:10,007 [INFO] Saving checkpoint at epoch 10 to run/20260821215_Full_V17_s6/checkpoint_best_joint.pth.
2026-08-21 21:59:10,098 [INFO] Start training
2026-08-21 21:59:10,429 [INFO] Start training epoch 11, 37 iters per inner epoch.
2026-08-21 21:59:31,695 [INFO] Averaged stats: lr: 0.000089  loss: 0.163125
2026-08-21 21:59:31,799 [INFO] gates: {"epoch": 11, "raw_quality_ratio": 3.167, "quality_ratio": 0.0613, "decoder_ratio": 0.0592, "lambda_q": 0.0194, "deviation_mean": 1.347, "deviation_std": 0.1676, "patch_w_mean": 0.3357, "patch_w_std": 0.1094, "lambda_d": 0.0186, "qard_attn_entropy": 0.4262, "qard_attn_max": 0.3943, "qard_decoder_norm": 16.1264, "qard_memory_norm": 5.4778}
2026-08-21 21:59:31,800 [INFO] Evaluating on val.
Train: data epoch: [11]  [ 0/37]  eta: 0:01:10  lr: 0.000089  loss: 0.1576  time: 1.8971  data: 0.0001  max mem: 5189
Train: data epoch: [11]  [20/37]  eta: 0:00:09  lr: 0.000089  loss: 0.1460  time: 0.5114  data: 0.0000  max mem: 5189
Train: data epoch: [11]  [36/37]  eta: 0:00:00  lr: 0.000089  loss: 0.1584  time: 0.5710  data: 0.0000  max mem: 5189
Train: data epoch: [11] Total time: 0:00:21 (0.5747 s / it)
2026-08-21 21:59:37,875 [INFO] Qual: EPOCH[11] -> PLCC: 0.919588, SROCC: 0.882101, KROCC: 0.704197, LOSS: 0.153403
2026-08-21 21:59:37,875 [INFO] Align: EPOCH[11] -> PLCC: 0.847636, SROCC: 0.734531, KROCC: 0.546645, LOSS: 0.275325
2026-08-21 21:59:37,888 [INFO] Saving checkpoint at epoch 11 to run/20260821215_Full_V17_s6/checkpoint_best.pth.
2026-08-21 21:59:37,978 [INFO] Saving checkpoint at epoch 11 to run/20260821215_Full_V17_s6/checkpoint_best_joint.pth.
2026-08-21 21:59:38,051 [INFO] Start training
2026-08-21 21:59:38,344 [INFO] Start training epoch 12, 37 iters per inner epoch.
2026-08-21 21:59:58,778 [INFO] Averaged stats: lr: 0.000087  loss: 0.155604
2026-08-21 21:59:58,876 [INFO] gates: {"epoch": 12, "raw_quality_ratio": 3.0532, "quality_ratio": 0.0604, "decoder_ratio": 0.059, "lambda_q": 0.0198, "deviation_mean": 1.3218, "deviation_std": 0.1487, "patch_w_mean": 0.3319, "patch_w_std": 0.1155, "lambda_d": 0.0193, "qard_attn_entropy": 0.4118, "qard_attn_max": 0.4092, "qard_decoder_norm": 16.1413, "qard_memory_norm": 5.2518}
2026-08-21 21:59:58,877 [INFO] Evaluating on val.
Train: data epoch: [12]  [ 0/37]  eta: 0:00:41  lr: 0.000087  loss: 0.1443  time: 1.1106  data: 0.0001  max mem: 5189
Train: data epoch: [12]  [20/37]  eta: 0:00:09  lr: 0.000087  loss: 0.1302  time: 0.5097  data: 0.0000  max mem: 5189
Train: data epoch: [12]  [36/37]  eta: 0:00:00  lr: 0.000087  loss: 0.1295  time: 0.5704  data: 0.0000  max mem: 5189
Train: data epoch: [12] Total time: 0:00:20 (0.5522 s / it)
2026-08-21 22:00:05,117 [INFO] Qual: EPOCH[12] -> PLCC: 0.919716, SROCC: 0.881628, KROCC: 0.703758, LOSS: 0.154453
2026-08-21 22:00:05,117 [INFO] Align: EPOCH[12] -> PLCC: 0.849446, SROCC: 0.738220, KROCC: 0.549973, LOSS: 0.280751
2026-08-21 22:00:05,130 [INFO] Saving checkpoint at epoch 12 to run/20260821215_Full_V17_s6/checkpoint_best_joint.pth.
2026-08-21 22:00:05,202 [INFO] Start training
2026-08-21 22:00:05,499 [INFO] Start training epoch 13, 37 iters per inner epoch.
2026-08-21 22:00:25,791 [INFO] Averaged stats: lr: 0.000084  loss: 0.149345
2026-08-21 22:00:25,923 [INFO] gates: {"epoch": 13, "raw_quality_ratio": 3.142, "quality_ratio": 0.0635, "decoder_ratio": 0.0634, "lambda_q": 0.0202, "deviation_mean": 1.2835, "deviation_std": 0.1447, "patch_w_mean": 0.3149, "patch_w_std": 0.1173, "lambda_d": 0.0201, "qard_attn_entropy": 0.3986, "qard_attn_max": 0.4354, "qard_decoder_norm": 16.1617, "qard_memory_norm": 5.2198}
2026-08-21 22:00:25,923 [INFO] Evaluating on val.
Train: data epoch: [13]  [ 0/37]  eta: 0:00:46  lr: 0.000084  loss: 0.1398  time: 1.2606  data: 0.0001  max mem: 5189
Train: data epoch: [13]  [20/37]  eta: 0:00:09  lr: 0.000084  loss: 0.1093  time: 0.4970  data: 0.0000  max mem: 5189
Train: data epoch: [13]  [36/37]  eta: 0:00:00  lr: 0.000084  loss: 0.1915  time: 0.5676  data: 0.0000  max mem: 5189
Train: data epoch: [13] Total time: 0:00:20 (0.5484 s / it)
2026-08-21 22:00:32,301 [INFO] Qual: EPOCH[13] -> PLCC: 0.920302, SROCC: 0.883242, KROCC: 0.704894, LOSS: 0.152740
2026-08-21 22:00:32,301 [INFO] Align: EPOCH[13] -> PLCC: 0.849369, SROCC: 0.736979, KROCC: 0.548849, LOSS: 0.274914
2026-08-21 22:00:32,319 [INFO] Saving checkpoint at epoch 13 to run/20260821215_Full_V17_s6/checkpoint_best.pth.
2026-08-21 22:00:32,425 [INFO] Saving checkpoint at epoch 13 to run/20260821215_Full_V17_s6/checkpoint_best_joint.pth.
2026-08-21 22:00:32,516 [INFO] Start training
2026-08-21 22:00:32,846 [INFO] Start training epoch 14, 37 iters per inner epoch.
2026-08-21 22:00:53,020 [INFO] Averaged stats: lr: 0.000082  loss: 0.142873
2026-08-21 22:00:53,137 [INFO] gates: {"epoch": 14, "raw_quality_ratio": 3.245, "quality_ratio": 0.0669, "decoder_ratio": 0.0683, "lambda_q": 0.0206, "deviation_mean": 1.3069, "deviation_std": 0.1578, "patch_w_mean": 0.2824, "patch_w_std": 0.1194, "lambda_d": 0.0209, "qard_attn_entropy": 0.3933, "qard_attn_max": 0.4488, "qard_decoder_norm": 16.1802, "qard_memory_norm": 5.1803}
2026-08-21 22:00:53,137 [INFO] Evaluating on val.
Train: data epoch: [14]  [ 0/37]  eta: 0:00:48  lr: 0.000082  loss: 0.1537  time: 1.3111  data: 0.0001  max mem: 5189
Train: data epoch: [14]  [20/37]  eta: 0:00:08  lr: 0.000082  loss: 0.1663  time: 0.4884  data: 0.0000  max mem: 5189
Train: data epoch: [14]  [36/37]  eta: 0:00:00  lr: 0.000082  loss: 0.1261  time: 0.5688  data: 0.0000  max mem: 5189
Train: data epoch: [14] Total time: 0:00:20 (0.5452 s / it)
2026-08-21 22:00:59,257 [INFO] Qual: EPOCH[14] -> PLCC: 0.921582, SROCC: 0.882968, KROCC: 0.705434, LOSS: 0.150629
2026-08-21 22:00:59,257 [INFO] Align: EPOCH[14] -> PLCC: 0.850695, SROCC: 0.739689, KROCC: 0.551368, LOSS: 0.270214
2026-08-21 22:00:59,275 [INFO] Saving checkpoint at epoch 14 to run/20260821215_Full_V17_s6/checkpoint_best.pth.
2026-08-21 22:00:59,378 [INFO] Saving checkpoint at epoch 14 to run/20260821215_Full_V17_s6/checkpoint_best_joint.pth.
2026-08-21 22:00:59,465 [INFO] Start training
2026-08-21 22:00:59,788 [INFO] Start training epoch 15, 37 iters per inner epoch.
2026-08-21 22:01:19,625 [INFO] Averaged stats: lr: 0.000080  loss: 0.136074
2026-08-21 22:01:19,735 [INFO] gates: {"epoch": 15, "raw_quality_ratio": 3.2147, "quality_ratio": 0.0677, "decoder_ratio": 0.0698, "lambda_q": 0.0211, "deviation_mean": 1.2901, "deviation_std": 0.133, "patch_w_mean": 0.2728, "patch_w_std": 0.1198, "lambda_d": 0.0216, "qard_attn_entropy": 0.3738, "qard_attn_max": 0.4628, "qard_decoder_norm": 16.1856, "qard_memory_norm": 5.157}
2026-08-21 22:01:19,735 [INFO] Evaluating on val.
Train: data epoch: [15]  [ 0/37]  eta: 0:00:36  lr: 0.000080  loss: 0.1254  time: 0.9814  data: 0.0001  max mem: 5189
Train: data epoch: [15]  [20/37]  eta: 0:00:08  lr: 0.000080  loss: 0.1308  time: 0.4872  data: 0.0000  max mem: 5189
Train: data epoch: [15]  [36/37]  eta: 0:00:00  lr: 0.000080  loss: 0.1276  time: 0.5699  data: 0.0000  max mem: 5189
Train: data epoch: [15] Total time: 0:00:19 (0.5361 s / it)
2026-08-21 22:01:25,859 [INFO] Qual: EPOCH[15] -> PLCC: 0.919968, SROCC: 0.881939, KROCC: 0.704186, LOSS: 0.151873
2026-08-21 22:01:25,859 [INFO] Align: EPOCH[15] -> PLCC: 0.851597, SROCC: 0.741679, KROCC: 0.553291, LOSS: 0.269434
2026-08-21 22:01:25,873 [INFO] Saving checkpoint at epoch 15 to run/20260821215_Full_V17_s6/checkpoint_best_joint.pth.
2026-08-21 22:01:25,953 [INFO] Start training
2026-08-21 22:01:26,272 [INFO] Start training epoch 16, 37 iters per inner epoch.
2026-08-21 22:01:45,593 [INFO] Averaged stats: lr: 0.000077  loss: 0.131177
2026-08-21 22:01:45,700 [INFO] gates: {"epoch": 16, "raw_quality_ratio": 3.0249, "quality_ratio": 0.0651, "decoder_ratio": 0.0675, "lambda_q": 0.0215, "deviation_mean": 1.2321, "deviation_std": 0.1286, "patch_w_mean": 0.2689, "patch_w_std": 0.12, "lambda_d": 0.0223, "qard_attn_entropy": 0.3457, "qard_attn_max": 0.4848, "qard_decoder_norm": 16.2176, "qard_memory_norm": 4.9439}
2026-08-21 22:01:45,701 [INFO] Evaluating on val.
Train: data epoch: [16]  [ 0/37]  eta: 0:00:41  lr: 0.000077  loss: 0.1056  time: 1.1212  data: 0.0001  max mem: 5189
Train: data epoch: [16]  [20/37]  eta: 0:00:08  lr: 0.000077  loss: 0.1577  time: 0.4532  data: 0.0000  max mem: 5189
Train: data epoch: [16]  [36/37]  eta: 0:00:00  lr: 0.000077  loss: 0.1719  time: 0.5709  data: 0.0000  max mem: 5189
Train: data epoch: [16] Total time: 0:00:19 (0.5222 s / it)
2026-08-21 22:01:51,580 [INFO] Qual: EPOCH[16] -> PLCC: 0.920385, SROCC: 0.882462, KROCC: 0.704782, LOSS: 0.153522
2026-08-21 22:01:51,580 [INFO] Align: EPOCH[16] -> PLCC: 0.851575, SROCC: 0.742256, KROCC: 0.554055, LOSS: 0.270571
2026-08-21 22:01:51,597 [INFO] Saving checkpoint at epoch 16 to run/20260821215_Full_V17_s6/checkpoint_best_joint.pth.
2026-08-21 22:01:51,683 [INFO] Start training
2026-08-21 22:01:52,000 [INFO] Start training epoch 17, 37 iters per inner epoch.
2026-08-21 22:02:12,427 [INFO] Averaged stats: lr: 0.000074  loss: 0.124832
2026-08-21 22:02:12,554 [INFO] gates: {"epoch": 17, "raw_quality_ratio": 3.092, "quality_ratio": 0.0677, "decoder_ratio": 0.0712, "lambda_q": 0.0219, "deviation_mean": 1.2219, "deviation_std": 0.1522, "patch_w_mean": 0.239, "patch_w_std": 0.1237, "lambda_d": 0.0229, "qard_attn_entropy": 0.3154, "qard_attn_max": 0.5235, "qard_decoder_norm": 16.2332, "qard_memory_norm": 4.8925}
2026-08-21 22:02:12,555 [INFO] Evaluating on val.
Train: data epoch: [17]  [ 0/37]  eta: 0:00:46  lr: 0.000074  loss: 0.0954  time: 1.2520  data: 0.0001  max mem: 5189
Train: data epoch: [17]  [20/37]  eta: 0:00:09  lr: 0.000074  loss: 0.1404  time: 0.5113  data: 0.0000  max mem: 5189
Train: data epoch: [17]  [36/37]  eta: 0:00:00  lr: 0.000074  loss: 0.1099  time: 0.5595  data: 0.0000  max mem: 5189
Train: data epoch: [17] Total time: 0:00:20 (0.5521 s / it)
2026-08-21 22:02:18,868 [INFO] Qual: EPOCH[17] -> PLCC: 0.919647, SROCC: 0.880877, KROCC: 0.703196, LOSS: 0.152956
2026-08-21 22:02:18,869 [INFO] Align: EPOCH[17] -> PLCC: 0.851943, SROCC: 0.742762, KROCC: 0.554726, LOSS: 0.268866
2026-08-21 22:02:18,869 [INFO] Start training
2026-08-21 22:02:19,164 [INFO] Start training epoch 18, 37 iters per inner epoch.
2026-08-21 22:02:39,234 [INFO] Averaged stats: lr: 0.000072  loss: 0.123793
2026-08-21 22:02:39,359 [INFO] gates: {"epoch": 18, "raw_quality_ratio": 3.253, "quality_ratio": 0.0725, "decoder_ratio": 0.0766, "lambda_q": 0.0223, "deviation_mean": 1.2508, "deviation_std": 0.1557, "patch_w_mean": 0.2265, "patch_w_std": 0.123, "lambda_d": 0.0234, "qard_attn_entropy": 0.3371, "qard_attn_max": 0.5023, "qard_decoder_norm": 16.2343, "qard_memory_norm": 4.9092}
2026-08-21 22:02:39,359 [INFO] Evaluating on val.
Train: data epoch: [18]  [ 0/37]  eta: 0:00:37  lr: 0.000072  loss: 0.0978  time: 1.0135  data: 0.0001  max mem: 5189
Train: data epoch: [18]  [20/37]  eta: 0:00:08  lr: 0.000072  loss: 0.1276  time: 0.4962  data: 0.0000  max mem: 5189
Train: data epoch: [18]  [36/37]  eta: 0:00:00  lr: 0.000072  loss: 0.1140  time: 0.5690  data: 0.0000  max mem: 5189
Train: data epoch: [18] Total time: 0:00:20 (0.5424 s / it)
2026-08-21 22:02:45,873 [INFO] Qual: EPOCH[18] -> PLCC: 0.919323, SROCC: 0.880821, KROCC: 0.703084, LOSS: 0.155433
2026-08-21 22:02:45,873 [INFO] Align: EPOCH[18] -> PLCC: 0.851175, SROCC: 0.741328, KROCC: 0.553099, LOSS: 0.270265
2026-08-21 22:02:45,874 [INFO] Start training
2026-08-21 22:02:46,169 [INFO] Start training epoch 19, 37 iters per inner epoch.
2026-08-21 22:03:05,682 [INFO] Averaged stats: lr: 0.000069  loss: 0.119679
2026-08-21 22:03:05,807 [INFO] gates: {"epoch": 19, "raw_quality_ratio": 3.0019, "quality_ratio": 0.0681, "decoder_ratio": 0.072, "lambda_q": 0.0227, "deviation_mean": 1.2753, "deviation_std": 0.1415, "patch_w_mean": 0.2085, "patch_w_std": 0.1205, "lambda_d": 0.0239, "qard_attn_entropy": 0.3181, "qard_attn_max": 0.5061, "qard_decoder_norm": 16.2603, "qard_memory_norm": 4.7658}
2026-08-21 22:03:05,807 [INFO] Evaluating on val.
Train: data epoch: [19]  [ 0/37]  eta: 0:00:37  lr: 0.000069  loss: 0.1275  time: 1.0195  data: 0.0001  max mem: 5189
Train: data epoch: [19]  [20/37]  eta: 0:00:08  lr: 0.000069  loss: 0.1182  time: 0.4672  data: 0.0000  max mem: 5189
Train: data epoch: [19]  [36/37]  eta: 0:00:00  lr: 0.000069  loss: 0.1029  time: 0.5717  data: 0.0000  max mem: 5189
Train: data epoch: [19] Total time: 0:00:19 (0.5274 s / it)
2026-08-21 22:03:12,002 [INFO] Qual: EPOCH[19] -> PLCC: 0.918639, SROCC: 0.878903, KROCC: 0.701363, LOSS: 0.155047
2026-08-21 22:03:12,002 [INFO] Align: EPOCH[19] -> PLCC: 0.852778, SROCC: 0.744840, KROCC: 0.556626, LOSS: 0.269158
2026-08-21 22:03:12,003 [INFO] Start training
2026-08-21 22:03:12,295 [INFO] Start training epoch 20, 37 iters per inner epoch.
2026-08-21 22:03:32,772 [INFO] Averaged stats: lr: 0.000066  loss: 0.115928
2026-08-21 22:03:32,880 [INFO] gates: {"epoch": 20, "raw_quality_ratio": 3.1351, "quality_ratio": 0.0722, "decoder_ratio": 0.0772, "lambda_q": 0.023, "deviation_mean": 1.22, "deviation_std": 0.1375, "patch_w_mean": 0.1898, "patch_w_std": 0.1148, "lambda_d": 0.0243, "qard_attn_entropy": 0.3248, "qard_attn_max": 0.5113, "qard_decoder_norm": 16.2572, "qard_memory_norm": 4.7263}
2026-08-21 22:03:32,880 [INFO] Evaluating on val.
Train: data epoch: [20]  [ 0/37]  eta: 0:00:44  lr: 0.000066  loss: 0.0896  time: 1.1922  data: 0.0001  max mem: 5189
Train: data epoch: [20]  [20/37]  eta: 0:00:09  lr: 0.000066  loss: 0.1147  time: 0.5061  data: 0.0000  max mem: 5189
Train: data epoch: [20]  [36/37]  eta: 0:00:00  lr: 0.000066  loss: 0.1598  time: 0.5725  data: 0.0000  max mem: 5189
Train: data epoch: [20] Total time: 0:00:20 (0.5534 s / it)
2026-08-21 22:03:39,535 [INFO] Qual: EPOCH[20] -> PLCC: 0.918569, SROCC: 0.879075, KROCC: 0.701172, LOSS: 0.155864
2026-08-21 22:03:39,535 [INFO] Align: EPOCH[20] -> PLCC: 0.851889, SROCC: 0.742917, KROCC: 0.554955, LOSS: 0.269244
2026-08-21 22:03:39,552 [INFO] Saving checkpoint at epoch 20 to run/20260821215_Full_V17_s6/checkpoint_latest.pth.
2026-08-21 22:03:39,637 [INFO] Start training
2026-08-21 22:03:39,959 [INFO] Start training epoch 21, 37 iters per inner epoch.
2026-08-21 22:04:02,164 [INFO] Averaged stats: lr: 0.000063  loss: 0.112819
2026-08-21 22:04:02,307 [INFO] gates: {"epoch": 21, "raw_quality_ratio": 3.2436, "quality_ratio": 0.0759, "decoder_ratio": 0.0816, "lambda_q": 0.0234, "deviation_mean": 1.218, "deviation_std": 0.1478, "patch_w_mean": 0.1839, "patch_w_std": 0.1163, "lambda_d": 0.0248, "qard_attn_entropy": 0.3042, "qard_attn_max": 0.5403, "qard_decoder_norm": 16.2632, "qard_memory_norm": 4.8036}
2026-08-21 22:04:02,307 [INFO] Evaluating on val.
Train: data epoch: [21]  [ 0/37]  eta: 0:01:10  lr: 0.000063  loss: 0.0811  time: 1.8989  data: 0.0001  max mem: 5189
Train: data epoch: [21]  [20/37]  eta: 0:00:10  lr: 0.000063  loss: 0.1032  time: 0.5817  data: 0.0000  max mem: 5189
Train: data epoch: [21]  [36/37]  eta: 0:00:00  lr: 0.000063  loss: 0.0782  time: 0.5474  data: 0.0000  max mem: 5189
Train: data epoch: [21] Total time: 0:00:22 (0.6001 s / it)
2026-08-21 22:04:09,036 [INFO] Qual: EPOCH[21] -> PLCC: 0.918122, SROCC: 0.877579, KROCC: 0.699181, LOSS: 0.155347
2026-08-21 22:04:09,036 [INFO] Align: EPOCH[21] -> PLCC: 0.852615, SROCC: 0.744583, KROCC: 0.556293, LOSS: 0.272077
2026-08-21 22:04:09,037 [INFO] Start training
2026-08-21 22:04:09,342 [INFO] Start training epoch 22, 37 iters per inner epoch.
2026-08-21 22:04:30,774 [INFO] Averaged stats: lr: 0.000060  loss: 0.111360
2026-08-21 22:04:30,894 [INFO] gates: {"epoch": 22, "raw_quality_ratio": 3.2833, "quality_ratio": 0.078, "decoder_ratio": 0.0837, "lambda_q": 0.0238, "deviation_mean": 1.2147, "deviation_std": 0.1394, "patch_w_mean": 0.1658, "patch_w_std": 0.1112, "lambda_d": 0.0252, "qard_attn_entropy": 0.3195, "qard_attn_max": 0.5051, "qard_decoder_norm": 16.2699, "qard_memory_norm": 4.7125}
2026-08-21 22:04:30,895 [INFO] Evaluating on val.
Train: data epoch: [22]  [ 0/37]  eta: 0:01:11  lr: 0.000060  loss: 0.0709  time: 1.9315  data: 0.0002  max mem: 5189
Train: data epoch: [22]  [20/37]  eta: 0:00:10  lr: 0.000060  loss: 0.1238  time: 0.5669  data: 0.0000  max mem: 5189
Train: data epoch: [22]  [36/37]  eta: 0:00:00  lr: 0.000060  loss: 0.1541  time: 0.5207  data: 0.0000  max mem: 5189
Train: data epoch: [22] Total time: 0:00:21 (0.5792 s / it)
2026-08-21 22:04:38,977 [INFO] Qual: EPOCH[22] -> PLCC: 0.917631, SROCC: 0.877232, KROCC: 0.698945, LOSS: 0.158134
2026-08-21 22:04:38,977 [INFO] Align: EPOCH[22] -> PLCC: 0.851757, SROCC: 0.742246, KROCC: 0.553853, LOSS: 0.269720
2026-08-21 22:04:38,978 [INFO] Start training
2026-08-21 22:04:39,288 [INFO] Start training epoch 23, 37 iters per inner epoch.
2026-08-21 22:05:00,175 [INFO] Averaged stats: lr: 0.000057  loss: 0.107583
2026-08-21 22:05:00,296 [INFO] gates: {"epoch": 23, "raw_quality_ratio": 3.3426, "quality_ratio": 0.0805, "decoder_ratio": 0.0854, "lambda_q": 0.0241, "deviation_mean": 1.1699, "deviation_std": 0.1578, "patch_w_mean": 0.1648, "patch_w_std": 0.1122, "lambda_d": 0.0255, "qard_attn_entropy": 0.2818, "qard_attn_max": 0.5704, "qard_decoder_norm": 16.2893, "qard_memory_norm": 4.5907}
2026-08-21 22:05:00,297 [INFO] Evaluating on val.
Train: data epoch: [23]  [ 0/37]  eta: 0:00:51  lr: 0.000057  loss: 0.1196  time: 1.3925  data: 0.0001  max mem: 5189
Train: data epoch: [23]  [20/37]  eta: 0:00:10  lr: 0.000057  loss: 0.1622  time: 0.5572  data: 0.0000  max mem: 5189
Train: data epoch: [23]  [36/37]  eta: 0:00:00  lr: 0.000057  loss: 0.0979  time: 0.5353  data: 0.0000  max mem: 5189
Train: data epoch: [23] Total time: 0:00:20 (0.5645 s / it)
2026-08-21 22:05:06,896 [INFO] Qual: EPOCH[23] -> PLCC: 0.918086, SROCC: 0.876679, KROCC: 0.698518, LOSS: 0.156739
2026-08-21 22:05:06,896 [INFO] Align: EPOCH[23] -> PLCC: 0.851691, SROCC: 0.742431, KROCC: 0.554123, LOSS: 0.270512
2026-08-21 22:05:06,897 [INFO] Start training
2026-08-21 22:05:07,313 [INFO] Start training epoch 24, 37 iters per inner epoch.
2026-08-21 22:05:27,933 [INFO] Averaged stats: lr: 0.000054  loss: 0.106820
2026-08-21 22:05:28,058 [INFO] gates: {"epoch": 24, "raw_quality_ratio": 3.0895, "quality_ratio": 0.0754, "decoder_ratio": 0.0806, "lambda_q": 0.0244, "deviation_mean": 1.1832, "deviation_std": 0.1367, "patch_w_mean": 0.1559, "patch_w_std": 0.1107, "lambda_d": 0.0259, "qard_attn_entropy": 0.2767, "qard_attn_max": 0.5647, "qard_decoder_norm": 16.2938, "qard_memory_norm": 4.5782}
2026-08-21 22:05:28,058 [INFO] Evaluating on val.
Train: data epoch: [24]  [ 0/37]  eta: 0:00:58  lr: 0.000054  loss: 0.1367  time: 1.5746  data: 0.0001  max mem: 5189
Train: data epoch: [24]  [20/37]  eta: 0:00:10  lr: 0.000054  loss: 0.1011  time: 0.5390  data: 0.0000  max mem: 5189
Train: data epoch: [24]  [36/37]  eta: 0:00:00  lr: 0.000054  loss: 0.0823  time: 0.5200  data: 0.0000  max mem: 5189
Train: data epoch: [24] Total time: 0:00:20 (0.5573 s / it)
2026-08-21 22:05:34,424 [INFO] Qual: EPOCH[24] -> PLCC: 0.916431, SROCC: 0.874909, KROCC: 0.696550, LOSS: 0.160946
2026-08-21 22:05:34,424 [INFO] Align: EPOCH[24] -> PLCC: 0.851418, SROCC: 0.741650, KROCC: 0.553347, LOSS: 0.272417
2026-08-21 22:05:34,425 [INFO] Start training
2026-08-21 22:05:34,721 [INFO] Start training epoch 25, 37 iters per inner epoch.
2026-08-21 22:05:55,503 [INFO] Averaged stats: lr: 0.000050  loss: 0.105375
2026-08-21 22:05:55,601 [INFO] gates: {"epoch": 25, "raw_quality_ratio": 3.3291, "quality_ratio": 0.0821, "decoder_ratio": 0.089, "lambda_q": 0.0247, "deviation_mean": 1.207, "deviation_std": 0.1374, "patch_w_mean": 0.139, "patch_w_std": 0.1039, "lambda_d": 0.0261, "qard_attn_entropy": 0.2785, "qard_attn_max": 0.5726, "qard_decoder_norm": 16.2965, "qard_memory_norm": 4.5874}
2026-08-21 22:05:55,602 [INFO] Evaluating on val.
Train: data epoch: [25]  [ 0/37]  eta: 0:00:53  lr: 0.000051  loss: 0.1065  time: 1.4466  data: 0.0001  max mem: 5189
Train: data epoch: [25]  [20/37]  eta: 0:00:09  lr: 0.000051  loss: 0.1319  time: 0.5302  data: 0.0000  max mem: 5189
Train: data epoch: [25]  [36/37]  eta: 0:00:00  lr: 0.000051  loss: 0.1188  time: 0.5237  data: 0.0000  max mem: 5189
Train: data epoch: [25] Total time: 0:00:20 (0.5616 s / it)
2026-08-21 22:06:01,832 [INFO] Qual: EPOCH[25] -> PLCC: 0.916579, SROCC: 0.873683, KROCC: 0.694852, LOSS: 0.160111
2026-08-21 22:06:01,833 [INFO] Align: EPOCH[25] -> PLCC: 0.852045, SROCC: 0.742055, KROCC: 0.553763, LOSS: 0.268878
2026-08-21 22:06:01,850 [INFO] Saving checkpoint at epoch 25 to run/20260821215_Full_V17_s6/checkpoint_latest.pth.
2026-08-21 22:06:01,939 [INFO] Start training
2026-08-21 22:06:02,266 [INFO] Start training epoch 26, 37 iters per inner epoch.
2026-08-21 22:06:22,779 [INFO] Averaged stats: lr: 0.000047  loss: 0.102405
2026-08-21 22:06:22,890 [INFO] gates: {"epoch": 26, "raw_quality_ratio": 3.3386, "quality_ratio": 0.0833, "decoder_ratio": 0.0894, "lambda_q": 0.025, "deviation_mean": 1.167, "deviation_std": 0.161, "patch_w_mean": 0.1392, "patch_w_std": 0.1025, "lambda_d": 0.0264, "qard_attn_entropy": 0.3122, "qard_attn_max": 0.5223, "qard_decoder_norm": 16.3173, "qard_memory_norm": 4.5945}
2026-08-21 22:06:22,891 [INFO] Evaluating on val.
Train: data epoch: [26]  [ 0/37]  eta: 0:00:45  lr: 0.000047  loss: 0.1117  time: 1.2245  data: 0.0001  max mem: 5189
Train: data epoch: [26]  [20/37]  eta: 0:00:09  lr: 0.000047  loss: 0.0799  time: 0.5293  data: 0.0000  max mem: 5189
Train: data epoch: [26]  [36/37]  eta: 0:00:00  lr: 0.000047  loss: 0.0974  time: 0.5418  data: 0.0000  max mem: 5189
Train: data epoch: [26] Total time: 0:00:20 (0.5544 s / it)
2026-08-21 22:06:29,565 [INFO] Qual: EPOCH[26] -> PLCC: 0.916519, SROCC: 0.873457, KROCC: 0.694728, LOSS: 0.159428
2026-08-21 22:06:29,565 [INFO] Align: EPOCH[26] -> PLCC: 0.851620, SROCC: 0.740742, KROCC: 0.552762, LOSS: 0.268924
2026-08-21 22:06:29,566 [INFO] Start training
2026-08-21 22:06:29,858 [INFO] Start training epoch 27, 37 iters per inner epoch.
2026-08-21 22:06:50,837 [INFO] Averaged stats: lr: 0.000044  loss: 0.101885
2026-08-21 22:06:50,939 [INFO] gates: {"epoch": 27, "raw_quality_ratio": 3.4814, "quality_ratio": 0.0877, "decoder_ratio": 0.0935, "lambda_q": 0.0252, "deviation_mean": 1.2163, "deviation_std": 0.1453, "patch_w_mean": 0.1246, "patch_w_std": 0.0985, "lambda_d": 0.0266, "qard_attn_entropy": 0.3179, "qard_attn_max": 0.5272, "qard_decoder_norm": 16.3178, "qard_memory_norm": 4.6107}
2026-08-21 22:06:50,939 [INFO] Evaluating on val.
Train: data epoch: [27]  [ 0/37]  eta: 0:01:06  lr: 0.000044  loss: 0.1018  time: 1.7895  data: 0.0001  max mem: 5189
Train: data epoch: [27]  [20/37]  eta: 0:00:10  lr: 0.000044  loss: 0.1579  time: 0.5309  data: 0.0000  max mem: 5189
Train: data epoch: [27]  [36/37]  eta: 0:00:00  lr: 0.000044  loss: 0.1082  time: 0.5250  data: 0.0000  max mem: 5189
Train: data epoch: [27] Total time: 0:00:20 (0.5670 s / it)
2026-08-21 22:06:57,503 [INFO] Qual: EPOCH[27] -> PLCC: 0.914993, SROCC: 0.871228, KROCC: 0.691872, LOSS: 0.162007
2026-08-21 22:06:57,503 [INFO] Align: EPOCH[27] -> PLCC: 0.851718, SROCC: 0.740888, KROCC: 0.552807, LOSS: 0.269405
2026-08-21 22:06:57,504 [INFO] Start training
2026-08-21 22:06:57,809 [INFO] Start training epoch 28, 37 iters per inner epoch.
2026-08-21 22:07:18,379 [INFO] Averaged stats: lr: 0.000041  loss: 0.099377
2026-08-21 22:07:18,496 [INFO] gates: {"epoch": 28, "raw_quality_ratio": 3.2477, "quality_ratio": 0.0824, "decoder_ratio": 0.0879, "lambda_q": 0.0254, "deviation_mean": 1.1871, "deviation_std": 0.1403, "patch_w_mean": 0.1204, "patch_w_std": 0.0949, "lambda_d": 0.0268, "qard_attn_entropy": 0.2841, "qard_attn_max": 0.5501, "qard_decoder_norm": 16.3227, "qard_memory_norm": 4.4554}
2026-08-21 22:07:18,496 [INFO] Evaluating on val.
Train: data epoch: [28]  [ 0/37]  eta: 0:00:48  lr: 0.000041  loss: 0.1131  time: 1.3005  data: 0.0001  max mem: 5189
Train: data epoch: [28]  [20/37]  eta: 0:00:09  lr: 0.000041  loss: 0.0873  time: 0.5286  data: 0.0000  max mem: 5189
Train: data epoch: [28]  [36/37]  eta: 0:00:00  lr: 0.000041  loss: 0.0715  time: 0.5467  data: 0.0000  max mem: 5189
Train: data epoch: [28] Total time: 0:00:20 (0.5559 s / it)
2026-08-21 22:07:24,935 [INFO] Qual: EPOCH[28] -> PLCC: 0.914342, SROCC: 0.870867, KROCC: 0.691062, LOSS: 0.163091
2026-08-21 22:07:24,935 [INFO] Align: EPOCH[28] -> PLCC: 0.851197, SROCC: 0.740365, KROCC: 0.552245, LOSS: 0.269931
2026-08-21 22:07:24,936 [INFO] Start training
2026-08-21 22:07:25,230 [INFO] Start training epoch 29, 37 iters per inner epoch.
2026-08-21 22:07:45,646 [INFO] Averaged stats: lr: 0.000038  loss: 0.097587
2026-08-21 22:07:45,748 [INFO] gates: {"epoch": 29, "raw_quality_ratio": 3.3685, "quality_ratio": 0.0861, "decoder_ratio": 0.0922, "lambda_q": 0.0256, "deviation_mean": 1.1883, "deviation_std": 0.1517, "patch_w_mean": 0.1171, "patch_w_std": 0.0958, "lambda_d": 0.027, "qard_attn_entropy": 0.2955, "qard_attn_max": 0.5464, "qard_decoder_norm": 16.3314, "qard_memory_norm": 4.4521}
2026-08-21 22:07:45,748 [INFO] Evaluating on val.
Train: data epoch: [29]  [ 0/37]  eta: 0:00:51  lr: 0.000038  loss: 0.1028  time: 1.3874  data: 0.0001  max mem: 5189
Train: data epoch: [29]  [20/37]  eta: 0:00:09  lr: 0.000038  loss: 0.0774  time: 0.5230  data: 0.0000  max mem: 5189
Train: data epoch: [29]  [36/37]  eta: 0:00:00  lr: 0.000038  loss: 0.1114  time: 0.5455  data: 0.0000  max mem: 5189
Train: data epoch: [29] Total time: 0:00:20 (0.5518 s / it)
2026-08-21 22:07:52,055 [INFO] Qual: EPOCH[29] -> PLCC: 0.914578, SROCC: 0.871235, KROCC: 0.692018, LOSS: 0.163981
2026-08-21 22:07:52,055 [INFO] Align: EPOCH[29] -> PLCC: 0.850789, SROCC: 0.739512, KROCC: 0.551424, LOSS: 0.271004
2026-08-21 22:07:52,056 [INFO] Start training
2026-08-21 22:07:52,359 [INFO] Start training epoch 30, 37 iters per inner epoch.
2026-08-21 22:08:12,852 [INFO] Averaged stats: lr: 0.000035  loss: 0.096242
2026-08-21 22:08:12,972 [INFO] gates: {"epoch": 30, "raw_quality_ratio": 3.4051, "quality_ratio": 0.0877, "decoder_ratio": 0.0928, "lambda_q": 0.0258, "deviation_mean": 1.1769, "deviation_std": 0.1475, "patch_w_mean": 0.1062, "patch_w_std": 0.091, "lambda_d": 0.0272, "qard_attn_entropy": 0.3126, "qard_attn_max": 0.5296, "qard_decoder_norm": 16.3213, "qard_memory_norm": 4.4773}
2026-08-21 22:08:12,973 [INFO] Evaluating on val.
Train: data epoch: [30]  [ 0/37]  eta: 0:00:48  lr: 0.000035  loss: 0.0645  time: 1.3003  data: 0.0001  max mem: 5189
Train: data epoch: [30]  [20/37]  eta: 0:00:09  lr: 0.000035  loss: 0.1148  time: 0.5313  data: 0.0000  max mem: 5189
Train: data epoch: [30]  [36/37]  eta: 0:00:00  lr: 0.000035  loss: 0.0912  time: 0.5453  data: 0.0000  max mem: 5189
Train: data epoch: [30] Total time: 0:00:20 (0.5538 s / it)
2026-08-21 22:08:19,394 [INFO] Qual: EPOCH[30] -> PLCC: 0.914624, SROCC: 0.870118, KROCC: 0.690410, LOSS: 0.163395
2026-08-21 22:08:19,394 [INFO] Align: EPOCH[30] -> PLCC: 0.850595, SROCC: 0.739018, KROCC: 0.550895, LOSS: 0.271881
2026-08-21 22:08:19,407 [INFO] Saving checkpoint at epoch 30 to run/20260821215_Full_V17_s6/checkpoint_latest.pth.
2026-08-21 22:08:19,475 [INFO] Start training
2026-08-21 22:08:19,747 [INFO] Start training epoch 31, 37 iters per inner epoch.
2026-08-21 22:08:39,980 [INFO] Averaged stats: lr: 0.000032  loss: 0.095760
2026-08-21 22:08:40,082 [INFO] gates: {"epoch": 31, "raw_quality_ratio": 3.3275, "quality_ratio": 0.0862, "decoder_ratio": 0.0911, "lambda_q": 0.0259, "deviation_mean": 1.1943, "deviation_std": 0.1457, "patch_w_mean": 0.1045, "patch_w_std": 0.0881, "lambda_d": 0.0273, "qard_attn_entropy": 0.2891, "qard_attn_max": 0.5442, "qard_decoder_norm": 16.3349, "qard_memory_norm": 4.4326}
2026-08-21 22:08:40,082 [INFO] Evaluating on val.
Train: data epoch: [31]  [ 0/37]  eta: 0:00:45  lr: 0.000032  loss: 0.0909  time: 1.2328  data: 0.0001  max mem: 5189
Train: data epoch: [31]  [20/37]  eta: 0:00:09  lr: 0.000032  loss: 0.0888  time: 0.5123  data: 0.0000  max mem: 5189
Train: data epoch: [31]  [36/37]  eta: 0:00:00  lr: 0.000032  loss: 0.0786  time: 0.5399  data: 0.0000  max mem: 5189
Train: data epoch: [31] Total time: 0:00:20 (0.5468 s / it)
2026-08-21 22:08:46,416 [INFO] Qual: EPOCH[31] -> PLCC: 0.915537, SROCC: 0.870645, KROCC: 0.691411, LOSS: 0.161948
2026-08-21 22:08:46,416 [INFO] Align: EPOCH[31] -> PLCC: 0.850411, SROCC: 0.738358, KROCC: 0.550378, LOSS: 0.272285
2026-08-21 22:08:46,417 [INFO] Start training
2026-08-21 22:08:46,698 [INFO] Start training epoch 32, 37 iters per inner epoch.
2026-08-21 22:09:06,882 [INFO] Averaged stats: lr: 0.000029  loss: 0.094304
2026-08-21 22:09:06,989 [INFO] gates: {"epoch": 32, "raw_quality_ratio": 3.3208, "quality_ratio": 0.0865, "decoder_ratio": 0.0922, "lambda_q": 0.0261, "deviation_mean": 1.1764, "deviation_std": 0.146, "patch_w_mean": 0.1096, "patch_w_std": 0.0957, "lambda_d": 0.0275, "qard_attn_entropy": 0.2864, "qard_attn_max": 0.5528, "qard_decoder_norm": 16.3336, "qard_memory_norm": 4.3975}
2026-08-21 22:09:06,989 [INFO] Evaluating on val.
Train: data epoch: [32]  [ 0/37]  eta: 0:00:32  lr: 0.000029  loss: 0.1476  time: 0.8841  data: 0.0001  max mem: 5189
Train: data epoch: [32]  [20/37]  eta: 0:00:08  lr: 0.000029  loss: 0.1142  time: 0.5086  data: 0.0000  max mem: 5189
Train: data epoch: [32]  [36/37]  eta: 0:00:00  lr: 0.000029  loss: 0.1123  time: 0.5494  data: 0.0000  max mem: 5189
Train: data epoch: [32] Total time: 0:00:20 (0.5455 s / it)
2026-08-21 22:09:13,529 [INFO] Qual: EPOCH[32] -> PLCC: 0.914759, SROCC: 0.869831, KROCC: 0.690579, LOSS: 0.164399
2026-08-21 22:09:13,529 [INFO] Align: EPOCH[32] -> PLCC: 0.850405, SROCC: 0.738576, KROCC: 0.550670, LOSS: 0.274467
2026-08-21 22:09:13,530 [INFO] Start training
2026-08-21 22:09:13,822 [INFO] Start training epoch 33, 37 iters per inner epoch.
2026-08-21 22:09:33,456 [INFO] Averaged stats: lr: 0.000027  loss: 0.093856
2026-08-21 22:09:33,555 [INFO] gates: {"epoch": 33, "raw_quality_ratio": 3.2029, "quality_ratio": 0.0839, "decoder_ratio": 0.0888, "lambda_q": 0.0262, "deviation_mean": 1.164, "deviation_std": 0.1415, "patch_w_mean": 0.1024, "patch_w_std": 0.0911, "lambda_d": 0.0276, "qard_attn_entropy": 0.2799, "qard_attn_max": 0.5631, "qard_decoder_norm": 16.3327, "qard_memory_norm": 4.3577}
2026-08-21 22:09:33,556 [INFO] Evaluating on val.
Train: data epoch: [33]  [ 0/37]  eta: 0:00:41  lr: 0.000027  loss: 0.0696  time: 1.1345  data: 0.0001  max mem: 5189
Train: data epoch: [33]  [20/37]  eta: 0:00:08  lr: 0.000027  loss: 0.1136  time: 0.4712  data: 0.0000  max mem: 5189
Train: data epoch: [33]  [36/37]  eta: 0:00:00  lr: 0.000027  loss: 0.1175  time: 0.5427  data: 0.0000  max mem: 5189
Train: data epoch: [33] Total time: 0:00:19 (0.5306 s / it)
2026-08-21 22:09:39,993 [INFO] Qual: EPOCH[33] -> PLCC: 0.914036, SROCC: 0.868798, KROCC: 0.689184, LOSS: 0.164565
2026-08-21 22:09:39,993 [INFO] Align: EPOCH[33] -> PLCC: 0.849940, SROCC: 0.736824, KROCC: 0.548905, LOSS: 0.273643
2026-08-21 22:09:39,994 [INFO] Start training
2026-08-21 22:09:40,283 [INFO] Start training epoch 34, 37 iters per inner epoch.
2026-08-21 22:09:59,604 [INFO] Averaged stats: lr: 0.000024  loss: 0.093610
2026-08-21 22:09:59,707 [INFO] gates: {"epoch": 34, "raw_quality_ratio": 3.2381, "quality_ratio": 0.0852, "decoder_ratio": 0.0908, "lambda_q": 0.0263, "deviation_mean": 1.1759, "deviation_std": 0.1423, "patch_w_mean": 0.0978, "patch_w_std": 0.0857, "lambda_d": 0.0277, "qard_attn_entropy": 0.2695, "qard_attn_max": 0.5757, "qard_decoder_norm": 16.3476, "qard_memory_norm": 4.3227}
2026-08-21 22:09:59,707 [INFO] Evaluating on val.
Train: data epoch: [34]  [ 0/37]  eta: 0:00:36  lr: 0.000024  loss: 0.0885  time: 0.9998  data: 0.0001  max mem: 5189
Train: data epoch: [34]  [20/37]  eta: 0:00:08  lr: 0.000024  loss: 0.0693  time: 0.4633  data: 0.0000  max mem: 5189
Train: data epoch: [34]  [36/37]  eta: 0:00:00  lr: 0.000024  loss: 0.0633  time: 0.5377  data: 0.0000  max mem: 5189
Train: data epoch: [34] Total time: 0:00:19 (0.5222 s / it)
2026-08-21 22:10:06,125 [INFO] Qual: EPOCH[34] -> PLCC: 0.913988, SROCC: 0.868911, KROCC: 0.689443, LOSS: 0.164908
2026-08-21 22:10:06,125 [INFO] Align: EPOCH[34] -> PLCC: 0.849909, SROCC: 0.736920, KROCC: 0.549051, LOSS: 0.276562
2026-08-21 22:10:06,126 [INFO] Start training
2026-08-21 22:10:06,426 [INFO] Start training epoch 35, 37 iters per inner epoch.
2026-08-21 22:10:26,496 [INFO] Averaged stats: lr: 0.000021  loss: 0.093066
2026-08-21 22:10:26,618 [INFO] gates: {"epoch": 35, "raw_quality_ratio": 3.2954, "quality_ratio": 0.0871, "decoder_ratio": 0.0927, "lambda_q": 0.0264, "deviation_mean": 1.174, "deviation_std": 0.1521, "patch_w_mean": 0.0948, "patch_w_std": 0.0882, "lambda_d": 0.0278, "qard_attn_entropy": 0.2628, "qard_attn_max": 0.5826, "qard_decoder_norm": 16.3435, "qard_memory_norm": 4.3601}
2026-08-21 22:10:26,619 [INFO] Evaluating on val.
Train: data epoch: [35]  [ 0/37]  eta: 0:00:43  lr: 0.000021  loss: 0.0840  time: 1.1660  data: 0.0001  max mem: 5189
Train: data epoch: [35]  [20/37]  eta: 0:00:08  lr: 0.000021  loss: 0.0845  time: 0.4876  data: 0.0000  max mem: 5189
Train: data epoch: [35]  [36/37]  eta: 0:00:00  lr: 0.000021  loss: 0.0742  time: 0.5499  data: 0.0000  max mem: 5189
Train: data epoch: [35] Total time: 0:00:20 (0.5424 s / it)
2026-08-21 22:10:33,292 [INFO] Qual: EPOCH[35] -> PLCC: 0.914315, SROCC: 0.869034, KROCC: 0.689679, LOSS: 0.163973
2026-08-21 22:10:33,292 [INFO] Align: EPOCH[35] -> PLCC: 0.849525, SROCC: 0.736180, KROCC: 0.548264, LOSS: 0.274016
2026-08-21 22:10:33,306 [INFO] Saving checkpoint at epoch 35 to run/20260821215_Full_V17_s6/checkpoint_latest.pth.
2026-08-21 22:10:33,392 [INFO] Start training
2026-08-21 22:10:33,670 [INFO] Start training epoch 36, 37 iters per inner epoch.
2026-08-21 22:10:52,970 [INFO] Averaged stats: lr: 0.000019  loss: 0.091305
2026-08-21 22:10:53,082 [INFO] gates: {"epoch": 36, "raw_quality_ratio": 3.3063, "quality_ratio": 0.0877, "decoder_ratio": 0.0936, "lambda_q": 0.0265, "deviation_mean": 1.1707, "deviation_std": 0.1561, "patch_w_mean": 0.0939, "patch_w_std": 0.0852, "lambda_d": 0.0279, "qard_attn_entropy": 0.2652, "qard_attn_max": 0.5772, "qard_decoder_norm": 16.3354, "qard_memory_norm": 4.2724}
2026-08-21 22:10:53,082 [INFO] Evaluating on val.
Train: data epoch: [36]  [ 0/37]  eta: 0:00:33  lr: 0.000019  loss: 0.0703  time: 0.9073  data: 0.0001  max mem: 5189
Train: data epoch: [36]  [20/37]  eta: 0:00:08  lr: 0.000019  loss: 0.0744  time: 0.4644  data: 0.0000  max mem: 5189
Train: data epoch: [36]  [36/37]  eta: 0:00:00  lr: 0.000019  loss: 0.0737  time: 0.5448  data: 0.0000  max mem: 5189
Train: data epoch: [36] Total time: 0:00:19 (0.5216 s / it)
2026-08-21 22:10:59,653 [INFO] Qual: EPOCH[36] -> PLCC: 0.913362, SROCC: 0.868486, KROCC: 0.688880, LOSS: 0.166243
2026-08-21 22:10:59,653 [INFO] Align: EPOCH[36] -> PLCC: 0.849946, SROCC: 0.736730, KROCC: 0.548781, LOSS: 0.276295
2026-08-21 22:10:59,654 [INFO] Start training
2026-08-21 22:10:59,978 [INFO] Start training epoch 37, 37 iters per inner epoch.
2026-08-21 22:11:20,019 [INFO] Averaged stats: lr: 0.000017  loss: 0.092036
2026-08-21 22:11:20,115 [INFO] gates: {"epoch": 37, "raw_quality_ratio": 3.4135, "quality_ratio": 0.0908, "decoder_ratio": 0.0964, "lambda_q": 0.0266, "deviation_mean": 1.151, "deviation_std": 0.1579, "patch_w_mean": 0.0935, "patch_w_std": 0.0863, "lambda_d": 0.028, "qard_attn_entropy": 0.2865, "qard_attn_max": 0.5583, "qard_decoder_norm": 16.34, "qard_memory_norm": 4.4663}
2026-08-21 22:11:20,115 [INFO] Evaluating on val.
Train: data epoch: [37]  [ 0/37]  eta: 0:00:38  lr: 0.000017  loss: 0.1388  time: 1.0379  data: 0.0001  max mem: 5189
Train: data epoch: [37]  [20/37]  eta: 0:00:08  lr: 0.000017  loss: 0.1328  time: 0.4981  data: 0.0000  max mem: 5189
Train: data epoch: [37]  [36/37]  eta: 0:00:00  lr: 0.000017  loss: 0.0714  time: 0.5397  data: 0.0000  max mem: 5189
Train: data epoch: [37] Total time: 0:00:20 (0.5416 s / it)
2026-08-21 22:11:27,205 [INFO] Qual: EPOCH[37] -> PLCC: 0.913291, SROCC: 0.867752, KROCC: 0.688307, LOSS: 0.166125
2026-08-21 22:11:27,205 [INFO] Align: EPOCH[37] -> PLCC: 0.849755, SROCC: 0.736375, KROCC: 0.548309, LOSS: 0.273170
2026-08-21 22:11:27,206 [INFO] Start training
2026-08-21 22:11:27,572 [INFO] Start training epoch 38, 37 iters per inner epoch.
2026-08-21 22:11:48,204 [INFO] Averaged stats: lr: 0.000014  loss: 0.090779
2026-08-21 22:11:48,316 [INFO] gates: {"epoch": 38, "raw_quality_ratio": 3.3142, "quality_ratio": 0.0884, "decoder_ratio": 0.0948, "lambda_q": 0.0267, "deviation_mean": 1.1651, "deviation_std": 0.1483, "patch_w_mean": 0.0895, "patch_w_std": 0.0806, "lambda_d": 0.0281, "qard_attn_entropy": 0.2451, "qard_attn_max": 0.6039, "qard_decoder_norm": 16.3556, "qard_memory_norm": 4.2831}
2026-08-21 22:11:48,317 [INFO] Evaluating on val.
Train: data epoch: [38]  [ 0/37]  eta: 0:00:54  lr: 0.000014  loss: 0.0963  time: 1.4851  data: 0.0001  max mem: 5189
Train: data epoch: [38]  [20/37]  eta: 0:00:09  lr: 0.000014  loss: 0.0813  time: 0.5090  data: 0.0000  max mem: 5189
Train: data epoch: [38]  [36/37]  eta: 0:00:00  lr: 0.000014  loss: 0.0928  time: 0.5574  data: 0.0000  max mem: 5189
Train: data epoch: [38] Total time: 0:00:20 (0.5576 s / it)
2026-08-21 22:11:54,965 [INFO] Qual: EPOCH[38] -> PLCC: 0.913491, SROCC: 0.867659, KROCC: 0.688183, LOSS: 0.166182
2026-08-21 22:11:54,965 [INFO] Align: EPOCH[38] -> PLCC: 0.849682, SROCC: 0.735888, KROCC: 0.547702, LOSS: 0.274368
2026-08-21 22:11:54,966 [INFO] Start training
2026-08-21 22:11:55,314 [INFO] Start training epoch 39, 37 iters per inner epoch.
2026-08-21 22:12:16,196 [INFO] Averaged stats: lr: 0.000012  loss: 0.090469
2026-08-21 22:12:16,293 [INFO] gates: {"epoch": 39, "raw_quality_ratio": 3.3149, "quality_ratio": 0.0886, "decoder_ratio": 0.094, "lambda_q": 0.0267, "deviation_mean": 1.1582, "deviation_std": 0.1485, "patch_w_mean": 0.0889, "patch_w_std": 0.0818, "lambda_d": 0.0281, "qard_attn_entropy": 0.2754, "qard_attn_max": 0.5691, "qard_decoder_norm": 16.3514, "qard_memory_norm": 4.3224}
2026-08-21 22:12:16,293 [INFO] Evaluating on val.
Train: data epoch: [39]  [ 0/37]  eta: 0:00:28  lr: 0.000012  loss: 0.0943  time: 0.7619  data: 0.0001  max mem: 5189
Train: data epoch: [39]  [20/37]  eta: 0:00:09  lr: 0.000012  loss: 0.0833  time: 0.5492  data: 0.0000  max mem: 5189
Train: data epoch: [39]  [36/37]  eta: 0:00:00  lr: 0.000012  loss: 0.0853  time: 0.5710  data: 0.0000  max mem: 5189
Train: data epoch: [39] Total time: 0:00:20 (0.5644 s / it)
2026-08-21 22:12:22,943 [INFO] Qual: EPOCH[39] -> PLCC: 0.912962, SROCC: 0.867307, KROCC: 0.687677, LOSS: 0.166934
2026-08-21 22:12:22,943 [INFO] Align: EPOCH[39] -> PLCC: 0.849463, SROCC: 0.735511, KROCC: 0.547465, LOSS: 0.274191
2026-08-21 22:12:22,944 [INFO] Start training
2026-08-21 22:12:23,278 [INFO] Start training epoch 40, 37 iters per inner epoch.
2026-08-21 22:12:44,421 [INFO] Averaged stats: lr: 0.000010  loss: 0.089432
2026-08-21 22:12:44,539 [INFO] gates: {"epoch": 40, "raw_quality_ratio": 3.4827, "quality_ratio": 0.0932, "decoder_ratio": 0.0993, "lambda_q": 0.0268, "deviation_mean": 1.1837, "deviation_std": 0.1389, "patch_w_mean": 0.0858, "patch_w_std": 0.0781, "lambda_d": 0.0282, "qard_attn_entropy": 0.2705, "qard_attn_max": 0.5748, "qard_decoder_norm": 16.3455, "qard_memory_norm": 4.4176}
2026-08-21 22:12:44,539 [INFO] Evaluating on val.
Train: data epoch: [40]  [ 0/37]  eta: 0:00:47  lr: 0.000010  loss: 0.0775  time: 1.2968  data: 0.0001  max mem: 5189
Train: data epoch: [40]  [20/37]  eta: 0:00:09  lr: 0.000010  loss: 0.0770  time: 0.5316  data: 0.0000  max mem: 5189
Train: data epoch: [40]  [36/37]  eta: 0:00:00  lr: 0.000010  loss: 0.0643  time: 0.5741  data: 0.0000  max mem: 5189
Train: data epoch: [40] Total time: 0:00:21 (0.5714 s / it)
2026-08-21 22:12:51,036 [INFO] Qual: EPOCH[40] -> PLCC: 0.912828, SROCC: 0.867389, KROCC: 0.687790, LOSS: 0.166483
2026-08-21 22:12:51,037 [INFO] Align: EPOCH[40] -> PLCC: 0.849463, SROCC: 0.735656, KROCC: 0.547567, LOSS: 0.273929
2026-08-21 22:12:51,050 [INFO] Saving checkpoint at epoch 40 to run/20260821215_Full_V17_s6/checkpoint_latest.pth.
2026-08-21 22:12:51,118 [INFO] Start training
2026-08-21 22:12:51,398 [INFO] Start training epoch 41, 37 iters per inner epoch.
2026-08-21 22:13:11,769 [INFO] Averaged stats: lr: 0.000009  loss: 0.090366
2026-08-21 22:13:11,871 [INFO] gates: {"epoch": 41, "raw_quality_ratio": 3.2332, "quality_ratio": 0.0867, "decoder_ratio": 0.0916, "lambda_q": 0.0268, "deviation_mean": 1.1596, "deviation_std": 0.1491, "patch_w_mean": 0.0904, "patch_w_std": 0.0838, "lambda_d": 0.0282, "qard_attn_entropy": 0.2863, "qard_attn_max": 0.551, "qard_decoder_norm": 16.3422, "qard_memory_norm": 4.3329}
2026-08-21 22:13:11,872 [INFO] Evaluating on val.
Train: data epoch: [41]  [ 0/37]  eta: 0:00:36  lr: 0.000009  loss: 0.0873  time: 0.9892  data: 0.0001  max mem: 5189
Train: data epoch: [41]  [20/37]  eta: 0:00:09  lr: 0.000009  loss: 0.1043  time: 0.5123  data: 0.0000  max mem: 5189
Train: data epoch: [41]  [36/37]  eta: 0:00:00  lr: 0.000009  loss: 0.0775  time: 0.5708  data: 0.0000  max mem: 5189
Train: data epoch: [41] Total time: 0:00:20 (0.5506 s / it)
2026-08-21 22:13:18,217 [INFO] Qual: EPOCH[41] -> PLCC: 0.913264, SROCC: 0.867878, KROCC: 0.688476, LOSS: 0.166266
2026-08-21 22:13:18,217 [INFO] Align: EPOCH[41] -> PLCC: 0.849239, SROCC: 0.735327, KROCC: 0.547331, LOSS: 0.274346
2026-08-21 22:13:18,218 [INFO] Start training
2026-08-21 22:13:18,531 [INFO] Start training epoch 42, 37 iters per inner epoch.
2026-08-21 22:13:39,484 [INFO] Averaged stats: lr: 0.000007  loss: 0.089811
2026-08-21 22:13:39,578 [INFO] gates: {"epoch": 42, "raw_quality_ratio": 3.4274, "quality_ratio": 0.092, "decoder_ratio": 0.0984, "lambda_q": 0.0268, "deviation_mean": 1.1754, "deviation_std": 0.146, "patch_w_mean": 0.0834, "patch_w_std": 0.0795, "lambda_d": 0.0282, "qard_attn_entropy": 0.2933, "qard_attn_max": 0.5431, "qard_decoder_norm": 16.3548, "qard_memory_norm": 4.303}
2026-08-21 22:13:39,578 [INFO] Evaluating on val.
Train: data epoch: [42]  [ 0/37]  eta: 0:00:49  lr: 0.000007  loss: 0.0826  time: 1.3456  data: 0.0001  max mem: 5189
Train: data epoch: [42]  [20/37]  eta: 0:00:09  lr: 0.000007  loss: 0.1055  time: 0.5264  data: 0.0000  max mem: 5189
Train: data epoch: [42]  [36/37]  eta: 0:00:00  lr: 0.000007  loss: 0.1216  time: 0.5683  data: 0.0000  max mem: 5189
Train: data epoch: [42] Total time: 0:00:20 (0.5663 s / it)
2026-08-21 22:13:46,451 [INFO] Qual: EPOCH[42] -> PLCC: 0.913261, SROCC: 0.867576, KROCC: 0.688037, LOSS: 0.166501
2026-08-21 22:13:46,451 [INFO] Align: EPOCH[42] -> PLCC: 0.849328, SROCC: 0.735547, KROCC: 0.547488, LOSS: 0.274400
2026-08-21 22:13:46,452 [INFO] Start training
2026-08-21 22:13:46,815 [INFO] Start training epoch 43, 37 iters per inner epoch.
2026-08-21 22:14:08,567 [INFO] Averaged stats: lr: 0.000006  loss: 0.090027
2026-08-21 22:14:08,673 [INFO] gates: {"epoch": 43, "raw_quality_ratio": 3.1781, "quality_ratio": 0.0854, "decoder_ratio": 0.0905, "lambda_q": 0.0269, "deviation_mean": 1.1512, "deviation_std": 0.1513, "patch_w_mean": 0.0868, "patch_w_std": 0.081, "lambda_d": 0.0283, "qard_attn_entropy": 0.2733, "qard_attn_max": 0.5721, "qard_decoder_norm": 16.3499, "qard_memory_norm": 4.2848}
2026-08-21 22:14:08,673 [INFO] Evaluating on val.
Train: data epoch: [43]  [ 0/37]  eta: 0:01:26  lr: 0.000006  loss: 0.0789  time: 2.3413  data: 0.0001  max mem: 5189
Train: data epoch: [43]  [20/37]  eta: 0:00:10  lr: 0.000006  loss: 0.1089  time: 0.5410  data: 0.0000  max mem: 5189
Train: data epoch: [43]  [36/37]  eta: 0:00:00  lr: 0.000006  loss: 0.0879  time: 0.5408  data: 0.0000  max mem: 5189
Train: data epoch: [43] Total time: 0:00:21 (0.5879 s / it)
2026-08-21 22:14:14,852 [INFO] Qual: EPOCH[43] -> PLCC: 0.912965, SROCC: 0.867097, KROCC: 0.687520, LOSS: 0.166615
2026-08-21 22:14:14,852 [INFO] Align: EPOCH[43] -> PLCC: 0.849221, SROCC: 0.735284, KROCC: 0.547252, LOSS: 0.274344
2026-08-21 22:14:14,853 [INFO] Start training
2026-08-21 22:14:15,165 [INFO] Start training epoch 44, 37 iters per inner epoch.
2026-08-21 22:14:36,169 [INFO] Averaged stats: lr: 0.000004  loss: 0.089579
2026-08-21 22:14:36,657 [INFO] gates: {"epoch": 44, "raw_quality_ratio": 3.3562, "quality_ratio": 0.0902, "decoder_ratio": 0.0962, "lambda_q": 0.0269, "deviation_mean": 1.1652, "deviation_std": 0.1516, "patch_w_mean": 0.0881, "patch_w_std": 0.0832, "lambda_d": 0.0283, "qard_attn_entropy": 0.2844, "qard_attn_max": 0.5372, "qard_decoder_norm": 16.348, "qard_memory_norm": 4.3337}
2026-08-21 22:14:36,658 [INFO] Evaluating on val.
Train: data epoch: [44]  [ 0/37]  eta: 0:00:51  lr: 0.000004  loss: 0.0762  time: 1.4021  data: 0.0001  max mem: 5189
Train: data epoch: [44]  [20/37]  eta: 0:00:09  lr: 0.000004  loss: 0.0890  time: 0.5386  data: 0.0000  max mem: 5189
Train: data epoch: [44]  [36/37]  eta: 0:00:00  lr: 0.000004  loss: 0.0938  time: 0.5532  data: 0.0000  max mem: 5189
Train: data epoch: [44] Total time: 0:00:21 (0.5676 s / it)
2026-08-21 22:14:44,606 [INFO] Qual: EPOCH[44] -> PLCC: 0.913123, SROCC: 0.867196, KROCC: 0.687587, LOSS: 0.166817
2026-08-21 22:14:44,606 [INFO] Align: EPOCH[44] -> PLCC: 0.849130, SROCC: 0.735081, KROCC: 0.547016, LOSS: 0.274700
2026-08-21 22:14:44,607 [INFO] Start training
2026-08-21 22:14:44,937 [INFO] Start training epoch 45, 37 iters per inner epoch.
2026-08-21 22:15:05,474 [INFO] Averaged stats: lr: 0.000003  loss: 0.089590
2026-08-21 22:15:05,574 [INFO] gates: {"epoch": 45, "raw_quality_ratio": 3.313, "quality_ratio": 0.0892, "decoder_ratio": 0.0953, "lambda_q": 0.0269, "deviation_mean": 1.1767, "deviation_std": 0.143, "patch_w_mean": 0.0866, "patch_w_std": 0.0821, "lambda_d": 0.0283, "qard_attn_entropy": 0.2569, "qard_attn_max": 0.5787, "qard_decoder_norm": 16.3534, "qard_memory_norm": 4.2933}
2026-08-21 22:15:05,574 [INFO] Evaluating on val.
Train: data epoch: [45]  [ 0/37]  eta: 0:00:41  lr: 0.000003  loss: 0.0675  time: 1.1235  data: 0.0001  max mem: 5189
Train: data epoch: [45]  [20/37]  eta: 0:00:09  lr: 0.000003  loss: 0.0580  time: 0.5427  data: 0.0000  max mem: 5189
Train: data epoch: [45]  [36/37]  eta: 0:00:00  lr: 0.000003  loss: 0.0711  time: 0.5417  data: 0.0000  max mem: 5189
Train: data epoch: [45] Total time: 0:00:20 (0.5550 s / it)
2026-08-21 22:15:13,163 [INFO] Qual: EPOCH[45] -> PLCC: 0.913036, SROCC: 0.867179, KROCC: 0.687632, LOSS: 0.166902
2026-08-21 22:15:13,163 [INFO] Align: EPOCH[45] -> PLCC: 0.849103, SROCC: 0.735114, KROCC: 0.547038, LOSS: 0.275030
2026-08-21 22:15:13,185 [INFO] Saving checkpoint at epoch 45 to run/20260821215_Full_V17_s6/checkpoint_latest.pth.
2026-08-21 22:15:13,292 [INFO] Start training
2026-08-21 22:15:13,610 [INFO] Start training epoch 46, 37 iters per inner epoch.
2026-08-21 22:15:35,044 [INFO] Averaged stats: lr: 0.000003  loss: 0.089773
2026-08-21 22:15:35,142 [INFO] gates: {"epoch": 46, "raw_quality_ratio": 3.4859, "quality_ratio": 0.0939, "decoder_ratio": 0.0993, "lambda_q": 0.0269, "deviation_mean": 1.1796, "deviation_std": 0.1539, "patch_w_mean": 0.0839, "patch_w_std": 0.0804, "lambda_d": 0.0283, "qard_attn_entropy": 0.2983, "qard_attn_max": 0.5438, "qard_decoder_norm": 16.354, "qard_memory_norm": 4.3698}
2026-08-21 22:15:35,142 [INFO] Evaluating on val.
Train: data epoch: [46]  [ 0/37]  eta: 0:01:26  lr: 0.000003  loss: 0.0783  time: 2.3396  data: 0.0001  max mem: 5189
Train: data epoch: [46]  [20/37]  eta: 0:00:10  lr: 0.000003  loss: 0.0977  time: 0.5490  data: 0.0000  max mem: 5189
Train: data epoch: [46]  [36/37]  eta: 0:00:00  lr: 0.000003  loss: 0.0924  time: 0.5220  data: 0.0000  max mem: 5189
Train: data epoch: [46] Total time: 0:00:21 (0.5793 s / it)
2026-08-21 22:15:41,486 [INFO] Qual: EPOCH[46] -> PLCC: 0.912815, SROCC: 0.867077, KROCC: 0.687351, LOSS: 0.167167
2026-08-21 22:15:41,487 [INFO] Align: EPOCH[46] -> PLCC: 0.849116, SROCC: 0.735068, KROCC: 0.547016, LOSS: 0.274827
2026-08-21 22:15:41,488 [INFO] Start training
2026-08-21 22:15:41,908 [INFO] Start training epoch 47, 37 iters per inner epoch.
2026-08-21 22:16:00,109 [INFO] Averaged stats: lr: 0.000002  loss: 0.089422
2026-08-21 22:16:00,209 [INFO] gates: {"epoch": 47, "raw_quality_ratio": 3.5066, "quality_ratio": 0.0944, "decoder_ratio": 0.0996, "lambda_q": 0.0269, "deviation_mean": 1.1561, "deviation_std": 0.1511, "patch_w_mean": 0.0917, "patch_w_std": 0.0856, "lambda_d": 0.0283, "qard_attn_entropy": 0.2817, "qard_attn_max": 0.5501, "qard_decoder_norm": 16.3534, "qard_memory_norm": 4.2869}
2026-08-21 22:16:00,209 [INFO] Evaluating on val.
Train: data epoch: [47]  [ 0/37]  eta: 0:00:53  lr: 0.000002  loss: 0.1035  time: 1.4446  data: 0.0001  max mem: 5189
Train: data epoch: [47]  [20/37]  eta: 0:00:10  lr: 0.000002  loss: 0.0839  time: 0.5564  data: 0.0000  max mem: 5189
Train: data epoch: [47]  [36/37]  eta: 0:00:00  lr: 0.000002  loss: 0.0784  time: 0.3984  data: 0.0000  max mem: 5189
Train: data epoch: [47] Total time: 0:00:18 (0.4919 s / it)
2026-08-21 22:16:03,985 [INFO] Qual: EPOCH[47] -> PLCC: 0.912938, SROCC: 0.867034, KROCC: 0.687463, LOSS: 0.166991
2026-08-21 22:16:03,985 [INFO] Align: EPOCH[47] -> PLCC: 0.849121, SROCC: 0.735195, KROCC: 0.547151, LOSS: 0.274869
2026-08-21 22:16:03,986 [INFO] Start training
2026-08-21 22:16:04,296 [INFO] Start training epoch 48, 37 iters per inner epoch.
2026-08-21 22:16:12,328 [INFO] Averaged stats: lr: 0.000001  loss: 0.089000
2026-08-21 22:16:12,426 [INFO] gates: {"epoch": 48, "raw_quality_ratio": 3.4378, "quality_ratio": 0.0926, "decoder_ratio": 0.0985, "lambda_q": 0.0269, "deviation_mean": 1.1538, "deviation_std": 0.147, "patch_w_mean": 0.0856, "patch_w_std": 0.081, "lambda_d": 0.0283, "qard_attn_entropy": 0.2289, "qard_attn_max": 0.6381, "qard_decoder_norm": 16.3563, "qard_memory_norm": 4.3487}
2026-08-21 22:16:12,427 [INFO] Evaluating on val.
Train: data epoch: [48]  [ 0/37]  eta: 0:00:33  lr: 0.000001  loss: 0.0947  time: 0.9114  data: 0.0001  max mem: 5189
Train: data epoch: [48]  [20/37]  eta: 0:00:03  lr: 0.000001  loss: 0.0724  time: 0.1983  data: 0.0000  max mem: 5189
Train: data epoch: [48]  [36/37]  eta: 0:00:00  lr: 0.000001  loss: 0.0612  time: 0.1970  data: 0.0000  max mem: 5189
Train: data epoch: [48] Total time: 0:00:08 (0.2171 s / it)
2026-08-21 22:16:15,381 [INFO] Qual: EPOCH[48] -> PLCC: 0.912818, SROCC: 0.866828, KROCC: 0.687194, LOSS: 0.167028
2026-08-21 22:16:15,381 [INFO] Align: EPOCH[48] -> PLCC: 0.849138, SROCC: 0.735154, KROCC: 0.547117, LOSS: 0.274789
2026-08-21 22:16:15,382 [INFO] Start training
2026-08-21 22:16:15,690 [INFO] Start training epoch 49, 37 iters per inner epoch.
2026-08-21 22:16:23,640 [INFO] Averaged stats: lr: 0.000001  loss: 0.088392
2026-08-21 22:16:23,740 [INFO] gates: {"epoch": 49, "raw_quality_ratio": 3.3533, "quality_ratio": 0.0904, "decoder_ratio": 0.0954, "lambda_q": 0.0269, "deviation_mean": 1.1508, "deviation_std": 0.1417, "patch_w_mean": 0.0903, "patch_w_std": 0.089, "lambda_d": 0.0283, "qard_attn_entropy": 0.272, "qard_attn_max": 0.5708, "qard_decoder_norm": 16.354, "qard_memory_norm": 4.2662}
2026-08-21 22:16:23,741 [INFO] Evaluating on val.
Train: data epoch: [49]  [ 0/37]  eta: 0:00:29  lr: 0.000001  loss: 0.0679  time: 0.8028  data: 0.0001  max mem: 5189
Train: data epoch: [49]  [20/37]  eta: 0:00:03  lr: 0.000001  loss: 0.0893  time: 0.1993  data: 0.0000  max mem: 5189
Train: data epoch: [49]  [36/37]  eta: 0:00:00  lr: 0.000001  loss: 0.0875  time: 0.1973  data: 0.0000  max mem: 5189
Train: data epoch: [49] Total time: 0:00:07 (0.2148 s / it)
2026-08-21 22:16:26,784 [INFO] Qual: EPOCH[49] -> PLCC: 0.912844, SROCC: 0.866809, KROCC: 0.687205, LOSS: 0.167095
2026-08-21 22:16:26,784 [INFO] Align: EPOCH[49] -> PLCC: 0.849115, SROCC: 0.735102, KROCC: 0.547049, LOSS: 0.274826
2026-08-21 22:16:26,801 [INFO] Saving checkpoint at epoch 49 to run/20260821215_Full_V17_s6/checkpoint_latest.pth.
[{'agg_metrics': np.float64(4.65551542229713), 'qual_agg': np.float64(2.5076291426629496), 'qual_PLCC': np.float64(0.9203854508472659), 'qual_SROCC': np.float64(0.8824620430735963), 'qual_KROCC': np.float64(0.704781648742087), 'align_agg': np.float64(2.147886279634181), 'align_PLCC': np.float64(0.8515748318447591), 'align_SROCC': np.float64(0.7422561890303475), 'align_KROCC': np.float64(0.5540552587590741)}]
{'agg_metrics': np.float64(4.65551542229713), 'qual_agg': np.float64(2.5076291426629496), 'qual_PLCC': np.float64(0.9203854508472659), 'qual_SROCC': np.float64(0.8824620430735963), 'qual_KROCC': np.float64(0.704781648742087), 'align_agg': np.float64(2.147886279634181), 'align_PLCC': np.float64(0.8515748318447591), 'align_SROCC': np.float64(0.7422561890303475), 'align_KROCC': np.float64(0.5540552587590741)}
