2026-08-21 16:47:51,156 [INFO] Loaded init weights from init_ckpt/v11_1_init_seed42.pth
2026-08-21 16:47:51,157 [INFO] Start training
2026-08-21 16:47:51,185 [INFO] number of trainable parameters: 2691621
Not using distributed mode
['msqr_dgmpq_hcmi_v8', 'msqr_dgmpq_mscm_v10', 'msqr_dgmpq_mscm_v11', 'msqr_dgmpq_mscm_v12', 'msqr_dgmpq_tcap_v9']
2026-08-21 16:47:51,712 [INFO] Start training epoch 0, 37 iters per inner epoch.
2026-08-21 16:48:06,576 [INFO] Averaged stats: lr: 0.000036  loss: 5.878644
2026-08-21 16:48:06,669 [INFO] gates: {"epoch": 0, "raw_quality_ratio": 5.1365, "quality_ratio": 0.0588, "lambda_q": 0.0115, "deviation_mean": 0.9558, "deviation_std": 0.0893, "patch_w_mean": 0.511, "patch_w_std": 0.0133, "corr_s9_mean": 0.0507, "corr_s9_std": 0.0789, "corr_s12_mean": -0.2448, "corr_s12_std": 0.0877, "corr_s_global": 0.2908, "corr_f_max_mean": 0.0312}
2026-08-21 16:48:06,669 [INFO] Evaluating on val.
Train: data epoch: [0]  [ 0/37]  eta: 0:01:38  lr: 0.000000  loss: 6.7933  time: 2.6698  data: 0.0001  max mem: 9946
Train: data epoch: [0]  [20/37]  eta: 0:00:07  lr: 0.000040  loss: 6.6069  time: 0.3405  data: 0.0000  max mem: 9968
Train: data epoch: [0]  [36/37]  eta: 0:00:00  lr: 0.000072  loss: 3.9544  time: 0.3360  data: 0.0000  max mem: 9968
Train: data epoch: [0] Total time: 0:00:14 (0.4017 s / it)
2026-08-21 16:48:11,333 [INFO] Qual: EPOCH[0] -> PLCC: 0.089194, SROCC: 0.075334, KROCC: 0.050391, LOSS: 4.897020
2026-08-21 16:48:11,333 [INFO] Align: EPOCH[0] -> PLCC: 0.031971, SROCC: 0.043276, KROCC: 0.028094, LOSS: 1.742009
2026-08-21 16:48:11,345 [INFO] Saving checkpoint at epoch 0 to run/20260821164_Full_V111_s4/checkpoint_best.pth.
2026-08-21 16:48:11,425 [INFO] Saving checkpoint at epoch 0 to run/20260821164_Full_V111_s4/checkpoint_best_joint.pth.
2026-08-21 16:48:11,494 [INFO] Start training
2026-08-21 16:48:11,795 [INFO] Start training epoch 1, 37 iters per inner epoch.
2026-08-21 16:48:25,138 [INFO] Averaged stats: lr: 0.000100  loss: 1.479578
2026-08-21 16:48:25,227 [INFO] gates: {"epoch": 1, "raw_quality_ratio": 2.8205, "quality_ratio": 0.0424, "lambda_q": 0.015, "deviation_mean": 0.8966, "deviation_std": 0.1187, "patch_w_mean": 0.5127, "patch_w_std": 0.0296, "corr_s9_mean": 0.2464, "corr_s9_std": 0.0882, "corr_s12_mean": -0.3247, "corr_s12_std": 0.1119, "corr_s_global": 0.2768, "corr_f_max_mean": 0.042}
2026-08-21 16:48:25,227 [INFO] Evaluating on val.
Train: data epoch: [1]  [ 0/37]  eta: 0:00:40  lr: 0.000100  loss: 3.9356  time: 1.0942  data: 0.0001  max mem: 9968
Train: data epoch: [1]  [20/37]  eta: 0:00:06  lr: 0.000100  loss: 0.8851  time: 0.3418  data: 0.0000  max mem: 9968
Train: data epoch: [1]  [36/37]  eta: 0:00:00  lr: 0.000100  loss: 0.6825  time: 0.3381  data: 0.0000  max mem: 9968
Train: data epoch: [1] Total time: 0:00:13 (0.3606 s / it)
2026-08-21 16:48:29,878 [INFO] Qual: EPOCH[1] -> PLCC: 0.688757, SROCC: 0.636232, KROCC: 0.451219, LOSS: 0.613526
2026-08-21 16:48:29,878 [INFO] Align: EPOCH[1] -> PLCC: 0.728684, SROCC: 0.634481, KROCC: 0.452532, LOSS: 0.733179
2026-08-21 16:48:29,902 [INFO] Saving checkpoint at epoch 1 to run/20260821164_Full_V111_s4/checkpoint_best.pth.
2026-08-21 16:48:30,029 [INFO] Saving checkpoint at epoch 1 to run/20260821164_Full_V111_s4/checkpoint_best_joint.pth.
2026-08-21 16:48:30,128 [INFO] Start training
2026-08-21 16:48:30,532 [INFO] Start training epoch 2, 37 iters per inner epoch.
2026-08-21 16:48:43,888 [INFO] Averaged stats: lr: 0.000100  loss: 0.422233
2026-08-21 16:48:43,972 [INFO] gates: {"epoch": 2, "raw_quality_ratio": 2.6337, "quality_ratio": 0.0394, "lambda_q": 0.015, "deviation_mean": 0.9177, "deviation_std": 0.1179, "patch_w_mean": 0.5267, "patch_w_std": 0.0338, "corr_s9_mean": 0.2886, "corr_s9_std": 0.1186, "corr_s12_mean": -0.1622, "corr_s12_std": 0.0617, "corr_s_global": 0.2358, "corr_f_max_mean": 0.0378}
2026-08-21 16:48:43,973 [INFO] Evaluating on val.
Train: data epoch: [2]  [ 0/37]  eta: 0:00:37  lr: 0.000100  loss: 0.5845  time: 1.0066  data: 0.0001  max mem: 9968
Train: data epoch: [2]  [20/37]  eta: 0:00:06  lr: 0.000100  loss: 0.3767  time: 0.3442  data: 0.0000  max mem: 9968
Train: data epoch: [2]  [36/37]  eta: 0:00:00  lr: 0.000100  loss: 0.3226  time: 0.3415  data: 0.0000  max mem: 9968
Train: data epoch: [2] Total time: 0:00:13 (0.3609 s / it)
2026-08-21 16:48:48,555 [INFO] Qual: EPOCH[2] -> PLCC: 0.869572, SROCC: 0.805443, KROCC: 0.612142, LOSS: 0.237251
2026-08-21 16:48:48,556 [INFO] Align: EPOCH[2] -> PLCC: 0.809397, SROCC: 0.656033, KROCC: 0.473709, LOSS: 0.319535
2026-08-21 16:48:48,572 [INFO] Saving checkpoint at epoch 2 to run/20260821164_Full_V111_s4/checkpoint_best.pth.
2026-08-21 16:48:48,698 [INFO] Saving checkpoint at epoch 2 to run/20260821164_Full_V111_s4/checkpoint_best_joint.pth.
2026-08-21 16:48:48,804 [INFO] Start training
2026-08-21 16:48:49,140 [INFO] Start training epoch 3, 37 iters per inner epoch.
2026-08-21 16:49:02,381 [INFO] Averaged stats: lr: 0.000099  loss: 0.211972
2026-08-21 16:49:02,467 [INFO] gates: {"epoch": 3, "raw_quality_ratio": 2.6815, "quality_ratio": 0.0403, "lambda_q": 0.015, "deviation_mean": 0.9602, "deviation_std": 0.1064, "patch_w_mean": 0.5143, "patch_w_std": 0.0235, "corr_s9_mean": 0.252, "corr_s9_std": 0.1212, "corr_s12_mean": -0.1355, "corr_s12_std": 0.0545, "corr_s_global": 0.2388, "corr_f_max_mean": 0.0366}
2026-08-21 16:49:02,467 [INFO] Evaluating on val.
Train: data epoch: [3]  [ 0/37]  eta: 0:00:35  lr: 0.000099  loss: 0.1815  time: 0.9567  data: 0.0001  max mem: 9968
Train: data epoch: [3]  [20/37]  eta: 0:00:06  lr: 0.000099  loss: 0.1659  time: 0.3427  data: 0.0000  max mem: 9968
Train: data epoch: [3]  [36/37]  eta: 0:00:00  lr: 0.000099  loss: 0.2010  time: 0.3396  data: 0.0000  max mem: 9968
Train: data epoch: [3] Total time: 0:00:13 (0.3578 s / it)
2026-08-21 16:49:06,914 [INFO] Qual: EPOCH[3] -> PLCC: 0.887244, SROCC: 0.838848, KROCC: 0.649569, LOSS: 0.207346
2026-08-21 16:49:06,914 [INFO] Align: EPOCH[3] -> PLCC: 0.834401, SROCC: 0.682679, KROCC: 0.498767, LOSS: 0.283401
2026-08-21 16:49:06,927 [INFO] Saving checkpoint at epoch 3 to run/20260821164_Full_V111_s4/checkpoint_best.pth.
2026-08-21 16:49:07,014 [INFO] Saving checkpoint at epoch 3 to run/20260821164_Full_V111_s4/checkpoint_best_joint.pth.
2026-08-21 16:49:07,089 [INFO] Start training
2026-08-21 16:49:07,389 [INFO] Start training epoch 4, 37 iters per inner epoch.
2026-08-21 16:49:20,537 [INFO] Averaged stats: lr: 0.000098  loss: 0.166106
2026-08-21 16:49:20,625 [INFO] gates: {"epoch": 4, "raw_quality_ratio": 2.6032, "quality_ratio": 0.0393, "lambda_q": 0.0151, "deviation_mean": 1.0079, "deviation_std": 0.0972, "patch_w_mean": 0.5018, "patch_w_std": 0.0201, "corr_s9_mean": 0.2355, "corr_s9_std": 0.1118, "corr_s12_mean": -0.0705, "corr_s12_std": 0.0459, "corr_s_global": 0.2258, "corr_f_max_mean": 0.0348}
2026-08-21 16:49:20,625 [INFO] Evaluating on val.
Train: data epoch: [4]  [ 0/37]  eta: 0:00:35  lr: 0.000098  loss: 0.1891  time: 0.9649  data: 0.0001  max mem: 9968
Train: data epoch: [4]  [20/37]  eta: 0:00:06  lr: 0.000098  loss: 0.1860  time: 0.3378  data: 0.0000  max mem: 9968
Train: data epoch: [4]  [36/37]  eta: 0:00:00  lr: 0.000098  loss: 0.1511  time: 0.3388  data: 0.0000  max mem: 9968
Train: data epoch: [4] Total time: 0:00:13 (0.3553 s / it)
2026-08-21 16:49:25,055 [INFO] Qual: EPOCH[4] -> PLCC: 0.896555, SROCC: 0.854134, KROCC: 0.667464, LOSS: 0.190388
2026-08-21 16:49:25,055 [INFO] Align: EPOCH[4] -> PLCC: 0.840724, SROCC: 0.693538, KROCC: 0.509734, LOSS: 0.277693
2026-08-21 16:49:25,068 [INFO] Saving checkpoint at epoch 4 to run/20260821164_Full_V111_s4/checkpoint_best.pth.
2026-08-21 16:49:25,169 [INFO] Saving checkpoint at epoch 4 to run/20260821164_Full_V111_s4/checkpoint_best_joint.pth.
2026-08-21 16:49:25,243 [INFO] Start training
2026-08-21 16:49:25,544 [INFO] Start training epoch 5, 37 iters per inner epoch.
2026-08-21 16:49:38,932 [INFO] Averaged stats: lr: 0.000098  loss: 0.133149
2026-08-21 16:49:39,020 [INFO] gates: {"epoch": 5, "raw_quality_ratio": 2.6124, "quality_ratio": 0.0396, "lambda_q": 0.0152, "deviation_mean": 1.0759, "deviation_std": 0.0956, "patch_w_mean": 0.4928, "patch_w_std": 0.0208, "corr_s9_mean": 0.2495, "corr_s9_std": 0.1047, "corr_s12_mean": -0.0628, "corr_s12_std": 0.0455, "corr_s_global": 0.2325, "corr_f_max_mean": 0.0342}
2026-08-21 16:49:39,021 [INFO] Evaluating on val.
Train: data epoch: [5]  [ 0/37]  eta: 0:00:39  lr: 0.000098  loss: 0.1545  time: 1.0544  data: 0.0001  max mem: 9968
Train: data epoch: [5]  [20/37]  eta: 0:00:06  lr: 0.000098  loss: 0.2001  time: 0.3420  data: 0.0000  max mem: 9968
Train: data epoch: [5]  [36/37]  eta: 0:00:00  lr: 0.000098  loss: 0.1100  time: 0.3423  data: 0.0000  max mem: 9968
Train: data epoch: [5] Total time: 0:00:13 (0.3618 s / it)
2026-08-21 16:49:43,536 [INFO] Qual: EPOCH[5] -> PLCC: 0.897301, SROCC: 0.854324, KROCC: 0.668581, LOSS: 0.192210
2026-08-21 16:49:43,536 [INFO] Align: EPOCH[5] -> PLCC: 0.839118, SROCC: 0.695022, KROCC: 0.510479, LOSS: 0.284441
2026-08-21 16:49:43,552 [INFO] Saving checkpoint at epoch 5 to run/20260821164_Full_V111_s4/checkpoint_best.pth.
2026-08-21 16:49:43,672 [INFO] Saving checkpoint at epoch 5 to run/20260821164_Full_V111_s4/checkpoint_best_joint.pth.
2026-08-21 16:49:43,762 [INFO] Start training
2026-08-21 16:49:44,085 [INFO] Start training epoch 6, 37 iters per inner epoch.
2026-08-21 16:49:57,182 [INFO] Averaged stats: lr: 0.000097  loss: 0.111323
2026-08-21 16:49:57,265 [INFO] gates: {"epoch": 6, "raw_quality_ratio": 2.6186, "quality_ratio": 0.0399, "lambda_q": 0.0153, "deviation_mean": 1.1261, "deviation_std": 0.092, "patch_w_mean": 0.4872, "patch_w_std": 0.0227, "corr_s9_mean": 0.2182, "corr_s9_std": 0.1047, "corr_s12_mean": -0.0539, "corr_s12_std": 0.0455, "corr_s_global": 0.2315, "corr_f_max_mean": 0.0328}
2026-08-21 16:49:57,266 [INFO] Evaluating on val.
Train: data epoch: [6]  [ 0/37]  eta: 0:00:31  lr: 0.000097  loss: 0.1501  time: 0.8412  data: 0.0001  max mem: 9968
Train: data epoch: [6]  [20/37]  eta: 0:00:06  lr: 0.000097  loss: 0.1048  time: 0.3406  data: 0.0000  max mem: 9968
Train: data epoch: [6]  [36/37]  eta: 0:00:00  lr: 0.000097  loss: 0.1354  time: 0.3401  data: 0.0000  max mem: 9968
Train: data epoch: [6] Total time: 0:00:13 (0.3539 s / it)
2026-08-21 16:50:01,877 [INFO] Qual: EPOCH[6] -> PLCC: 0.899794, SROCC: 0.858300, KROCC: 0.672925, LOSS: 0.185817
2026-08-21 16:50:01,877 [INFO] Align: EPOCH[6] -> PLCC: 0.831451, SROCC: 0.677373, KROCC: 0.496646, LOSS: 0.288269
2026-08-21 16:50:01,890 [INFO] Saving checkpoint at epoch 6 to run/20260821164_Full_V111_s4/checkpoint_best.pth.
2026-08-21 16:50:01,963 [INFO] Start training
2026-08-21 16:50:02,294 [INFO] Start training epoch 7, 37 iters per inner epoch.
2026-08-21 16:50:15,641 [INFO] Averaged stats: lr: 0.000095  loss: 0.088429
2026-08-21 16:50:15,742 [INFO] gates: {"epoch": 7, "raw_quality_ratio": 2.6863, "quality_ratio": 0.0412, "lambda_q": 0.0154, "deviation_mean": 1.1667, "deviation_std": 0.0937, "patch_w_mean": 0.4727, "patch_w_std": 0.0269, "corr_s9_mean": 0.2318, "corr_s9_std": 0.0947, "corr_s12_mean": -0.0229, "corr_s12_std": 0.0436, "corr_s_global": 0.2384, "corr_f_max_mean": 0.0323}
2026-08-21 16:50:15,742 [INFO] Evaluating on val.
Train: data epoch: [7]  [ 0/37]  eta: 0:00:35  lr: 0.000095  loss: 0.0802  time: 0.9485  data: 0.0001  max mem: 9968
Train: data epoch: [7]  [20/37]  eta: 0:00:06  lr: 0.000095  loss: 0.0584  time: 0.3453  data: 0.0000  max mem: 9968
Train: data epoch: [7]  [36/37]  eta: 0:00:00  lr: 0.000095  loss: 0.0865  time: 0.3435  data: 0.0000  max mem: 9968
Train: data epoch: [7] Total time: 0:00:13 (0.3607 s / it)
2026-08-21 16:50:20,361 [INFO] Qual: EPOCH[7] -> PLCC: 0.901230, SROCC: 0.860834, KROCC: 0.676479, LOSS: 0.185069
2026-08-21 16:50:20,361 [INFO] Align: EPOCH[7] -> PLCC: 0.827203, SROCC: 0.674545, KROCC: 0.494232, LOSS: 0.313706
2026-08-21 16:50:20,378 [INFO] Saving checkpoint at epoch 7 to run/20260821164_Full_V111_s4/checkpoint_best.pth.
2026-08-21 16:50:20,490 [INFO] Start training
2026-08-21 16:50:20,829 [INFO] Start training epoch 8, 37 iters per inner epoch.
2026-08-21 16:50:34,217 [INFO] Averaged stats: lr: 0.000094  loss: 0.071132
2026-08-21 16:50:34,298 [INFO] gates: {"epoch": 8, "raw_quality_ratio": 2.598, "quality_ratio": 0.0402, "lambda_q": 0.0155, "deviation_mean": 1.1852, "deviation_std": 0.0976, "patch_w_mean": 0.4754, "patch_w_std": 0.0295, "corr_s9_mean": 0.2123, "corr_s9_std": 0.0955, "corr_s12_mean": -0.0109, "corr_s12_std": 0.0419, "corr_s_global": 0.2423, "corr_f_max_mean": 0.0315}
2026-08-21 16:50:34,298 [INFO] Evaluating on val.
Train: data epoch: [8]  [ 0/37]  eta: 0:00:39  lr: 0.000094  loss: 0.0743  time: 1.0783  data: 0.0002  max mem: 9968
Train: data epoch: [8]  [20/37]  eta: 0:00:06  lr: 0.000094  loss: 0.0679  time: 0.3437  data: 0.0000  max mem: 9968
Train: data epoch: [8]  [36/37]  eta: 0:00:00  lr: 0.000094  loss: 0.0661  time: 0.3402  data: 0.0000  max mem: 9968
Train: data epoch: [8] Total time: 0:00:13 (0.3618 s / it)
2026-08-21 16:50:38,833 [INFO] Qual: EPOCH[8] -> PLCC: 0.899464, SROCC: 0.858237, KROCC: 0.673941, LOSS: 0.190471
2026-08-21 16:50:38,833 [INFO] Align: EPOCH[8] -> PLCC: 0.823336, SROCC: 0.671861, KROCC: 0.492122, LOSS: 0.313250
2026-08-21 16:50:38,834 [INFO] Start training
2026-08-21 16:50:39,172 [INFO] Start training epoch 9, 37 iters per inner epoch.
2026-08-21 16:50:52,480 [INFO] Averaged stats: lr: 0.000092  loss: 0.058791
2026-08-21 16:50:52,566 [INFO] gates: {"epoch": 9, "raw_quality_ratio": 2.7972, "quality_ratio": 0.0435, "lambda_q": 0.0156, "deviation_mean": 1.2254, "deviation_std": 0.0979, "patch_w_mean": 0.4655, "patch_w_std": 0.0321, "corr_s9_mean": 0.2085, "corr_s9_std": 0.0976, "corr_s12_mean": 0.0088, "corr_s12_std": 0.0438, "corr_s_global": 0.2385, "corr_f_max_mean": 0.0317}
2026-08-21 16:50:52,566 [INFO] Evaluating on val.
Train: data epoch: [9]  [ 0/37]  eta: 0:00:36  lr: 0.000092  loss: 0.0446  time: 0.9882  data: 0.0001  max mem: 9968
Train: data epoch: [9]  [20/37]  eta: 0:00:06  lr: 0.000092  loss: 0.0637  time: 0.3440  data: 0.0000  max mem: 9968
Train: data epoch: [9]  [36/37]  eta: 0:00:00  lr: 0.000092  loss: 0.0509  time: 0.3405  data: 0.0000  max mem: 9968
Train: data epoch: [9] Total time: 0:00:13 (0.3597 s / it)
2026-08-21 16:50:57,048 [INFO] Qual: EPOCH[9] -> PLCC: 0.899251, SROCC: 0.857325, KROCC: 0.673252, LOSS: 0.192705
2026-08-21 16:50:57,048 [INFO] Align: EPOCH[9] -> PLCC: 0.818843, SROCC: 0.661720, KROCC: 0.484021, LOSS: 0.324182
2026-08-21 16:50:57,049 [INFO] Start training
2026-08-21 16:50:57,365 [INFO] Start training epoch 10, 37 iters per inner epoch.
2026-08-21 16:51:10,551 [INFO] Averaged stats: lr: 0.000091  loss: 0.047175
2026-08-21 16:51:10,643 [INFO] gates: {"epoch": 10, "raw_quality_ratio": 2.8406, "quality_ratio": 0.0445, "lambda_q": 0.0157, "deviation_mean": 1.2397, "deviation_std": 0.0998, "patch_w_mean": 0.4583, "patch_w_std": 0.0357, "corr_s9_mean": 0.2176, "corr_s9_std": 0.0941, "corr_s12_mean": -0.0075, "corr_s12_std": 0.0446, "corr_s_global": 0.2369, "corr_f_max_mean": 0.0315}
2026-08-21 16:51:10,644 [INFO] Evaluating on val.
Train: data epoch: [10]  [ 0/37]  eta: 0:00:33  lr: 0.000091  loss: 0.0464  time: 0.8922  data: 0.0001  max mem: 9968
Train: data epoch: [10]  [20/37]  eta: 0:00:06  lr: 0.000091  loss: 0.0443  time: 0.3427  data: 0.0000  max mem: 9968
Train: data epoch: [10]  [36/37]  eta: 0:00:00  lr: 0.000091  loss: 0.0499  time: 0.3397  data: 0.0000  max mem: 9968
Train: data epoch: [10] Total time: 0:00:13 (0.3564 s / it)
2026-08-21 16:51:15,220 [INFO] Qual: EPOCH[10] -> PLCC: 0.899015, SROCC: 0.857002, KROCC: 0.673455, LOSS: 0.191512
2026-08-21 16:51:15,221 [INFO] Align: EPOCH[10] -> PLCC: 0.817790, SROCC: 0.660147, KROCC: 0.481749, LOSS: 0.326937
2026-08-21 16:51:15,237 [INFO] Saving checkpoint at epoch 10 to run/20260821164_Full_V111_s4/checkpoint_latest.pth.
2026-08-21 16:51:15,316 [INFO] Start training
2026-08-21 16:51:15,619 [INFO] Start training epoch 11, 37 iters per inner epoch.
2026-08-21 16:51:28,947 [INFO] Averaged stats: lr: 0.000089  loss: 0.038790
2026-08-21 16:51:29,037 [INFO] gates: {"epoch": 11, "raw_quality_ratio": 2.9593, "quality_ratio": 0.0466, "lambda_q": 0.0157, "deviation_mean": 1.2565, "deviation_std": 0.1135, "patch_w_mean": 0.4446, "patch_w_std": 0.0404, "corr_s9_mean": 0.2404, "corr_s9_std": 0.0906, "corr_s12_mean": 0.0042, "corr_s12_std": 0.0439, "corr_s_global": 0.2284, "corr_f_max_mean": 0.0324}
2026-08-21 16:51:29,038 [INFO] Evaluating on val.
Train: data epoch: [11]  [ 0/37]  eta: 0:00:37  lr: 0.000089  loss: 0.0322  time: 1.0067  data: 0.0001  max mem: 9968
Train: data epoch: [11]  [20/37]  eta: 0:00:06  lr: 0.000089  loss: 0.0505  time: 0.3430  data: 0.0000  max mem: 9968
Train: data epoch: [11]  [36/37]  eta: 0:00:00  lr: 0.000089  loss: 0.0406  time: 0.3409  data: 0.0000  max mem: 9968
Train: data epoch: [11] Total time: 0:00:13 (0.3602 s / it)
2026-08-21 16:51:33,488 [INFO] Qual: EPOCH[11] -> PLCC: 0.896932, SROCC: 0.854328, KROCC: 0.670702, LOSS: 0.199255
2026-08-21 16:51:33,488 [INFO] Align: EPOCH[11] -> PLCC: 0.817015, SROCC: 0.663832, KROCC: 0.484980, LOSS: 0.329981
2026-08-21 16:51:33,489 [INFO] Start training
2026-08-21 16:51:33,802 [INFO] Start training epoch 12, 37 iters per inner epoch.
2026-08-21 16:51:46,911 [INFO] Averaged stats: lr: 0.000087  loss: 0.030770
2026-08-21 16:51:47,005 [INFO] gates: {"epoch": 12, "raw_quality_ratio": 2.8421, "quality_ratio": 0.0451, "lambda_q": 0.0159, "deviation_mean": 1.2678, "deviation_std": 0.1081, "patch_w_mean": 0.4418, "patch_w_std": 0.0419, "corr_s9_mean": 0.2169, "corr_s9_std": 0.0906, "corr_s12_mean": -0.01, "corr_s12_std": 0.0477, "corr_s_global": 0.2385, "corr_f_max_mean": 0.031}
2026-08-21 16:51:47,006 [INFO] Evaluating on val.
Train: data epoch: [12]  [ 0/37]  eta: 0:00:30  lr: 0.000087  loss: 0.0312  time: 0.8296  data: 0.0001  max mem: 9968
Train: data epoch: [12]  [20/37]  eta: 0:00:06  lr: 0.000087  loss: 0.0365  time: 0.3416  data: 0.0000  max mem: 9968
Train: data epoch: [12]  [36/37]  eta: 0:00:00  lr: 0.000087  loss: 0.0298  time: 0.3409  data: 0.0000  max mem: 9968
Train: data epoch: [12] Total time: 0:00:13 (0.3543 s / it)
2026-08-21 16:51:51,429 [INFO] Qual: EPOCH[12] -> PLCC: 0.898968, SROCC: 0.856297, KROCC: 0.673057, LOSS: 0.192675
2026-08-21 16:51:51,429 [INFO] Align: EPOCH[12] -> PLCC: 0.815886, SROCC: 0.662005, KROCC: 0.483716, LOSS: 0.326063
2026-08-21 16:51:51,430 [INFO] Start training
2026-08-21 16:51:51,757 [INFO] Start training epoch 13, 37 iters per inner epoch.
2026-08-21 16:52:04,977 [INFO] Averaged stats: lr: 0.000084  loss: 0.026453
2026-08-21 16:52:05,059 [INFO] gates: {"epoch": 13, "raw_quality_ratio": 2.7109, "quality_ratio": 0.0434, "lambda_q": 0.016, "deviation_mean": 1.2583, "deviation_std": 0.1173, "patch_w_mean": 0.4375, "patch_w_std": 0.0457, "corr_s9_mean": 0.1977, "corr_s9_std": 0.0967, "corr_s12_mean": -0.0105, "corr_s12_std": 0.0464, "corr_s_global": 0.2393, "corr_f_max_mean": 0.0307}
2026-08-21 16:52:05,059 [INFO] Evaluating on val.
Train: data epoch: [13]  [ 0/37]  eta: 0:00:36  lr: 0.000084  loss: 0.0249  time: 0.9833  data: 0.0001  max mem: 9968
Train: data epoch: [13]  [20/37]  eta: 0:00:06  lr: 0.000084  loss: 0.0274  time: 0.3399  data: 0.0000  max mem: 9968
Train: data epoch: [13]  [36/37]  eta: 0:00:00  lr: 0.000084  loss: 0.0332  time: 0.3396  data: 0.0000  max mem: 9968
Train: data epoch: [13] Total time: 0:00:13 (0.3573 s / it)
2026-08-21 16:52:09,647 [INFO] Qual: EPOCH[13] -> PLCC: 0.895694, SROCC: 0.851665, KROCC: 0.667701, LOSS: 0.199815
2026-08-21 16:52:09,647 [INFO] Align: EPOCH[13] -> PLCC: 0.816881, SROCC: 0.661522, KROCC: 0.482882, LOSS: 0.317390
2026-08-21 16:52:09,648 [INFO] Start training
2026-08-21 16:52:09,985 [INFO] Start training epoch 14, 37 iters per inner epoch.
2026-08-21 16:52:23,260 [INFO] Averaged stats: lr: 0.000082  loss: 0.021989
2026-08-21 16:52:23,364 [INFO] gates: {"epoch": 14, "raw_quality_ratio": 2.966, "quality_ratio": 0.0477, "lambda_q": 0.0161, "deviation_mean": 1.2349, "deviation_std": 0.1016, "patch_w_mean": 0.4333, "patch_w_std": 0.0461, "corr_s9_mean": 0.2145, "corr_s9_std": 0.0887, "corr_s12_mean": -0.0062, "corr_s12_std": 0.0471, "corr_s_global": 0.2371, "corr_f_max_mean": 0.0309}
2026-08-21 16:52:23,365 [INFO] Evaluating on val.
Train: data epoch: [14]  [ 0/37]  eta: 0:00:37  lr: 0.000082  loss: 0.0280  time: 1.0080  data: 0.0001  max mem: 9968
Train: data epoch: [14]  [20/37]  eta: 0:00:06  lr: 0.000082  loss: 0.0210  time: 0.3406  data: 0.0000  max mem: 9968
Train: data epoch: [14]  [36/37]  eta: 0:00:00  lr: 0.000082  loss: 0.0247  time: 0.3405  data: 0.0000  max mem: 9968
Train: data epoch: [14] Total time: 0:00:13 (0.3588 s / it)
2026-08-21 16:52:28,011 [INFO] Qual: EPOCH[14] -> PLCC: 0.899472, SROCC: 0.855657, KROCC: 0.672835, LOSS: 0.190637
2026-08-21 16:52:28,011 [INFO] Align: EPOCH[14] -> PLCC: 0.813990, SROCC: 0.659392, KROCC: 0.480975, LOSS: 0.327745
2026-08-21 16:52:28,012 [INFO] Start training
2026-08-21 16:52:28,353 [INFO] Start training epoch 15, 37 iters per inner epoch.
2026-08-21 16:52:41,614 [INFO] Averaged stats: lr: 0.000080  loss: 0.017917
2026-08-21 16:52:41,712 [INFO] gates: {"epoch": 15, "raw_quality_ratio": 3.0612, "quality_ratio": 0.0497, "lambda_q": 0.0162, "deviation_mean": 1.2261, "deviation_std": 0.1223, "patch_w_mean": 0.4255, "patch_w_std": 0.0515, "corr_s9_mean": 0.2139, "corr_s9_std": 0.0895, "corr_s12_mean": -0.013, "corr_s12_std": 0.0501, "corr_s_global": 0.2302, "corr_f_max_mean": 0.0312}
2026-08-21 16:52:41,712 [INFO] Evaluating on val.
Train: data epoch: [15]  [ 0/37]  eta: 0:00:34  lr: 0.000080  loss: 0.0193  time: 0.9429  data: 0.0001  max mem: 9968
Train: data epoch: [15]  [20/37]  eta: 0:00:06  lr: 0.000080  loss: 0.0168  time: 0.3434  data: 0.0000  max mem: 9968
Train: data epoch: [15]  [36/37]  eta: 0:00:00  lr: 0.000080  loss: 0.0178  time: 0.3409  data: 0.0000  max mem: 9968
Train: data epoch: [15] Total time: 0:00:13 (0.3584 s / it)
2026-08-21 16:52:46,311 [INFO] Qual: EPOCH[15] -> PLCC: 0.898052, SROCC: 0.854418, KROCC: 0.671154, LOSS: 0.197471
2026-08-21 16:52:46,312 [INFO] Align: EPOCH[15] -> PLCC: 0.813904, SROCC: 0.658283, KROCC: 0.479407, LOSS: 0.332967
2026-08-21 16:52:46,328 [INFO] Saving checkpoint at epoch 15 to run/20260821164_Full_V111_s4/checkpoint_latest.pth.
2026-08-21 16:52:46,425 [INFO] Start training
2026-08-21 16:52:46,764 [INFO] Start training epoch 16, 37 iters per inner epoch.
2026-08-21 16:52:59,901 [INFO] Averaged stats: lr: 0.000077  loss: 0.014809
2026-08-21 16:52:59,992 [INFO] gates: {"epoch": 16, "raw_quality_ratio": 2.5482, "quality_ratio": 0.0416, "lambda_q": 0.0163, "deviation_mean": 1.21, "deviation_std": 0.1141, "patch_w_mean": 0.4297, "patch_w_std": 0.0526, "corr_s9_mean": 0.1949, "corr_s9_std": 0.0928, "corr_s12_mean": 0.0039, "corr_s12_std": 0.0462, "corr_s_global": 0.2392, "corr_f_max_mean": 0.0308}
2026-08-21 16:52:59,992 [INFO] Evaluating on val.
Train: data epoch: [16]  [ 0/37]  eta: 0:00:33  lr: 0.000077  loss: 0.0097  time: 0.9014  data: 0.0001  max mem: 9968
Train: data epoch: [16]  [20/37]  eta: 0:00:06  lr: 0.000077  loss: 0.0183  time: 0.3397  data: 0.0000  max mem: 9968
Train: data epoch: [16]  [36/37]  eta: 0:00:00  lr: 0.000077  loss: 0.0221  time: 0.3398  data: 0.0000  max mem: 9968
Train: data epoch: [16] Total time: 0:00:13 (0.3550 s / it)
2026-08-21 16:53:04,605 [INFO] Qual: EPOCH[16] -> PLCC: 0.896915, SROCC: 0.853362, KROCC: 0.669732, LOSS: 0.199476
2026-08-21 16:53:04,605 [INFO] Align: EPOCH[16] -> PLCC: 0.812724, SROCC: 0.658021, KROCC: 0.480185, LOSS: 0.333715
2026-08-21 16:53:04,606 [INFO] Start training
2026-08-21 16:53:04,923 [INFO] Start training epoch 17, 37 iters per inner epoch.
2026-08-21 16:53:18,315 [INFO] Averaged stats: lr: 0.000074  loss: 0.012509
2026-08-21 16:53:18,401 [INFO] gates: {"epoch": 17, "raw_quality_ratio": 2.8351, "quality_ratio": 0.0467, "lambda_q": 0.0165, "deviation_mean": 1.1913, "deviation_std": 0.1022, "patch_w_mean": 0.4159, "patch_w_std": 0.0528, "corr_s9_mean": 0.1947, "corr_s9_std": 0.0961, "corr_s12_mean": -0.0084, "corr_s12_std": 0.0501, "corr_s_global": 0.2423, "corr_f_max_mean": 0.0308}
2026-08-21 16:53:18,401 [INFO] Evaluating on val.
Train: data epoch: [17]  [ 0/37]  eta: 0:00:39  lr: 0.000074  loss: 0.0101  time: 1.0766  data: 0.0001  max mem: 9968
Train: data epoch: [17]  [20/37]  eta: 0:00:06  lr: 0.000074  loss: 0.0123  time: 0.3439  data: 0.0000  max mem: 9968
Train: data epoch: [17]  [36/37]  eta: 0:00:00  lr: 0.000074  loss: 0.0122  time: 0.3401  data: 0.0000  max mem: 9968
Train: data epoch: [17] Total time: 0:00:13 (0.3619 s / it)
2026-08-21 16:53:22,940 [INFO] Qual: EPOCH[17] -> PLCC: 0.895468, SROCC: 0.850228, KROCC: 0.666426, LOSS: 0.199238
2026-08-21 16:53:22,940 [INFO] Align: EPOCH[17] -> PLCC: 0.813993, SROCC: 0.660087, KROCC: 0.481708, LOSS: 0.330556
2026-08-21 16:53:22,941 [INFO] Start training
2026-08-21 16:53:23,284 [INFO] Start training epoch 18, 37 iters per inner epoch.
2026-08-21 16:53:36,647 [INFO] Averaged stats: lr: 0.000072  loss: 0.011120
2026-08-21 16:53:36,751 [INFO] gates: {"epoch": 18, "raw_quality_ratio": 2.6214, "quality_ratio": 0.0435, "lambda_q": 0.0166, "deviation_mean": 1.1433, "deviation_std": 0.1114, "patch_w_mean": 0.4143, "patch_w_std": 0.0574, "corr_s9_mean": 0.1958, "corr_s9_std": 0.0947, "corr_s12_mean": -0.0079, "corr_s12_std": 0.0498, "corr_s_global": 0.2462, "corr_f_max_mean": 0.0308}
2026-08-21 16:53:36,751 [INFO] Evaluating on val.
Train: data epoch: [18]  [ 0/37]  eta: 0:00:42  lr: 0.000072  loss: 0.0098  time: 1.1491  data: 0.0001  max mem: 9968
Train: data epoch: [18]  [20/37]  eta: 0:00:06  lr: 0.000072  loss: 0.0114  time: 0.3404  data: 0.0000  max mem: 9968
Train: data epoch: [18]  [36/37]  eta: 0:00:00  lr: 0.000072  loss: 0.0092  time: 0.3381  data: 0.0000  max mem: 9968
Train: data epoch: [18] Total time: 0:00:13 (0.3611 s / it)
2026-08-21 16:53:41,279 [INFO] Qual: EPOCH[18] -> PLCC: 0.898344, SROCC: 0.855027, KROCC: 0.671605, LOSS: 0.198305
2026-08-21 16:53:41,279 [INFO] Align: EPOCH[18] -> PLCC: 0.813953, SROCC: 0.661582, KROCC: 0.483491, LOSS: 0.334865
2026-08-21 16:53:41,279 [INFO] Start training
2026-08-21 16:53:41,593 [INFO] Start training epoch 19, 37 iters per inner epoch.
2026-08-21 16:53:54,861 [INFO] Averaged stats: lr: 0.000069  loss: 0.009646
2026-08-21 16:53:54,946 [INFO] gates: {"epoch": 19, "raw_quality_ratio": 2.7886, "quality_ratio": 0.0465, "lambda_q": 0.0167, "deviation_mean": 1.1297, "deviation_std": 0.0965, "patch_w_mean": 0.4064, "patch_w_std": 0.06, "corr_s9_mean": 0.186, "corr_s9_std": 0.096, "corr_s12_mean": 0.0114, "corr_s12_std": 0.0496, "corr_s_global": 0.2375, "corr_f_max_mean": 0.0312}
2026-08-21 16:53:54,947 [INFO] Evaluating on val.
Train: data epoch: [19]  [ 0/37]  eta: 0:00:35  lr: 0.000069  loss: 0.0123  time: 0.9621  data: 0.0002  max mem: 9968
Train: data epoch: [19]  [20/37]  eta: 0:00:06  lr: 0.000069  loss: 0.0115  time: 0.3411  data: 0.0000  max mem: 9968
Train: data epoch: [19]  [36/37]  eta: 0:00:00  lr: 0.000069  loss: 0.0117  time: 0.3423  data: 0.0000  max mem: 9968
Train: data epoch: [19] Total time: 0:00:13 (0.3586 s / it)
2026-08-21 16:53:59,390 [INFO] Qual: EPOCH[19] -> PLCC: 0.896884, SROCC: 0.853350, KROCC: 0.669292, LOSS: 0.200791
2026-08-21 16:53:59,391 [INFO] Align: EPOCH[19] -> PLCC: 0.812692, SROCC: 0.655909, KROCC: 0.478154, LOSS: 0.337214
2026-08-21 16:53:59,391 [INFO] Start training
2026-08-21 16:53:59,701 [INFO] Start training epoch 20, 37 iters per inner epoch.
2026-08-21 16:54:12,883 [INFO] Averaged stats: lr: 0.000066  loss: 0.008297
2026-08-21 16:54:12,974 [INFO] gates: {"epoch": 20, "raw_quality_ratio": 2.9378, "quality_ratio": 0.0493, "lambda_q": 0.0168, "deviation_mean": 1.1421, "deviation_std": 0.1105, "patch_w_mean": 0.3846, "patch_w_std": 0.0642, "corr_s9_mean": 0.2101, "corr_s9_std": 0.0946, "corr_s12_mean": -0.0157, "corr_s12_std": 0.0513, "corr_s_global": 0.2342, "corr_f_max_mean": 0.0315}
2026-08-21 16:54:12,974 [INFO] Evaluating on val.
Train: data epoch: [20]  [ 0/37]  eta: 0:00:31  lr: 0.000066  loss: 0.0066  time: 0.8563  data: 0.0001  max mem: 9968
Train: data epoch: [20]  [20/37]  eta: 0:00:06  lr: 0.000066  loss: 0.0082  time: 0.3436  data: 0.0000  max mem: 9968
Train: data epoch: [20]  [36/37]  eta: 0:00:00  lr: 0.000066  loss: 0.0074  time: 0.3414  data: 0.0000  max mem: 9968
Train: data epoch: [20] Total time: 0:00:13 (0.3563 s / it)
2026-08-21 16:54:17,461 [INFO] Qual: EPOCH[20] -> PLCC: 0.896614, SROCC: 0.852330, KROCC: 0.668581, LOSS: 0.200227
2026-08-21 16:54:17,461 [INFO] Align: EPOCH[20] -> PLCC: 0.813504, SROCC: 0.657541, KROCC: 0.479271, LOSS: 0.333239
2026-08-21 16:54:17,474 [INFO] Saving checkpoint at epoch 20 to run/20260821164_Full_V111_s4/checkpoint_latest.pth.
2026-08-21 16:54:17,562 [INFO] Start training
2026-08-21 16:54:17,922 [INFO] Start training epoch 21, 37 iters per inner epoch.
2026-08-21 16:54:31,417 [INFO] Averaged stats: lr: 0.000063  loss: 0.007453
2026-08-21 16:54:31,498 [INFO] gates: {"epoch": 21, "raw_quality_ratio": 2.9844, "quality_ratio": 0.0504, "lambda_q": 0.0169, "deviation_mean": 1.0962, "deviation_std": 0.0998, "patch_w_mean": 0.3868, "patch_w_std": 0.0651, "corr_s9_mean": 0.1785, "corr_s9_std": 0.0992, "corr_s12_mean": 0.0153, "corr_s12_std": 0.0495, "corr_s_global": 0.247, "corr_f_max_mean": 0.0313}
2026-08-21 16:54:31,499 [INFO] Evaluating on val.
Train: data epoch: [21]  [ 0/37]  eta: 0:00:40  lr: 0.000063  loss: 0.0068  time: 1.1049  data: 0.0001  max mem: 9968
Train: data epoch: [21]  [20/37]  eta: 0:00:06  lr: 0.000063  loss: 0.0081  time: 0.3434  data: 0.0000  max mem: 9968
Train: data epoch: [21]  [36/37]  eta: 0:00:00  lr: 0.000063  loss: 0.0081  time: 0.3451  data: 0.0000  max mem: 9968
Train: data epoch: [21] Total time: 0:00:13 (0.3647 s / it)
2026-08-21 16:54:35,971 [INFO] Qual: EPOCH[21] -> PLCC: 0.894229, SROCC: 0.849675, KROCC: 0.665309, LOSS: 0.202765
2026-08-21 16:54:35,971 [INFO] Align: EPOCH[21] -> PLCC: 0.812118, SROCC: 0.657456, KROCC: 0.479722, LOSS: 0.339797
2026-08-21 16:54:35,972 [INFO] Start training
2026-08-21 16:54:36,313 [INFO] Start training epoch 22, 37 iters per inner epoch.
2026-08-21 16:54:49,772 [INFO] Averaged stats: lr: 0.000060  loss: 0.006315
2026-08-21 16:54:49,852 [INFO] gates: {"epoch": 22, "raw_quality_ratio": 2.9106, "quality_ratio": 0.0496, "lambda_q": 0.017, "deviation_mean": 1.1264, "deviation_std": 0.0995, "patch_w_mean": 0.379, "patch_w_std": 0.0647, "corr_s9_mean": 0.2064, "corr_s9_std": 0.0885, "corr_s12_mean": -0.0075, "corr_s12_std": 0.0505, "corr_s_global": 0.234, "corr_f_max_mean": 0.031}
2026-08-21 16:54:49,853 [INFO] Evaluating on val.
Train: data epoch: [22]  [ 0/37]  eta: 0:00:41  lr: 0.000060  loss: 0.0066  time: 1.1164  data: 0.0001  max mem: 9968
Train: data epoch: [22]  [20/37]  eta: 0:00:06  lr: 0.000060  loss: 0.0060  time: 0.3424  data: 0.0000  max mem: 9968
Train: data epoch: [22]  [36/37]  eta: 0:00:00  lr: 0.000060  loss: 0.0064  time: 0.3425  data: 0.0000  max mem: 9968
Train: data epoch: [22] Total time: 0:00:13 (0.3637 s / it)
2026-08-21 16:54:54,423 [INFO] Qual: EPOCH[22] -> PLCC: 0.893481, SROCC: 0.848614, KROCC: 0.664418, LOSS: 0.205445
2026-08-21 16:54:54,424 [INFO] Align: EPOCH[22] -> PLCC: 0.812338, SROCC: 0.656065, KROCC: 0.478244, LOSS: 0.336341
2026-08-21 16:54:54,425 [INFO] Start training
2026-08-21 16:54:54,758 [INFO] Start training epoch 23, 37 iters per inner epoch.
2026-08-21 16:55:08,033 [INFO] Averaged stats: lr: 0.000057  loss: 0.005645
2026-08-21 16:55:08,121 [INFO] gates: {"epoch": 23, "raw_quality_ratio": 2.8015, "quality_ratio": 0.048, "lambda_q": 0.0171, "deviation_mean": 1.1568, "deviation_std": 0.1091, "patch_w_mean": 0.3679, "patch_w_std": 0.0695, "corr_s9_mean": 0.197, "corr_s9_std": 0.091, "corr_s12_mean": -0.0058, "corr_s12_std": 0.0495, "corr_s_global": 0.2384, "corr_f_max_mean": 0.0303}
2026-08-21 16:55:08,121 [INFO] Evaluating on val.
Train: data epoch: [23]  [ 0/37]  eta: 0:00:41  lr: 0.000057  loss: 0.0059  time: 1.1085  data: 0.0002  max mem: 9968
Train: data epoch: [23]  [20/37]  eta: 0:00:06  lr: 0.000057  loss: 0.0062  time: 0.3390  data: 0.0000  max mem: 9968
Train: data epoch: [23]  [36/37]  eta: 0:00:00  lr: 0.000057  loss: 0.0053  time: 0.3365  data: 0.0000  max mem: 9968
Train: data epoch: [23] Total time: 0:00:13 (0.3588 s / it)
2026-08-21 16:55:12,680 [INFO] Qual: EPOCH[23] -> PLCC: 0.896235, SROCC: 0.851710, KROCC: 0.667678, LOSS: 0.202232
2026-08-21 16:55:12,680 [INFO] Align: EPOCH[23] -> PLCC: 0.812034, SROCC: 0.655070, KROCC: 0.477545, LOSS: 0.334213
2026-08-21 16:55:12,681 [INFO] Start training
2026-08-21 16:55:13,002 [INFO] Start training epoch 24, 37 iters per inner epoch.
2026-08-21 16:55:26,432 [INFO] Averaged stats: lr: 0.000054  loss: 0.005257
2026-08-21 16:55:26,527 [INFO] gates: {"epoch": 24, "raw_quality_ratio": 2.8633, "quality_ratio": 0.0493, "lambda_q": 0.0172, "deviation_mean": 1.1247, "deviation_std": 0.0994, "patch_w_mean": 0.3612, "patch_w_std": 0.0671, "corr_s9_mean": 0.1903, "corr_s9_std": 0.0921, "corr_s12_mean": -0.0091, "corr_s12_std": 0.052, "corr_s_global": 0.2429, "corr_f_max_mean": 0.0306}
2026-08-21 16:55:26,527 [INFO] Evaluating on val.
Train: data epoch: [24]  [ 0/37]  eta: 0:00:41  lr: 0.000054  loss: 0.0037  time: 1.1162  data: 0.0001  max mem: 9968
Train: data epoch: [24]  [20/37]  eta: 0:00:06  lr: 0.000054  loss: 0.0059  time: 0.3421  data: 0.0000  max mem: 9968
Train: data epoch: [24]  [36/37]  eta: 0:00:00  lr: 0.000054  loss: 0.0051  time: 0.3417  data: 0.0000  max mem: 9968
Train: data epoch: [24] Total time: 0:00:13 (0.3630 s / it)
2026-08-21 16:55:31,115 [INFO] Qual: EPOCH[24] -> PLCC: 0.894701, SROCC: 0.849290, KROCC: 0.664959, LOSS: 0.202678
2026-08-21 16:55:31,115 [INFO] Align: EPOCH[24] -> PLCC: 0.812013, SROCC: 0.657806, KROCC: 0.479734, LOSS: 0.340108
2026-08-21 16:55:31,116 [INFO] Start training
2026-08-21 16:55:31,452 [INFO] Start training epoch 25, 37 iters per inner epoch.
2026-08-21 16:55:44,911 [INFO] Averaged stats: lr: 0.000050  loss: 0.004611
2026-08-21 16:55:44,983 [INFO] gates: {"epoch": 25, "raw_quality_ratio": 2.8251, "quality_ratio": 0.0489, "lambda_q": 0.0173, "deviation_mean": 1.1308, "deviation_std": 0.0997, "patch_w_mean": 0.3563, "patch_w_std": 0.0688, "corr_s9_mean": 0.21, "corr_s9_std": 0.0885, "corr_s12_mean": -0.0126, "corr_s12_std": 0.0519, "corr_s_global": 0.2358, "corr_f_max_mean": 0.031}
2026-08-21 16:55:44,983 [INFO] Evaluating on val.
Train: data epoch: [25]  [ 0/37]  eta: 0:00:41  lr: 0.000051  loss: 0.0033  time: 1.1268  data: 0.0001  max mem: 9968
Train: data epoch: [25]  [20/37]  eta: 0:00:06  lr: 0.000051  loss: 0.0053  time: 0.3427  data: 0.0000  max mem: 9968
Train: data epoch: [25]  [36/37]  eta: 0:00:00  lr: 0.000051  loss: 0.0061  time: 0.3422  data: 0.0000  max mem: 9968
Train: data epoch: [25] Total time: 0:00:13 (0.3638 s / it)
2026-08-21 16:55:49,526 [INFO] Qual: EPOCH[25] -> PLCC: 0.894432, SROCC: 0.848786, KROCC: 0.664271, LOSS: 0.203320
2026-08-21 16:55:49,526 [INFO] Align: EPOCH[25] -> PLCC: 0.811438, SROCC: 0.654331, KROCC: 0.476852, LOSS: 0.337093
2026-08-21 16:55:49,542 [INFO] Saving checkpoint at epoch 25 to run/20260821164_Full_V111_s4/checkpoint_latest.pth.
2026-08-21 16:55:49,655 [INFO] Start training
2026-08-21 16:55:50,001 [INFO] Start training epoch 26, 37 iters per inner epoch.
2026-08-21 16:56:03,406 [INFO] Averaged stats: lr: 0.000047  loss: 0.003958
2026-08-21 16:56:03,489 [INFO] gates: {"epoch": 26, "raw_quality_ratio": 2.676, "quality_ratio": 0.0466, "lambda_q": 0.0174, "deviation_mean": 1.1015, "deviation_std": 0.0996, "patch_w_mean": 0.3593, "patch_w_std": 0.0718, "corr_s9_mean": 0.1849, "corr_s9_std": 0.0935, "corr_s12_mean": -0.0091, "corr_s12_std": 0.0506, "corr_s_global": 0.2429, "corr_f_max_mean": 0.0305}
2026-08-21 16:56:03,489 [INFO] Evaluating on val.
Train: data epoch: [26]  [ 0/37]  eta: 0:00:40  lr: 0.000047  loss: 0.0041  time: 1.0953  data: 0.0001  max mem: 9968
Train: data epoch: [26]  [20/37]  eta: 0:00:06  lr: 0.000047  loss: 0.0038  time: 0.3443  data: 0.0000  max mem: 9968
Train: data epoch: [26]  [36/37]  eta: 0:00:00  lr: 0.000047  loss: 0.0044  time: 0.3397  data: 0.0000  max mem: 9968
Train: data epoch: [26] Total time: 0:00:13 (0.3623 s / it)
2026-08-21 16:56:07,964 [INFO] Qual: EPOCH[26] -> PLCC: 0.895173, SROCC: 0.850281, KROCC: 0.666031, LOSS: 0.203091
2026-08-21 16:56:07,964 [INFO] Align: EPOCH[26] -> PLCC: 0.811873, SROCC: 0.655196, KROCC: 0.477477, LOSS: 0.338687
2026-08-21 16:56:07,964 [INFO] Start training
2026-08-21 16:56:08,266 [INFO] Start training epoch 27, 37 iters per inner epoch.
2026-08-21 16:56:21,538 [INFO] Averaged stats: lr: 0.000044  loss: 0.003660
2026-08-21 16:56:21,635 [INFO] gates: {"epoch": 27, "raw_quality_ratio": 2.8882, "quality_ratio": 0.0505, "lambda_q": 0.0175, "deviation_mean": 1.1287, "deviation_std": 0.1047, "patch_w_mean": 0.3404, "patch_w_std": 0.0731, "corr_s9_mean": 0.2048, "corr_s9_std": 0.0933, "corr_s12_mean": -0.0119, "corr_s12_std": 0.0511, "corr_s_global": 0.2459, "corr_f_max_mean": 0.0312}
2026-08-21 16:56:21,635 [INFO] Evaluating on val.
Train: data epoch: [27]  [ 0/37]  eta: 0:00:38  lr: 0.000044  loss: 0.0031  time: 1.0537  data: 0.0002  max mem: 9968
Train: data epoch: [27]  [20/37]  eta: 0:00:06  lr: 0.000044  loss: 0.0020  time: 0.3388  data: 0.0000  max mem: 9968
Train: data epoch: [27]  [36/37]  eta: 0:00:00  lr: 0.000044  loss: 0.0024  time: 0.3403  data: 0.0000  max mem: 9968
Train: data epoch: [27] Total time: 0:00:13 (0.3587 s / it)
2026-08-21 16:56:26,238 [INFO] Qual: EPOCH[27] -> PLCC: 0.894741, SROCC: 0.848879, KROCC: 0.664519, LOSS: 0.203873
2026-08-21 16:56:26,238 [INFO] Align: EPOCH[27] -> PLCC: 0.812355, SROCC: 0.657357, KROCC: 0.479305, LOSS: 0.336473
2026-08-21 16:56:26,239 [INFO] Start training
2026-08-21 16:56:26,578 [INFO] Start training epoch 28, 37 iters per inner epoch.
2026-08-21 16:56:39,822 [INFO] Averaged stats: lr: 0.000041  loss: 0.003439
2026-08-21 16:56:39,932 [INFO] gates: {"epoch": 28, "raw_quality_ratio": 2.7028, "quality_ratio": 0.0474, "lambda_q": 0.0175, "deviation_mean": 1.1063, "deviation_std": 0.105, "patch_w_mean": 0.3424, "patch_w_std": 0.0734, "corr_s9_mean": 0.1848, "corr_s9_std": 0.098, "corr_s12_mean": 0.0021, "corr_s12_std": 0.0492, "corr_s_global": 0.2486, "corr_f_max_mean": 0.0308}
2026-08-21 16:56:39,933 [INFO] Evaluating on val.
Train: data epoch: [28]  [ 0/37]  eta: 0:00:36  lr: 0.000041  loss: 0.0027  time: 0.9825  data: 0.0002  max mem: 9968
Train: data epoch: [28]  [20/37]  eta: 0:00:06  lr: 0.000041  loss: 0.0020  time: 0.3431  data: 0.0000  max mem: 9968
Train: data epoch: [28]  [36/37]  eta: 0:00:00  lr: 0.000041  loss: 0.0027  time: 0.3384  data: 0.0000  max mem: 9968
Train: data epoch: [28] Total time: 0:00:13 (0.3579 s / it)
2026-08-21 16:56:44,502 [INFO] Qual: EPOCH[28] -> PLCC: 0.894732, SROCC: 0.849195, KROCC: 0.664632, LOSS: 0.202843
2026-08-21 16:56:44,503 [INFO] Align: EPOCH[28] -> PLCC: 0.811918, SROCC: 0.655894, KROCC: 0.477861, LOSS: 0.338402
2026-08-21 16:56:44,503 [INFO] Start training
2026-08-21 16:56:44,817 [INFO] Start training epoch 29, 37 iters per inner epoch.
2026-08-21 16:56:57,913 [INFO] Averaged stats: lr: 0.000038  loss: 0.003045
2026-08-21 16:56:57,993 [INFO] gates: {"epoch": 29, "raw_quality_ratio": 2.8185, "quality_ratio": 0.0496, "lambda_q": 0.0176, "deviation_mean": 1.0983, "deviation_std": 0.0942, "patch_w_mean": 0.3425, "patch_w_std": 0.073, "corr_s9_mean": 0.194, "corr_s9_std": 0.0903, "corr_s12_mean": -0.0203, "corr_s12_std": 0.05, "corr_s_global": 0.2336, "corr_f_max_mean": 0.0305}
2026-08-21 16:56:57,993 [INFO] Evaluating on val.
Train: data epoch: [29]  [ 0/37]  eta: 0:00:30  lr: 0.000038  loss: 0.0022  time: 0.8290  data: 0.0001  max mem: 9968
Train: data epoch: [29]  [20/37]  eta: 0:00:06  lr: 0.000038  loss: 0.0032  time: 0.3400  data: 0.0000  max mem: 9968
Train: data epoch: [29]  [36/37]  eta: 0:00:00  lr: 0.000038  loss: 0.0040  time: 0.3409  data: 0.0000  max mem: 9968
Train: data epoch: [29] Total time: 0:00:13 (0.3539 s / it)
2026-08-21 16:57:02,560 [INFO] Qual: EPOCH[29] -> PLCC: 0.894115, SROCC: 0.849037, KROCC: 0.664361, LOSS: 0.205342
2026-08-21 16:57:02,561 [INFO] Align: EPOCH[29] -> PLCC: 0.812320, SROCC: 0.656321, KROCC: 0.478391, LOSS: 0.337833
2026-08-21 16:57:02,562 [INFO] Start training
2026-08-21 16:57:02,903 [INFO] Start training epoch 30, 37 iters per inner epoch.
2026-08-21 16:57:16,405 [INFO] Averaged stats: lr: 0.000035  loss: 0.003001
2026-08-21 16:57:16,489 [INFO] gates: {"epoch": 30, "raw_quality_ratio": 2.8689, "quality_ratio": 0.0507, "lambda_q": 0.0177, "deviation_mean": 1.1214, "deviation_std": 0.1005, "patch_w_mean": 0.3278, "patch_w_std": 0.0783, "corr_s9_mean": 0.201, "corr_s9_std": 0.0901, "corr_s12_mean": -0.0149, "corr_s12_std": 0.0515, "corr_s_global": 0.2423, "corr_f_max_mean": 0.0306}
2026-08-21 16:57:16,490 [INFO] Evaluating on val.
Train: data epoch: [30]  [ 0/37]  eta: 0:00:40  lr: 0.000035  loss: 0.0024  time: 1.1062  data: 0.0002  max mem: 9968
Train: data epoch: [30]  [20/37]  eta: 0:00:06  lr: 0.000035  loss: 0.0024  time: 0.3458  data: 0.0000  max mem: 9968
Train: data epoch: [30]  [36/37]  eta: 0:00:00  lr: 0.000035  loss: 0.0024  time: 0.3427  data: 0.0000  max mem: 9968
Train: data epoch: [30] Total time: 0:00:13 (0.3649 s / it)
2026-08-21 16:57:21,101 [INFO] Qual: EPOCH[30] -> PLCC: 0.894677, SROCC: 0.848347, KROCC: 0.663989, LOSS: 0.202742
2026-08-21 16:57:21,101 [INFO] Align: EPOCH[30] -> PLCC: 0.812030, SROCC: 0.656896, KROCC: 0.478820, LOSS: 0.340017
2026-08-21 16:57:21,118 [INFO] Saving checkpoint at epoch 30 to run/20260821164_Full_V111_s4/checkpoint_latest.pth.
2026-08-21 16:57:21,198 [INFO] Start training
2026-08-21 16:57:21,511 [INFO] Start training epoch 31, 37 iters per inner epoch.
2026-08-21 16:57:34,703 [INFO] Averaged stats: lr: 0.000032  loss: 0.002757
2026-08-21 16:57:34,790 [INFO] gates: {"epoch": 31, "raw_quality_ratio": 2.79, "quality_ratio": 0.0495, "lambda_q": 0.0177, "deviation_mean": 1.1369, "deviation_std": 0.1103, "patch_w_mean": 0.321, "patch_w_std": 0.0778, "corr_s9_mean": 0.2008, "corr_s9_std": 0.0919, "corr_s12_mean": 0.0018, "corr_s12_std": 0.0501, "corr_s_global": 0.2441, "corr_f_max_mean": 0.0309}
2026-08-21 16:57:34,790 [INFO] Evaluating on val.
Train: data epoch: [31]  [ 0/37]  eta: 0:00:32  lr: 0.000032  loss: 0.0026  time: 0.8843  data: 0.0001  max mem: 9968
Train: data epoch: [31]  [20/37]  eta: 0:00:06  lr: 0.000032  loss: 0.0033  time: 0.3421  data: 0.0000  max mem: 9968
Train: data epoch: [31]  [36/37]  eta: 0:00:00  lr: 0.000032  loss: 0.0021  time: 0.3411  data: 0.0000  max mem: 9968
Train: data epoch: [31] Total time: 0:00:13 (0.3565 s / it)
2026-08-21 16:57:39,400 [INFO] Qual: EPOCH[31] -> PLCC: 0.895268, SROCC: 0.849962, KROCC: 0.665647, LOSS: 0.202068
2026-08-21 16:57:39,400 [INFO] Align: EPOCH[31] -> PLCC: 0.811872, SROCC: 0.655462, KROCC: 0.477692, LOSS: 0.338278
2026-08-21 16:57:39,401 [INFO] Start training
2026-08-21 16:57:39,738 [INFO] Start training epoch 32, 37 iters per inner epoch.
2026-08-21 16:57:53,060 [INFO] Averaged stats: lr: 0.000029  loss: 0.002356
2026-08-21 16:57:53,168 [INFO] gates: {"epoch": 32, "raw_quality_ratio": 2.6982, "quality_ratio": 0.048, "lambda_q": 0.0178, "deviation_mean": 1.1132, "deviation_std": 0.097, "patch_w_mean": 0.3269, "patch_w_std": 0.0766, "corr_s9_mean": 0.1724, "corr_s9_std": 0.092, "corr_s12_mean": 0.0027, "corr_s12_std": 0.0501, "corr_s_global": 0.2396, "corr_f_max_mean": 0.03}
2026-08-21 16:57:53,169 [INFO] Evaluating on val.
Train: data epoch: [32]  [ 0/37]  eta: 0:00:36  lr: 0.000029  loss: 0.0026  time: 0.9797  data: 0.0002  max mem: 9968
Train: data epoch: [32]  [20/37]  eta: 0:00:06  lr: 0.000029  loss: 0.0038  time: 0.3445  data: 0.0000  max mem: 9968
Train: data epoch: [32]  [36/37]  eta: 0:00:00  lr: 0.000029  loss: 0.0025  time: 0.3408  data: 0.0000  max mem: 9968
Train: data epoch: [32] Total time: 0:00:13 (0.3601 s / it)
2026-08-21 16:57:57,917 [INFO] Qual: EPOCH[32] -> PLCC: 0.894984, SROCC: 0.849722, KROCC: 0.665320, LOSS: 0.203381
2026-08-21 16:57:57,917 [INFO] Align: EPOCH[32] -> PLCC: 0.811783, SROCC: 0.655367, KROCC: 0.477364, LOSS: 0.340441
2026-08-21 16:57:57,918 [INFO] Start training
2026-08-21 16:57:58,226 [INFO] Start training epoch 33, 37 iters per inner epoch.
2026-08-21 16:58:11,588 [INFO] Averaged stats: lr: 0.000027  loss: 0.002346
2026-08-21 16:58:11,679 [INFO] gates: {"epoch": 33, "raw_quality_ratio": 2.7624, "quality_ratio": 0.0493, "lambda_q": 0.0178, "deviation_mean": 1.1054, "deviation_std": 0.0999, "patch_w_mean": 0.3267, "patch_w_std": 0.075, "corr_s9_mean": 0.186, "corr_s9_std": 0.0956, "corr_s12_mean": -0.0048, "corr_s12_std": 0.0496, "corr_s_global": 0.2396, "corr_f_max_mean": 0.031}
2026-08-21 16:58:11,679 [INFO] Evaluating on val.
Train: data epoch: [33]  [ 0/37]  eta: 0:00:40  lr: 0.000027  loss: 0.0023  time: 1.0975  data: 0.0002  max mem: 9968
Train: data epoch: [33]  [20/37]  eta: 0:00:06  lr: 0.000027  loss: 0.0030  time: 0.3416  data: 0.0000  max mem: 9968
Train: data epoch: [33]  [36/37]  eta: 0:00:00  lr: 0.000027  loss: 0.0031  time: 0.3394  data: 0.0000  max mem: 9968
Train: data epoch: [33] Total time: 0:00:13 (0.3611 s / it)
2026-08-21 16:58:16,333 [INFO] Qual: EPOCH[33] -> PLCC: 0.894394, SROCC: 0.849252, KROCC: 0.664779, LOSS: 0.204525
2026-08-21 16:58:16,334 [INFO] Align: EPOCH[33] -> PLCC: 0.811984, SROCC: 0.655252, KROCC: 0.477331, LOSS: 0.338834
2026-08-21 16:58:16,334 [INFO] Start training
2026-08-21 16:58:16,664 [INFO] Start training epoch 34, 37 iters per inner epoch.
2026-08-21 16:58:29,940 [INFO] Averaged stats: lr: 0.000024  loss: 0.002241
2026-08-21 16:58:30,031 [INFO] gates: {"epoch": 34, "raw_quality_ratio": 2.7963, "quality_ratio": 0.05, "lambda_q": 0.0179, "deviation_mean": 1.0908, "deviation_std": 0.1017, "patch_w_mean": 0.3187, "patch_w_std": 0.0768, "corr_s9_mean": 0.1976, "corr_s9_std": 0.0902, "corr_s12_mean": 0.0049, "corr_s12_std": 0.0489, "corr_s_global": 0.2394, "corr_f_max_mean": 0.0306}
2026-08-21 16:58:30,032 [INFO] Evaluating on val.
Train: data epoch: [34]  [ 0/37]  eta: 0:00:36  lr: 0.000024  loss: 0.0024  time: 0.9773  data: 0.0002  max mem: 9968
Train: data epoch: [34]  [20/37]  eta: 0:00:06  lr: 0.000024  loss: 0.0022  time: 0.3428  data: 0.0000  max mem: 9968
Train: data epoch: [34]  [36/37]  eta: 0:00:00  lr: 0.000024  loss: 0.0019  time: 0.3401  data: 0.0000  max mem: 9968
Train: data epoch: [34] Total time: 0:00:13 (0.3588 s / it)
2026-08-21 16:58:34,546 [INFO] Qual: EPOCH[34] -> PLCC: 0.894320, SROCC: 0.848311, KROCC: 0.663616, LOSS: 0.203722
2026-08-21 16:58:34,546 [INFO] Align: EPOCH[34] -> PLCC: 0.812159, SROCC: 0.656643, KROCC: 0.478684, LOSS: 0.338892
2026-08-21 16:58:34,547 [INFO] Start training
2026-08-21 16:58:34,909 [INFO] Start training epoch 35, 37 iters per inner epoch.
2026-08-21 16:58:48,203 [INFO] Averaged stats: lr: 0.000021  loss: 0.002039
2026-08-21 16:58:48,303 [INFO] gates: {"epoch": 35, "raw_quality_ratio": 2.7403, "quality_ratio": 0.0491, "lambda_q": 0.0179, "deviation_mean": 1.1039, "deviation_std": 0.109, "patch_w_mean": 0.3209, "patch_w_std": 0.0783, "corr_s9_mean": 0.1993, "corr_s9_std": 0.0886, "corr_s12_mean": -0.0037, "corr_s12_std": 0.0507, "corr_s_global": 0.2338, "corr_f_max_mean": 0.0305}
2026-08-21 16:58:48,303 [INFO] Evaluating on val.
Train: data epoch: [35]  [ 0/37]  eta: 0:00:41  lr: 0.000021  loss: 0.0013  time: 1.1322  data: 0.0002  max mem: 9968
Train: data epoch: [35]  [20/37]  eta: 0:00:06  lr: 0.000021  loss: 0.0022  time: 0.3393  data: 0.0000  max mem: 9968
Train: data epoch: [35]  [36/37]  eta: 0:00:00  lr: 0.000021  loss: 0.0013  time: 0.3365  data: 0.0000  max mem: 9968
Train: data epoch: [35] Total time: 0:00:13 (0.3593 s / it)
2026-08-21 16:58:52,816 [INFO] Qual: EPOCH[35] -> PLCC: 0.894262, SROCC: 0.848951, KROCC: 0.664519, LOSS: 0.204753
2026-08-21 16:58:52,816 [INFO] Align: EPOCH[35] -> PLCC: 0.812284, SROCC: 0.656546, KROCC: 0.478707, LOSS: 0.339564
2026-08-21 16:58:52,831 [INFO] Saving checkpoint at epoch 35 to run/20260821164_Full_V111_s4/checkpoint_latest.pth.
2026-08-21 16:58:52,927 [INFO] Start training
2026-08-21 16:58:53,237 [INFO] Start training epoch 36, 37 iters per inner epoch.
2026-08-21 16:59:06,294 [INFO] Averaged stats: lr: 0.000019  loss: 0.001946
2026-08-21 16:59:06,385 [INFO] gates: {"epoch": 36, "raw_quality_ratio": 2.7519, "quality_ratio": 0.0494, "lambda_q": 0.0179, "deviation_mean": 1.096, "deviation_std": 0.0979, "patch_w_mean": 0.3173, "patch_w_std": 0.0782, "corr_s9_mean": 0.1924, "corr_s9_std": 0.0962, "corr_s12_mean": -0.0114, "corr_s12_std": 0.0524, "corr_s_global": 0.2436, "corr_f_max_mean": 0.031}
2026-08-21 16:59:06,385 [INFO] Evaluating on val.
Train: data epoch: [36]  [ 0/37]  eta: 0:00:31  lr: 0.000019  loss: 0.0017  time: 0.8564  data: 0.0001  max mem: 9968
Train: data epoch: [36]  [20/37]  eta: 0:00:06  lr: 0.000019  loss: 0.0020  time: 0.3391  data: 0.0000  max mem: 9968
Train: data epoch: [36]  [36/37]  eta: 0:00:00  lr: 0.000019  loss: 0.0026  time: 0.3383  data: 0.0000  max mem: 9968
Train: data epoch: [36] Total time: 0:00:13 (0.3529 s / it)
2026-08-21 16:59:11,015 [INFO] Qual: EPOCH[36] -> PLCC: 0.894666, SROCC: 0.849198, KROCC: 0.664937, LOSS: 0.203694
2026-08-21 16:59:11,015 [INFO] Align: EPOCH[36] -> PLCC: 0.812310, SROCC: 0.656405, KROCC: 0.478335, LOSS: 0.337523
2026-08-21 16:59:11,016 [INFO] Start training
2026-08-21 16:59:11,359 [INFO] Start training epoch 37, 37 iters per inner epoch.
2026-08-21 16:59:24,634 [INFO] Averaged stats: lr: 0.000017  loss: 0.001758
2026-08-21 16:59:24,726 [INFO] gates: {"epoch": 37, "raw_quality_ratio": 2.6617, "quality_ratio": 0.0479, "lambda_q": 0.018, "deviation_mean": 1.0894, "deviation_std": 0.0909, "patch_w_mean": 0.3194, "patch_w_std": 0.0773, "corr_s9_mean": 0.185, "corr_s9_std": 0.0942, "corr_s12_mean": 0.0022, "corr_s12_std": 0.0491, "corr_s_global": 0.2432, "corr_f_max_mean": 0.0305}
2026-08-21 16:59:24,726 [INFO] Evaluating on val.
Train: data epoch: [37]  [ 0/37]  eta: 0:00:35  lr: 0.000017  loss: 0.0013  time: 0.9573  data: 0.0001  max mem: 9968
Train: data epoch: [37]  [20/37]  eta: 0:00:06  lr: 0.000017  loss: 0.0014  time: 0.3424  data: 0.0000  max mem: 9968
Train: data epoch: [37]  [36/37]  eta: 0:00:00  lr: 0.000017  loss: 0.0021  time: 0.3417  data: 0.0000  max mem: 9968
Train: data epoch: [37] Total time: 0:00:13 (0.3588 s / it)
2026-08-21 16:59:29,423 [INFO] Qual: EPOCH[37] -> PLCC: 0.894113, SROCC: 0.848990, KROCC: 0.664639, LOSS: 0.205214
2026-08-21 16:59:29,423 [INFO] Align: EPOCH[37] -> PLCC: 0.812331, SROCC: 0.656541, KROCC: 0.478583, LOSS: 0.338425
2026-08-21 16:59:29,424 [INFO] Start training
2026-08-21 16:59:29,769 [INFO] Start training epoch 38, 37 iters per inner epoch.
2026-08-21 16:59:43,038 [INFO] Averaged stats: lr: 0.000014  loss: 0.001806
2026-08-21 16:59:43,125 [INFO] gates: {"epoch": 38, "raw_quality_ratio": 2.6572, "quality_ratio": 0.0478, "lambda_q": 0.018, "deviation_mean": 1.1001, "deviation_std": 0.0858, "patch_w_mean": 0.3203, "patch_w_std": 0.077, "corr_s9_mean": 0.1894, "corr_s9_std": 0.0906, "corr_s12_mean": -0.0068, "corr_s12_std": 0.0505, "corr_s_global": 0.2406, "corr_f_max_mean": 0.0303}
2026-08-21 16:59:43,125 [INFO] Evaluating on val.
Train: data epoch: [38]  [ 0/37]  eta: 0:00:37  lr: 0.000014  loss: 0.0013  time: 1.0217  data: 0.0002  max mem: 9968
Train: data epoch: [38]  [20/37]  eta: 0:00:06  lr: 0.000014  loss: 0.0018  time: 0.3407  data: 0.0000  max mem: 9968
Train: data epoch: [38]  [36/37]  eta: 0:00:00  lr: 0.000014  loss: 0.0014  time: 0.3391  data: 0.0000  max mem: 9968
Train: data epoch: [38] Total time: 0:00:13 (0.3586 s / it)
2026-08-21 16:59:47,690 [INFO] Qual: EPOCH[38] -> PLCC: 0.894658, SROCC: 0.849210, KROCC: 0.664677, LOSS: 0.203668
2026-08-21 16:59:47,690 [INFO] Align: EPOCH[38] -> PLCC: 0.812186, SROCC: 0.656217, KROCC: 0.478199, LOSS: 0.339054
2026-08-21 16:59:47,691 [INFO] Start training
2026-08-21 16:59:48,026 [INFO] Start training epoch 39, 37 iters per inner epoch.
2026-08-21 17:00:01,367 [INFO] Averaged stats: lr: 0.000012  loss: 0.001714
2026-08-21 17:00:01,459 [INFO] gates: {"epoch": 39, "raw_quality_ratio": 2.8904, "quality_ratio": 0.0521, "lambda_q": 0.018, "deviation_mean": 1.105, "deviation_std": 0.0979, "patch_w_mean": 0.3137, "patch_w_std": 0.0772, "corr_s9_mean": 0.2024, "corr_s9_std": 0.092, "corr_s12_mean": 0.0016, "corr_s12_std": 0.0495, "corr_s_global": 0.2347, "corr_f_max_mean": 0.0308}
2026-08-21 17:00:01,459 [INFO] Evaluating on val.
Train: data epoch: [39]  [ 0/37]  eta: 0:00:40  lr: 0.000012  loss: 0.0021  time: 1.0911  data: 0.0001  max mem: 9968
Train: data epoch: [39]  [20/37]  eta: 0:00:06  lr: 0.000012  loss: 0.0026  time: 0.3412  data: 0.0000  max mem: 9968
Train: data epoch: [39]  [36/37]  eta: 0:00:00  lr: 0.000012  loss: 0.0023  time: 0.3391  data: 0.0000  max mem: 9968
Train: data epoch: [39] Total time: 0:00:13 (0.3605 s / it)
2026-08-21 17:00:06,022 [INFO] Qual: EPOCH[39] -> PLCC: 0.894637, SROCC: 0.849147, KROCC: 0.664891, LOSS: 0.203820
2026-08-21 17:00:06,023 [INFO] Align: EPOCH[39] -> PLCC: 0.812174, SROCC: 0.656205, KROCC: 0.478211, LOSS: 0.338666
2026-08-21 17:00:06,023 [INFO] Start training
2026-08-21 17:00:06,335 [INFO] Start training epoch 40, 37 iters per inner epoch.
2026-08-21 17:00:19,475 [INFO] Averaged stats: lr: 0.000010  loss: 0.001641
2026-08-21 17:00:19,560 [INFO] gates: {"epoch": 40, "raw_quality_ratio": 2.8941, "quality_ratio": 0.0522, "lambda_q": 0.018, "deviation_mean": 1.0965, "deviation_std": 0.0907, "patch_w_mean": 0.3106, "patch_w_std": 0.0763, "corr_s9_mean": 0.2065, "corr_s9_std": 0.09, "corr_s12_mean": -0.0144, "corr_s12_std": 0.0506, "corr_s_global": 0.2296, "corr_f_max_mean": 0.0309}
2026-08-21 17:00:19,560 [INFO] Evaluating on val.
Train: data epoch: [40]  [ 0/37]  eta: 0:00:32  lr: 0.000010  loss: 0.0017  time: 0.8865  data: 0.0001  max mem: 9968
Train: data epoch: [40]  [20/37]  eta: 0:00:06  lr: 0.000010  loss: 0.0016  time: 0.3416  data: 0.0000  max mem: 9968
Train: data epoch: [40]  [36/37]  eta: 0:00:00  lr: 0.000010  loss: 0.0019  time: 0.3387  data: 0.0000  max mem: 9968
Train: data epoch: [40] Total time: 0:00:13 (0.3551 s / it)
2026-08-21 17:00:24,161 [INFO] Qual: EPOCH[40] -> PLCC: 0.894481, SROCC: 0.849164, KROCC: 0.664982, LOSS: 0.204370
2026-08-21 17:00:24,161 [INFO] Align: EPOCH[40] -> PLCC: 0.812296, SROCC: 0.656460, KROCC: 0.478515, LOSS: 0.338551
2026-08-21 17:00:24,178 [INFO] Saving checkpoint at epoch 40 to run/20260821164_Full_V111_s4/checkpoint_latest.pth.
2026-08-21 17:00:24,284 [INFO] Start training
2026-08-21 17:00:24,620 [INFO] Start training epoch 41, 37 iters per inner epoch.
2026-08-21 17:00:37,816 [INFO] Averaged stats: lr: 0.000009  loss: 0.001631
2026-08-21 17:00:37,913 [INFO] gates: {"epoch": 41, "raw_quality_ratio": 2.8398, "quality_ratio": 0.0513, "lambda_q": 0.0181, "deviation_mean": 1.0992, "deviation_std": 0.0991, "patch_w_mean": 0.3175, "patch_w_std": 0.0775, "corr_s9_mean": 0.2089, "corr_s9_std": 0.0921, "corr_s12_mean": -0.0159, "corr_s12_std": 0.0531, "corr_s_global": 0.2382, "corr_f_max_mean": 0.0315}
2026-08-21 17:00:37,913 [INFO] Evaluating on val.
Train: data epoch: [41]  [ 0/37]  eta: 0:00:35  lr: 0.000009  loss: 0.0015  time: 0.9508  data: 0.0001  max mem: 9968
Train: data epoch: [41]  [20/37]  eta: 0:00:06  lr: 0.000009  loss: 0.0015  time: 0.3407  data: 0.0000  max mem: 9968
Train: data epoch: [41]  [36/37]  eta: 0:00:00  lr: 0.000009  loss: 0.0013  time: 0.3391  data: 0.0000  max mem: 9968
Train: data epoch: [41] Total time: 0:00:13 (0.3566 s / it)
2026-08-21 17:00:42,456 [INFO] Qual: EPOCH[41] -> PLCC: 0.894488, SROCC: 0.848949, KROCC: 0.664869, LOSS: 0.204447
2026-08-21 17:00:42,456 [INFO] Align: EPOCH[41] -> PLCC: 0.812288, SROCC: 0.656249, KROCC: 0.478132, LOSS: 0.337757
2026-08-21 17:00:42,457 [INFO] Start training
2026-08-21 17:00:42,762 [INFO] Start training epoch 42, 37 iters per inner epoch.
2026-08-21 17:00:56,076 [INFO] Averaged stats: lr: 0.000007  loss: 0.001629
2026-08-21 17:00:56,181 [INFO] gates: {"epoch": 42, "raw_quality_ratio": 2.6762, "quality_ratio": 0.0483, "lambda_q": 0.0181, "deviation_mean": 1.0877, "deviation_std": 0.1056, "patch_w_mean": 0.3186, "patch_w_std": 0.0763, "corr_s9_mean": 0.1784, "corr_s9_std": 0.0959, "corr_s12_mean": -0.0028, "corr_s12_std": 0.0504, "corr_s_global": 0.2434, "corr_f_max_mean": 0.0307}
2026-08-21 17:00:56,181 [INFO] Evaluating on val.
Train: data epoch: [42]  [ 0/37]  eta: 0:00:40  lr: 0.000007  loss: 0.0014  time: 1.0961  data: 0.0001  max mem: 9968
Train: data epoch: [42]  [20/37]  eta: 0:00:06  lr: 0.000007  loss: 0.0015  time: 0.3388  data: 0.0000  max mem: 9968
Train: data epoch: [42]  [36/37]  eta: 0:00:00  lr: 0.000007  loss: 0.0013  time: 0.3396  data: 0.0000  max mem: 9968
Train: data epoch: [42] Total time: 0:00:13 (0.3598 s / it)
2026-08-21 17:01:00,870 [INFO] Qual: EPOCH[42] -> PLCC: 0.894657, SROCC: 0.849116, KROCC: 0.665038, LOSS: 0.203574
2026-08-21 17:01:00,870 [INFO] Align: EPOCH[42] -> PLCC: 0.812356, SROCC: 0.656405, KROCC: 0.478335, LOSS: 0.338618
2026-08-21 17:01:00,871 [INFO] Start training
2026-08-21 17:01:01,201 [INFO] Start training epoch 43, 37 iters per inner epoch.
2026-08-21 17:01:14,517 [INFO] Averaged stats: lr: 0.000006  loss: 0.001517
2026-08-21 17:01:14,634 [INFO] gates: {"epoch": 43, "raw_quality_ratio": 3.2648, "quality_ratio": 0.059, "lambda_q": 0.0181, "deviation_mean": 1.0906, "deviation_std": 0.0957, "patch_w_mean": 0.31, "patch_w_std": 0.0762, "corr_s9_mean": 0.2111, "corr_s9_std": 0.09, "corr_s12_mean": -0.0067, "corr_s12_std": 0.0506, "corr_s_global": 0.2346, "corr_f_max_mean": 0.0311}
2026-08-21 17:01:14,634 [INFO] Evaluating on val.
Train: data epoch: [43]  [ 0/37]  eta: 0:00:38  lr: 0.000006  loss: 0.0020  time: 1.0273  data: 0.0002  max mem: 9968
Train: data epoch: [43]  [20/37]  eta: 0:00:06  lr: 0.000006  loss: 0.0013  time: 0.3405  data: 0.0000  max mem: 9968
Train: data epoch: [43]  [36/37]  eta: 0:00:00  lr: 0.000006  loss: 0.0018  time: 0.3418  data: 0.0000  max mem: 9968
Train: data epoch: [43] Total time: 0:00:13 (0.3599 s / it)
2026-08-21 17:01:19,340 [INFO] Qual: EPOCH[43] -> PLCC: 0.894482, SROCC: 0.849083, KROCC: 0.665004, LOSS: 0.204315
2026-08-21 17:01:19,340 [INFO] Align: EPOCH[43] -> PLCC: 0.812494, SROCC: 0.656666, KROCC: 0.478617, LOSS: 0.337760
2026-08-21 17:01:19,341 [INFO] Start training
2026-08-21 17:01:19,685 [INFO] Start training epoch 44, 37 iters per inner epoch.
2026-08-21 17:01:33,119 [INFO] Averaged stats: lr: 0.000004  loss: 0.001589
2026-08-21 17:01:33,203 [INFO] gates: {"epoch": 44, "raw_quality_ratio": 2.5805, "quality_ratio": 0.0467, "lambda_q": 0.0181, "deviation_mean": 1.0948, "deviation_std": 0.1076, "patch_w_mean": 0.3153, "patch_w_std": 0.0764, "corr_s9_mean": 0.1874, "corr_s9_std": 0.0905, "corr_s12_mean": -0.0015, "corr_s12_std": 0.0512, "corr_s_global": 0.2393, "corr_f_max_mean": 0.0302}
2026-08-21 17:01:33,203 [INFO] Evaluating on val.
Train: data epoch: [44]  [ 0/37]  eta: 0:00:42  lr: 0.000004  loss: 0.0013  time: 1.1401  data: 0.0001  max mem: 9968
Train: data epoch: [44]  [20/37]  eta: 0:00:06  lr: 0.000004  loss: 0.0023  time: 0.3426  data: 0.0000  max mem: 9968
Train: data epoch: [44]  [36/37]  eta: 0:00:00  lr: 0.000004  loss: 0.0011  time: 0.3406  data: 0.0000  max mem: 9968
Train: data epoch: [44] Total time: 0:00:13 (0.3631 s / it)
2026-08-21 17:01:37,671 [INFO] Qual: EPOCH[44] -> PLCC: 0.894457, SROCC: 0.849123, KROCC: 0.664970, LOSS: 0.203984
2026-08-21 17:01:37,672 [INFO] Align: EPOCH[44] -> PLCC: 0.812370, SROCC: 0.656338, KROCC: 0.478380, LOSS: 0.338017
2026-08-21 17:01:37,673 [INFO] Start training
2026-08-21 17:01:38,009 [INFO] Start training epoch 45, 37 iters per inner epoch.
2026-08-21 17:01:51,442 [INFO] Averaged stats: lr: 0.000003  loss: 0.001493
2026-08-21 17:01:51,512 [INFO] gates: {"epoch": 45, "raw_quality_ratio": 2.8055, "quality_ratio": 0.0508, "lambda_q": 0.0181, "deviation_mean": 1.0974, "deviation_std": 0.0988, "patch_w_mean": 0.3068, "patch_w_std": 0.0776, "corr_s9_mean": 0.1894, "corr_s9_std": 0.0917, "corr_s12_mean": -0.0042, "corr_s12_std": 0.0502, "corr_s_global": 0.233, "corr_f_max_mean": 0.0302}
2026-08-21 17:01:51,512 [INFO] Evaluating on val.
Train: data epoch: [45]  [ 0/37]  eta: 0:00:42  lr: 0.000003  loss: 0.0012  time: 1.1546  data: 0.0001  max mem: 9968
Train: data epoch: [45]  [20/37]  eta: 0:00:06  lr: 0.000003  loss: 0.0014  time: 0.3407  data: 0.0000  max mem: 9968
Train: data epoch: [45]  [36/37]  eta: 0:00:00  lr: 0.000003  loss: 0.0012  time: 0.3409  data: 0.0000  max mem: 9968
Train: data epoch: [45] Total time: 0:00:13 (0.3631 s / it)
2026-08-21 17:01:55,961 [INFO] Qual: EPOCH[45] -> PLCC: 0.894446, SROCC: 0.849117, KROCC: 0.664993, LOSS: 0.203956
2026-08-21 17:01:55,961 [INFO] Align: EPOCH[45] -> PLCC: 0.812313, SROCC: 0.656238, KROCC: 0.478278, LOSS: 0.338373
2026-08-21 17:01:55,977 [INFO] Saving checkpoint at epoch 45 to run/20260821164_Full_V111_s4/checkpoint_latest.pth.
2026-08-21 17:01:56,072 [INFO] Start training
2026-08-21 17:01:56,409 [INFO] Start training epoch 46, 37 iters per inner epoch.
2026-08-21 17:02:09,788 [INFO] Averaged stats: lr: 0.000003  loss: 0.001541
2026-08-21 17:02:09,871 [INFO] gates: {"epoch": 46, "raw_quality_ratio": 2.8999, "quality_ratio": 0.0525, "lambda_q": 0.0181, "deviation_mean": 1.0984, "deviation_std": 0.102, "patch_w_mean": 0.3081, "patch_w_std": 0.0763, "corr_s9_mean": 0.1901, "corr_s9_std": 0.0948, "corr_s12_mean": -0.0042, "corr_s12_std": 0.0522, "corr_s_global": 0.2321, "corr_f_max_mean": 0.0311}
2026-08-21 17:02:09,871 [INFO] Evaluating on val.
Train: data epoch: [46]  [ 0/37]  eta: 0:00:42  lr: 0.000003  loss: 0.0017  time: 1.1497  data: 0.0002  max mem: 9968
Train: data epoch: [46]  [20/37]  eta: 0:00:06  lr: 0.000003  loss: 0.0019  time: 0.3407  data: 0.0000  max mem: 9968
Train: data epoch: [46]  [36/37]  eta: 0:00:00  lr: 0.000003  loss: 0.0015  time: 0.3379  data: 0.0000  max mem: 9968
Train: data epoch: [46] Total time: 0:00:13 (0.3616 s / it)
2026-08-21 17:02:14,465 [INFO] Qual: EPOCH[46] -> PLCC: 0.894378, SROCC: 0.849162, KROCC: 0.665038, LOSS: 0.204148
2026-08-21 17:02:14,465 [INFO] Align: EPOCH[46] -> PLCC: 0.812307, SROCC: 0.656282, KROCC: 0.478278, LOSS: 0.338262
2026-08-21 17:02:14,467 [INFO] Start training
2026-08-21 17:02:14,814 [INFO] Start training epoch 47, 37 iters per inner epoch.
2026-08-21 17:02:27,969 [INFO] Averaged stats: lr: 0.000002  loss: 0.001467
2026-08-21 17:02:28,056 [INFO] gates: {"epoch": 47, "raw_quality_ratio": 2.8462, "quality_ratio": 0.0515, "lambda_q": 0.0181, "deviation_mean": 1.094, "deviation_std": 0.102, "patch_w_mean": 0.3085, "patch_w_std": 0.0762, "corr_s9_mean": 0.1854, "corr_s9_std": 0.094, "corr_s12_mean": -0.0129, "corr_s12_std": 0.0508, "corr_s_global": 0.2345, "corr_f_max_mean": 0.0307}
2026-08-21 17:02:28,057 [INFO] Evaluating on val.
Train: data epoch: [47]  [ 0/37]  eta: 0:00:34  lr: 0.000002  loss: 0.0010  time: 0.9436  data: 0.0001  max mem: 9968
Train: data epoch: [47]  [20/37]  eta: 0:00:06  lr: 0.000002  loss: 0.0015  time: 0.3397  data: 0.0000  max mem: 9968
Train: data epoch: [47]  [36/37]  eta: 0:00:00  lr: 0.000002  loss: 0.0012  time: 0.3383  data: 0.0000  max mem: 9968
Train: data epoch: [47] Total time: 0:00:13 (0.3555 s / it)
2026-08-21 17:02:32,676 [INFO] Qual: EPOCH[47] -> PLCC: 0.894421, SROCC: 0.849060, KROCC: 0.664824, LOSS: 0.203996
2026-08-21 17:02:32,676 [INFO] Align: EPOCH[47] -> PLCC: 0.812335, SROCC: 0.656388, KROCC: 0.478369, LOSS: 0.338137
2026-08-21 17:02:32,677 [INFO] Start training
2026-08-21 17:02:33,016 [INFO] Start training epoch 48, 37 iters per inner epoch.
2026-08-21 17:02:46,269 [INFO] Averaged stats: lr: 0.000001  loss: 0.001520
2026-08-21 17:02:46,354 [INFO] gates: {"epoch": 48, "raw_quality_ratio": 2.7588, "quality_ratio": 0.0499, "lambda_q": 0.0181, "deviation_mean": 1.0944, "deviation_std": 0.103, "patch_w_mean": 0.3059, "patch_w_std": 0.0792, "corr_s9_mean": 0.205, "corr_s9_std": 0.0921, "corr_s12_mean": -0.0117, "corr_s12_std": 0.0518, "corr_s_global": 0.2347, "corr_f_max_mean": 0.0312}
2026-08-21 17:02:46,354 [INFO] Evaluating on val.
Train: data epoch: [48]  [ 0/37]  eta: 0:00:35  lr: 0.000001  loss: 0.0015  time: 0.9724  data: 0.0002  max mem: 9968
Train: data epoch: [48]  [20/37]  eta: 0:00:06  lr: 0.000001  loss: 0.0014  time: 0.3417  data: 0.0000  max mem: 9968
Train: data epoch: [48]  [36/37]  eta: 0:00:00  lr: 0.000001  loss: 0.0021  time: 0.3398  data: 0.0000  max mem: 9968
Train: data epoch: [48] Total time: 0:00:13 (0.3582 s / it)
2026-08-21 17:02:50,877 [INFO] Qual: EPOCH[48] -> PLCC: 0.894440, SROCC: 0.849050, KROCC: 0.664891, LOSS: 0.204008
2026-08-21 17:02:50,877 [INFO] Align: EPOCH[48] -> PLCC: 0.812319, SROCC: 0.656320, KROCC: 0.478312, LOSS: 0.338365
2026-08-21 17:02:50,878 [INFO] Start training
2026-08-21 17:02:51,181 [INFO] Start training epoch 49, 37 iters per inner epoch.
2026-08-21 17:03:04,377 [INFO] Averaged stats: lr: 0.000001  loss: 0.001521
2026-08-21 17:03:04,446 [INFO] gates: {"epoch": 49, "raw_quality_ratio": 2.5127, "quality_ratio": 0.0455, "lambda_q": 0.0181, "deviation_mean": 1.1079, "deviation_std": 0.1091, "patch_w_mean": 0.3143, "patch_w_std": 0.081, "corr_s9_mean": 0.1748, "corr_s9_std": 0.0912, "corr_s12_mean": 0.0151, "corr_s12_std": 0.0483, "corr_s_global": 0.2378, "corr_f_max_mean": 0.0299}
2026-08-21 17:03:04,447 [INFO] Evaluating on val.
Train: data epoch: [49]  [ 0/37]  eta: 0:00:35  lr: 0.000001  loss: 0.0012  time: 0.9598  data: 0.0001  max mem: 9968
Train: data epoch: [49]  [20/37]  eta: 0:00:06  lr: 0.000001  loss: 0.0018  time: 0.3406  data: 0.0000  max mem: 9968
Train: data epoch: [49]  [36/37]  eta: 0:00:00  lr: 0.000001  loss: 0.0012  time: 0.3390  data: 0.0000  max mem: 9968
Train: data epoch: [49] Total time: 0:00:13 (0.3566 s / it)
2026-08-21 17:03:09,035 [INFO] Qual: EPOCH[49] -> PLCC: 0.894502, SROCC: 0.849166, KROCC: 0.665049, LOSS: 0.203767
2026-08-21 17:03:09,035 [INFO] Align: EPOCH[49] -> PLCC: 0.812329, SROCC: 0.656431, KROCC: 0.478470, LOSS: 0.338204
2026-08-21 17:03:09,212 [INFO] Saving checkpoint at epoch 49 to run/20260821164_Full_V111_s4/checkpoint_latest.pth.
[{'agg_metrics': np.float64(4.4648246903500635), 'qual_agg': np.float64(2.4202055110326617), 'qual_PLCC': np.float64(0.8973007275583031), 'qual_SROCC': np.float64(0.8543236811660402), 'qual_KROCC': np.float64(0.6685811023083186), 'align_agg': np.float64(2.0446191793174013), 'align_PLCC': np.float64(0.8391183610324864), 'align_SROCC': np.float64(0.6950221399460111), 'align_KROCC': np.float64(0.5104786783389036)}]
{'agg_metrics': np.float64(4.4648246903500635), 'qual_agg': np.float64(2.4202055110326617), 'qual_PLCC': np.float64(0.8973007275583031), 'qual_SROCC': np.float64(0.8543236811660402), 'qual_KROCC': np.float64(0.6685811023083186), 'align_agg': np.float64(2.0446191793174013), 'align_PLCC': np.float64(0.8391183610324864), 'align_SROCC': np.float64(0.6950221399460111), 'align_KROCC': np.float64(0.5104786783389036)}
