2026-08-22 10:59:40,785 [INFO] Loaded init weights from init_ckpt/v18_aigiqa20k_seed42.pth
2026-08-22 10:59:40,785 [INFO] Start training
2026-08-22 10:59:40,808 [INFO] number of trainable parameters: 2144518
Not using distributed mode
['msqr_dgmpq_cadr_v18', 'msqr_dgmpq_daps_v16', 'msqr_dgmpq_hcmi_v8', 'msqr_dgmpq_mscm_v10', 'msqr_dgmpq_mscm_v11', 'msqr_dgmpq_mscm_v12', 'msqr_dgmpq_msrc_v14', 'msqr_dgmpq_ptlc_v15', 'msqr_dgmpq_qard_v17', 'msqr_dgmpq_tcap_v9']
2026-08-22 10:59:41,460 [INFO] Start training epoch 0, 218 iters per inner epoch.
2026-08-22 11:01:47,155 [INFO] Averaged stats: lr: 0.000088  loss: 2.937739
2026-08-22 11:01:47,269 [INFO] gates: {"epoch": 0, "raw_quality_ratio": 4.4596, "quality_ratio": 0.0627, "cadr_delta_ratio": 3.4992, "lambda_q": 0.0141, "deviation_mean": 1.0771, "deviation_std": 0.0643, "patch_w_mean": 0.5188, "patch_w_std": 0.0154, "cadr_dw_norm": 2.8926, "cadr_dw_batch_std": 0.035, "cadr_db_abs": 0.2004, "cadr_delta_abs": 2.8876, "cadr_content_norm": 11.3748}
2026-08-22 11:01:47,269 [INFO] Evaluating on val.
Train: data epoch: [0]  [  0/218]  eta: 0:43:14  lr: 0.000000  loss: 16.3317  time: 11.8993  data: 0.0001  max mem: 5157
Train: data epoch: [0]  [ 20/218]  eta: 0:03:43  lr: 0.000040  loss: 15.0030  time: 0.5897  data: 0.0000  max mem: 5170
Train: data epoch: [0]  [ 40/218]  eta: 0:02:35  lr: 0.000080  loss: 7.0898  time: 0.6050  data: 0.0000  max mem: 5170
Train: data epoch: [0]  [ 60/218]  eta: 0:02:02  lr: 0.000100  loss: 0.8209  time: 0.5660  data: 0.0000  max mem: 5170
Train: data epoch: [0]  [ 80/218]  eta: 0:01:39  lr: 0.000100  loss: 0.4695  time: 0.5502  data: 0.0000  max mem: 5170
Train: data epoch: [0]  [100/218]  eta: 0:01:20  lr: 0.000100  loss: 0.2111  time: 0.5554  data: 0.0000  max mem: 5170
Train: data epoch: [0]  [120/218]  eta: 0:01:05  lr: 0.000100  loss: 0.1837  time: 0.5534  data: 0.0000  max mem: 5170
Train: data epoch: [0]  [140/218]  eta: 0:00:50  lr: 0.000100  loss: 0.2043  time: 0.5388  data: 0.0000  max mem: 5170
Train: data epoch: [0]  [160/218]  eta: 0:00:36  lr: 0.000100  loss: 0.1675  time: 0.5610  data: 0.0000  max mem: 5170
Train: data epoch: [0]  [180/218]  eta: 0:00:23  lr: 0.000100  loss: 0.1459  time: 0.5515  data: 0.0000  max mem: 5170
Train: data epoch: [0]  [200/218]  eta: 0:00:10  lr: 0.000100  loss: 0.1735  time: 0.4485  data: 0.0000  max mem: 5170
Train: data epoch: [0]  [217/218]  eta: 0:00:00  lr: 0.000100  loss: 0.1104  time: 0.2000  data: 0.0000  max mem: 5170
Train: data epoch: [0] Total time: 0:02:05 (0.5766 s / it)
2026-08-22 11:02:10,497 [INFO] AIGIQA-20K: EPOCH[0] -> SRCC 0.7640 PLCC_raw 0.8444 PLCC_mapped 0.8453 KRCC 0.5735 MainScore_official 0.8047
2026-08-22 11:02:10,570 [INFO] Saving checkpoint at epoch 0 to run/20260822105_Full_V18_20k/checkpoint_best.pth.
2026-08-22 11:02:10,766 [INFO] Saving checkpoint at epoch 0 to run/20260822105_Full_V18_20k/checkpoint_best_joint.pth.
2026-08-22 11:02:10,956 [INFO] Saving checkpoint at epoch 0 to run/20260822105_Full_V18_20k/checkpoint_best_main.pth.
2026-08-22 11:02:11,073 [INFO] Start training
2026-08-22 11:02:12,086 [INFO] Start training epoch 1, 218 iters per inner epoch.
2026-08-22 11:04:20,396 [INFO] Averaged stats: lr: 0.000100  loss: 0.119335
2026-08-22 11:04:20,495 [INFO] gates: {"epoch": 1, "raw_quality_ratio": 4.4242, "quality_ratio": 0.0643, "cadr_delta_ratio": 3.7855, "lambda_q": 0.0145, "deviation_mean": 1.013, "deviation_std": 0.0788, "patch_w_mean": 0.477, "patch_w_std": 0.0299, "cadr_dw_norm": 3.1521, "cadr_dw_batch_std": 0.024, "cadr_db_abs": 0.2162, "cadr_delta_abs": 3.0923, "cadr_content_norm": 11.3791}
2026-08-22 11:04:20,495 [INFO] Evaluating on val.
Train: data epoch: [1]  [  0/218]  eta: 0:27:11  lr: 0.000100  loss: 0.1304  time: 7.4840  data: 0.0001  max mem: 5170
Train: data epoch: [1]  [ 20/218]  eta: 0:03:46  lr: 0.000100  loss: 0.1208  time: 0.8292  data: 0.0000  max mem: 5170
Train: data epoch: [1]  [ 40/218]  eta: 0:02:35  lr: 0.000100  loss: 0.1471  time: 0.5898  data: 0.0000  max mem: 5170
Train: data epoch: [1]  [ 60/218]  eta: 0:02:01  lr: 0.000100  loss: 0.1382  time: 0.5586  data: 0.0000  max mem: 5170
Train: data epoch: [1]  [ 80/218]  eta: 0:01:38  lr: 0.000100  loss: 0.1198  time: 0.5388  data: 0.0000  max mem: 5170
Train: data epoch: [1]  [100/218]  eta: 0:01:20  lr: 0.000100  loss: 0.1583  time: 0.5568  data: 0.0000  max mem: 5170
Train: data epoch: [1]  [120/218]  eta: 0:01:04  lr: 0.000100  loss: 0.1167  time: 0.5631  data: 0.0000  max mem: 5170
Train: data epoch: [1]  [140/218]  eta: 0:00:50  lr: 0.000100  loss: 0.1014  time: 0.5353  data: 0.0000  max mem: 5170
Train: data epoch: [1]  [160/218]  eta: 0:00:36  lr: 0.000100  loss: 0.1187  time: 0.5330  data: 0.0000  max mem: 5170
Train: data epoch: [1]  [180/218]  eta: 0:00:23  lr: 0.000100  loss: 0.0976  time: 0.4792  data: 0.0000  max mem: 5170
Train: data epoch: [1]  [200/218]  eta: 0:00:10  lr: 0.000100  loss: 0.0953  time: 0.3800  data: 0.0000  max mem: 5170
Train: data epoch: [1]  [217/218]  eta: 0:00:00  lr: 0.000100  loss: 0.1314  time: 0.5061  data: 0.0000  max mem: 5170
Train: data epoch: [1] Total time: 0:02:08 (0.5886 s / it)
2026-08-22 11:04:43,598 [INFO] AIGIQA-20K: EPOCH[1] -> SRCC 0.8173 PLCC_raw 0.8801 PLCC_mapped 0.8805 KRCC 0.6294 MainScore_official 0.8489
2026-08-22 11:04:43,615 [INFO] Saving checkpoint at epoch 1 to run/20260822105_Full_V18_20k/checkpoint_best_main.pth.
2026-08-22 11:04:43,668 [INFO] Start training
2026-08-22 11:04:43,998 [INFO] Start training epoch 2, 218 iters per inner epoch.
2026-08-22 11:06:40,843 [INFO] Averaged stats: lr: 0.000099  loss: 0.095341
2026-08-22 11:06:40,962 [INFO] gates: {"epoch": 2, "raw_quality_ratio": 4.57, "quality_ratio": 0.0711, "cadr_delta_ratio": 4.189, "lambda_q": 0.0156, "deviation_mean": 1.0883, "deviation_std": 0.1436, "patch_w_mean": 0.4395, "patch_w_std": 0.0602, "cadr_dw_norm": 3.2957, "cadr_dw_batch_std": 0.0263, "cadr_db_abs": 0.2233, "cadr_delta_abs": 3.1479, "cadr_content_norm": 11.3817}
2026-08-22 11:06:40,963 [INFO] Evaluating on val.
Train: data epoch: [2]  [  0/218]  eta: 0:19:54  lr: 0.000099  loss: 0.0778  time: 5.4791  data: 0.0001  max mem: 5170
Train: data epoch: [2]  [ 20/218]  eta: 0:02:43  lr: 0.000099  loss: 0.0984  time: 0.5938  data: 0.0000  max mem: 5170
Train: data epoch: [2]  [ 40/218]  eta: 0:02:04  lr: 0.000099  loss: 0.0934  time: 0.5689  data: 0.0000  max mem: 5170
Train: data epoch: [2]  [ 60/218]  eta: 0:01:43  lr: 0.000099  loss: 0.1366  time: 0.5583  data: 0.0000  max mem: 5170
Train: data epoch: [2]  [ 80/218]  eta: 0:01:26  lr: 0.000099  loss: 0.1002  time: 0.5528  data: 0.0000  max mem: 5170
Train: data epoch: [2]  [100/218]  eta: 0:01:12  lr: 0.000099  loss: 0.0740  time: 0.5529  data: 0.0000  max mem: 5170
Train: data epoch: [2]  [120/218]  eta: 0:00:59  lr: 0.000099  loss: 0.1365  time: 0.5456  data: 0.0000  max mem: 5170
Train: data epoch: [2]  [140/218]  eta: 0:00:46  lr: 0.000099  loss: 0.0801  time: 0.5562  data: 0.0000  max mem: 5170
Train: data epoch: [2]  [160/218]  eta: 0:00:34  lr: 0.000099  loss: 0.0858  time: 0.5420  data: 0.0000  max mem: 5170
Train: data epoch: [2]  [180/218]  eta: 0:00:21  lr: 0.000099  loss: 0.1909  time: 0.3531  data: 0.0000  max mem: 5170
Train: data epoch: [2]  [200/218]  eta: 0:00:09  lr: 0.000099  loss: 0.0641  time: 0.2750  data: 0.0000  max mem: 5170
Train: data epoch: [2]  [217/218]  eta: 0:00:00  lr: 0.000099  loss: 0.0947  time: 0.5144  data: 0.0000  max mem: 5170
Train: data epoch: [2] Total time: 0:01:56 (0.5360 s / it)
2026-08-22 11:06:58,469 [INFO] AIGIQA-20K: EPOCH[2] -> SRCC 0.8407 PLCC_raw 0.8937 PLCC_mapped 0.8940 KRCC 0.6551 MainScore_official 0.8674
2026-08-22 11:06:58,487 [INFO] Saving checkpoint at epoch 2 to run/20260822105_Full_V18_20k/checkpoint_best_main.pth.
2026-08-22 11:06:58,590 [INFO] Start training
2026-08-22 11:06:59,079 [INFO] Start training epoch 3, 218 iters per inner epoch.
2026-08-22 11:09:03,972 [INFO] Averaged stats: lr: 0.000098  loss: 0.084018
2026-08-22 11:09:04,081 [INFO] gates: {"epoch": 3, "raw_quality_ratio": 4.6483, "quality_ratio": 0.0782, "cadr_delta_ratio": 4.2917, "lambda_q": 0.0168, "deviation_mean": 1.1589, "deviation_std": 0.1197, "patch_w_mean": 0.4476, "patch_w_std": 0.064, "cadr_dw_norm": 3.3566, "cadr_dw_batch_std": 0.0323, "cadr_db_abs": 0.2256, "cadr_delta_abs": 3.1412, "cadr_content_norm": 11.3833}
2026-08-22 11:09:04,082 [INFO] Evaluating on val.
Train: data epoch: [3]  [  0/218]  eta: 0:24:37  lr: 0.000098  loss: 0.1053  time: 6.7766  data: 0.0001  max mem: 5170
Train: data epoch: [3]  [ 20/218]  eta: 0:02:58  lr: 0.000098  loss: 0.0852  time: 0.6103  data: 0.0000  max mem: 5170
Train: data epoch: [3]  [ 40/218]  eta: 0:02:22  lr: 0.000098  loss: 0.0397  time: 0.6895  data: 0.0000  max mem: 5170
Train: data epoch: [3]  [ 60/218]  eta: 0:01:55  lr: 0.000098  loss: 0.0771  time: 0.5822  data: 0.0000  max mem: 5170
Train: data epoch: [3]  [ 80/218]  eta: 0:01:34  lr: 0.000098  loss: 0.0986  time: 0.5534  data: 0.0000  max mem: 5170
Train: data epoch: [3]  [100/218]  eta: 0:01:17  lr: 0.000098  loss: 0.0872  time: 0.5494  data: 0.0000  max mem: 5170
Train: data epoch: [3]  [120/218]  eta: 0:01:02  lr: 0.000098  loss: 0.1087  time: 0.5486  data: 0.0000  max mem: 5170
Train: data epoch: [3]  [140/218]  eta: 0:00:48  lr: 0.000098  loss: 0.0956  time: 0.5523  data: 0.0000  max mem: 5170
Train: data epoch: [3]  [160/218]  eta: 0:00:35  lr: 0.000098  loss: 0.1019  time: 0.5539  data: 0.0000  max mem: 5170
Train: data epoch: [3]  [180/218]  eta: 0:00:22  lr: 0.000098  loss: 0.0790  time: 0.4503  data: 0.0000  max mem: 5170
Train: data epoch: [3]  [200/218]  eta: 0:00:10  lr: 0.000098  loss: 0.0749  time: 0.3359  data: 0.0000  max mem: 5170
Train: data epoch: [3]  [217/218]  eta: 0:00:00  lr: 0.000098  loss: 0.0886  time: 0.5403  data: 0.0000  max mem: 5170
Train: data epoch: [3] Total time: 0:02:04 (0.5729 s / it)
2026-08-22 11:09:26,316 [INFO] AIGIQA-20K: EPOCH[3] -> SRCC 0.8505 PLCC_raw 0.8994 PLCC_mapped 0.9000 KRCC 0.6664 MainScore_official 0.8752
2026-08-22 11:09:26,329 [INFO] Saving checkpoint at epoch 3 to run/20260822105_Full_V18_20k/checkpoint_best_main.pth.
2026-08-22 11:09:26,384 [INFO] Start training
2026-08-22 11:09:26,684 [INFO] Start training epoch 4, 218 iters per inner epoch.
2026-08-22 11:11:27,724 [INFO] Averaged stats: lr: 0.000096  loss: 0.076483
2026-08-22 11:11:27,829 [INFO] gates: {"epoch": 4, "raw_quality_ratio": 4.8125, "quality_ratio": 0.0883, "cadr_delta_ratio": 4.5567, "lambda_q": 0.0184, "deviation_mean": 1.2411, "deviation_std": 0.0944, "patch_w_mean": 0.4417, "patch_w_std": 0.0884, "cadr_dw_norm": 3.4376, "cadr_dw_batch_std": 0.0273, "cadr_db_abs": 0.2295, "cadr_delta_abs": 3.1794, "cadr_content_norm": 11.3848}
2026-08-22 11:11:27,830 [INFO] Evaluating on val.
Train: data epoch: [4]  [  0/218]  eta: 0:17:20  lr: 0.000096  loss: 0.0399  time: 4.7724  data: 0.0001  max mem: 5170
Train: data epoch: [4]  [ 20/218]  eta: 0:02:44  lr: 0.000096  loss: 0.0918  time: 0.6349  data: 0.0000  max mem: 5170
Train: data epoch: [4]  [ 40/218]  eta: 0:02:06  lr: 0.000096  loss: 0.0776  time: 0.5869  data: 0.0000  max mem: 5170
Train: data epoch: [4]  [ 60/218]  eta: 0:01:44  lr: 0.000096  loss: 0.1091  time: 0.5625  data: 0.0000  max mem: 5170
Train: data epoch: [4]  [ 80/218]  eta: 0:01:27  lr: 0.000096  loss: 0.0795  time: 0.5470  data: 0.0000  max mem: 5170
Train: data epoch: [4]  [100/218]  eta: 0:01:13  lr: 0.000096  loss: 0.0680  time: 0.5585  data: 0.0000  max mem: 5170
Train: data epoch: [4]  [120/218]  eta: 0:00:59  lr: 0.000096  loss: 0.0496  time: 0.5565  data: 0.0000  max mem: 5170
Train: data epoch: [4]  [140/218]  eta: 0:00:46  lr: 0.000096  loss: 0.0582  time: 0.5567  data: 0.0000  max mem: 5170
Train: data epoch: [4]  [160/218]  eta: 0:00:34  lr: 0.000096  loss: 0.0778  time: 0.5420  data: 0.0000  max mem: 5170
Train: data epoch: [4]  [180/218]  eta: 0:00:21  lr: 0.000096  loss: 0.0772  time: 0.3897  data: 0.0000  max mem: 5170
Train: data epoch: [4]  [200/218]  eta: 0:00:10  lr: 0.000096  loss: 0.0607  time: 0.4559  data: 0.0000  max mem: 5170
Train: data epoch: [4]  [217/218]  eta: 0:00:00  lr: 0.000096  loss: 0.1024  time: 0.5121  data: 0.0000  max mem: 5170
Train: data epoch: [4] Total time: 0:02:01 (0.5552 s / it)
2026-08-22 11:11:54,297 [INFO] AIGIQA-20K: EPOCH[4] -> SRCC 0.8543 PLCC_raw 0.9011 PLCC_mapped 0.9022 KRCC 0.6709 MainScore_official 0.8783
2026-08-22 11:11:54,316 [INFO] Saving checkpoint at epoch 4 to run/20260822105_Full_V18_20k/checkpoint_best_main.pth.
2026-08-22 11:11:54,368 [INFO] Start training
2026-08-22 11:11:54,672 [INFO] Start training epoch 5, 218 iters per inner epoch.
2026-08-22 11:13:55,292 [INFO] Averaged stats: lr: 0.000093  loss: 0.070900
2026-08-22 11:13:55,451 [INFO] gates: {"epoch": 5, "raw_quality_ratio": 5.0134, "quality_ratio": 0.0999, "cadr_delta_ratio": 4.7882, "lambda_q": 0.0199, "deviation_mean": 1.2502, "deviation_std": 0.1247, "patch_w_mean": 0.3986, "patch_w_std": 0.1042, "cadr_dw_norm": 3.3897, "cadr_dw_batch_std": 0.0277, "cadr_db_abs": 0.225, "cadr_delta_abs": 3.0979, "cadr_content_norm": 11.3841}
2026-08-22 11:13:55,451 [INFO] Evaluating on val.
Train: data epoch: [5]  [  0/218]  eta: 0:22:06  lr: 0.000093  loss: 0.1074  time: 6.0871  data: 0.0001  max mem: 5170
Train: data epoch: [5]  [ 20/218]  eta: 0:02:55  lr: 0.000093  loss: 0.0591  time: 0.6267  data: 0.0000  max mem: 5170
Train: data epoch: [5]  [ 40/218]  eta: 0:02:13  lr: 0.000093  loss: 0.0631  time: 0.6102  data: 0.0000  max mem: 5170
Train: data epoch: [5]  [ 60/218]  eta: 0:01:50  lr: 0.000093  loss: 0.0444  time: 0.5900  data: 0.0000  max mem: 5170
Train: data epoch: [5]  [ 80/218]  eta: 0:01:31  lr: 0.000093  loss: 0.0838  time: 0.5562  data: 0.0000  max mem: 5170
Train: data epoch: [5]  [100/218]  eta: 0:01:15  lr: 0.000093  loss: 0.0868  time: 0.5605  data: 0.0000  max mem: 5170
Train: data epoch: [5]  [120/218]  eta: 0:01:01  lr: 0.000093  loss: 0.0649  time: 0.5533  data: 0.0000  max mem: 5170
Train: data epoch: [5]  [140/218]  eta: 0:00:46  lr: 0.000093  loss: 0.0795  time: 0.3998  data: 0.0000  max mem: 5170
Train: data epoch: [5]  [160/218]  eta: 0:00:34  lr: 0.000093  loss: 0.0684  time: 0.5206  data: 0.0000  max mem: 5170
Train: data epoch: [5]  [180/218]  eta: 0:00:21  lr: 0.000093  loss: 0.0582  time: 0.4494  data: 0.0000  max mem: 5170
Train: data epoch: [5]  [200/218]  eta: 0:00:10  lr: 0.000093  loss: 0.0447  time: 0.4787  data: 0.0000  max mem: 5170
Train: data epoch: [5]  [217/218]  eta: 0:00:00  lr: 0.000093  loss: 0.0428  time: 0.4623  data: 0.0000  max mem: 5170
Train: data epoch: [5] Total time: 0:02:00 (0.5533 s / it)
2026-08-22 11:14:24,733 [INFO] AIGIQA-20K: EPOCH[5] -> SRCC 0.8597 PLCC_raw 0.9056 PLCC_mapped 0.9061 KRCC 0.6775 MainScore_official 0.8829
2026-08-22 11:14:24,761 [INFO] Saving checkpoint at epoch 5 to run/20260822105_Full_V18_20k/checkpoint_best_main.pth.
2026-08-22 11:14:24,824 [INFO] Start training
2026-08-22 11:14:25,175 [INFO] Start training epoch 6, 218 iters per inner epoch.
2026-08-22 11:16:23,475 [INFO] Averaged stats: lr: 0.000091  loss: 0.064595
2026-08-22 11:16:23,600 [INFO] gates: {"epoch": 6, "raw_quality_ratio": 5.1678, "quality_ratio": 0.1117, "cadr_delta_ratio": 5.144, "lambda_q": 0.0216, "deviation_mean": 1.2501, "deviation_std": 0.1304, "patch_w_mean": 0.3489, "patch_w_std": 0.125, "cadr_dw_norm": 3.4791, "cadr_dw_batch_std": 0.0331, "cadr_db_abs": 0.2286, "cadr_delta_abs": 3.1999, "cadr_content_norm": 11.3853}
2026-08-22 11:16:23,600 [INFO] Evaluating on val.
Train: data epoch: [6]  [  0/218]  eta: 0:23:32  lr: 0.000091  loss: 0.0467  time: 6.4816  data: 0.0001  max mem: 5170
Train: data epoch: [6]  [ 20/218]  eta: 0:02:59  lr: 0.000091  loss: 0.0667  time: 0.6299  data: 0.0000  max mem: 5170
Train: data epoch: [6]  [ 40/218]  eta: 0:02:13  lr: 0.000091  loss: 0.0643  time: 0.5862  data: 0.0000  max mem: 5170
Train: data epoch: [6]  [ 60/218]  eta: 0:01:47  lr: 0.000091  loss: 0.0706  time: 0.5407  data: 0.0000  max mem: 5170
Train: data epoch: [6]  [ 80/218]  eta: 0:01:29  lr: 0.000091  loss: 0.0596  time: 0.5479  data: 0.0000  max mem: 5170
Train: data epoch: [6]  [100/218]  eta: 0:01:14  lr: 0.000091  loss: 0.0708  time: 0.5554  data: 0.0000  max mem: 5170
Train: data epoch: [6]  [120/218]  eta: 0:00:58  lr: 0.000091  loss: 0.0352  time: 0.4546  data: 0.0000  max mem: 5170
Train: data epoch: [6]  [140/218]  eta: 0:00:44  lr: 0.000091  loss: 0.0550  time: 0.4150  data: 0.0000  max mem: 5170
Train: data epoch: [6]  [160/218]  eta: 0:00:32  lr: 0.000091  loss: 0.0802  time: 0.4749  data: 0.0000  max mem: 5170
Train: data epoch: [6]  [180/218]  eta: 0:00:21  lr: 0.000091  loss: 0.0450  time: 0.5290  data: 0.0000  max mem: 5170
Train: data epoch: [6]  [200/218]  eta: 0:00:09  lr: 0.000091  loss: 0.0866  time: 0.4210  data: 0.0000  max mem: 5170
Train: data epoch: [6]  [217/218]  eta: 0:00:00  lr: 0.000091  loss: 0.0768  time: 0.5210  data: 0.0000  max mem: 5170
Train: data epoch: [6] Total time: 0:01:58 (0.5427 s / it)
2026-08-22 11:16:53,690 [INFO] AIGIQA-20K: EPOCH[6] -> SRCC 0.8603 PLCC_raw 0.9048 PLCC_mapped 0.9057 KRCC 0.6783 MainScore_official 0.8830
2026-08-22 11:16:53,704 [INFO] Saving checkpoint at epoch 6 to run/20260822105_Full_V18_20k/checkpoint_best_main.pth.
2026-08-22 11:16:53,770 [INFO] Start training
2026-08-22 11:16:54,082 [INFO] Start training epoch 7, 218 iters per inner epoch.
2026-08-22 11:18:54,130 [INFO] Averaged stats: lr: 0.000087  loss: 0.059641
2026-08-22 11:18:54,230 [INFO] gates: {"epoch": 7, "raw_quality_ratio": 5.3903, "quality_ratio": 0.1238, "cadr_delta_ratio": 5.6758, "lambda_q": 0.023, "deviation_mean": 1.253, "deviation_std": 0.1314, "patch_w_mean": 0.3109, "patch_w_std": 0.1442, "cadr_dw_norm": 3.5579, "cadr_dw_batch_std": 0.0256, "cadr_db_abs": 0.2327, "cadr_delta_abs": 3.3063, "cadr_content_norm": 11.3857}
2026-08-22 11:18:54,230 [INFO] Evaluating on val.
Train: data epoch: [7]  [  0/218]  eta: 0:18:25  lr: 0.000087  loss: 0.0770  time: 5.0726  data: 0.0001  max mem: 5170
Train: data epoch: [7]  [ 20/218]  eta: 0:02:46  lr: 0.000087  loss: 0.0655  time: 0.6309  data: 0.0000  max mem: 5170
Train: data epoch: [7]  [ 40/218]  eta: 0:02:04  lr: 0.000087  loss: 0.0431  time: 0.5439  data: 0.0000  max mem: 5170
Train: data epoch: [7]  [ 60/218]  eta: 0:01:44  lr: 0.000087  loss: 0.0691  time: 0.5863  data: 0.0000  max mem: 5170
Train: data epoch: [7]  [ 80/218]  eta: 0:01:27  lr: 0.000087  loss: 0.0505  time: 0.5505  data: 0.0000  max mem: 5170
Train: data epoch: [7]  [100/218]  eta: 0:01:10  lr: 0.000087  loss: 0.0614  time: 0.4580  data: 0.0000  max mem: 5170
Train: data epoch: [7]  [120/218]  eta: 0:00:57  lr: 0.000087  loss: 0.1025  time: 0.5000  data: 0.0000  max mem: 5170
Train: data epoch: [7]  [140/218]  eta: 0:00:44  lr: 0.000087  loss: 0.0723  time: 0.4757  data: 0.0000  max mem: 5170
Train: data epoch: [7]  [160/218]  eta: 0:00:32  lr: 0.000087  loss: 0.0558  time: 0.4829  data: 0.0000  max mem: 5170
Train: data epoch: [7]  [180/218]  eta: 0:00:20  lr: 0.000087  loss: 0.0467  time: 0.4513  data: 0.0000  max mem: 5170
Train: data epoch: [7]  [200/218]  eta: 0:00:09  lr: 0.000087  loss: 0.0437  time: 0.5979  data: 0.0000  max mem: 5170
Train: data epoch: [7]  [217/218]  eta: 0:00:00  lr: 0.000087  loss: 0.0871  time: 0.5614  data: 0.0000  max mem: 5170
Train: data epoch: [7] Total time: 0:02:00 (0.5507 s / it)
2026-08-22 11:19:24,703 [INFO] AIGIQA-20K: EPOCH[7] -> SRCC 0.8618 PLCC_raw 0.9067 PLCC_mapped 0.9074 KRCC 0.6799 MainScore_official 0.8846
2026-08-22 11:19:24,717 [INFO] Saving checkpoint at epoch 7 to run/20260822105_Full_V18_20k/checkpoint_best_main.pth.
2026-08-22 11:19:24,783 [INFO] Start training
2026-08-22 11:19:25,086 [INFO] Start training epoch 8, 218 iters per inner epoch.
2026-08-22 11:21:26,302 [INFO] Averaged stats: lr: 0.000084  loss: 0.054489
2026-08-22 11:21:26,403 [INFO] gates: {"epoch": 8, "raw_quality_ratio": 5.8192, "quality_ratio": 0.1416, "cadr_delta_ratio": 6.7552, "lambda_q": 0.0243, "deviation_mean": 1.225, "deviation_std": 0.1399, "patch_w_mean": 0.2772, "patch_w_std": 0.1481, "cadr_dw_norm": 3.625, "cadr_dw_batch_std": 0.0221, "cadr_db_abs": 0.2345, "cadr_delta_abs": 3.3215, "cadr_content_norm": 11.3863}
2026-08-22 11:21:26,403 [INFO] Evaluating on val.
Train: data epoch: [8]  [  0/218]  eta: 0:20:35  lr: 0.000084  loss: 0.0318  time: 5.6689  data: 0.0001  max mem: 5170
Train: data epoch: [8]  [ 20/218]  eta: 0:02:56  lr: 0.000084  loss: 0.0428  time: 0.6550  data: 0.0000  max mem: 5170
Train: data epoch: [8]  [ 40/218]  eta: 0:02:14  lr: 0.000084  loss: 0.0682  time: 0.6075  data: 0.0000  max mem: 5170
Train: data epoch: [8]  [ 60/218]  eta: 0:01:48  lr: 0.000084  loss: 0.0626  time: 0.5490  data: 0.0000  max mem: 5170
Train: data epoch: [8]  [ 80/218]  eta: 0:01:25  lr: 0.000084  loss: 0.0433  time: 0.4179  data: 0.0000  max mem: 5170
Train: data epoch: [8]  [100/218]  eta: 0:01:09  lr: 0.000084  loss: 0.0702  time: 0.4604  data: 0.0000  max mem: 5170
Train: data epoch: [8]  [120/218]  eta: 0:00:56  lr: 0.000084  loss: 0.0515  time: 0.4905  data: 0.0000  max mem: 5170
Train: data epoch: [8]  [140/218]  eta: 0:00:43  lr: 0.000084  loss: 0.0377  time: 0.4993  data: 0.0000  max mem: 5170
Train: data epoch: [8]  [160/218]  eta: 0:00:31  lr: 0.000084  loss: 0.0442  time: 0.4651  data: 0.0000  max mem: 5170
Train: data epoch: [8]  [180/218]  eta: 0:00:21  lr: 0.000084  loss: 0.0449  time: 0.5799  data: 0.0000  max mem: 5170
Train: data epoch: [8]  [200/218]  eta: 0:00:10  lr: 0.000084  loss: 0.0488  time: 0.5825  data: 0.0000  max mem: 5170
Train: data epoch: [8]  [217/218]  eta: 0:00:00  lr: 0.000084  loss: 0.0528  time: 0.5539  data: 0.0000  max mem: 5170
Train: data epoch: [8] Total time: 0:02:01 (0.5560 s / it)
2026-08-22 11:21:55,022 [INFO] AIGIQA-20K: EPOCH[8] -> SRCC 0.8593 PLCC_raw 0.9056 PLCC_mapped 0.9058 KRCC 0.6767 MainScore_official 0.8826
2026-08-22 11:21:55,023 [INFO] Start training
2026-08-22 11:21:55,329 [INFO] Start training epoch 9, 218 iters per inner epoch.
2026-08-22 11:23:51,798 [INFO] Averaged stats: lr: 0.000080  loss: 0.048910
2026-08-22 11:23:51,896 [INFO] gates: {"epoch": 9, "raw_quality_ratio": 5.9538, "quality_ratio": 0.1518, "cadr_delta_ratio": 7.2552, "lambda_q": 0.0255, "deviation_mean": 1.1322, "deviation_std": 0.1449, "patch_w_mean": 0.2246, "patch_w_std": 0.1414, "cadr_dw_norm": 3.5951, "cadr_dw_batch_std": 0.0365, "cadr_db_abs": 0.2299, "cadr_delta_abs": 3.3336, "cadr_content_norm": 11.3858}
2026-08-22 11:23:51,896 [INFO] Evaluating on val.
Train: data epoch: [9]  [  0/218]  eta: 0:17:57  lr: 0.000080  loss: 0.0508  time: 4.9420  data: 0.0001  max mem: 5170
Train: data epoch: [9]  [ 20/218]  eta: 0:02:40  lr: 0.000080  loss: 0.0516  time: 0.6041  data: 0.0000  max mem: 5170
Train: data epoch: [9]  [ 40/218]  eta: 0:02:00  lr: 0.000080  loss: 0.0723  time: 0.5400  data: 0.0000  max mem: 5170
Train: data epoch: [9]  [ 60/218]  eta: 0:01:33  lr: 0.000080  loss: 0.0359  time: 0.4050  data: 0.0000  max mem: 5170
Train: data epoch: [9]  [ 80/218]  eta: 0:01:20  lr: 0.000080  loss: 0.0438  time: 0.5538  data: 0.0000  max mem: 5170
Train: data epoch: [9]  [100/218]  eta: 0:01:03  lr: 0.000080  loss: 0.0348  time: 0.3776  data: 0.0000  max mem: 5170
Train: data epoch: [9]  [120/218]  eta: 0:00:51  lr: 0.000080  loss: 0.0587  time: 0.4636  data: 0.0000  max mem: 5170
Train: data epoch: [9]  [140/218]  eta: 0:00:40  lr: 0.000080  loss: 0.0333  time: 0.4948  data: 0.0000  max mem: 5170
Train: data epoch: [9]  [160/218]  eta: 0:00:30  lr: 0.000080  loss: 0.0519  time: 0.5450  data: 0.0000  max mem: 5170
Train: data epoch: [9]  [180/218]  eta: 0:00:20  lr: 0.000080  loss: 0.0378  time: 0.5667  data: 0.0000  max mem: 5170
Train: data epoch: [9]  [200/218]  eta: 0:00:09  lr: 0.000080  loss: 0.0587  time: 0.5557  data: 0.0000  max mem: 5170
Train: data epoch: [9]  [217/218]  eta: 0:00:00  lr: 0.000080  loss: 0.0464  time: 0.5521  data: 0.0000  max mem: 5170
Train: data epoch: [9] Total time: 0:01:56 (0.5343 s / it)
2026-08-22 11:24:21,014 [INFO] AIGIQA-20K: EPOCH[9] -> SRCC 0.8586 PLCC_raw 0.9051 PLCC_mapped 0.9055 KRCC 0.6762 MainScore_official 0.8820
2026-08-22 11:24:21,015 [INFO] Start training
2026-08-22 11:24:21,346 [INFO] Start training epoch 10, 218 iters per inner epoch.
2026-08-22 11:26:21,359 [INFO] Averaged stats: lr: 0.000075  loss: 0.043892
2026-08-22 11:26:21,513 [INFO] gates: {"epoch": 10, "raw_quality_ratio": 6.5229, "quality_ratio": 0.1736, "cadr_delta_ratio": 8.9169, "lambda_q": 0.0266, "deviation_mean": 1.1072, "deviation_std": 0.1466, "patch_w_mean": 0.1861, "patch_w_std": 0.1366, "cadr_dw_norm": 3.6429, "cadr_dw_batch_std": 0.0314, "cadr_db_abs": 0.2296, "cadr_delta_abs": 3.3264, "cadr_content_norm": 11.3863}
2026-08-22 11:26:21,514 [INFO] Evaluating on val.
Train: data epoch: [10]  [  0/218]  eta: 0:20:45  lr: 0.000075  loss: 0.0431  time: 5.7143  data: 0.0001  max mem: 5170
Train: data epoch: [10]  [ 20/218]  eta: 0:02:51  lr: 0.000075  loss: 0.0469  time: 0.6241  data: 0.0000  max mem: 5170
Train: data epoch: [10]  [ 40/218]  eta: 0:01:59  lr: 0.000075  loss: 0.0462  time: 0.4655  data: 0.0000  max mem: 5170
Train: data epoch: [10]  [ 60/218]  eta: 0:01:35  lr: 0.000075  loss: 0.0516  time: 0.4721  data: 0.0000  max mem: 5170
Train: data epoch: [10]  [ 80/218]  eta: 0:01:18  lr: 0.000075  loss: 0.0366  time: 0.4510  data: 0.0000  max mem: 5170
Train: data epoch: [10]  [100/218]  eta: 0:01:04  lr: 0.000075  loss: 0.0331  time: 0.4469  data: 0.0000  max mem: 5170
Train: data epoch: [10]  [120/218]  eta: 0:00:52  lr: 0.000075  loss: 0.0445  time: 0.4749  data: 0.0000  max mem: 5170
Train: data epoch: [10]  [140/218]  eta: 0:00:41  lr: 0.000075  loss: 0.0464  time: 0.5450  data: 0.0000  max mem: 5170
Train: data epoch: [10]  [160/218]  eta: 0:00:31  lr: 0.000075  loss: 0.0360  time: 0.5901  data: 0.0000  max mem: 5170
Train: data epoch: [10]  [180/218]  eta: 0:00:20  lr: 0.000075  loss: 0.0421  time: 0.5857  data: 0.0000  max mem: 5170
Train: data epoch: [10]  [200/218]  eta: 0:00:09  lr: 0.000075  loss: 0.0467  time: 0.5901  data: 0.0000  max mem: 5170
Train: data epoch: [10]  [217/218]  eta: 0:00:00  lr: 0.000075  loss: 0.0448  time: 0.5523  data: 0.0000  max mem: 5170
Train: data epoch: [10] Total time: 0:02:00 (0.5505 s / it)
2026-08-22 11:26:51,137 [INFO] AIGIQA-20K: EPOCH[10] -> SRCC 0.8583 PLCC_raw 0.9043 PLCC_mapped 0.9049 KRCC 0.6762 MainScore_official 0.8816
2026-08-22 11:26:51,158 [INFO] Saving checkpoint at epoch 10 to run/20260822105_Full_V18_20k/checkpoint_latest.pth.
2026-08-22 11:26:51,205 [INFO] Start training
2026-08-22 11:26:51,507 [INFO] Start training epoch 11, 218 iters per inner epoch.
2026-08-22 11:28:50,297 [INFO] Averaged stats: lr: 0.000071  loss: 0.038819
2026-08-22 11:28:50,412 [INFO] gates: {"epoch": 11, "raw_quality_ratio": 6.4995, "quality_ratio": 0.178, "cadr_delta_ratio": 9.6964, "lambda_q": 0.0274, "deviation_mean": 1.0807, "deviation_std": 0.1425, "patch_w_mean": 0.14, "patch_w_std": 0.1211, "cadr_dw_norm": 3.869, "cadr_dw_batch_std": 0.027, "cadr_db_abs": 0.2407, "cadr_delta_abs": 3.5888, "cadr_content_norm": 11.3888}
2026-08-22 11:28:50,412 [INFO] Evaluating on val.
Train: data epoch: [11]  [  0/218]  eta: 0:21:00  lr: 0.000071  loss: 0.0322  time: 5.7819  data: 0.0001  max mem: 5170
Train: data epoch: [11]  [ 20/218]  eta: 0:02:34  lr: 0.000071  loss: 0.0364  time: 0.5282  data: 0.0000  max mem: 5170
Train: data epoch: [11]  [ 40/218]  eta: 0:01:50  lr: 0.000071  loss: 0.0192  time: 0.4549  data: 0.0000  max mem: 5170
Train: data epoch: [11]  [ 60/218]  eta: 0:01:29  lr: 0.000071  loss: 0.0366  time: 0.4576  data: 0.0000  max mem: 5170
Train: data epoch: [11]  [ 80/218]  eta: 0:01:16  lr: 0.000071  loss: 0.0352  time: 0.5161  data: 0.0000  max mem: 5170
Train: data epoch: [11]  [100/218]  eta: 0:01:03  lr: 0.000071  loss: 0.0343  time: 0.4762  data: 0.0000  max mem: 5170
Train: data epoch: [11]  [120/218]  eta: 0:00:52  lr: 0.000071  loss: 0.0377  time: 0.5350  data: 0.0000  max mem: 5170
Train: data epoch: [11]  [140/218]  eta: 0:00:41  lr: 0.000071  loss: 0.0372  time: 0.5124  data: 0.0000  max mem: 5170
Train: data epoch: [11]  [160/218]  eta: 0:00:31  lr: 0.000071  loss: 0.0247  time: 0.5825  data: 0.0000  max mem: 5170
Train: data epoch: [11]  [180/218]  eta: 0:00:20  lr: 0.000071  loss: 0.0338  time: 0.5605  data: 0.0000  max mem: 5170
Train: data epoch: [11]  [200/218]  eta: 0:00:09  lr: 0.000071  loss: 0.0447  time: 0.5557  data: 0.0000  max mem: 5170
Train: data epoch: [11]  [217/218]  eta: 0:00:00  lr: 0.000071  loss: 0.0535  time: 0.5534  data: 0.0000  max mem: 5170
Train: data epoch: [11] Total time: 0:01:58 (0.5449 s / it)
2026-08-22 11:29:18,567 [INFO] AIGIQA-20K: EPOCH[11] -> SRCC 0.8556 PLCC_raw 0.9036 PLCC_mapped 0.9041 KRCC 0.6729 MainScore_official 0.8799
2026-08-22 11:29:18,568 [INFO] Start training
2026-08-22 11:29:18,873 [INFO] Start training epoch 12, 218 iters per inner epoch.
2026-08-22 11:31:19,563 [INFO] Averaged stats: lr: 0.000066  loss: 0.033843
2026-08-22 11:31:19,683 [INFO] gates: {"epoch": 12, "raw_quality_ratio": 7.0781, "quality_ratio": 0.2003, "cadr_delta_ratio": 13.0866, "lambda_q": 0.0283, "deviation_mean": 1.0351, "deviation_std": 0.1596, "patch_w_mean": 0.1157, "patch_w_std": 0.1078, "cadr_dw_norm": 3.9772, "cadr_dw_batch_std": 0.0204, "cadr_db_abs": 0.2422, "cadr_delta_abs": 3.5656, "cadr_content_norm": 11.3899}
2026-08-22 11:31:19,683 [INFO] Evaluating on val.
Train: data epoch: [12]  [  0/218]  eta: 0:15:34  lr: 0.000066  loss: 0.0257  time: 4.2846  data: 0.0001  max mem: 5170
Train: data epoch: [12]  [ 20/218]  eta: 0:02:12  lr: 0.000066  loss: 0.0350  time: 0.4897  data: 0.0000  max mem: 5170
Train: data epoch: [12]  [ 40/218]  eta: 0:01:43  lr: 0.000066  loss: 0.0320  time: 0.4900  data: 0.0000  max mem: 5170
Train: data epoch: [12]  [ 60/218]  eta: 0:01:26  lr: 0.000066  loss: 0.0247  time: 0.4854  data: 0.0000  max mem: 5170
Train: data epoch: [12]  [ 80/218]  eta: 0:01:14  lr: 0.000066  loss: 0.0351  time: 0.5045  data: 0.0000  max mem: 5170
Train: data epoch: [12]  [100/218]  eta: 0:01:02  lr: 0.000066  loss: 0.0244  time: 0.4868  data: 0.0000  max mem: 5170
Train: data epoch: [12]  [120/218]  eta: 0:00:52  lr: 0.000066  loss: 0.0357  time: 0.5832  data: 0.0000  max mem: 5170
Train: data epoch: [12]  [140/218]  eta: 0:00:42  lr: 0.000066  loss: 0.0477  time: 0.5924  data: 0.0000  max mem: 5170
Train: data epoch: [12]  [160/218]  eta: 0:00:31  lr: 0.000066  loss: 0.0234  time: 0.5560  data: 0.0000  max mem: 5170
Train: data epoch: [12]  [180/218]  eta: 0:00:20  lr: 0.000066  loss: 0.0363  time: 0.5765  data: 0.0000  max mem: 5170
Train: data epoch: [12]  [200/218]  eta: 0:00:09  lr: 0.000066  loss: 0.0356  time: 0.5899  data: 0.0000  max mem: 5170
Train: data epoch: [12]  [217/218]  eta: 0:00:00  lr: 0.000066  loss: 0.0368  time: 0.5478  data: 0.0000  max mem: 5170
Train: data epoch: [12] Total time: 0:02:00 (0.5536 s / it)
2026-08-22 11:31:49,077 [INFO] AIGIQA-20K: EPOCH[12] -> SRCC 0.8553 PLCC_raw 0.9026 PLCC_mapped 0.9030 KRCC 0.6725 MainScore_official 0.8791
2026-08-22 11:31:49,078 [INFO] Start training
2026-08-22 11:31:49,563 [INFO] Start training epoch 13, 218 iters per inner epoch.
2026-08-22 11:33:51,042 [INFO] Averaged stats: lr: 0.000061  loss: 0.029192
2026-08-22 11:33:51,181 [INFO] gates: {"epoch": 13, "raw_quality_ratio": 7.378, "quality_ratio": 0.212, "cadr_delta_ratio": 14.5011, "lambda_q": 0.0287, "deviation_mean": 1.0079, "deviation_std": 0.1499, "patch_w_mean": 0.123, "patch_w_std": 0.1121, "cadr_dw_norm": 3.9257, "cadr_dw_batch_std": 0.0269, "cadr_db_abs": 0.2351, "cadr_delta_abs": 3.4713, "cadr_content_norm": 11.3886}
2026-08-22 11:33:51,181 [INFO] Evaluating on val.
Train: data epoch: [13]  [  0/218]  eta: 0:19:13  lr: 0.000061  loss: 0.0274  time: 5.2935  data: 0.0001  max mem: 5170
Train: data epoch: [13]  [ 20/218]  eta: 0:02:11  lr: 0.000061  loss: 0.0287  time: 0.4346  data: 0.0000  max mem: 5170
Train: data epoch: [13]  [ 40/218]  eta: 0:01:45  lr: 0.000061  loss: 0.0247  time: 0.5151  data: 0.0000  max mem: 5170
Train: data epoch: [13]  [ 60/218]  eta: 0:01:28  lr: 0.000061  loss: 0.0561  time: 0.4900  data: 0.0000  max mem: 5170
Train: data epoch: [13]  [ 80/218]  eta: 0:01:16  lr: 0.000061  loss: 0.0240  time: 0.5400  data: 0.0000  max mem: 5170
Train: data epoch: [13]  [100/218]  eta: 0:01:06  lr: 0.000061  loss: 0.0280  time: 0.5898  data: 0.0000  max mem: 5170
Train: data epoch: [13]  [120/218]  eta: 0:00:54  lr: 0.000061  loss: 0.0222  time: 0.5512  data: 0.0000  max mem: 5170
Train: data epoch: [13]  [140/218]  eta: 0:00:43  lr: 0.000061  loss: 0.0428  time: 0.5601  data: 0.0000  max mem: 5170
Train: data epoch: [13]  [160/218]  eta: 0:00:32  lr: 0.000061  loss: 0.0242  time: 0.5452  data: 0.0000  max mem: 5170
Train: data epoch: [13]  [180/218]  eta: 0:00:21  lr: 0.000061  loss: 0.0344  time: 0.5661  data: 0.0000  max mem: 5170
Train: data epoch: [13]  [200/218]  eta: 0:00:10  lr: 0.000061  loss: 0.0356  time: 0.5556  data: 0.0000  max mem: 5170
Train: data epoch: [13]  [217/218]  eta: 0:00:00  lr: 0.000061  loss: 0.0372  time: 0.5446  data: 0.0000  max mem: 5170
Train: data epoch: [13] Total time: 0:02:01 (0.5572 s / it)
2026-08-22 11:34:15,017 [INFO] AIGIQA-20K: EPOCH[13] -> SRCC 0.8522 PLCC_raw 0.9017 PLCC_mapped 0.9020 KRCC 0.6691 MainScore_official 0.8771
2026-08-22 11:34:15,018 [INFO] Start training
2026-08-22 11:34:15,316 [INFO] Start training epoch 14, 218 iters per inner epoch.
2026-08-22 11:36:15,561 [INFO] Averaged stats: lr: 0.000056  loss: 0.024668
2026-08-22 11:36:15,691 [INFO] gates: {"epoch": 14, "raw_quality_ratio": 7.6575, "quality_ratio": 0.2237, "cadr_delta_ratio": 16.8644, "lambda_q": 0.0292, "deviation_mean": 1.0146, "deviation_std": 0.1569, "patch_w_mean": 0.1002, "patch_w_std": 0.1006, "cadr_dw_norm": 4.0699, "cadr_dw_batch_std": 0.0302, "cadr_db_abs": 0.2395, "cadr_delta_abs": 3.6417, "cadr_content_norm": 11.3911}
2026-08-22 11:36:15,691 [INFO] Evaluating on val.
Train: data epoch: [14]  [  0/218]  eta: 0:09:15  lr: 0.000056  loss: 0.0210  time: 2.5487  data: 0.0001  max mem: 5170
Train: data epoch: [14]  [ 20/218]  eta: 0:01:36  lr: 0.000056  loss: 0.0252  time: 0.3851  data: 0.0000  max mem: 5170
Train: data epoch: [14]  [ 40/218]  eta: 0:01:25  lr: 0.000056  loss: 0.0203  time: 0.4744  data: 0.0000  max mem: 5170
Train: data epoch: [14]  [ 60/218]  eta: 0:01:16  lr: 0.000056  loss: 0.0199  time: 0.4901  data: 0.0000  max mem: 5170
Train: data epoch: [14]  [ 80/218]  eta: 0:01:08  lr: 0.000056  loss: 0.0314  time: 0.5249  data: 0.0000  max mem: 5170
Train: data epoch: [14]  [100/218]  eta: 0:01:01  lr: 0.000056  loss: 0.0271  time: 0.6200  data: 0.0000  max mem: 5170
Train: data epoch: [14]  [120/218]  eta: 0:00:52  lr: 0.000056  loss: 0.0181  time: 0.5947  data: 0.0000  max mem: 5170
Train: data epoch: [14]  [140/218]  eta: 0:00:42  lr: 0.000056  loss: 0.0299  time: 0.5873  data: 0.0000  max mem: 5170
Train: data epoch: [14]  [160/218]  eta: 0:00:31  lr: 0.000056  loss: 0.0235  time: 0.5576  data: 0.0000  max mem: 5170
Train: data epoch: [14]  [180/218]  eta: 0:00:20  lr: 0.000056  loss: 0.0223  time: 0.5700  data: 0.0000  max mem: 5170
Train: data epoch: [14]  [200/218]  eta: 0:00:09  lr: 0.000056  loss: 0.0180  time: 0.6049  data: 0.0000  max mem: 5170
Train: data epoch: [14]  [217/218]  eta: 0:00:00  lr: 0.000056  loss: 0.0225  time: 0.5502  data: 0.0000  max mem: 5170
Train: data epoch: [14] Total time: 0:02:00 (0.5516 s / it)
2026-08-22 11:36:37,781 [INFO] AIGIQA-20K: EPOCH[14] -> SRCC 0.8502 PLCC_raw 0.8994 PLCC_mapped 0.8997 KRCC 0.6667 MainScore_official 0.8750
2026-08-22 11:36:37,782 [INFO] Start training
2026-08-22 11:36:38,078 [INFO] Start training epoch 15, 218 iters per inner epoch.
2026-08-22 11:38:35,113 [INFO] Averaged stats: lr: 0.000051  loss: 0.020519
2026-08-22 11:38:35,214 [INFO] gates: {"epoch": 15, "raw_quality_ratio": 7.6114, "quality_ratio": 0.2253, "cadr_delta_ratio": 16.9022, "lambda_q": 0.0296, "deviation_mean": 1.0317, "deviation_std": 0.1493, "patch_w_mean": 0.0945, "patch_w_std": 0.0938, "cadr_dw_norm": 4.3511, "cadr_dw_batch_std": 0.0125, "cadr_db_abs": 0.2512, "cadr_delta_abs": 3.9264, "cadr_content_norm": 11.3941}
2026-08-22 11:38:35,214 [INFO] Evaluating on val.
Train: data epoch: [15]  [  0/218]  eta: 0:12:42  lr: 0.000051  loss: 0.0184  time: 3.4996  data: 0.0001  max mem: 5170
Train: data epoch: [15]  [ 20/218]  eta: 0:01:39  lr: 0.000051  loss: 0.0171  time: 0.3538  data: 0.0000  max mem: 5170
Train: data epoch: [15]  [ 40/218]  eta: 0:01:24  lr: 0.000051  loss: 0.0222  time: 0.4450  data: 0.0000  max mem: 5170
Train: data epoch: [15]  [ 60/218]  eta: 0:01:18  lr: 0.000051  loss: 0.0205  time: 0.5499  data: 0.0000  max mem: 5170
Train: data epoch: [15]  [ 80/218]  eta: 0:01:07  lr: 0.000051  loss: 0.0165  time: 0.4713  data: 0.0000  max mem: 5170
Train: data epoch: [15]  [100/218]  eta: 0:01:00  lr: 0.000051  loss: 0.0147  time: 0.5736  data: 0.0000  max mem: 5170
Train: data epoch: [15]  [120/218]  eta: 0:00:50  lr: 0.000051  loss: 0.0181  time: 0.5729  data: 0.0000  max mem: 5170
Train: data epoch: [15]  [140/218]  eta: 0:00:40  lr: 0.000051  loss: 0.0247  time: 0.5588  data: 0.0000  max mem: 5170
Train: data epoch: [15]  [160/218]  eta: 0:00:30  lr: 0.000051  loss: 0.0246  time: 0.5550  data: 0.0000  max mem: 5170
Train: data epoch: [15]  [180/218]  eta: 0:00:20  lr: 0.000051  loss: 0.0149  time: 0.5682  data: 0.0000  max mem: 5170
Train: data epoch: [15]  [200/218]  eta: 0:00:09  lr: 0.000051  loss: 0.0177  time: 0.5580  data: 0.0000  max mem: 5170
Train: data epoch: [15]  [217/218]  eta: 0:00:00  lr: 0.000051  loss: 0.0243  time: 0.5535  data: 0.0000  max mem: 5170
Train: data epoch: [15] Total time: 0:01:57 (0.5369 s / it)
2026-08-22 11:38:57,867 [INFO] AIGIQA-20K: EPOCH[15] -> SRCC 0.8490 PLCC_raw 0.8980 PLCC_mapped 0.8984 KRCC 0.6645 MainScore_official 0.8737
2026-08-22 11:38:57,880 [INFO] Saving checkpoint at epoch 15 to run/20260822105_Full_V18_20k/checkpoint_latest.pth.
2026-08-22 11:38:57,943 [INFO] Start training
2026-08-22 11:38:58,259 [INFO] Start training epoch 16, 218 iters per inner epoch.
2026-08-22 11:40:54,866 [INFO] Averaged stats: lr: 0.000045  loss: 0.017476
2026-08-22 11:40:55,001 [INFO] gates: {"epoch": 16, "raw_quality_ratio": 7.9217, "quality_ratio": 0.2376, "cadr_delta_ratio": 20.6422, "lambda_q": 0.03, "deviation_mean": 1.0086, "deviation_std": 0.1406, "patch_w_mean": 0.0974, "patch_w_std": 0.0999, "cadr_dw_norm": 4.3425, "cadr_dw_batch_std": 0.0242, "cadr_db_abs": 0.2466, "cadr_delta_abs": 3.757, "cadr_content_norm": 11.3938}
2026-08-22 11:40:55,001 [INFO] Evaluating on val.
Train: data epoch: [16]  [  0/218]  eta: 0:10:57  lr: 0.000045  loss: 0.0179  time: 3.0174  data: 0.0001  max mem: 5170
Train: data epoch: [16]  [ 20/218]  eta: 0:01:40  lr: 0.000045  loss: 0.0128  time: 0.3807  data: 0.0000  max mem: 5170
Train: data epoch: [16]  [ 40/218]  eta: 0:01:22  lr: 0.000045  loss: 0.0214  time: 0.4182  data: 0.0000  max mem: 5170
Train: data epoch: [16]  [ 60/218]  eta: 0:01:18  lr: 0.000045  loss: 0.0179  time: 0.5700  data: 0.0000  max mem: 5170
Train: data epoch: [16]  [ 80/218]  eta: 0:01:07  lr: 0.000045  loss: 0.0145  time: 0.4568  data: 0.0000  max mem: 5170
Train: data epoch: [16]  [100/218]  eta: 0:01:00  lr: 0.000045  loss: 0.0154  time: 0.5981  data: 0.0000  max mem: 5170
Train: data epoch: [16]  [120/218]  eta: 0:00:50  lr: 0.000045  loss: 0.0182  time: 0.5709  data: 0.0000  max mem: 5170
Train: data epoch: [16]  [140/218]  eta: 0:00:40  lr: 0.000045  loss: 0.0178  time: 0.5518  data: 0.0000  max mem: 5170
Train: data epoch: [16]  [160/218]  eta: 0:00:30  lr: 0.000045  loss: 0.0159  time: 0.5484  data: 0.0000  max mem: 5170
Train: data epoch: [16]  [180/218]  eta: 0:00:20  lr: 0.000045  loss: 0.0139  time: 0.5600  data: 0.0000  max mem: 5170
Train: data epoch: [16]  [200/218]  eta: 0:00:09  lr: 0.000045  loss: 0.0184  time: 0.5640  data: 0.0000  max mem: 5170
Train: data epoch: [16]  [217/218]  eta: 0:00:00  lr: 0.000045  loss: 0.0140  time: 0.5405  data: 0.0000  max mem: 5170
Train: data epoch: [16] Total time: 0:01:56 (0.5349 s / it)
2026-08-22 11:41:17,300 [INFO] AIGIQA-20K: EPOCH[16] -> SRCC 0.8468 PLCC_raw 0.8966 PLCC_mapped 0.8971 KRCC 0.6618 MainScore_official 0.8720
2026-08-22 11:41:17,301 [INFO] Start training
2026-08-22 11:41:17,635 [INFO] Start training epoch 17, 218 iters per inner epoch.
2026-08-22 11:43:13,769 [INFO] Averaged stats: lr: 0.000040  loss: 0.014914
2026-08-22 11:43:13,898 [INFO] gates: {"epoch": 17, "raw_quality_ratio": 7.9027, "quality_ratio": 0.2394, "cadr_delta_ratio": 23.7182, "lambda_q": 0.0303, "deviation_mean": 1.0185, "deviation_std": 0.1578, "patch_w_mean": 0.0871, "patch_w_std": 0.0922, "cadr_dw_norm": 4.3063, "cadr_dw_batch_std": 0.0366, "cadr_db_abs": 0.241, "cadr_delta_abs": 3.5988, "cadr_content_norm": 11.3934}
2026-08-22 11:43:13,899 [INFO] Evaluating on val.
Train: data epoch: [17]  [  0/218]  eta: 0:12:40  lr: 0.000040  loss: 0.0176  time: 3.4899  data: 0.0001  max mem: 5170
Train: data epoch: [17]  [ 20/218]  eta: 0:01:49  lr: 0.000040  loss: 0.0151  time: 0.4064  data: 0.0000  max mem: 5170
Train: data epoch: [17]  [ 40/218]  eta: 0:01:22  lr: 0.000040  loss: 0.0115  time: 0.3709  data: 0.0000  max mem: 5170
Train: data epoch: [17]  [ 60/218]  eta: 0:01:18  lr: 0.000040  loss: 0.0125  time: 0.5627  data: 0.0000  max mem: 5170
Train: data epoch: [17]  [ 80/218]  eta: 0:01:06  lr: 0.000040  loss: 0.0123  time: 0.4464  data: 0.0000  max mem: 5170
Train: data epoch: [17]  [100/218]  eta: 0:00:59  lr: 0.000040  loss: 0.0183  time: 0.5750  data: 0.0000  max mem: 5170
Train: data epoch: [17]  [120/218]  eta: 0:00:50  lr: 0.000040  loss: 0.0179  time: 0.5887  data: 0.0000  max mem: 5170
Train: data epoch: [17]  [140/218]  eta: 0:00:40  lr: 0.000040  loss: 0.0127  time: 0.5380  data: 0.0000  max mem: 5170
Train: data epoch: [17]  [160/218]  eta: 0:00:30  lr: 0.000040  loss: 0.0116  time: 0.5600  data: 0.0000  max mem: 5170
Train: data epoch: [17]  [180/218]  eta: 0:00:20  lr: 0.000040  loss: 0.0214  time: 0.5583  data: 0.0000  max mem: 5170
Train: data epoch: [17]  [200/218]  eta: 0:00:09  lr: 0.000040  loss: 0.0148  time: 0.5581  data: 0.0000  max mem: 5170
Train: data epoch: [17]  [217/218]  eta: 0:00:00  lr: 0.000040  loss: 0.0136  time: 0.5501  data: 0.0000  max mem: 5170
Train: data epoch: [17] Total time: 0:01:56 (0.5327 s / it)
2026-08-22 11:43:37,437 [INFO] AIGIQA-20K: EPOCH[17] -> SRCC 0.8452 PLCC_raw 0.8946 PLCC_mapped 0.8957 KRCC 0.6601 MainScore_official 0.8704
2026-08-22 11:43:37,438 [INFO] Start training
2026-08-22 11:43:37,745 [INFO] Start training epoch 18, 218 iters per inner epoch.
2026-08-22 11:45:34,959 [INFO] Averaged stats: lr: 0.000035  loss: 0.012719
2026-08-22 11:45:35,074 [INFO] gates: {"epoch": 18, "raw_quality_ratio": 8.1691, "quality_ratio": 0.25, "cadr_delta_ratio": 24.7721, "lambda_q": 0.0306, "deviation_mean": 1.0185, "deviation_std": 0.1456, "patch_w_mean": 0.0858, "patch_w_std": 0.0886, "cadr_dw_norm": 4.4898, "cadr_dw_batch_std": 0.0171, "cadr_db_abs": 0.2477, "cadr_delta_abs": 3.7467, "cadr_content_norm": 11.3954}
2026-08-22 11:45:35,074 [INFO] Evaluating on val.
Train: data epoch: [18]  [  0/218]  eta: 0:11:08  lr: 0.000035  loss: 0.0138  time: 3.0642  data: 0.0001  max mem: 5170
Train: data epoch: [18]  [ 20/218]  eta: 0:01:45  lr: 0.000035  loss: 0.0135  time: 0.4072  data: 0.0000  max mem: 5170
Train: data epoch: [18]  [ 40/218]  eta: 0:01:24  lr: 0.000035  loss: 0.0144  time: 0.4150  data: 0.0000  max mem: 5170
Train: data epoch: [18]  [ 60/218]  eta: 0:01:19  lr: 0.000035  loss: 0.0073  time: 0.5684  data: 0.0000  max mem: 5170
Train: data epoch: [18]  [ 80/218]  eta: 0:01:08  lr: 0.000035  loss: 0.0138  time: 0.4567  data: 0.0000  max mem: 5170
Train: data epoch: [18]  [100/218]  eta: 0:01:00  lr: 0.000035  loss: 0.0131  time: 0.5899  data: 0.0000  max mem: 5170
Train: data epoch: [18]  [120/218]  eta: 0:00:51  lr: 0.000035  loss: 0.0154  time: 0.5900  data: 0.0000  max mem: 5170
Train: data epoch: [18]  [140/218]  eta: 0:00:41  lr: 0.000035  loss: 0.0096  time: 0.5634  data: 0.0000  max mem: 5170
Train: data epoch: [18]  [160/218]  eta: 0:00:30  lr: 0.000035  loss: 0.0097  time: 0.5587  data: 0.0000  max mem: 5170
Train: data epoch: [18]  [180/218]  eta: 0:00:20  lr: 0.000035  loss: 0.0150  time: 0.5524  data: 0.0000  max mem: 5170
Train: data epoch: [18]  [200/218]  eta: 0:00:09  lr: 0.000035  loss: 0.0133  time: 0.5450  data: 0.0000  max mem: 5170
Train: data epoch: [18]  [217/218]  eta: 0:00:00  lr: 0.000035  loss: 0.0152  time: 0.5418  data: 0.0000  max mem: 5170
Train: data epoch: [18] Total time: 0:01:57 (0.5377 s / it)
2026-08-22 11:45:57,745 [INFO] AIGIQA-20K: EPOCH[18] -> SRCC 0.8435 PLCC_raw 0.8937 PLCC_mapped 0.8946 KRCC 0.6579 MainScore_official 0.8690
2026-08-22 11:45:57,746 [INFO] Start training
2026-08-22 11:45:58,048 [INFO] Start training epoch 19, 218 iters per inner epoch.
2026-08-22 11:47:54,750 [INFO] Averaged stats: lr: 0.000030  loss: 0.011287
2026-08-22 11:47:54,877 [INFO] gates: {"epoch": 19, "raw_quality_ratio": 8.0853, "quality_ratio": 0.2494, "cadr_delta_ratio": 25.2257, "lambda_q": 0.0308, "deviation_mean": 0.9829, "deviation_std": 0.1491, "patch_w_mean": 0.0867, "patch_w_std": 0.0885, "cadr_dw_norm": 4.5364, "cadr_dw_batch_std": 0.0238, "cadr_db_abs": 0.2473, "cadr_delta_abs": 3.7568, "cadr_content_norm": 11.3962}
2026-08-22 11:47:54,877 [INFO] Evaluating on val.
Train: data epoch: [19]  [  0/218]  eta: 0:09:28  lr: 0.000030  loss: 0.0135  time: 2.6076  data: 0.0001  max mem: 5170
Train: data epoch: [19]  [ 20/218]  eta: 0:01:44  lr: 0.000030  loss: 0.0106  time: 0.4252  data: 0.0000  max mem: 5170
Train: data epoch: [19]  [ 40/218]  eta: 0:01:21  lr: 0.000030  loss: 0.0099  time: 0.3800  data: 0.0000  max mem: 5170
Train: data epoch: [19]  [ 60/218]  eta: 0:01:16  lr: 0.000030  loss: 0.0105  time: 0.5438  data: 0.0000  max mem: 5170
Train: data epoch: [19]  [ 80/218]  eta: 0:01:06  lr: 0.000030  loss: 0.0154  time: 0.4858  data: 0.0000  max mem: 5170
Train: data epoch: [19]  [100/218]  eta: 0:00:58  lr: 0.000030  loss: 0.0114  time: 0.5451  data: 0.0000  max mem: 5170
Train: data epoch: [19]  [120/218]  eta: 0:00:50  lr: 0.000030  loss: 0.0093  time: 0.5949  data: 0.0000  max mem: 5170
Train: data epoch: [19]  [140/218]  eta: 0:00:40  lr: 0.000030  loss: 0.0152  time: 0.5663  data: 0.0000  max mem: 5170
Train: data epoch: [19]  [160/218]  eta: 0:00:30  lr: 0.000030  loss: 0.0124  time: 0.5686  data: 0.0000  max mem: 5170
Train: data epoch: [19]  [180/218]  eta: 0:00:20  lr: 0.000030  loss: 0.0092  time: 0.5679  data: 0.0000  max mem: 5170
Train: data epoch: [19]  [200/218]  eta: 0:00:09  lr: 0.000030  loss: 0.0149  time: 0.5580  data: 0.0000  max mem: 5170
Train: data epoch: [19]  [217/218]  eta: 0:00:00  lr: 0.000030  loss: 0.0099  time: 0.5509  data: 0.0000  max mem: 5170
Train: data epoch: [19] Total time: 0:01:56 (0.5353 s / it)
2026-08-22 11:48:17,786 [INFO] AIGIQA-20K: EPOCH[19] -> SRCC 0.8426 PLCC_raw 0.8928 PLCC_mapped 0.8937 KRCC 0.6571 MainScore_official 0.8681
2026-08-22 11:48:17,788 [INFO] Start training
2026-08-22 11:48:18,103 [INFO] Start training epoch 20, 218 iters per inner epoch.
2026-08-22 11:50:12,131 [INFO] Averaged stats: lr: 0.000026  loss: 0.009710
2026-08-22 11:50:12,244 [INFO] gates: {"epoch": 20, "raw_quality_ratio": 8.1888, "quality_ratio": 0.2543, "cadr_delta_ratio": 28.9964, "lambda_q": 0.0311, "deviation_mean": 0.9768, "deviation_std": 0.1559, "patch_w_mean": 0.087, "patch_w_std": 0.0899, "cadr_dw_norm": 4.5145, "cadr_dw_batch_std": 0.0343, "cadr_db_abs": 0.2438, "cadr_delta_abs": 3.6422, "cadr_content_norm": 11.3959}
2026-08-22 11:50:12,244 [INFO] Evaluating on val.
Train: data epoch: [20]  [  0/218]  eta: 0:11:06  lr: 0.000026  loss: 0.0098  time: 3.0561  data: 0.0001  max mem: 5170
Train: data epoch: [20]  [ 20/218]  eta: 0:02:00  lr: 0.000026  loss: 0.0062  time: 0.4847  data: 0.0000  max mem: 5170
Train: data epoch: [20]  [ 40/218]  eta: 0:01:20  lr: 0.000026  loss: 0.0093  time: 0.2900  data: 0.0000  max mem: 5170
Train: data epoch: [20]  [ 60/218]  eta: 0:01:10  lr: 0.000026  loss: 0.0087  time: 0.4250  data: 0.0000  max mem: 5170
Train: data epoch: [20]  [ 80/218]  eta: 0:01:06  lr: 0.000026  loss: 0.0068  time: 0.6014  data: 0.0000  max mem: 5170
Train: data epoch: [20]  [100/218]  eta: 0:00:56  lr: 0.000026  loss: 0.0115  time: 0.4434  data: 0.0000  max mem: 5170
Train: data epoch: [20]  [120/218]  eta: 0:00:48  lr: 0.000026  loss: 0.0084  time: 0.5699  data: 0.0000  max mem: 5170
Train: data epoch: [20]  [140/218]  eta: 0:00:39  lr: 0.000026  loss: 0.0073  time: 0.5700  data: 0.0000  max mem: 5170
Train: data epoch: [20]  [160/218]  eta: 0:00:29  lr: 0.000026  loss: 0.0072  time: 0.5917  data: 0.0000  max mem: 5170
Train: data epoch: [20]  [180/218]  eta: 0:00:19  lr: 0.000026  loss: 0.0088  time: 0.5551  data: 0.0000  max mem: 5170
Train: data epoch: [20]  [200/218]  eta: 0:00:09  lr: 0.000026  loss: 0.0117  time: 0.5534  data: 0.0000  max mem: 5170
Train: data epoch: [20]  [217/218]  eta: 0:00:00  lr: 0.000026  loss: 0.0076  time: 0.5441  data: 0.0000  max mem: 5170
Train: data epoch: [20] Total time: 0:01:54 (0.5231 s / it)
2026-08-22 11:50:36,993 [INFO] AIGIQA-20K: EPOCH[20] -> SRCC 0.8411 PLCC_raw 0.8924 PLCC_mapped 0.8931 KRCC 0.6549 MainScore_official 0.8671
2026-08-22 11:50:37,007 [INFO] Saving checkpoint at epoch 20 to run/20260822105_Full_V18_20k/checkpoint_latest.pth.
2026-08-22 11:50:37,063 [INFO] Start training
2026-08-22 11:50:37,394 [INFO] Start training epoch 21, 218 iters per inner epoch.
2026-08-22 11:52:37,028 [INFO] Averaged stats: lr: 0.000021  loss: 0.008856
2026-08-22 11:52:37,111 [INFO] gates: {"epoch": 21, "raw_quality_ratio": 8.2225, "quality_ratio": 0.2571, "cadr_delta_ratio": 29.5634, "lambda_q": 0.0313, "deviation_mean": 0.9878, "deviation_std": 0.1561, "patch_w_mean": 0.0795, "patch_w_std": 0.0839, "cadr_dw_norm": 4.573, "cadr_dw_batch_std": 0.0307, "cadr_db_abs": 0.2446, "cadr_delta_abs": 3.6684, "cadr_content_norm": 11.3966}
2026-08-22 11:52:37,111 [INFO] Evaluating on val.
Train: data epoch: [21]  [  0/218]  eta: 0:16:34  lr: 0.000021  loss: 0.0054  time: 4.5625  data: 0.0001  max mem: 5170
Train: data epoch: [21]  [ 20/218]  eta: 0:02:20  lr: 0.000021  loss: 0.0067  time: 0.5148  data: 0.0000  max mem: 5170
Train: data epoch: [21]  [ 40/218]  eta: 0:01:44  lr: 0.000021  loss: 0.0105  time: 0.4650  data: 0.0000  max mem: 5170
Train: data epoch: [21]  [ 60/218]  eta: 0:01:26  lr: 0.000021  loss: 0.0102  time: 0.4600  data: 0.0000  max mem: 5170
Train: data epoch: [21]  [ 80/218]  eta: 0:01:16  lr: 0.000021  loss: 0.0086  time: 0.5642  data: 0.0000  max mem: 5170
Train: data epoch: [21]  [100/218]  eta: 0:01:03  lr: 0.000021  loss: 0.0108  time: 0.5058  data: 0.0000  max mem: 5170
Train: data epoch: [21]  [120/218]  eta: 0:00:52  lr: 0.000021  loss: 0.0104  time: 0.5198  data: 0.0000  max mem: 5170
Train: data epoch: [21]  [140/218]  eta: 0:00:42  lr: 0.000021  loss: 0.0142  time: 0.5651  data: 0.0000  max mem: 5170
Train: data epoch: [21]  [160/218]  eta: 0:00:31  lr: 0.000021  loss: 0.0076  time: 0.5667  data: 0.0000  max mem: 5170
Train: data epoch: [21]  [180/218]  eta: 0:00:20  lr: 0.000021  loss: 0.0098  time: 0.5660  data: 0.0000  max mem: 5170
Train: data epoch: [21]  [200/218]  eta: 0:00:09  lr: 0.000021  loss: 0.0107  time: 0.5565  data: 0.0000  max mem: 5170
Train: data epoch: [21]  [217/218]  eta: 0:00:00  lr: 0.000021  loss: 0.0083  time: 0.5510  data: 0.0000  max mem: 5170
Train: data epoch: [21] Total time: 0:01:59 (0.5488 s / it)
2026-08-22 11:53:02,414 [INFO] AIGIQA-20K: EPOCH[21] -> SRCC 0.8409 PLCC_raw 0.8919 PLCC_mapped 0.8927 KRCC 0.6547 MainScore_official 0.8668
2026-08-22 11:53:02,416 [INFO] Start training
2026-08-22 11:53:02,718 [INFO] Start training epoch 22, 218 iters per inner epoch.
2026-08-22 11:55:04,038 [INFO] Averaged stats: lr: 0.000017  loss: 0.007721
2026-08-22 11:55:04,144 [INFO] gates: {"epoch": 22, "raw_quality_ratio": 8.1605, "quality_ratio": 0.2565, "cadr_delta_ratio": 27.8114, "lambda_q": 0.0314, "deviation_mean": 0.9752, "deviation_std": 0.1533, "patch_w_mean": 0.081, "patch_w_std": 0.0876, "cadr_dw_norm": 4.67, "cadr_dw_batch_std": 0.0303, "cadr_db_abs": 0.248, "cadr_delta_abs": 3.8057, "cadr_content_norm": 11.3979}
2026-08-22 11:55:04,144 [INFO] Evaluating on val.
Train: data epoch: [22]  [  0/218]  eta: 0:14:40  lr: 0.000017  loss: 0.0086  time: 4.0396  data: 0.0001  max mem: 5170
Train: data epoch: [22]  [ 20/218]  eta: 0:02:01  lr: 0.000017  loss: 0.0069  time: 0.4398  data: 0.0000  max mem: 5170
Train: data epoch: [22]  [ 40/218]  eta: 0:01:38  lr: 0.000017  loss: 0.0065  time: 0.4900  data: 0.0000  max mem: 5170
Train: data epoch: [22]  [ 60/218]  eta: 0:01:25  lr: 0.000017  loss: 0.0082  time: 0.5149  data: 0.0000  max mem: 5170
Train: data epoch: [22]  [ 80/218]  eta: 0:01:15  lr: 0.000017  loss: 0.0076  time: 0.5733  data: 0.0000  max mem: 5170
Train: data epoch: [22]  [100/218]  eta: 0:01:02  lr: 0.000017  loss: 0.0079  time: 0.4416  data: 0.0000  max mem: 5170
Train: data epoch: [22]  [120/218]  eta: 0:00:52  lr: 0.000017  loss: 0.0077  time: 0.5767  data: 0.0000  max mem: 5170
Train: data epoch: [22]  [140/218]  eta: 0:00:42  lr: 0.000017  loss: 0.0086  time: 0.6133  data: 0.0000  max mem: 5170
Train: data epoch: [22]  [160/218]  eta: 0:00:32  lr: 0.000017  loss: 0.0085  time: 0.5900  data: 0.0000  max mem: 5170
Train: data epoch: [22]  [180/218]  eta: 0:00:21  lr: 0.000017  loss: 0.0084  time: 0.5898  data: 0.0000  max mem: 5170
Train: data epoch: [22]  [200/218]  eta: 0:00:10  lr: 0.000017  loss: 0.0073  time: 0.5596  data: 0.0000  max mem: 5170
Train: data epoch: [22]  [217/218]  eta: 0:00:00  lr: 0.000017  loss: 0.0141  time: 0.5578  data: 0.0000  max mem: 5170
Train: data epoch: [22] Total time: 0:02:01 (0.5565 s / it)
2026-08-22 11:55:33,731 [INFO] AIGIQA-20K: EPOCH[22] -> SRCC 0.8401 PLCC_raw 0.8912 PLCC_mapped 0.8921 KRCC 0.6538 MainScore_official 0.8661
2026-08-22 11:55:33,732 [INFO] Start training
2026-08-22 11:55:34,099 [INFO] Start training epoch 23, 218 iters per inner epoch.
2026-08-22 11:57:30,831 [INFO] Averaged stats: lr: 0.000014  loss: 0.007101
2026-08-22 11:57:30,944 [INFO] gates: {"epoch": 23, "raw_quality_ratio": 8.2691, "quality_ratio": 0.2608, "cadr_delta_ratio": 31.8095, "lambda_q": 0.0315, "deviation_mean": 0.9902, "deviation_std": 0.1424, "patch_w_mean": 0.0815, "patch_w_std": 0.0859, "cadr_dw_norm": 4.6778, "cadr_dw_batch_std": 0.0372, "cadr_db_abs": 0.2467, "cadr_delta_abs": 3.7335, "cadr_content_norm": 11.3978}
2026-08-22 11:57:30,944 [INFO] Evaluating on val.
Train: data epoch: [23]  [  0/218]  eta: 0:11:38  lr: 0.000014  loss: 0.0060  time: 3.2030  data: 0.0001  max mem: 5170
Train: data epoch: [23]  [ 20/218]  eta: 0:01:47  lr: 0.000014  loss: 0.0048  time: 0.4075  data: 0.0000  max mem: 5170
Train: data epoch: [23]  [ 40/218]  eta: 0:01:23  lr: 0.000014  loss: 0.0078  time: 0.3951  data: 0.0000  max mem: 5170
Train: data epoch: [23]  [ 60/218]  eta: 0:01:19  lr: 0.000014  loss: 0.0098  time: 0.5749  data: 0.0000  max mem: 5170
Train: data epoch: [23]  [ 80/218]  eta: 0:01:10  lr: 0.000014  loss: 0.0056  time: 0.5300  data: 0.0000  max mem: 5170
Train: data epoch: [23]  [100/218]  eta: 0:00:58  lr: 0.000014  loss: 0.0086  time: 0.4550  data: 0.0000  max mem: 5170
Train: data epoch: [23]  [120/218]  eta: 0:00:49  lr: 0.000014  loss: 0.0077  time: 0.5405  data: 0.0000  max mem: 5170
Train: data epoch: [23]  [140/218]  eta: 0:00:40  lr: 0.000014  loss: 0.0082  time: 0.6041  data: 0.0000  max mem: 5170
Train: data epoch: [23]  [160/218]  eta: 0:00:30  lr: 0.000014  loss: 0.0065  time: 0.5802  data: 0.0000  max mem: 5170
Train: data epoch: [23]  [180/218]  eta: 0:00:20  lr: 0.000014  loss: 0.0060  time: 0.5638  data: 0.0000  max mem: 5170
Train: data epoch: [23]  [200/218]  eta: 0:00:09  lr: 0.000014  loss: 0.0060  time: 0.5549  data: 0.0000  max mem: 5170
Train: data epoch: [23]  [217/218]  eta: 0:00:00  lr: 0.000014  loss: 0.0064  time: 0.5529  data: 0.0000  max mem: 5170
Train: data epoch: [23] Total time: 0:01:56 (0.5355 s / it)
2026-08-22 11:57:58,391 [INFO] AIGIQA-20K: EPOCH[23] -> SRCC 0.8381 PLCC_raw 0.8903 PLCC_mapped 0.8912 KRCC 0.6516 MainScore_official 0.8646
2026-08-22 11:57:58,393 [INFO] Start training
2026-08-22 11:57:58,766 [INFO] Start training epoch 24, 218 iters per inner epoch.
2026-08-22 11:59:59,016 [INFO] Averaged stats: lr: 0.000010  loss: 0.006538
2026-08-22 11:59:59,114 [INFO] gates: {"epoch": 24, "raw_quality_ratio": 8.3725, "quality_ratio": 0.2651, "cadr_delta_ratio": 33.6738, "lambda_q": 0.0317, "deviation_mean": 0.953, "deviation_std": 0.1514, "patch_w_mean": 0.085, "patch_w_std": 0.0891, "cadr_dw_norm": 4.6057, "cadr_dw_batch_std": 0.0324, "cadr_db_abs": 0.2422, "cadr_delta_abs": 3.6091, "cadr_content_norm": 11.3973}
2026-08-22 11:59:59,114 [INFO] Evaluating on val.
Train: data epoch: [24]  [  0/218]  eta: 0:11:13  lr: 0.000010  loss: 0.0085  time: 3.0890  data: 0.0001  max mem: 5170
Train: data epoch: [24]  [ 20/218]  eta: 0:01:58  lr: 0.000010  loss: 0.0062  time: 0.4750  data: 0.0000  max mem: 5170
Train: data epoch: [24]  [ 40/218]  eta: 0:01:32  lr: 0.000010  loss: 0.0066  time: 0.4349  data: 0.0000  max mem: 5170
Train: data epoch: [24]  [ 60/218]  eta: 0:01:22  lr: 0.000010  loss: 0.0056  time: 0.5250  data: 0.0000  max mem: 5170
Train: data epoch: [24]  [ 80/218]  eta: 0:01:12  lr: 0.000010  loss: 0.0060  time: 0.5499  data: 0.0000  max mem: 5170
Train: data epoch: [24]  [100/218]  eta: 0:01:00  lr: 0.000010  loss: 0.0047  time: 0.4350  data: 0.0000  max mem: 5170
Train: data epoch: [24]  [120/218]  eta: 0:00:51  lr: 0.000010  loss: 0.0057  time: 0.6100  data: 0.0000  max mem: 5170
Train: data epoch: [24]  [140/218]  eta: 0:00:41  lr: 0.000010  loss: 0.0055  time: 0.5999  data: 0.0000  max mem: 5170
Train: data epoch: [24]  [160/218]  eta: 0:00:31  lr: 0.000010  loss: 0.0067  time: 0.6000  data: 0.0000  max mem: 5170
Train: data epoch: [24]  [180/218]  eta: 0:00:20  lr: 0.000010  loss: 0.0063  time: 0.5902  data: 0.0000  max mem: 5170
Train: data epoch: [24]  [200/218]  eta: 0:00:09  lr: 0.000010  loss: 0.0059  time: 0.5679  data: 0.0000  max mem: 5170
Train: data epoch: [24]  [217/218]  eta: 0:00:00  lr: 0.000010  loss: 0.0065  time: 0.5534  data: 0.0000  max mem: 5170
Train: data epoch: [24] Total time: 0:02:00 (0.5516 s / it)
2026-08-22 12:00:32,391 [INFO] AIGIQA-20K: EPOCH[24] -> SRCC 0.8396 PLCC_raw 0.8909 PLCC_mapped 0.8919 KRCC 0.6531 MainScore_official 0.8657
2026-08-22 12:00:32,392 [INFO] Start training
2026-08-22 12:00:32,708 [INFO] Start training epoch 25, 218 iters per inner epoch.
2026-08-22 12:02:41,111 [INFO] Averaged stats: lr: 0.000008  loss: 0.006187
2026-08-22 12:02:41,222 [INFO] gates: {"epoch": 25, "raw_quality_ratio": 8.3367, "quality_ratio": 0.2644, "cadr_delta_ratio": 30.795, "lambda_q": 0.0317, "deviation_mean": 0.9788, "deviation_std": 0.1495, "patch_w_mean": 0.0786, "patch_w_std": 0.0839, "cadr_dw_norm": 4.8448, "cadr_dw_batch_std": 0.0153, "cadr_db_abs": 0.2534, "cadr_delta_abs": 3.902, "cadr_content_norm": 11.3997}
2026-08-22 12:02:41,223 [INFO] Evaluating on val.
Train: data epoch: [25]  [  0/218]  eta: 0:15:48  lr: 0.000008  loss: 0.0070  time: 4.3512  data: 0.0001  max mem: 5170
Train: data epoch: [25]  [ 20/218]  eta: 0:03:14  lr: 0.000008  loss: 0.0044  time: 0.8115  data: 0.0000  max mem: 5170
Train: data epoch: [25]  [ 40/218]  eta: 0:02:19  lr: 0.000008  loss: 0.0071  time: 0.5800  data: 0.0000  max mem: 5170
Train: data epoch: [25]  [ 60/218]  eta: 0:01:49  lr: 0.000008  loss: 0.0058  time: 0.5083  data: 0.0000  max mem: 5170
Train: data epoch: [25]  [ 80/218]  eta: 0:01:32  lr: 0.000008  loss: 0.0059  time: 0.6048  data: 0.0000  max mem: 5170
Train: data epoch: [25]  [100/218]  eta: 0:01:17  lr: 0.000008  loss: 0.0047  time: 0.5850  data: 0.0000  max mem: 5170
Train: data epoch: [25]  [120/218]  eta: 0:01:03  lr: 0.000008  loss: 0.0071  time: 0.5899  data: 0.0000  max mem: 5170
Train: data epoch: [25]  [140/218]  eta: 0:00:49  lr: 0.000008  loss: 0.0068  time: 0.5820  data: 0.0000  max mem: 5170
Train: data epoch: [25]  [160/218]  eta: 0:00:36  lr: 0.000008  loss: 0.0071  time: 0.5509  data: 0.0000  max mem: 5170
Train: data epoch: [25]  [180/218]  eta: 0:00:22  lr: 0.000008  loss: 0.0088  time: 0.4020  data: 0.0000  max mem: 5170
Train: data epoch: [25]  [200/218]  eta: 0:00:10  lr: 0.000008  loss: 0.0062  time: 0.5075  data: 0.0000  max mem: 5170
Train: data epoch: [25]  [217/218]  eta: 0:00:00  lr: 0.000008  loss: 0.0060  time: 0.5676  data: 0.0000  max mem: 5170
Train: data epoch: [25] Total time: 0:02:08 (0.5890 s / it)
2026-08-22 12:03:04,819 [INFO] AIGIQA-20K: EPOCH[25] -> SRCC 0.8386 PLCC_raw 0.8910 PLCC_mapped 0.8918 KRCC 0.6522 MainScore_official 0.8652
2026-08-22 12:03:04,837 [INFO] Saving checkpoint at epoch 25 to run/20260822105_Full_V18_20k/checkpoint_latest.pth.
2026-08-22 12:03:04,914 [INFO] Start training
2026-08-22 12:03:05,254 [INFO] Start training epoch 26, 218 iters per inner epoch.
2026-08-22 12:05:10,474 [INFO] Averaged stats: lr: 0.000005  loss: 0.005838
2026-08-22 12:05:10,589 [INFO] gates: {"epoch": 26, "raw_quality_ratio": 8.245, "quality_ratio": 0.262, "cadr_delta_ratio": 30.8257, "lambda_q": 0.0318, "deviation_mean": 0.951, "deviation_std": 0.1589, "patch_w_mean": 0.0836, "patch_w_std": 0.0906, "cadr_dw_norm": 4.7452, "cadr_dw_batch_std": 0.0295, "cadr_db_abs": 0.2478, "cadr_delta_abs": 3.7591, "cadr_content_norm": 11.3987}
2026-08-22 12:05:10,589 [INFO] Evaluating on val.
Train: data epoch: [26]  [  0/218]  eta: 0:18:31  lr: 0.000005  loss: 0.0060  time: 5.1005  data: 0.0001  max mem: 5170
Train: data epoch: [26]  [ 20/218]  eta: 0:02:40  lr: 0.000005  loss: 0.0067  time: 0.5949  data: 0.0000  max mem: 5170
Train: data epoch: [26]  [ 40/218]  eta: 0:01:59  lr: 0.000005  loss: 0.0056  time: 0.5254  data: 0.0000  max mem: 5170
Train: data epoch: [26]  [ 60/218]  eta: 0:01:42  lr: 0.000005  loss: 0.0051  time: 0.5955  data: 0.0000  max mem: 5170
Train: data epoch: [26]  [ 80/218]  eta: 0:01:26  lr: 0.000005  loss: 0.0050  time: 0.5599  data: 0.0000  max mem: 5170
Train: data epoch: [26]  [100/218]  eta: 0:01:12  lr: 0.000005  loss: 0.0074  time: 0.5890  data: 0.0000  max mem: 5170
Train: data epoch: [26]  [120/218]  eta: 0:00:59  lr: 0.000005  loss: 0.0065  time: 0.5773  data: 0.0000  max mem: 5170
Train: data epoch: [26]  [140/218]  eta: 0:00:47  lr: 0.000005  loss: 0.0068  time: 0.5693  data: 0.0000  max mem: 5170
Train: data epoch: [26]  [160/218]  eta: 0:00:34  lr: 0.000005  loss: 0.0061  time: 0.5536  data: 0.0000  max mem: 5170
Train: data epoch: [26]  [180/218]  eta: 0:00:21  lr: 0.000005  loss: 0.0040  time: 0.4097  data: 0.0000  max mem: 5170
Train: data epoch: [26]  [200/218]  eta: 0:00:10  lr: 0.000005  loss: 0.0065  time: 0.5577  data: 0.0000  max mem: 5170
Train: data epoch: [26]  [217/218]  eta: 0:00:00  lr: 0.000005  loss: 0.0038  time: 0.5607  data: 0.0000  max mem: 5170
Train: data epoch: [26] Total time: 0:02:05 (0.5744 s / it)
2026-08-22 12:05:41,340 [INFO] AIGIQA-20K: EPOCH[26] -> SRCC 0.8381 PLCC_raw 0.8904 PLCC_mapped 0.8913 KRCC 0.6516 MainScore_official 0.8647
2026-08-22 12:05:41,341 [INFO] Start training
2026-08-22 12:05:41,704 [INFO] Start training epoch 27, 218 iters per inner epoch.
2026-08-22 12:07:46,657 [INFO] Averaged stats: lr: 0.000003  loss: 0.005576
2026-08-22 12:07:46,800 [INFO] gates: {"epoch": 27, "raw_quality_ratio": 8.341, "quality_ratio": 0.2654, "cadr_delta_ratio": 34.2251, "lambda_q": 0.0318, "deviation_mean": 0.9893, "deviation_std": 0.1594, "patch_w_mean": 0.0751, "patch_w_std": 0.0794, "cadr_dw_norm": 4.7918, "cadr_dw_batch_std": 0.0278, "cadr_db_abs": 0.2498, "cadr_delta_abs": 3.7747, "cadr_content_norm": 11.3991}
2026-08-22 12:07:46,800 [INFO] Evaluating on val.
Train: data epoch: [27]  [  0/218]  eta: 0:13:16  lr: 0.000003  loss: 0.0047  time: 3.6522  data: 0.0001  max mem: 5170
Train: data epoch: [27]  [ 20/218]  eta: 0:03:15  lr: 0.000003  loss: 0.0056  time: 0.8549  data: 0.0000  max mem: 5170
Train: data epoch: [27]  [ 40/218]  eta: 0:02:21  lr: 0.000003  loss: 0.0057  time: 0.5899  data: 0.0000  max mem: 5170
Train: data epoch: [27]  [ 60/218]  eta: 0:01:54  lr: 0.000003  loss: 0.0041  time: 0.5800  data: 0.0000  max mem: 5170
Train: data epoch: [27]  [ 80/218]  eta: 0:01:34  lr: 0.000003  loss: 0.0067  time: 0.5649  data: 0.0000  max mem: 5170
Train: data epoch: [27]  [100/218]  eta: 0:01:18  lr: 0.000003  loss: 0.0059  time: 0.5704  data: 0.0000  max mem: 5170
Train: data epoch: [27]  [120/218]  eta: 0:01:03  lr: 0.000003  loss: 0.0043  time: 0.5592  data: 0.0000  max mem: 5170
Train: data epoch: [27]  [140/218]  eta: 0:00:47  lr: 0.000003  loss: 0.0043  time: 0.4205  data: 0.0000  max mem: 5170
Train: data epoch: [27]  [160/218]  eta: 0:00:34  lr: 0.000003  loss: 0.0072  time: 0.4899  data: 0.0000  max mem: 5170
Train: data epoch: [27]  [180/218]  eta: 0:00:22  lr: 0.000003  loss: 0.0042  time: 0.5800  data: 0.0000  max mem: 5170
Train: data epoch: [27]  [200/218]  eta: 0:00:10  lr: 0.000003  loss: 0.0055  time: 0.4727  data: 0.0000  max mem: 5170
Train: data epoch: [27]  [217/218]  eta: 0:00:00  lr: 0.000003  loss: 0.0049  time: 0.4669  data: 0.0000  max mem: 5170
Train: data epoch: [27] Total time: 0:02:04 (0.5732 s / it)
2026-08-22 12:08:17,673 [INFO] AIGIQA-20K: EPOCH[27] -> SRCC 0.8381 PLCC_raw 0.8904 PLCC_mapped 0.8913 KRCC 0.6516 MainScore_official 0.8647
2026-08-22 12:08:17,675 [INFO] Start training
2026-08-22 12:08:18,074 [INFO] Start training epoch 28, 218 iters per inner epoch.
2026-08-22 12:10:04,368 [INFO] Averaged stats: lr: 0.000002  loss: 0.005459
2026-08-22 12:10:04,511 [INFO] gates: {"epoch": 28, "raw_quality_ratio": 8.3792, "quality_ratio": 0.2668, "cadr_delta_ratio": 36.4236, "lambda_q": 0.0318, "deviation_mean": 0.9715, "deviation_std": 0.1509, "patch_w_mean": 0.0821, "patch_w_std": 0.0893, "cadr_dw_norm": 4.6752, "cadr_dw_batch_std": 0.0235, "cadr_db_abs": 0.2432, "cadr_delta_abs": 3.5303, "cadr_content_norm": 11.3977}
2026-08-22 12:10:04,512 [INFO] Evaluating on val.
Train: data epoch: [28]  [  0/218]  eta: 0:21:44  lr: 0.000002  loss: 0.0061  time: 5.9826  data: 0.0001  max mem: 5170
Train: data epoch: [28]  [ 20/218]  eta: 0:02:54  lr: 0.000002  loss: 0.0056  time: 0.6265  data: 0.0000  max mem: 5170
Train: data epoch: [28]  [ 40/218]  eta: 0:02:11  lr: 0.000002  loss: 0.0073  time: 0.5905  data: 0.0000  max mem: 5170
Train: data epoch: [28]  [ 60/218]  eta: 0:01:47  lr: 0.000002  loss: 0.0046  time: 0.5526  data: 0.0000  max mem: 5170
Train: data epoch: [28]  [ 80/218]  eta: 0:01:29  lr: 0.000002  loss: 0.0060  time: 0.5529  data: 0.0000  max mem: 5170
Train: data epoch: [28]  [100/218]  eta: 0:01:12  lr: 0.000002  loss: 0.0063  time: 0.4636  data: 0.0000  max mem: 5170
Train: data epoch: [28]  [120/218]  eta: 0:00:56  lr: 0.000002  loss: 0.0039  time: 0.3935  data: 0.0000  max mem: 5170
Train: data epoch: [28]  [140/218]  eta: 0:00:44  lr: 0.000002  loss: 0.0053  time: 0.5801  data: 0.0000  max mem: 5170
Train: data epoch: [28]  [160/218]  eta: 0:00:32  lr: 0.000002  loss: 0.0075  time: 0.4650  data: 0.0000  max mem: 5170
Train: data epoch: [28]  [180/218]  eta: 0:00:20  lr: 0.000002  loss: 0.0075  time: 0.3496  data: 0.0000  max mem: 5170
Train: data epoch: [28]  [200/218]  eta: 0:00:09  lr: 0.000002  loss: 0.0035  time: 0.2001  data: 0.0000  max mem: 5170
Train: data epoch: [28]  [217/218]  eta: 0:00:00  lr: 0.000002  loss: 0.0050  time: 0.2706  data: 0.0000  max mem: 5170
Train: data epoch: [28] Total time: 0:01:46 (0.4876 s / it)
2026-08-22 12:10:16,530 [INFO] AIGIQA-20K: EPOCH[28] -> SRCC 0.8379 PLCC_raw 0.8900 PLCC_mapped 0.8910 KRCC 0.6514 MainScore_official 0.8645
2026-08-22 12:10:16,531 [INFO] Start training
2026-08-22 12:10:16,921 [INFO] Start training epoch 29, 218 iters per inner epoch.
2026-08-22 12:11:01,382 [INFO] Averaged stats: lr: 0.000001  loss: 0.005393
2026-08-22 12:11:01,472 [INFO] gates: {"epoch": 29, "raw_quality_ratio": 8.4133, "quality_ratio": 0.2681, "cadr_delta_ratio": 32.2989, "lambda_q": 0.0319, "deviation_mean": 0.9887, "deviation_std": 0.152, "patch_w_mean": 0.0816, "patch_w_std": 0.0879, "cadr_dw_norm": 4.772, "cadr_dw_batch_std": 0.0239, "cadr_db_abs": 0.248, "cadr_delta_abs": 3.7752, "cadr_content_norm": 11.3988}
2026-08-22 12:11:01,472 [INFO] Evaluating on val.
Train: data epoch: [29]  [  0/218]  eta: 0:07:45  lr: 0.000001  loss: 0.0061  time: 2.1368  data: 0.0001  max mem: 5170
Train: data epoch: [29]  [ 20/218]  eta: 0:00:57  lr: 0.000001  loss: 0.0038  time: 0.1982  data: 0.0000  max mem: 5170
Train: data epoch: [29]  [ 40/218]  eta: 0:00:43  lr: 0.000001  loss: 0.0068  time: 0.1937  data: 0.0000  max mem: 5170
Train: data epoch: [29]  [ 60/218]  eta: 0:00:35  lr: 0.000001  loss: 0.0047  time: 0.1933  data: 0.0000  max mem: 5170
Train: data epoch: [29]  [ 80/218]  eta: 0:00:30  lr: 0.000001  loss: 0.0046  time: 0.1941  data: 0.0000  max mem: 5170
Train: data epoch: [29]  [100/218]  eta: 0:00:25  lr: 0.000001  loss: 0.0058  time: 0.1946  data: 0.0000  max mem: 5170
Train: data epoch: [29]  [120/218]  eta: 0:00:20  lr: 0.000001  loss: 0.0050  time: 0.1941  data: 0.0000  max mem: 5170
Train: data epoch: [29]  [140/218]  eta: 0:00:16  lr: 0.000001  loss: 0.0074  time: 0.1970  data: 0.0000  max mem: 5170
Train: data epoch: [29]  [160/218]  eta: 0:00:12  lr: 0.000001  loss: 0.0065  time: 0.1970  data: 0.0000  max mem: 5170
Train: data epoch: [29]  [180/218]  eta: 0:00:07  lr: 0.000001  loss: 0.0041  time: 0.1936  data: 0.0000  max mem: 5170
Train: data epoch: [29]  [200/218]  eta: 0:00:03  lr: 0.000001  loss: 0.0061  time: 0.1972  data: 0.0000  max mem: 5170
Train: data epoch: [29]  [217/218]  eta: 0:00:00  lr: 0.000001  loss: 0.0047  time: 0.1918  data: 0.0000  max mem: 5170
Train: data epoch: [29] Total time: 0:00:44 (0.2039 s / it)
2026-08-22 12:11:12,189 [INFO] AIGIQA-20K: EPOCH[29] -> SRCC 0.8379 PLCC_raw 0.8902 PLCC_mapped 0.8911 KRCC 0.6513 MainScore_official 0.8645
2026-08-22 12:11:12,204 [INFO] Saving checkpoint at epoch 29 to run/20260822105_Full_V18_20k/checkpoint_latest.pth.
[{'agg_metrics': np.float64(0.8845875381204602), 'main_score_raw': np.float64(0.8842661072231022), 'main_score_official': np.float64(0.8845875381204602), 'srcc': np.float64(0.8618208170283871), 'plcc_raw': np.float64(0.9067113974178174), 'plcc_mapped': np.float64(0.9073542592125332), 'krcc': np.float64(0.6798836117768127), 'mse': 0.09238138538538024, 'loss': 0.09238138538538024}]
{'agg_metrics': np.float64(0.8845875381204602), 'main_score_raw': np.float64(0.8842661072231022), 'main_score_official': np.float64(0.8845875381204602), 'srcc': np.float64(0.8618208170283871), 'plcc_raw': np.float64(0.9067113974178174), 'plcc_mapped': np.float64(0.9073542592125332), 'krcc': np.float64(0.6798836117768127), 'mse': 0.09238138538538024, 'loss': 0.09238138538538024}
