2026-08-22 12:44:13,135 [INFO] Loaded init weights from init_ckpt/v19_aigiqa20k_seed42.pth
2026-08-22 12:44:13,135 [INFO] Start training
2026-08-22 12:44:13,159 [INFO] number of trainable parameters: 2191207
Not using distributed mode
['msqr_dgmpq_cadr_v18', 'msqr_dgmpq_daps_v16', 'msqr_dgmpq_hcmi_v8', 'msqr_dgmpq_mscm_v10', 'msqr_dgmpq_mscm_v11', 'msqr_dgmpq_mscm_v12', 'msqr_dgmpq_msrc_v14', 'msqr_dgmpq_ptlc_v15', 'msqr_dgmpq_qard_v17', 'msqr_dgmpq_tcap_v9', 'msqr_dgmpqplus_dcar_v19']
2026-08-22 12:44:13,658 [INFO] Start training epoch 0, 218 iters per inner epoch.
2026-08-22 12:46:25,367 [INFO] Averaged stats: lr: 0.000088  loss: 2.751755
2026-08-22 12:46:25,553 [INFO] gates: {"epoch": 0, "raw_quality_ratio": 4.7723, "quality_ratio": 0.0638, "dcar_delta_ratio": 5.7181, "lambda_q": 0.0134, "deviation_mean": 1.0077, "deviation_std": 0.0718, "patch_w_mean": 0.5211, "patch_w_std": 0.0127, "alpha_3": 0.2499, "alpha_6": 0.2513, "alpha_9": 0.2509, "alpha_12": 0.248, "dcar_dw_norm": 3.3973, "dcar_dw_batch_std": 0.0242, "dcar_db_abs": 0.2373, "dcar_delta_abs": 3.2918, "dcar_deg_descriptor_norm": 11.356, "dcar_prototype_norm": 6.2853}
2026-08-22 12:46:25,553 [INFO] Evaluating on val.
Train: data epoch: [0]  [  0/218]  eta: 0:47:20  lr: 0.000000  loss: 16.5106  time: 13.0292  data: 0.0001  max mem: 5157
Train: data epoch: [0]  [ 20/218]  eta: 0:03:54  lr: 0.000040  loss: 14.7238  time: 0.5947  data: 0.0000  max mem: 5172
Train: data epoch: [0]  [ 40/218]  eta: 0:02:36  lr: 0.000080  loss: 5.2249  time: 0.5613  data: 0.0000  max mem: 5172
Train: data epoch: [0]  [ 60/218]  eta: 0:02:02  lr: 0.000100  loss: 0.3959  time: 0.5480  data: 0.0000  max mem: 5172
Train: data epoch: [0]  [ 80/218]  eta: 0:01:39  lr: 0.000100  loss: 0.2653  time: 0.5551  data: 0.0000  max mem: 5172
Train: data epoch: [0]  [100/218]  eta: 0:01:20  lr: 0.000100  loss: 0.1657  time: 0.5463  data: 0.0000  max mem: 5172
Train: data epoch: [0]  [120/218]  eta: 0:01:05  lr: 0.000100  loss: 0.1670  time: 0.5671  data: 0.0000  max mem: 5172
Train: data epoch: [0]  [140/218]  eta: 0:00:50  lr: 0.000100  loss: 0.1260  time: 0.5640  data: 0.0000  max mem: 5172
Train: data epoch: [0]  [160/218]  eta: 0:00:37  lr: 0.000100  loss: 0.1191  time: 0.5646  data: 0.0000  max mem: 5172
Train: data epoch: [0]  [180/218]  eta: 0:00:24  lr: 0.000100  loss: 0.1156  time: 0.5838  data: 0.0000  max mem: 5172
Train: data epoch: [0]  [200/218]  eta: 0:00:11  lr: 0.000100  loss: 0.2121  time: 0.5680  data: 0.0000  max mem: 5172
Train: data epoch: [0]  [217/218]  eta: 0:00:00  lr: 0.000100  loss: 0.1443  time: 0.3670  data: 0.0000  max mem: 5172
Train: data epoch: [0] Total time: 0:02:11 (0.6042 s / it)
2026-08-22 12:46:53,261 [INFO] AIGIQA-20K: EPOCH[0] -> SRCC 0.7821 PLCC_raw 0.8574 PLCC_mapped 0.8585 KRCC 0.5924 MainScore_official 0.8203
2026-08-22 12:46:53,274 [INFO] Saving checkpoint at epoch 0 to run/20260822124_Full_V19_20k/checkpoint_best.pth.
2026-08-22 12:46:53,452 [INFO] Saving checkpoint at epoch 0 to run/20260822124_Full_V19_20k/checkpoint_best_joint.pth.
2026-08-22 12:46:53,660 [INFO] Saving checkpoint at epoch 0 to run/20260822124_Full_V19_20k/checkpoint_best_main.pth.
2026-08-22 12:46:53,759 [INFO] Start training
2026-08-22 12:46:54,768 [INFO] Start training epoch 1, 218 iters per inner epoch.
2026-08-22 12:49:06,261 [INFO] Averaged stats: lr: 0.000100  loss: 0.111379
2026-08-22 12:49:06,370 [INFO] gates: {"epoch": 1, "raw_quality_ratio": 4.7555, "quality_ratio": 0.065, "dcar_delta_ratio": 5.9042, "lambda_q": 0.0137, "deviation_mean": 0.8324, "deviation_std": 0.1005, "patch_w_mean": 0.4964, "patch_w_std": 0.0216, "alpha_3": 0.2542, "alpha_6": 0.2559, "alpha_9": 0.2511, "alpha_12": 0.2388, "dcar_dw_norm": 3.5611, "dcar_dw_batch_std": 0.0241, "dcar_db_abs": 0.2465, "dcar_delta_abs": 3.3845, "dcar_deg_descriptor_norm": 11.359, "dcar_prototype_norm": 6.0269}
2026-08-22 12:49:06,370 [INFO] Evaluating on val.
Train: data epoch: [1]  [  0/218]  eta: 0:25:27  lr: 0.000100  loss: 0.1484  time: 7.0081  data: 0.0001  max mem: 5172
Train: data epoch: [1]  [ 20/218]  eta: 0:03:28  lr: 0.000100  loss: 0.1408  time: 0.7539  data: 0.0000  max mem: 5172
Train: data epoch: [1]  [ 40/218]  eta: 0:02:27  lr: 0.000100  loss: 0.1123  time: 0.5899  data: 0.0000  max mem: 5172
Train: data epoch: [1]  [ 60/218]  eta: 0:01:59  lr: 0.000100  loss: 0.1402  time: 0.6100  data: 0.0000  max mem: 5172
Train: data epoch: [1]  [ 80/218]  eta: 0:01:38  lr: 0.000100  loss: 0.1112  time: 0.5801  data: 0.0000  max mem: 5172
Train: data epoch: [1]  [100/218]  eta: 0:01:20  lr: 0.000100  loss: 0.1141  time: 0.5519  data: 0.0000  max mem: 5172
Train: data epoch: [1]  [120/218]  eta: 0:01:05  lr: 0.000100  loss: 0.0979  time: 0.5853  data: 0.0000  max mem: 5172
Train: data epoch: [1]  [140/218]  eta: 0:00:50  lr: 0.000100  loss: 0.0811  time: 0.5876  data: 0.0000  max mem: 5172
Train: data epoch: [1]  [160/218]  eta: 0:00:37  lr: 0.000100  loss: 0.0819  time: 0.5682  data: 0.0000  max mem: 5172
Train: data epoch: [1]  [180/218]  eta: 0:00:23  lr: 0.000100  loss: 0.0671  time: 0.5269  data: 0.0000  max mem: 5172
Train: data epoch: [1]  [200/218]  eta: 0:00:11  lr: 0.000100  loss: 0.1004  time: 0.4671  data: 0.0000  max mem: 5172
Train: data epoch: [1]  [217/218]  eta: 0:00:00  lr: 0.000100  loss: 0.0656  time: 0.4902  data: 0.0000  max mem: 5172
Train: data epoch: [1] Total time: 0:02:11 (0.6032 s / it)
2026-08-22 12:49:30,372 [INFO] AIGIQA-20K: EPOCH[1] -> SRCC 0.8300 PLCC_raw 0.8868 PLCC_mapped 0.8871 KRCC 0.6428 MainScore_official 0.8586
2026-08-22 12:49:30,387 [INFO] Saving checkpoint at epoch 1 to run/20260822124_Full_V19_20k/checkpoint_best_main.pth.
2026-08-22 12:49:30,456 [INFO] Start training
2026-08-22 12:49:30,809 [INFO] Start training epoch 2, 218 iters per inner epoch.
2026-08-22 12:51:35,962 [INFO] Averaged stats: lr: 0.000099  loss: 0.091251
2026-08-22 12:51:36,121 [INFO] gates: {"epoch": 2, "raw_quality_ratio": 4.8278, "quality_ratio": 0.0677, "dcar_delta_ratio": 6.2385, "lambda_q": 0.014, "deviation_mean": 0.8535, "deviation_std": 0.1194, "patch_w_mean": 0.4516, "patch_w_std": 0.047, "alpha_3": 0.2562, "alpha_6": 0.2627, "alpha_9": 0.2569, "alpha_12": 0.2242, "dcar_dw_norm": 3.6581, "dcar_dw_batch_std": 0.0217, "dcar_db_abs": 0.2505, "dcar_delta_abs": 3.3934, "dcar_deg_descriptor_norm": 11.3611, "dcar_prototype_norm": 5.7492}
2026-08-22 12:51:36,121 [INFO] Evaluating on val.
Train: data epoch: [2]  [  0/218]  eta: 0:16:09  lr: 0.000099  loss: 0.0864  time: 4.4463  data: 0.0001  max mem: 5172
Train: data epoch: [2]  [ 20/218]  eta: 0:02:36  lr: 0.000099  loss: 0.1157  time: 0.6100  data: 0.0000  max mem: 5172
Train: data epoch: [2]  [ 40/218]  eta: 0:02:05  lr: 0.000099  loss: 0.0926  time: 0.6100  data: 0.0000  max mem: 5172
Train: data epoch: [2]  [ 60/218]  eta: 0:01:45  lr: 0.000099  loss: 0.0753  time: 0.6024  data: 0.0000  max mem: 5172
Train: data epoch: [2]  [ 80/218]  eta: 0:01:29  lr: 0.000099  loss: 0.0765  time: 0.5811  data: 0.0000  max mem: 5172
Train: data epoch: [2]  [100/218]  eta: 0:01:14  lr: 0.000099  loss: 0.0887  time: 0.5787  data: 0.0000  max mem: 5172
Train: data epoch: [2]  [120/218]  eta: 0:01:01  lr: 0.000099  loss: 0.1071  time: 0.5680  data: 0.0000  max mem: 5172
Train: data epoch: [2]  [140/218]  eta: 0:00:47  lr: 0.000099  loss: 0.0776  time: 0.5611  data: 0.0000  max mem: 5172
Train: data epoch: [2]  [160/218]  eta: 0:00:35  lr: 0.000099  loss: 0.0917  time: 0.5578  data: 0.0000  max mem: 5172
Train: data epoch: [2]  [180/218]  eta: 0:00:22  lr: 0.000099  loss: 0.0971  time: 0.4354  data: 0.0000  max mem: 5172
Train: data epoch: [2]  [200/218]  eta: 0:00:10  lr: 0.000099  loss: 0.1018  time: 0.4970  data: 0.0000  max mem: 5172
Train: data epoch: [2]  [217/218]  eta: 0:00:00  lr: 0.000099  loss: 0.0705  time: 0.4945  data: 0.0000  max mem: 5172
Train: data epoch: [2] Total time: 0:02:05 (0.5741 s / it)
2026-08-22 12:52:04,398 [INFO] AIGIQA-20K: EPOCH[2] -> SRCC 0.8469 PLCC_raw 0.8962 PLCC_mapped 0.8967 KRCC 0.6618 MainScore_official 0.8718
2026-08-22 12:52:04,412 [INFO] Saving checkpoint at epoch 2 to run/20260822124_Full_V19_20k/checkpoint_best_main.pth.
2026-08-22 12:52:04,479 [INFO] Start training
2026-08-22 12:52:04,829 [INFO] Start training epoch 3, 218 iters per inner epoch.
2026-08-22 12:54:09,063 [INFO] Averaged stats: lr: 0.000098  loss: 0.081592
2026-08-22 12:54:09,180 [INFO] gates: {"epoch": 3, "raw_quality_ratio": 4.951, "quality_ratio": 0.0724, "dcar_delta_ratio": 6.8256, "lambda_q": 0.0146, "deviation_mean": 0.8902, "deviation_std": 0.1181, "patch_w_mean": 0.4155, "patch_w_std": 0.0826, "alpha_3": 0.2584, "alpha_6": 0.2749, "alpha_9": 0.2601, "alpha_12": 0.2067, "dcar_dw_norm": 3.7751, "dcar_dw_batch_std": 0.0253, "dcar_db_abs": 0.2566, "dcar_delta_abs": 3.5095, "dcar_deg_descriptor_norm": 11.363, "dcar_prototype_norm": 5.5082}
2026-08-22 12:54:09,180 [INFO] Evaluating on val.
Train: data epoch: [3]  [  0/218]  eta: 0:23:42  lr: 0.000098  loss: 0.0817  time: 6.5275  data: 0.0001  max mem: 5172
Train: data epoch: [3]  [ 20/218]  eta: 0:02:56  lr: 0.000098  loss: 0.0992  time: 0.6116  data: 0.0000  max mem: 5172
Train: data epoch: [3]  [ 40/218]  eta: 0:02:13  lr: 0.000098  loss: 0.0404  time: 0.6032  data: 0.0000  max mem: 5172
Train: data epoch: [3]  [ 60/218]  eta: 0:01:50  lr: 0.000098  loss: 0.0749  time: 0.5901  data: 0.0000  max mem: 5172
Train: data epoch: [3]  [ 80/218]  eta: 0:01:31  lr: 0.000098  loss: 0.1084  time: 0.5600  data: 0.0000  max mem: 5172
Train: data epoch: [3]  [100/218]  eta: 0:01:16  lr: 0.000098  loss: 0.0975  time: 0.5724  data: 0.0000  max mem: 5172
Train: data epoch: [3]  [120/218]  eta: 0:01:02  lr: 0.000098  loss: 0.0764  time: 0.5756  data: 0.0000  max mem: 5172
Train: data epoch: [3]  [140/218]  eta: 0:00:48  lr: 0.000098  loss: 0.0663  time: 0.5218  data: 0.0000  max mem: 5172
Train: data epoch: [3]  [160/218]  eta: 0:00:34  lr: 0.000098  loss: 0.0678  time: 0.4000  data: 0.0000  max mem: 5172
Train: data epoch: [3]  [180/218]  eta: 0:00:22  lr: 0.000098  loss: 0.1188  time: 0.4953  data: 0.0000  max mem: 5172
Train: data epoch: [3]  [200/218]  eta: 0:00:10  lr: 0.000098  loss: 0.0617  time: 0.4596  data: 0.0000  max mem: 5172
Train: data epoch: [3]  [217/218]  eta: 0:00:00  lr: 0.000098  loss: 0.0685  time: 0.5594  data: 0.0000  max mem: 5172
Train: data epoch: [3] Total time: 0:02:04 (0.5699 s / it)
2026-08-22 12:54:40,462 [INFO] AIGIQA-20K: EPOCH[3] -> SRCC 0.8546 PLCC_raw 0.9026 PLCC_mapped 0.9028 KRCC 0.6708 MainScore_official 0.8787
2026-08-22 12:54:40,476 [INFO] Saving checkpoint at epoch 3 to run/20260822124_Full_V19_20k/checkpoint_best_main.pth.
2026-08-22 12:54:40,539 [INFO] Start training
2026-08-22 12:54:40,897 [INFO] Start training epoch 4, 218 iters per inner epoch.
2026-08-22 12:56:41,280 [INFO] Averaged stats: lr: 0.000096  loss: 0.073976
2026-08-22 12:56:41,403 [INFO] gates: {"epoch": 4, "raw_quality_ratio": 5.1497, "quality_ratio": 0.0795, "dcar_delta_ratio": 7.0149, "lambda_q": 0.0154, "deviation_mean": 0.9245, "deviation_std": 0.1047, "patch_w_mean": 0.3938, "patch_w_std": 0.1059, "alpha_3": 0.2563, "alpha_6": 0.2894, "alpha_9": 0.2658, "alpha_12": 0.1884, "dcar_dw_norm": 3.8003, "dcar_dw_batch_std": 0.021, "dcar_db_abs": 0.2559, "dcar_delta_abs": 3.5109, "dcar_deg_descriptor_norm": 11.3642, "dcar_prototype_norm": 5.4236}
2026-08-22 12:56:41,403 [INFO] Evaluating on val.
Train: data epoch: [4]  [  0/218]  eta: 0:19:50  lr: 0.000096  loss: 0.0798  time: 5.4598  data: 0.0001  max mem: 5172
Train: data epoch: [4]  [ 20/218]  eta: 0:02:45  lr: 0.000096  loss: 0.0845  time: 0.6050  data: 0.0000  max mem: 5172
Train: data epoch: [4]  [ 40/218]  eta: 0:02:12  lr: 0.000096  loss: 0.0746  time: 0.6500  data: 0.0000  max mem: 5172
Train: data epoch: [4]  [ 60/218]  eta: 0:01:51  lr: 0.000096  loss: 0.1019  time: 0.6198  data: 0.0000  max mem: 5172
Train: data epoch: [4]  [ 80/218]  eta: 0:01:32  lr: 0.000096  loss: 0.0756  time: 0.5809  data: 0.0000  max mem: 5172
Train: data epoch: [4]  [100/218]  eta: 0:01:16  lr: 0.000096  loss: 0.0688  time: 0.5583  data: 0.0000  max mem: 5172
Train: data epoch: [4]  [120/218]  eta: 0:01:00  lr: 0.000096  loss: 0.0728  time: 0.4306  data: 0.0000  max mem: 5172
Train: data epoch: [4]  [140/218]  eta: 0:00:46  lr: 0.000096  loss: 0.0627  time: 0.4557  data: 0.0000  max mem: 5172
Train: data epoch: [4]  [160/218]  eta: 0:00:34  lr: 0.000096  loss: 0.0624  time: 0.5926  data: 0.0000  max mem: 5172
Train: data epoch: [4]  [180/218]  eta: 0:00:21  lr: 0.000096  loss: 0.0737  time: 0.3265  data: 0.0000  max mem: 5172
Train: data epoch: [4]  [200/218]  eta: 0:00:09  lr: 0.000096  loss: 0.0799  time: 0.4251  data: 0.0000  max mem: 5172
Train: data epoch: [4]  [217/218]  eta: 0:00:00  lr: 0.000096  loss: 0.0842  time: 0.5961  data: 0.0000  max mem: 5172
Train: data epoch: [4] Total time: 0:02:00 (0.5522 s / it)
2026-08-22 12:57:13,521 [INFO] AIGIQA-20K: EPOCH[4] -> SRCC 0.8577 PLCC_raw 0.9033 PLCC_mapped 0.9036 KRCC 0.6744 MainScore_official 0.8806
2026-08-22 12:57:13,538 [INFO] Saving checkpoint at epoch 4 to run/20260822124_Full_V19_20k/checkpoint_best_main.pth.
2026-08-22 12:57:13,601 [INFO] Start training
2026-08-22 12:57:13,919 [INFO] Start training epoch 5, 218 iters per inner epoch.
2026-08-22 12:59:14,834 [INFO] Averaged stats: lr: 0.000093  loss: 0.067845
2026-08-22 12:59:14,922 [INFO] gates: {"epoch": 5, "raw_quality_ratio": 5.255, "quality_ratio": 0.089, "dcar_delta_ratio": 7.6668, "lambda_q": 0.0169, "deviation_mean": 0.948, "deviation_std": 0.1257, "patch_w_mean": 0.3595, "patch_w_std": 0.1368, "alpha_3": 0.2546, "alpha_6": 0.3003, "alpha_9": 0.2731, "alpha_12": 0.1719, "dcar_dw_norm": 3.7897, "dcar_dw_batch_std": 0.0227, "dcar_db_abs": 0.2534, "dcar_delta_abs": 3.4871, "dcar_deg_descriptor_norm": 11.364, "dcar_prototype_norm": 5.6624}
2026-08-22 12:59:14,922 [INFO] Evaluating on val.
Train: data epoch: [5]  [  0/218]  eta: 0:17:33  lr: 0.000093  loss: 0.0592  time: 4.8333  data: 0.0001  max mem: 5172
Train: data epoch: [5]  [ 20/218]  eta: 0:02:40  lr: 0.000093  loss: 0.0541  time: 0.6101  data: 0.0000  max mem: 5172
Train: data epoch: [5]  [ 40/218]  eta: 0:02:06  lr: 0.000093  loss: 0.0976  time: 0.6000  data: 0.0000  max mem: 5172
Train: data epoch: [5]  [ 60/218]  eta: 0:01:45  lr: 0.000093  loss: 0.0857  time: 0.5929  data: 0.0000  max mem: 5172
Train: data epoch: [5]  [ 80/218]  eta: 0:01:29  lr: 0.000093  loss: 0.0890  time: 0.5788  data: 0.0000  max mem: 5172
Train: data epoch: [5]  [100/218]  eta: 0:01:14  lr: 0.000093  loss: 0.0811  time: 0.5506  data: 0.0000  max mem: 5172
Train: data epoch: [5]  [120/218]  eta: 0:00:57  lr: 0.000093  loss: 0.0565  time: 0.3924  data: 0.0000  max mem: 5172
Train: data epoch: [5]  [140/218]  eta: 0:00:45  lr: 0.000093  loss: 0.0767  time: 0.5679  data: 0.0000  max mem: 5172
Train: data epoch: [5]  [160/218]  eta: 0:00:33  lr: 0.000093  loss: 0.0714  time: 0.5270  data: 0.0000  max mem: 5172
Train: data epoch: [5]  [180/218]  eta: 0:00:21  lr: 0.000093  loss: 0.0689  time: 0.4302  data: 0.0000  max mem: 5172
Train: data epoch: [5]  [200/218]  eta: 0:00:09  lr: 0.000093  loss: 0.0743  time: 0.4508  data: 0.0000  max mem: 5172
Train: data epoch: [5]  [217/218]  eta: 0:00:00  lr: 0.000093  loss: 0.0338  time: 0.5937  data: 0.0000  max mem: 5172
Train: data epoch: [5] Total time: 0:02:00 (0.5547 s / it)
2026-08-22 12:59:45,169 [INFO] AIGIQA-20K: EPOCH[5] -> SRCC 0.8611 PLCC_raw 0.9042 PLCC_mapped 0.9043 KRCC 0.6782 MainScore_official 0.8827
2026-08-22 12:59:45,183 [INFO] Saving checkpoint at epoch 5 to run/20260822124_Full_V19_20k/checkpoint_best_main.pth.
2026-08-22 12:59:45,246 [INFO] Start training
2026-08-22 12:59:45,602 [INFO] Start training epoch 6, 218 iters per inner epoch.
2026-08-22 13:01:45,973 [INFO] Averaged stats: lr: 0.000091  loss: 0.058814
2026-08-22 13:01:46,552 [INFO] gates: {"epoch": 6, "raw_quality_ratio": 5.7274, "quality_ratio": 0.1086, "dcar_delta_ratio": 8.6892, "lambda_q": 0.019, "deviation_mean": 0.9791, "deviation_std": 0.1221, "patch_w_mean": 0.2937, "patch_w_std": 0.1465, "alpha_3": 0.2498, "alpha_6": 0.2931, "alpha_9": 0.2721, "alpha_12": 0.1849, "dcar_dw_norm": 3.7055, "dcar_dw_batch_std": 0.0282, "dcar_db_abs": 0.2444, "dcar_delta_abs": 3.3497, "dcar_deg_descriptor_norm": 11.3636, "dcar_prototype_norm": 5.7604}
2026-08-22 13:01:46,553 [INFO] Evaluating on val.
Train: data epoch: [6]  [  0/218]  eta: 0:22:01  lr: 0.000091  loss: 0.0685  time: 6.0608  data: 0.0001  max mem: 5172
Train: data epoch: [6]  [ 20/218]  eta: 0:02:50  lr: 0.000091  loss: 0.0493  time: 0.5995  data: 0.0000  max mem: 5172
Train: data epoch: [6]  [ 40/218]  eta: 0:02:10  lr: 0.000091  loss: 0.0554  time: 0.5999  data: 0.0000  max mem: 5172
Train: data epoch: [6]  [ 60/218]  eta: 0:01:48  lr: 0.000091  loss: 0.0634  time: 0.5826  data: 0.0000  max mem: 5172
Train: data epoch: [6]  [ 80/218]  eta: 0:01:30  lr: 0.000091  loss: 0.0456  time: 0.5593  data: 0.0000  max mem: 5172
Train: data epoch: [6]  [100/218]  eta: 0:01:10  lr: 0.000091  loss: 0.0722  time: 0.3929  data: 0.0000  max mem: 5172
Train: data epoch: [6]  [120/218]  eta: 0:00:57  lr: 0.000091  loss: 0.0598  time: 0.5203  data: 0.0000  max mem: 5172
Train: data epoch: [6]  [140/218]  eta: 0:00:45  lr: 0.000091  loss: 0.0585  time: 0.5848  data: 0.0000  max mem: 5172
Train: data epoch: [6]  [160/218]  eta: 0:00:32  lr: 0.000091  loss: 0.0642  time: 0.4299  data: 0.0000  max mem: 5172
Train: data epoch: [6]  [180/218]  eta: 0:00:21  lr: 0.000091  loss: 0.0405  time: 0.4849  data: 0.0000  max mem: 5172
Train: data epoch: [6]  [200/218]  eta: 0:00:09  lr: 0.000091  loss: 0.0648  time: 0.4589  data: 0.0000  max mem: 5172
Train: data epoch: [6]  [217/218]  eta: 0:00:00  lr: 0.000091  loss: 0.0454  time: 0.5923  data: 0.0000  max mem: 5172
Train: data epoch: [6] Total time: 0:02:00 (0.5522 s / it)
2026-08-22 13:02:20,323 [INFO] AIGIQA-20K: EPOCH[6] -> SRCC 0.8631 PLCC_raw 0.9048 PLCC_mapped 0.9052 KRCC 0.6810 MainScore_official 0.8841
2026-08-22 13:02:20,339 [INFO] Saving checkpoint at epoch 6 to run/20260822124_Full_V19_20k/checkpoint_best_main.pth.
2026-08-22 13:02:20,442 [INFO] Start training
2026-08-22 13:02:20,809 [INFO] Start training epoch 7, 218 iters per inner epoch.
2026-08-22 13:04:21,780 [INFO] Averaged stats: lr: 0.000087  loss: 0.052620
2026-08-22 13:04:21,894 [INFO] gates: {"epoch": 7, "raw_quality_ratio": 5.854, "quality_ratio": 0.1249, "dcar_delta_ratio": 9.7698, "lambda_q": 0.0213, "deviation_mean": 0.9615, "deviation_std": 0.1382, "patch_w_mean": 0.2542, "patch_w_std": 0.1534, "alpha_3": 0.2413, "alpha_6": 0.3057, "alpha_9": 0.2826, "alpha_12": 0.1704, "dcar_dw_norm": 3.9548, "dcar_dw_batch_std": 0.0232, "dcar_db_abs": 0.2561, "dcar_delta_abs": 3.647, "dcar_deg_descriptor_norm": 11.3652, "dcar_prototype_norm": 5.8823}
2026-08-22 13:04:21,894 [INFO] Evaluating on val.
Train: data epoch: [7]  [  0/218]  eta: 0:21:36  lr: 0.000087  loss: 0.0325  time: 5.9453  data: 0.0001  max mem: 5172
Train: data epoch: [7]  [ 20/218]  eta: 0:02:54  lr: 0.000087  loss: 0.0439  time: 0.6300  data: 0.0000  max mem: 5172
Train: data epoch: [7]  [ 40/218]  eta: 0:02:12  lr: 0.000087  loss: 0.0505  time: 0.5998  data: 0.0000  max mem: 5172
Train: data epoch: [7]  [ 60/218]  eta: 0:01:48  lr: 0.000087  loss: 0.0435  time: 0.5715  data: 0.0000  max mem: 5172
Train: data epoch: [7]  [ 80/218]  eta: 0:01:26  lr: 0.000087  loss: 0.0346  time: 0.4285  data: 0.0000  max mem: 5172
Train: data epoch: [7]  [100/218]  eta: 0:01:10  lr: 0.000087  loss: 0.0480  time: 0.4900  data: 0.0000  max mem: 5172
Train: data epoch: [7]  [120/218]  eta: 0:00:57  lr: 0.000087  loss: 0.0676  time: 0.5578  data: 0.0000  max mem: 5172
Train: data epoch: [7]  [140/218]  eta: 0:00:44  lr: 0.000087  loss: 0.0501  time: 0.4827  data: 0.0000  max mem: 5172
Train: data epoch: [7]  [160/218]  eta: 0:00:33  lr: 0.000087  loss: 0.0651  time: 0.5536  data: 0.0000  max mem: 5172
Train: data epoch: [7]  [180/218]  eta: 0:00:21  lr: 0.000087  loss: 0.0581  time: 0.4307  data: 0.0000  max mem: 5172
Train: data epoch: [7]  [200/218]  eta: 0:00:09  lr: 0.000087  loss: 0.0383  time: 0.5101  data: 0.0000  max mem: 5172
Train: data epoch: [7]  [217/218]  eta: 0:00:00  lr: 0.000087  loss: 0.0566  time: 0.5861  data: 0.0000  max mem: 5172
Train: data epoch: [7] Total time: 0:02:00 (0.5549 s / it)
2026-08-22 13:04:56,003 [INFO] AIGIQA-20K: EPOCH[7] -> SRCC 0.8611 PLCC_raw 0.9026 PLCC_mapped 0.9029 KRCC 0.6782 MainScore_official 0.8820
2026-08-22 13:04:56,004 [INFO] Start training
2026-08-22 13:04:56,363 [INFO] Start training epoch 8, 218 iters per inner epoch.
2026-08-22 13:06:57,752 [INFO] Averaged stats: lr: 0.000084  loss: 0.042902
2026-08-22 13:06:57,866 [INFO] gates: {"epoch": 8, "raw_quality_ratio": 6.3276, "quality_ratio": 0.1477, "dcar_delta_ratio": 12.671, "lambda_q": 0.0233, "deviation_mean": 0.9949, "deviation_std": 0.1234, "patch_w_mean": 0.1956, "patch_w_std": 0.1563, "alpha_3": 0.2359, "alpha_6": 0.2924, "alpha_9": 0.2835, "alpha_12": 0.1881, "dcar_dw_norm": 3.9593, "dcar_dw_batch_std": 0.0276, "dcar_db_abs": 0.2505, "dcar_delta_abs": 3.4926, "dcar_deg_descriptor_norm": 11.365, "dcar_prototype_norm": 5.9017}
2026-08-22 13:06:57,866 [INFO] Evaluating on val.
Train: data epoch: [8]  [  0/218]  eta: 0:24:19  lr: 0.000084  loss: 0.0340  time: 6.6937  data: 0.0001  max mem: 5172
Train: data epoch: [8]  [ 20/218]  eta: 0:03:21  lr: 0.000084  loss: 0.0456  time: 0.7351  data: 0.0000  max mem: 5172
Train: data epoch: [8]  [ 40/218]  eta: 0:02:21  lr: 0.000084  loss: 0.0310  time: 0.5645  data: 0.0000  max mem: 5172
Train: data epoch: [8]  [ 60/218]  eta: 0:01:45  lr: 0.000084  loss: 0.0466  time: 0.4102  data: 0.0000  max mem: 5172
Train: data epoch: [8]  [ 80/218]  eta: 0:01:29  lr: 0.000084  loss: 0.0313  time: 0.5697  data: 0.0000  max mem: 5172
Train: data epoch: [8]  [100/218]  eta: 0:01:13  lr: 0.000084  loss: 0.0397  time: 0.5303  data: 0.0000  max mem: 5172
Train: data epoch: [8]  [120/218]  eta: 0:00:59  lr: 0.000084  loss: 0.0637  time: 0.5449  data: 0.0000  max mem: 5172
Train: data epoch: [8]  [140/218]  eta: 0:00:47  lr: 0.000084  loss: 0.0500  time: 0.5649  data: 0.0000  max mem: 5172
Train: data epoch: [8]  [160/218]  eta: 0:00:33  lr: 0.000084  loss: 0.0559  time: 0.4599  data: 0.0000  max mem: 5172
Train: data epoch: [8]  [180/218]  eta: 0:00:21  lr: 0.000084  loss: 0.0432  time: 0.4162  data: 0.0000  max mem: 5172
Train: data epoch: [8]  [200/218]  eta: 0:00:09  lr: 0.000084  loss: 0.0388  time: 0.4433  data: 0.0000  max mem: 5172
Train: data epoch: [8]  [217/218]  eta: 0:00:00  lr: 0.000084  loss: 0.0618  time: 0.5833  data: 0.0000  max mem: 5172
Train: data epoch: [8] Total time: 0:02:01 (0.5568 s / it)
2026-08-22 13:07:26,796 [INFO] AIGIQA-20K: EPOCH[8] -> SRCC 0.8601 PLCC_raw 0.9027 PLCC_mapped 0.9030 KRCC 0.6770 MainScore_official 0.8815
2026-08-22 13:07:26,797 [INFO] Start training
2026-08-22 13:07:27,199 [INFO] Start training epoch 9, 218 iters per inner epoch.
2026-08-22 13:09:30,933 [INFO] Averaged stats: lr: 0.000080  loss: 0.035539
2026-08-22 13:09:31,062 [INFO] gates: {"epoch": 9, "raw_quality_ratio": 6.5472, "quality_ratio": 0.163, "dcar_delta_ratio": 14.4238, "lambda_q": 0.0249, "deviation_mean": 0.9906, "deviation_std": 0.1282, "patch_w_mean": 0.1962, "patch_w_std": 0.1598, "alpha_3": 0.2327, "alpha_6": 0.2964, "alpha_9": 0.2902, "alpha_12": 0.1807, "dcar_dw_norm": 4.1477, "dcar_dw_batch_std": 0.0229, "dcar_db_abs": 0.2571, "dcar_delta_abs": 3.6517, "dcar_deg_descriptor_norm": 11.3662, "dcar_prototype_norm": 5.9364}
2026-08-22 13:09:31,063 [INFO] Evaluating on val.
Train: data epoch: [9]  [  0/218]  eta: 0:19:48  lr: 0.000080  loss: 0.0239  time: 5.4531  data: 0.0001  max mem: 5172
Train: data epoch: [9]  [ 20/218]  eta: 0:02:57  lr: 0.000080  loss: 0.0484  time: 0.6660  data: 0.0000  max mem: 5172
Train: data epoch: [9]  [ 40/218]  eta: 0:02:00  lr: 0.000080  loss: 0.0428  time: 0.4541  data: 0.0000  max mem: 5172
Train: data epoch: [9]  [ 60/218]  eta: 0:01:37  lr: 0.000080  loss: 0.0324  time: 0.4948  data: 0.0000  max mem: 5172
Train: data epoch: [9]  [ 80/218]  eta: 0:01:24  lr: 0.000080  loss: 0.0353  time: 0.5966  data: 0.0000  max mem: 5172
Train: data epoch: [9]  [100/218]  eta: 0:01:08  lr: 0.000080  loss: 0.0513  time: 0.4434  data: 0.0000  max mem: 5172
Train: data epoch: [9]  [120/218]  eta: 0:00:57  lr: 0.000080  loss: 0.0527  time: 0.5998  data: 0.0000  max mem: 5172
Train: data epoch: [9]  [140/218]  eta: 0:00:45  lr: 0.000080  loss: 0.0314  time: 0.5950  data: 0.0000  max mem: 5172
Train: data epoch: [9]  [160/218]  eta: 0:00:33  lr: 0.000080  loss: 0.0298  time: 0.5629  data: 0.0000  max mem: 5172
Train: data epoch: [9]  [180/218]  eta: 0:00:21  lr: 0.000080  loss: 0.0381  time: 0.4674  data: 0.0000  max mem: 5172
Train: data epoch: [9]  [200/218]  eta: 0:00:10  lr: 0.000080  loss: 0.0382  time: 0.5346  data: 0.0000  max mem: 5172
Train: data epoch: [9]  [217/218]  eta: 0:00:00  lr: 0.000080  loss: 0.0392  time: 0.5888  data: 0.0000  max mem: 5172
Train: data epoch: [9] Total time: 0:02:03 (0.5676 s / it)
2026-08-22 13:09:59,924 [INFO] AIGIQA-20K: EPOCH[9] -> SRCC 0.8570 PLCC_raw 0.9007 PLCC_mapped 0.9007 KRCC 0.6729 MainScore_official 0.8789
2026-08-22 13:09:59,925 [INFO] Start training
2026-08-22 13:10:00,312 [INFO] Start training epoch 10, 218 iters per inner epoch.
2026-08-22 13:12:01,417 [INFO] Averaged stats: lr: 0.000075  loss: 0.027927
2026-08-22 13:12:01,546 [INFO] gates: {"epoch": 10, "raw_quality_ratio": 6.8848, "quality_ratio": 0.1804, "dcar_delta_ratio": 17.1321, "lambda_q": 0.0262, "deviation_mean": 1.0092, "deviation_std": 0.1213, "patch_w_mean": 0.1834, "patch_w_std": 0.1514, "alpha_3": 0.2309, "alpha_6": 0.2902, "alpha_9": 0.2902, "alpha_12": 0.1886, "dcar_dw_norm": 4.1695, "dcar_dw_batch_std": 0.0269, "dcar_db_abs": 0.2537, "dcar_delta_abs": 3.6201, "dcar_deg_descriptor_norm": 11.3659, "dcar_prototype_norm": 5.8637}
2026-08-22 13:12:01,546 [INFO] Evaluating on val.
Train: data epoch: [10]  [  0/218]  eta: 0:18:41  lr: 0.000075  loss: 0.0210  time: 5.1425  data: 0.0001  max mem: 5172
Train: data epoch: [10]  [ 20/218]  eta: 0:02:24  lr: 0.000075  loss: 0.0266  time: 0.5105  data: 0.0000  max mem: 5172
Train: data epoch: [10]  [ 40/218]  eta: 0:01:45  lr: 0.000075  loss: 0.0247  time: 0.4462  data: 0.0000  max mem: 5172
Train: data epoch: [10]  [ 60/218]  eta: 0:01:34  lr: 0.000075  loss: 0.0198  time: 0.6032  data: 0.0000  max mem: 5172
Train: data epoch: [10]  [ 80/218]  eta: 0:01:18  lr: 0.000075  loss: 0.0225  time: 0.4800  data: 0.0000  max mem: 5172
Train: data epoch: [10]  [100/218]  eta: 0:01:07  lr: 0.000075  loss: 0.0310  time: 0.5950  data: 0.0000  max mem: 5172
Train: data epoch: [10]  [120/218]  eta: 0:00:56  lr: 0.000075  loss: 0.0249  time: 0.5998  data: 0.0000  max mem: 5172
Train: data epoch: [10]  [140/218]  eta: 0:00:45  lr: 0.000075  loss: 0.0263  time: 0.5757  data: 0.0000  max mem: 5172
Train: data epoch: [10]  [160/218]  eta: 0:00:33  lr: 0.000075  loss: 0.0264  time: 0.5631  data: 0.0000  max mem: 5172
Train: data epoch: [10]  [180/218]  eta: 0:00:21  lr: 0.000075  loss: 0.0297  time: 0.4913  data: 0.0000  max mem: 5172
Train: data epoch: [10]  [200/218]  eta: 0:00:09  lr: 0.000075  loss: 0.0331  time: 0.4349  data: 0.0000  max mem: 5172
Train: data epoch: [10]  [217/218]  eta: 0:00:00  lr: 0.000075  loss: 0.0162  time: 0.5580  data: 0.0000  max mem: 5172
Train: data epoch: [10] Total time: 0:02:01 (0.5555 s / it)
2026-08-22 13:12:24,580 [INFO] AIGIQA-20K: EPOCH[10] -> SRCC 0.8570 PLCC_raw 0.8989 PLCC_mapped 0.8991 KRCC 0.6733 MainScore_official 0.8780
2026-08-22 13:12:24,598 [INFO] Saving checkpoint at epoch 10 to run/20260822124_Full_V19_20k/checkpoint_latest.pth.
2026-08-22 13:12:24,660 [INFO] Start training
2026-08-22 13:12:25,024 [INFO] Start training epoch 11, 218 iters per inner epoch.
2026-08-22 13:14:27,280 [INFO] Averaged stats: lr: 0.000071  loss: 0.021943
2026-08-22 13:14:27,417 [INFO] gates: {"epoch": 11, "raw_quality_ratio": 7.0365, "quality_ratio": 0.1904, "dcar_delta_ratio": 19.9273, "lambda_q": 0.0271, "deviation_mean": 0.9943, "deviation_std": 0.1146, "patch_w_mean": 0.1799, "patch_w_std": 0.1567, "alpha_3": 0.2315, "alpha_6": 0.2978, "alpha_9": 0.2908, "alpha_12": 0.1799, "dcar_dw_norm": 4.2809, "dcar_dw_batch_std": 0.0247, "dcar_db_abs": 0.2549, "dcar_delta_abs": 3.6391, "dcar_deg_descriptor_norm": 11.3669, "dcar_prototype_norm": 5.8907}
2026-08-22 13:14:27,417 [INFO] Evaluating on val.
Train: data epoch: [11]  [  0/218]  eta: 0:18:45  lr: 0.000071  loss: 0.0254  time: 5.1607  data: 0.0001  max mem: 5172
Train: data epoch: [11]  [ 20/218]  eta: 0:02:24  lr: 0.000071  loss: 0.0235  time: 0.5084  data: 0.0000  max mem: 5172
Train: data epoch: [11]  [ 40/218]  eta: 0:01:46  lr: 0.000071  loss: 0.0171  time: 0.4601  data: 0.0000  max mem: 5172
Train: data epoch: [11]  [ 60/218]  eta: 0:01:34  lr: 0.000071  loss: 0.0228  time: 0.6024  data: 0.0000  max mem: 5172
Train: data epoch: [11]  [ 80/218]  eta: 0:01:18  lr: 0.000071  loss: 0.0236  time: 0.4725  data: 0.0000  max mem: 5172
Train: data epoch: [11]  [100/218]  eta: 0:01:08  lr: 0.000071  loss: 0.0231  time: 0.6350  data: 0.0000  max mem: 5172
Train: data epoch: [11]  [120/218]  eta: 0:00:57  lr: 0.000071  loss: 0.0148  time: 0.6049  data: 0.0000  max mem: 5172
Train: data epoch: [11]  [140/218]  eta: 0:00:45  lr: 0.000071  loss: 0.0263  time: 0.5773  data: 0.0000  max mem: 5172
Train: data epoch: [11]  [160/218]  eta: 0:00:33  lr: 0.000071  loss: 0.0270  time: 0.5706  data: 0.0000  max mem: 5172
Train: data epoch: [11]  [180/218]  eta: 0:00:22  lr: 0.000071  loss: 0.0253  time: 0.5626  data: 0.0000  max mem: 5172
Train: data epoch: [11]  [200/218]  eta: 0:00:10  lr: 0.000071  loss: 0.0216  time: 0.4045  data: 0.0000  max mem: 5172
Train: data epoch: [11]  [217/218]  eta: 0:00:00  lr: 0.000071  loss: 0.0171  time: 0.5161  data: 0.0000  max mem: 5172
Train: data epoch: [11] Total time: 0:02:02 (0.5608 s / it)
2026-08-22 13:14:49,774 [INFO] AIGIQA-20K: EPOCH[11] -> SRCC 0.8527 PLCC_raw 0.8971 PLCC_mapped 0.8972 KRCC 0.6685 MainScore_official 0.8750
2026-08-22 13:14:49,775 [INFO] Start training
2026-08-22 13:14:50,131 [INFO] Start training epoch 12, 218 iters per inner epoch.
2026-08-22 13:16:54,314 [INFO] Averaged stats: lr: 0.000066  loss: 0.017880
2026-08-22 13:16:54,444 [INFO] gates: {"epoch": 12, "raw_quality_ratio": 7.0998, "quality_ratio": 0.1984, "dcar_delta_ratio": 21.9086, "lambda_q": 0.028, "deviation_mean": 1.0024, "deviation_std": 0.1197, "patch_w_mean": 0.1705, "patch_w_std": 0.1541, "alpha_3": 0.2307, "alpha_6": 0.2964, "alpha_9": 0.2869, "alpha_12": 0.186, "dcar_dw_norm": 4.386, "dcar_dw_batch_std": 0.0265, "dcar_db_abs": 0.2568, "dcar_delta_abs": 3.6639, "dcar_deg_descriptor_norm": 11.3675, "dcar_prototype_norm": 5.8858}
2026-08-22 13:16:54,444 [INFO] Evaluating on val.
Train: data epoch: [12]  [  0/218]  eta: 0:18:59  lr: 0.000066  loss: 0.0166  time: 5.2248  data: 0.0001  max mem: 5172
Train: data epoch: [12]  [ 20/218]  eta: 0:02:36  lr: 0.000066  loss: 0.0163  time: 0.5701  data: 0.0000  max mem: 5172
Train: data epoch: [12]  [ 40/218]  eta: 0:01:54  lr: 0.000066  loss: 0.0313  time: 0.4897  data: 0.0000  max mem: 5172
Train: data epoch: [12]  [ 60/218]  eta: 0:01:39  lr: 0.000066  loss: 0.0167  time: 0.5922  data: 0.0000  max mem: 5172
Train: data epoch: [12]  [ 80/218]  eta: 0:01:22  lr: 0.000066  loss: 0.0204  time: 0.4978  data: 0.0000  max mem: 5172
Train: data epoch: [12]  [100/218]  eta: 0:01:10  lr: 0.000066  loss: 0.0189  time: 0.6149  data: 0.0000  max mem: 5172
Train: data epoch: [12]  [120/218]  eta: 0:00:58  lr: 0.000066  loss: 0.0227  time: 0.5901  data: 0.0000  max mem: 5172
Train: data epoch: [12]  [140/218]  eta: 0:00:46  lr: 0.000066  loss: 0.0243  time: 0.5879  data: 0.0000  max mem: 5172
Train: data epoch: [12]  [160/218]  eta: 0:00:34  lr: 0.000066  loss: 0.0221  time: 0.5668  data: 0.0000  max mem: 5172
Train: data epoch: [12]  [180/218]  eta: 0:00:22  lr: 0.000066  loss: 0.0220  time: 0.5463  data: 0.0000  max mem: 5172
Train: data epoch: [12]  [200/218]  eta: 0:00:10  lr: 0.000066  loss: 0.0145  time: 0.4087  data: 0.0000  max mem: 5172
Train: data epoch: [12]  [217/218]  eta: 0:00:00  lr: 0.000066  loss: 0.0143  time: 0.5426  data: 0.0000  max mem: 5172
Train: data epoch: [12] Total time: 0:02:04 (0.5696 s / it)
2026-08-22 13:17:19,357 [INFO] AIGIQA-20K: EPOCH[12] -> SRCC 0.8532 PLCC_raw 0.8958 PLCC_mapped 0.8966 KRCC 0.6689 MainScore_official 0.8749
2026-08-22 13:17:19,358 [INFO] Start training
2026-08-22 13:17:19,706 [INFO] Start training epoch 13, 218 iters per inner epoch.
2026-08-22 13:19:21,529 [INFO] Averaged stats: lr: 0.000061  loss: 0.013685
2026-08-22 13:19:21,724 [INFO] gates: {"epoch": 13, "raw_quality_ratio": 7.3255, "quality_ratio": 0.209, "dcar_delta_ratio": 25.5205, "lambda_q": 0.0285, "deviation_mean": 0.9974, "deviation_std": 0.1068, "patch_w_mean": 0.1658, "patch_w_std": 0.1507, "alpha_3": 0.2301, "alpha_6": 0.2873, "alpha_9": 0.2866, "alpha_12": 0.196, "dcar_dw_norm": 4.483, "dcar_dw_batch_std": 0.0235, "dcar_db_abs": 0.2588, "dcar_delta_abs": 3.729, "dcar_deg_descriptor_norm": 11.3685, "dcar_prototype_norm": 5.8914}
2026-08-22 13:19:21,724 [INFO] Evaluating on val.
Train: data epoch: [13]  [  0/218]  eta: 0:15:04  lr: 0.000061  loss: 0.0136  time: 4.1496  data: 0.0001  max mem: 5172
Train: data epoch: [13]  [ 20/218]  eta: 0:02:06  lr: 0.000061  loss: 0.0112  time: 0.4654  data: 0.0000  max mem: 5172
Train: data epoch: [13]  [ 40/218]  eta: 0:01:44  lr: 0.000061  loss: 0.0153  time: 0.5294  data: 0.0000  max mem: 5172
Train: data epoch: [13]  [ 60/218]  eta: 0:01:32  lr: 0.000061  loss: 0.0078  time: 0.5922  data: 0.0000  max mem: 5172
Train: data epoch: [13]  [ 80/218]  eta: 0:01:17  lr: 0.000061  loss: 0.0130  time: 0.4843  data: 0.0000  max mem: 5172
Train: data epoch: [13]  [100/218]  eta: 0:01:06  lr: 0.000061  loss: 0.0133  time: 0.5549  data: 0.0000  max mem: 5172
Train: data epoch: [13]  [120/218]  eta: 0:00:55  lr: 0.000061  loss: 0.0142  time: 0.5886  data: 0.0000  max mem: 5172
Train: data epoch: [13]  [140/218]  eta: 0:00:44  lr: 0.000061  loss: 0.0125  time: 0.5999  data: 0.0000  max mem: 5172
Train: data epoch: [13]  [160/218]  eta: 0:00:33  lr: 0.000061  loss: 0.0134  time: 0.5900  data: 0.0000  max mem: 5172
Train: data epoch: [13]  [180/218]  eta: 0:00:21  lr: 0.000061  loss: 0.0199  time: 0.5790  data: 0.0000  max mem: 5172
Train: data epoch: [13]  [200/218]  eta: 0:00:10  lr: 0.000061  loss: 0.0289  time: 0.4910  data: 0.0000  max mem: 5172
Train: data epoch: [13]  [217/218]  eta: 0:00:00  lr: 0.000061  loss: 0.0144  time: 0.4835  data: 0.0000  max mem: 5172
Train: data epoch: [13] Total time: 0:02:01 (0.5588 s / it)
2026-08-22 13:19:45,766 [INFO] AIGIQA-20K: EPOCH[13] -> SRCC 0.8507 PLCC_raw 0.8975 PLCC_mapped 0.8979 KRCC 0.6663 MainScore_official 0.8743
2026-08-22 13:19:45,767 [INFO] Start training
2026-08-22 13:19:46,118 [INFO] Start training epoch 14, 218 iters per inner epoch.
2026-08-22 13:21:47,273 [INFO] Averaged stats: lr: 0.000056  loss: 0.011393
2026-08-22 13:21:47,435 [INFO] gates: {"epoch": 14, "raw_quality_ratio": 7.2901, "quality_ratio": 0.2121, "dcar_delta_ratio": 27.12, "lambda_q": 0.0291, "deviation_mean": 0.9895, "deviation_std": 0.1147, "patch_w_mean": 0.1598, "patch_w_std": 0.1488, "alpha_3": 0.2293, "alpha_6": 0.2928, "alpha_9": 0.2931, "alpha_12": 0.1849, "dcar_dw_norm": 4.525, "dcar_dw_batch_std": 0.0285, "dcar_db_abs": 0.2581, "dcar_delta_abs": 3.678, "dcar_deg_descriptor_norm": 11.3689, "dcar_prototype_norm": 5.7896}
2026-08-22 13:21:47,435 [INFO] Evaluating on val.
Train: data epoch: [14]  [  0/218]  eta: 0:17:34  lr: 0.000056  loss: 0.0145  time: 4.8382  data: 0.0001  max mem: 5172
Train: data epoch: [14]  [ 20/218]  eta: 0:02:17  lr: 0.000056  loss: 0.0119  time: 0.4899  data: 0.0000  max mem: 5172
Train: data epoch: [14]  [ 40/218]  eta: 0:01:40  lr: 0.000056  loss: 0.0097  time: 0.4216  data: 0.0000  max mem: 5172
Train: data epoch: [14]  [ 60/218]  eta: 0:01:31  lr: 0.000056  loss: 0.0108  time: 0.6114  data: 0.0000  max mem: 5172
Train: data epoch: [14]  [ 80/218]  eta: 0:01:16  lr: 0.000056  loss: 0.0114  time: 0.4719  data: 0.0000  max mem: 5172
Train: data epoch: [14]  [100/218]  eta: 0:01:05  lr: 0.000056  loss: 0.0132  time: 0.5701  data: 0.0000  max mem: 5172
Train: data epoch: [14]  [120/218]  eta: 0:00:55  lr: 0.000056  loss: 0.0079  time: 0.6099  data: 0.0000  max mem: 5172
Train: data epoch: [14]  [140/218]  eta: 0:00:44  lr: 0.000056  loss: 0.0107  time: 0.5997  data: 0.0000  max mem: 5172
Train: data epoch: [14]  [160/218]  eta: 0:00:33  lr: 0.000056  loss: 0.0088  time: 0.5686  data: 0.0000  max mem: 5172
Train: data epoch: [14]  [180/218]  eta: 0:00:21  lr: 0.000056  loss: 0.0143  time: 0.5674  data: 0.0000  max mem: 5172
Train: data epoch: [14]  [200/218]  eta: 0:00:10  lr: 0.000056  loss: 0.0105  time: 0.4841  data: 0.0000  max mem: 5172
Train: data epoch: [14]  [217/218]  eta: 0:00:00  lr: 0.000056  loss: 0.0108  time: 0.4808  data: 0.0000  max mem: 5172
Train: data epoch: [14] Total time: 0:02:01 (0.5558 s / it)
2026-08-22 13:22:10,693 [INFO] AIGIQA-20K: EPOCH[14] -> SRCC 0.8498 PLCC_raw 0.8966 PLCC_mapped 0.8969 KRCC 0.6652 MainScore_official 0.8734
2026-08-22 13:22:10,695 [INFO] Start training
2026-08-22 13:22:11,048 [INFO] Start training epoch 15, 218 iters per inner epoch.
2026-08-22 13:24:11,254 [INFO] Averaged stats: lr: 0.000051  loss: 0.009230
2026-08-22 13:24:11,409 [INFO] gates: {"epoch": 15, "raw_quality_ratio": 7.4129, "quality_ratio": 0.2189, "dcar_delta_ratio": 29.9572, "lambda_q": 0.0295, "deviation_mean": 1.0087, "deviation_std": 0.1161, "patch_w_mean": 0.1527, "patch_w_std": 0.1455, "alpha_3": 0.2291, "alpha_6": 0.2955, "alpha_9": 0.2904, "alpha_12": 0.185, "dcar_dw_norm": 4.5662, "dcar_dw_batch_std": 0.0287, "dcar_db_abs": 0.2578, "dcar_delta_abs": 3.6989, "dcar_deg_descriptor_norm": 11.3693, "dcar_prototype_norm": 5.9424}
2026-08-22 13:24:11,410 [INFO] Evaluating on val.
Train: data epoch: [15]  [  0/218]  eta: 0:20:23  lr: 0.000051  loss: 0.0066  time: 5.6120  data: 0.0001  max mem: 5172
Train: data epoch: [15]  [ 20/218]  eta: 0:02:36  lr: 0.000051  loss: 0.0071  time: 0.5496  data: 0.0000  max mem: 5172
Train: data epoch: [15]  [ 40/218]  eta: 0:01:46  lr: 0.000051  loss: 0.0088  time: 0.3950  data: 0.0000  max mem: 5172
Train: data epoch: [15]  [ 60/218]  eta: 0:01:34  lr: 0.000051  loss: 0.0112  time: 0.5933  data: 0.0000  max mem: 5172
Train: data epoch: [15]  [ 80/218]  eta: 0:01:19  lr: 0.000051  loss: 0.0117  time: 0.5168  data: 0.0000  max mem: 5172
Train: data epoch: [15]  [100/218]  eta: 0:01:07  lr: 0.000051  loss: 0.0106  time: 0.5450  data: 0.0000  max mem: 5172
Train: data epoch: [15]  [120/218]  eta: 0:00:55  lr: 0.000051  loss: 0.0075  time: 0.5547  data: 0.0000  max mem: 5172
Train: data epoch: [15]  [140/218]  eta: 0:00:44  lr: 0.000051  loss: 0.0081  time: 0.5761  data: 0.0000  max mem: 5172
Train: data epoch: [15]  [160/218]  eta: 0:00:33  lr: 0.000051  loss: 0.0129  time: 0.5703  data: 0.0000  max mem: 5172
Train: data epoch: [15]  [180/218]  eta: 0:00:21  lr: 0.000051  loss: 0.0072  time: 0.5601  data: 0.0000  max mem: 5172
Train: data epoch: [15]  [200/218]  eta: 0:00:10  lr: 0.000051  loss: 0.0068  time: 0.4584  data: 0.0000  max mem: 5172
Train: data epoch: [15]  [217/218]  eta: 0:00:00  lr: 0.000051  loss: 0.0083  time: 0.4699  data: 0.0000  max mem: 5172
Train: data epoch: [15] Total time: 0:02:00 (0.5514 s / it)
2026-08-22 13:24:35,226 [INFO] AIGIQA-20K: EPOCH[15] -> SRCC 0.8504 PLCC_raw 0.8958 PLCC_mapped 0.8965 KRCC 0.6653 MainScore_official 0.8734
2026-08-22 13:24:35,243 [INFO] Saving checkpoint at epoch 15 to run/20260822124_Full_V19_20k/checkpoint_latest.pth.
2026-08-22 13:24:35,371 [INFO] Start training
2026-08-22 13:24:35,714 [INFO] Start training epoch 16, 218 iters per inner epoch.
2026-08-22 13:26:34,046 [INFO] Averaged stats: lr: 0.000045  loss: 0.007495
2026-08-22 13:26:34,169 [INFO] gates: {"epoch": 16, "raw_quality_ratio": 7.4764, "quality_ratio": 0.2244, "dcar_delta_ratio": 30.7498, "lambda_q": 0.03, "deviation_mean": 1.0006, "deviation_std": 0.1133, "patch_w_mean": 0.1678, "patch_w_std": 0.1473, "alpha_3": 0.233, "alpha_6": 0.2911, "alpha_9": 0.287, "alpha_12": 0.1889, "dcar_dw_norm": 4.6705, "dcar_dw_batch_std": 0.0287, "dcar_db_abs": 0.2612, "dcar_delta_abs": 3.7949, "dcar_deg_descriptor_norm": 11.37, "dcar_prototype_norm": 5.8317}
2026-08-22 13:26:34,170 [INFO] Evaluating on val.
Train: data epoch: [16]  [  0/218]  eta: 0:17:35  lr: 0.000045  loss: 0.0059  time: 4.8427  data: 0.0001  max mem: 5172
Train: data epoch: [16]  [ 20/218]  eta: 0:02:37  lr: 0.000045  loss: 0.0079  time: 0.5914  data: 0.0000  max mem: 5172
Train: data epoch: [16]  [ 40/218]  eta: 0:01:48  lr: 0.000045  loss: 0.0054  time: 0.4186  data: 0.0000  max mem: 5172
Train: data epoch: [16]  [ 60/218]  eta: 0:01:25  lr: 0.000045  loss: 0.0063  time: 0.4049  data: 0.0000  max mem: 5172
Train: data epoch: [16]  [ 80/218]  eta: 0:01:14  lr: 0.000045  loss: 0.0100  time: 0.5346  data: 0.0000  max mem: 5172
Train: data epoch: [16]  [100/218]  eta: 0:01:04  lr: 0.000045  loss: 0.0080  time: 0.5555  data: 0.0000  max mem: 5172
Train: data epoch: [16]  [120/218]  eta: 0:00:52  lr: 0.000045  loss: 0.0078  time: 0.5196  data: 0.0000  max mem: 5172
Train: data epoch: [16]  [140/218]  eta: 0:00:42  lr: 0.000045  loss: 0.0060  time: 0.5751  data: 0.0000  max mem: 5172
Train: data epoch: [16]  [160/218]  eta: 0:00:31  lr: 0.000045  loss: 0.0083  time: 0.5852  data: 0.0000  max mem: 5172
Train: data epoch: [16]  [180/218]  eta: 0:00:20  lr: 0.000045  loss: 0.0058  time: 0.5624  data: 0.0000  max mem: 5172
Train: data epoch: [16]  [200/218]  eta: 0:00:09  lr: 0.000045  loss: 0.0080  time: 0.4972  data: 0.0000  max mem: 5172
Train: data epoch: [16]  [217/218]  eta: 0:00:00  lr: 0.000045  loss: 0.0063  time: 0.4896  data: 0.0000  max mem: 5172
Train: data epoch: [16] Total time: 0:01:58 (0.5428 s / it)
2026-08-22 13:26:57,062 [INFO] AIGIQA-20K: EPOCH[16] -> SRCC 0.8467 PLCC_raw 0.8954 PLCC_mapped 0.8957 KRCC 0.6619 MainScore_official 0.8712
2026-08-22 13:26:57,063 [INFO] Start training
2026-08-22 13:26:57,450 [INFO] Start training epoch 17, 218 iters per inner epoch.
2026-08-22 13:29:05,484 [INFO] Averaged stats: lr: 0.000040  loss: 0.006382
2026-08-22 13:29:05,609 [INFO] gates: {"epoch": 17, "raw_quality_ratio": 7.6005, "quality_ratio": 0.2308, "dcar_delta_ratio": 31.7858, "lambda_q": 0.0304, "deviation_mean": 0.9954, "deviation_std": 0.1025, "patch_w_mean": 0.1608, "patch_w_std": 0.1503, "alpha_3": 0.2307, "alpha_6": 0.2909, "alpha_9": 0.2918, "alpha_12": 0.1865, "dcar_dw_norm": 4.7554, "dcar_dw_batch_std": 0.0175, "dcar_db_abs": 0.2639, "dcar_delta_abs": 3.8782, "dcar_deg_descriptor_norm": 11.3701, "dcar_prototype_norm": 5.8404}
2026-08-22 13:29:05,610 [INFO] Evaluating on val.
Train: data epoch: [17]  [  0/218]  eta: 0:33:09  lr: 0.000040  loss: 0.0048  time: 9.1248  data: 0.0001  max mem: 5172
Train: data epoch: [17]  [ 20/218]  eta: 0:03:35  lr: 0.000040  loss: 0.0065  time: 0.6883  data: 0.0000  max mem: 5172
Train: data epoch: [17]  [ 40/218]  eta: 0:02:21  lr: 0.000040  loss: 0.0053  time: 0.4906  data: 0.0000  max mem: 5172
Train: data epoch: [17]  [ 60/218]  eta: 0:01:48  lr: 0.000040  loss: 0.0068  time: 0.4599  data: 0.0000  max mem: 5172
Train: data epoch: [17]  [ 80/218]  eta: 0:01:31  lr: 0.000040  loss: 0.0089  time: 0.5900  data: 0.0000  max mem: 5172
Train: data epoch: [17]  [100/218]  eta: 0:01:13  lr: 0.000040  loss: 0.0068  time: 0.4653  data: 0.0000  max mem: 5172
Train: data epoch: [17]  [120/218]  eta: 0:01:00  lr: 0.000040  loss: 0.0064  time: 0.5946  data: 0.0000  max mem: 5172
Train: data epoch: [17]  [140/218]  eta: 0:00:48  lr: 0.000040  loss: 0.0073  time: 0.6099  data: 0.0000  max mem: 5172
Train: data epoch: [17]  [160/218]  eta: 0:00:35  lr: 0.000040  loss: 0.0077  time: 0.5827  data: 0.0000  max mem: 5172
Train: data epoch: [17]  [180/218]  eta: 0:00:22  lr: 0.000040  loss: 0.0076  time: 0.5123  data: 0.0000  max mem: 5172
Train: data epoch: [17]  [200/218]  eta: 0:00:10  lr: 0.000040  loss: 0.0061  time: 0.4563  data: 0.0000  max mem: 5172
Train: data epoch: [17]  [217/218]  eta: 0:00:00  lr: 0.000040  loss: 0.0065  time: 0.5814  data: 0.0000  max mem: 5172
Train: data epoch: [17] Total time: 0:02:08 (0.5873 s / it)
2026-08-22 13:29:29,668 [INFO] AIGIQA-20K: EPOCH[17] -> SRCC 0.8471 PLCC_raw 0.8951 PLCC_mapped 0.8956 KRCC 0.6617 MainScore_official 0.8714
2026-08-22 13:29:29,670 [INFO] Start training
2026-08-22 13:29:30,012 [INFO] Start training epoch 18, 218 iters per inner epoch.
2026-08-22 13:31:31,541 [INFO] Averaged stats: lr: 0.000035  loss: 0.005051
2026-08-22 13:31:31,660 [INFO] gates: {"epoch": 18, "raw_quality_ratio": 7.5896, "quality_ratio": 0.2329, "dcar_delta_ratio": 36.246, "lambda_q": 0.0307, "deviation_mean": 1.0066, "deviation_std": 0.1085, "patch_w_mean": 0.1584, "patch_w_std": 0.1416, "alpha_3": 0.2281, "alpha_6": 0.2895, "alpha_9": 0.2924, "alpha_12": 0.19, "dcar_dw_norm": 4.6216, "dcar_dw_batch_std": 0.034, "dcar_db_abs": 0.2549, "dcar_delta_abs": 3.5861, "dcar_deg_descriptor_norm": 11.3702, "dcar_prototype_norm": 5.9635}
2026-08-22 13:31:31,661 [INFO] Evaluating on val.
Train: data epoch: [18]  [  0/218]  eta: 0:20:30  lr: 0.000035  loss: 0.0038  time: 5.6447  data: 0.0001  max mem: 5172
Train: data epoch: [18]  [ 20/218]  eta: 0:02:43  lr: 0.000035  loss: 0.0046  time: 0.5853  data: 0.0000  max mem: 5172
Train: data epoch: [18]  [ 40/218]  eta: 0:01:52  lr: 0.000035  loss: 0.0044  time: 0.4246  data: 0.0000  max mem: 5172
Train: data epoch: [18]  [ 60/218]  eta: 0:01:36  lr: 0.000035  loss: 0.0039  time: 0.5799  data: 0.0000  max mem: 5172
Train: data epoch: [18]  [ 80/218]  eta: 0:01:22  lr: 0.000035  loss: 0.0040  time: 0.5449  data: 0.0000  max mem: 5172
Train: data epoch: [18]  [100/218]  eta: 0:01:09  lr: 0.000035  loss: 0.0048  time: 0.5450  data: 0.0000  max mem: 5172
Train: data epoch: [18]  [120/218]  eta: 0:00:57  lr: 0.000035  loss: 0.0084  time: 0.5796  data: 0.0000  max mem: 5172
Train: data epoch: [18]  [140/218]  eta: 0:00:45  lr: 0.000035  loss: 0.0064  time: 0.5568  data: 0.0000  max mem: 5172
Train: data epoch: [18]  [160/218]  eta: 0:00:33  lr: 0.000035  loss: 0.0030  time: 0.5715  data: 0.0000  max mem: 5172
Train: data epoch: [18]  [180/218]  eta: 0:00:21  lr: 0.000035  loss: 0.0049  time: 0.5606  data: 0.0000  max mem: 5172
Train: data epoch: [18]  [200/218]  eta: 0:00:10  lr: 0.000035  loss: 0.0043  time: 0.3964  data: 0.0000  max mem: 5172
Train: data epoch: [18]  [217/218]  eta: 0:00:00  lr: 0.000035  loss: 0.0045  time: 0.5041  data: 0.0000  max mem: 5172
Train: data epoch: [18] Total time: 0:02:01 (0.5575 s / it)
2026-08-22 13:31:54,701 [INFO] AIGIQA-20K: EPOCH[18] -> SRCC 0.8457 PLCC_raw 0.8942 PLCC_mapped 0.8952 KRCC 0.6604 MainScore_official 0.8705
2026-08-22 13:31:54,703 [INFO] Start training
2026-08-22 13:31:55,051 [INFO] Start training epoch 19, 218 iters per inner epoch.
2026-08-22 13:33:56,168 [INFO] Averaged stats: lr: 0.000030  loss: 0.004258
2026-08-22 13:33:56,306 [INFO] gates: {"epoch": 19, "raw_quality_ratio": 7.6596, "quality_ratio": 0.237, "dcar_delta_ratio": 35.0881, "lambda_q": 0.0309, "deviation_mean": 1.0036, "deviation_std": 0.1022, "patch_w_mean": 0.1686, "patch_w_std": 0.1541, "alpha_3": 0.2315, "alpha_6": 0.2879, "alpha_9": 0.2907, "alpha_12": 0.1899, "dcar_dw_norm": 4.79, "dcar_dw_batch_std": 0.0254, "dcar_db_abs": 0.2629, "dcar_delta_abs": 3.7778, "dcar_deg_descriptor_norm": 11.3706, "dcar_prototype_norm": 5.8619}
2026-08-22 13:33:56,306 [INFO] Evaluating on val.
Train: data epoch: [19]  [  0/218]  eta: 0:17:49  lr: 0.000030  loss: 0.0039  time: 4.9059  data: 0.0001  max mem: 5172
Train: data epoch: [19]  [ 20/218]  eta: 0:02:35  lr: 0.000030  loss: 0.0035  time: 0.5817  data: 0.0000  max mem: 5172
Train: data epoch: [19]  [ 40/218]  eta: 0:01:46  lr: 0.000030  loss: 0.0032  time: 0.4039  data: 0.0000  max mem: 5172
Train: data epoch: [19]  [ 60/218]  eta: 0:01:33  lr: 0.000030  loss: 0.0058  time: 0.5693  data: 0.0000  max mem: 5172
Train: data epoch: [19]  [ 80/218]  eta: 0:01:19  lr: 0.000030  loss: 0.0034  time: 0.5350  data: 0.0000  max mem: 5172
Train: data epoch: [19]  [100/218]  eta: 0:01:06  lr: 0.000030  loss: 0.0034  time: 0.5199  data: 0.0000  max mem: 5172
Train: data epoch: [19]  [120/218]  eta: 0:00:55  lr: 0.000030  loss: 0.0040  time: 0.5850  data: 0.0000  max mem: 5172
Train: data epoch: [19]  [140/218]  eta: 0:00:44  lr: 0.000030  loss: 0.0040  time: 0.5999  data: 0.0000  max mem: 5172
Train: data epoch: [19]  [160/218]  eta: 0:00:33  lr: 0.000030  loss: 0.0040  time: 0.5879  data: 0.0000  max mem: 5172
Train: data epoch: [19]  [180/218]  eta: 0:00:21  lr: 0.000030  loss: 0.0057  time: 0.5734  data: 0.0000  max mem: 5172
Train: data epoch: [19]  [200/218]  eta: 0:00:10  lr: 0.000030  loss: 0.0051  time: 0.4637  data: 0.0000  max mem: 5172
Train: data epoch: [19]  [217/218]  eta: 0:00:00  lr: 0.000030  loss: 0.0050  time: 0.4506  data: 0.0000  max mem: 5172
Train: data epoch: [19] Total time: 0:02:01 (0.5556 s / it)
2026-08-22 13:34:22,059 [INFO] AIGIQA-20K: EPOCH[19] -> SRCC 0.8463 PLCC_raw 0.8942 PLCC_mapped 0.8950 KRCC 0.6611 MainScore_official 0.8707
2026-08-22 13:34:22,060 [INFO] Start training
2026-08-22 13:34:22,437 [INFO] Start training epoch 20, 218 iters per inner epoch.
2026-08-22 13:36:23,518 [INFO] Averaged stats: lr: 0.000026  loss: 0.003779
2026-08-22 13:36:23,649 [INFO] gates: {"epoch": 20, "raw_quality_ratio": 7.7172, "quality_ratio": 0.2407, "dcar_delta_ratio": 37.7745, "lambda_q": 0.0312, "deviation_mean": 1.0072, "deviation_std": 0.1066, "patch_w_mean": 0.1554, "patch_w_std": 0.1496, "alpha_3": 0.2294, "alpha_6": 0.285, "alpha_9": 0.2898, "alpha_12": 0.1958, "dcar_dw_norm": 4.6635, "dcar_dw_batch_std": 0.0371, "dcar_db_abs": 0.2546, "dcar_delta_abs": 3.5875, "dcar_deg_descriptor_norm": 11.3708, "dcar_prototype_norm": 5.8522}
2026-08-22 13:36:23,649 [INFO] Evaluating on val.
Train: data epoch: [20]  [  0/218]  eta: 0:16:13  lr: 0.000026  loss: 0.0031  time: 4.4638  data: 0.0001  max mem: 5172
Train: data epoch: [20]  [ 20/218]  eta: 0:02:25  lr: 0.000026  loss: 0.0047  time: 0.5476  data: 0.0000  max mem: 5172
Train: data epoch: [20]  [ 40/218]  eta: 0:01:44  lr: 0.000026  loss: 0.0033  time: 0.4302  data: 0.0000  max mem: 5172
Train: data epoch: [20]  [ 60/218]  eta: 0:01:32  lr: 0.000026  loss: 0.0032  time: 0.5897  data: 0.0000  max mem: 5172
Train: data epoch: [20]  [ 80/218]  eta: 0:01:18  lr: 0.000026  loss: 0.0038  time: 0.5052  data: 0.0000  max mem: 5172
Train: data epoch: [20]  [100/218]  eta: 0:01:05  lr: 0.000026  loss: 0.0030  time: 0.5250  data: 0.0000  max mem: 5172
Train: data epoch: [20]  [120/218]  eta: 0:00:55  lr: 0.000026  loss: 0.0035  time: 0.6049  data: 0.0000  max mem: 5172
Train: data epoch: [20]  [140/218]  eta: 0:00:44  lr: 0.000026  loss: 0.0036  time: 0.5881  data: 0.0000  max mem: 5172
Train: data epoch: [20]  [160/218]  eta: 0:00:32  lr: 0.000026  loss: 0.0032  time: 0.5615  data: 0.0000  max mem: 5172
Train: data epoch: [20]  [180/218]  eta: 0:00:21  lr: 0.000026  loss: 0.0035  time: 0.5581  data: 0.0000  max mem: 5172
Train: data epoch: [20]  [200/218]  eta: 0:00:10  lr: 0.000026  loss: 0.0042  time: 0.4820  data: 0.0000  max mem: 5172
Train: data epoch: [20]  [217/218]  eta: 0:00:00  lr: 0.000026  loss: 0.0039  time: 0.4981  data: 0.0000  max mem: 5172
Train: data epoch: [20] Total time: 0:02:01 (0.5554 s / it)
2026-08-22 13:36:46,314 [INFO] AIGIQA-20K: EPOCH[20] -> SRCC 0.8455 PLCC_raw 0.8945 PLCC_mapped 0.8953 KRCC 0.6605 MainScore_official 0.8704
2026-08-22 13:36:46,328 [INFO] Saving checkpoint at epoch 20 to run/20260822124_Full_V19_20k/checkpoint_latest.pth.
2026-08-22 13:36:46,383 [INFO] Start training
2026-08-22 13:36:46,735 [INFO] Start training epoch 21, 218 iters per inner epoch.
2026-08-22 13:38:51,058 [INFO] Averaged stats: lr: 0.000021  loss: 0.003227
2026-08-22 13:38:51,197 [INFO] gates: {"epoch": 21, "raw_quality_ratio": 7.7121, "quality_ratio": 0.2417, "dcar_delta_ratio": 37.5218, "lambda_q": 0.0313, "deviation_mean": 1.0114, "deviation_std": 0.107, "patch_w_mean": 0.1568, "patch_w_std": 0.1473, "alpha_3": 0.2274, "alpha_6": 0.2943, "alpha_9": 0.2944, "alpha_12": 0.1838, "dcar_dw_norm": 4.855, "dcar_dw_batch_std": 0.0223, "dcar_db_abs": 0.2639, "dcar_delta_abs": 3.7719, "dcar_deg_descriptor_norm": 11.3711, "dcar_prototype_norm": 5.8264}
2026-08-22 13:38:51,197 [INFO] Evaluating on val.
Train: data epoch: [21]  [  0/218]  eta: 0:20:47  lr: 0.000021  loss: 0.0033  time: 5.7220  data: 0.0001  max mem: 5172
Train: data epoch: [21]  [ 20/218]  eta: 0:02:41  lr: 0.000021  loss: 0.0014  time: 0.5701  data: 0.0000  max mem: 5172
Train: data epoch: [21]  [ 40/218]  eta: 0:01:51  lr: 0.000021  loss: 0.0025  time: 0.4298  data: 0.0000  max mem: 5172
Train: data epoch: [21]  [ 60/218]  eta: 0:01:37  lr: 0.000021  loss: 0.0032  time: 0.5899  data: 0.0000  max mem: 5172
Train: data epoch: [21]  [ 80/218]  eta: 0:01:21  lr: 0.000021  loss: 0.0021  time: 0.5299  data: 0.0000  max mem: 5172
Train: data epoch: [21]  [100/218]  eta: 0:01:09  lr: 0.000021  loss: 0.0032  time: 0.5501  data: 0.0000  max mem: 5172
Train: data epoch: [21]  [120/218]  eta: 0:00:57  lr: 0.000021  loss: 0.0023  time: 0.6148  data: 0.0000  max mem: 5172
Train: data epoch: [21]  [140/218]  eta: 0:00:46  lr: 0.000021  loss: 0.0059  time: 0.6148  data: 0.0000  max mem: 5172
Train: data epoch: [21]  [160/218]  eta: 0:00:34  lr: 0.000021  loss: 0.0033  time: 0.5784  data: 0.0000  max mem: 5172
Train: data epoch: [21]  [180/218]  eta: 0:00:22  lr: 0.000021  loss: 0.0032  time: 0.5605  data: 0.0000  max mem: 5172
Train: data epoch: [21]  [200/218]  eta: 0:00:10  lr: 0.000021  loss: 0.0046  time: 0.4565  data: 0.0000  max mem: 5172
Train: data epoch: [21]  [217/218]  eta: 0:00:00  lr: 0.000021  loss: 0.0063  time: 0.4950  data: 0.0000  max mem: 5172
Train: data epoch: [21] Total time: 0:02:04 (0.5703 s / it)
2026-08-22 13:39:14,093 [INFO] AIGIQA-20K: EPOCH[21] -> SRCC 0.8454 PLCC_raw 0.8940 PLCC_mapped 0.8951 KRCC 0.6603 MainScore_official 0.8703
2026-08-22 13:39:14,094 [INFO] Start training
2026-08-22 13:39:14,475 [INFO] Start training epoch 22, 218 iters per inner epoch.
2026-08-22 13:41:16,122 [INFO] Averaged stats: lr: 0.000017  loss: 0.002854
2026-08-22 13:41:16,256 [INFO] gates: {"epoch": 22, "raw_quality_ratio": 7.6809, "quality_ratio": 0.2419, "dcar_delta_ratio": 36.2362, "lambda_q": 0.0315, "deviation_mean": 1.0027, "deviation_std": 0.111, "patch_w_mean": 0.1608, "patch_w_std": 0.1508, "alpha_3": 0.229, "alpha_6": 0.2904, "alpha_9": 0.2935, "alpha_12": 0.1871, "dcar_dw_norm": 4.8258, "dcar_dw_batch_std": 0.0293, "dcar_db_abs": 0.2615, "dcar_delta_abs": 3.7422, "dcar_deg_descriptor_norm": 11.3711, "dcar_prototype_norm": 5.7788}
2026-08-22 13:41:16,256 [INFO] Evaluating on val.
Train: data epoch: [22]  [  0/218]  eta: 0:17:44  lr: 0.000017  loss: 0.0027  time: 4.8825  data: 0.0001  max mem: 5172
Train: data epoch: [22]  [ 20/218]  eta: 0:02:31  lr: 0.000017  loss: 0.0030  time: 0.5598  data: 0.0000  max mem: 5172
Train: data epoch: [22]  [ 40/218]  eta: 0:01:44  lr: 0.000017  loss: 0.0029  time: 0.4000  data: 0.0000  max mem: 5172
Train: data epoch: [22]  [ 60/218]  eta: 0:01:30  lr: 0.000017  loss: 0.0021  time: 0.5447  data: 0.0000  max mem: 5172
Train: data epoch: [22]  [ 80/218]  eta: 0:01:17  lr: 0.000017  loss: 0.0038  time: 0.5352  data: 0.0000  max mem: 5172
Train: data epoch: [22]  [100/218]  eta: 0:01:05  lr: 0.000017  loss: 0.0037  time: 0.5207  data: 0.0000  max mem: 5172
Train: data epoch: [22]  [120/218]  eta: 0:00:55  lr: 0.000017  loss: 0.0029  time: 0.6242  data: 0.0000  max mem: 5172
Train: data epoch: [22]  [140/218]  eta: 0:00:44  lr: 0.000017  loss: 0.0022  time: 0.6001  data: 0.0000  max mem: 5172
Train: data epoch: [22]  [160/218]  eta: 0:00:33  lr: 0.000017  loss: 0.0030  time: 0.5783  data: 0.0000  max mem: 5172
Train: data epoch: [22]  [180/218]  eta: 0:00:21  lr: 0.000017  loss: 0.0031  time: 0.5576  data: 0.0000  max mem: 5172
Train: data epoch: [22]  [200/218]  eta: 0:00:10  lr: 0.000017  loss: 0.0026  time: 0.5090  data: 0.0000  max mem: 5172
Train: data epoch: [22]  [217/218]  eta: 0:00:00  lr: 0.000017  loss: 0.0029  time: 0.4682  data: 0.0000  max mem: 5172
Train: data epoch: [22] Total time: 0:02:01 (0.5580 s / it)
2026-08-22 13:41:40,467 [INFO] AIGIQA-20K: EPOCH[22] -> SRCC 0.8449 PLCC_raw 0.8940 PLCC_mapped 0.8949 KRCC 0.6596 MainScore_official 0.8699
2026-08-22 13:41:40,468 [INFO] Start training
2026-08-22 13:41:40,825 [INFO] Start training epoch 23, 218 iters per inner epoch.
2026-08-22 13:43:43,766 [INFO] Averaged stats: lr: 0.000014  loss: 0.002614
2026-08-22 13:43:43,924 [INFO] gates: {"epoch": 23, "raw_quality_ratio": 7.6937, "quality_ratio": 0.243, "dcar_delta_ratio": 39.4155, "lambda_q": 0.0316, "deviation_mean": 0.9987, "deviation_std": 0.1059, "patch_w_mean": 0.1585, "patch_w_std": 0.1453, "alpha_3": 0.2317, "alpha_6": 0.2896, "alpha_9": 0.2877, "alpha_12": 0.191, "dcar_dw_norm": 4.892, "dcar_dw_batch_std": 0.0284, "dcar_db_abs": 0.2644, "dcar_delta_abs": 3.8371, "dcar_deg_descriptor_norm": 11.3715, "dcar_prototype_norm": 5.8364}
2026-08-22 13:43:43,924 [INFO] Evaluating on val.
Train: data epoch: [23]  [  0/218]  eta: 0:19:25  lr: 0.000014  loss: 0.0029  time: 5.3483  data: 0.0001  max mem: 5172
Train: data epoch: [23]  [ 20/218]  eta: 0:02:33  lr: 0.000014  loss: 0.0030  time: 0.5490  data: 0.0000  max mem: 5172
Train: data epoch: [23]  [ 40/218]  eta: 0:01:46  lr: 0.000014  loss: 0.0018  time: 0.4051  data: 0.0000  max mem: 5172
Train: data epoch: [23]  [ 60/218]  eta: 0:01:33  lr: 0.000014  loss: 0.0028  time: 0.5886  data: 0.0000  max mem: 5172
Train: data epoch: [23]  [ 80/218]  eta: 0:01:19  lr: 0.000014  loss: 0.0035  time: 0.5114  data: 0.0000  max mem: 5172
Train: data epoch: [23]  [100/218]  eta: 0:01:07  lr: 0.000014  loss: 0.0024  time: 0.5598  data: 0.0000  max mem: 5172
Train: data epoch: [23]  [120/218]  eta: 0:00:57  lr: 0.000014  loss: 0.0026  time: 0.6401  data: 0.0000  max mem: 5172
Train: data epoch: [23]  [140/218]  eta: 0:00:45  lr: 0.000014  loss: 0.0025  time: 0.6049  data: 0.0000  max mem: 5172
Train: data epoch: [23]  [160/218]  eta: 0:00:33  lr: 0.000014  loss: 0.0029  time: 0.5651  data: 0.0000  max mem: 5172
Train: data epoch: [23]  [180/218]  eta: 0:00:22  lr: 0.000014  loss: 0.0032  time: 0.5617  data: 0.0000  max mem: 5172
Train: data epoch: [23]  [200/218]  eta: 0:00:10  lr: 0.000014  loss: 0.0027  time: 0.4680  data: 0.0000  max mem: 5172
Train: data epoch: [23]  [217/218]  eta: 0:00:00  lr: 0.000014  loss: 0.0030  time: 0.4855  data: 0.0000  max mem: 5172
Train: data epoch: [23] Total time: 0:02:02 (0.5639 s / it)
2026-08-22 13:44:07,353 [INFO] AIGIQA-20K: EPOCH[23] -> SRCC 0.8447 PLCC_raw 0.8938 PLCC_mapped 0.8950 KRCC 0.6595 MainScore_official 0.8698
2026-08-22 13:44:07,355 [INFO] Start training
2026-08-22 13:44:07,748 [INFO] Start training epoch 24, 218 iters per inner epoch.
2026-08-22 13:46:11,859 [INFO] Averaged stats: lr: 0.000010  loss: 0.002333
2026-08-22 13:46:12,013 [INFO] gates: {"epoch": 24, "raw_quality_ratio": 7.7227, "quality_ratio": 0.2448, "dcar_delta_ratio": 41.7444, "lambda_q": 0.0317, "deviation_mean": 0.9995, "deviation_std": 0.1088, "patch_w_mean": 0.1612, "patch_w_std": 0.147, "alpha_3": 0.2309, "alpha_6": 0.2897, "alpha_9": 0.2897, "alpha_12": 0.1897, "dcar_dw_norm": 4.8514, "dcar_dw_batch_std": 0.0293, "dcar_db_abs": 0.2615, "dcar_delta_abs": 3.7607, "dcar_deg_descriptor_norm": 11.3713, "dcar_prototype_norm": 5.8805}
2026-08-22 13:46:12,013 [INFO] Evaluating on val.
Train: data epoch: [24]  [  0/218]  eta: 0:19:17  lr: 0.000010  loss: 0.0017  time: 5.3089  data: 0.0001  max mem: 5172
Train: data epoch: [24]  [ 20/218]  eta: 0:02:26  lr: 0.000010  loss: 0.0025  time: 0.5098  data: 0.0000  max mem: 5172
Train: data epoch: [24]  [ 40/218]  eta: 0:01:44  lr: 0.000010  loss: 0.0014  time: 0.4303  data: 0.0000  max mem: 5172
Train: data epoch: [24]  [ 60/218]  eta: 0:01:33  lr: 0.000010  loss: 0.0026  time: 0.5936  data: 0.0000  max mem: 5172
Train: data epoch: [24]  [ 80/218]  eta: 0:01:18  lr: 0.000010  loss: 0.0027  time: 0.5061  data: 0.0000  max mem: 5172
Train: data epoch: [24]  [100/218]  eta: 0:01:06  lr: 0.000010  loss: 0.0025  time: 0.5600  data: 0.0000  max mem: 5172
Train: data epoch: [24]  [120/218]  eta: 0:00:56  lr: 0.000010  loss: 0.0022  time: 0.6149  data: 0.0000  max mem: 5172
Train: data epoch: [24]  [140/218]  eta: 0:00:45  lr: 0.000010  loss: 0.0020  time: 0.5894  data: 0.0000  max mem: 5172
Train: data epoch: [24]  [160/218]  eta: 0:00:33  lr: 0.000010  loss: 0.0030  time: 0.5607  data: 0.0000  max mem: 5172
Train: data epoch: [24]  [180/218]  eta: 0:00:21  lr: 0.000010  loss: 0.0025  time: 0.5705  data: 0.0000  max mem: 5172
Train: data epoch: [24]  [200/218]  eta: 0:00:10  lr: 0.000010  loss: 0.0018  time: 0.5843  data: 0.0000  max mem: 5172
Train: data epoch: [24]  [217/218]  eta: 0:00:00  lr: 0.000010  loss: 0.0019  time: 0.4901  data: 0.0000  max mem: 5172
Train: data epoch: [24] Total time: 0:02:04 (0.5693 s / it)
2026-08-22 13:46:35,815 [INFO] AIGIQA-20K: EPOCH[24] -> SRCC 0.8446 PLCC_raw 0.8941 PLCC_mapped 0.8951 KRCC 0.6592 MainScore_official 0.8698
2026-08-22 13:46:35,817 [INFO] Start training
2026-08-22 13:46:36,178 [INFO] Start training epoch 25, 218 iters per inner epoch.
2026-08-22 13:48:37,214 [INFO] Averaged stats: lr: 0.000008  loss: 0.002181
2026-08-22 13:48:37,334 [INFO] gates: {"epoch": 25, "raw_quality_ratio": 7.7321, "quality_ratio": 0.2455, "dcar_delta_ratio": 38.3051, "lambda_q": 0.0318, "deviation_mean": 0.9872, "deviation_std": 0.1016, "patch_w_mean": 0.1638, "patch_w_std": 0.1508, "alpha_3": 0.2331, "alpha_6": 0.2908, "alpha_9": 0.2857, "alpha_12": 0.1904, "dcar_dw_norm": 4.9455, "dcar_dw_batch_std": 0.0216, "dcar_db_abs": 0.2664, "dcar_delta_abs": 3.8904, "dcar_deg_descriptor_norm": 11.3719, "dcar_prototype_norm": 5.8}
2026-08-22 13:48:37,334 [INFO] Evaluating on val.
Train: data epoch: [25]  [  0/218]  eta: 0:14:49  lr: 0.000008  loss: 0.0022  time: 4.0798  data: 0.0001  max mem: 5172
Train: data epoch: [25]  [ 20/218]  eta: 0:02:15  lr: 0.000008  loss: 0.0025  time: 0.5147  data: 0.0000  max mem: 5172
Train: data epoch: [25]  [ 40/218]  eta: 0:01:41  lr: 0.000008  loss: 0.0015  time: 0.4451  data: 0.0000  max mem: 5172
Train: data epoch: [25]  [ 60/218]  eta: 0:01:30  lr: 0.000008  loss: 0.0018  time: 0.5779  data: 0.0000  max mem: 5172
Train: data epoch: [25]  [ 80/218]  eta: 0:01:15  lr: 0.000008  loss: 0.0024  time: 0.4871  data: 0.0000  max mem: 5172
Train: data epoch: [25]  [100/218]  eta: 0:01:05  lr: 0.000008  loss: 0.0022  time: 0.5654  data: 0.0000  max mem: 5172
Train: data epoch: [25]  [120/218]  eta: 0:00:55  lr: 0.000008  loss: 0.0027  time: 0.6046  data: 0.0000  max mem: 5172
Train: data epoch: [25]  [140/218]  eta: 0:00:44  lr: 0.000008  loss: 0.0039  time: 0.5991  data: 0.0000  max mem: 5172
Train: data epoch: [25]  [160/218]  eta: 0:00:32  lr: 0.000008  loss: 0.0022  time: 0.5800  data: 0.0000  max mem: 5172
Train: data epoch: [25]  [180/218]  eta: 0:00:21  lr: 0.000008  loss: 0.0020  time: 0.5550  data: 0.0000  max mem: 5172
Train: data epoch: [25]  [200/218]  eta: 0:00:10  lr: 0.000008  loss: 0.0027  time: 0.4901  data: 0.0000  max mem: 5172
Train: data epoch: [25]  [217/218]  eta: 0:00:00  lr: 0.000008  loss: 0.0027  time: 0.4879  data: 0.0000  max mem: 5172
Train: data epoch: [25] Total time: 0:02:01 (0.5552 s / it)
2026-08-22 13:49:00,398 [INFO] AIGIQA-20K: EPOCH[25] -> SRCC 0.8447 PLCC_raw 0.8939 PLCC_mapped 0.8950 KRCC 0.6595 MainScore_official 0.8698
2026-08-22 13:49:00,415 [INFO] Saving checkpoint at epoch 25 to run/20260822124_Full_V19_20k/checkpoint_latest.pth.
2026-08-22 13:49:00,536 [INFO] Start training
2026-08-22 13:49:00,922 [INFO] Start training epoch 26, 218 iters per inner epoch.
2026-08-22 13:51:01,359 [INFO] Averaged stats: lr: 0.000005  loss: 0.002087
2026-08-22 13:51:01,484 [INFO] gates: {"epoch": 26, "raw_quality_ratio": 7.7713, "quality_ratio": 0.2471, "dcar_delta_ratio": 38.6106, "lambda_q": 0.0318, "deviation_mean": 1.005, "deviation_std": 0.1021, "patch_w_mean": 0.1647, "patch_w_std": 0.1507, "alpha_3": 0.2284, "alpha_6": 0.2932, "alpha_9": 0.2884, "alpha_12": 0.19, "dcar_dw_norm": 4.9059, "dcar_dw_batch_std": 0.0214, "dcar_db_abs": 0.2639, "dcar_delta_abs": 3.7918, "dcar_deg_descriptor_norm": 11.3718, "dcar_prototype_norm": 5.7862}
2026-08-22 13:51:01,484 [INFO] Evaluating on val.
Train: data epoch: [26]  [  0/218]  eta: 0:19:23  lr: 0.000005  loss: 0.0017  time: 5.3368  data: 0.0001  max mem: 5172
Train: data epoch: [26]  [ 20/218]  eta: 0:02:26  lr: 0.000005  loss: 0.0018  time: 0.5098  data: 0.0000  max mem: 5172
Train: data epoch: [26]  [ 40/218]  eta: 0:01:43  lr: 0.000005  loss: 0.0018  time: 0.4149  data: 0.0000  max mem: 5172
Train: data epoch: [26]  [ 60/218]  eta: 0:01:32  lr: 0.000005  loss: 0.0022  time: 0.5990  data: 0.0000  max mem: 5172
Train: data epoch: [26]  [ 80/218]  eta: 0:01:17  lr: 0.000005  loss: 0.0024  time: 0.4959  data: 0.0000  max mem: 5172
Train: data epoch: [26]  [100/218]  eta: 0:01:05  lr: 0.000005  loss: 0.0019  time: 0.5265  data: 0.0000  max mem: 5172
Train: data epoch: [26]  [120/218]  eta: 0:00:55  lr: 0.000005  loss: 0.0021  time: 0.5885  data: 0.0000  max mem: 5172
Train: data epoch: [26]  [140/218]  eta: 0:00:44  lr: 0.000005  loss: 0.0018  time: 0.6098  data: 0.0000  max mem: 5172
Train: data epoch: [26]  [160/218]  eta: 0:00:32  lr: 0.000005  loss: 0.0023  time: 0.5638  data: 0.0000  max mem: 5172
Train: data epoch: [26]  [180/218]  eta: 0:00:21  lr: 0.000005  loss: 0.0018  time: 0.5632  data: 0.0000  max mem: 5172
Train: data epoch: [26]  [200/218]  eta: 0:00:10  lr: 0.000005  loss: 0.0020  time: 0.4685  data: 0.0000  max mem: 5172
Train: data epoch: [26]  [217/218]  eta: 0:00:00  lr: 0.000005  loss: 0.0021  time: 0.4850  data: 0.0000  max mem: 5172
Train: data epoch: [26] Total time: 0:02:00 (0.5525 s / it)
2026-08-22 13:51:24,506 [INFO] AIGIQA-20K: EPOCH[26] -> SRCC 0.8442 PLCC_raw 0.8940 PLCC_mapped 0.8949 KRCC 0.6590 MainScore_official 0.8696
2026-08-22 13:51:24,508 [INFO] Start training
2026-08-22 13:51:24,955 [INFO] Start training epoch 27, 218 iters per inner epoch.
2026-08-22 13:53:26,291 [INFO] Averaged stats: lr: 0.000003  loss: 0.001947
2026-08-22 13:53:26,439 [INFO] gates: {"epoch": 27, "raw_quality_ratio": 7.6719, "quality_ratio": 0.2443, "dcar_delta_ratio": 39.9031, "lambda_q": 0.0318, "deviation_mean": 0.9981, "deviation_std": 0.1002, "patch_w_mean": 0.1648, "patch_w_std": 0.1476, "alpha_3": 0.2331, "alpha_6": 0.2895, "alpha_9": 0.2888, "alpha_12": 0.1886, "dcar_dw_norm": 4.9348, "dcar_dw_batch_std": 0.0239, "dcar_db_abs": 0.2651, "dcar_delta_abs": 3.8042, "dcar_deg_descriptor_norm": 11.372, "dcar_prototype_norm": 5.7441}
2026-08-22 13:53:26,439 [INFO] Evaluating on val.
Train: data epoch: [27]  [  0/218]  eta: 0:19:16  lr: 0.000003  loss: 0.0024  time: 5.3034  data: 0.0001  max mem: 5172
Train: data epoch: [27]  [ 20/218]  eta: 0:02:33  lr: 0.000003  loss: 0.0013  time: 0.5500  data: 0.0000  max mem: 5172
Train: data epoch: [27]  [ 40/218]  eta: 0:01:49  lr: 0.000003  loss: 0.0020  time: 0.4497  data: 0.0000  max mem: 5172
Train: data epoch: [27]  [ 60/218]  eta: 0:01:36  lr: 0.000003  loss: 0.0015  time: 0.5972  data: 0.0000  max mem: 5172
Train: data epoch: [27]  [ 80/218]  eta: 0:01:20  lr: 0.000003  loss: 0.0018  time: 0.4978  data: 0.0000  max mem: 5172
Train: data epoch: [27]  [100/218]  eta: 0:01:08  lr: 0.000003  loss: 0.0022  time: 0.5800  data: 0.0000  max mem: 5172
Train: data epoch: [27]  [120/218]  eta: 0:00:56  lr: 0.000003  loss: 0.0016  time: 0.5199  data: 0.0000  max mem: 5172
Train: data epoch: [27]  [140/218]  eta: 0:00:44  lr: 0.000003  loss: 0.0028  time: 0.5815  data: 0.0000  max mem: 5172
Train: data epoch: [27]  [160/218]  eta: 0:00:33  lr: 0.000003  loss: 0.0024  time: 0.5673  data: 0.0000  max mem: 5172
Train: data epoch: [27]  [180/218]  eta: 0:00:21  lr: 0.000003  loss: 0.0034  time: 0.5620  data: 0.0000  max mem: 5172
Train: data epoch: [27]  [200/218]  eta: 0:00:10  lr: 0.000003  loss: 0.0019  time: 0.4890  data: 0.0000  max mem: 5172
Train: data epoch: [27]  [217/218]  eta: 0:00:00  lr: 0.000003  loss: 0.0013  time: 0.4668  data: 0.0000  max mem: 5172
Train: data epoch: [27] Total time: 0:02:01 (0.5566 s / it)
2026-08-22 13:53:50,196 [INFO] AIGIQA-20K: EPOCH[27] -> SRCC 0.8446 PLCC_raw 0.8941 PLCC_mapped 0.8951 KRCC 0.6594 MainScore_official 0.8698
2026-08-22 13:53:50,197 [INFO] Start training
2026-08-22 13:53:50,581 [INFO] Start training epoch 28, 218 iters per inner epoch.
2026-08-22 13:55:54,149 [INFO] Averaged stats: lr: 0.000002  loss: 0.001859
2026-08-22 13:55:54,308 [INFO] gates: {"epoch": 28, "raw_quality_ratio": 7.6375, "quality_ratio": 0.2433, "dcar_delta_ratio": 40.4576, "lambda_q": 0.0319, "deviation_mean": 0.9915, "deviation_std": 0.1075, "patch_w_mean": 0.1622, "patch_w_std": 0.147, "alpha_3": 0.2306, "alpha_6": 0.2916, "alpha_9": 0.2918, "alpha_12": 0.1861, "dcar_dw_norm": 4.8995, "dcar_dw_batch_std": 0.0298, "dcar_db_abs": 0.2632, "dcar_delta_abs": 3.7855, "dcar_deg_descriptor_norm": 11.3716, "dcar_prototype_norm": 5.9039}
2026-08-22 13:55:54,308 [INFO] Evaluating on val.
Train: data epoch: [28]  [  0/218]  eta: 0:23:09  lr: 0.000002  loss: 0.0017  time: 6.3739  data: 0.0001  max mem: 5172
Train: data epoch: [28]  [ 20/218]  eta: 0:02:50  lr: 0.000002  loss: 0.0021  time: 0.5872  data: 0.0000  max mem: 5172
Train: data epoch: [28]  [ 40/218]  eta: 0:01:53  lr: 0.000002  loss: 0.0023  time: 0.3977  data: 0.0000  max mem: 5172
Train: data epoch: [28]  [ 60/218]  eta: 0:01:35  lr: 0.000002  loss: 0.0013  time: 0.5400  data: 0.0000  max mem: 5172
Train: data epoch: [28]  [ 80/218]  eta: 0:01:21  lr: 0.000002  loss: 0.0021  time: 0.5551  data: 0.0000  max mem: 5172
Train: data epoch: [28]  [100/218]  eta: 0:01:09  lr: 0.000002  loss: 0.0019  time: 0.5649  data: 0.0000  max mem: 5172
Train: data epoch: [28]  [120/218]  eta: 0:00:58  lr: 0.000002  loss: 0.0020  time: 0.6199  data: 0.0000  max mem: 5172
Train: data epoch: [28]  [140/218]  eta: 0:00:46  lr: 0.000002  loss: 0.0023  time: 0.6017  data: 0.0000  max mem: 5172
Train: data epoch: [28]  [160/218]  eta: 0:00:34  lr: 0.000002  loss: 0.0018  time: 0.5596  data: 0.0000  max mem: 5172
Train: data epoch: [28]  [180/218]  eta: 0:00:22  lr: 0.000002  loss: 0.0023  time: 0.5600  data: 0.0000  max mem: 5172
Train: data epoch: [28]  [200/218]  eta: 0:00:10  lr: 0.000002  loss: 0.0023  time: 0.4435  data: 0.0000  max mem: 5172
Train: data epoch: [28]  [217/218]  eta: 0:00:00  lr: 0.000002  loss: 0.0020  time: 0.4939  data: 0.0000  max mem: 5172
Train: data epoch: [28] Total time: 0:02:03 (0.5668 s / it)
2026-08-22 13:56:17,498 [INFO] AIGIQA-20K: EPOCH[28] -> SRCC 0.8442 PLCC_raw 0.8941 PLCC_mapped 0.8950 KRCC 0.6590 MainScore_official 0.8696
2026-08-22 13:56:17,499 [INFO] Start training
2026-08-22 13:56:17,857 [INFO] Start training epoch 29, 218 iters per inner epoch.
2026-08-22 13:57:52,036 [INFO] Averaged stats: lr: 0.000001  loss: 0.001843
2026-08-22 13:57:52,133 [INFO] gates: {"epoch": 29, "raw_quality_ratio": 7.8366, "quality_ratio": 0.2497, "dcar_delta_ratio": 40.0593, "lambda_q": 0.0319, "deviation_mean": 0.9922, "deviation_std": 0.0959, "patch_w_mean": 0.1585, "patch_w_std": 0.1464, "alpha_3": 0.2328, "alpha_6": 0.2884, "alpha_9": 0.2875, "alpha_12": 0.1914, "dcar_dw_norm": 4.9633, "dcar_dw_batch_std": 0.0204, "dcar_db_abs": 0.2666, "dcar_delta_abs": 3.8949, "dcar_deg_descriptor_norm": 11.3718, "dcar_prototype_norm": 5.7718}
2026-08-22 13:57:52,133 [INFO] Evaluating on val.
Train: data epoch: [29]  [  0/218]  eta: 0:20:42  lr: 0.000001  loss: 0.0019  time: 5.6992  data: 0.0001  max mem: 5172
Train: data epoch: [29]  [ 20/218]  eta: 0:02:37  lr: 0.000001  loss: 0.0016  time: 0.5499  data: 0.0000  max mem: 5172
Train: data epoch: [29]  [ 40/218]  eta: 0:01:49  lr: 0.000001  loss: 0.0019  time: 0.4250  data: 0.0000  max mem: 5172
Train: data epoch: [29]  [ 60/218]  eta: 0:01:36  lr: 0.000001  loss: 0.0017  time: 0.6057  data: 0.0000  max mem: 5172
Train: data epoch: [29]  [ 80/218]  eta: 0:01:20  lr: 0.000001  loss: 0.0024  time: 0.4915  data: 0.0000  max mem: 5172
Train: data epoch: [29]  [100/218]  eta: 0:01:03  lr: 0.000001  loss: 0.0015  time: 0.3754  data: 0.0000  max mem: 5172
Train: data epoch: [29]  [120/218]  eta: 0:00:50  lr: 0.000001  loss: 0.0017  time: 0.3693  data: 0.0000  max mem: 5172
Train: data epoch: [29]  [140/218]  eta: 0:00:38  lr: 0.000001  loss: 0.0015  time: 0.3737  data: 0.0000  max mem: 5172
Train: data epoch: [29]  [160/218]  eta: 0:00:27  lr: 0.000001  loss: 0.0012  time: 0.3768  data: 0.0000  max mem: 5172
Train: data epoch: [29]  [180/218]  eta: 0:00:17  lr: 0.000001  loss: 0.0017  time: 0.3785  data: 0.0000  max mem: 5172
Train: data epoch: [29]  [200/218]  eta: 0:00:08  lr: 0.000001  loss: 0.0014  time: 0.2813  data: 0.0000  max mem: 5172
Train: data epoch: [29]  [217/218]  eta: 0:00:00  lr: 0.000001  loss: 0.0025  time: 0.2284  data: 0.0000  max mem: 5172
Train: data epoch: [29] Total time: 0:01:34 (0.4320 s / it)
2026-08-22 13:58:05,883 [INFO] AIGIQA-20K: EPOCH[29] -> SRCC 0.8440 PLCC_raw 0.8938 PLCC_mapped 0.8948 KRCC 0.6587 MainScore_official 0.8694
2026-08-22 13:58:05,896 [INFO] Saving checkpoint at epoch 29 to run/20260822124_Full_V19_20k/checkpoint_latest.pth.
[{'agg_metrics': np.float64(0.8841456917872365), 'main_score_raw': np.float64(0.8839393691550068), 'main_score_official': np.float64(0.8841456917872365), 'srcc': np.float64(0.8631152123524712), 'plcc_raw': np.float64(0.9047635259575424), 'plcc_mapped': np.float64(0.9051761712220017), 'krcc': np.float64(0.6810131768417365), 'mse': 0.09587995954381835, 'loss': 0.09587995954381835}]
{'agg_metrics': np.float64(0.8841456917872365), 'main_score_raw': np.float64(0.8839393691550068), 'main_score_official': np.float64(0.8841456917872365), 'srcc': np.float64(0.8631152123524712), 'plcc_raw': np.float64(0.9047635259575424), 'plcc_mapped': np.float64(0.9051761712220017), 'krcc': np.float64(0.6810131768417365), 'mse': 0.09587995954381835, 'loss': 0.09587995954381835}
