2026-08-21 00:43:29,976 [INFO] Start training
2026-08-21 00:43:30,312 [INFO] number of trainable parameters: 541955
Not using distributed mode
['msqr_dgmpq_dphcmi_v8']
2026-08-21 00:43:30,798 [INFO] Start training epoch 0, 37 iters per inner epoch.
2026-08-21 00:43:51,737 [INFO] Averaged stats: lr: 0.000036  loss: 7.078252
2026-08-21 00:43:51,815 [INFO] Evaluating on val.
Train: data epoch: [0]  [ 0/37]  eta: 0:02:26  lr: 0.000000  loss: 7.7312  time: 3.9712  data: 0.0001  max mem: 5035
Train: data epoch: [0]  [20/37]  eta: 0:00:10  lr: 0.000040  loss: 6.4817  time: 0.4614  data: 0.0000  max mem: 5043
Train: data epoch: [0]  [36/37]  eta: 0:00:00  lr: 0.000072  loss: 6.0914  time: 0.4748  data: 0.0000  max mem: 5043
Train: data epoch: [0] Total time: 0:00:20 (0.5659 s / it)
2026-08-21 00:43:57,754 [INFO] Qual: EPOCH[0] -> PLCC: -0.154680, SROCC: -0.111242, KROCC: -0.073789, LOSS: 6.701367
2026-08-21 00:43:57,754 [INFO] Align: EPOCH[0] -> PLCC: -0.107960, SROCC: -0.098853, KROCC: -0.064613, LOSS: 6.327400
2026-08-21 00:43:57,772 [INFO] Saving checkpoint at epoch 0 to run/20260821004_R0_lora/checkpoint_best.pth.
2026-08-21 00:43:57,806 [INFO] Saving checkpoint at epoch 0 to run/20260821004_R0_lora/checkpoint_best_joint.pth.
2026-08-21 00:43:57,838 [INFO] Saving checkpoint at epoch 0 to run/20260821004_R0_lora/checkpoint_latest.pth.
2026-08-21 00:43:57,859 [INFO] Start training
2026-08-21 00:43:58,137 [INFO] Start training epoch 1, 37 iters per inner epoch.
2026-08-21 00:44:16,061 [INFO] Averaged stats: lr: 0.000100  loss: 3.443861
2026-08-21 00:44:16,138 [INFO] Evaluating on val.
Train: data epoch: [1]  [ 0/37]  eta: 0:00:39  lr: 0.000100  loss: 6.4174  time: 1.0589  data: 0.0001  max mem: 5043
Train: data epoch: [1]  [20/37]  eta: 0:00:08  lr: 0.000100  loss: 3.0076  time: 0.4585  data: 0.0000  max mem: 5043
Train: data epoch: [1]  [36/37]  eta: 0:00:00  lr: 0.000100  loss: 1.0080  time: 0.4855  data: 0.0000  max mem: 5043
Train: data epoch: [1] Total time: 0:00:17 (0.4844 s / it)
2026-08-21 00:44:21,601 [INFO] Qual: EPOCH[1] -> PLCC: 0.243300, SROCC: 0.242982, KROCC: 0.164239, LOSS: 0.956062
2026-08-21 00:44:21,601 [INFO] Align: EPOCH[1] -> PLCC: 0.254944, SROCC: 0.266941, KROCC: 0.183079, LOSS: 0.903605
2026-08-21 00:44:21,615 [INFO] Saving checkpoint at epoch 1 to run/20260821004_R0_lora/checkpoint_best.pth.
2026-08-21 00:44:21,660 [INFO] Saving checkpoint at epoch 1 to run/20260821004_R0_lora/checkpoint_best_joint.pth.
2026-08-21 00:44:21,689 [INFO] Start training
2026-08-21 00:44:21,984 [INFO] Start training epoch 2, 37 iters per inner epoch.
2026-08-21 00:44:40,204 [INFO] Averaged stats: lr: 0.000099  loss: 0.806169
2026-08-21 00:44:40,286 [INFO] Evaluating on val.
Train: data epoch: [2]  [ 0/37]  eta: 0:00:51  lr: 0.000099  loss: 0.9515  time: 1.3837  data: 0.0001  max mem: 5043
Train: data epoch: [2]  [20/37]  eta: 0:00:08  lr: 0.000099  loss: 0.6948  time: 0.4593  data: 0.0000  max mem: 5043
Train: data epoch: [2]  [36/37]  eta: 0:00:00  lr: 0.000099  loss: 0.6356  time: 0.4876  data: 0.0000  max mem: 5043
Train: data epoch: [2] Total time: 0:00:18 (0.4924 s / it)
2026-08-21 00:44:46,120 [INFO] Qual: EPOCH[2] -> PLCC: 0.694635, SROCC: 0.649086, KROCC: 0.466120, LOSS: 0.554158
2026-08-21 00:44:46,121 [INFO] Align: EPOCH[2] -> PLCC: 0.630231, SROCC: 0.563207, KROCC: 0.394850, LOSS: 0.609088
2026-08-21 00:44:46,136 [INFO] Saving checkpoint at epoch 2 to run/20260821004_R0_lora/checkpoint_best.pth.
2026-08-21 00:44:46,178 [INFO] Saving checkpoint at epoch 2 to run/20260821004_R0_lora/checkpoint_best_joint.pth.
2026-08-21 00:44:46,205 [INFO] Start training
2026-08-21 00:44:46,507 [INFO] Start training epoch 3, 37 iters per inner epoch.
2026-08-21 00:45:04,232 [INFO] Averaged stats: lr: 0.000098  loss: 0.450611
2026-08-21 00:45:04,341 [INFO] Evaluating on val.
Train: data epoch: [3]  [ 0/37]  eta: 0:00:43  lr: 0.000098  loss: 0.4925  time: 1.1793  data: 0.0001  max mem: 5043
Train: data epoch: [3]  [20/37]  eta: 0:00:08  lr: 0.000098  loss: 0.3736  time: 0.4425  data: 0.0000  max mem: 5043
Train: data epoch: [3]  [36/37]  eta: 0:00:00  lr: 0.000098  loss: 0.3440  time: 0.4842  data: 0.0000  max mem: 5043
Train: data epoch: [3] Total time: 0:00:17 (0.4790 s / it)
2026-08-21 00:45:11,298 [INFO] Qual: EPOCH[3] -> PLCC: 0.845172, SROCC: 0.748225, KROCC: 0.560852, LOSS: 0.284321
2026-08-21 00:45:11,298 [INFO] Align: EPOCH[3] -> PLCC: 0.767208, SROCC: 0.617351, KROCC: 0.442909, LOSS: 0.394149
2026-08-21 00:45:11,310 [INFO] Saving checkpoint at epoch 3 to run/20260821004_R0_lora/checkpoint_best.pth.
2026-08-21 00:45:11,347 [INFO] Saving checkpoint at epoch 3 to run/20260821004_R0_lora/checkpoint_best_joint.pth.
2026-08-21 00:45:11,374 [INFO] Start training
2026-08-21 00:45:11,643 [INFO] Start training epoch 4, 37 iters per inner epoch.
2026-08-21 00:45:28,764 [INFO] Averaged stats: lr: 0.000096  loss: 0.291223
2026-08-21 00:45:28,846 [INFO] Evaluating on val.
Train: data epoch: [4]  [ 0/37]  eta: 0:00:46  lr: 0.000096  loss: 0.2769  time: 1.2527  data: 0.0001  max mem: 5043
Train: data epoch: [4]  [20/37]  eta: 0:00:07  lr: 0.000096  loss: 0.3011  time: 0.3955  data: 0.0000  max mem: 5043
Train: data epoch: [4]  [36/37]  eta: 0:00:00  lr: 0.000096  loss: 0.2541  time: 0.4557  data: 0.0000  max mem: 5043
Train: data epoch: [4] Total time: 0:00:17 (0.4627 s / it)
2026-08-21 00:45:35,300 [INFO] Qual: EPOCH[4] -> PLCC: 0.876909, SROCC: 0.784116, KROCC: 0.594910, LOSS: 0.235109
2026-08-21 00:45:35,301 [INFO] Align: EPOCH[4] -> PLCC: 0.807369, SROCC: 0.640780, KROCC: 0.465672, LOSS: 0.329653
2026-08-21 00:45:35,315 [INFO] Saving checkpoint at epoch 4 to run/20260821004_R0_lora/checkpoint_best.pth.
2026-08-21 00:45:35,359 [INFO] Saving checkpoint at epoch 4 to run/20260821004_R0_lora/checkpoint_best_joint.pth.
2026-08-21 00:45:35,385 [INFO] Start training
2026-08-21 00:45:35,673 [INFO] Start training epoch 5, 37 iters per inner epoch.
2026-08-21 00:45:52,090 [INFO] Averaged stats: lr: 0.000093  loss: 0.255718
2026-08-21 00:45:52,171 [INFO] Evaluating on val.
Train: data epoch: [5]  [ 0/37]  eta: 0:00:48  lr: 0.000093  loss: 0.2193  time: 1.3218  data: 0.0001  max mem: 5043
Train: data epoch: [5]  [20/37]  eta: 0:00:07  lr: 0.000093  loss: 0.2340  time: 0.4235  data: 0.0000  max mem: 5043
Train: data epoch: [5]  [36/37]  eta: 0:00:00  lr: 0.000093  loss: 0.1992  time: 0.4133  data: 0.0000  max mem: 5043
Train: data epoch: [5] Total time: 0:00:16 (0.4437 s / it)
2026-08-21 00:45:58,783 [INFO] Qual: EPOCH[5] -> PLCC: 0.884788, SROCC: 0.804020, KROCC: 0.614820, LOSS: 0.214801
2026-08-21 00:45:58,783 [INFO] Align: EPOCH[5] -> PLCC: 0.818307, SROCC: 0.651444, KROCC: 0.476028, LOSS: 0.313186
2026-08-21 00:45:58,795 [INFO] Saving checkpoint at epoch 5 to run/20260821004_R0_lora/checkpoint_best.pth.
2026-08-21 00:45:58,827 [INFO] Saving checkpoint at epoch 5 to run/20260821004_R0_lora/checkpoint_best_joint.pth.
2026-08-21 00:45:58,848 [INFO] Start training
2026-08-21 00:45:59,105 [INFO] Start training epoch 6, 37 iters per inner epoch.
2026-08-21 00:46:17,005 [INFO] Averaged stats: lr: 0.000091  loss: 0.238027
2026-08-21 00:46:17,111 [INFO] Evaluating on val.
Train: data epoch: [6]  [ 0/37]  eta: 0:00:41  lr: 0.000091  loss: 0.2615  time: 1.1268  data: 0.0001  max mem: 5043
Train: data epoch: [6]  [20/37]  eta: 0:00:08  lr: 0.000091  loss: 0.2327  time: 0.4629  data: 0.0000  max mem: 5043
Train: data epoch: [6]  [36/37]  eta: 0:00:00  lr: 0.000091  loss: 0.2015  time: 0.4562  data: 0.0000  max mem: 5043
Train: data epoch: [6] Total time: 0:00:17 (0.4838 s / it)
2026-08-21 00:46:23,945 [INFO] Qual: EPOCH[6] -> PLCC: 0.889128, SROCC: 0.814079, KROCC: 0.625221, LOSS: 0.206775
2026-08-21 00:46:23,945 [INFO] Align: EPOCH[6] -> PLCC: 0.822004, SROCC: 0.660456, KROCC: 0.484456, LOSS: 0.307245
2026-08-21 00:46:23,957 [INFO] Saving checkpoint at epoch 6 to run/20260821004_R0_lora/checkpoint_best.pth.
2026-08-21 00:46:23,991 [INFO] Saving checkpoint at epoch 6 to run/20260821004_R0_lora/checkpoint_best_joint.pth.
2026-08-21 00:46:24,013 [INFO] Start training
2026-08-21 00:46:24,281 [INFO] Start training epoch 7, 37 iters per inner epoch.
2026-08-21 00:46:41,522 [INFO] Averaged stats: lr: 0.000087  loss: 0.227291
2026-08-21 00:46:41,702 [INFO] Evaluating on val.
Train: data epoch: [7]  [ 0/37]  eta: 0:00:52  lr: 0.000087  loss: 0.2539  time: 1.4142  data: 0.0001  max mem: 5043
Train: data epoch: [7]  [20/37]  eta: 0:00:08  lr: 0.000087  loss: 0.2006  time: 0.4381  data: 0.0000  max mem: 5043
Train: data epoch: [7]  [36/37]  eta: 0:00:00  lr: 0.000087  loss: 0.2053  time: 0.4116  data: 0.0000  max mem: 5043
Train: data epoch: [7] Total time: 0:00:17 (0.4660 s / it)
2026-08-21 00:46:48,456 [INFO] Qual: EPOCH[7] -> PLCC: 0.891966, SROCC: 0.818054, KROCC: 0.630152, LOSS: 0.205998
2026-08-21 00:46:48,456 [INFO] Align: EPOCH[7] -> PLCC: 0.823980, SROCC: 0.665192, KROCC: 0.488760, LOSS: 0.306141
2026-08-21 00:46:48,468 [INFO] Saving checkpoint at epoch 7 to run/20260821004_R0_lora/checkpoint_best.pth.
2026-08-21 00:46:48,505 [INFO] Saving checkpoint at epoch 7 to run/20260821004_R0_lora/checkpoint_best_joint.pth.
2026-08-21 00:46:48,530 [INFO] Start training
2026-08-21 00:46:48,792 [INFO] Start training epoch 8, 37 iters per inner epoch.
2026-08-21 00:47:06,446 [INFO] Averaged stats: lr: 0.000084  loss: 0.218223
2026-08-21 00:47:06,549 [INFO] Evaluating on val.
Train: data epoch: [8]  [ 0/37]  eta: 0:00:44  lr: 0.000084  loss: 0.2025  time: 1.2022  data: 0.0001  max mem: 5043
Train: data epoch: [8]  [20/37]  eta: 0:00:08  lr: 0.000084  loss: 0.2221  time: 0.4669  data: 0.0000  max mem: 5043
Train: data epoch: [8]  [36/37]  eta: 0:00:00  lr: 0.000084  loss: 0.1873  time: 0.4525  data: 0.0000  max mem: 5043
Train: data epoch: [8] Total time: 0:00:17 (0.4771 s / it)
2026-08-21 00:47:12,939 [INFO] Qual: EPOCH[8] -> PLCC: 0.894311, SROCC: 0.822139, KROCC: 0.634636, LOSS: 0.199106
2026-08-21 00:47:12,939 [INFO] Align: EPOCH[8] -> PLCC: 0.827062, SROCC: 0.671180, KROCC: 0.494812, LOSS: 0.301939
2026-08-21 00:47:12,952 [INFO] Saving checkpoint at epoch 8 to run/20260821004_R0_lora/checkpoint_best.pth.
2026-08-21 00:47:13,014 [INFO] Saving checkpoint at epoch 8 to run/20260821004_R0_lora/checkpoint_best_joint.pth.
2026-08-21 00:47:13,037 [INFO] Start training
2026-08-21 00:47:13,366 [INFO] Start training epoch 9, 37 iters per inner epoch.
2026-08-21 00:47:31,479 [INFO] Averaged stats: lr: 0.000080  loss: 0.210844
2026-08-21 00:47:31,561 [INFO] Evaluating on val.
Train: data epoch: [9]  [ 0/37]  eta: 0:00:53  lr: 0.000080  loss: 0.1909  time: 1.4466  data: 0.0001  max mem: 5043
Train: data epoch: [9]  [20/37]  eta: 0:00:08  lr: 0.000080  loss: 0.1867  time: 0.4749  data: 0.0000  max mem: 5043
Train: data epoch: [9]  [36/37]  eta: 0:00:00  lr: 0.000080  loss: 0.1858  time: 0.4665  data: 0.0000  max mem: 5043
Train: data epoch: [9] Total time: 0:00:18 (0.4895 s / it)
2026-08-21 00:47:37,741 [INFO] Qual: EPOCH[9] -> PLCC: 0.896662, SROCC: 0.826106, KROCC: 0.639186, LOSS: 0.202484
2026-08-21 00:47:37,741 [INFO] Align: EPOCH[9] -> PLCC: 0.829049, SROCC: 0.675499, KROCC: 0.498869, LOSS: 0.299914
2026-08-21 00:47:37,753 [INFO] Saving checkpoint at epoch 9 to run/20260821004_R0_lora/checkpoint_best.pth.
2026-08-21 00:47:37,802 [INFO] Saving checkpoint at epoch 9 to run/20260821004_R0_lora/checkpoint_best_joint.pth.
2026-08-21 00:47:37,829 [INFO] Start training
2026-08-21 00:47:38,103 [INFO] Start training epoch 10, 37 iters per inner epoch.
2026-08-21 00:47:54,945 [INFO] Averaged stats: lr: 0.000075  loss: 0.198884
2026-08-21 00:47:55,039 [INFO] Evaluating on val.
Train: data epoch: [10]  [ 0/37]  eta: 0:00:37  lr: 0.000075  loss: 0.2087  time: 1.0114  data: 0.0001  max mem: 5043
Train: data epoch: [10]  [20/37]  eta: 0:00:07  lr: 0.000075  loss: 0.1734  time: 0.4392  data: 0.0000  max mem: 5043
Train: data epoch: [10]  [36/37]  eta: 0:00:00  lr: 0.000075  loss: 0.2050  time: 0.4570  data: 0.0000  max mem: 5043
Train: data epoch: [10] Total time: 0:00:16 (0.4552 s / it)
2026-08-21 00:48:01,193 [INFO] Qual: EPOCH[10] -> PLCC: 0.898378, SROCC: 0.828604, KROCC: 0.641820, LOSS: 0.196594
2026-08-21 00:48:01,193 [INFO] Align: EPOCH[10] -> PLCC: 0.830797, SROCC: 0.678545, KROCC: 0.501145, LOSS: 0.295672
2026-08-21 00:48:01,208 [INFO] Saving checkpoint at epoch 10 to run/20260821004_R0_lora/checkpoint_best.pth.
2026-08-21 00:48:01,252 [INFO] Saving checkpoint at epoch 10 to run/20260821004_R0_lora/checkpoint_best_joint.pth.
2026-08-21 00:48:01,282 [INFO] Start training
2026-08-21 00:48:01,580 [INFO] Start training epoch 11, 37 iters per inner epoch.
2026-08-21 00:48:19,345 [INFO] Averaged stats: lr: 0.000071  loss: 0.193693
2026-08-21 00:48:19,448 [INFO] Evaluating on val.
Train: data epoch: [11]  [ 0/37]  eta: 0:00:45  lr: 0.000071  loss: 0.2219  time: 1.2227  data: 0.0001  max mem: 5043
Train: data epoch: [11]  [20/37]  eta: 0:00:08  lr: 0.000071  loss: 0.1955  time: 0.4675  data: 0.0000  max mem: 5043
Train: data epoch: [11]  [36/37]  eta: 0:00:00  lr: 0.000071  loss: 0.1662  time: 0.4488  data: 0.0000  max mem: 5043
Train: data epoch: [11] Total time: 0:00:17 (0.4801 s / it)
2026-08-21 00:48:25,559 [INFO] Qual: EPOCH[11] -> PLCC: 0.899759, SROCC: 0.830352, KROCC: 0.644185, LOSS: 0.186374
2026-08-21 00:48:25,559 [INFO] Align: EPOCH[11] -> PLCC: 0.832049, SROCC: 0.681052, KROCC: 0.503050, LOSS: 0.292678
2026-08-21 00:48:25,575 [INFO] Saving checkpoint at epoch 11 to run/20260821004_R0_lora/checkpoint_best.pth.
2026-08-21 00:48:25,619 [INFO] Saving checkpoint at epoch 11 to run/20260821004_R0_lora/checkpoint_best_joint.pth.
2026-08-21 00:48:25,645 [INFO] Start training
2026-08-21 00:48:25,933 [INFO] Start training epoch 12, 37 iters per inner epoch.
2026-08-21 00:48:44,059 [INFO] Averaged stats: lr: 0.000066  loss: 0.190696
2026-08-21 00:48:44,222 [INFO] Evaluating on val.
Train: data epoch: [12]  [ 0/37]  eta: 0:00:44  lr: 0.000066  loss: 0.1848  time: 1.2122  data: 0.0001  max mem: 5043
Train: data epoch: [12]  [20/37]  eta: 0:00:08  lr: 0.000066  loss: 0.1626  time: 0.4801  data: 0.0000  max mem: 5043
Train: data epoch: [12]  [36/37]  eta: 0:00:00  lr: 0.000066  loss: 0.2434  time: 0.4573  data: 0.0000  max mem: 5043
Train: data epoch: [12] Total time: 0:00:18 (0.4899 s / it)
2026-08-21 00:48:50,945 [INFO] Qual: EPOCH[12] -> PLCC: 0.901246, SROCC: 0.832502, KROCC: 0.646595, LOSS: 0.188472
2026-08-21 00:48:50,945 [INFO] Align: EPOCH[12] -> PLCC: 0.834371, SROCC: 0.685164, KROCC: 0.507197, LOSS: 0.289923
2026-08-21 00:48:50,958 [INFO] Saving checkpoint at epoch 12 to run/20260821004_R0_lora/checkpoint_best.pth.
2026-08-21 00:48:50,992 [INFO] Saving checkpoint at epoch 12 to run/20260821004_R0_lora/checkpoint_best_joint.pth.
2026-08-21 00:48:51,013 [INFO] Start training
2026-08-21 00:48:51,275 [INFO] Start training epoch 13, 37 iters per inner epoch.
2026-08-21 00:49:08,610 [INFO] Averaged stats: lr: 0.000061  loss: 0.187178
2026-08-21 00:49:08,695 [INFO] Evaluating on val.
Train: data epoch: [13]  [ 0/37]  eta: 0:00:42  lr: 0.000061  loss: 0.1671  time: 1.1609  data: 0.0001  max mem: 5043
Train: data epoch: [13]  [20/37]  eta: 0:00:08  lr: 0.000061  loss: 0.1427  time: 0.4681  data: 0.0000  max mem: 5043
Train: data epoch: [13]  [36/37]  eta: 0:00:00  lr: 0.000061  loss: 0.1481  time: 0.4122  data: 0.0000  max mem: 5043
Train: data epoch: [13] Total time: 0:00:17 (0.4685 s / it)
2026-08-21 00:49:14,538 [INFO] Qual: EPOCH[13] -> PLCC: 0.902657, SROCC: 0.834933, KROCC: 0.649688, LOSS: 0.186460
2026-08-21 00:49:14,538 [INFO] Align: EPOCH[13] -> PLCC: 0.836041, SROCC: 0.687064, KROCC: 0.508475, LOSS: 0.285480
2026-08-21 00:49:14,553 [INFO] Saving checkpoint at epoch 13 to run/20260821004_R0_lora/checkpoint_best.pth.
2026-08-21 00:49:14,598 [INFO] Saving checkpoint at epoch 13 to run/20260821004_R0_lora/checkpoint_best_joint.pth.
2026-08-21 00:49:14,628 [INFO] Start training
2026-08-21 00:49:14,922 [INFO] Start training epoch 14, 37 iters per inner epoch.
2026-08-21 00:49:32,654 [INFO] Averaged stats: lr: 0.000056  loss: 0.179180
2026-08-21 00:49:32,823 [INFO] Evaluating on val.
Train: data epoch: [14]  [ 0/37]  eta: 0:00:40  lr: 0.000056  loss: 0.1823  time: 1.1052  data: 0.0001  max mem: 5043
Train: data epoch: [14]  [20/37]  eta: 0:00:08  lr: 0.000056  loss: 0.1654  time: 0.4722  data: 0.0000  max mem: 5043
Train: data epoch: [14]  [36/37]  eta: 0:00:00  lr: 0.000056  loss: 0.1796  time: 0.4581  data: 0.0000  max mem: 5043
Train: data epoch: [14] Total time: 0:00:17 (0.4792 s / it)
2026-08-21 00:49:38,726 [INFO] Qual: EPOCH[14] -> PLCC: 0.902650, SROCC: 0.834236, KROCC: 0.649027, LOSS: 0.181499
2026-08-21 00:49:38,726 [INFO] Align: EPOCH[14] -> PLCC: 0.835912, SROCC: 0.688339, KROCC: 0.509954, LOSS: 0.286934
2026-08-21 00:49:38,739 [INFO] Saving checkpoint at epoch 14 to run/20260821004_R0_lora/checkpoint_best_joint.pth.
2026-08-21 00:49:38,766 [INFO] Start training
2026-08-21 00:49:39,029 [INFO] Start training epoch 15, 37 iters per inner epoch.
2026-08-21 00:49:56,950 [INFO] Averaged stats: lr: 0.000050  loss: 0.175994
2026-08-21 00:49:57,036 [INFO] Evaluating on val.
Train: data epoch: [15]  [ 0/37]  eta: 0:00:43  lr: 0.000051  loss: 0.1600  time: 1.1721  data: 0.0001  max mem: 5043
Train: data epoch: [15]  [20/37]  eta: 0:00:08  lr: 0.000051  loss: 0.1619  time: 0.4760  data: 0.0000  max mem: 5043
Train: data epoch: [15]  [36/37]  eta: 0:00:00  lr: 0.000051  loss: 0.1514  time: 0.4624  data: 0.0000  max mem: 5043
Train: data epoch: [15] Total time: 0:00:17 (0.4843 s / it)
2026-08-21 00:50:02,849 [INFO] Qual: EPOCH[15] -> PLCC: 0.903768, SROCC: 0.835632, KROCC: 0.650865, LOSS: 0.182430
2026-08-21 00:50:02,849 [INFO] Align: EPOCH[15] -> PLCC: 0.836643, SROCC: 0.689290, KROCC: 0.510694, LOSS: 0.286666
2026-08-21 00:50:02,914 [INFO] Saving checkpoint at epoch 15 to run/20260821004_R0_lora/checkpoint_best.pth.
2026-08-21 00:50:02,965 [INFO] Saving checkpoint at epoch 15 to run/20260821004_R0_lora/checkpoint_best_joint.pth.
2026-08-21 00:50:03,012 [INFO] Start training
2026-08-21 00:50:03,455 [INFO] Start training epoch 16, 37 iters per inner epoch.
2026-08-21 00:50:22,382 [INFO] Averaged stats: lr: 0.000045  loss: 0.168088
2026-08-21 00:50:22,467 [INFO] Evaluating on val.
Train: data epoch: [16]  [ 0/37]  eta: 0:01:11  lr: 0.000045  loss: 0.1718  time: 1.9424  data: 0.0001  max mem: 5043
Train: data epoch: [16]  [20/37]  eta: 0:00:09  lr: 0.000045  loss: 0.1603  time: 0.4844  data: 0.0000  max mem: 5043
Train: data epoch: [16]  [36/37]  eta: 0:00:00  lr: 0.000045  loss: 0.2458  time: 0.4723  data: 0.0000  max mem: 5043
Train: data epoch: [16] Total time: 0:00:18 (0.5115 s / it)
2026-08-21 00:50:28,042 [INFO] Qual: EPOCH[16] -> PLCC: 0.903655, SROCC: 0.835665, KROCC: 0.651358, LOSS: 0.185713
2026-08-21 00:50:28,043 [INFO] Align: EPOCH[16] -> PLCC: 0.835798, SROCC: 0.689758, KROCC: 0.511176, LOSS: 0.288934
2026-08-21 00:50:28,044 [INFO] Start training
2026-08-21 00:50:28,421 [INFO] Start training epoch 17, 37 iters per inner epoch.
2026-08-21 00:50:47,160 [INFO] Averaged stats: lr: 0.000040  loss: 0.167176
2026-08-21 00:50:47,237 [INFO] Evaluating on val.
Train: data epoch: [17]  [ 0/37]  eta: 0:00:51  lr: 0.000040  loss: 0.1590  time: 1.3928  data: 0.0001  max mem: 5043
Train: data epoch: [17]  [20/37]  eta: 0:00:09  lr: 0.000040  loss: 0.1990  time: 0.4956  data: 0.0000  max mem: 5043
Train: data epoch: [17]  [36/37]  eta: 0:00:00  lr: 0.000040  loss: 0.1663  time: 0.4720  data: 0.0000  max mem: 5043
Train: data epoch: [17] Total time: 0:00:18 (0.5065 s / it)
2026-08-21 00:50:52,790 [INFO] Qual: EPOCH[17] -> PLCC: 0.904429, SROCC: 0.836312, KROCC: 0.651784, LOSS: 0.180196
2026-08-21 00:50:52,791 [INFO] Align: EPOCH[17] -> PLCC: 0.836814, SROCC: 0.690377, KROCC: 0.511814, LOSS: 0.287267
2026-08-21 00:50:52,815 [INFO] Saving checkpoint at epoch 17 to run/20260821004_R0_lora/checkpoint_best.pth.
2026-08-21 00:50:52,893 [INFO] Saving checkpoint at epoch 17 to run/20260821004_R0_lora/checkpoint_best_joint.pth.
2026-08-21 00:50:52,921 [INFO] Start training
2026-08-21 00:50:53,307 [INFO] Start training epoch 18, 37 iters per inner epoch.
2026-08-21 00:51:11,750 [INFO] Averaged stats: lr: 0.000035  loss: 0.163560
2026-08-21 00:51:11,843 [INFO] Evaluating on val.
Train: data epoch: [18]  [ 0/37]  eta: 0:00:42  lr: 0.000035  loss: 0.1344  time: 1.1562  data: 0.0001  max mem: 5043
Train: data epoch: [18]  [20/37]  eta: 0:00:09  lr: 0.000035  loss: 0.1609  time: 0.4990  data: 0.0000  max mem: 5043
Train: data epoch: [18]  [36/37]  eta: 0:00:00  lr: 0.000035  loss: 0.1621  time: 0.4728  data: 0.0000  max mem: 5043
Train: data epoch: [18] Total time: 0:00:18 (0.4985 s / it)
2026-08-21 00:51:17,945 [INFO] Qual: EPOCH[18] -> PLCC: 0.904125, SROCC: 0.836208, KROCC: 0.651975, LOSS: 0.187150
2026-08-21 00:51:17,946 [INFO] Align: EPOCH[18] -> PLCC: 0.836169, SROCC: 0.690258, KROCC: 0.511019, LOSS: 0.292623
2026-08-21 00:51:17,947 [INFO] Start training
2026-08-21 00:51:18,317 [INFO] Start training epoch 19, 37 iters per inner epoch.
2026-08-21 00:51:32,294 [INFO] Averaged stats: lr: 0.000030  loss: 0.160426
2026-08-21 00:51:32,498 [INFO] Evaluating on val.
Train: data epoch: [19]  [ 0/37]  eta: 0:01:07  lr: 0.000030  loss: 0.1346  time: 1.8121  data: 0.0001  max mem: 5043
Train: data epoch: [19]  [20/37]  eta: 0:00:07  lr: 0.000030  loss: 0.1560  time: 0.3453  data: 0.0000  max mem: 5043
Train: data epoch: [19]  [36/37]  eta: 0:00:00  lr: 0.000030  loss: 0.1190  time: 0.3313  data: 0.0000  max mem: 5043
Train: data epoch: [19] Total time: 0:00:13 (0.3777 s / it)
2026-08-21 00:51:39,321 [INFO] Qual: EPOCH[19] -> PLCC: 0.905244, SROCC: 0.837304, KROCC: 0.653252, LOSS: 0.180589
2026-08-21 00:51:39,321 [INFO] Align: EPOCH[19] -> PLCC: 0.837303, SROCC: 0.691300, KROCC: 0.512341, LOSS: 0.287070
2026-08-21 00:51:39,341 [INFO] Saving checkpoint at epoch 19 to run/20260821004_R0_lora/checkpoint_best.pth.
2026-08-21 00:51:39,411 [INFO] Saving checkpoint at epoch 19 to run/20260821004_R0_lora/checkpoint_best_joint.pth.
2026-08-21 00:51:39,442 [INFO] Start training
2026-08-21 00:51:39,867 [INFO] Start training epoch 20, 37 iters per inner epoch.
2026-08-21 00:51:58,761 [INFO] Averaged stats: lr: 0.000026  loss: 0.159503
2026-08-21 00:51:58,849 [INFO] Evaluating on val.
Train: data epoch: [20]  [ 0/37]  eta: 0:00:41  lr: 0.000026  loss: 0.1647  time: 1.1264  data: 0.0001  max mem: 5043
Train: data epoch: [20]  [20/37]  eta: 0:00:09  lr: 0.000026  loss: 0.2028  time: 0.5121  data: 0.0000  max mem: 5043
Train: data epoch: [20]  [36/37]  eta: 0:00:00  lr: 0.000026  loss: 0.1282  time: 0.4793  data: 0.0000  max mem: 5043
Train: data epoch: [20] Total time: 0:00:18 (0.5106 s / it)
2026-08-21 00:52:04,999 [INFO] Qual: EPOCH[20] -> PLCC: 0.905569, SROCC: 0.837511, KROCC: 0.653432, LOSS: 0.181373
2026-08-21 00:52:04,999 [INFO] Align: EPOCH[20] -> PLCC: 0.837798, SROCC: 0.691194, KROCC: 0.512588, LOSS: 0.286017
2026-08-21 00:52:05,012 [INFO] Saving checkpoint at epoch 20 to run/20260821004_R0_lora/checkpoint_best.pth.
2026-08-21 00:52:05,045 [INFO] Saving checkpoint at epoch 20 to run/20260821004_R0_lora/checkpoint_best_joint.pth.
2026-08-21 00:52:05,066 [INFO] Start training
2026-08-21 00:52:05,421 [INFO] Start training epoch 21, 37 iters per inner epoch.
2026-08-21 00:52:25,539 [INFO] Averaged stats: lr: 0.000021  loss: 0.157870
2026-08-21 00:52:25,618 [INFO] Evaluating on val.
Train: data epoch: [21]  [ 0/37]  eta: 0:01:13  lr: 0.000021  loss: 0.1222  time: 1.9744  data: 0.0001  max mem: 5043
Train: data epoch: [21]  [20/37]  eta: 0:00:09  lr: 0.000021  loss: 0.1456  time: 0.5181  data: 0.0000  max mem: 5043
Train: data epoch: [21]  [36/37]  eta: 0:00:00  lr: 0.000021  loss: 0.1562  time: 0.4927  data: 0.0000  max mem: 5043
Train: data epoch: [21] Total time: 0:00:20 (0.5437 s / it)
2026-08-21 00:52:31,326 [INFO] Qual: EPOCH[21] -> PLCC: 0.905848, SROCC: 0.838069, KROCC: 0.654082, LOSS: 0.179045
2026-08-21 00:52:31,326 [INFO] Align: EPOCH[21] -> PLCC: 0.838075, SROCC: 0.691373, KROCC: 0.512487, LOSS: 0.286140
2026-08-21 00:52:31,338 [INFO] Saving checkpoint at epoch 21 to run/20260821004_R0_lora/checkpoint_best.pth.
2026-08-21 00:52:31,371 [INFO] Saving checkpoint at epoch 21 to run/20260821004_R0_lora/checkpoint_best_joint.pth.
2026-08-21 00:52:31,393 [INFO] Start training
2026-08-21 00:52:31,759 [INFO] Start training epoch 22, 37 iters per inner epoch.
2026-08-21 00:52:50,442 [INFO] Averaged stats: lr: 0.000017  loss: 0.156659
2026-08-21 00:52:50,539 [INFO] Evaluating on val.
Train: data epoch: [22]  [ 0/37]  eta: 0:00:46  lr: 0.000017  loss: 0.1263  time: 1.2443  data: 0.0001  max mem: 5043
Train: data epoch: [22]  [20/37]  eta: 0:00:08  lr: 0.000017  loss: 0.1674  time: 0.4866  data: 0.0000  max mem: 5043
Train: data epoch: [22]  [36/37]  eta: 0:00:00  lr: 0.000017  loss: 0.1252  time: 0.4877  data: 0.0000  max mem: 5043
Train: data epoch: [22] Total time: 0:00:18 (0.5049 s / it)
2026-08-21 00:52:56,412 [INFO] Qual: EPOCH[22] -> PLCC: 0.905665, SROCC: 0.838158, KROCC: 0.654104, LOSS: 0.178141
2026-08-21 00:52:56,412 [INFO] Align: EPOCH[22] -> PLCC: 0.837782, SROCC: 0.690944, KROCC: 0.511927, LOSS: 0.286571
2026-08-21 00:52:56,413 [INFO] Start training
2026-08-21 00:52:56,843 [INFO] Start training epoch 23, 37 iters per inner epoch.
2026-08-21 00:53:15,941 [INFO] Averaged stats: lr: 0.000014  loss: 0.155557
2026-08-21 00:53:16,024 [INFO] Evaluating on val.
Train: data epoch: [23]  [ 0/37]  eta: 0:00:55  lr: 0.000014  loss: 0.1871  time: 1.4931  data: 0.0001  max mem: 5043
Train: data epoch: [23]  [20/37]  eta: 0:00:08  lr: 0.000014  loss: 0.1560  time: 0.4719  data: 0.0000  max mem: 5043
Train: data epoch: [23]  [36/37]  eta: 0:00:00  lr: 0.000014  loss: 0.1684  time: 0.5109  data: 0.0000  max mem: 5043
Train: data epoch: [23] Total time: 0:00:19 (0.5162 s / it)
2026-08-21 00:53:21,963 [INFO] Qual: EPOCH[23] -> PLCC: 0.905815, SROCC: 0.838440, KROCC: 0.654474, LOSS: 0.178635
2026-08-21 00:53:21,963 [INFO] Align: EPOCH[23] -> PLCC: 0.837693, SROCC: 0.690969, KROCC: 0.511792, LOSS: 0.286880
2026-08-21 00:53:21,978 [INFO] Saving checkpoint at epoch 23 to run/20260821004_R0_lora/checkpoint_best.pth.
2026-08-21 00:53:22,007 [INFO] Start training
2026-08-21 00:53:22,368 [INFO] Start training epoch 24, 37 iters per inner epoch.
2026-08-21 00:53:40,622 [INFO] Averaged stats: lr: 0.000010  loss: 0.151216
2026-08-21 00:53:40,698 [INFO] Evaluating on val.
Train: data epoch: [24]  [ 0/37]  eta: 0:00:34  lr: 0.000010  loss: 0.1498  time: 0.9249  data: 0.0001  max mem: 5043
Train: data epoch: [24]  [20/37]  eta: 0:00:08  lr: 0.000010  loss: 0.1137  time: 0.4559  data: 0.0000  max mem: 5043
Train: data epoch: [24]  [36/37]  eta: 0:00:00  lr: 0.000010  loss: 0.1462  time: 0.5130  data: 0.0000  max mem: 5043
Train: data epoch: [24] Total time: 0:00:18 (0.4933 s / it)
2026-08-21 00:53:46,561 [INFO] Qual: EPOCH[24] -> PLCC: 0.905993, SROCC: 0.838630, KROCC: 0.654653, LOSS: 0.178212
2026-08-21 00:53:46,561 [INFO] Align: EPOCH[24] -> PLCC: 0.838045, SROCC: 0.691142, KROCC: 0.512050, LOSS: 0.286741
2026-08-21 00:53:46,574 [INFO] Saving checkpoint at epoch 24 to run/20260821004_R0_lora/checkpoint_best.pth.
2026-08-21 00:53:46,614 [INFO] Saving checkpoint at epoch 24 to run/20260821004_R0_lora/checkpoint_best_joint.pth.
2026-08-21 00:53:46,640 [INFO] Start training
2026-08-21 00:53:47,009 [INFO] Start training epoch 25, 37 iters per inner epoch.
2026-08-21 00:54:05,248 [INFO] Averaged stats: lr: 0.000008  loss: 0.151415
2026-08-21 00:54:05,328 [INFO] Evaluating on val.
Train: data epoch: [25]  [ 0/37]  eta: 0:00:48  lr: 0.000008  loss: 0.1643  time: 1.3083  data: 0.0001  max mem: 5043
Train: data epoch: [25]  [20/37]  eta: 0:00:08  lr: 0.000008  loss: 0.1566  time: 0.4341  data: 0.0000  max mem: 5043
Train: data epoch: [25]  [36/37]  eta: 0:00:00  lr: 0.000008  loss: 0.1532  time: 0.5147  data: 0.0000  max mem: 5043
Train: data epoch: [25] Total time: 0:00:18 (0.4929 s / it)
2026-08-21 00:54:11,792 [INFO] Qual: EPOCH[25] -> PLCC: 0.906021, SROCC: 0.838853, KROCC: 0.654878, LOSS: 0.178014
2026-08-21 00:54:11,792 [INFO] Align: EPOCH[25] -> PLCC: 0.837934, SROCC: 0.691218, KROCC: 0.512061, LOSS: 0.286712
2026-08-21 00:54:11,807 [INFO] Saving checkpoint at epoch 25 to run/20260821004_R0_lora/checkpoint_best.pth.
2026-08-21 00:54:11,853 [INFO] Saving checkpoint at epoch 25 to run/20260821004_R0_lora/checkpoint_best_joint.pth.
2026-08-21 00:54:11,884 [INFO] Start training
2026-08-21 00:54:12,260 [INFO] Start training epoch 26, 37 iters per inner epoch.
2026-08-21 00:54:30,097 [INFO] Averaged stats: lr: 0.000005  loss: 0.149667
2026-08-21 00:54:30,182 [INFO] Evaluating on val.
Train: data epoch: [26]  [ 0/37]  eta: 0:00:53  lr: 0.000005  loss: 0.1071  time: 1.4577  data: 0.0001  max mem: 5043
Train: data epoch: [26]  [20/37]  eta: 0:00:07  lr: 0.000005  loss: 0.1395  time: 0.4093  data: 0.0000  max mem: 5043
Train: data epoch: [26]  [36/37]  eta: 0:00:00  lr: 0.000005  loss: 0.1557  time: 0.4728  data: 0.0000  max mem: 5043
Train: data epoch: [26] Total time: 0:00:17 (0.4821 s / it)
2026-08-21 00:54:36,679 [INFO] Qual: EPOCH[26] -> PLCC: 0.906071, SROCC: 0.838811, KROCC: 0.654855, LOSS: 0.176999
2026-08-21 00:54:36,679 [INFO] Align: EPOCH[26] -> PLCC: 0.837971, SROCC: 0.691125, KROCC: 0.511927, LOSS: 0.286390
2026-08-21 00:54:36,691 [INFO] Saving checkpoint at epoch 26 to run/20260821004_R0_lora/checkpoint_best.pth.
2026-08-21 00:54:36,714 [INFO] Start training
2026-08-21 00:54:37,059 [INFO] Start training epoch 27, 37 iters per inner epoch.
2026-08-21 00:54:53,478 [INFO] Averaged stats: lr: 0.000003  loss: 0.150229
2026-08-21 00:54:53,576 [INFO] Evaluating on val.
Train: data epoch: [27]  [ 0/37]  eta: 0:00:47  lr: 0.000003  loss: 0.1426  time: 1.2889  data: 0.0001  max mem: 5043
Train: data epoch: [27]  [20/37]  eta: 0:00:08  lr: 0.000003  loss: 0.1346  time: 0.4613  data: 0.0000  max mem: 5043
Train: data epoch: [27]  [36/37]  eta: 0:00:00  lr: 0.000003  loss: 0.1733  time: 0.3805  data: 0.0000  max mem: 5043
Train: data epoch: [27] Total time: 0:00:16 (0.4437 s / it)
2026-08-21 00:55:00,133 [INFO] Qual: EPOCH[27] -> PLCC: 0.906111, SROCC: 0.838723, KROCC: 0.654900, LOSS: 0.177709
2026-08-21 00:55:00,133 [INFO] Align: EPOCH[27] -> PLCC: 0.838009, SROCC: 0.691320, KROCC: 0.512139, LOSS: 0.286416
2026-08-21 00:55:00,148 [INFO] Saving checkpoint at epoch 27 to run/20260821004_R0_lora/checkpoint_best_joint.pth.
2026-08-21 00:55:00,177 [INFO] Start training
2026-08-21 00:55:00,548 [INFO] Start training epoch 28, 37 iters per inner epoch.
2026-08-21 00:55:16,755 [INFO] Averaged stats: lr: 0.000002  loss: 0.153249
2026-08-21 00:55:16,931 [INFO] Evaluating on val.
Train: data epoch: [28]  [ 0/37]  eta: 0:00:42  lr: 0.000002  loss: 0.1567  time: 1.1512  data: 0.0001  max mem: 5043
Train: data epoch: [28]  [20/37]  eta: 0:00:07  lr: 0.000002  loss: 0.1566  time: 0.4076  data: 0.0000  max mem: 5043
Train: data epoch: [28]  [36/37]  eta: 0:00:00  lr: 0.000002  loss: 0.2286  time: 0.3830  data: 0.0000  max mem: 5043
Train: data epoch: [28] Total time: 0:00:16 (0.4380 s / it)
2026-08-21 00:55:25,024 [INFO] Qual: EPOCH[28] -> PLCC: 0.906175, SROCC: 0.838821, KROCC: 0.654990, LOSS: 0.177365
2026-08-21 00:55:25,024 [INFO] Align: EPOCH[28] -> PLCC: 0.838082, SROCC: 0.691108, KROCC: 0.511960, LOSS: 0.285989
2026-08-21 00:55:25,039 [INFO] Saving checkpoint at epoch 28 to run/20260821004_R0_lora/checkpoint_best.pth.
2026-08-21 00:55:25,080 [INFO] Saving checkpoint at epoch 28 to run/20260821004_R0_lora/checkpoint_best_joint.pth.
2026-08-21 00:55:25,109 [INFO] Start training
2026-08-21 00:55:25,478 [INFO] Start training epoch 29, 37 iters per inner epoch.
2026-08-21 00:55:44,100 [INFO] Averaged stats: lr: 0.000001  loss: 0.151733
2026-08-21 00:55:44,195 [INFO] Evaluating on val.
Train: data epoch: [29]  [ 0/37]  eta: 0:00:43  lr: 0.000001  loss: 0.1474  time: 1.1697  data: 0.0001  max mem: 5043
Train: data epoch: [29]  [20/37]  eta: 0:00:08  lr: 0.000001  loss: 0.1638  time: 0.4897  data: 0.0000  max mem: 5043
Train: data epoch: [29]  [36/37]  eta: 0:00:00  lr: 0.000001  loss: 0.1565  time: 0.4670  data: 0.0000  max mem: 5043
Train: data epoch: [29] Total time: 0:00:18 (0.5033 s / it)
2026-08-21 00:55:50,324 [INFO] Qual: EPOCH[29] -> PLCC: 0.906131, SROCC: 0.838819, KROCC: 0.655023, LOSS: 0.177550
2026-08-21 00:55:50,324 [INFO] Align: EPOCH[29] -> PLCC: 0.838021, SROCC: 0.691249, KROCC: 0.512050, LOSS: 0.286303
2026-08-21 00:55:50,339 [INFO] Saving checkpoint at epoch 29 to run/20260821004_R0_lora/checkpoint_best_joint.pth.
[{'agg_metrics': np.float64(4.441293085856936), 'qual_agg': np.float64(2.399973115196944), 'qual_PLCC': np.float64(0.9061309484581525), 'qual_SROCC': np.float64(0.8388188982337966), 'qual_KROCC': np.float64(0.6550232685049951), 'align_agg': np.float64(2.041319970659991), 'align_PLCC': np.float64(0.8380207967838765), 'align_SROCC': np.float64(0.6912493865754078), 'align_KROCC': np.float64(0.512049787300707)}]
{'agg_metrics': np.float64(4.441293085856936), 'qual_agg': np.float64(2.399973115196944), 'qual_PLCC': np.float64(0.9061309484581525), 'qual_SROCC': np.float64(0.8388188982337966), 'qual_KROCC': np.float64(0.6550232685049951), 'align_agg': np.float64(2.041319970659991), 'align_PLCC': np.float64(0.8380207967838765), 'align_SROCC': np.float64(0.6912493865754078), 'align_KROCC': np.float64(0.512049787300707)}
