2026-08-21 02:07:19,601 [INFO] Start training
2026-08-21 02:07:20,123 [INFO] number of trainable parameters: 541955
Not using distributed mode
['msqr_dgmpq_hcmi_v8']
2026-08-21 02:07:22,496 [INFO] Start training epoch 0, 37 iters per inner epoch.
2026-08-21 02:07:45,604 [INFO] Averaged stats: lr: 0.000036  loss: 7.078252
2026-08-21 02:07:45,667 [INFO] Evaluating on val.
Train: data epoch: [0]  [ 0/37]  eta: 0:03:21  lr: 0.000000  loss: 7.7312  time: 5.4350  data: 0.0001  max mem: 5035
Train: data epoch: [0]  [20/37]  eta: 0:00:12  lr: 0.000040  loss: 6.4817  time: 0.4888  data: 0.0000  max mem: 5043
Train: data epoch: [0]  [36/37]  eta: 0:00:00  lr: 0.000072  loss: 6.0914  time: 0.4759  data: 0.0000  max mem: 5043
Train: data epoch: [0] Total time: 0:00:23 (0.6245 s / it)
2026-08-21 02:07:51,817 [INFO] Qual: EPOCH[0] -> PLCC: -0.154680, SROCC: -0.111242, KROCC: -0.073789, LOSS: 6.701367
2026-08-21 02:07:51,817 [INFO] Align: EPOCH[0] -> PLCC: -0.107960, SROCC: -0.098853, KROCC: -0.064613, LOSS: 6.327400
2026-08-21 02:07:51,833 [INFO] Saving checkpoint at epoch 0 to run/20260821020_R0_lora/checkpoint_best.pth.
2026-08-21 02:07:51,879 [INFO] Saving checkpoint at epoch 0 to run/20260821020_R0_lora/checkpoint_best_joint.pth.
2026-08-21 02:07:51,911 [INFO] Start training
2026-08-21 02:07:52,226 [INFO] Start training epoch 1, 37 iters per inner epoch.
2026-08-21 02:08:10,884 [INFO] Averaged stats: lr: 0.000100  loss: 3.440018
2026-08-21 02:08:10,978 [INFO] Evaluating on val.
Train: data epoch: [1]  [ 0/37]  eta: 0:00:46  lr: 0.000100  loss: 6.4174  time: 1.2682  data: 0.0001  max mem: 5043
Train: data epoch: [1]  [20/37]  eta: 0:00:08  lr: 0.000100  loss: 3.0007  time: 0.4737  data: 0.0000  max mem: 5043
Train: data epoch: [1]  [36/37]  eta: 0:00:00  lr: 0.000100  loss: 1.0081  time: 0.4988  data: 0.0000  max mem: 5043
Train: data epoch: [1] Total time: 0:00:18 (0.5043 s / it)
2026-08-21 02:08:15,890 [INFO] Qual: EPOCH[1] -> PLCC: 0.244031, SROCC: 0.243578, KROCC: 0.164694, LOSS: 0.956967
2026-08-21 02:08:15,890 [INFO] Align: EPOCH[1] -> PLCC: 0.255569, SROCC: 0.267282, KROCC: 0.183393, LOSS: 0.904360
2026-08-21 02:08:15,902 [INFO] Saving checkpoint at epoch 1 to run/20260821020_R0_lora/checkpoint_best.pth.
2026-08-21 02:08:15,935 [INFO] Saving checkpoint at epoch 1 to run/20260821020_R0_lora/checkpoint_best_joint.pth.
2026-08-21 02:08:15,956 [INFO] Start training
2026-08-21 02:08:16,236 [INFO] Start training epoch 2, 37 iters per inner epoch.
2026-08-21 02:08:34,262 [INFO] Averaged stats: lr: 0.000100  loss: 0.804638
2026-08-21 02:08:34,349 [INFO] Evaluating on val.
Train: data epoch: [2]  [ 0/37]  eta: 0:00:44  lr: 0.000100  loss: 0.9521  time: 1.2040  data: 0.0001  max mem: 5043
Train: data epoch: [2]  [20/37]  eta: 0:00:08  lr: 0.000100  loss: 0.6932  time: 0.4617  data: 0.0000  max mem: 5043
Train: data epoch: [2]  [36/37]  eta: 0:00:00  lr: 0.000100  loss: 0.6341  time: 0.4861  data: 0.0000  max mem: 5043
Train: data epoch: [2] Total time: 0:00:18 (0.4872 s / it)
2026-08-21 02:08:40,126 [INFO] Qual: EPOCH[2] -> PLCC: 0.696665, SROCC: 0.650713, KROCC: 0.467622, LOSS: 0.551153
2026-08-21 02:08:40,126 [INFO] Align: EPOCH[2] -> PLCC: 0.631943, SROCC: 0.564043, KROCC: 0.395455, LOSS: 0.606762
2026-08-21 02:08:40,138 [INFO] Saving checkpoint at epoch 2 to run/20260821020_R0_lora/checkpoint_best.pth.
2026-08-21 02:08:40,171 [INFO] Saving checkpoint at epoch 2 to run/20260821020_R0_lora/checkpoint_best_joint.pth.
2026-08-21 02:08:40,193 [INFO] Start training
2026-08-21 02:08:40,468 [INFO] Start training epoch 3, 37 iters per inner epoch.
2026-08-21 02:08:58,272 [INFO] Averaged stats: lr: 0.000099  loss: 0.447342
2026-08-21 02:08:58,357 [INFO] Evaluating on val.
Train: data epoch: [3]  [ 0/37]  eta: 0:00:50  lr: 0.000099  loss: 0.4901  time: 1.3674  data: 0.0001  max mem: 5043
Train: data epoch: [3]  [20/37]  eta: 0:00:08  lr: 0.000099  loss: 0.3691  time: 0.4397  data: 0.0000  max mem: 5043
Train: data epoch: [3]  [36/37]  eta: 0:00:00  lr: 0.000099  loss: 0.3420  time: 0.4818  data: 0.0000  max mem: 5043
Train: data epoch: [3] Total time: 0:00:17 (0.4812 s / it)
2026-08-21 02:09:05,340 [INFO] Qual: EPOCH[3] -> PLCC: 0.846453, SROCC: 0.749757, KROCC: 0.562175, LOSS: 0.281635
2026-08-21 02:09:05,340 [INFO] Align: EPOCH[3] -> PLCC: 0.768661, SROCC: 0.617683, KROCC: 0.443223, LOSS: 0.391642
2026-08-21 02:09:05,352 [INFO] Saving checkpoint at epoch 3 to run/20260821020_R0_lora/checkpoint_best.pth.
2026-08-21 02:09:05,385 [INFO] Saving checkpoint at epoch 3 to run/20260821020_R0_lora/checkpoint_best_joint.pth.
2026-08-21 02:09:05,406 [INFO] Start training
2026-08-21 02:09:05,687 [INFO] Start training epoch 4, 37 iters per inner epoch.
2026-08-21 02:09:23,764 [INFO] Averaged stats: lr: 0.000098  loss: 0.289224
2026-08-21 02:09:23,859 [INFO] Evaluating on val.
Train: data epoch: [4]  [ 0/37]  eta: 0:00:51  lr: 0.000098  loss: 0.2759  time: 1.4029  data: 0.0001  max mem: 5043
Train: data epoch: [4]  [20/37]  eta: 0:00:08  lr: 0.000098  loss: 0.2994  time: 0.4505  data: 0.0000  max mem: 5043
Train: data epoch: [4]  [36/37]  eta: 0:00:00  lr: 0.000098  loss: 0.2524  time: 0.4833  data: 0.0000  max mem: 5043
Train: data epoch: [4] Total time: 0:00:18 (0.4886 s / it)
2026-08-21 02:09:30,116 [INFO] Qual: EPOCH[4] -> PLCC: 0.877573, SROCC: 0.785514, KROCC: 0.596225, LOSS: 0.234304
2026-08-21 02:09:30,117 [INFO] Align: EPOCH[4] -> PLCC: 0.808353, SROCC: 0.641627, KROCC: 0.466255, LOSS: 0.328153
2026-08-21 02:09:30,132 [INFO] Saving checkpoint at epoch 4 to run/20260821020_R0_lora/checkpoint_best.pth.
2026-08-21 02:09:30,175 [INFO] Saving checkpoint at epoch 4 to run/20260821020_R0_lora/checkpoint_best_joint.pth.
2026-08-21 02:09:30,204 [INFO] Start training
2026-08-21 02:09:30,529 [INFO] Start training epoch 5, 37 iters per inner epoch.
2026-08-21 02:09:48,748 [INFO] Averaged stats: lr: 0.000098  loss: 0.254403
2026-08-21 02:09:48,842 [INFO] Evaluating on val.
Train: data epoch: [5]  [ 0/37]  eta: 0:00:54  lr: 0.000098  loss: 0.2182  time: 1.4651  data: 0.0001  max mem: 5043
Train: data epoch: [5]  [20/37]  eta: 0:00:08  lr: 0.000098  loss: 0.2323  time: 0.4507  data: 0.0000  max mem: 5043
Train: data epoch: [5]  [36/37]  eta: 0:00:00  lr: 0.000098  loss: 0.1983  time: 0.4886  data: 0.0000  max mem: 5043
Train: data epoch: [5] Total time: 0:00:18 (0.4924 s / it)
2026-08-21 02:09:55,045 [INFO] Qual: EPOCH[5] -> PLCC: 0.885327, SROCC: 0.805444, KROCC: 0.616176, LOSS: 0.213992
2026-08-21 02:09:55,045 [INFO] Align: EPOCH[5] -> PLCC: 0.818793, SROCC: 0.652321, KROCC: 0.477025, LOSS: 0.312507
2026-08-21 02:09:55,060 [INFO] Saving checkpoint at epoch 5 to run/20260821020_R0_lora/checkpoint_best.pth.
2026-08-21 02:09:55,100 [INFO] Saving checkpoint at epoch 5 to run/20260821020_R0_lora/checkpoint_best_joint.pth.
2026-08-21 02:09:55,126 [INFO] Start training
2026-08-21 02:09:55,418 [INFO] Start training epoch 6, 37 iters per inner epoch.
2026-08-21 02:10:12,057 [INFO] Averaged stats: lr: 0.000097  loss: 0.236476
2026-08-21 02:10:12,136 [INFO] Evaluating on val.
Train: data epoch: [6]  [ 0/37]  eta: 0:00:45  lr: 0.000097  loss: 0.2598  time: 1.2231  data: 0.0001  max mem: 5043
Train: data epoch: [6]  [20/37]  eta: 0:00:07  lr: 0.000097  loss: 0.2305  time: 0.4104  data: 0.0000  max mem: 5043
Train: data epoch: [6]  [36/37]  eta: 0:00:00  lr: 0.000097  loss: 0.1998  time: 0.4567  data: 0.0000  max mem: 5043
Train: data epoch: [6] Total time: 0:00:16 (0.4497 s / it)
2026-08-21 02:10:18,112 [INFO] Qual: EPOCH[6] -> PLCC: 0.889698, SROCC: 0.815467, KROCC: 0.626588, LOSS: 0.205642
2026-08-21 02:10:18,112 [INFO] Align: EPOCH[6] -> PLCC: 0.822602, SROCC: 0.661727, KROCC: 0.485431, LOSS: 0.306290
2026-08-21 02:10:18,123 [INFO] Saving checkpoint at epoch 6 to run/20260821020_R0_lora/checkpoint_best.pth.
2026-08-21 02:10:18,160 [INFO] Saving checkpoint at epoch 6 to run/20260821020_R0_lora/checkpoint_best_joint.pth.
2026-08-21 02:10:18,185 [INFO] Start training
2026-08-21 02:10:18,460 [INFO] Start training epoch 7, 37 iters per inner epoch.
2026-08-21 02:10:35,706 [INFO] Averaged stats: lr: 0.000095  loss: 0.225340
2026-08-21 02:10:35,783 [INFO] Evaluating on val.
Train: data epoch: [7]  [ 0/37]  eta: 0:00:43  lr: 0.000095  loss: 0.2502  time: 1.1861  data: 0.0001  max mem: 5043
Train: data epoch: [7]  [20/37]  eta: 0:00:08  lr: 0.000095  loss: 0.1987  time: 0.4675  data: 0.0000  max mem: 5043
Train: data epoch: [7]  [36/37]  eta: 0:00:00  lr: 0.000095  loss: 0.2034  time: 0.4462  data: 0.0000  max mem: 5043
Train: data epoch: [7] Total time: 0:00:17 (0.4661 s / it)
2026-08-21 02:10:42,020 [INFO] Qual: EPOCH[7] -> PLCC: 0.892605, SROCC: 0.818826, KROCC: 0.631083, LOSS: 0.206169
2026-08-21 02:10:42,020 [INFO] Align: EPOCH[7] -> PLCC: 0.824554, SROCC: 0.666616, KROCC: 0.490049, LOSS: 0.305758
2026-08-21 02:10:42,032 [INFO] Saving checkpoint at epoch 7 to run/20260821020_R0_lora/checkpoint_best.pth.
2026-08-21 02:10:42,068 [INFO] Saving checkpoint at epoch 7 to run/20260821020_R0_lora/checkpoint_best_joint.pth.
2026-08-21 02:10:42,092 [INFO] Start training
2026-08-21 02:10:42,365 [INFO] Start training epoch 8, 37 iters per inner epoch.
2026-08-21 02:11:00,485 [INFO] Averaged stats: lr: 0.000094  loss: 0.215779
2026-08-21 02:11:00,616 [INFO] Evaluating on val.
Train: data epoch: [8]  [ 0/37]  eta: 0:00:48  lr: 0.000094  loss: 0.2008  time: 1.3053  data: 0.0001  max mem: 5043
Train: data epoch: [8]  [20/37]  eta: 0:00:08  lr: 0.000094  loss: 0.2209  time: 0.4650  data: 0.0000  max mem: 5043
Train: data epoch: [8]  [36/37]  eta: 0:00:00  lr: 0.000094  loss: 0.1848  time: 0.4667  data: 0.0000  max mem: 5043
Train: data epoch: [8] Total time: 0:00:18 (0.4897 s / it)
2026-08-21 02:11:07,874 [INFO] Qual: EPOCH[8] -> PLCC: 0.895158, SROCC: 0.823405, KROCC: 0.635880, LOSS: 0.198801
2026-08-21 02:11:07,874 [INFO] Align: EPOCH[8] -> PLCC: 0.828132, SROCC: 0.673106, KROCC: 0.496482, LOSS: 0.301123
2026-08-21 02:11:07,890 [INFO] Saving checkpoint at epoch 8 to run/20260821020_R0_lora/checkpoint_best.pth.
2026-08-21 02:11:07,928 [INFO] Saving checkpoint at epoch 8 to run/20260821020_R0_lora/checkpoint_best_joint.pth.
2026-08-21 02:11:07,953 [INFO] Start training
2026-08-21 02:11:08,224 [INFO] Start training epoch 9, 37 iters per inner epoch.
2026-08-21 02:11:25,417 [INFO] Averaged stats: lr: 0.000092  loss: 0.207604
2026-08-21 02:11:25,496 [INFO] Evaluating on val.
Train: data epoch: [9]  [ 0/37]  eta: 0:00:36  lr: 0.000092  loss: 0.1879  time: 0.9935  data: 0.0001  max mem: 5043
Train: data epoch: [9]  [20/37]  eta: 0:00:07  lr: 0.000092  loss: 0.1826  time: 0.4276  data: 0.0000  max mem: 5043
Train: data epoch: [9]  [36/37]  eta: 0:00:00  lr: 0.000092  loss: 0.1829  time: 0.4533  data: 0.0000  max mem: 5043
Train: data epoch: [9] Total time: 0:00:17 (0.4646 s / it)
2026-08-21 02:11:32,547 [INFO] Qual: EPOCH[9] -> PLCC: 0.897713, SROCC: 0.827233, KROCC: 0.640262, LOSS: 0.199663
2026-08-21 02:11:32,548 [INFO] Align: EPOCH[9] -> PLCC: 0.830295, SROCC: 0.677441, KROCC: 0.500517, LOSS: 0.298369
2026-08-21 02:11:32,562 [INFO] Saving checkpoint at epoch 9 to run/20260821020_R0_lora/checkpoint_best.pth.
2026-08-21 02:11:32,606 [INFO] Saving checkpoint at epoch 9 to run/20260821020_R0_lora/checkpoint_best_joint.pth.
2026-08-21 02:11:32,634 [INFO] Start training
2026-08-21 02:11:32,938 [INFO] Start training epoch 10, 37 iters per inner epoch.
2026-08-21 02:11:51,495 [INFO] Averaged stats: lr: 0.000091  loss: 0.195014
2026-08-21 02:11:51,575 [INFO] Evaluating on val.
Train: data epoch: [10]  [ 0/37]  eta: 0:01:12  lr: 0.000091  loss: 0.2045  time: 1.9564  data: 0.0001  max mem: 5043
Train: data epoch: [10]  [20/37]  eta: 0:00:09  lr: 0.000091  loss: 0.1693  time: 0.4685  data: 0.0000  max mem: 5043
Train: data epoch: [10]  [36/37]  eta: 0:00:00  lr: 0.000091  loss: 0.2004  time: 0.4483  data: 0.0000  max mem: 5043
Train: data epoch: [10] Total time: 0:00:18 (0.5015 s / it)
2026-08-21 02:11:57,961 [INFO] Qual: EPOCH[10] -> PLCC: 0.899581, SROCC: 0.830454, KROCC: 0.644118, LOSS: 0.195392
2026-08-21 02:11:57,961 [INFO] Align: EPOCH[10] -> PLCC: 0.831789, SROCC: 0.680511, KROCC: 0.502624, LOSS: 0.294353
2026-08-21 02:11:57,976 [INFO] Saving checkpoint at epoch 10 to run/20260821020_R0_lora/checkpoint_best.pth.
2026-08-21 02:11:58,019 [INFO] Saving checkpoint at epoch 10 to run/20260821020_R0_lora/checkpoint_best_joint.pth.
2026-08-21 02:11:58,044 [INFO] Start training
2026-08-21 02:11:58,350 [INFO] Start training epoch 11, 37 iters per inner epoch.
2026-08-21 02:12:16,425 [INFO] Averaged stats: lr: 0.000089  loss: 0.188466
2026-08-21 02:12:16,525 [INFO] Evaluating on val.
Train: data epoch: [11]  [ 0/37]  eta: 0:00:52  lr: 0.000089  loss: 0.2157  time: 1.4078  data: 0.0001  max mem: 5043
Train: data epoch: [11]  [20/37]  eta: 0:00:08  lr: 0.000089  loss: 0.1905  time: 0.4810  data: 0.0000  max mem: 5043
Train: data epoch: [11]  [36/37]  eta: 0:00:00  lr: 0.000089  loss: 0.1620  time: 0.4550  data: 0.0000  max mem: 5043
Train: data epoch: [11] Total time: 0:00:18 (0.4885 s / it)
2026-08-21 02:12:22,491 [INFO] Qual: EPOCH[11] -> PLCC: 0.901200, SROCC: 0.832495, KROCC: 0.646572, LOSS: 0.185124
2026-08-21 02:12:22,491 [INFO] Align: EPOCH[11] -> PLCC: 0.833517, SROCC: 0.683375, KROCC: 0.505157, LOSS: 0.290939
2026-08-21 02:12:22,503 [INFO] Saving checkpoint at epoch 11 to run/20260821020_R0_lora/checkpoint_best.pth.
2026-08-21 02:12:22,537 [INFO] Saving checkpoint at epoch 11 to run/20260821020_R0_lora/checkpoint_best_joint.pth.
2026-08-21 02:12:22,558 [INFO] Start training
2026-08-21 02:12:22,837 [INFO] Start training epoch 12, 37 iters per inner epoch.
2026-08-21 02:12:39,165 [INFO] Averaged stats: lr: 0.000087  loss: 0.184399
2026-08-21 02:12:39,241 [INFO] Evaluating on val.
Train: data epoch: [12]  [ 0/37]  eta: 0:00:50  lr: 0.000087  loss: 0.1752  time: 1.3563  data: 0.0001  max mem: 5043
Train: data epoch: [12]  [20/37]  eta: 0:00:07  lr: 0.000087  loss: 0.1569  time: 0.4211  data: 0.0000  max mem: 5043
Train: data epoch: [12]  [36/37]  eta: 0:00:00  lr: 0.000087  loss: 0.2380  time: 0.4319  data: 0.0000  max mem: 5043
Train: data epoch: [12] Total time: 0:00:16 (0.4413 s / it)
2026-08-21 02:12:45,670 [INFO] Qual: EPOCH[12] -> PLCC: 0.902670, SROCC: 0.833901, KROCC: 0.648747, LOSS: 0.189790
2026-08-21 02:12:45,670 [INFO] Align: EPOCH[12] -> PLCC: 0.835465, SROCC: 0.688113, KROCC: 0.509494, LOSS: 0.288545
2026-08-21 02:12:45,698 [INFO] Saving checkpoint at epoch 12 to run/20260821020_R0_lora/checkpoint_best.pth.
2026-08-21 02:12:45,732 [INFO] Saving checkpoint at epoch 12 to run/20260821020_R0_lora/checkpoint_best_joint.pth.
2026-08-21 02:12:45,753 [INFO] Start training
2026-08-21 02:12:46,044 [INFO] Start training epoch 13, 37 iters per inner epoch.
2026-08-21 02:13:03,732 [INFO] Averaged stats: lr: 0.000084  loss: 0.179662
2026-08-21 02:13:03,840 [INFO] Evaluating on val.
Train: data epoch: [13]  [ 0/37]  eta: 0:00:38  lr: 0.000084  loss: 0.1640  time: 1.0443  data: 0.0001  max mem: 5043
Train: data epoch: [13]  [20/37]  eta: 0:00:08  lr: 0.000084  loss: 0.1377  time: 0.4771  data: 0.0000  max mem: 5043
Train: data epoch: [13]  [36/37]  eta: 0:00:00  lr: 0.000084  loss: 0.1405  time: 0.4456  data: 0.0000  max mem: 5043
Train: data epoch: [13] Total time: 0:00:17 (0.4780 s / it)
2026-08-21 02:13:09,876 [INFO] Qual: EPOCH[13] -> PLCC: 0.904420, SROCC: 0.836688, KROCC: 0.652557, LOSS: 0.182268
2026-08-21 02:13:09,876 [INFO] Align: EPOCH[13] -> PLCC: 0.837478, SROCC: 0.688810, KROCC: 0.509887, LOSS: 0.283612
2026-08-21 02:13:09,888 [INFO] Saving checkpoint at epoch 13 to run/20260821020_R0_lora/checkpoint_best.pth.
2026-08-21 02:13:09,921 [INFO] Saving checkpoint at epoch 13 to run/20260821020_R0_lora/checkpoint_best_joint.pth.
2026-08-21 02:13:09,942 [INFO] Start training
2026-08-21 02:13:10,224 [INFO] Start training epoch 14, 37 iters per inner epoch.
2026-08-21 02:13:27,408 [INFO] Averaged stats: lr: 0.000082  loss: 0.170831
2026-08-21 02:13:27,484 [INFO] Evaluating on val.
Train: data epoch: [14]  [ 0/37]  eta: 0:00:42  lr: 0.000082  loss: 0.1718  time: 1.1539  data: 0.0001  max mem: 5043
Train: data epoch: [14]  [20/37]  eta: 0:00:08  lr: 0.000082  loss: 0.1576  time: 0.4972  data: 0.0000  max mem: 5043
Train: data epoch: [14]  [36/37]  eta: 0:00:00  lr: 0.000082  loss: 0.1721  time: 0.4114  data: 0.0000  max mem: 5043
Train: data epoch: [14] Total time: 0:00:17 (0.4644 s / it)
2026-08-21 02:13:32,980 [INFO] Qual: EPOCH[14] -> PLCC: 0.904289, SROCC: 0.835851, KROCC: 0.651470, LOSS: 0.182347
2026-08-21 02:13:32,981 [INFO] Align: EPOCH[14] -> PLCC: 0.837199, SROCC: 0.690741, KROCC: 0.512027, LOSS: 0.286036
2026-08-21 02:13:32,992 [INFO] Saving checkpoint at epoch 14 to run/20260821020_R0_lora/checkpoint_best_joint.pth.
2026-08-21 02:13:33,017 [INFO] Start training
2026-08-21 02:13:33,280 [INFO] Start training epoch 15, 37 iters per inner epoch.
2026-08-21 02:13:51,914 [INFO] Averaged stats: lr: 0.000080  loss: 0.165906
2026-08-21 02:13:51,997 [INFO] Evaluating on val.
Train: data epoch: [15]  [ 0/37]  eta: 0:00:50  lr: 0.000080  loss: 0.1449  time: 1.3561  data: 0.0001  max mem: 5043
Train: data epoch: [15]  [20/37]  eta: 0:00:09  lr: 0.000080  loss: 0.1552  time: 0.4899  data: 0.0000  max mem: 5043
Train: data epoch: [15]  [36/37]  eta: 0:00:00  lr: 0.000080  loss: 0.1411  time: 0.4759  data: 0.0000  max mem: 5043
Train: data epoch: [15] Total time: 0:00:18 (0.5036 s / it)
2026-08-21 02:13:57,312 [INFO] Qual: EPOCH[15] -> PLCC: 0.905562, SROCC: 0.837625, KROCC: 0.653701, LOSS: 0.186666
2026-08-21 02:13:57,312 [INFO] Align: EPOCH[15] -> PLCC: 0.837821, SROCC: 0.692334, KROCC: 0.513316, LOSS: 0.287433
2026-08-21 02:13:57,324 [INFO] Saving checkpoint at epoch 15 to run/20260821020_R0_lora/checkpoint_best.pth.
2026-08-21 02:13:57,356 [INFO] Saving checkpoint at epoch 15 to run/20260821020_R0_lora/checkpoint_best_joint.pth.
2026-08-21 02:13:57,376 [INFO] Start training
2026-08-21 02:13:57,648 [INFO] Start training epoch 16, 37 iters per inner epoch.
2026-08-21 02:14:16,147 [INFO] Averaged stats: lr: 0.000077  loss: 0.156942
2026-08-21 02:14:16,238 [INFO] Evaluating on val.
Train: data epoch: [16]  [ 0/37]  eta: 0:00:48  lr: 0.000077  loss: 0.1573  time: 1.3207  data: 0.0001  max mem: 5043
Train: data epoch: [16]  [20/37]  eta: 0:00:08  lr: 0.000077  loss: 0.1522  time: 0.4841  data: 0.0000  max mem: 5043
Train: data epoch: [16]  [36/37]  eta: 0:00:00  lr: 0.000077  loss: 0.2332  time: 0.4645  data: 0.0000  max mem: 5043
Train: data epoch: [16] Total time: 0:00:18 (0.5000 s / it)
2026-08-21 02:14:22,447 [INFO] Qual: EPOCH[16] -> PLCC: 0.906044, SROCC: 0.838601, KROCC: 0.654721, LOSS: 0.179642
2026-08-21 02:14:22,447 [INFO] Align: EPOCH[16] -> PLCC: 0.837887, SROCC: 0.692809, KROCC: 0.513742, LOSS: 0.284897
2026-08-21 02:14:22,465 [INFO] Saving checkpoint at epoch 16 to run/20260821020_R0_lora/checkpoint_best.pth.
2026-08-21 02:14:22,521 [INFO] Saving checkpoint at epoch 16 to run/20260821020_R0_lora/checkpoint_best_joint.pth.
2026-08-21 02:14:22,551 [INFO] Start training
2026-08-21 02:14:22,955 [INFO] Start training epoch 17, 37 iters per inner epoch.
2026-08-21 02:14:41,493 [INFO] Averaged stats: lr: 0.000074  loss: 0.154117
2026-08-21 02:14:41,642 [INFO] Evaluating on val.
Train: data epoch: [17]  [ 0/37]  eta: 0:00:54  lr: 0.000074  loss: 0.1460  time: 1.4774  data: 0.0001  max mem: 5043
Train: data epoch: [17]  [20/37]  eta: 0:00:09  lr: 0.000074  loss: 0.1832  time: 0.5114  data: 0.0000  max mem: 5043
Train: data epoch: [17]  [36/37]  eta: 0:00:00  lr: 0.000074  loss: 0.1568  time: 0.4372  data: 0.0000  max mem: 5043
Train: data epoch: [17] Total time: 0:00:18 (0.5010 s / it)
2026-08-21 02:14:48,134 [INFO] Qual: EPOCH[17] -> PLCC: 0.906411, SROCC: 0.839310, KROCC: 0.655629, LOSS: 0.181448
2026-08-21 02:14:48,134 [INFO] Align: EPOCH[17] -> PLCC: 0.838171, SROCC: 0.692331, KROCC: 0.513327, LOSS: 0.285604
2026-08-21 02:14:48,149 [INFO] Saving checkpoint at epoch 17 to run/20260821020_R0_lora/checkpoint_best.pth.
2026-08-21 02:14:48,202 [INFO] Saving checkpoint at epoch 17 to run/20260821020_R0_lora/checkpoint_best_joint.pth.
2026-08-21 02:14:48,228 [INFO] Start training
2026-08-21 02:14:48,612 [INFO] Start training epoch 18, 37 iters per inner epoch.
2026-08-21 02:15:06,851 [INFO] Averaged stats: lr: 0.000072  loss: 0.149779
2026-08-21 02:15:06,927 [INFO] Evaluating on val.
Train: data epoch: [18]  [ 0/37]  eta: 0:00:40  lr: 0.000072  loss: 0.1206  time: 1.0822  data: 0.0001  max mem: 5043
Train: data epoch: [18]  [20/37]  eta: 0:00:08  lr: 0.000072  loss: 0.1446  time: 0.4729  data: 0.0000  max mem: 5043
Train: data epoch: [18]  [36/37]  eta: 0:00:00  lr: 0.000072  loss: 0.1511  time: 0.4846  data: 0.0000  max mem: 5043
Train: data epoch: [18] Total time: 0:00:18 (0.4929 s / it)
2026-08-21 02:15:13,611 [INFO] Qual: EPOCH[18] -> PLCC: 0.906490, SROCC: 0.839824, KROCC: 0.656267, LOSS: 0.175310
2026-08-21 02:15:13,612 [INFO] Align: EPOCH[18] -> PLCC: 0.838544, SROCC: 0.692069, KROCC: 0.512756, LOSS: 0.289147
2026-08-21 02:15:13,623 [INFO] Saving checkpoint at epoch 18 to run/20260821020_R0_lora/checkpoint_best.pth.
2026-08-21 02:15:13,660 [INFO] Saving checkpoint at epoch 18 to run/20260821020_R0_lora/checkpoint_best_joint.pth.
2026-08-21 02:15:13,684 [INFO] Start training
2026-08-21 02:15:14,039 [INFO] Start training epoch 19, 37 iters per inner epoch.
2026-08-21 02:15:33,186 [INFO] Averaged stats: lr: 0.000069  loss: 0.144729
2026-08-21 02:15:33,267 [INFO] Evaluating on val.
Train: data epoch: [19]  [ 0/37]  eta: 0:00:55  lr: 0.000069  loss: 0.1214  time: 1.4979  data: 0.0001  max mem: 5043
Train: data epoch: [19]  [20/37]  eta: 0:00:09  lr: 0.000069  loss: 0.1442  time: 0.4949  data: 0.0000  max mem: 5043
Train: data epoch: [19]  [36/37]  eta: 0:00:00  lr: 0.000069  loss: 0.1119  time: 0.4827  data: 0.0000  max mem: 5043
Train: data epoch: [19] Total time: 0:00:19 (0.5175 s / it)
2026-08-21 02:15:38,407 [INFO] Qual: EPOCH[19] -> PLCC: 0.907316, SROCC: 0.840962, KROCC: 0.657332, LOSS: 0.174445
2026-08-21 02:15:38,408 [INFO] Align: EPOCH[19] -> PLCC: 0.838975, SROCC: 0.690894, KROCC: 0.512061, LOSS: 0.283234
2026-08-21 02:15:38,419 [INFO] Saving checkpoint at epoch 19 to run/20260821020_R0_lora/checkpoint_best.pth.
2026-08-21 02:15:38,456 [INFO] Saving checkpoint at epoch 19 to run/20260821020_R0_lora/checkpoint_best_joint.pth.
2026-08-21 02:15:38,480 [INFO] Start training
2026-08-21 02:15:38,746 [INFO] Start training epoch 20, 37 iters per inner epoch.
2026-08-21 02:15:54,971 [INFO] Averaged stats: lr: 0.000066  loss: 0.141797
2026-08-21 02:15:55,047 [INFO] Evaluating on val.
Train: data epoch: [20]  [ 0/37]  eta: 0:00:45  lr: 0.000066  loss: 0.1500  time: 1.2205  data: 0.0001  max mem: 5043
Train: data epoch: [20]  [20/37]  eta: 0:00:06  lr: 0.000066  loss: 0.1845  time: 0.3594  data: 0.0000  max mem: 5043
Train: data epoch: [20]  [36/37]  eta: 0:00:00  lr: 0.000066  loss: 0.1144  time: 0.4920  data: 0.0000  max mem: 5043
Train: data epoch: [20] Total time: 0:00:16 (0.4385 s / it)
2026-08-21 02:16:01,022 [INFO] Qual: EPOCH[20] -> PLCC: 0.906983, SROCC: 0.841108, KROCC: 0.657452, LOSS: 0.181428
2026-08-21 02:16:01,022 [INFO] Align: EPOCH[20] -> PLCC: 0.838877, SROCC: 0.689909, KROCC: 0.511052, LOSS: 0.285436
2026-08-21 02:16:01,034 [INFO] Saving checkpoint at epoch 20 to run/20260821020_R0_lora/checkpoint_latest.pth.
2026-08-21 02:16:01,057 [INFO] Start training
2026-08-21 02:16:01,331 [INFO] Start training epoch 21, 37 iters per inner epoch.
2026-08-21 02:16:19,213 [INFO] Averaged stats: lr: 0.000063  loss: 0.138625
2026-08-21 02:16:19,285 [INFO] Evaluating on val.
Train: data epoch: [21]  [ 0/37]  eta: 0:00:35  lr: 0.000063  loss: 0.1051  time: 0.9625  data: 0.0001  max mem: 5043
Train: data epoch: [21]  [20/37]  eta: 0:00:08  lr: 0.000063  loss: 0.1277  time: 0.4666  data: 0.0000  max mem: 5043
Train: data epoch: [21]  [36/37]  eta: 0:00:00  lr: 0.000063  loss: 0.1384  time: 0.4871  data: 0.0000  max mem: 5043
Train: data epoch: [21] Total time: 0:00:17 (0.4833 s / it)
2026-08-21 02:16:25,501 [INFO] Qual: EPOCH[21] -> PLCC: 0.907613, SROCC: 0.841924, KROCC: 0.658789, LOSS: 0.175068
2026-08-21 02:16:25,501 [INFO] Align: EPOCH[21] -> PLCC: 0.838975, SROCC: 0.688245, KROCC: 0.509326, LOSS: 0.284523
2026-08-21 02:16:25,516 [INFO] Saving checkpoint at epoch 21 to run/20260821020_R0_lora/checkpoint_best.pth.
2026-08-21 02:16:25,544 [INFO] Start training
2026-08-21 02:16:25,829 [INFO] Start training epoch 22, 37 iters per inner epoch.
2026-08-21 02:16:42,451 [INFO] Averaged stats: lr: 0.000060  loss: 0.135723
2026-08-21 02:16:42,544 [INFO] Evaluating on val.
Train: data epoch: [22]  [ 0/37]  eta: 0:00:37  lr: 0.000060  loss: 0.1091  time: 1.0218  data: 0.0001  max mem: 5043
Train: data epoch: [22]  [20/37]  eta: 0:00:07  lr: 0.000060  loss: 0.1409  time: 0.4192  data: 0.0000  max mem: 5043
Train: data epoch: [22]  [36/37]  eta: 0:00:00  lr: 0.000060  loss: 0.1038  time: 0.4643  data: 0.0000  max mem: 5043
Train: data epoch: [22] Total time: 0:00:16 (0.4492 s / it)
2026-08-21 02:16:48,730 [INFO] Qual: EPOCH[22] -> PLCC: 0.906750, SROCC: 0.840965, KROCC: 0.657500, LOSS: 0.173990
2026-08-21 02:16:48,730 [INFO] Align: EPOCH[22] -> PLCC: 0.837739, SROCC: 0.687604, KROCC: 0.508912, LOSS: 0.287695
2026-08-21 02:16:48,731 [INFO] Start training
2026-08-21 02:16:49,016 [INFO] Start training epoch 23, 37 iters per inner epoch.
2026-08-21 02:17:06,704 [INFO] Averaged stats: lr: 0.000057  loss: 0.132297
2026-08-21 02:17:06,781 [INFO] Evaluating on val.
Train: data epoch: [23]  [ 0/37]  eta: 0:00:37  lr: 0.000057  loss: 0.1566  time: 1.0230  data: 0.0001  max mem: 5043
Train: data epoch: [23]  [20/37]  eta: 0:00:08  lr: 0.000057  loss: 0.1263  time: 0.4691  data: 0.0000  max mem: 5043
Train: data epoch: [23]  [36/37]  eta: 0:00:00  lr: 0.000057  loss: 0.1404  time: 0.4585  data: 0.0000  max mem: 5043
Train: data epoch: [23] Total time: 0:00:17 (0.4781 s / it)
2026-08-21 02:17:12,948 [INFO] Qual: EPOCH[23] -> PLCC: 0.907590, SROCC: 0.842403, KROCC: 0.659596, LOSS: 0.173760
2026-08-21 02:17:12,948 [INFO] Align: EPOCH[23] -> PLCC: 0.838365, SROCC: 0.688187, KROCC: 0.509371, LOSS: 0.286206
2026-08-21 02:17:12,964 [INFO] Saving checkpoint at epoch 23 to run/20260821020_R0_lora/checkpoint_best.pth.
2026-08-21 02:17:12,997 [INFO] Start training
2026-08-21 02:17:13,294 [INFO] Start training epoch 24, 37 iters per inner epoch.
2026-08-21 02:17:30,795 [INFO] Averaged stats: lr: 0.000054  loss: 0.126281
2026-08-21 02:17:30,945 [INFO] Evaluating on val.
Train: data epoch: [24]  [ 0/37]  eta: 0:00:41  lr: 0.000054  loss: 0.1185  time: 1.1181  data: 0.0001  max mem: 5043
Train: data epoch: [24]  [20/37]  eta: 0:00:08  lr: 0.000054  loss: 0.0933  time: 0.4592  data: 0.0000  max mem: 5043
Train: data epoch: [24]  [36/37]  eta: 0:00:00  lr: 0.000054  loss: 0.1204  time: 0.4645  data: 0.0000  max mem: 5043
Train: data epoch: [24] Total time: 0:00:17 (0.4730 s / it)
2026-08-21 02:17:37,795 [INFO] Qual: EPOCH[24] -> PLCC: 0.905990, SROCC: 0.841622, KROCC: 0.658094, LOSS: 0.176516
2026-08-21 02:17:37,795 [INFO] Align: EPOCH[24] -> PLCC: 0.836772, SROCC: 0.686877, KROCC: 0.508385, LOSS: 0.291936
2026-08-21 02:17:37,796 [INFO] Start training
2026-08-21 02:17:38,063 [INFO] Start training epoch 25, 37 iters per inner epoch.
2026-08-21 02:17:55,202 [INFO] Averaged stats: lr: 0.000050  loss: 0.124860
2026-08-21 02:17:55,280 [INFO] Evaluating on val.
Train: data epoch: [25]  [ 0/37]  eta: 0:00:36  lr: 0.000051  loss: 0.1340  time: 0.9753  data: 0.0001  max mem: 5043
Train: data epoch: [25]  [20/37]  eta: 0:00:08  lr: 0.000051  loss: 0.1268  time: 0.4505  data: 0.0000  max mem: 5043
Train: data epoch: [25]  [36/37]  eta: 0:00:00  lr: 0.000051  loss: 0.1318  time: 0.4352  data: 0.0000  max mem: 5043
Train: data epoch: [25] Total time: 0:00:17 (0.4632 s / it)
2026-08-21 02:18:01,436 [INFO] Qual: EPOCH[25] -> PLCC: 0.906445, SROCC: 0.841972, KROCC: 0.658756, LOSS: 0.177519
2026-08-21 02:18:01,437 [INFO] Align: EPOCH[25] -> PLCC: 0.836565, SROCC: 0.686160, KROCC: 0.507421, LOSS: 0.291361
2026-08-21 02:18:01,452 [INFO] Saving checkpoint at epoch 25 to run/20260821020_R0_lora/checkpoint_latest.pth.
2026-08-21 02:18:01,508 [INFO] Start training
2026-08-21 02:18:01,828 [INFO] Start training epoch 26, 37 iters per inner epoch.
2026-08-21 02:18:19,745 [INFO] Averaged stats: lr: 0.000047  loss: 0.120534
2026-08-21 02:18:19,912 [INFO] Evaluating on val.
Train: data epoch: [26]  [ 0/37]  eta: 0:00:47  lr: 0.000047  loss: 0.0900  time: 1.2938  data: 0.0001  max mem: 5043
Train: data epoch: [26]  [20/37]  eta: 0:00:08  lr: 0.000047  loss: 0.1131  time: 0.4801  data: 0.0000  max mem: 5043
Train: data epoch: [26]  [36/37]  eta: 0:00:00  lr: 0.000047  loss: 0.1246  time: 0.4474  data: 0.0000  max mem: 5043
Train: data epoch: [26] Total time: 0:00:17 (0.4842 s / it)
2026-08-21 02:18:25,865 [INFO] Qual: EPOCH[26] -> PLCC: 0.907315, SROCC: 0.842789, KROCC: 0.659988, LOSS: 0.173627
2026-08-21 02:18:25,865 [INFO] Align: EPOCH[26] -> PLCC: 0.837659, SROCC: 0.686075, KROCC: 0.507130, LOSS: 0.287090
2026-08-21 02:18:25,877 [INFO] Saving checkpoint at epoch 26 to run/20260821020_R0_lora/checkpoint_best.pth.
2026-08-21 02:18:25,903 [INFO] Start training
2026-08-21 02:18:26,173 [INFO] Start training epoch 27, 37 iters per inner epoch.
2026-08-21 02:18:44,713 [INFO] Averaged stats: lr: 0.000044  loss: 0.119777
2026-08-21 02:18:44,787 [INFO] Evaluating on val.
Train: data epoch: [27]  [ 0/37]  eta: 0:00:45  lr: 0.000044  loss: 0.1188  time: 1.2294  data: 0.0001  max mem: 5043
Train: data epoch: [27]  [20/37]  eta: 0:00:08  lr: 0.000044  loss: 0.1073  time: 0.4891  data: 0.0000  max mem: 5043
Train: data epoch: [27]  [36/37]  eta: 0:00:00  lr: 0.000044  loss: 0.1351  time: 0.4782  data: 0.0000  max mem: 5043
Train: data epoch: [27] Total time: 0:00:18 (0.5011 s / it)
2026-08-21 02:18:50,086 [INFO] Qual: EPOCH[27] -> PLCC: 0.906337, SROCC: 0.842142, KROCC: 0.659159, LOSS: 0.177873
2026-08-21 02:18:50,086 [INFO] Align: EPOCH[27] -> PLCC: 0.836525, SROCC: 0.685815, KROCC: 0.506838, LOSS: 0.290253
2026-08-21 02:18:50,087 [INFO] Start training
2026-08-21 02:18:50,370 [INFO] Start training epoch 28, 37 iters per inner epoch.
2026-08-21 02:19:08,715 [INFO] Averaged stats: lr: 0.000041  loss: 0.120064
2026-08-21 02:19:08,797 [INFO] Evaluating on val.
Train: data epoch: [28]  [ 0/37]  eta: 0:00:50  lr: 0.000041  loss: 0.1249  time: 1.3566  data: 0.0001  max mem: 5043
Train: data epoch: [28]  [20/37]  eta: 0:00:09  lr: 0.000041  loss: 0.1340  time: 0.4970  data: 0.0000  max mem: 5043
Train: data epoch: [28]  [36/37]  eta: 0:00:00  lr: 0.000041  loss: 0.1778  time: 0.4598  data: 0.0000  max mem: 5043
Train: data epoch: [28] Total time: 0:00:18 (0.4958 s / it)
2026-08-21 02:19:13,359 [INFO] Qual: EPOCH[28] -> PLCC: 0.905936, SROCC: 0.842135, KROCC: 0.659327, LOSS: 0.178223
2026-08-21 02:19:13,359 [INFO] Align: EPOCH[28] -> PLCC: 0.836715, SROCC: 0.686915, KROCC: 0.507690, LOSS: 0.297097
2026-08-21 02:19:13,360 [INFO] Start training
2026-08-21 02:19:13,664 [INFO] Start training epoch 29, 37 iters per inner epoch.
2026-08-21 02:19:32,187 [INFO] Averaged stats: lr: 0.000038  loss: 0.117007
2026-08-21 02:19:32,300 [INFO] Evaluating on val.
Train: data epoch: [29]  [ 0/37]  eta: 0:00:50  lr: 0.000038  loss: 0.1265  time: 1.3725  data: 0.0001  max mem: 5043
Train: data epoch: [29]  [20/37]  eta: 0:00:08  lr: 0.000038  loss: 0.1181  time: 0.4764  data: 0.0000  max mem: 5043
Train: data epoch: [29]  [36/37]  eta: 0:00:00  lr: 0.000038  loss: 0.1236  time: 0.4815  data: 0.0000  max mem: 5043
Train: data epoch: [29] Total time: 0:00:18 (0.5006 s / it)
2026-08-21 02:19:38,326 [INFO] Qual: EPOCH[29] -> PLCC: 0.905816, SROCC: 0.841723, KROCC: 0.659081, LOSS: 0.177223
2026-08-21 02:19:38,327 [INFO] Align: EPOCH[29] -> PLCC: 0.836181, SROCC: 0.686521, KROCC: 0.507219, LOSS: 0.293196
2026-08-21 02:19:38,327 [INFO] Start training
2026-08-21 02:19:38,647 [INFO] Start training epoch 30, 37 iters per inner epoch.
2026-08-21 02:19:57,591 [INFO] Averaged stats: lr: 0.000035  loss: 0.114766
2026-08-21 02:19:57,669 [INFO] Evaluating on val.
Train: data epoch: [30]  [ 0/37]  eta: 0:00:53  lr: 0.000035  loss: 0.1162  time: 1.4425  data: 0.0001  max mem: 5043
Train: data epoch: [30]  [20/37]  eta: 0:00:08  lr: 0.000035  loss: 0.0998  time: 0.4753  data: 0.0000  max mem: 5043
Train: data epoch: [30]  [36/37]  eta: 0:00:00  lr: 0.000035  loss: 0.1159  time: 0.4831  data: 0.0000  max mem: 5043
Train: data epoch: [30] Total time: 0:00:18 (0.5120 s / it)
2026-08-21 02:20:04,534 [INFO] Qual: EPOCH[30] -> PLCC: 0.905772, SROCC: 0.841185, KROCC: 0.658330, LOSS: 0.178094
2026-08-21 02:20:04,534 [INFO] Align: EPOCH[30] -> PLCC: 0.835832, SROCC: 0.685342, KROCC: 0.506289, LOSS: 0.292405
2026-08-21 02:20:04,553 [INFO] Saving checkpoint at epoch 30 to run/20260821020_R0_lora/checkpoint_latest.pth.
2026-08-21 02:20:04,581 [INFO] Start training
2026-08-21 02:20:04,923 [INFO] Start training epoch 31, 37 iters per inner epoch.
2026-08-21 02:20:23,123 [INFO] Averaged stats: lr: 0.000032  loss: 0.113115
2026-08-21 02:20:23,198 [INFO] Evaluating on val.
Train: data epoch: [31]  [ 0/37]  eta: 0:01:01  lr: 0.000032  loss: 0.1202  time: 1.6718  data: 0.0001  max mem: 5043
Train: data epoch: [31]  [20/37]  eta: 0:00:09  lr: 0.000032  loss: 0.1336  time: 0.4975  data: 0.0000  max mem: 5043
Train: data epoch: [31]  [36/37]  eta: 0:00:00  lr: 0.000032  loss: 0.1389  time: 0.4355  data: 0.0000  max mem: 5043
Train: data epoch: [31] Total time: 0:00:18 (0.4919 s / it)
2026-08-21 02:20:27,024 [INFO] Qual: EPOCH[31] -> PLCC: 0.905816, SROCC: 0.841727, KROCC: 0.659058, LOSS: 0.176135
2026-08-21 02:20:27,024 [INFO] Align: EPOCH[31] -> PLCC: 0.835618, SROCC: 0.685003, KROCC: 0.505852, LOSS: 0.293242
2026-08-21 02:20:27,025 [INFO] Start training
2026-08-21 02:20:27,278 [INFO] Start training epoch 32, 37 iters per inner epoch.
2026-08-21 02:20:39,789 [INFO] Averaged stats: lr: 0.000029  loss: 0.111857
2026-08-21 02:20:39,870 [INFO] Evaluating on val.
Train: data epoch: [32]  [ 0/37]  eta: 0:00:35  lr: 0.000029  loss: 0.1405  time: 0.9662  data: 0.0001  max mem: 5043
Train: data epoch: [32]  [20/37]  eta: 0:00:05  lr: 0.000029  loss: 0.1213  time: 0.3021  data: 0.0000  max mem: 5043
Train: data epoch: [32]  [36/37]  eta: 0:00:00  lr: 0.000029  loss: 0.1004  time: 0.3440  data: 0.0000  max mem: 5043
Train: data epoch: [32] Total time: 0:00:12 (0.3381 s / it)
2026-08-21 02:20:43,898 [INFO] Qual: EPOCH[32] -> PLCC: 0.904705, SROCC: 0.841667, KROCC: 0.658924, LOSS: 0.189496
2026-08-21 02:20:43,898 [INFO] Align: EPOCH[32] -> PLCC: 0.834521, SROCC: 0.684431, KROCC: 0.505583, LOSS: 0.296395
2026-08-21 02:20:43,899 [INFO] Start training
2026-08-21 02:20:44,189 [INFO] Start training epoch 33, 37 iters per inner epoch.
2026-08-21 02:20:56,689 [INFO] Averaged stats: lr: 0.000027  loss: 0.112066
2026-08-21 02:20:56,765 [INFO] Evaluating on val.
Train: data epoch: [33]  [ 0/37]  eta: 0:00:39  lr: 0.000027  loss: 0.1225  time: 1.0594  data: 0.0001  max mem: 5043
Train: data epoch: [33]  [20/37]  eta: 0:00:05  lr: 0.000027  loss: 0.1222  time: 0.2975  data: 0.0000  max mem: 5043
Train: data epoch: [33]  [36/37]  eta: 0:00:00  lr: 0.000027  loss: 0.1223  time: 0.3461  data: 0.0000  max mem: 5043
Train: data epoch: [33] Total time: 0:00:12 (0.3378 s / it)
2026-08-21 02:21:00,858 [INFO] Qual: EPOCH[33] -> PLCC: 0.905691, SROCC: 0.841589, KROCC: 0.659182, LOSS: 0.176825
2026-08-21 02:21:00,858 [INFO] Align: EPOCH[33] -> PLCC: 0.835353, SROCC: 0.685339, KROCC: 0.506558, LOSS: 0.293102
2026-08-21 02:21:00,859 [INFO] Start training
2026-08-21 02:21:01,149 [INFO] Start training epoch 34, 37 iters per inner epoch.
2026-08-21 02:21:13,336 [INFO] Averaged stats: lr: 0.000024  loss: 0.109679
2026-08-21 02:21:13,413 [INFO] Evaluating on val.
Train: data epoch: [34]  [ 0/37]  eta: 0:00:32  lr: 0.000024  loss: 0.1284  time: 0.8754  data: 0.0001  max mem: 5043
Train: data epoch: [34]  [20/37]  eta: 0:00:05  lr: 0.000024  loss: 0.0996  time: 0.2913  data: 0.0000  max mem: 5043
Train: data epoch: [34]  [36/37]  eta: 0:00:00  lr: 0.000024  loss: 0.0930  time: 0.3411  data: 0.0000  max mem: 5043
Train: data epoch: [34] Total time: 0:00:12 (0.3293 s / it)
2026-08-21 02:21:18,205 [INFO] Qual: EPOCH[34] -> PLCC: 0.905599, SROCC: 0.841417, KROCC: 0.659182, LOSS: 0.176873
2026-08-21 02:21:18,205 [INFO] Align: EPOCH[34] -> PLCC: 0.835228, SROCC: 0.685043, KROCC: 0.506468, LOSS: 0.294392
2026-08-21 02:21:18,206 [INFO] Start training
2026-08-21 02:21:18,468 [INFO] Start training epoch 35, 37 iters per inner epoch.
2026-08-21 02:21:30,741 [INFO] Averaged stats: lr: 0.000021  loss: 0.107890
2026-08-21 02:21:30,821 [INFO] Evaluating on val.
Train: data epoch: [35]  [ 0/37]  eta: 0:00:38  lr: 0.000021  loss: 0.1001  time: 1.0365  data: 0.0001  max mem: 5043
Train: data epoch: [35]  [20/37]  eta: 0:00:05  lr: 0.000021  loss: 0.1164  time: 0.2871  data: 0.0000  max mem: 5043
Train: data epoch: [35]  [36/37]  eta: 0:00:00  lr: 0.000021  loss: 0.0861  time: 0.3184  data: 0.0000  max mem: 5043
Train: data epoch: [35] Total time: 0:00:12 (0.3317 s / it)
2026-08-21 02:21:35,612 [INFO] Qual: EPOCH[35] -> PLCC: 0.905368, SROCC: 0.841508, KROCC: 0.659092, LOSS: 0.177365
2026-08-21 02:21:35,612 [INFO] Align: EPOCH[35] -> PLCC: 0.834716, SROCC: 0.684127, KROCC: 0.505202, LOSS: 0.295219
2026-08-21 02:21:35,627 [INFO] Saving checkpoint at epoch 35 to run/20260821020_R0_lora/checkpoint_latest.pth.
2026-08-21 02:21:35,656 [INFO] Start training
2026-08-21 02:21:35,950 [INFO] Start training epoch 36, 37 iters per inner epoch.
2026-08-21 02:21:47,345 [INFO] Averaged stats: lr: 0.000019  loss: 0.107094
2026-08-21 02:21:47,416 [INFO] Evaluating on val.
Train: data epoch: [36]  [ 0/37]  eta: 0:00:30  lr: 0.000019  loss: 0.0831  time: 0.8261  data: 0.0001  max mem: 5043
Train: data epoch: [36]  [20/37]  eta: 0:00:05  lr: 0.000019  loss: 0.0981  time: 0.2840  data: 0.0000  max mem: 5043
Train: data epoch: [36]  [36/37]  eta: 0:00:00  lr: 0.000019  loss: 0.1158  time: 0.2830  data: 0.0000  max mem: 5043
Train: data epoch: [36] Total time: 0:00:11 (0.3080 s / it)
2026-08-21 02:21:52,227 [INFO] Qual: EPOCH[36] -> PLCC: 0.905493, SROCC: 0.841553, KROCC: 0.659383, LOSS: 0.178068
2026-08-21 02:21:52,228 [INFO] Align: EPOCH[36] -> PLCC: 0.834589, SROCC: 0.684180, KROCC: 0.505280, LOSS: 0.295236
2026-08-21 02:21:52,228 [INFO] Start training
2026-08-21 02:21:52,488 [INFO] Start training epoch 37, 37 iters per inner epoch.
2026-08-21 02:22:03,860 [INFO] Averaged stats: lr: 0.000017  loss: 0.103357
2026-08-21 02:22:03,933 [INFO] Evaluating on val.
Train: data epoch: [37]  [ 0/37]  eta: 0:00:30  lr: 0.000017  loss: 0.0981  time: 0.8221  data: 0.0001  max mem: 5043
Train: data epoch: [37]  [20/37]  eta: 0:00:05  lr: 0.000017  loss: 0.0957  time: 0.3081  data: 0.0000  max mem: 5043
Train: data epoch: [37]  [36/37]  eta: 0:00:00  lr: 0.000017  loss: 0.0998  time: 0.2909  data: 0.0000  max mem: 5043
Train: data epoch: [37] Total time: 0:00:11 (0.3073 s / it)
2026-08-21 02:22:08,519 [INFO] Qual: EPOCH[37] -> PLCC: 0.905149, SROCC: 0.841482, KROCC: 0.659316, LOSS: 0.178844
2026-08-21 02:22:08,519 [INFO] Align: EPOCH[37] -> PLCC: 0.834294, SROCC: 0.683683, KROCC: 0.505191, LOSS: 0.296653
2026-08-21 02:22:08,520 [INFO] Start training
2026-08-21 02:22:08,816 [INFO] Start training epoch 38, 37 iters per inner epoch.
2026-08-21 02:22:20,320 [INFO] Averaged stats: lr: 0.000014  loss: 0.105449
2026-08-21 02:22:20,414 [INFO] Evaluating on val.
Train: data epoch: [38]  [ 0/37]  eta: 0:00:31  lr: 0.000014  loss: 0.1123  time: 0.8640  data: 0.0001  max mem: 5043
Train: data epoch: [38]  [20/37]  eta: 0:00:05  lr: 0.000014  loss: 0.0963  time: 0.3044  data: 0.0000  max mem: 5043
Train: data epoch: [38]  [36/37]  eta: 0:00:00  lr: 0.000014  loss: 0.1150  time: 0.2982  data: 0.0000  max mem: 5043
Train: data epoch: [38] Total time: 0:00:11 (0.3109 s / it)
2026-08-21 02:22:25,155 [INFO] Qual: EPOCH[38] -> PLCC: 0.904956, SROCC: 0.841280, KROCC: 0.659294, LOSS: 0.179189
2026-08-21 02:22:25,155 [INFO] Align: EPOCH[38] -> PLCC: 0.833964, SROCC: 0.683438, KROCC: 0.504962, LOSS: 0.297893
2026-08-21 02:22:25,156 [INFO] Start training
2026-08-21 02:22:25,410 [INFO] Start training epoch 39, 37 iters per inner epoch.
2026-08-21 02:22:37,242 [INFO] Averaged stats: lr: 0.000012  loss: 0.104218
2026-08-21 02:22:37,346 [INFO] Evaluating on val.
Train: data epoch: [39]  [ 0/37]  eta: 0:00:33  lr: 0.000012  loss: 0.1186  time: 0.9109  data: 0.0001  max mem: 5043
Train: data epoch: [39]  [20/37]  eta: 0:00:05  lr: 0.000012  loss: 0.1086  time: 0.3042  data: 0.0000  max mem: 5043
Train: data epoch: [39]  [36/37]  eta: 0:00:00  lr: 0.000012  loss: 0.0989  time: 0.2762  data: 0.0000  max mem: 5043
Train: data epoch: [39] Total time: 0:00:11 (0.3198 s / it)
2026-08-21 02:22:42,332 [INFO] Qual: EPOCH[39] -> PLCC: 0.905010, SROCC: 0.841049, KROCC: 0.658890, LOSS: 0.179393
2026-08-21 02:22:42,332 [INFO] Align: EPOCH[39] -> PLCC: 0.833990, SROCC: 0.683637, KROCC: 0.505023, LOSS: 0.296944
2026-08-21 02:22:42,333 [INFO] Start training
2026-08-21 02:22:42,598 [INFO] Start training epoch 40, 37 iters per inner epoch.
2026-08-21 02:22:55,151 [INFO] Averaged stats: lr: 0.000010  loss: 0.103215
2026-08-21 02:22:55,225 [INFO] Evaluating on val.
Train: data epoch: [40]  [ 0/37]  eta: 0:00:33  lr: 0.000010  loss: 0.1130  time: 0.9004  data: 0.0001  max mem: 5043
Train: data epoch: [40]  [20/37]  eta: 0:00:06  lr: 0.000010  loss: 0.0905  time: 0.3416  data: 0.0000  max mem: 5043
Train: data epoch: [40]  [36/37]  eta: 0:00:00  lr: 0.000010  loss: 0.1216  time: 0.3096  data: 0.0000  max mem: 5043
Train: data epoch: [40] Total time: 0:00:12 (0.3393 s / it)
2026-08-21 02:22:59,890 [INFO] Qual: EPOCH[40] -> PLCC: 0.904741, SROCC: 0.840840, KROCC: 0.658621, LOSS: 0.181814
2026-08-21 02:22:59,890 [INFO] Align: EPOCH[40] -> PLCC: 0.833697, SROCC: 0.683430, KROCC: 0.504630, LOSS: 0.297627
2026-08-21 02:22:59,905 [INFO] Saving checkpoint at epoch 40 to run/20260821020_R0_lora/checkpoint_latest.pth.
2026-08-21 02:22:59,938 [INFO] Start training
2026-08-21 02:23:00,243 [INFO] Start training epoch 41, 37 iters per inner epoch.
2026-08-21 02:23:12,833 [INFO] Averaged stats: lr: 0.000009  loss: 0.101891
2026-08-21 02:23:12,907 [INFO] Evaluating on val.
Train: data epoch: [41]  [ 0/37]  eta: 0:00:40  lr: 0.000009  loss: 0.0926  time: 1.0862  data: 0.0001  max mem: 5043
Train: data epoch: [41]  [20/37]  eta: 0:00:06  lr: 0.000009  loss: 0.1217  time: 0.3419  data: 0.0000  max mem: 5043
Train: data epoch: [41]  [36/37]  eta: 0:00:00  lr: 0.000009  loss: 0.1077  time: 0.3019  data: 0.0000  max mem: 5043
Train: data epoch: [41] Total time: 0:00:12 (0.3402 s / it)
2026-08-21 02:23:16,850 [INFO] Qual: EPOCH[41] -> PLCC: 0.905187, SROCC: 0.840888, KROCC: 0.658778, LOSS: 0.178095
2026-08-21 02:23:16,851 [INFO] Align: EPOCH[41] -> PLCC: 0.833969, SROCC: 0.683799, KROCC: 0.505179, LOSS: 0.296107
2026-08-21 02:23:16,851 [INFO] Start training
2026-08-21 02:23:17,123 [INFO] Start training epoch 42, 37 iters per inner epoch.
2026-08-21 02:23:29,544 [INFO] Averaged stats: lr: 0.000007  loss: 0.103286
2026-08-21 02:23:29,624 [INFO] Evaluating on val.
Train: data epoch: [42]  [ 0/37]  eta: 0:00:38  lr: 0.000007  loss: 0.0888  time: 1.0372  data: 0.0001  max mem: 5043
Train: data epoch: [42]  [20/37]  eta: 0:00:06  lr: 0.000007  loss: 0.1243  time: 0.3421  data: 0.0000  max mem: 5043
Train: data epoch: [42]  [36/37]  eta: 0:00:00  lr: 0.000007  loss: 0.1058  time: 0.2950  data: 0.0000  max mem: 5043
Train: data epoch: [42] Total time: 0:00:12 (0.3357 s / it)
2026-08-21 02:23:33,403 [INFO] Qual: EPOCH[42] -> PLCC: 0.904935, SROCC: 0.841162, KROCC: 0.659047, LOSS: 0.179709
2026-08-21 02:23:33,403 [INFO] Align: EPOCH[42] -> PLCC: 0.833798, SROCC: 0.683849, KROCC: 0.505123, LOSS: 0.297154
2026-08-21 02:23:33,404 [INFO] Start training
2026-08-21 02:23:33,708 [INFO] Start training epoch 43, 37 iters per inner epoch.
2026-08-21 02:23:46,336 [INFO] Averaged stats: lr: 0.000006  loss: 0.102119
2026-08-21 02:23:46,407 [INFO] Evaluating on val.
Train: data epoch: [43]  [ 0/37]  eta: 0:00:40  lr: 0.000006  loss: 0.0828  time: 1.1044  data: 0.0001  max mem: 5043
Train: data epoch: [43]  [20/37]  eta: 0:00:06  lr: 0.000006  loss: 0.0960  time: 0.3469  data: 0.0000  max mem: 5043
Train: data epoch: [43]  [36/37]  eta: 0:00:00  lr: 0.000006  loss: 0.1004  time: 0.2976  data: 0.0000  max mem: 5043
Train: data epoch: [43] Total time: 0:00:12 (0.3413 s / it)
2026-08-21 02:23:50,525 [INFO] Qual: EPOCH[43] -> PLCC: 0.904645, SROCC: 0.841086, KROCC: 0.659170, LOSS: 0.180700
2026-08-21 02:23:50,525 [INFO] Align: EPOCH[43] -> PLCC: 0.833514, SROCC: 0.683348, KROCC: 0.504709, LOSS: 0.298049
2026-08-21 02:23:50,526 [INFO] Start training
2026-08-21 02:23:50,898 [INFO] Start training epoch 44, 37 iters per inner epoch.
2026-08-21 02:24:04,013 [INFO] Averaged stats: lr: 0.000004  loss: 0.102256
2026-08-21 02:24:04,099 [INFO] Evaluating on val.
Train: data epoch: [44]  [ 0/37]  eta: 0:00:37  lr: 0.000004  loss: 0.1418  time: 1.0103  data: 0.0002  max mem: 5043
Train: data epoch: [44]  [20/37]  eta: 0:00:06  lr: 0.000004  loss: 0.1512  time: 0.3481  data: 0.0000  max mem: 5043
Train: data epoch: [44]  [36/37]  eta: 0:00:00  lr: 0.000004  loss: 0.0966  time: 0.3253  data: 0.0000  max mem: 5043
Train: data epoch: [44] Total time: 0:00:13 (0.3544 s / it)
2026-08-21 02:24:09,000 [INFO] Qual: EPOCH[44] -> PLCC: 0.904881, SROCC: 0.841071, KROCC: 0.659036, LOSS: 0.179417
2026-08-21 02:24:09,000 [INFO] Align: EPOCH[44] -> PLCC: 0.833759, SROCC: 0.683658, KROCC: 0.505067, LOSS: 0.297177
2026-08-21 02:24:09,001 [INFO] Start training
2026-08-21 02:24:09,323 [INFO] Start training epoch 45, 37 iters per inner epoch.
2026-08-21 02:24:23,435 [INFO] Averaged stats: lr: 0.000003  loss: 0.101940
2026-08-21 02:24:23,508 [INFO] Evaluating on val.
Train: data epoch: [45]  [ 0/37]  eta: 0:01:05  lr: 0.000003  loss: 0.1014  time: 1.7720  data: 0.0001  max mem: 5043
Train: data epoch: [45]  [20/37]  eta: 0:00:06  lr: 0.000003  loss: 0.1090  time: 0.3415  data: 0.0000  max mem: 5043
Train: data epoch: [45]  [36/37]  eta: 0:00:00  lr: 0.000003  loss: 0.0945  time: 0.3432  data: 0.0000  max mem: 5043
Train: data epoch: [45] Total time: 0:00:14 (0.3814 s / it)
2026-08-21 02:24:28,040 [INFO] Qual: EPOCH[45] -> PLCC: 0.904993, SROCC: 0.840848, KROCC: 0.658856, LOSS: 0.179011
2026-08-21 02:24:28,040 [INFO] Align: EPOCH[45] -> PLCC: 0.833892, SROCC: 0.683605, KROCC: 0.504877, LOSS: 0.296725
2026-08-21 02:24:28,053 [INFO] Saving checkpoint at epoch 45 to run/20260821020_R0_lora/checkpoint_latest.pth.
2026-08-21 02:24:28,081 [INFO] Start training
2026-08-21 02:24:28,349 [INFO] Start training epoch 46, 37 iters per inner epoch.
2026-08-21 02:24:41,069 [INFO] Averaged stats: lr: 0.000003  loss: 0.099913
2026-08-21 02:24:41,144 [INFO] Evaluating on val.
Train: data epoch: [46]  [ 0/37]  eta: 0:00:39  lr: 0.000003  loss: 0.0901  time: 1.0551  data: 0.0001  max mem: 5043
Train: data epoch: [46]  [20/37]  eta: 0:00:05  lr: 0.000003  loss: 0.1046  time: 0.3143  data: 0.0000  max mem: 5043
Train: data epoch: [46]  [36/37]  eta: 0:00:00  lr: 0.000003  loss: 0.0880  time: 0.3379  data: 0.0000  max mem: 5043
Train: data epoch: [46] Total time: 0:00:12 (0.3438 s / it)
2026-08-21 02:24:45,160 [INFO] Qual: EPOCH[46] -> PLCC: 0.904837, SROCC: 0.840847, KROCC: 0.658778, LOSS: 0.180325
2026-08-21 02:24:45,160 [INFO] Align: EPOCH[46] -> PLCC: 0.833762, SROCC: 0.683753, KROCC: 0.505000, LOSS: 0.297259
2026-08-21 02:24:45,160 [INFO] Start training
2026-08-21 02:24:45,425 [INFO] Start training epoch 47, 37 iters per inner epoch.
2026-08-21 02:24:57,581 [INFO] Averaged stats: lr: 0.000002  loss: 0.101705
2026-08-21 02:24:57,658 [INFO] Evaluating on val.
Train: data epoch: [47]  [ 0/37]  eta: 0:00:35  lr: 0.000002  loss: 0.0960  time: 0.9481  data: 0.0001  max mem: 5043
Train: data epoch: [47]  [20/37]  eta: 0:00:05  lr: 0.000002  loss: 0.1074  time: 0.2868  data: 0.0000  max mem: 5043
Train: data epoch: [47]  [36/37]  eta: 0:00:00  lr: 0.000002  loss: 0.1067  time: 0.3416  data: 0.0000  max mem: 5043
Train: data epoch: [47] Total time: 0:00:12 (0.3285 s / it)
2026-08-21 02:25:01,912 [INFO] Qual: EPOCH[47] -> PLCC: 0.904902, SROCC: 0.840870, KROCC: 0.658812, LOSS: 0.179881
2026-08-21 02:25:01,912 [INFO] Align: EPOCH[47] -> PLCC: 0.833782, SROCC: 0.683653, KROCC: 0.504933, LOSS: 0.297100
2026-08-21 02:25:01,913 [INFO] Start training
2026-08-21 02:25:02,203 [INFO] Start training epoch 48, 37 iters per inner epoch.
2026-08-21 02:25:14,393 [INFO] Averaged stats: lr: 0.000001  loss: 0.102918
2026-08-21 02:25:14,488 [INFO] Evaluating on val.
Train: data epoch: [48]  [ 0/37]  eta: 0:00:32  lr: 0.000001  loss: 0.0824  time: 0.8658  data: 0.0001  max mem: 5043
Train: data epoch: [48]  [20/37]  eta: 0:00:05  lr: 0.000001  loss: 0.1053  time: 0.2929  data: 0.0000  max mem: 5043
Train: data epoch: [48]  [36/37]  eta: 0:00:00  lr: 0.000001  loss: 0.1054  time: 0.3422  data: 0.0000  max mem: 5043
Train: data epoch: [48] Total time: 0:00:12 (0.3294 s / it)
2026-08-21 02:25:19,200 [INFO] Qual: EPOCH[48] -> PLCC: 0.904899, SROCC: 0.840848, KROCC: 0.658800, LOSS: 0.179624
2026-08-21 02:25:19,200 [INFO] Align: EPOCH[48] -> PLCC: 0.833768, SROCC: 0.683691, KROCC: 0.504978, LOSS: 0.297247
2026-08-21 02:25:19,201 [INFO] Start training
2026-08-21 02:25:19,465 [INFO] Start training epoch 49, 37 iters per inner epoch.
2026-08-21 02:25:31,625 [INFO] Averaged stats: lr: 0.000001  loss: 0.102285
2026-08-21 02:25:31,700 [INFO] Evaluating on val.
Train: data epoch: [49]  [ 0/37]  eta: 0:00:35  lr: 0.000001  loss: 0.0888  time: 0.9513  data: 0.0001  max mem: 5043
Train: data epoch: [49]  [20/37]  eta: 0:00:05  lr: 0.000001  loss: 0.1433  time: 0.2853  data: 0.0000  max mem: 5043
Train: data epoch: [49]  [36/37]  eta: 0:00:00  lr: 0.000001  loss: 0.0976  time: 0.3186  data: 0.0000  max mem: 5043
Train: data epoch: [49] Total time: 0:00:12 (0.3286 s / it)
2026-08-21 02:25:36,362 [INFO] Qual: EPOCH[49] -> PLCC: 0.904859, SROCC: 0.840883, KROCC: 0.658767, LOSS: 0.179986
2026-08-21 02:25:36,362 [INFO] Align: EPOCH[49] -> PLCC: 0.833722, SROCC: 0.683674, KROCC: 0.505011, LOSS: 0.297354
2026-08-21 02:25:36,377 [INFO] Saving checkpoint at epoch 49 to run/20260821020_R0_lora/checkpoint_latest.pth.
[{'agg_metrics': np.float64(4.447539982648346), 'qual_agg': np.float64(2.4056102039490983), 'qual_PLCC': np.float64(0.9073158061377066), 'qual_SROCC': np.float64(0.8409622427563931), 'qual_KROCC': np.float64(0.6573321550549988), 'align_agg': np.float64(2.0419297786992474), 'align_PLCC': np.float64(0.8389745774917865), 'align_SROCC': np.float64(0.6908942061280137), 'align_KROCC': np.float64(0.5120609950794472)}]
{'agg_metrics': np.float64(4.447539982648346), 'qual_agg': np.float64(2.4056102039490983), 'qual_PLCC': np.float64(0.9073158061377066), 'qual_SROCC': np.float64(0.8409622427563931), 'qual_KROCC': np.float64(0.6573321550549988), 'align_agg': np.float64(2.0419297786992474), 'align_PLCC': np.float64(0.8389745774917865), 'align_SROCC': np.float64(0.6908942061280137), 'align_KROCC': np.float64(0.5120609950794472)}
