2026-08-21 18:40:18,536 [INFO] Loaded init weights from init_ckpt/v14_init_seed42.pth
2026-08-21 18:40:18,536 [INFO] Start training
2026-08-21 18:40:18,556 [INFO] number of trainable parameters: 3213831
Not using distributed mode
['msqr_dgmpq_hcmi_v8', 'msqr_dgmpq_mscm_v10', 'msqr_dgmpq_mscm_v11', 'msqr_dgmpq_mscm_v12', 'msqr_dgmpq_msrc_v14', 'msqr_dgmpq_tcap_v9']
2026-08-21 18:40:19,632 [INFO] Start training epoch 0, 37 iters per inner epoch.
2026-08-21 18:40:41,868 [INFO] Averaged stats: lr: 0.000036  loss: 7.097891
2026-08-21 18:40:41,933 [INFO] Evaluating on val.
Train: data epoch: [0]  [ 0/37]  eta: 0:02:45  lr: 0.000000  loss: 8.0896  time: 4.4670  data: 0.0001  max mem: 5058
Train: data epoch: [0]  [20/37]  eta: 0:00:11  lr: 0.000040  loss: 6.3371  time: 0.4879  data: 0.0000  max mem: 5069
Train: data epoch: [0]  [36/37]  eta: 0:00:00  lr: 0.000072  loss: 5.9849  time: 0.4976  data: 0.0000  max mem: 5069
Train: data epoch: [0] Total time: 0:00:22 (0.6010 s / it)
2026-08-21 18:40:47,889 [INFO] Qual: EPOCH[0] -> PLCC: -0.133851, SROCC: -0.110503, KROCC: -0.073748, LOSS: 5.739884
2026-08-21 18:40:47,889 [INFO] Align: EPOCH[0] -> PLCC: -0.073760, SROCC: -0.058054, KROCC: -0.039004, LOSS: 6.099501
2026-08-21 18:40:47,907 [INFO] Saving checkpoint at epoch 0 to run/20260821184_R0_V14_s4/checkpoint_best.pth.
2026-08-21 18:40:47,976 [INFO] Saving checkpoint at epoch 0 to run/20260821184_R0_V14_s4/checkpoint_best_joint.pth.
2026-08-21 18:40:48,027 [INFO] Start training
2026-08-21 18:40:48,307 [INFO] Start training epoch 1, 37 iters per inner epoch.
2026-08-21 18:41:05,274 [INFO] Averaged stats: lr: 0.000100  loss: 2.929130
2026-08-21 18:41:05,343 [INFO] Evaluating on val.
Train: data epoch: [1]  [ 0/37]  eta: 0:00:41  lr: 0.000100  loss: 6.2688  time: 1.1147  data: 0.0001  max mem: 5069
Train: data epoch: [1]  [20/37]  eta: 0:00:07  lr: 0.000100  loss: 2.1497  time: 0.3877  data: 0.0000  max mem: 5069
Train: data epoch: [1]  [36/37]  eta: 0:00:00  lr: 0.000100  loss: 1.0713  time: 0.5065  data: 0.0000  max mem: 5069
Train: data epoch: [1] Total time: 0:00:16 (0.4586 s / it)
2026-08-21 18:41:11,186 [INFO] Qual: EPOCH[1] -> PLCC: 0.373633, SROCC: 0.373428, KROCC: 0.255556, LOSS: 1.007219
2026-08-21 18:41:11,187 [INFO] Align: EPOCH[1] -> PLCC: 0.336247, SROCC: 0.344351, KROCC: 0.238068, LOSS: 0.900292
2026-08-21 18:41:11,201 [INFO] Saving checkpoint at epoch 1 to run/20260821184_R0_V14_s4/checkpoint_best.pth.
2026-08-21 18:41:11,284 [INFO] Saving checkpoint at epoch 1 to run/20260821184_R0_V14_s4/checkpoint_best_joint.pth.
2026-08-21 18:41:11,358 [INFO] Start training
2026-08-21 18:41:11,737 [INFO] Start training epoch 2, 37 iters per inner epoch.
2026-08-21 18:41:29,163 [INFO] Averaged stats: lr: 0.000100  loss: 0.722022
2026-08-21 18:41:29,234 [INFO] Evaluating on val.
Train: data epoch: [2]  [ 0/37]  eta: 0:00:49  lr: 0.000100  loss: 1.1205  time: 1.3343  data: 0.0001  max mem: 5069
Train: data epoch: [2]  [20/37]  eta: 0:00:07  lr: 0.000100  loss: 0.7505  time: 0.4028  data: 0.0000  max mem: 5069
Train: data epoch: [2]  [36/37]  eta: 0:00:00  lr: 0.000100  loss: 0.5620  time: 0.5007  data: 0.0000  max mem: 5069
Train: data epoch: [2] Total time: 0:00:17 (0.4710 s / it)
2026-08-21 18:41:35,345 [INFO] Qual: EPOCH[2] -> PLCC: 0.759202, SROCC: 0.712022, KROCC: 0.522507, LOSS: 0.471693
2026-08-21 18:41:35,346 [INFO] Align: EPOCH[2] -> PLCC: 0.677440, SROCC: 0.606785, KROCC: 0.435066, LOSS: 0.534571
2026-08-21 18:41:35,363 [INFO] Saving checkpoint at epoch 2 to run/20260821184_R0_V14_s4/checkpoint_best.pth.
2026-08-21 18:41:35,438 [INFO] Saving checkpoint at epoch 2 to run/20260821184_R0_V14_s4/checkpoint_best_joint.pth.
2026-08-21 18:41:35,494 [INFO] Start training
2026-08-21 18:41:35,779 [INFO] Start training epoch 3, 37 iters per inner epoch.
2026-08-21 18:41:52,287 [INFO] Averaged stats: lr: 0.000099  loss: 0.386775
2026-08-21 18:41:52,353 [INFO] Evaluating on val.
Train: data epoch: [3]  [ 0/37]  eta: 0:00:48  lr: 0.000099  loss: 0.6573  time: 1.2982  data: 0.0001  max mem: 5069
Train: data epoch: [3]  [20/37]  eta: 0:00:07  lr: 0.000099  loss: 0.2714  time: 0.4022  data: 0.0000  max mem: 5069
Train: data epoch: [3]  [36/37]  eta: 0:00:00  lr: 0.000099  loss: 0.2778  time: 0.4028  data: 0.0000  max mem: 5069
Train: data epoch: [3] Total time: 0:00:16 (0.4461 s / it)
2026-08-21 18:41:58,643 [INFO] Qual: EPOCH[3] -> PLCC: 0.849790, SROCC: 0.790020, KROCC: 0.598534, LOSS: 0.270098
2026-08-21 18:41:58,644 [INFO] Align: EPOCH[3] -> PLCC: 0.775716, SROCC: 0.669184, KROCC: 0.486763, LOSS: 0.373430
2026-08-21 18:41:58,658 [INFO] Saving checkpoint at epoch 3 to run/20260821184_R0_V14_s4/checkpoint_best.pth.
2026-08-21 18:41:58,719 [INFO] Saving checkpoint at epoch 3 to run/20260821184_R0_V14_s4/checkpoint_best_joint.pth.
2026-08-21 18:41:58,768 [INFO] Start training
2026-08-21 18:41:59,028 [INFO] Start training epoch 4, 37 iters per inner epoch.
2026-08-21 18:42:16,561 [INFO] Averaged stats: lr: 0.000098  loss: 0.269073
2026-08-21 18:42:16,642 [INFO] Evaluating on val.
Train: data epoch: [4]  [ 0/37]  eta: 0:00:38  lr: 0.000098  loss: 0.2758  time: 1.0277  data: 0.0001  max mem: 5069
Train: data epoch: [4]  [20/37]  eta: 0:00:08  lr: 0.000098  loss: 0.1804  time: 0.4775  data: 0.0000  max mem: 5069
Train: data epoch: [4]  [36/37]  eta: 0:00:00  lr: 0.000098  loss: 0.2718  time: 0.4546  data: 0.0000  max mem: 5069
Train: data epoch: [4] Total time: 0:00:17 (0.4738 s / it)
2026-08-21 18:42:23,076 [INFO] Qual: EPOCH[4] -> PLCC: 0.878643, SROCC: 0.826643, KROCC: 0.638094, LOSS: 0.225048
2026-08-21 18:42:23,076 [INFO] Align: EPOCH[4] -> PLCC: 0.814770, SROCC: 0.697859, KROCC: 0.513198, LOSS: 0.328014
2026-08-21 18:42:23,094 [INFO] Saving checkpoint at epoch 4 to run/20260821184_R0_V14_s4/checkpoint_best.pth.
2026-08-21 18:42:23,169 [INFO] Saving checkpoint at epoch 4 to run/20260821184_R0_V14_s4/checkpoint_best_joint.pth.
2026-08-21 18:42:23,225 [INFO] Start training
2026-08-21 18:42:23,533 [INFO] Start training epoch 5, 37 iters per inner epoch.
2026-08-21 18:42:41,126 [INFO] Averaged stats: lr: 0.000098  loss: 0.238758
2026-08-21 18:42:41,190 [INFO] Evaluating on val.
Train: data epoch: [5]  [ 0/37]  eta: 0:00:42  lr: 0.000098  loss: 0.2260  time: 1.1400  data: 0.0001  max mem: 5069
Train: data epoch: [5]  [20/37]  eta: 0:00:08  lr: 0.000098  loss: 0.2255  time: 0.4650  data: 0.0000  max mem: 5069
Train: data epoch: [5]  [36/37]  eta: 0:00:00  lr: 0.000098  loss: 0.2117  time: 0.4461  data: 0.0000  max mem: 5069
Train: data epoch: [5] Total time: 0:00:17 (0.4755 s / it)
2026-08-21 18:42:47,745 [INFO] Qual: EPOCH[5] -> PLCC: 0.888760, SROCC: 0.841776, KROCC: 0.654736, LOSS: 0.204479
2026-08-21 18:42:47,745 [INFO] Align: EPOCH[5] -> PLCC: 0.825181, SROCC: 0.706566, KROCC: 0.521299, LOSS: 0.302343
2026-08-21 18:42:47,763 [INFO] Saving checkpoint at epoch 5 to run/20260821184_R0_V14_s4/checkpoint_best.pth.
2026-08-21 18:42:47,840 [INFO] Saving checkpoint at epoch 5 to run/20260821184_R0_V14_s4/checkpoint_best_joint.pth.
2026-08-21 18:42:47,896 [INFO] Start training
2026-08-21 18:42:48,185 [INFO] Start training epoch 6, 37 iters per inner epoch.
2026-08-21 18:43:05,838 [INFO] Averaged stats: lr: 0.000097  loss: 0.222231
2026-08-21 18:43:05,969 [INFO] Evaluating on val.
Train: data epoch: [6]  [ 0/37]  eta: 0:00:41  lr: 0.000097  loss: 0.2327  time: 1.1252  data: 0.0001  max mem: 5069
Train: data epoch: [6]  [20/37]  eta: 0:00:08  lr: 0.000097  loss: 0.2158  time: 0.4707  data: 0.0000  max mem: 5069
Train: data epoch: [6]  [36/37]  eta: 0:00:00  lr: 0.000097  loss: 0.2254  time: 0.4343  data: 0.0000  max mem: 5069
Train: data epoch: [6] Total time: 0:00:17 (0.4771 s / it)
2026-08-21 18:43:12,801 [INFO] Qual: EPOCH[6] -> PLCC: 0.894257, SROCC: 0.849595, KROCC: 0.663635, LOSS: 0.195772
2026-08-21 18:43:12,801 [INFO] Align: EPOCH[6] -> PLCC: 0.834607, SROCC: 0.714725, KROCC: 0.529377, LOSS: 0.290053
2026-08-21 18:43:12,815 [INFO] Saving checkpoint at epoch 6 to run/20260821184_R0_V14_s4/checkpoint_best.pth.
2026-08-21 18:43:12,876 [INFO] Saving checkpoint at epoch 6 to run/20260821184_R0_V14_s4/checkpoint_best_joint.pth.
2026-08-21 18:43:12,924 [INFO] Start training
2026-08-21 18:43:13,182 [INFO] Start training epoch 7, 37 iters per inner epoch.
2026-08-21 18:43:31,549 [INFO] Averaged stats: lr: 0.000095  loss: 0.211043
2026-08-21 18:43:31,649 [INFO] Evaluating on val.
Train: data epoch: [7]  [ 0/37]  eta: 0:00:50  lr: 0.000095  loss: 0.1806  time: 1.3547  data: 0.0001  max mem: 5069
Train: data epoch: [7]  [20/37]  eta: 0:00:08  lr: 0.000095  loss: 0.1622  time: 0.4807  data: 0.0000  max mem: 5069
Train: data epoch: [7]  [36/37]  eta: 0:00:00  lr: 0.000095  loss: 0.1986  time: 0.4485  data: 0.0000  max mem: 5069
Train: data epoch: [7] Total time: 0:00:18 (0.4964 s / it)
2026-08-21 18:43:38,802 [INFO] Qual: EPOCH[7] -> PLCC: 0.898097, SROCC: 0.854872, KROCC: 0.669664, LOSS: 0.187373
2026-08-21 18:43:38,802 [INFO] Align: EPOCH[7] -> PLCC: 0.839913, SROCC: 0.720106, KROCC: 0.534488, LOSS: 0.277508
2026-08-21 18:43:38,816 [INFO] Saving checkpoint at epoch 7 to run/20260821184_R0_V14_s4/checkpoint_best.pth.
2026-08-21 18:43:38,877 [INFO] Saving checkpoint at epoch 7 to run/20260821184_R0_V14_s4/checkpoint_best_joint.pth.
2026-08-21 18:43:38,925 [INFO] Start training
2026-08-21 18:43:39,191 [INFO] Start training epoch 8, 37 iters per inner epoch.
2026-08-21 18:43:57,319 [INFO] Averaged stats: lr: 0.000094  loss: 0.197868
2026-08-21 18:43:57,409 [INFO] Evaluating on val.
Train: data epoch: [8]  [ 0/37]  eta: 0:00:40  lr: 0.000094  loss: 0.1860  time: 1.0896  data: 0.0001  max mem: 5069
Train: data epoch: [8]  [20/37]  eta: 0:00:08  lr: 0.000094  loss: 0.1950  time: 0.4935  data: 0.0000  max mem: 5069
Train: data epoch: [8]  [36/37]  eta: 0:00:00  lr: 0.000094  loss: 0.1726  time: 0.4627  data: 0.0000  max mem: 5069
Train: data epoch: [8] Total time: 0:00:18 (0.4899 s / it)
2026-08-21 18:44:03,373 [INFO] Qual: EPOCH[8] -> PLCC: 0.900870, SROCC: 0.859007, KROCC: 0.674674, LOSS: 0.182912
2026-08-21 18:44:03,374 [INFO] Align: EPOCH[8] -> PLCC: 0.843772, SROCC: 0.723849, KROCC: 0.538064, LOSS: 0.270241
2026-08-21 18:44:03,393 [INFO] Saving checkpoint at epoch 8 to run/20260821184_R0_V14_s4/checkpoint_best.pth.
2026-08-21 18:44:03,467 [INFO] Saving checkpoint at epoch 8 to run/20260821184_R0_V14_s4/checkpoint_best_joint.pth.
2026-08-21 18:44:03,524 [INFO] Start training
2026-08-21 18:44:03,815 [INFO] Start training epoch 9, 37 iters per inner epoch.
2026-08-21 18:44:22,186 [INFO] Averaged stats: lr: 0.000092  loss: 0.192269
2026-08-21 18:44:22,260 [INFO] Evaluating on val.
Train: data epoch: [9]  [ 0/37]  eta: 0:00:41  lr: 0.000092  loss: 0.1797  time: 1.1325  data: 0.0001  max mem: 5069
Train: data epoch: [9]  [20/37]  eta: 0:00:08  lr: 0.000092  loss: 0.1285  time: 0.4870  data: 0.0000  max mem: 5069
Train: data epoch: [9]  [36/37]  eta: 0:00:00  lr: 0.000092  loss: 0.1875  time: 0.4563  data: 0.0000  max mem: 5069
Train: data epoch: [9] Total time: 0:00:18 (0.4965 s / it)
2026-08-21 18:44:28,171 [INFO] Qual: EPOCH[9] -> PLCC: 0.902861, SROCC: 0.861935, KROCC: 0.678138, LOSS: 0.179495
2026-08-21 18:44:28,172 [INFO] Align: EPOCH[9] -> PLCC: 0.847104, SROCC: 0.726093, KROCC: 0.540344, LOSS: 0.262452
2026-08-21 18:44:28,189 [INFO] Saving checkpoint at epoch 9 to run/20260821184_R0_V14_s4/checkpoint_best.pth.
2026-08-21 18:44:28,263 [INFO] Saving checkpoint at epoch 9 to run/20260821184_R0_V14_s4/checkpoint_best_joint.pth.
2026-08-21 18:44:28,320 [INFO] Start training
2026-08-21 18:44:28,626 [INFO] Start training epoch 10, 37 iters per inner epoch.
2026-08-21 18:44:46,836 [INFO] Averaged stats: lr: 0.000091  loss: 0.182439
2026-08-21 18:44:46,963 [INFO] Evaluating on val.
Train: data epoch: [10]  [ 0/37]  eta: 0:00:39  lr: 0.000091  loss: 0.1997  time: 1.0788  data: 0.0001  max mem: 5069
Train: data epoch: [10]  [20/37]  eta: 0:00:09  lr: 0.000091  loss: 0.1783  time: 0.5025  data: 0.0000  max mem: 5069
Train: data epoch: [10]  [36/37]  eta: 0:00:00  lr: 0.000091  loss: 0.1392  time: 0.4488  data: 0.0000  max mem: 5069
Train: data epoch: [10] Total time: 0:00:18 (0.4921 s / it)
2026-08-21 18:44:53,002 [INFO] Qual: EPOCH[10] -> PLCC: 0.904637, SROCC: 0.864592, KROCC: 0.681455, LOSS: 0.176921
2026-08-21 18:44:53,002 [INFO] Align: EPOCH[10] -> PLCC: 0.848509, SROCC: 0.729023, KROCC: 0.542611, LOSS: 0.267975
2026-08-21 18:44:53,020 [INFO] Saving checkpoint at epoch 10 to run/20260821184_R0_V14_s4/checkpoint_best.pth.
2026-08-21 18:44:53,097 [INFO] Saving checkpoint at epoch 10 to run/20260821184_R0_V14_s4/checkpoint_best_joint.pth.
2026-08-21 18:44:53,154 [INFO] Start training
2026-08-21 18:44:53,440 [INFO] Start training epoch 11, 37 iters per inner epoch.
2026-08-21 18:45:12,192 [INFO] Averaged stats: lr: 0.000089  loss: 0.175582
2026-08-21 18:45:12,260 [INFO] Evaluating on val.
Train: data epoch: [11]  [ 0/37]  eta: 0:00:43  lr: 0.000089  loss: 0.1348  time: 1.1678  data: 0.0001  max mem: 5069
Train: data epoch: [11]  [20/37]  eta: 0:00:09  lr: 0.000089  loss: 0.1074  time: 0.5096  data: 0.0000  max mem: 5069
Train: data epoch: [11]  [36/37]  eta: 0:00:00  lr: 0.000089  loss: 0.1756  time: 0.4714  data: 0.0000  max mem: 5069
Train: data epoch: [11] Total time: 0:00:18 (0.5068 s / it)
2026-08-21 18:45:17,990 [INFO] Qual: EPOCH[11] -> PLCC: 0.906181, SROCC: 0.866471, KROCC: 0.684039, LOSS: 0.175846
2026-08-21 18:45:17,990 [INFO] Align: EPOCH[11] -> PLCC: 0.850054, SROCC: 0.729746, KROCC: 0.542871, LOSS: 0.267124
2026-08-21 18:45:18,004 [INFO] Saving checkpoint at epoch 11 to run/20260821184_R0_V14_s4/checkpoint_best.pth.
2026-08-21 18:45:18,065 [INFO] Saving checkpoint at epoch 11 to run/20260821184_R0_V14_s4/checkpoint_best_joint.pth.
2026-08-21 18:45:18,113 [INFO] Start training
2026-08-21 18:45:18,380 [INFO] Start training epoch 12, 37 iters per inner epoch.
2026-08-21 18:45:37,031 [INFO] Averaged stats: lr: 0.000087  loss: 0.169692
2026-08-21 18:45:37,136 [INFO] Evaluating on val.
Train: data epoch: [12]  [ 0/37]  eta: 0:00:44  lr: 0.000087  loss: 0.1779  time: 1.2118  data: 0.0002  max mem: 5069
Train: data epoch: [12]  [20/37]  eta: 0:00:09  lr: 0.000087  loss: 0.1523  time: 0.5014  data: 0.0000  max mem: 5069
Train: data epoch: [12]  [36/37]  eta: 0:00:00  lr: 0.000087  loss: 0.1202  time: 0.4693  data: 0.0000  max mem: 5069
Train: data epoch: [12] Total time: 0:00:18 (0.5041 s / it)
2026-08-21 18:45:43,052 [INFO] Qual: EPOCH[12] -> PLCC: 0.907014, SROCC: 0.867618, KROCC: 0.685619, LOSS: 0.173340
2026-08-21 18:45:43,052 [INFO] Align: EPOCH[12] -> PLCC: 0.849733, SROCC: 0.730256, KROCC: 0.543175, LOSS: 0.265432
2026-08-21 18:45:43,067 [INFO] Saving checkpoint at epoch 12 to run/20260821184_R0_V14_s4/checkpoint_best.pth.
2026-08-21 18:45:43,152 [INFO] Saving checkpoint at epoch 12 to run/20260821184_R0_V14_s4/checkpoint_best_joint.pth.
2026-08-21 18:45:43,203 [INFO] Start training
2026-08-21 18:45:43,578 [INFO] Start training epoch 13, 37 iters per inner epoch.
2026-08-21 18:46:03,612 [INFO] Averaged stats: lr: 0.000084  loss: 0.163245
2026-08-21 18:46:03,692 [INFO] Evaluating on val.
Train: data epoch: [13]  [ 0/37]  eta: 0:01:15  lr: 0.000084  loss: 0.1630  time: 2.0523  data: 0.0002  max mem: 5069
Train: data epoch: [13]  [20/37]  eta: 0:00:09  lr: 0.000084  loss: 0.1682  time: 0.5118  data: 0.0000  max mem: 5069
Train: data epoch: [13]  [36/37]  eta: 0:00:00  lr: 0.000084  loss: 0.2122  time: 0.4900  data: 0.0000  max mem: 5069
Train: data epoch: [13] Total time: 0:00:20 (0.5414 s / it)
2026-08-21 18:46:10,126 [INFO] Qual: EPOCH[13] -> PLCC: 0.907874, SROCC: 0.868812, KROCC: 0.687131, LOSS: 0.172725
2026-08-21 18:46:10,126 [INFO] Align: EPOCH[13] -> PLCC: 0.850881, SROCC: 0.731165, KROCC: 0.543582, LOSS: 0.260990
2026-08-21 18:46:10,146 [INFO] Saving checkpoint at epoch 13 to run/20260821184_R0_V14_s4/checkpoint_best.pth.
2026-08-21 18:46:10,256 [INFO] Saving checkpoint at epoch 13 to run/20260821184_R0_V14_s4/checkpoint_best_joint.pth.
2026-08-21 18:46:10,349 [INFO] Start training
2026-08-21 18:46:10,783 [INFO] Start training epoch 14, 37 iters per inner epoch.
2026-08-21 18:46:30,349 [INFO] Averaged stats: lr: 0.000082  loss: 0.158276
2026-08-21 18:46:30,427 [INFO] Evaluating on val.
Train: data epoch: [14]  [ 0/37]  eta: 0:01:13  lr: 0.000082  loss: 0.1649  time: 1.9879  data: 0.0001  max mem: 5069
Train: data epoch: [14]  [20/37]  eta: 0:00:09  lr: 0.000082  loss: 0.1830  time: 0.5088  data: 0.0000  max mem: 5069
Train: data epoch: [14]  [36/37]  eta: 0:00:00  lr: 0.000082  loss: 0.1821  time: 0.4717  data: 0.0000  max mem: 5069
Train: data epoch: [14] Total time: 0:00:19 (0.5288 s / it)
2026-08-21 18:46:36,060 [INFO] Qual: EPOCH[14] -> PLCC: 0.908461, SROCC: 0.869599, KROCC: 0.687977, LOSS: 0.169744
2026-08-21 18:46:36,060 [INFO] Align: EPOCH[14] -> PLCC: 0.851691, SROCC: 0.731600, KROCC: 0.544168, LOSS: 0.264144
2026-08-21 18:46:36,078 [INFO] Saving checkpoint at epoch 14 to run/20260821184_R0_V14_s4/checkpoint_best.pth.
2026-08-21 18:46:36,172 [INFO] Saving checkpoint at epoch 14 to run/20260821184_R0_V14_s4/checkpoint_best_joint.pth.
2026-08-21 18:46:36,232 [INFO] Start training
2026-08-21 18:46:36,524 [INFO] Start training epoch 15, 37 iters per inner epoch.
2026-08-21 18:46:55,434 [INFO] Averaged stats: lr: 0.000080  loss: 0.154686
2026-08-21 18:46:55,525 [INFO] Evaluating on val.
Train: data epoch: [15]  [ 0/37]  eta: 0:00:55  lr: 0.000080  loss: 0.2018  time: 1.5053  data: 0.0001  max mem: 5069
Train: data epoch: [15]  [20/37]  eta: 0:00:09  lr: 0.000080  loss: 0.1278  time: 0.4998  data: 0.0000  max mem: 5069
Train: data epoch: [15]  [36/37]  eta: 0:00:00  lr: 0.000080  loss: 0.1629  time: 0.4710  data: 0.0000  max mem: 5069
Train: data epoch: [15] Total time: 0:00:18 (0.5111 s / it)
2026-08-21 18:47:01,446 [INFO] Qual: EPOCH[15] -> PLCC: 0.910044, SROCC: 0.873115, KROCC: 0.691915, LOSS: 0.168933
2026-08-21 18:47:01,446 [INFO] Align: EPOCH[15] -> PLCC: 0.851426, SROCC: 0.732735, KROCC: 0.544620, LOSS: 0.267871
2026-08-21 18:47:01,465 [INFO] Saving checkpoint at epoch 15 to run/20260821184_R0_V14_s4/checkpoint_best.pth.
2026-08-21 18:47:01,538 [INFO] Saving checkpoint at epoch 15 to run/20260821184_R0_V14_s4/checkpoint_best_joint.pth.
2026-08-21 18:47:01,595 [INFO] Start training
2026-08-21 18:47:01,888 [INFO] Start training epoch 16, 37 iters per inner epoch.
2026-08-21 18:47:21,983 [INFO] Averaged stats: lr: 0.000077  loss: 0.149910
2026-08-21 18:47:22,069 [INFO] Evaluating on val.
Train: data epoch: [16]  [ 0/37]  eta: 0:01:12  lr: 0.000077  loss: 0.1838  time: 1.9708  data: 0.0002  max mem: 5069
Train: data epoch: [16]  [20/37]  eta: 0:00:09  lr: 0.000077  loss: 0.1496  time: 0.5118  data: 0.0000  max mem: 5069
Train: data epoch: [16]  [36/37]  eta: 0:00:00  lr: 0.000077  loss: 0.1333  time: 0.4968  data: 0.0000  max mem: 5069
Train: data epoch: [16] Total time: 0:00:20 (0.5431 s / it)
2026-08-21 18:47:28,197 [INFO] Qual: EPOCH[16] -> PLCC: 0.909939, SROCC: 0.872522, KROCC: 0.691215, LOSS: 0.168107
2026-08-21 18:47:28,197 [INFO] Align: EPOCH[16] -> PLCC: 0.851107, SROCC: 0.730286, KROCC: 0.542532, LOSS: 0.259113
2026-08-21 18:47:28,198 [INFO] Start training
2026-08-21 18:47:28,491 [INFO] Start training epoch 17, 37 iters per inner epoch.
2026-08-21 18:47:46,470 [INFO] Averaged stats: lr: 0.000074  loss: 0.146643
2026-08-21 18:47:46,546 [INFO] Evaluating on val.
Train: data epoch: [17]  [ 0/37]  eta: 0:00:36  lr: 0.000074  loss: 0.1360  time: 0.9898  data: 0.0001  max mem: 5069
Train: data epoch: [17]  [20/37]  eta: 0:00:08  lr: 0.000074  loss: 0.1437  time: 0.4611  data: 0.0000  max mem: 5069
Train: data epoch: [17]  [36/37]  eta: 0:00:00  lr: 0.000074  loss: 0.1626  time: 0.4876  data: 0.0000  max mem: 5069
Train: data epoch: [17] Total time: 0:00:17 (0.4859 s / it)
2026-08-21 18:47:51,628 [INFO] Qual: EPOCH[17] -> PLCC: 0.910488, SROCC: 0.873769, KROCC: 0.692295, LOSS: 0.169854
2026-08-21 18:47:51,628 [INFO] Align: EPOCH[17] -> PLCC: 0.850758, SROCC: 0.730158, KROCC: 0.541697, LOSS: 0.265875
2026-08-21 18:47:51,646 [INFO] Saving checkpoint at epoch 17 to run/20260821184_R0_V14_s4/checkpoint_best.pth.
2026-08-21 18:47:51,722 [INFO] Start training
2026-08-21 18:47:52,003 [INFO] Start training epoch 18, 37 iters per inner epoch.
2026-08-21 18:48:10,859 [INFO] Averaged stats: lr: 0.000072  loss: 0.142132
2026-08-21 18:48:10,936 [INFO] Evaluating on val.
Train: data epoch: [18]  [ 0/37]  eta: 0:00:56  lr: 0.000072  loss: 0.1183  time: 1.5314  data: 0.0001  max mem: 5069
Train: data epoch: [18]  [20/37]  eta: 0:00:09  lr: 0.000072  loss: 0.1389  time: 0.4810  data: 0.0000  max mem: 5069
Train: data epoch: [18]  [36/37]  eta: 0:00:00  lr: 0.000072  loss: 0.1216  time: 0.4858  data: 0.0000  max mem: 5069
Train: data epoch: [18] Total time: 0:00:18 (0.5096 s / it)
2026-08-21 18:48:17,029 [INFO] Qual: EPOCH[18] -> PLCC: 0.909989, SROCC: 0.873453, KROCC: 0.692152, LOSS: 0.170969
2026-08-21 18:48:17,029 [INFO] Align: EPOCH[18] -> PLCC: 0.850245, SROCC: 0.728144, KROCC: 0.539599, LOSS: 0.267463
2026-08-21 18:48:17,030 [INFO] Start training
2026-08-21 18:48:17,385 [INFO] Start training epoch 19, 37 iters per inner epoch.
2026-08-21 18:48:36,652 [INFO] Averaged stats: lr: 0.000069  loss: 0.138064
2026-08-21 18:48:36,744 [INFO] Evaluating on val.
Train: data epoch: [19]  [ 0/37]  eta: 0:00:57  lr: 0.000069  loss: 0.1453  time: 1.5467  data: 0.0001  max mem: 5069
Train: data epoch: [19]  [20/37]  eta: 0:00:09  lr: 0.000069  loss: 0.1180  time: 0.4966  data: 0.0000  max mem: 5069
Train: data epoch: [19]  [36/37]  eta: 0:00:00  lr: 0.000069  loss: 0.1210  time: 0.4901  data: 0.0000  max mem: 5069
Train: data epoch: [19] Total time: 0:00:19 (0.5207 s / it)
2026-08-21 18:48:42,868 [INFO] Qual: EPOCH[19] -> PLCC: 0.910400, SROCC: 0.873209, KROCC: 0.691802, LOSS: 0.168263
2026-08-21 18:48:42,869 [INFO] Align: EPOCH[19] -> PLCC: 0.850474, SROCC: 0.727583, KROCC: 0.539114, LOSS: 0.262157
2026-08-21 18:48:42,869 [INFO] Start training
2026-08-21 18:48:43,132 [INFO] Start training epoch 20, 37 iters per inner epoch.
2026-08-21 18:49:01,213 [INFO] Averaged stats: lr: 0.000066  loss: 0.135901
2026-08-21 18:49:01,286 [INFO] Evaluating on val.
Train: data epoch: [20]  [ 0/37]  eta: 0:00:38  lr: 0.000066  loss: 0.1261  time: 1.0492  data: 0.0001  max mem: 5069
Train: data epoch: [20]  [20/37]  eta: 0:00:08  lr: 0.000066  loss: 0.1035  time: 0.4669  data: 0.0000  max mem: 5069
Train: data epoch: [20]  [36/37]  eta: 0:00:00  lr: 0.000066  loss: 0.1156  time: 0.4709  data: 0.0000  max mem: 5069
Train: data epoch: [20] Total time: 0:00:18 (0.4887 s / it)
2026-08-21 18:49:07,365 [INFO] Qual: EPOCH[20] -> PLCC: 0.909951, SROCC: 0.872338, KROCC: 0.690843, LOSS: 0.168007
2026-08-21 18:49:07,365 [INFO] Align: EPOCH[20] -> PLCC: 0.849786, SROCC: 0.723958, KROCC: 0.535075, LOSS: 0.261447
2026-08-21 18:49:07,384 [INFO] Saving checkpoint at epoch 20 to run/20260821184_R0_V14_s4/checkpoint_latest.pth.
2026-08-21 18:49:07,468 [INFO] Start training
2026-08-21 18:49:07,803 [INFO] Start training epoch 21, 37 iters per inner epoch.
2026-08-21 18:49:26,299 [INFO] Averaged stats: lr: 0.000063  loss: 0.133164
2026-08-21 18:49:26,356 [INFO] Evaluating on val.
Train: data epoch: [21]  [ 0/37]  eta: 0:00:54  lr: 0.000063  loss: 0.1092  time: 1.4726  data: 0.0001  max mem: 5069
Train: data epoch: [21]  [20/37]  eta: 0:00:08  lr: 0.000063  loss: 0.1150  time: 0.4525  data: 0.0000  max mem: 5069
Train: data epoch: [21]  [36/37]  eta: 0:00:00  lr: 0.000063  loss: 0.1170  time: 0.4750  data: 0.0000  max mem: 5069
Train: data epoch: [21] Total time: 0:00:18 (0.4999 s / it)
2026-08-21 18:49:33,206 [INFO] Qual: EPOCH[21] -> PLCC: 0.909633, SROCC: 0.872502, KROCC: 0.690967, LOSS: 0.169526
2026-08-21 18:49:33,206 [INFO] Align: EPOCH[21] -> PLCC: 0.849071, SROCC: 0.722230, KROCC: 0.533247, LOSS: 0.269655
2026-08-21 18:49:33,207 [INFO] Start training
2026-08-21 18:49:33,468 [INFO] Start training epoch 22, 37 iters per inner epoch.
2026-08-21 18:49:52,266 [INFO] Averaged stats: lr: 0.000060  loss: 0.130457
2026-08-21 18:49:52,357 [INFO] Evaluating on val.
Train: data epoch: [22]  [ 0/37]  eta: 0:01:09  lr: 0.000060  loss: 0.1304  time: 1.8749  data: 0.0001  max mem: 5069
Train: data epoch: [22]  [20/37]  eta: 0:00:08  lr: 0.000060  loss: 0.1660  time: 0.4412  data: 0.0000  max mem: 5069
Train: data epoch: [22]  [36/37]  eta: 0:00:00  lr: 0.000060  loss: 0.1146  time: 0.4801  data: 0.0000  max mem: 5069
Train: data epoch: [22] Total time: 0:00:18 (0.5081 s / it)
2026-08-21 18:49:58,371 [INFO] Qual: EPOCH[22] -> PLCC: 0.910179, SROCC: 0.873515, KROCC: 0.692445, LOSS: 0.169915
2026-08-21 18:49:58,371 [INFO] Align: EPOCH[22] -> PLCC: 0.849053, SROCC: 0.723765, KROCC: 0.534860, LOSS: 0.273630
2026-08-21 18:49:58,372 [INFO] Start training
2026-08-21 18:49:58,641 [INFO] Start training epoch 23, 37 iters per inner epoch.
2026-08-21 18:50:16,815 [INFO] Averaged stats: lr: 0.000057  loss: 0.127592
2026-08-21 18:50:16,888 [INFO] Evaluating on val.
Train: data epoch: [23]  [ 0/37]  eta: 0:00:45  lr: 0.000057  loss: 0.0875  time: 1.2305  data: 0.0001  max mem: 5069
Train: data epoch: [23]  [20/37]  eta: 0:00:08  lr: 0.000057  loss: 0.1363  time: 0.4609  data: 0.0000  max mem: 5069
Train: data epoch: [23]  [36/37]  eta: 0:00:00  lr: 0.000057  loss: 0.1114  time: 0.4808  data: 0.0000  max mem: 5069
Train: data epoch: [23] Total time: 0:00:18 (0.4912 s / it)
2026-08-21 18:50:23,083 [INFO] Qual: EPOCH[23] -> PLCC: 0.909873, SROCC: 0.873328, KROCC: 0.691983, LOSS: 0.170289
2026-08-21 18:50:23,084 [INFO] Align: EPOCH[23] -> PLCC: 0.848538, SROCC: 0.722833, KROCC: 0.533822, LOSS: 0.264516
2026-08-21 18:50:23,085 [INFO] Start training
2026-08-21 18:50:23,396 [INFO] Start training epoch 24, 37 iters per inner epoch.
2026-08-21 18:50:41,305 [INFO] Averaged stats: lr: 0.000054  loss: 0.125761
2026-08-21 18:50:41,379 [INFO] Evaluating on val.
Train: data epoch: [24]  [ 0/37]  eta: 0:00:44  lr: 0.000054  loss: 0.1245  time: 1.1928  data: 0.0001  max mem: 5069
Train: data epoch: [24]  [20/37]  eta: 0:00:08  lr: 0.000054  loss: 0.1103  time: 0.4613  data: 0.0000  max mem: 5069
Train: data epoch: [24]  [36/37]  eta: 0:00:00  lr: 0.000054  loss: 0.1593  time: 0.4778  data: 0.0000  max mem: 5069
Train: data epoch: [24] Total time: 0:00:17 (0.4840 s / it)
2026-08-21 18:50:47,641 [INFO] Qual: EPOCH[24] -> PLCC: 0.909396, SROCC: 0.872078, KROCC: 0.690516, LOSS: 0.172748
2026-08-21 18:50:47,642 [INFO] Align: EPOCH[24] -> PLCC: 0.847660, SROCC: 0.719586, KROCC: 0.530415, LOSS: 0.271123
2026-08-21 18:50:47,642 [INFO] Start training
2026-08-21 18:50:47,929 [INFO] Start training epoch 25, 37 iters per inner epoch.
2026-08-21 18:51:06,246 [INFO] Averaged stats: lr: 0.000050  loss: 0.123484
2026-08-21 18:51:06,320 [INFO] Evaluating on val.
Train: data epoch: [25]  [ 0/37]  eta: 0:00:47  lr: 0.000051  loss: 0.0950  time: 1.2927  data: 0.0002  max mem: 5069
Train: data epoch: [25]  [20/37]  eta: 0:00:08  lr: 0.000051  loss: 0.1047  time: 0.4654  data: 0.0000  max mem: 5069
Train: data epoch: [25]  [36/37]  eta: 0:00:00  lr: 0.000051  loss: 0.1022  time: 0.4906  data: 0.0000  max mem: 5069
Train: data epoch: [25] Total time: 0:00:18 (0.4950 s / it)
2026-08-21 18:51:12,545 [INFO] Qual: EPOCH[25] -> PLCC: 0.909179, SROCC: 0.872738, KROCC: 0.691576, LOSS: 0.170881
2026-08-21 18:51:12,545 [INFO] Align: EPOCH[25] -> PLCC: 0.847297, SROCC: 0.719110, KROCC: 0.529919, LOSS: 0.266530
2026-08-21 18:51:12,559 [INFO] Saving checkpoint at epoch 25 to run/20260821184_R0_V14_s4/checkpoint_latest.pth.
2026-08-21 18:51:12,612 [INFO] Start training
2026-08-21 18:51:12,878 [INFO] Start training epoch 26, 37 iters per inner epoch.
2026-08-21 18:51:30,745 [INFO] Averaged stats: lr: 0.000047  loss: 0.121004
2026-08-21 18:51:30,824 [INFO] Evaluating on val.
Train: data epoch: [26]  [ 0/37]  eta: 0:00:42  lr: 0.000047  loss: 0.1280  time: 1.1564  data: 0.0001  max mem: 5069
Train: data epoch: [26]  [20/37]  eta: 0:00:08  lr: 0.000047  loss: 0.1323  time: 0.4539  data: 0.0000  max mem: 5069
Train: data epoch: [26]  [36/37]  eta: 0:00:00  lr: 0.000047  loss: 0.1414  time: 0.4711  data: 0.0000  max mem: 5069
Train: data epoch: [26] Total time: 0:00:17 (0.4829 s / it)
2026-08-21 18:51:37,102 [INFO] Qual: EPOCH[26] -> PLCC: 0.909502, SROCC: 0.873640, KROCC: 0.692660, LOSS: 0.172269
2026-08-21 18:51:37,102 [INFO] Align: EPOCH[26] -> PLCC: 0.846882, SROCC: 0.718192, KROCC: 0.529275, LOSS: 0.271942
2026-08-21 18:51:37,103 [INFO] Start training
2026-08-21 18:51:37,391 [INFO] Start training epoch 27, 37 iters per inner epoch.
2026-08-21 18:51:55,236 [INFO] Averaged stats: lr: 0.000044  loss: 0.119017
2026-08-21 18:51:55,304 [INFO] Evaluating on val.
Train: data epoch: [27]  [ 0/37]  eta: 0:00:38  lr: 0.000044  loss: 0.1314  time: 1.0343  data: 0.0001  max mem: 5069
Train: data epoch: [27]  [20/37]  eta: 0:00:08  lr: 0.000044  loss: 0.1103  time: 0.4550  data: 0.0000  max mem: 5069
Train: data epoch: [27]  [36/37]  eta: 0:00:00  lr: 0.000044  loss: 0.1213  time: 0.4625  data: 0.0000  max mem: 5069
Train: data epoch: [27] Total time: 0:00:17 (0.4823 s / it)
2026-08-21 18:52:01,789 [INFO] Qual: EPOCH[27] -> PLCC: 0.909311, SROCC: 0.873759, KROCC: 0.692547, LOSS: 0.171672
2026-08-21 18:52:01,790 [INFO] Align: EPOCH[27] -> PLCC: 0.846335, SROCC: 0.717037, KROCC: 0.528339, LOSS: 0.269236
2026-08-21 18:52:01,791 [INFO] Start training
2026-08-21 18:52:02,083 [INFO] Start training epoch 28, 37 iters per inner epoch.
2026-08-21 18:52:20,344 [INFO] Averaged stats: lr: 0.000041  loss: 0.118104
2026-08-21 18:52:20,453 [INFO] Evaluating on val.
Train: data epoch: [28]  [ 0/37]  eta: 0:00:47  lr: 0.000041  loss: 0.1620  time: 1.2704  data: 0.0001  max mem: 5069
Train: data epoch: [28]  [20/37]  eta: 0:00:08  lr: 0.000041  loss: 0.1112  time: 0.4741  data: 0.0000  max mem: 5069
Train: data epoch: [28]  [36/37]  eta: 0:00:00  lr: 0.000041  loss: 0.1686  time: 0.4539  data: 0.0000  max mem: 5069
Train: data epoch: [28] Total time: 0:00:18 (0.4935 s / it)
2026-08-21 18:52:27,389 [INFO] Qual: EPOCH[28] -> PLCC: 0.908262, SROCC: 0.871389, KROCC: 0.690211, LOSS: 0.174050
2026-08-21 18:52:27,389 [INFO] Align: EPOCH[28] -> PLCC: 0.846926, SROCC: 0.716710, KROCC: 0.527730, LOSS: 0.269071
2026-08-21 18:52:27,390 [INFO] Start training
2026-08-21 18:52:27,648 [INFO] Start training epoch 29, 37 iters per inner epoch.
2026-08-21 18:52:46,017 [INFO] Averaged stats: lr: 0.000038  loss: 0.117074
2026-08-21 18:52:46,095 [INFO] Evaluating on val.
Train: data epoch: [29]  [ 0/37]  eta: 0:00:37  lr: 0.000038  loss: 0.0928  time: 1.0169  data: 0.0001  max mem: 5069
Train: data epoch: [29]  [20/37]  eta: 0:00:08  lr: 0.000038  loss: 0.1264  time: 0.4780  data: 0.0000  max mem: 5069
Train: data epoch: [29]  [36/37]  eta: 0:00:00  lr: 0.000038  loss: 0.1506  time: 0.4695  data: 0.0000  max mem: 5069
Train: data epoch: [29] Total time: 0:00:18 (0.4964 s / it)
2026-08-21 18:52:52,670 [INFO] Qual: EPOCH[29] -> PLCC: 0.908464, SROCC: 0.872238, KROCC: 0.690854, LOSS: 0.173876
2026-08-21 18:52:52,671 [INFO] Align: EPOCH[29] -> PLCC: 0.845831, SROCC: 0.714415, KROCC: 0.525789, LOSS: 0.272017
2026-08-21 18:52:52,672 [INFO] Start training
2026-08-21 18:52:52,966 [INFO] Start training epoch 30, 37 iters per inner epoch.
2026-08-21 18:53:11,347 [INFO] Averaged stats: lr: 0.000035  loss: 0.115134
2026-08-21 18:53:11,423 [INFO] Evaluating on val.
Train: data epoch: [30]  [ 0/37]  eta: 0:00:43  lr: 0.000035  loss: 0.0763  time: 1.1655  data: 0.0001  max mem: 5069
Train: data epoch: [30]  [20/37]  eta: 0:00:08  lr: 0.000035  loss: 0.1042  time: 0.4750  data: 0.0000  max mem: 5069
Train: data epoch: [30]  [36/37]  eta: 0:00:00  lr: 0.000035  loss: 0.1214  time: 0.4634  data: 0.0000  max mem: 5069
Train: data epoch: [30] Total time: 0:00:18 (0.4968 s / it)
2026-08-21 18:53:17,225 [INFO] Qual: EPOCH[30] -> PLCC: 0.908680, SROCC: 0.872773, KROCC: 0.691667, LOSS: 0.173978
2026-08-21 18:53:17,225 [INFO] Align: EPOCH[30] -> PLCC: 0.845111, SROCC: 0.713660, KROCC: 0.524898, LOSS: 0.276290
2026-08-21 18:53:17,241 [INFO] Saving checkpoint at epoch 30 to run/20260821184_R0_V14_s4/checkpoint_latest.pth.
2026-08-21 18:53:17,293 [INFO] Start training
2026-08-21 18:53:17,573 [INFO] Start training epoch 31, 37 iters per inner epoch.
2026-08-21 18:53:36,155 [INFO] Averaged stats: lr: 0.000032  loss: 0.111834
2026-08-21 18:53:36,234 [INFO] Evaluating on val.
Train: data epoch: [31]  [ 0/37]  eta: 0:00:54  lr: 0.000032  loss: 0.1053  time: 1.4636  data: 0.0001  max mem: 5069
Train: data epoch: [31]  [20/37]  eta: 0:00:09  lr: 0.000032  loss: 0.0815  time: 0.4840  data: 0.0000  max mem: 5069
Train: data epoch: [31]  [36/37]  eta: 0:00:00  lr: 0.000032  loss: 0.1094  time: 0.4640  data: 0.0000  max mem: 5069
Train: data epoch: [31] Total time: 0:00:18 (0.5022 s / it)
2026-08-21 18:53:42,289 [INFO] Qual: EPOCH[31] -> PLCC: 0.908217, SROCC: 0.872127, KROCC: 0.690708, LOSS: 0.174605
2026-08-21 18:53:42,289 [INFO] Align: EPOCH[31] -> PLCC: 0.844949, SROCC: 0.712634, KROCC: 0.523713, LOSS: 0.276167
2026-08-21 18:53:42,290 [INFO] Start training
2026-08-21 18:53:42,573 [INFO] Start training epoch 32, 37 iters per inner epoch.
2026-08-21 18:54:00,902 [INFO] Averaged stats: lr: 0.000029  loss: 0.111745
2026-08-21 18:54:00,975 [INFO] Evaluating on val.
Train: data epoch: [32]  [ 0/37]  eta: 0:00:47  lr: 0.000029  loss: 0.1130  time: 1.2824  data: 0.0001  max mem: 5069
Train: data epoch: [32]  [20/37]  eta: 0:00:09  lr: 0.000029  loss: 0.1034  time: 0.4966  data: 0.0000  max mem: 5069
Train: data epoch: [32]  [36/37]  eta: 0:00:00  lr: 0.000029  loss: 0.1805  time: 0.4617  data: 0.0000  max mem: 5069
Train: data epoch: [32] Total time: 0:00:18 (0.4954 s / it)
2026-08-21 18:54:06,851 [INFO] Qual: EPOCH[32] -> PLCC: 0.908113, SROCC: 0.872181, KROCC: 0.690674, LOSS: 0.174774
2026-08-21 18:54:06,852 [INFO] Align: EPOCH[32] -> PLCC: 0.844383, SROCC: 0.711226, KROCC: 0.522732, LOSS: 0.274272
2026-08-21 18:54:06,853 [INFO] Start training
2026-08-21 18:54:07,129 [INFO] Start training epoch 33, 37 iters per inner epoch.
2026-08-21 18:54:25,474 [INFO] Averaged stats: lr: 0.000027  loss: 0.110452
2026-08-21 18:54:25,551 [INFO] Evaluating on val.
Train: data epoch: [33]  [ 0/37]  eta: 0:00:39  lr: 0.000027  loss: 0.0872  time: 1.0665  data: 0.0002  max mem: 5069
Train: data epoch: [33]  [20/37]  eta: 0:00:08  lr: 0.000027  loss: 0.1161  time: 0.4852  data: 0.0000  max mem: 5069
Train: data epoch: [33]  [36/37]  eta: 0:00:00  lr: 0.000027  loss: 0.1215  time: 0.4804  data: 0.0000  max mem: 5069
Train: data epoch: [33] Total time: 0:00:18 (0.4958 s / it)
2026-08-21 18:54:32,482 [INFO] Qual: EPOCH[33] -> PLCC: 0.908102, SROCC: 0.871855, KROCC: 0.690448, LOSS: 0.174590
2026-08-21 18:54:32,483 [INFO] Align: EPOCH[33] -> PLCC: 0.844344, SROCC: 0.710557, KROCC: 0.521851, LOSS: 0.275440
2026-08-21 18:54:32,483 [INFO] Start training
2026-08-21 18:54:32,773 [INFO] Start training epoch 34, 37 iters per inner epoch.
2026-08-21 18:54:52,557 [INFO] Averaged stats: lr: 0.000024  loss: 0.109446
2026-08-21 18:54:52,636 [INFO] Evaluating on val.
Train: data epoch: [34]  [ 0/37]  eta: 0:01:23  lr: 0.000024  loss: 0.1093  time: 2.2529  data: 0.0001  max mem: 5069
Train: data epoch: [34]  [20/37]  eta: 0:00:09  lr: 0.000024  loss: 0.0928  time: 0.4760  data: 0.0000  max mem: 5069
Train: data epoch: [34]  [36/37]  eta: 0:00:00  lr: 0.000024  loss: 0.1010  time: 0.4834  data: 0.0000  max mem: 5069
Train: data epoch: [34] Total time: 0:00:19 (0.5347 s / it)
2026-08-21 18:54:58,955 [INFO] Qual: EPOCH[34] -> PLCC: 0.907719, SROCC: 0.871548, KROCC: 0.689839, LOSS: 0.174855
2026-08-21 18:54:58,955 [INFO] Align: EPOCH[34] -> PLCC: 0.844087, SROCC: 0.709965, KROCC: 0.521389, LOSS: 0.274504
2026-08-21 18:54:58,956 [INFO] Start training
2026-08-21 18:54:59,243 [INFO] Start training epoch 35, 37 iters per inner epoch.
2026-08-21 18:55:17,229 [INFO] Averaged stats: lr: 0.000021  loss: 0.109017
2026-08-21 18:55:17,300 [INFO] Evaluating on val.
Train: data epoch: [35]  [ 0/37]  eta: 0:00:36  lr: 0.000021  loss: 0.0930  time: 0.9976  data: 0.0001  max mem: 5069
Train: data epoch: [35]  [20/37]  eta: 0:00:08  lr: 0.000021  loss: 0.1005  time: 0.4574  data: 0.0000  max mem: 5069
Train: data epoch: [35]  [36/37]  eta: 0:00:00  lr: 0.000021  loss: 0.0799  time: 0.4862  data: 0.0000  max mem: 5069
Train: data epoch: [35] Total time: 0:00:17 (0.4861 s / it)
2026-08-21 18:55:23,321 [INFO] Qual: EPOCH[35] -> PLCC: 0.907656, SROCC: 0.872007, KROCC: 0.690561, LOSS: 0.175748
2026-08-21 18:55:23,322 [INFO] Align: EPOCH[35] -> PLCC: 0.843370, SROCC: 0.708393, KROCC: 0.520069, LOSS: 0.274708
2026-08-21 18:55:23,342 [INFO] Saving checkpoint at epoch 35 to run/20260821184_R0_V14_s4/checkpoint_latest.pth.
2026-08-21 18:55:23,402 [INFO] Start training
2026-08-21 18:55:23,697 [INFO] Start training epoch 36, 37 iters per inner epoch.
2026-08-21 18:55:41,889 [INFO] Averaged stats: lr: 0.000019  loss: 0.109049
2026-08-21 18:55:41,956 [INFO] Evaluating on val.
Train: data epoch: [36]  [ 0/37]  eta: 0:00:38  lr: 0.000019  loss: 0.1091  time: 1.0487  data: 0.0001  max mem: 5069
Train: data epoch: [36]  [20/37]  eta: 0:00:08  lr: 0.000019  loss: 0.1227  time: 0.4729  data: 0.0000  max mem: 5069
Train: data epoch: [36]  [36/37]  eta: 0:00:00  lr: 0.000019  loss: 0.1154  time: 0.4888  data: 0.0000  max mem: 5069
Train: data epoch: [36] Total time: 0:00:18 (0.4917 s / it)
2026-08-21 18:55:47,966 [INFO] Qual: EPOCH[36] -> PLCC: 0.907118, SROCC: 0.870399, KROCC: 0.688699, LOSS: 0.175884
2026-08-21 18:55:47,966 [INFO] Align: EPOCH[36] -> PLCC: 0.843276, SROCC: 0.707898, KROCC: 0.519471, LOSS: 0.277370
2026-08-21 18:55:47,967 [INFO] Start training
2026-08-21 18:55:48,257 [INFO] Start training epoch 37, 37 iters per inner epoch.
2026-08-21 18:56:06,157 [INFO] Averaged stats: lr: 0.000017  loss: 0.107761
2026-08-21 18:56:06,249 [INFO] Evaluating on val.
Train: data epoch: [37]  [ 0/37]  eta: 0:00:37  lr: 0.000017  loss: 0.1473  time: 1.0190  data: 0.0001  max mem: 5069
Train: data epoch: [37]  [20/37]  eta: 0:00:08  lr: 0.000017  loss: 0.0802  time: 0.4635  data: 0.0000  max mem: 5069
Train: data epoch: [37]  [36/37]  eta: 0:00:00  lr: 0.000017  loss: 0.1198  time: 0.4827  data: 0.0000  max mem: 5069
Train: data epoch: [37] Total time: 0:00:17 (0.4837 s / it)
2026-08-21 18:56:12,557 [INFO] Qual: EPOCH[37] -> PLCC: 0.907424, SROCC: 0.871646, KROCC: 0.690132, LOSS: 0.175933
2026-08-21 18:56:12,557 [INFO] Align: EPOCH[37] -> PLCC: 0.842956, SROCC: 0.707607, KROCC: 0.519324, LOSS: 0.276496
2026-08-21 18:56:12,558 [INFO] Start training
2026-08-21 18:56:12,843 [INFO] Start training epoch 38, 37 iters per inner epoch.
2026-08-21 18:56:29,984 [INFO] Averaged stats: lr: 0.000014  loss: 0.107323
2026-08-21 18:56:30,060 [INFO] Evaluating on val.
Train: data epoch: [38]  [ 0/37]  eta: 0:00:51  lr: 0.000014  loss: 0.0977  time: 1.3940  data: 0.0001  max mem: 5069
Train: data epoch: [38]  [20/37]  eta: 0:00:07  lr: 0.000014  loss: 0.1261  time: 0.3966  data: 0.0000  max mem: 5069
Train: data epoch: [38]  [36/37]  eta: 0:00:00  lr: 0.000014  loss: 0.1108  time: 0.4429  data: 0.0000  max mem: 5069
Train: data epoch: [38] Total time: 0:00:17 (0.4633 s / it)
2026-08-21 18:56:36,388 [INFO] Qual: EPOCH[38] -> PLCC: 0.907216, SROCC: 0.870683, KROCC: 0.688914, LOSS: 0.175711
2026-08-21 18:56:36,388 [INFO] Align: EPOCH[38] -> PLCC: 0.842844, SROCC: 0.706515, KROCC: 0.518365, LOSS: 0.274403
2026-08-21 18:56:36,389 [INFO] Start training
2026-08-21 18:56:36,656 [INFO] Start training epoch 39, 37 iters per inner epoch.
2026-08-21 18:56:54,277 [INFO] Averaged stats: lr: 0.000012  loss: 0.107218
2026-08-21 18:56:54,438 [INFO] Evaluating on val.
Train: data epoch: [39]  [ 0/37]  eta: 0:00:41  lr: 0.000012  loss: 0.0979  time: 1.1249  data: 0.0001  max mem: 5069
Train: data epoch: [39]  [20/37]  eta: 0:00:08  lr: 0.000012  loss: 0.1456  time: 0.4838  data: 0.0000  max mem: 5069
Train: data epoch: [39]  [36/37]  eta: 0:00:00  lr: 0.000012  loss: 0.1041  time: 0.4427  data: 0.0000  max mem: 5069
Train: data epoch: [39] Total time: 0:00:17 (0.4762 s / it)
2026-08-21 18:57:01,481 [INFO] Qual: EPOCH[39] -> PLCC: 0.907243, SROCC: 0.870961, KROCC: 0.689072, LOSS: 0.175833
2026-08-21 18:57:01,481 [INFO] Align: EPOCH[39] -> PLCC: 0.842752, SROCC: 0.706819, KROCC: 0.518523, LOSS: 0.279197
2026-08-21 18:57:01,482 [INFO] Start training
2026-08-21 18:57:01,743 [INFO] Start training epoch 40, 37 iters per inner epoch.
2026-08-21 18:57:18,981 [INFO] Averaged stats: lr: 0.000010  loss: 0.106058
2026-08-21 18:57:19,053 [INFO] Evaluating on val.
Train: data epoch: [40]  [ 0/37]  eta: 0:00:43  lr: 0.000010  loss: 0.1191  time: 1.1638  data: 0.0001  max mem: 5069
Train: data epoch: [40]  [20/37]  eta: 0:00:08  lr: 0.000010  loss: 0.1397  time: 0.4888  data: 0.0000  max mem: 5069
Train: data epoch: [40]  [36/37]  eta: 0:00:00  lr: 0.000010  loss: 0.1058  time: 0.4192  data: 0.0000  max mem: 5069
Train: data epoch: [40] Total time: 0:00:17 (0.4659 s / it)
2026-08-21 18:57:24,978 [INFO] Qual: EPOCH[40] -> PLCC: 0.907161, SROCC: 0.871016, KROCC: 0.689218, LOSS: 0.176434
2026-08-21 18:57:24,978 [INFO] Align: EPOCH[40] -> PLCC: 0.842408, SROCC: 0.706245, KROCC: 0.517982, LOSS: 0.279063
2026-08-21 18:57:24,996 [INFO] Saving checkpoint at epoch 40 to run/20260821184_R0_V14_s4/checkpoint_latest.pth.
2026-08-21 18:57:25,056 [INFO] Start training
2026-08-21 18:57:25,359 [INFO] Start training epoch 41, 37 iters per inner epoch.
2026-08-21 18:57:43,026 [INFO] Averaged stats: lr: 0.000009  loss: 0.106106
2026-08-21 18:57:43,102 [INFO] Evaluating on val.
Train: data epoch: [41]  [ 0/37]  eta: 0:00:48  lr: 0.000009  loss: 0.0820  time: 1.3012  data: 0.0001  max mem: 5069
Train: data epoch: [41]  [20/37]  eta: 0:00:08  lr: 0.000009  loss: 0.1281  time: 0.4848  data: 0.0000  max mem: 5069
Train: data epoch: [41]  [36/37]  eta: 0:00:00  lr: 0.000009  loss: 0.1240  time: 0.4349  data: 0.0000  max mem: 5069
Train: data epoch: [41] Total time: 0:00:17 (0.4775 s / it)
2026-08-21 18:57:49,198 [INFO] Qual: EPOCH[41] -> PLCC: 0.906856, SROCC: 0.870117, KROCC: 0.688225, LOSS: 0.176518
2026-08-21 18:57:49,198 [INFO] Align: EPOCH[41] -> PLCC: 0.842361, SROCC: 0.705466, KROCC: 0.517327, LOSS: 0.277432
2026-08-21 18:57:49,199 [INFO] Start training
2026-08-21 18:57:49,465 [INFO] Start training epoch 42, 37 iters per inner epoch.
2026-08-21 18:58:07,752 [INFO] Averaged stats: lr: 0.000007  loss: 0.105961
2026-08-21 18:58:07,871 [INFO] Evaluating on val.
Train: data epoch: [42]  [ 0/37]  eta: 0:00:42  lr: 0.000007  loss: 0.1006  time: 1.1578  data: 0.0001  max mem: 5069
Train: data epoch: [42]  [20/37]  eta: 0:00:08  lr: 0.000007  loss: 0.1050  time: 0.4931  data: 0.0000  max mem: 5069
Train: data epoch: [42]  [36/37]  eta: 0:00:00  lr: 0.000007  loss: 0.1009  time: 0.4496  data: 0.0000  max mem: 5069
Train: data epoch: [42] Total time: 0:00:18 (0.4943 s / it)
2026-08-21 18:58:15,506 [INFO] Qual: EPOCH[42] -> PLCC: 0.906919, SROCC: 0.870608, KROCC: 0.688699, LOSS: 0.176926
2026-08-21 18:58:15,506 [INFO] Align: EPOCH[42] -> PLCC: 0.842330, SROCC: 0.705789, KROCC: 0.517587, LOSS: 0.278179
2026-08-21 18:58:15,507 [INFO] Start training
2026-08-21 18:58:15,768 [INFO] Start training epoch 43, 37 iters per inner epoch.
2026-08-21 18:58:34,836 [INFO] Averaged stats: lr: 0.000006  loss: 0.105184
2026-08-21 18:58:34,902 [INFO] Evaluating on val.
Train: data epoch: [43]  [ 0/37]  eta: 0:01:12  lr: 0.000006  loss: 0.1190  time: 1.9606  data: 0.0001  max mem: 5069
Train: data epoch: [43]  [20/37]  eta: 0:00:09  lr: 0.000006  loss: 0.1327  time: 0.4768  data: 0.0000  max mem: 5069
Train: data epoch: [43]  [36/37]  eta: 0:00:00  lr: 0.000006  loss: 0.0970  time: 0.4832  data: 0.0000  max mem: 5069
Train: data epoch: [43] Total time: 0:00:19 (0.5153 s / it)
2026-08-21 18:58:41,176 [INFO] Qual: EPOCH[43] -> PLCC: 0.906945, SROCC: 0.870740, KROCC: 0.688970, LOSS: 0.176802
2026-08-21 18:58:41,176 [INFO] Align: EPOCH[43] -> PLCC: 0.842328, SROCC: 0.705599, KROCC: 0.517474, LOSS: 0.279153
2026-08-21 18:58:41,177 [INFO] Start training
2026-08-21 18:58:41,464 [INFO] Start training epoch 44, 37 iters per inner epoch.
2026-08-21 18:58:59,574 [INFO] Averaged stats: lr: 0.000004  loss: 0.105083
2026-08-21 18:58:59,648 [INFO] Evaluating on val.
Train: data epoch: [44]  [ 0/37]  eta: 0:00:41  lr: 0.000004  loss: 0.1148  time: 1.1177  data: 0.0001  max mem: 5069
Train: data epoch: [44]  [20/37]  eta: 0:00:08  lr: 0.000004  loss: 0.0843  time: 0.4591  data: 0.0000  max mem: 5069
Train: data epoch: [44]  [36/37]  eta: 0:00:00  lr: 0.000004  loss: 0.1018  time: 0.4639  data: 0.0000  max mem: 5069
Train: data epoch: [44] Total time: 0:00:18 (0.4895 s / it)
2026-08-21 18:59:05,806 [INFO] Qual: EPOCH[44] -> PLCC: 0.906849, SROCC: 0.870431, KROCC: 0.688609, LOSS: 0.176851
2026-08-21 18:59:05,806 [INFO] Align: EPOCH[44] -> PLCC: 0.842268, SROCC: 0.705354, KROCC: 0.517327, LOSS: 0.279680
2026-08-21 18:59:05,807 [INFO] Start training
2026-08-21 18:59:06,105 [INFO] Start training epoch 45, 37 iters per inner epoch.
2026-08-21 18:59:24,366 [INFO] Averaged stats: lr: 0.000003  loss: 0.104884
2026-08-21 18:59:24,474 [INFO] Evaluating on val.
Train: data epoch: [45]  [ 0/37]  eta: 0:00:49  lr: 0.000003  loss: 0.1008  time: 1.3446  data: 0.0001  max mem: 5069
Train: data epoch: [45]  [20/37]  eta: 0:00:08  lr: 0.000003  loss: 0.1273  time: 0.4746  data: 0.0000  max mem: 5069
Train: data epoch: [45]  [36/37]  eta: 0:00:00  lr: 0.000003  loss: 0.0953  time: 0.4680  data: 0.0000  max mem: 5069
Train: data epoch: [45] Total time: 0:00:18 (0.4935 s / it)
2026-08-21 18:59:31,009 [INFO] Qual: EPOCH[45] -> PLCC: 0.906854, SROCC: 0.870502, KROCC: 0.688654, LOSS: 0.177065
2026-08-21 18:59:31,009 [INFO] Align: EPOCH[45] -> PLCC: 0.842176, SROCC: 0.705399, KROCC: 0.517237, LOSS: 0.280362
2026-08-21 18:59:31,024 [INFO] Saving checkpoint at epoch 45 to run/20260821184_R0_V14_s4/checkpoint_latest.pth.
2026-08-21 18:59:31,071 [INFO] Start training
2026-08-21 18:59:31,355 [INFO] Start training epoch 46, 37 iters per inner epoch.
2026-08-21 18:59:49,935 [INFO] Averaged stats: lr: 0.000003  loss: 0.105269
2026-08-21 18:59:50,011 [INFO] Evaluating on val.
Train: data epoch: [46]  [ 0/37]  eta: 0:00:39  lr: 0.000003  loss: 0.0997  time: 1.0791  data: 0.0001  max mem: 5069
Train: data epoch: [46]  [20/37]  eta: 0:00:08  lr: 0.000003  loss: 0.1207  time: 0.4927  data: 0.0000  max mem: 5069
Train: data epoch: [46]  [36/37]  eta: 0:00:00  lr: 0.000003  loss: 0.1033  time: 0.4840  data: 0.0000  max mem: 5069
Train: data epoch: [46] Total time: 0:00:18 (0.5021 s / it)
2026-08-21 18:59:56,591 [INFO] Qual: EPOCH[46] -> PLCC: 0.906795, SROCC: 0.870480, KROCC: 0.688632, LOSS: 0.177152
2026-08-21 18:59:56,591 [INFO] Align: EPOCH[46] -> PLCC: 0.842152, SROCC: 0.705177, KROCC: 0.517203, LOSS: 0.279646
2026-08-21 18:59:56,592 [INFO] Start training
2026-08-21 18:59:56,881 [INFO] Start training epoch 47, 37 iters per inner epoch.
2026-08-21 19:00:15,124 [INFO] Averaged stats: lr: 0.000002  loss: 0.104507
2026-08-21 19:00:15,200 [INFO] Evaluating on val.
Train: data epoch: [47]  [ 0/37]  eta: 0:00:39  lr: 0.000002  loss: 0.1027  time: 1.0751  data: 0.0001  max mem: 5069
Train: data epoch: [47]  [20/37]  eta: 0:00:08  lr: 0.000002  loss: 0.1168  time: 0.4759  data: 0.0000  max mem: 5069
Train: data epoch: [47]  [36/37]  eta: 0:00:00  lr: 0.000002  loss: 0.1185  time: 0.4825  data: 0.0000  max mem: 5069
Train: data epoch: [47] Total time: 0:00:18 (0.4930 s / it)
2026-08-21 19:00:20,947 [INFO] Qual: EPOCH[47] -> PLCC: 0.906784, SROCC: 0.870470, KROCC: 0.688564, LOSS: 0.177263
2026-08-21 19:00:20,947 [INFO] Align: EPOCH[47] -> PLCC: 0.842069, SROCC: 0.705084, KROCC: 0.516989, LOSS: 0.279891
2026-08-21 19:00:20,948 [INFO] Start training
2026-08-21 19:00:21,242 [INFO] Start training epoch 48, 37 iters per inner epoch.
2026-08-21 19:00:40,276 [INFO] Averaged stats: lr: 0.000001  loss: 0.104823
2026-08-21 19:00:40,351 [INFO] Evaluating on val.
Train: data epoch: [48]  [ 0/37]  eta: 0:00:58  lr: 0.000001  loss: 0.1302  time: 1.5830  data: 0.0001  max mem: 5069
Train: data epoch: [48]  [20/37]  eta: 0:00:09  lr: 0.000001  loss: 0.1095  time: 0.4876  data: 0.0000  max mem: 5069
Train: data epoch: [48]  [36/37]  eta: 0:00:00  lr: 0.000001  loss: 0.1157  time: 0.4868  data: 0.0000  max mem: 5069
Train: data epoch: [48] Total time: 0:00:19 (0.5144 s / it)
2026-08-21 19:00:46,143 [INFO] Qual: EPOCH[48] -> PLCC: 0.906773, SROCC: 0.870506, KROCC: 0.688643, LOSS: 0.177251
2026-08-21 19:00:46,144 [INFO] Align: EPOCH[48] -> PLCC: 0.842050, SROCC: 0.705075, KROCC: 0.516955, LOSS: 0.279964
2026-08-21 19:00:46,144 [INFO] Start training
2026-08-21 19:00:46,439 [INFO] Start training epoch 49, 37 iters per inner epoch.
2026-08-21 19:01:04,243 [INFO] Averaged stats: lr: 0.000001  loss: 0.104034
2026-08-21 19:01:04,315 [INFO] Evaluating on val.
Train: data epoch: [49]  [ 0/37]  eta: 0:00:37  lr: 0.000001  loss: 0.0862  time: 1.0112  data: 0.0001  max mem: 5069
Train: data epoch: [49]  [20/37]  eta: 0:00:08  lr: 0.000001  loss: 0.1116  time: 0.4675  data: 0.0000  max mem: 5069
Train: data epoch: [49]  [36/37]  eta: 0:00:00  lr: 0.000001  loss: 0.1134  time: 0.4608  data: 0.0000  max mem: 5069
Train: data epoch: [49] Total time: 0:00:17 (0.4812 s / it)
2026-08-21 19:01:10,370 [INFO] Qual: EPOCH[49] -> PLCC: 0.906744, SROCC: 0.870432, KROCC: 0.688564, LOSS: 0.177259
2026-08-21 19:01:10,370 [INFO] Align: EPOCH[49] -> PLCC: 0.842042, SROCC: 0.705008, KROCC: 0.516910, LOSS: 0.279778
2026-08-21 19:01:10,384 [INFO] Saving checkpoint at epoch 49 to run/20260821184_R0_V14_s4/checkpoint_latest.pth.
[{'agg_metrics': np.float64(4.60385429219712), 'qual_agg': np.float64(2.4750736214664566), 'qual_PLCC': np.float64(0.9100437431705347), 'qual_SROCC': np.float64(0.8731148960879573), 'qual_KROCC': np.float64(0.6919149822079643), 'align_agg': np.float64(2.128780670730663), 'align_PLCC': np.float64(0.8514258087541291), 'align_SROCC': np.float64(0.7327352071616986), 'align_KROCC': np.float64(0.5446196548148351)}]
{'agg_metrics': np.float64(4.60385429219712), 'qual_agg': np.float64(2.4750736214664566), 'qual_PLCC': np.float64(0.9100437431705347), 'qual_SROCC': np.float64(0.8731148960879573), 'qual_KROCC': np.float64(0.6919149822079643), 'align_agg': np.float64(2.128780670730663), 'align_PLCC': np.float64(0.8514258087541291), 'align_SROCC': np.float64(0.7327352071616986), 'align_KROCC': np.float64(0.5446196548148351)}
