2026-08-21 15:09:03,035 [INFO] Start training
2026-08-21 15:09:03,430 [INFO] number of trainable parameters: 1083395
Not using distributed mode
['msqr_dgmpq_hcmi_v8', 'msqr_dgmpq_mscm_v10', 'msqr_dgmpq_mscm_v11', 'msqr_dgmpq_tcap_v9']
2026-08-21 15:09:03,935 [INFO] Start training epoch 0, 37 iters per inner epoch.
2026-08-21 15:09:31,038 [INFO] Averaged stats: lr: 0.000036  loss: 6.501413
2026-08-21 15:09:31,106 [INFO] Evaluating on val.
Train: data epoch: [0]  [ 0/37]  eta: 0:02:13  lr: 0.000000  loss: 6.8310  time: 3.6116  data: 0.0001  max mem: 9213
Train: data epoch: [0]  [20/37]  eta: 0:00:13  lr: 0.000040  loss: 6.8286  time: 0.6481  data: 0.0000  max mem: 9222
Train: data epoch: [0]  [36/37]  eta: 0:00:00  lr: 0.000072  loss: 5.8088  time: 0.6574  data: 0.0000  max mem: 9222
Train: data epoch: [0] Total time: 0:00:27 (0.7325 s / it)
2026-08-21 15:09:38,307 [INFO] Qual: EPOCH[0] -> PLCC: 0.079187, SROCC: 0.069356, KROCC: 0.046273, LOSS: 5.021507
2026-08-21 15:09:38,307 [INFO] Align: EPOCH[0] -> PLCC: 0.206109, SROCC: 0.193341, KROCC: 0.130979, LOSS: 5.028415
2026-08-21 15:09:38,322 [INFO] Saving checkpoint at epoch 0 to run/20260821150_R0_V11_s4/checkpoint_best.pth.
2026-08-21 15:09:38,381 [INFO] Saving checkpoint at epoch 0 to run/20260821150_R0_V11_s4/checkpoint_best_joint.pth.
2026-08-21 15:09:38,427 [INFO] Start training
2026-08-21 15:09:38,686 [INFO] Start training epoch 1, 37 iters per inner epoch.
2026-08-21 15:10:02,844 [INFO] Averaged stats: lr: 0.000100  loss: 1.972389
2026-08-21 15:10:02,927 [INFO] Evaluating on val.
Train: data epoch: [1]  [ 0/37]  eta: 0:00:38  lr: 0.000100  loss: 4.9430  time: 1.0485  data: 0.0001  max mem: 9222
Train: data epoch: [1]  [20/37]  eta: 0:00:11  lr: 0.000100  loss: 1.0362  time: 0.6287  data: 0.0000  max mem: 9222
Train: data epoch: [1]  [36/37]  eta: 0:00:00  lr: 0.000100  loss: 0.7277  time: 0.6581  data: 0.0000  max mem: 9222
Train: data epoch: [1] Total time: 0:00:24 (0.6529 s / it)
2026-08-21 15:10:10,090 [INFO] Qual: EPOCH[1] -> PLCC: 0.690607, SROCC: 0.637401, KROCC: 0.451738, LOSS: 0.597393
2026-08-21 15:10:10,090 [INFO] Align: EPOCH[1] -> PLCC: 0.674267, SROCC: 0.593493, KROCC: 0.418165, LOSS: 0.602864
2026-08-21 15:10:10,104 [INFO] Saving checkpoint at epoch 1 to run/20260821150_R0_V11_s4/checkpoint_best.pth.
2026-08-21 15:10:10,167 [INFO] Saving checkpoint at epoch 1 to run/20260821150_R0_V11_s4/checkpoint_best_joint.pth.
2026-08-21 15:10:10,217 [INFO] Start training
2026-08-21 15:10:10,490 [INFO] Start training epoch 2, 37 iters per inner epoch.
2026-08-21 15:10:34,293 [INFO] Averaged stats: lr: 0.000100  loss: 0.369517
2026-08-21 15:10:34,380 [INFO] Evaluating on val.
Train: data epoch: [2]  [ 0/37]  eta: 0:00:47  lr: 0.000100  loss: 0.6594  time: 1.2859  data: 0.0001  max mem: 9222
Train: data epoch: [2]  [20/37]  eta: 0:00:10  lr: 0.000100  loss: 0.3387  time: 0.5972  data: 0.0000  max mem: 9222
Train: data epoch: [2]  [36/37]  eta: 0:00:00  lr: 0.000100  loss: 0.3228  time: 0.6606  data: 0.0000  max mem: 9222
Train: data epoch: [2] Total time: 0:00:23 (0.6433 s / it)
2026-08-21 15:10:41,492 [INFO] Qual: EPOCH[2] -> PLCC: 0.875158, SROCC: 0.819651, KROCC: 0.628559, LOSS: 0.230945
2026-08-21 15:10:41,492 [INFO] Align: EPOCH[2] -> PLCC: 0.805086, SROCC: 0.645464, KROCC: 0.466759, LOSS: 0.341264
2026-08-21 15:10:41,503 [INFO] Saving checkpoint at epoch 2 to run/20260821150_R0_V11_s4/checkpoint_best.pth.
2026-08-21 15:10:41,558 [INFO] Saving checkpoint at epoch 2 to run/20260821150_R0_V11_s4/checkpoint_best_joint.pth.
2026-08-21 15:10:41,609 [INFO] Start training
2026-08-21 15:10:41,937 [INFO] Start training epoch 3, 37 iters per inner epoch.
2026-08-21 15:11:05,967 [INFO] Averaged stats: lr: 0.000099  loss: 0.229660
2026-08-21 15:11:06,042 [INFO] Evaluating on val.
Train: data epoch: [3]  [ 0/37]  eta: 0:00:46  lr: 0.000099  loss: 0.2325  time: 1.2594  data: 0.0001  max mem: 9222
Train: data epoch: [3]  [20/37]  eta: 0:00:10  lr: 0.000099  loss: 0.1645  time: 0.6088  data: 0.0000  max mem: 9222
Train: data epoch: [3]  [36/37]  eta: 0:00:00  lr: 0.000099  loss: 0.2210  time: 0.6624  data: 0.0000  max mem: 9222
Train: data epoch: [3] Total time: 0:00:24 (0.6494 s / it)
2026-08-21 15:11:13,113 [INFO] Qual: EPOCH[3] -> PLCC: 0.889416, SROCC: 0.843579, KROCC: 0.655334, LOSS: 0.204141
2026-08-21 15:11:13,114 [INFO] Align: EPOCH[3] -> PLCC: 0.806643, SROCC: 0.647927, KROCC: 0.468620, LOSS: 0.358979
2026-08-21 15:11:13,125 [INFO] Saving checkpoint at epoch 3 to run/20260821150_R0_V11_s4/checkpoint_best.pth.
2026-08-21 15:11:13,178 [INFO] Saving checkpoint at epoch 3 to run/20260821150_R0_V11_s4/checkpoint_best_joint.pth.
2026-08-21 15:11:13,217 [INFO] Start training
2026-08-21 15:11:13,461 [INFO] Start training epoch 4, 37 iters per inner epoch.
2026-08-21 15:11:37,746 [INFO] Averaged stats: lr: 0.000098  loss: 0.198582
2026-08-21 15:11:37,839 [INFO] Evaluating on val.
Train: data epoch: [4]  [ 0/37]  eta: 0:00:52  lr: 0.000098  loss: 0.2208  time: 1.4274  data: 0.0002  max mem: 9222
Train: data epoch: [4]  [20/37]  eta: 0:00:11  lr: 0.000098  loss: 0.1828  time: 0.6124  data: 0.0000  max mem: 9222
Train: data epoch: [4]  [36/37]  eta: 0:00:00  lr: 0.000098  loss: 0.2077  time: 0.6622  data: 0.0000  max mem: 9222
Train: data epoch: [4] Total time: 0:00:24 (0.6563 s / it)
2026-08-21 15:11:45,000 [INFO] Qual: EPOCH[4] -> PLCC: 0.894817, SROCC: 0.850502, KROCC: 0.664327, LOSS: 0.195442
2026-08-21 15:11:45,000 [INFO] Align: EPOCH[4] -> PLCC: 0.815188, SROCC: 0.661347, KROCC: 0.480806, LOSS: 0.323644
2026-08-21 15:11:45,011 [INFO] Saving checkpoint at epoch 4 to run/20260821150_R0_V11_s4/checkpoint_best.pth.
2026-08-21 15:11:45,065 [INFO] Saving checkpoint at epoch 4 to run/20260821150_R0_V11_s4/checkpoint_best_joint.pth.
2026-08-21 15:11:45,106 [INFO] Start training
2026-08-21 15:11:45,353 [INFO] Start training epoch 5, 37 iters per inner epoch.
2026-08-21 15:12:09,271 [INFO] Averaged stats: lr: 0.000098  loss: 0.169694
2026-08-21 15:12:09,342 [INFO] Evaluating on val.
Train: data epoch: [5]  [ 0/37]  eta: 0:00:43  lr: 0.000098  loss: 0.1586  time: 1.1767  data: 0.0001  max mem: 9222
Train: data epoch: [5]  [20/37]  eta: 0:00:10  lr: 0.000098  loss: 0.1858  time: 0.6083  data: 0.0000  max mem: 9222
Train: data epoch: [5]  [36/37]  eta: 0:00:00  lr: 0.000098  loss: 0.1587  time: 0.6601  data: 0.0000  max mem: 9222
Train: data epoch: [5] Total time: 0:00:23 (0.6464 s / it)
2026-08-21 15:12:16,467 [INFO] Qual: EPOCH[5] -> PLCC: 0.897464, SROCC: 0.855361, KROCC: 0.669822, LOSS: 0.193178
2026-08-21 15:12:16,468 [INFO] Align: EPOCH[5] -> PLCC: 0.816661, SROCC: 0.664640, KROCC: 0.483559, LOSS: 0.319621
2026-08-21 15:12:16,480 [INFO] Saving checkpoint at epoch 5 to run/20260821150_R0_V11_s4/checkpoint_best.pth.
2026-08-21 15:12:16,529 [INFO] Saving checkpoint at epoch 5 to run/20260821150_R0_V11_s4/checkpoint_best_joint.pth.
2026-08-21 15:12:16,575 [INFO] Start training
2026-08-21 15:12:16,850 [INFO] Start training epoch 6, 37 iters per inner epoch.
2026-08-21 15:12:40,793 [INFO] Averaged stats: lr: 0.000097  loss: 0.149554
2026-08-21 15:12:40,870 [INFO] Evaluating on val.
Train: data epoch: [6]  [ 0/37]  eta: 0:00:50  lr: 0.000097  loss: 0.1405  time: 1.3771  data: 0.0001  max mem: 9222
Train: data epoch: [6]  [20/37]  eta: 0:00:10  lr: 0.000097  loss: 0.1818  time: 0.6001  data: 0.0000  max mem: 9222
Train: data epoch: [6]  [36/37]  eta: 0:00:00  lr: 0.000097  loss: 0.1861  time: 0.6590  data: 0.0000  max mem: 9222
Train: data epoch: [6] Total time: 0:00:23 (0.6471 s / it)
2026-08-21 15:12:48,202 [INFO] Qual: EPOCH[6] -> PLCC: 0.899585, SROCC: 0.857405, KROCC: 0.673173, LOSS: 0.189844
2026-08-21 15:12:48,202 [INFO] Align: EPOCH[6] -> PLCC: 0.821940, SROCC: 0.671023, KROCC: 0.488760, LOSS: 0.308477
2026-08-21 15:12:48,216 [INFO] Saving checkpoint at epoch 6 to run/20260821150_R0_V11_s4/checkpoint_best.pth.
2026-08-21 15:12:48,294 [INFO] Saving checkpoint at epoch 6 to run/20260821150_R0_V11_s4/checkpoint_best_joint.pth.
2026-08-21 15:12:48,345 [INFO] Start training
2026-08-21 15:12:48,662 [INFO] Start training epoch 7, 37 iters per inner epoch.
2026-08-21 15:13:12,999 [INFO] Averaged stats: lr: 0.000095  loss: 0.127428
2026-08-21 15:13:13,084 [INFO] Evaluating on val.
Train: data epoch: [7]  [ 0/37]  eta: 0:00:56  lr: 0.000095  loss: 0.1156  time: 1.5151  data: 0.0001  max mem: 9222
Train: data epoch: [7]  [20/37]  eta: 0:00:11  lr: 0.000095  loss: 0.1036  time: 0.6151  data: 0.0000  max mem: 9222
Train: data epoch: [7]  [36/37]  eta: 0:00:00  lr: 0.000095  loss: 0.1284  time: 0.6569  data: 0.0000  max mem: 9222
Train: data epoch: [7] Total time: 0:00:24 (0.6577 s / it)
2026-08-21 15:13:20,808 [INFO] Qual: EPOCH[7] -> PLCC: 0.899602, SROCC: 0.856586, KROCC: 0.672079, LOSS: 0.189485
2026-08-21 15:13:20,808 [INFO] Align: EPOCH[7] -> PLCC: 0.814805, SROCC: 0.664428, KROCC: 0.482351, LOSS: 0.333231
2026-08-21 15:13:20,809 [INFO] Start training
2026-08-21 15:13:21,082 [INFO] Start training epoch 8, 37 iters per inner epoch.
2026-08-21 15:13:45,485 [INFO] Averaged stats: lr: 0.000094  loss: 0.112107
2026-08-21 15:13:45,577 [INFO] Evaluating on val.
Train: data epoch: [8]  [ 0/37]  eta: 0:00:51  lr: 0.000094  loss: 0.1025  time: 1.3865  data: 0.0001  max mem: 9222
Train: data epoch: [8]  [20/37]  eta: 0:00:11  lr: 0.000094  loss: 0.0796  time: 0.6184  data: 0.0000  max mem: 9222
Train: data epoch: [8]  [36/37]  eta: 0:00:00  lr: 0.000094  loss: 0.1246  time: 0.6645  data: 0.0000  max mem: 9222
Train: data epoch: [8] Total time: 0:00:24 (0.6595 s / it)
2026-08-21 15:13:53,307 [INFO] Qual: EPOCH[8] -> PLCC: 0.899824, SROCC: 0.856069, KROCC: 0.671774, LOSS: 0.190534
2026-08-21 15:13:53,307 [INFO] Align: EPOCH[8] -> PLCC: 0.810528, SROCC: 0.661631, KROCC: 0.480027, LOSS: 0.346011
2026-08-21 15:13:53,308 [INFO] Start training
2026-08-21 15:13:53,552 [INFO] Start training epoch 9, 37 iters per inner epoch.
2026-08-21 15:14:16,851 [INFO] Averaged stats: lr: 0.000092  loss: 0.099251
2026-08-21 15:14:16,931 [INFO] Evaluating on val.
Train: data epoch: [9]  [ 0/37]  eta: 0:00:37  lr: 0.000092  loss: 0.0870  time: 1.0041  data: 0.0001  max mem: 9222
Train: data epoch: [9]  [20/37]  eta: 0:00:10  lr: 0.000092  loss: 0.0943  time: 0.5866  data: 0.0000  max mem: 9222
Train: data epoch: [9]  [36/37]  eta: 0:00:00  lr: 0.000092  loss: 0.0801  time: 0.6585  data: 0.0000  max mem: 9222
Train: data epoch: [9] Total time: 0:00:23 (0.6297 s / it)
2026-08-21 15:14:24,894 [INFO] Qual: EPOCH[9] -> PLCC: 0.898354, SROCC: 0.855675, KROCC: 0.671944, LOSS: 0.193559
2026-08-21 15:14:24,894 [INFO] Align: EPOCH[9] -> PLCC: 0.815669, SROCC: 0.663019, KROCC: 0.482058, LOSS: 0.320869
2026-08-21 15:14:24,895 [INFO] Start training
2026-08-21 15:14:25,165 [INFO] Start training epoch 10, 37 iters per inner epoch.
2026-08-21 15:14:48,713 [INFO] Averaged stats: lr: 0.000091  loss: 0.083125
2026-08-21 15:14:48,793 [INFO] Evaluating on val.
Train: data epoch: [10]  [ 0/37]  eta: 0:00:51  lr: 0.000091  loss: 0.0754  time: 1.3970  data: 0.0001  max mem: 9222
Train: data epoch: [10]  [20/37]  eta: 0:00:10  lr: 0.000091  loss: 0.0895  time: 0.5769  data: 0.0000  max mem: 9222
Train: data epoch: [10]  [36/37]  eta: 0:00:00  lr: 0.000091  loss: 0.0803  time: 0.6547  data: 0.0000  max mem: 9222
Train: data epoch: [10] Total time: 0:00:23 (0.6364 s / it)
2026-08-21 15:14:56,692 [INFO] Qual: EPOCH[10] -> PLCC: 0.896702, SROCC: 0.853074, KROCC: 0.669179, LOSS: 0.198148
2026-08-21 15:14:56,693 [INFO] Align: EPOCH[10] -> PLCC: 0.809999, SROCC: 0.658338, KROCC: 0.476924, LOSS: 0.356899
2026-08-21 15:14:56,704 [INFO] Saving checkpoint at epoch 10 to run/20260821150_R0_V11_s4/checkpoint_latest.pth.
2026-08-21 15:14:56,743 [INFO] Start training
2026-08-21 15:14:56,978 [INFO] Start training epoch 11, 37 iters per inner epoch.
2026-08-21 15:15:20,139 [INFO] Averaged stats: lr: 0.000089  loss: 0.074797
2026-08-21 15:15:20,209 [INFO] Evaluating on val.
Train: data epoch: [11]  [ 0/37]  eta: 0:00:45  lr: 0.000089  loss: 0.0994  time: 1.2338  data: 0.0001  max mem: 9222
Train: data epoch: [11]  [20/37]  eta: 0:00:10  lr: 0.000089  loss: 0.0600  time: 0.5695  data: 0.0000  max mem: 9222
Train: data epoch: [11]  [36/37]  eta: 0:00:00  lr: 0.000089  loss: 0.0647  time: 0.6201  data: 0.0000  max mem: 9222
Train: data epoch: [11] Total time: 0:00:23 (0.6260 s / it)
2026-08-21 15:15:28,078 [INFO] Qual: EPOCH[11] -> PLCC: 0.896000, SROCC: 0.852000, KROCC: 0.668626, LOSS: 0.202923
2026-08-21 15:15:28,078 [INFO] Align: EPOCH[11] -> PLCC: 0.806620, SROCC: 0.654328, KROCC: 0.474431, LOSS: 0.345940
2026-08-21 15:15:28,078 [INFO] Start training
2026-08-21 15:15:28,322 [INFO] Start training epoch 12, 37 iters per inner epoch.
2026-08-21 15:15:51,659 [INFO] Averaged stats: lr: 0.000087  loss: 0.064237
2026-08-21 15:15:51,724 [INFO] Evaluating on val.
Train: data epoch: [12]  [ 0/37]  eta: 0:00:49  lr: 0.000087  loss: 0.0438  time: 1.3374  data: 0.0001  max mem: 9222
Train: data epoch: [12]  [20/37]  eta: 0:00:10  lr: 0.000087  loss: 0.0710  time: 0.5741  data: 0.0000  max mem: 9222
Train: data epoch: [12]  [36/37]  eta: 0:00:00  lr: 0.000087  loss: 0.0473  time: 0.6099  data: 0.0000  max mem: 9222
Train: data epoch: [12] Total time: 0:00:23 (0.6307 s / it)
2026-08-21 15:15:59,717 [INFO] Qual: EPOCH[12] -> PLCC: 0.895122, SROCC: 0.849060, KROCC: 0.664530, LOSS: 0.200966
2026-08-21 15:15:59,718 [INFO] Align: EPOCH[12] -> PLCC: 0.803793, SROCC: 0.654471, KROCC: 0.474408, LOSS: 0.354534
2026-08-21 15:15:59,718 [INFO] Start training
2026-08-21 15:15:59,989 [INFO] Start training epoch 13, 37 iters per inner epoch.
2026-08-21 15:16:23,205 [INFO] Averaged stats: lr: 0.000084  loss: 0.054056
2026-08-21 15:16:23,284 [INFO] Evaluating on val.
Train: data epoch: [13]  [ 0/37]  eta: 0:00:42  lr: 0.000084  loss: 0.0494  time: 1.1419  data: 0.0001  max mem: 9222
Train: data epoch: [13]  [20/37]  eta: 0:00:10  lr: 0.000084  loss: 0.0554  time: 0.6079  data: 0.0000  max mem: 9222
Train: data epoch: [13]  [36/37]  eta: 0:00:00  lr: 0.000084  loss: 0.0458  time: 0.6153  data: 0.0000  max mem: 9222
Train: data epoch: [13] Total time: 0:00:23 (0.6274 s / it)
2026-08-21 15:16:31,134 [INFO] Qual: EPOCH[13] -> PLCC: 0.892195, SROCC: 0.847595, KROCC: 0.662906, LOSS: 0.206013
2026-08-21 15:16:31,134 [INFO] Align: EPOCH[13] -> PLCC: 0.801730, SROCC: 0.648186, KROCC: 0.470031, LOSS: 0.354772
2026-08-21 15:16:31,135 [INFO] Start training
2026-08-21 15:16:31,380 [INFO] Start training epoch 14, 37 iters per inner epoch.
2026-08-21 15:16:54,775 [INFO] Averaged stats: lr: 0.000082  loss: 0.048016
2026-08-21 15:16:54,850 [INFO] Evaluating on val.
Train: data epoch: [14]  [ 0/37]  eta: 0:00:41  lr: 0.000082  loss: 0.0310  time: 1.1232  data: 0.0001  max mem: 9222
Train: data epoch: [14]  [20/37]  eta: 0:00:11  lr: 0.000082  loss: 0.0501  time: 0.6373  data: 0.0000  max mem: 9222
Train: data epoch: [14]  [36/37]  eta: 0:00:00  lr: 0.000082  loss: 0.0687  time: 0.6153  data: 0.0000  max mem: 9222
Train: data epoch: [14] Total time: 0:00:23 (0.6323 s / it)
2026-08-21 15:17:02,814 [INFO] Qual: EPOCH[14] -> PLCC: 0.894523, SROCC: 0.849207, KROCC: 0.665354, LOSS: 0.201048
2026-08-21 15:17:02,814 [INFO] Align: EPOCH[14] -> PLCC: 0.798107, SROCC: 0.650612, KROCC: 0.471892, LOSS: 0.372099
2026-08-21 15:17:02,815 [INFO] Start training
2026-08-21 15:17:03,063 [INFO] Start training epoch 15, 37 iters per inner epoch.
2026-08-21 15:17:26,181 [INFO] Averaged stats: lr: 0.000080  loss: 0.043814
2026-08-21 15:17:26,258 [INFO] Evaluating on val.
Train: data epoch: [15]  [ 0/37]  eta: 0:00:41  lr: 0.000080  loss: 0.0332  time: 1.1275  data: 0.0001  max mem: 9222
Train: data epoch: [15]  [20/37]  eta: 0:00:11  lr: 0.000080  loss: 0.0396  time: 0.6232  data: 0.0000  max mem: 9222
Train: data epoch: [15]  [36/37]  eta: 0:00:00  lr: 0.000080  loss: 0.0345  time: 0.6135  data: 0.0000  max mem: 9222
Train: data epoch: [15] Total time: 0:00:23 (0.6248 s / it)
2026-08-21 15:17:34,247 [INFO] Qual: EPOCH[15] -> PLCC: 0.893555, SROCC: 0.849912, KROCC: 0.665602, LOSS: 0.204452
2026-08-21 15:17:34,247 [INFO] Align: EPOCH[15] -> PLCC: 0.800260, SROCC: 0.648407, KROCC: 0.469997, LOSS: 0.364157
2026-08-21 15:17:34,259 [INFO] Saving checkpoint at epoch 15 to run/20260821150_R0_V11_s4/checkpoint_latest.pth.
2026-08-21 15:17:34,304 [INFO] Start training
2026-08-21 15:17:34,554 [INFO] Start training epoch 16, 37 iters per inner epoch.
2026-08-21 15:17:58,134 [INFO] Averaged stats: lr: 0.000077  loss: 0.039435
2026-08-21 15:17:58,232 [INFO] Evaluating on val.
Train: data epoch: [16]  [ 0/37]  eta: 0:00:46  lr: 0.000077  loss: 0.0408  time: 1.2603  data: 0.0001  max mem: 9222
Train: data epoch: [16]  [20/37]  eta: 0:00:11  lr: 0.000077  loss: 0.0464  time: 0.6249  data: 0.0000  max mem: 9222
Train: data epoch: [16]  [36/37]  eta: 0:00:00  lr: 0.000077  loss: 0.0281  time: 0.6316  data: 0.0000  max mem: 9222
Train: data epoch: [16] Total time: 0:00:23 (0.6373 s / it)
2026-08-21 15:18:06,201 [INFO] Qual: EPOCH[16] -> PLCC: 0.891854, SROCC: 0.848241, KROCC: 0.663075, LOSS: 0.209005
2026-08-21 15:18:06,201 [INFO] Align: EPOCH[16] -> PLCC: 0.793887, SROCC: 0.647065, KROCC: 0.468722, LOSS: 0.374934
2026-08-21 15:18:06,202 [INFO] Start training
2026-08-21 15:18:06,445 [INFO] Start training epoch 17, 37 iters per inner epoch.
2026-08-21 15:18:29,502 [INFO] Averaged stats: lr: 0.000074  loss: 0.035029
2026-08-21 15:18:29,575 [INFO] Evaluating on val.
Train: data epoch: [17]  [ 0/37]  eta: 0:00:48  lr: 0.000074  loss: 0.0345  time: 1.2990  data: 0.0001  max mem: 9222
Train: data epoch: [17]  [20/37]  eta: 0:00:10  lr: 0.000074  loss: 0.0278  time: 0.6006  data: 0.0000  max mem: 9222
Train: data epoch: [17]  [36/37]  eta: 0:00:00  lr: 0.000074  loss: 0.0308  time: 0.6258  data: 0.0000  max mem: 9222
Train: data epoch: [17] Total time: 0:00:23 (0.6231 s / it)
2026-08-21 15:18:37,403 [INFO] Qual: EPOCH[17] -> PLCC: 0.892276, SROCC: 0.845955, KROCC: 0.660593, LOSS: 0.208630
2026-08-21 15:18:37,403 [INFO] Align: EPOCH[17] -> PLCC: 0.794560, SROCC: 0.646453, KROCC: 0.467989, LOSS: 0.383966
2026-08-21 15:18:37,404 [INFO] Start training
2026-08-21 15:18:37,649 [INFO] Start training epoch 18, 37 iters per inner epoch.
2026-08-21 15:19:01,590 [INFO] Averaged stats: lr: 0.000072  loss: 0.031344
2026-08-21 15:19:01,666 [INFO] Evaluating on val.
Train: data epoch: [18]  [ 0/37]  eta: 0:00:53  lr: 0.000072  loss: 0.0390  time: 1.4379  data: 0.0001  max mem: 9222
Train: data epoch: [18]  [20/37]  eta: 0:00:11  lr: 0.000072  loss: 0.0241  time: 0.6246  data: 0.0000  max mem: 9222
Train: data epoch: [18]  [36/37]  eta: 0:00:00  lr: 0.000072  loss: 0.0268  time: 0.6242  data: 0.0000  max mem: 9222
Train: data epoch: [18] Total time: 0:00:23 (0.6470 s / it)
2026-08-21 15:19:09,606 [INFO] Qual: EPOCH[18] -> PLCC: 0.888591, SROCC: 0.842185, KROCC: 0.656903, LOSS: 0.213981
2026-08-21 15:19:09,606 [INFO] Align: EPOCH[18] -> PLCC: 0.793614, SROCC: 0.643577, KROCC: 0.466025, LOSS: 0.384899
2026-08-21 15:19:09,607 [INFO] Start training
2026-08-21 15:19:09,888 [INFO] Start training epoch 19, 37 iters per inner epoch.
2026-08-21 15:19:33,005 [INFO] Averaged stats: lr: 0.000069  loss: 0.028162
2026-08-21 15:19:33,081 [INFO] Evaluating on val.
Train: data epoch: [19]  [ 0/37]  eta: 0:00:42  lr: 0.000069  loss: 0.0239  time: 1.1475  data: 0.0002  max mem: 9222
Train: data epoch: [19]  [20/37]  eta: 0:00:10  lr: 0.000069  loss: 0.0281  time: 0.6098  data: 0.0000  max mem: 9222
Train: data epoch: [19]  [36/37]  eta: 0:00:00  lr: 0.000069  loss: 0.0408  time: 0.5843  data: 0.0000  max mem: 9222
Train: data epoch: [19] Total time: 0:00:23 (0.6248 s / it)
2026-08-21 15:19:41,011 [INFO] Qual: EPOCH[19] -> PLCC: 0.888370, SROCC: 0.840313, KROCC: 0.654894, LOSS: 0.215378
2026-08-21 15:19:41,011 [INFO] Align: EPOCH[19] -> PLCC: 0.792435, SROCC: 0.639457, KROCC: 0.462787, LOSS: 0.384578
2026-08-21 15:19:41,012 [INFO] Start training
2026-08-21 15:19:41,286 [INFO] Start training epoch 20, 37 iters per inner epoch.
2026-08-21 15:20:04,667 [INFO] Averaged stats: lr: 0.000066  loss: 0.026897
2026-08-21 15:20:04,733 [INFO] Evaluating on val.
Train: data epoch: [20]  [ 0/37]  eta: 0:00:51  lr: 0.000066  loss: 0.0265  time: 1.3849  data: 0.0002  max mem: 9222
Train: data epoch: [20]  [20/37]  eta: 0:00:11  lr: 0.000066  loss: 0.0260  time: 0.6107  data: 0.0000  max mem: 9222
Train: data epoch: [20]  [36/37]  eta: 0:00:00  lr: 0.000066  loss: 0.0259  time: 0.5693  data: 0.0000  max mem: 9222
Train: data epoch: [20] Total time: 0:00:23 (0.6319 s / it)
2026-08-21 15:20:12,501 [INFO] Qual: EPOCH[20] -> PLCC: 0.888549, SROCC: 0.842444, KROCC: 0.657208, LOSS: 0.215379
2026-08-21 15:20:12,501 [INFO] Align: EPOCH[20] -> PLCC: 0.795084, SROCC: 0.643531, KROCC: 0.466127, LOSS: 0.379861
2026-08-21 15:20:12,511 [INFO] Saving checkpoint at epoch 20 to run/20260821150_R0_V11_s4/checkpoint_latest.pth.
2026-08-21 15:20:12,554 [INFO] Start training
2026-08-21 15:20:12,803 [INFO] Start training epoch 21, 37 iters per inner epoch.
2026-08-21 15:20:36,042 [INFO] Averaged stats: lr: 0.000063  loss: 0.024843
2026-08-21 15:20:36,116 [INFO] Evaluating on val.
Train: data epoch: [21]  [ 0/37]  eta: 0:00:43  lr: 0.000063  loss: 0.0224  time: 1.1688  data: 0.0001  max mem: 9222
Train: data epoch: [21]  [20/37]  eta: 0:00:11  lr: 0.000063  loss: 0.0205  time: 0.6404  data: 0.0000  max mem: 9222
Train: data epoch: [21]  [36/37]  eta: 0:00:00  lr: 0.000063  loss: 0.0337  time: 0.5760  data: 0.0000  max mem: 9222
Train: data epoch: [21] Total time: 0:00:23 (0.6281 s / it)
2026-08-21 15:20:43,996 [INFO] Qual: EPOCH[21] -> PLCC: 0.889820, SROCC: 0.842832, KROCC: 0.657839, LOSS: 0.210978
2026-08-21 15:20:43,996 [INFO] Align: EPOCH[21] -> PLCC: 0.790032, SROCC: 0.637523, KROCC: 0.461298, LOSS: 0.392594
2026-08-21 15:20:43,997 [INFO] Start training
2026-08-21 15:20:44,237 [INFO] Start training epoch 22, 37 iters per inner epoch.
2026-08-21 15:21:07,951 [INFO] Averaged stats: lr: 0.000060  loss: 0.021308
2026-08-21 15:21:08,060 [INFO] Evaluating on val.
Train: data epoch: [22]  [ 0/37]  eta: 0:00:47  lr: 0.000060  loss: 0.0241  time: 1.2886  data: 0.0001  max mem: 9222
Train: data epoch: [22]  [20/37]  eta: 0:00:11  lr: 0.000060  loss: 0.0240  time: 0.6648  data: 0.0000  max mem: 9222
Train: data epoch: [22]  [36/37]  eta: 0:00:00  lr: 0.000060  loss: 0.0316  time: 0.5882  data: 0.0000  max mem: 9222
Train: data epoch: [22] Total time: 0:00:23 (0.6409 s / it)
2026-08-21 15:21:16,276 [INFO] Qual: EPOCH[22] -> PLCC: 0.887904, SROCC: 0.841849, KROCC: 0.657433, LOSS: 0.215820
2026-08-21 15:21:16,276 [INFO] Align: EPOCH[22] -> PLCC: 0.788895, SROCC: 0.634122, KROCC: 0.458365, LOSS: 0.398282
2026-08-21 15:21:16,277 [INFO] Start training
2026-08-21 15:21:16,558 [INFO] Start training epoch 23, 37 iters per inner epoch.
2026-08-21 15:21:40,730 [INFO] Averaged stats: lr: 0.000057  loss: 0.020331
2026-08-21 15:21:40,823 [INFO] Evaluating on val.
Train: data epoch: [23]  [ 0/37]  eta: 0:00:53  lr: 0.000057  loss: 0.0301  time: 1.4374  data: 0.0001  max mem: 9222
Train: data epoch: [23]  [20/37]  eta: 0:00:11  lr: 0.000057  loss: 0.0162  time: 0.6608  data: 0.0000  max mem: 9222
Train: data epoch: [23]  [36/37]  eta: 0:00:00  lr: 0.000057  loss: 0.0277  time: 0.6078  data: 0.0000  max mem: 9222
Train: data epoch: [23] Total time: 0:00:24 (0.6533 s / it)
2026-08-21 15:21:49,206 [INFO] Qual: EPOCH[23] -> PLCC: 0.890098, SROCC: 0.843443, KROCC: 0.658641, LOSS: 0.211129
2026-08-21 15:21:49,207 [INFO] Align: EPOCH[23] -> PLCC: 0.787639, SROCC: 0.635270, KROCC: 0.460294, LOSS: 0.394387
2026-08-21 15:21:49,207 [INFO] Start training
2026-08-21 15:21:49,503 [INFO] Start training epoch 24, 37 iters per inner epoch.
2026-08-21 15:22:13,810 [INFO] Averaged stats: lr: 0.000054  loss: 0.019235
2026-08-21 15:22:13,889 [INFO] Evaluating on val.
Train: data epoch: [24]  [ 0/37]  eta: 0:00:54  lr: 0.000054  loss: 0.0204  time: 1.4624  data: 0.0001  max mem: 9222
Train: data epoch: [24]  [20/37]  eta: 0:00:11  lr: 0.000054  loss: 0.0170  time: 0.6600  data: 0.0000  max mem: 9222
Train: data epoch: [24]  [36/37]  eta: 0:00:00  lr: 0.000054  loss: 0.0171  time: 0.6139  data: 0.0000  max mem: 9222
Train: data epoch: [24] Total time: 0:00:24 (0.6569 s / it)
2026-08-21 15:22:22,024 [INFO] Qual: EPOCH[24] -> PLCC: 0.888283, SROCC: 0.842169, KROCC: 0.657839, LOSS: 0.216270
2026-08-21 15:22:22,025 [INFO] Align: EPOCH[24] -> PLCC: 0.786817, SROCC: 0.633927, KROCC: 0.459222, LOSS: 0.397631
2026-08-21 15:22:22,025 [INFO] Start training
2026-08-21 15:22:22,303 [INFO] Start training epoch 25, 37 iters per inner epoch.
2026-08-21 15:22:46,972 [INFO] Averaged stats: lr: 0.000050  loss: 0.018815
2026-08-21 15:22:47,051 [INFO] Evaluating on val.
Train: data epoch: [25]  [ 0/37]  eta: 0:00:54  lr: 0.000051  loss: 0.0348  time: 1.4740  data: 0.0001  max mem: 9222
Train: data epoch: [25]  [20/37]  eta: 0:00:11  lr: 0.000051  loss: 0.0172  time: 0.6617  data: 0.0000  max mem: 9222
Train: data epoch: [25]  [36/37]  eta: 0:00:00  lr: 0.000051  loss: 0.0156  time: 0.6299  data: 0.0000  max mem: 9222
Train: data epoch: [25] Total time: 0:00:24 (0.6667 s / it)
2026-08-21 15:22:55,095 [INFO] Qual: EPOCH[25] -> PLCC: 0.888776, SROCC: 0.843282, KROCC: 0.658900, LOSS: 0.215804
2026-08-21 15:22:55,096 [INFO] Align: EPOCH[25] -> PLCC: 0.787275, SROCC: 0.632908, KROCC: 0.457552, LOSS: 0.401320
2026-08-21 15:22:55,110 [INFO] Saving checkpoint at epoch 25 to run/20260821150_R0_V11_s4/checkpoint_latest.pth.
2026-08-21 15:22:55,167 [INFO] Start training
2026-08-21 15:22:55,452 [INFO] Start training epoch 26, 37 iters per inner epoch.
2026-08-21 15:23:19,886 [INFO] Averaged stats: lr: 0.000047  loss: 0.017702
2026-08-21 15:23:19,975 [INFO] Evaluating on val.
Train: data epoch: [26]  [ 0/37]  eta: 0:00:49  lr: 0.000047  loss: 0.0216  time: 1.3315  data: 0.0001  max mem: 9222
Train: data epoch: [26]  [20/37]  eta: 0:00:11  lr: 0.000047  loss: 0.0186  time: 0.6621  data: 0.0000  max mem: 9222
Train: data epoch: [26]  [36/37]  eta: 0:00:00  lr: 0.000047  loss: 0.0208  time: 0.6246  data: 0.0000  max mem: 9222
Train: data epoch: [26] Total time: 0:00:24 (0.6604 s / it)
2026-08-21 15:23:27,179 [INFO] Qual: EPOCH[26] -> PLCC: 0.887755, SROCC: 0.840614, KROCC: 0.655696, LOSS: 0.215854
2026-08-21 15:23:27,179 [INFO] Align: EPOCH[26] -> PLCC: 0.789603, SROCC: 0.636197, KROCC: 0.460971, LOSS: 0.389361
2026-08-21 15:23:27,180 [INFO] Start training
2026-08-21 15:23:27,436 [INFO] Start training epoch 27, 37 iters per inner epoch.
2026-08-21 15:23:51,629 [INFO] Averaged stats: lr: 0.000044  loss: 0.016096
2026-08-21 15:23:51,715 [INFO] Evaluating on val.
Train: data epoch: [27]  [ 0/37]  eta: 0:00:43  lr: 0.000044  loss: 0.0144  time: 1.1706  data: 0.0001  max mem: 9222
Train: data epoch: [27]  [20/37]  eta: 0:00:11  lr: 0.000044  loss: 0.0170  time: 0.6641  data: 0.0000  max mem: 9222
Train: data epoch: [27]  [36/37]  eta: 0:00:00  lr: 0.000044  loss: 0.0205  time: 0.6200  data: 0.0000  max mem: 9222
Train: data epoch: [27] Total time: 0:00:24 (0.6538 s / it)
2026-08-21 15:23:58,622 [INFO] Qual: EPOCH[27] -> PLCC: 0.887836, SROCC: 0.841291, KROCC: 0.656655, LOSS: 0.214519
2026-08-21 15:23:58,623 [INFO] Align: EPOCH[27] -> PLCC: 0.791351, SROCC: 0.636811, KROCC: 0.461158, LOSS: 0.387913
2026-08-21 15:23:58,623 [INFO] Start training
2026-08-21 15:23:58,906 [INFO] Start training epoch 28, 37 iters per inner epoch.
2026-08-21 15:24:23,296 [INFO] Averaged stats: lr: 0.000041  loss: 0.015678
2026-08-21 15:24:23,376 [INFO] Evaluating on val.
Train: data epoch: [28]  [ 0/37]  eta: 0:00:47  lr: 0.000041  loss: 0.0147  time: 1.2900  data: 0.0001  max mem: 9222
Train: data epoch: [28]  [20/37]  eta: 0:00:11  lr: 0.000041  loss: 0.0115  time: 0.6624  data: 0.0000  max mem: 9222
Train: data epoch: [28]  [36/37]  eta: 0:00:00  lr: 0.000041  loss: 0.0154  time: 0.6247  data: 0.0000  max mem: 9222
Train: data epoch: [28] Total time: 0:00:24 (0.6592 s / it)
2026-08-21 15:24:30,566 [INFO] Qual: EPOCH[28] -> PLCC: 0.886864, SROCC: 0.840723, KROCC: 0.655989, LOSS: 0.219012
2026-08-21 15:24:30,566 [INFO] Align: EPOCH[28] -> PLCC: 0.788583, SROCC: 0.634799, KROCC: 0.459312, LOSS: 0.397747
2026-08-21 15:24:30,567 [INFO] Start training
2026-08-21 15:24:30,823 [INFO] Start training epoch 29, 37 iters per inner epoch.
2026-08-21 15:24:55,035 [INFO] Averaged stats: lr: 0.000038  loss: 0.015198
2026-08-21 15:24:55,110 [INFO] Evaluating on val.
Train: data epoch: [29]  [ 0/37]  eta: 0:00:42  lr: 0.000038  loss: 0.0128  time: 1.1456  data: 0.0001  max mem: 9222
Train: data epoch: [29]  [20/37]  eta: 0:00:11  lr: 0.000038  loss: 0.0168  time: 0.6617  data: 0.0000  max mem: 9222
Train: data epoch: [29]  [36/37]  eta: 0:00:00  lr: 0.000038  loss: 0.0124  time: 0.6236  data: 0.0000  max mem: 9222
Train: data epoch: [29] Total time: 0:00:24 (0.6544 s / it)
2026-08-21 15:25:02,006 [INFO] Qual: EPOCH[29] -> PLCC: 0.887474, SROCC: 0.841526, KROCC: 0.657027, LOSS: 0.216837
2026-08-21 15:25:02,006 [INFO] Align: EPOCH[29] -> PLCC: 0.789406, SROCC: 0.635901, KROCC: 0.460384, LOSS: 0.390880
2026-08-21 15:25:02,007 [INFO] Start training
2026-08-21 15:25:02,260 [INFO] Start training epoch 30, 37 iters per inner epoch.
2026-08-21 15:25:26,485 [INFO] Averaged stats: lr: 0.000035  loss: 0.014039
2026-08-21 15:25:26,570 [INFO] Evaluating on val.
Train: data epoch: [30]  [ 0/37]  eta: 0:00:48  lr: 0.000035  loss: 0.0175  time: 1.3176  data: 0.0002  max mem: 9222
Train: data epoch: [30]  [20/37]  eta: 0:00:11  lr: 0.000035  loss: 0.0154  time: 0.6635  data: 0.0000  max mem: 9222
Train: data epoch: [30]  [36/37]  eta: 0:00:00  lr: 0.000035  loss: 0.0156  time: 0.6133  data: 0.0000  max mem: 9222
Train: data epoch: [30] Total time: 0:00:24 (0.6547 s / it)
2026-08-21 15:25:33,573 [INFO] Qual: EPOCH[30] -> PLCC: 0.888928, SROCC: 0.841828, KROCC: 0.657433, LOSS: 0.214406
2026-08-21 15:25:33,574 [INFO] Align: EPOCH[30] -> PLCC: 0.790440, SROCC: 0.635505, KROCC: 0.460068, LOSS: 0.387736
2026-08-21 15:25:33,590 [INFO] Saving checkpoint at epoch 30 to run/20260821150_R0_V11_s4/checkpoint_latest.pth.
2026-08-21 15:25:33,635 [INFO] Start training
2026-08-21 15:25:33,888 [INFO] Start training epoch 31, 37 iters per inner epoch.
2026-08-21 15:25:57,907 [INFO] Averaged stats: lr: 0.000032  loss: 0.013815
2026-08-21 15:25:57,983 [INFO] Evaluating on val.
Train: data epoch: [31]  [ 0/37]  eta: 0:00:45  lr: 0.000032  loss: 0.0126  time: 1.2242  data: 0.0001  max mem: 9222
Train: data epoch: [31]  [20/37]  eta: 0:00:11  lr: 0.000032  loss: 0.0155  time: 0.6623  data: 0.0000  max mem: 9222
Train: data epoch: [31]  [36/37]  eta: 0:00:00  lr: 0.000032  loss: 0.0116  time: 0.6093  data: 0.0000  max mem: 9222
Train: data epoch: [31] Total time: 0:00:24 (0.6491 s / it)
2026-08-21 15:26:05,413 [INFO] Qual: EPOCH[31] -> PLCC: 0.887567, SROCC: 0.842539, KROCC: 0.658257, LOSS: 0.217756
2026-08-21 15:26:05,413 [INFO] Align: EPOCH[31] -> PLCC: 0.788334, SROCC: 0.636034, KROCC: 0.460542, LOSS: 0.395519
2026-08-21 15:26:05,414 [INFO] Start training
2026-08-21 15:26:05,725 [INFO] Start training epoch 32, 37 iters per inner epoch.
2026-08-21 15:26:29,944 [INFO] Averaged stats: lr: 0.000029  loss: 0.013460
2026-08-21 15:26:30,027 [INFO] Evaluating on val.
Train: data epoch: [32]  [ 0/37]  eta: 0:00:48  lr: 0.000029  loss: 0.0115  time: 1.3175  data: 0.0001  max mem: 9222
Train: data epoch: [32]  [20/37]  eta: 0:00:11  lr: 0.000029  loss: 0.0101  time: 0.6619  data: 0.0000  max mem: 9222
Train: data epoch: [32]  [36/37]  eta: 0:00:00  lr: 0.000029  loss: 0.0119  time: 0.6157  data: 0.0000  max mem: 9222
Train: data epoch: [32] Total time: 0:00:24 (0.6545 s / it)
2026-08-21 15:26:37,477 [INFO] Qual: EPOCH[32] -> PLCC: 0.887894, SROCC: 0.842410, KROCC: 0.657749, LOSS: 0.215770
2026-08-21 15:26:37,478 [INFO] Align: EPOCH[32] -> PLCC: 0.789764, SROCC: 0.637116, KROCC: 0.461118, LOSS: 0.392436
2026-08-21 15:26:37,479 [INFO] Start training
2026-08-21 15:26:37,847 [INFO] Start training epoch 33, 37 iters per inner epoch.
2026-08-21 15:27:02,625 [INFO] Averaged stats: lr: 0.000027  loss: 0.013225
2026-08-21 15:27:02,726 [INFO] Evaluating on val.
Train: data epoch: [33]  [ 0/37]  eta: 0:01:07  lr: 0.000027  loss: 0.0156  time: 1.8326  data: 0.0002  max mem: 9222
Train: data epoch: [33]  [20/37]  eta: 0:00:12  lr: 0.000027  loss: 0.0139  time: 0.6594  data: 0.0000  max mem: 9222
Train: data epoch: [33]  [36/37]  eta: 0:00:00  lr: 0.000027  loss: 0.0122  time: 0.6193  data: 0.0000  max mem: 9222
Train: data epoch: [33] Total time: 0:00:24 (0.6697 s / it)
2026-08-21 15:27:10,042 [INFO] Qual: EPOCH[33] -> PLCC: 0.887881, SROCC: 0.841985, KROCC: 0.657614, LOSS: 0.217880
2026-08-21 15:27:10,042 [INFO] Align: EPOCH[33] -> PLCC: 0.788766, SROCC: 0.635337, KROCC: 0.460046, LOSS: 0.395212
2026-08-21 15:27:10,043 [INFO] Start training
2026-08-21 15:27:10,379 [INFO] Start training epoch 34, 37 iters per inner epoch.
2026-08-21 15:27:34,899 [INFO] Averaged stats: lr: 0.000024  loss: 0.013058
2026-08-21 15:27:34,966 [INFO] Evaluating on val.
Train: data epoch: [34]  [ 0/37]  eta: 0:00:55  lr: 0.000024  loss: 0.0183  time: 1.4956  data: 0.0001  max mem: 9222
Train: data epoch: [34]  [20/37]  eta: 0:00:11  lr: 0.000024  loss: 0.0175  time: 0.6619  data: 0.0000  max mem: 9222
Train: data epoch: [34]  [36/37]  eta: 0:00:00  lr: 0.000024  loss: 0.0086  time: 0.6212  data: 0.0000  max mem: 9222
Train: data epoch: [34] Total time: 0:00:24 (0.6627 s / it)
2026-08-21 15:27:42,559 [INFO] Qual: EPOCH[34] -> PLCC: 0.887408, SROCC: 0.841591, KROCC: 0.656880, LOSS: 0.219618
2026-08-21 15:27:42,559 [INFO] Align: EPOCH[34] -> PLCC: 0.789287, SROCC: 0.636308, KROCC: 0.460711, LOSS: 0.392903
2026-08-21 15:27:42,560 [INFO] Start training
2026-08-21 15:27:42,955 [INFO] Start training epoch 35, 37 iters per inner epoch.
2026-08-21 15:28:07,897 [INFO] Averaged stats: lr: 0.000021  loss: 0.012130
2026-08-21 15:28:07,965 [INFO] Evaluating on val.
Train: data epoch: [35]  [ 0/37]  eta: 0:00:57  lr: 0.000021  loss: 0.0129  time: 1.5419  data: 0.0002  max mem: 9222
Train: data epoch: [35]  [20/37]  eta: 0:00:11  lr: 0.000021  loss: 0.0102  time: 0.6625  data: 0.0000  max mem: 9222
Train: data epoch: [35]  [36/37]  eta: 0:00:00  lr: 0.000021  loss: 0.0182  time: 0.6396  data: 0.0000  max mem: 9222
Train: data epoch: [35] Total time: 0:00:24 (0.6741 s / it)
2026-08-21 15:28:15,986 [INFO] Qual: EPOCH[35] -> PLCC: 0.887738, SROCC: 0.841803, KROCC: 0.657050, LOSS: 0.216868
2026-08-21 15:28:15,986 [INFO] Align: EPOCH[35] -> PLCC: 0.788708, SROCC: 0.634224, KROCC: 0.459200, LOSS: 0.394107
2026-08-21 15:28:15,998 [INFO] Saving checkpoint at epoch 35 to run/20260821150_R0_V11_s4/checkpoint_latest.pth.
2026-08-21 15:28:16,040 [INFO] Start training
2026-08-21 15:28:16,347 [INFO] Start training epoch 36, 37 iters per inner epoch.
2026-08-21 15:28:42,034 [INFO] Averaged stats: lr: 0.000019  loss: 0.011532
2026-08-21 15:28:42,122 [INFO] Evaluating on val.
Train: data epoch: [36]  [ 0/37]  eta: 0:01:15  lr: 0.000019  loss: 0.0162  time: 2.0531  data: 0.0001  max mem: 9222
Train: data epoch: [36]  [20/37]  eta: 0:00:12  lr: 0.000019  loss: 0.0137  time: 0.6612  data: 0.0000  max mem: 9222
Train: data epoch: [36]  [36/37]  eta: 0:00:00  lr: 0.000019  loss: 0.0142  time: 0.6555  data: 0.0000  max mem: 9222
Train: data epoch: [36] Total time: 0:00:25 (0.6942 s / it)
2026-08-21 15:28:50,444 [INFO] Qual: EPOCH[36] -> PLCC: 0.888334, SROCC: 0.842352, KROCC: 0.657681, LOSS: 0.217206
2026-08-21 15:28:50,445 [INFO] Align: EPOCH[36] -> PLCC: 0.788832, SROCC: 0.635727, KROCC: 0.460858, LOSS: 0.392718
2026-08-21 15:28:50,445 [INFO] Start training
2026-08-21 15:28:50,727 [INFO] Start training epoch 37, 37 iters per inner epoch.
2026-08-21 15:29:16,524 [INFO] Averaged stats: lr: 0.000017  loss: 0.011937
2026-08-21 15:29:16,595 [INFO] Evaluating on val.
Train: data epoch: [37]  [ 0/37]  eta: 0:01:13  lr: 0.000017  loss: 0.0126  time: 1.9857  data: 0.0002  max mem: 9222
Train: data epoch: [37]  [20/37]  eta: 0:00:12  lr: 0.000017  loss: 0.0139  time: 0.6569  data: 0.0000  max mem: 9222
Train: data epoch: [37]  [36/37]  eta: 0:00:00  lr: 0.000017  loss: 0.0100  time: 0.6656  data: 0.0000  max mem: 9222
Train: data epoch: [37] Total time: 0:00:25 (0.6972 s / it)
2026-08-21 15:29:24,501 [INFO] Qual: EPOCH[37] -> PLCC: 0.887959, SROCC: 0.842432, KROCC: 0.657930, LOSS: 0.217507
2026-08-21 15:29:24,501 [INFO] Align: EPOCH[37] -> PLCC: 0.789401, SROCC: 0.635725, KROCC: 0.460723, LOSS: 0.392216
2026-08-21 15:29:24,502 [INFO] Start training
2026-08-21 15:29:24,777 [INFO] Start training epoch 38, 37 iters per inner epoch.
2026-08-21 15:29:49,491 [INFO] Averaged stats: lr: 0.000014  loss: 0.011147
2026-08-21 15:29:49,559 [INFO] Evaluating on val.
Train: data epoch: [38]  [ 0/37]  eta: 0:00:53  lr: 0.000014  loss: 0.0079  time: 1.4333  data: 0.0001  max mem: 9222
Train: data epoch: [38]  [20/37]  eta: 0:00:11  lr: 0.000014  loss: 0.0107  time: 0.6361  data: 0.0000  max mem: 9222
Train: data epoch: [38]  [36/37]  eta: 0:00:00  lr: 0.000014  loss: 0.0110  time: 0.6594  data: 0.0000  max mem: 9222
Train: data epoch: [38] Total time: 0:00:24 (0.6679 s / it)
2026-08-21 15:29:56,724 [INFO] Qual: EPOCH[38] -> PLCC: 0.888191, SROCC: 0.841761, KROCC: 0.657106, LOSS: 0.216554
2026-08-21 15:29:56,724 [INFO] Align: EPOCH[38] -> PLCC: 0.787006, SROCC: 0.634436, KROCC: 0.459538, LOSS: 0.399520
2026-08-21 15:29:56,725 [INFO] Start training
2026-08-21 15:29:56,999 [INFO] Start training epoch 39, 37 iters per inner epoch.
2026-08-21 15:30:20,951 [INFO] Averaged stats: lr: 0.000012  loss: 0.010915
2026-08-21 15:30:21,015 [INFO] Evaluating on val.
Train: data epoch: [39]  [ 0/37]  eta: 0:00:42  lr: 0.000012  loss: 0.0094  time: 1.1474  data: 0.0001  max mem: 9222
Train: data epoch: [39]  [20/37]  eta: 0:00:10  lr: 0.000012  loss: 0.0126  time: 0.6127  data: 0.0000  max mem: 9222
Train: data epoch: [39]  [36/37]  eta: 0:00:00  lr: 0.000012  loss: 0.0088  time: 0.6593  data: 0.0000  max mem: 9222
Train: data epoch: [39] Total time: 0:00:23 (0.6473 s / it)
2026-08-21 15:30:28,159 [INFO] Qual: EPOCH[39] -> PLCC: 0.887507, SROCC: 0.841405, KROCC: 0.656542, LOSS: 0.217814
2026-08-21 15:30:28,159 [INFO] Align: EPOCH[39] -> PLCC: 0.787917, SROCC: 0.635949, KROCC: 0.461027, LOSS: 0.398506
2026-08-21 15:30:28,160 [INFO] Start training
2026-08-21 15:30:28,461 [INFO] Start training epoch 40, 37 iters per inner epoch.
2026-08-21 15:30:52,419 [INFO] Averaged stats: lr: 0.000010  loss: 0.011251
2026-08-21 15:30:52,508 [INFO] Evaluating on val.
Train: data epoch: [40]  [ 0/37]  eta: 0:00:46  lr: 0.000010  loss: 0.0102  time: 1.2700  data: 0.0001  max mem: 9222
Train: data epoch: [40]  [20/37]  eta: 0:00:10  lr: 0.000010  loss: 0.0121  time: 0.6063  data: 0.0000  max mem: 9222
Train: data epoch: [40]  [36/37]  eta: 0:00:00  lr: 0.000010  loss: 0.0088  time: 0.6601  data: 0.0000  max mem: 9222
Train: data epoch: [40] Total time: 0:00:23 (0.6475 s / it)
2026-08-21 15:30:59,557 [INFO] Qual: EPOCH[40] -> PLCC: 0.887425, SROCC: 0.840994, KROCC: 0.656327, LOSS: 0.218337
2026-08-21 15:30:59,558 [INFO] Align: EPOCH[40] -> PLCC: 0.787745, SROCC: 0.634901, KROCC: 0.459831, LOSS: 0.398313
2026-08-21 15:30:59,569 [INFO] Saving checkpoint at epoch 40 to run/20260821150_R0_V11_s4/checkpoint_latest.pth.
2026-08-21 15:30:59,622 [INFO] Start training
2026-08-21 15:30:59,896 [INFO] Start training epoch 41, 37 iters per inner epoch.
2026-08-21 15:31:24,064 [INFO] Averaged stats: lr: 0.000009  loss: 0.010731
2026-08-21 15:31:24,140 [INFO] Evaluating on val.
Train: data epoch: [41]  [ 0/37]  eta: 0:00:43  lr: 0.000009  loss: 0.0139  time: 1.1672  data: 0.0002  max mem: 9222
Train: data epoch: [41]  [20/37]  eta: 0:00:10  lr: 0.000009  loss: 0.0099  time: 0.6176  data: 0.0000  max mem: 9222
Train: data epoch: [41]  [36/37]  eta: 0:00:00  lr: 0.000009  loss: 0.0131  time: 0.6640  data: 0.0000  max mem: 9222
Train: data epoch: [41] Total time: 0:00:24 (0.6532 s / it)
2026-08-21 15:31:31,155 [INFO] Qual: EPOCH[41] -> PLCC: 0.887978, SROCC: 0.841326, KROCC: 0.656542, LOSS: 0.216803
2026-08-21 15:31:31,156 [INFO] Align: EPOCH[41] -> PLCC: 0.788051, SROCC: 0.635123, KROCC: 0.460181, LOSS: 0.397819
2026-08-21 15:31:31,157 [INFO] Start training
2026-08-21 15:31:31,460 [INFO] Start training epoch 42, 37 iters per inner epoch.
2026-08-21 15:31:55,600 [INFO] Averaged stats: lr: 0.000007  loss: 0.010326
2026-08-21 15:31:55,678 [INFO] Evaluating on val.
Train: data epoch: [42]  [ 0/37]  eta: 0:00:42  lr: 0.000007  loss: 0.0073  time: 1.1477  data: 0.0001  max mem: 9222
Train: data epoch: [42]  [20/37]  eta: 0:00:10  lr: 0.000007  loss: 0.0119  time: 0.6140  data: 0.0000  max mem: 9222
Train: data epoch: [42]  [36/37]  eta: 0:00:00  lr: 0.000007  loss: 0.0115  time: 0.6675  data: 0.0000  max mem: 9222
Train: data epoch: [42] Total time: 0:00:24 (0.6524 s / it)
2026-08-21 15:32:03,078 [INFO] Qual: EPOCH[42] -> PLCC: 0.887753, SROCC: 0.841687, KROCC: 0.657050, LOSS: 0.217935
2026-08-21 15:32:03,078 [INFO] Align: EPOCH[42] -> PLCC: 0.788671, SROCC: 0.635514, KROCC: 0.460215, LOSS: 0.396432
2026-08-21 15:32:03,078 [INFO] Start training
2026-08-21 15:32:03,352 [INFO] Start training epoch 43, 37 iters per inner epoch.
2026-08-21 15:32:27,546 [INFO] Averaged stats: lr: 0.000006  loss: 0.010582
2026-08-21 15:32:27,626 [INFO] Evaluating on val.
Train: data epoch: [43]  [ 0/37]  eta: 0:00:47  lr: 0.000006  loss: 0.0082  time: 1.2878  data: 0.0001  max mem: 9222
Train: data epoch: [43]  [20/37]  eta: 0:00:10  lr: 0.000006  loss: 0.0102  time: 0.6145  data: 0.0000  max mem: 9222
Train: data epoch: [43]  [36/37]  eta: 0:00:00  lr: 0.000006  loss: 0.0107  time: 0.6622  data: 0.0000  max mem: 9222
Train: data epoch: [43] Total time: 0:00:24 (0.6539 s / it)
2026-08-21 15:32:35,487 [INFO] Qual: EPOCH[43] -> PLCC: 0.887328, SROCC: 0.841147, KROCC: 0.656373, LOSS: 0.218071
2026-08-21 15:32:35,488 [INFO] Align: EPOCH[43] -> PLCC: 0.787920, SROCC: 0.635241, KROCC: 0.460147, LOSS: 0.398074
2026-08-21 15:32:35,488 [INFO] Start training
2026-08-21 15:32:35,793 [INFO] Start training epoch 44, 37 iters per inner epoch.
2026-08-21 15:33:00,408 [INFO] Averaged stats: lr: 0.000004  loss: 0.010403
2026-08-21 15:33:00,483 [INFO] Evaluating on val.
Train: data epoch: [44]  [ 0/37]  eta: 0:01:02  lr: 0.000004  loss: 0.0073  time: 1.6961  data: 0.0001  max mem: 9222
Train: data epoch: [44]  [20/37]  eta: 0:00:11  lr: 0.000004  loss: 0.0116  time: 0.6186  data: 0.0000  max mem: 9222
Train: data epoch: [44]  [36/37]  eta: 0:00:00  lr: 0.000004  loss: 0.0137  time: 0.6585  data: 0.0000  max mem: 9222
Train: data epoch: [44] Total time: 0:00:24 (0.6653 s / it)
2026-08-21 15:33:08,496 [INFO] Qual: EPOCH[44] -> PLCC: 0.887212, SROCC: 0.841110, KROCC: 0.656294, LOSS: 0.218169
2026-08-21 15:33:08,496 [INFO] Align: EPOCH[44] -> PLCC: 0.787596, SROCC: 0.634403, KROCC: 0.459628, LOSS: 0.398162
2026-08-21 15:33:08,496 [INFO] Start training
2026-08-21 15:33:08,771 [INFO] Start training epoch 45, 37 iters per inner epoch.
2026-08-21 15:33:33,258 [INFO] Averaged stats: lr: 0.000003  loss: 0.010726
2026-08-21 15:33:33,360 [INFO] Evaluating on val.
Train: data epoch: [45]  [ 0/37]  eta: 0:00:51  lr: 0.000003  loss: 0.0174  time: 1.3886  data: 0.0001  max mem: 9222
Train: data epoch: [45]  [20/37]  eta: 0:00:11  lr: 0.000003  loss: 0.0072  time: 0.6276  data: 0.0000  max mem: 9222
Train: data epoch: [45]  [36/37]  eta: 0:00:00  lr: 0.000003  loss: 0.0120  time: 0.6580  data: 0.0000  max mem: 9222
Train: data epoch: [45] Total time: 0:00:24 (0.6618 s / it)
2026-08-21 15:33:41,202 [INFO] Qual: EPOCH[45] -> PLCC: 0.887570, SROCC: 0.841315, KROCC: 0.656598, LOSS: 0.218293
2026-08-21 15:33:41,203 [INFO] Align: EPOCH[45] -> PLCC: 0.787492, SROCC: 0.634780, KROCC: 0.459820, LOSS: 0.399162
2026-08-21 15:33:41,217 [INFO] Saving checkpoint at epoch 45 to run/20260821150_R0_V11_s4/checkpoint_latest.pth.
2026-08-21 15:33:41,271 [INFO] Start training
2026-08-21 15:33:41,569 [INFO] Start training epoch 46, 37 iters per inner epoch.
2026-08-21 15:34:04,987 [INFO] Averaged stats: lr: 0.000003  loss: 0.010517
2026-08-21 15:34:05,080 [INFO] Evaluating on val.
Train: data epoch: [46]  [ 0/37]  eta: 0:00:35  lr: 0.000003  loss: 0.0124  time: 0.9496  data: 0.0001  max mem: 9222
Train: data epoch: [46]  [20/37]  eta: 0:00:10  lr: 0.000003  loss: 0.0074  time: 0.5905  data: 0.0000  max mem: 9222
Train: data epoch: [46]  [36/37]  eta: 0:00:00  lr: 0.000003  loss: 0.0098  time: 0.6650  data: 0.0000  max mem: 9222
Train: data epoch: [46] Total time: 0:00:23 (0.6329 s / it)
2026-08-21 15:34:13,144 [INFO] Qual: EPOCH[46] -> PLCC: 0.887390, SROCC: 0.841524, KROCC: 0.657004, LOSS: 0.218397
2026-08-21 15:34:13,144 [INFO] Align: EPOCH[46] -> PLCC: 0.787419, SROCC: 0.634834, KROCC: 0.459764, LOSS: 0.399394
2026-08-21 15:34:13,145 [INFO] Start training
2026-08-21 15:34:13,446 [INFO] Start training epoch 47, 37 iters per inner epoch.
2026-08-21 15:34:36,542 [INFO] Averaged stats: lr: 0.000002  loss: 0.010644
2026-08-21 15:34:36,627 [INFO] Evaluating on val.
Train: data epoch: [47]  [ 0/37]  eta: 0:00:48  lr: 0.000002  loss: 0.0128  time: 1.3079  data: 0.0001  max mem: 9222
Train: data epoch: [47]  [20/37]  eta: 0:00:10  lr: 0.000002  loss: 0.0117  time: 0.5616  data: 0.0000  max mem: 9222
Train: data epoch: [47]  [36/37]  eta: 0:00:00  lr: 0.000002  loss: 0.0111  time: 0.6338  data: 0.0000  max mem: 9222
Train: data epoch: [47] Total time: 0:00:23 (0.6242 s / it)
2026-08-21 15:34:44,635 [INFO] Qual: EPOCH[47] -> PLCC: 0.887437, SROCC: 0.841423, KROCC: 0.656779, LOSS: 0.218115
2026-08-21 15:34:44,635 [INFO] Align: EPOCH[47] -> PLCC: 0.787551, SROCC: 0.634848, KROCC: 0.459865, LOSS: 0.398396
2026-08-21 15:34:44,636 [INFO] Start training
2026-08-21 15:34:44,947 [INFO] Start training epoch 48, 37 iters per inner epoch.
2026-08-21 15:35:08,250 [INFO] Averaged stats: lr: 0.000001  loss: 0.009954
2026-08-21 15:35:08,337 [INFO] Evaluating on val.
Train: data epoch: [48]  [ 0/37]  eta: 0:00:49  lr: 0.000001  loss: 0.0102  time: 1.3470  data: 0.0002  max mem: 9222
Train: data epoch: [48]  [20/37]  eta: 0:00:10  lr: 0.000001  loss: 0.0066  time: 0.5698  data: 0.0000  max mem: 9222
Train: data epoch: [48]  [36/37]  eta: 0:00:00  lr: 0.000001  loss: 0.0096  time: 0.6079  data: 0.0000  max mem: 9222
Train: data epoch: [48] Total time: 0:00:23 (0.6298 s / it)
2026-08-21 15:35:16,326 [INFO] Qual: EPOCH[48] -> PLCC: 0.887324, SROCC: 0.841359, KROCC: 0.656756, LOSS: 0.218510
2026-08-21 15:35:16,326 [INFO] Align: EPOCH[48] -> PLCC: 0.787554, SROCC: 0.634645, KROCC: 0.459741, LOSS: 0.398364
2026-08-21 15:35:16,327 [INFO] Start training
2026-08-21 15:35:16,599 [INFO] Start training epoch 49, 37 iters per inner epoch.
2026-08-21 15:35:39,801 [INFO] Averaged stats: lr: 0.000001  loss: 0.010030
2026-08-21 15:35:39,876 [INFO] Evaluating on val.
Train: data epoch: [49]  [ 0/37]  eta: 0:00:51  lr: 0.000001  loss: 0.0133  time: 1.3952  data: 0.0001  max mem: 9222
Train: data epoch: [49]  [20/37]  eta: 0:00:10  lr: 0.000001  loss: 0.0089  time: 0.5763  data: 0.0000  max mem: 9222
Train: data epoch: [49]  [36/37]  eta: 0:00:00  lr: 0.000001  loss: 0.0075  time: 0.5988  data: 0.0000  max mem: 9222
Train: data epoch: [49] Total time: 0:00:23 (0.6271 s / it)
2026-08-21 15:35:47,833 [INFO] Qual: EPOCH[49] -> PLCC: 0.887215, SROCC: 0.841325, KROCC: 0.656610, LOSS: 0.218518
2026-08-21 15:35:47,833 [INFO] Align: EPOCH[49] -> PLCC: 0.787553, SROCC: 0.634607, KROCC: 0.459662, LOSS: 0.398534
2026-08-21 15:35:47,845 [INFO] Saving checkpoint at epoch 49 to run/20260821150_R0_V11_s4/checkpoint_latest.pth.
[{'agg_metrics': np.float64(4.411885113414581), 'qual_agg': np.float64(2.430162780031497), 'qual_PLCC': np.float64(0.8995845468383805), 'qual_SROCC': np.float64(0.8574048247343355), 'qual_KROCC': np.float64(0.6731734084587808), 'align_agg': np.float64(1.9817223333830842), 'align_PLCC': np.float64(0.8219395224650482), 'align_SROCC': np.float64(0.6710230287179852), 'align_KROCC': np.float64(0.48875978220005095)}]
{'agg_metrics': np.float64(4.411885113414581), 'qual_agg': np.float64(2.430162780031497), 'qual_PLCC': np.float64(0.8995845468383805), 'qual_SROCC': np.float64(0.8574048247343355), 'qual_KROCC': np.float64(0.6731734084587808), 'align_agg': np.float64(1.9817223333830842), 'align_PLCC': np.float64(0.8219395224650482), 'align_SROCC': np.float64(0.6710230287179852), 'align_KROCC': np.float64(0.48875978220005095)}
