2026-08-22 00:44:31,610 [INFO] Loaded init weights from init_ckpt/v17_aigiqa20k_seed42.pth
2026-08-22 00:44:31,610 [INFO] Start training
2026-08-22 00:44:31,634 [INFO] number of trainable parameters: 2886534
Not using distributed mode
['msqr_dgmpq_daps_v16', 'msqr_dgmpq_hcmi_v8', 'msqr_dgmpq_mscm_v10', 'msqr_dgmpq_mscm_v11', 'msqr_dgmpq_mscm_v12', 'msqr_dgmpq_msrc_v14', 'msqr_dgmpq_ptlc_v15', 'msqr_dgmpq_qard_v17', 'msqr_dgmpq_tcap_v9']
2026-08-22 00:44:33,451 [INFO] Start training epoch 0, 218 iters per inner epoch.
2026-08-22 00:46:30,812 [INFO] Averaged stats: lr: 0.000088  loss: 3.999192
2026-08-22 00:46:30,892 [INFO] Evaluating on val.
Train: data epoch: [0]  [  0/218]  eta: 0:34:31  lr: 0.000000  loss: 16.3560  time: 9.5025  data: 0.0001  max mem: 5055
Train: data epoch: [0]  [ 20/218]  eta: 0:02:56  lr: 0.000040  loss: 15.0345  time: 0.4609  data: 0.0000  max mem: 5063
Train: data epoch: [0]  [ 40/218]  eta: 0:02:06  lr: 0.000080  loss: 12.6397  time: 0.5154  data: 0.0000  max mem: 5063
Train: data epoch: [0]  [ 60/218]  eta: 0:01:40  lr: 0.000100  loss: 5.3855  time: 0.4860  data: 0.0000  max mem: 5063
Train: data epoch: [0]  [ 80/218]  eta: 0:01:22  lr: 0.000100  loss: 1.0519  time: 0.4876  data: 0.0000  max mem: 5063
Train: data epoch: [0]  [100/218]  eta: 0:01:08  lr: 0.000100  loss: 0.3502  time: 0.5097  data: 0.0000  max mem: 5063
Train: data epoch: [0]  [120/218]  eta: 0:00:55  lr: 0.000100  loss: 0.2859  time: 0.5003  data: 0.0000  max mem: 5063
Train: data epoch: [0]  [140/218]  eta: 0:00:43  lr: 0.000100  loss: 0.2600  time: 0.5006  data: 0.0000  max mem: 5063
Train: data epoch: [0]  [160/218]  eta: 0:00:31  lr: 0.000100  loss: 0.2616  time: 0.4999  data: 0.0000  max mem: 5063
Train: data epoch: [0]  [180/218]  eta: 0:00:20  lr: 0.000100  loss: 0.2016  time: 0.5041  data: 0.0000  max mem: 5063
Train: data epoch: [0]  [200/218]  eta: 0:00:09  lr: 0.000100  loss: 0.1730  time: 0.5022  data: 0.0000  max mem: 5063
Train: data epoch: [0]  [217/218]  eta: 0:00:00  lr: 0.000100  loss: 0.2571  time: 0.5009  data: 0.0000  max mem: 5063
Train: data epoch: [0] Total time: 0:01:57 (0.5383 s / it)
2026-08-22 00:46:51,852 [INFO] AIGIQA-20K: EPOCH[0] -> SRCC 0.6969 PLCC_raw 0.7942 PLCC_mapped 0.8010 KRCC 0.5121 MainScore_official 0.7490
2026-08-22 00:46:51,869 [INFO] Saving checkpoint at epoch 0 to run/20260822004_R0_V17_20k/checkpoint_best.pth.
2026-08-22 00:46:51,927 [INFO] Saving checkpoint at epoch 0 to run/20260822004_R0_V17_20k/checkpoint_best_joint.pth.
2026-08-22 00:46:52,000 [INFO] Saving checkpoint at epoch 0 to run/20260822004_R0_V17_20k/checkpoint_best_main.pth.
2026-08-22 00:46:52,068 [INFO] Start training
2026-08-22 00:46:52,558 [INFO] Start training epoch 1, 218 iters per inner epoch.
2026-08-22 00:48:45,054 [INFO] Averaged stats: lr: 0.000100  loss: 0.145626
2026-08-22 00:48:45,171 [INFO] Evaluating on val.
Train: data epoch: [1]  [  0/218]  eta: 0:14:09  lr: 0.000100  loss: 0.2019  time: 3.8983  data: 0.0001  max mem: 5063
Train: data epoch: [1]  [ 20/218]  eta: 0:02:27  lr: 0.000100  loss: 0.1632  time: 0.5860  data: 0.0000  max mem: 5063
Train: data epoch: [1]  [ 40/218]  eta: 0:01:43  lr: 0.000100  loss: 0.2144  time: 0.4138  data: 0.0000  max mem: 5063
Train: data epoch: [1]  [ 60/218]  eta: 0:01:24  lr: 0.000100  loss: 0.1926  time: 0.4401  data: 0.0000  max mem: 5063
Train: data epoch: [1]  [ 80/218]  eta: 0:01:12  lr: 0.000100  loss: 0.2556  time: 0.4800  data: 0.0000  max mem: 5063
Train: data epoch: [1]  [100/218]  eta: 0:01:02  lr: 0.000100  loss: 0.1145  time: 0.5699  data: 0.0000  max mem: 5063
Train: data epoch: [1]  [120/218]  eta: 0:00:51  lr: 0.000100  loss: 0.1632  time: 0.5149  data: 0.0000  max mem: 5063
Train: data epoch: [1]  [140/218]  eta: 0:00:40  lr: 0.000100  loss: 0.1231  time: 0.4948  data: 0.0000  max mem: 5063
Train: data epoch: [1]  [160/218]  eta: 0:00:30  lr: 0.000100  loss: 0.1028  time: 0.4889  data: 0.0000  max mem: 5063
Train: data epoch: [1]  [180/218]  eta: 0:00:19  lr: 0.000100  loss: 0.1213  time: 0.5041  data: 0.0000  max mem: 5063
Train: data epoch: [1]  [200/218]  eta: 0:00:09  lr: 0.000100  loss: 0.1510  time: 0.5055  data: 0.0000  max mem: 5063
Train: data epoch: [1]  [217/218]  eta: 0:00:00  lr: 0.000100  loss: 0.1536  time: 0.5067  data: 0.0000  max mem: 5063
Train: data epoch: [1] Total time: 0:01:52 (0.5160 s / it)
2026-08-22 00:49:14,784 [INFO] AIGIQA-20K: EPOCH[1] -> SRCC 0.7940 PLCC_raw 0.8681 PLCC_mapped 0.8694 KRCC 0.6062 MainScore_official 0.8317
2026-08-22 00:49:14,797 [INFO] Saving checkpoint at epoch 1 to run/20260822004_R0_V17_20k/checkpoint_best_main.pth.
2026-08-22 00:49:14,846 [INFO] Start training
2026-08-22 00:49:15,134 [INFO] Start training epoch 2, 218 iters per inner epoch.
2026-08-22 00:50:59,342 [INFO] Averaged stats: lr: 0.000099  loss: 0.109414
2026-08-22 00:50:59,451 [INFO] Evaluating on val.
Train: data epoch: [2]  [  0/218]  eta: 0:11:27  lr: 0.000099  loss: 0.1176  time: 3.1534  data: 0.0001  max mem: 5063
Train: data epoch: [2]  [ 20/218]  eta: 0:01:36  lr: 0.000099  loss: 0.1169  time: 0.3532  data: 0.0000  max mem: 5063
Train: data epoch: [2]  [ 40/218]  eta: 0:01:18  lr: 0.000099  loss: 0.1321  time: 0.3951  data: 0.0000  max mem: 5063
Train: data epoch: [2]  [ 60/218]  eta: 0:01:13  lr: 0.000099  loss: 0.1193  time: 0.5177  data: 0.0000  max mem: 5063
Train: data epoch: [2]  [ 80/218]  eta: 0:01:01  lr: 0.000099  loss: 0.1282  time: 0.3872  data: 0.0000  max mem: 5063
Train: data epoch: [2]  [100/218]  eta: 0:00:53  lr: 0.000099  loss: 0.1047  time: 0.4699  data: 0.0000  max mem: 5063
Train: data epoch: [2]  [120/218]  eta: 0:00:46  lr: 0.000099  loss: 0.0532  time: 0.5701  data: 0.0000  max mem: 5063
Train: data epoch: [2]  [140/218]  eta: 0:00:36  lr: 0.000099  loss: 0.0962  time: 0.4698  data: 0.0000  max mem: 5063
Train: data epoch: [2]  [160/218]  eta: 0:00:27  lr: 0.000099  loss: 0.0818  time: 0.4723  data: 0.0000  max mem: 5063
Train: data epoch: [2]  [180/218]  eta: 0:00:17  lr: 0.000099  loss: 0.1396  time: 0.4879  data: 0.0000  max mem: 5063
Train: data epoch: [2]  [200/218]  eta: 0:00:08  lr: 0.000099  loss: 0.1027  time: 0.5007  data: 0.0000  max mem: 5063
Train: data epoch: [2]  [217/218]  eta: 0:00:00  lr: 0.000099  loss: 0.1523  time: 0.5039  data: 0.0000  max mem: 5063
Train: data epoch: [2] Total time: 0:01:44 (0.4780 s / it)
2026-08-22 00:51:26,504 [INFO] AIGIQA-20K: EPOCH[2] -> SRCC 0.8204 PLCC_raw 0.8837 PLCC_mapped 0.8854 KRCC 0.6339 MainScore_official 0.8529
2026-08-22 00:51:26,518 [INFO] Saving checkpoint at epoch 2 to run/20260822004_R0_V17_20k/checkpoint_best_main.pth.
2026-08-22 00:51:26,573 [INFO] Start training
2026-08-22 00:51:26,993 [INFO] Start training epoch 3, 218 iters per inner epoch.
2026-08-22 00:53:14,122 [INFO] Averaged stats: lr: 0.000098  loss: 0.095492
2026-08-22 00:53:14,196 [INFO] Evaluating on val.
Train: data epoch: [3]  [  0/218]  eta: 0:26:31  lr: 0.000098  loss: 0.0686  time: 7.2991  data: 0.0001  max mem: 5063
Train: data epoch: [3]  [ 20/218]  eta: 0:02:44  lr: 0.000098  loss: 0.0747  time: 0.5062  data: 0.0000  max mem: 5063
Train: data epoch: [3]  [ 40/218]  eta: 0:01:47  lr: 0.000098  loss: 0.0683  time: 0.3725  data: 0.0000  max mem: 5063
Train: data epoch: [3]  [ 60/218]  eta: 0:01:24  lr: 0.000098  loss: 0.0802  time: 0.3944  data: 0.0000  max mem: 5063
Train: data epoch: [3]  [ 80/218]  eta: 0:01:08  lr: 0.000098  loss: 0.0864  time: 0.3863  data: 0.0000  max mem: 5063
Train: data epoch: [3]  [100/218]  eta: 0:00:59  lr: 0.000098  loss: 0.0944  time: 0.5187  data: 0.0000  max mem: 5063
Train: data epoch: [3]  [120/218]  eta: 0:00:49  lr: 0.000098  loss: 0.0855  time: 0.4848  data: 0.0000  max mem: 5063
Train: data epoch: [3]  [140/218]  eta: 0:00:37  lr: 0.000098  loss: 0.0956  time: 0.3450  data: 0.0000  max mem: 5063
Train: data epoch: [3]  [160/218]  eta: 0:00:27  lr: 0.000098  loss: 0.0987  time: 0.4499  data: 0.0000  max mem: 5063
Train: data epoch: [3]  [180/218]  eta: 0:00:18  lr: 0.000098  loss: 0.1163  time: 0.6401  data: 0.0000  max mem: 5063
Train: data epoch: [3]  [200/218]  eta: 0:00:08  lr: 0.000098  loss: 0.0711  time: 0.4650  data: 0.0000  max mem: 5063
Train: data epoch: [3]  [217/218]  eta: 0:00:00  lr: 0.000098  loss: 0.0633  time: 0.5034  data: 0.0000  max mem: 5063
Train: data epoch: [3] Total time: 0:01:47 (0.4914 s / it)
2026-08-22 00:53:42,800 [INFO] AIGIQA-20K: EPOCH[3] -> SRCC 0.8329 PLCC_raw 0.8924 PLCC_mapped 0.8931 KRCC 0.6480 MainScore_official 0.8630
2026-08-22 00:53:42,814 [INFO] Saving checkpoint at epoch 3 to run/20260822004_R0_V17_20k/checkpoint_best_main.pth.
2026-08-22 00:53:42,883 [INFO] Start training
2026-08-22 00:53:43,352 [INFO] Start training epoch 4, 218 iters per inner epoch.
2026-08-22 00:55:26,878 [INFO] Averaged stats: lr: 0.000096  loss: 0.088887
2026-08-22 00:55:26,979 [INFO] Evaluating on val.
Train: data epoch: [4]  [  0/218]  eta: 0:27:59  lr: 0.000096  loss: 0.0982  time: 7.7019  data: 0.0001  max mem: 5063
Train: data epoch: [4]  [ 20/218]  eta: 0:02:43  lr: 0.000096  loss: 0.0939  time: 0.4815  data: 0.0000  max mem: 5063
Train: data epoch: [4]  [ 40/218]  eta: 0:02:00  lr: 0.000096  loss: 0.0925  time: 0.5181  data: 0.0000  max mem: 5063
Train: data epoch: [4]  [ 60/218]  eta: 0:01:30  lr: 0.000096  loss: 0.0757  time: 0.3654  data: 0.0000  max mem: 5063
Train: data epoch: [4]  [ 80/218]  eta: 0:01:14  lr: 0.000096  loss: 0.0937  time: 0.4405  data: 0.0000  max mem: 5063
Train: data epoch: [4]  [100/218]  eta: 0:01:00  lr: 0.000096  loss: 0.1421  time: 0.4151  data: 0.0000  max mem: 5063
Train: data epoch: [4]  [120/218]  eta: 0:00:48  lr: 0.000096  loss: 0.1029  time: 0.3641  data: 0.0000  max mem: 5063
Train: data epoch: [4]  [140/218]  eta: 0:00:37  lr: 0.000096  loss: 0.0973  time: 0.4050  data: 0.0000  max mem: 5063
Train: data epoch: [4]  [160/218]  eta: 0:00:27  lr: 0.000096  loss: 0.1128  time: 0.4968  data: 0.0000  max mem: 5063
Train: data epoch: [4]  [180/218]  eta: 0:00:18  lr: 0.000096  loss: 0.0912  time: 0.5041  data: 0.0000  max mem: 5063
Train: data epoch: [4]  [200/218]  eta: 0:00:08  lr: 0.000096  loss: 0.0561  time: 0.3790  data: 0.0000  max mem: 5063
Train: data epoch: [4]  [217/218]  eta: 0:00:00  lr: 0.000096  loss: 0.1332  time: 0.4911  data: 0.0000  max mem: 5063
Train: data epoch: [4] Total time: 0:01:43 (0.4749 s / it)
2026-08-22 00:55:56,070 [INFO] AIGIQA-20K: EPOCH[4] -> SRCC 0.8394 PLCC_raw 0.8955 PLCC_mapped 0.8965 KRCC 0.6552 MainScore_official 0.8680
2026-08-22 00:55:56,085 [INFO] Saving checkpoint at epoch 4 to run/20260822004_R0_V17_20k/checkpoint_best_main.pth.
2026-08-22 00:55:56,123 [INFO] Start training
2026-08-22 00:55:56,419 [INFO] Start training epoch 5, 218 iters per inner epoch.
2026-08-22 00:57:38,351 [INFO] Averaged stats: lr: 0.000093  loss: 0.083249
2026-08-22 00:57:38,432 [INFO] Evaluating on val.
Train: data epoch: [5]  [  0/218]  eta: 0:12:50  lr: 0.000093  loss: 0.1512  time: 3.5364  data: 0.0001  max mem: 5063
Train: data epoch: [5]  [ 20/218]  eta: 0:01:54  lr: 0.000093  loss: 0.0771  time: 0.4309  data: 0.0000  max mem: 5063
Train: data epoch: [5]  [ 40/218]  eta: 0:01:22  lr: 0.000093  loss: 0.0586  time: 0.3402  data: 0.0000  max mem: 5063
Train: data epoch: [5]  [ 60/218]  eta: 0:01:14  lr: 0.000093  loss: 0.0885  time: 0.4976  data: 0.0000  max mem: 5063
Train: data epoch: [5]  [ 80/218]  eta: 0:01:06  lr: 0.000093  loss: 0.0663  time: 0.5087  data: 0.0000  max mem: 5063
Train: data epoch: [5]  [100/218]  eta: 0:00:53  lr: 0.000093  loss: 0.0891  time: 0.3423  data: 0.0000  max mem: 5063
Train: data epoch: [5]  [120/218]  eta: 0:00:45  lr: 0.000093  loss: 0.0695  time: 0.5100  data: 0.0000  max mem: 5063
Train: data epoch: [5]  [140/218]  eta: 0:00:36  lr: 0.000093  loss: 0.0800  time: 0.4999  data: 0.0000  max mem: 5063
Train: data epoch: [5]  [160/218]  eta: 0:00:27  lr: 0.000093  loss: 0.0637  time: 0.5064  data: 0.0000  max mem: 5063
Train: data epoch: [5]  [180/218]  eta: 0:00:17  lr: 0.000093  loss: 0.0705  time: 0.3897  data: 0.0000  max mem: 5063
Train: data epoch: [5]  [200/218]  eta: 0:00:08  lr: 0.000093  loss: 0.0617  time: 0.4537  data: 0.0000  max mem: 5063
Train: data epoch: [5]  [217/218]  eta: 0:00:00  lr: 0.000093  loss: 0.0873  time: 0.5146  data: 0.0000  max mem: 5063
Train: data epoch: [5] Total time: 0:01:41 (0.4676 s / it)
2026-08-22 00:58:00,892 [INFO] AIGIQA-20K: EPOCH[5] -> SRCC 0.8460 PLCC_raw 0.8977 PLCC_mapped 0.8995 KRCC 0.6626 MainScore_official 0.8728
2026-08-22 00:58:00,907 [INFO] Saving checkpoint at epoch 5 to run/20260822004_R0_V17_20k/checkpoint_best_main.pth.
2026-08-22 00:58:00,948 [INFO] Start training
2026-08-22 00:58:01,247 [INFO] Start training epoch 6, 218 iters per inner epoch.
2026-08-22 00:59:50,468 [INFO] Averaged stats: lr: 0.000091  loss: 0.078588
2026-08-22 00:59:50,669 [INFO] Evaluating on val.
Train: data epoch: [6]  [  0/218]  eta: 0:18:33  lr: 0.000091  loss: 0.0612  time: 5.1068  data: 0.0002  max mem: 5063
Train: data epoch: [6]  [ 20/218]  eta: 0:03:03  lr: 0.000091  loss: 0.0803  time: 0.7203  data: 0.0000  max mem: 5063
Train: data epoch: [6]  [ 40/218]  eta: 0:02:07  lr: 0.000091  loss: 0.0755  time: 0.4977  data: 0.0000  max mem: 5063
Train: data epoch: [6]  [ 60/218]  eta: 0:01:34  lr: 0.000091  loss: 0.0963  time: 0.3419  data: 0.0000  max mem: 5063
Train: data epoch: [6]  [ 80/218]  eta: 0:01:16  lr: 0.000091  loss: 0.0772  time: 0.4317  data: 0.0000  max mem: 5063
Train: data epoch: [6]  [100/218]  eta: 0:01:04  lr: 0.000091  loss: 0.0714  time: 0.5256  data: 0.0000  max mem: 5063
Train: data epoch: [6]  [120/218]  eta: 0:00:51  lr: 0.000091  loss: 0.0655  time: 0.3926  data: 0.0000  max mem: 5063
Train: data epoch: [6]  [140/218]  eta: 0:00:39  lr: 0.000091  loss: 0.0837  time: 0.4300  data: 0.0000  max mem: 5063
Train: data epoch: [6]  [160/218]  eta: 0:00:29  lr: 0.000091  loss: 0.0476  time: 0.4868  data: 0.0000  max mem: 5063
Train: data epoch: [6]  [180/218]  eta: 0:00:19  lr: 0.000091  loss: 0.0518  time: 0.4832  data: 0.0000  max mem: 5063
Train: data epoch: [6]  [200/218]  eta: 0:00:09  lr: 0.000091  loss: 0.0558  time: 0.5039  data: 0.0000  max mem: 5063
Train: data epoch: [6]  [217/218]  eta: 0:00:00  lr: 0.000091  loss: 0.0872  time: 0.4666  data: 0.0000  max mem: 5063
Train: data epoch: [6] Total time: 0:01:49 (0.5010 s / it)
2026-08-22 01:00:18,804 [INFO] AIGIQA-20K: EPOCH[6] -> SRCC 0.8476 PLCC_raw 0.8987 PLCC_mapped 0.9003 KRCC 0.6639 MainScore_official 0.8740
2026-08-22 01:00:18,863 [INFO] Saving checkpoint at epoch 6 to run/20260822004_R0_V17_20k/checkpoint_best_main.pth.
2026-08-22 01:00:18,955 [INFO] Start training
2026-08-22 01:00:19,455 [INFO] Start training epoch 7, 218 iters per inner epoch.
2026-08-22 01:02:15,272 [INFO] Averaged stats: lr: 0.000087  loss: 0.075720
2026-08-22 01:02:15,366 [INFO] Evaluating on val.
Train: data epoch: [7]  [  0/218]  eta: 0:28:21  lr: 0.000087  loss: 0.0775  time: 7.8028  data: 0.0001  max mem: 5063
Train: data epoch: [7]  [ 20/218]  eta: 0:03:37  lr: 0.000087  loss: 0.0694  time: 0.7648  data: 0.0000  max mem: 5063
Train: data epoch: [7]  [ 40/218]  eta: 0:02:23  lr: 0.000087  loss: 0.1093  time: 0.4981  data: 0.0000  max mem: 5063
Train: data epoch: [7]  [ 60/218]  eta: 0:01:42  lr: 0.000087  loss: 0.1044  time: 0.3337  data: 0.0000  max mem: 5063
Train: data epoch: [7]  [ 80/218]  eta: 0:01:22  lr: 0.000087  loss: 0.0793  time: 0.4347  data: 0.0000  max mem: 5063
Train: data epoch: [7]  [100/218]  eta: 0:01:08  lr: 0.000087  loss: 0.0864  time: 0.5200  data: 0.0000  max mem: 5063
Train: data epoch: [7]  [120/218]  eta: 0:00:54  lr: 0.000087  loss: 0.0780  time: 0.4043  data: 0.0000  max mem: 5063
Train: data epoch: [7]  [140/218]  eta: 0:00:41  lr: 0.000087  loss: 0.0642  time: 0.4443  data: 0.0000  max mem: 5063
Train: data epoch: [7]  [160/218]  eta: 0:00:31  lr: 0.000087  loss: 0.1067  time: 0.5446  data: 0.0000  max mem: 5063
Train: data epoch: [7]  [180/218]  eta: 0:00:20  lr: 0.000087  loss: 0.1164  time: 0.5150  data: 0.0000  max mem: 5063
Train: data epoch: [7]  [200/218]  eta: 0:00:09  lr: 0.000087  loss: 0.0632  time: 0.5105  data: 0.0000  max mem: 5063
Train: data epoch: [7]  [217/218]  eta: 0:00:00  lr: 0.000087  loss: 0.0661  time: 0.5048  data: 0.0000  max mem: 5063
Train: data epoch: [7] Total time: 0:01:55 (0.5313 s / it)
2026-08-22 01:02:38,605 [INFO] AIGIQA-20K: EPOCH[7] -> SRCC 0.8492 PLCC_raw 0.8997 PLCC_mapped 0.9010 KRCC 0.6658 MainScore_official 0.8751
2026-08-22 01:02:38,620 [INFO] Saving checkpoint at epoch 7 to run/20260822004_R0_V17_20k/checkpoint_best_main.pth.
2026-08-22 01:02:38,673 [INFO] Start training
2026-08-22 01:02:38,957 [INFO] Start training epoch 8, 218 iters per inner epoch.
2026-08-22 01:04:18,609 [INFO] Averaged stats: lr: 0.000084  loss: 0.071923
2026-08-22 01:04:18,713 [INFO] Evaluating on val.
Train: data epoch: [8]  [  0/218]  eta: 0:13:47  lr: 0.000084  loss: 0.0824  time: 3.7972  data: 0.0001  max mem: 5063
Train: data epoch: [8]  [ 20/218]  eta: 0:02:00  lr: 0.000084  loss: 0.0845  time: 0.4499  data: 0.0000  max mem: 5063
Train: data epoch: [8]  [ 40/218]  eta: 0:01:31  lr: 0.000084  loss: 0.0616  time: 0.4149  data: 0.0000  max mem: 5063
Train: data epoch: [8]  [ 60/218]  eta: 0:01:17  lr: 0.000084  loss: 0.0823  time: 0.4448  data: 0.0000  max mem: 5063
Train: data epoch: [8]  [ 80/218]  eta: 0:01:06  lr: 0.000084  loss: 0.1043  time: 0.4563  data: 0.0000  max mem: 5063
Train: data epoch: [8]  [100/218]  eta: 0:00:53  lr: 0.000084  loss: 0.0400  time: 0.3397  data: 0.0000  max mem: 5063
Train: data epoch: [8]  [120/218]  eta: 0:00:44  lr: 0.000084  loss: 0.0650  time: 0.4541  data: 0.0000  max mem: 5063
Train: data epoch: [8]  [140/218]  eta: 0:00:36  lr: 0.000084  loss: 0.0566  time: 0.5097  data: 0.0000  max mem: 5063
Train: data epoch: [8]  [160/218]  eta: 0:00:26  lr: 0.000084  loss: 0.0677  time: 0.3751  data: 0.0000  max mem: 5063
Train: data epoch: [8]  [180/218]  eta: 0:00:17  lr: 0.000084  loss: 0.0610  time: 0.4712  data: 0.0000  max mem: 5063
Train: data epoch: [8]  [200/218]  eta: 0:00:08  lr: 0.000084  loss: 0.0650  time: 0.4540  data: 0.0000  max mem: 5063
Train: data epoch: [8]  [217/218]  eta: 0:00:00  lr: 0.000084  loss: 0.0454  time: 0.4911  data: 0.0000  max mem: 5063
Train: data epoch: [8] Total time: 0:01:39 (0.4571 s / it)
2026-08-22 01:04:51,609 [INFO] AIGIQA-20K: EPOCH[8] -> SRCC 0.8506 PLCC_raw 0.9007 PLCC_mapped 0.9016 KRCC 0.6674 MainScore_official 0.8761
2026-08-22 01:04:51,623 [INFO] Saving checkpoint at epoch 8 to run/20260822004_R0_V17_20k/checkpoint_best_main.pth.
2026-08-22 01:04:51,668 [INFO] Start training
2026-08-22 01:04:51,952 [INFO] Start training epoch 9, 218 iters per inner epoch.
2026-08-22 01:06:41,235 [INFO] Averaged stats: lr: 0.000080  loss: 0.069143
2026-08-22 01:06:41,313 [INFO] Evaluating on val.
Train: data epoch: [9]  [  0/218]  eta: 0:15:16  lr: 0.000080  loss: 0.0797  time: 4.2039  data: 0.0001  max mem: 5063
Train: data epoch: [9]  [ 20/218]  eta: 0:03:07  lr: 0.000080  loss: 0.0937  time: 0.7850  data: 0.0000  max mem: 5063
Train: data epoch: [9]  [ 40/218]  eta: 0:02:10  lr: 0.000080  loss: 0.0530  time: 0.5122  data: 0.0000  max mem: 5063
Train: data epoch: [9]  [ 60/218]  eta: 0:01:37  lr: 0.000080  loss: 0.0783  time: 0.3675  data: 0.0000  max mem: 5063
Train: data epoch: [9]  [ 80/218]  eta: 0:01:18  lr: 0.000080  loss: 0.0843  time: 0.4401  data: 0.0000  max mem: 5063
Train: data epoch: [9]  [100/218]  eta: 0:01:02  lr: 0.000080  loss: 0.0601  time: 0.3698  data: 0.0000  max mem: 5063
Train: data epoch: [9]  [120/218]  eta: 0:00:50  lr: 0.000080  loss: 0.0714  time: 0.4200  data: 0.0000  max mem: 5063
Train: data epoch: [9]  [140/218]  eta: 0:00:40  lr: 0.000080  loss: 0.0662  time: 0.5428  data: 0.0000  max mem: 5063
Train: data epoch: [9]  [160/218]  eta: 0:00:29  lr: 0.000080  loss: 0.0828  time: 0.3980  data: 0.0000  max mem: 5063
Train: data epoch: [9]  [180/218]  eta: 0:00:18  lr: 0.000080  loss: 0.0631  time: 0.4290  data: 0.0000  max mem: 5063
Train: data epoch: [9]  [200/218]  eta: 0:00:09  lr: 0.000080  loss: 0.0607  time: 0.5701  data: 0.0000  max mem: 5063
Train: data epoch: [9]  [217/218]  eta: 0:00:00  lr: 0.000080  loss: 0.0672  time: 0.4887  data: 0.0000  max mem: 5063
Train: data epoch: [9] Total time: 0:01:49 (0.5013 s / it)
2026-08-22 01:07:09,453 [INFO] AIGIQA-20K: EPOCH[9] -> SRCC 0.8510 PLCC_raw 0.9009 PLCC_mapped 0.9016 KRCC 0.6682 MainScore_official 0.8763
2026-08-22 01:07:09,467 [INFO] Saving checkpoint at epoch 9 to run/20260822004_R0_V17_20k/checkpoint_best_main.pth.
2026-08-22 01:07:09,504 [INFO] Start training
2026-08-22 01:07:09,798 [INFO] Start training epoch 10, 218 iters per inner epoch.
2026-08-22 01:08:52,192 [INFO] Averaged stats: lr: 0.000075  loss: 0.065787
2026-08-22 01:08:52,272 [INFO] Evaluating on val.
Train: data epoch: [10]  [  0/218]  eta: 0:16:55  lr: 0.000075  loss: 0.0781  time: 4.6581  data: 0.0001  max mem: 5063
Train: data epoch: [10]  [ 20/218]  eta: 0:02:26  lr: 0.000075  loss: 0.0650  time: 0.5457  data: 0.0000  max mem: 5063
Train: data epoch: [10]  [ 40/218]  eta: 0:01:42  lr: 0.000075  loss: 0.0563  time: 0.4057  data: 0.0000  max mem: 5063
Train: data epoch: [10]  [ 60/218]  eta: 0:01:24  lr: 0.000075  loss: 0.0605  time: 0.4484  data: 0.0000  max mem: 5063
Train: data epoch: [10]  [ 80/218]  eta: 0:01:13  lr: 0.000075  loss: 0.0607  time: 0.5312  data: 0.0000  max mem: 5063
Train: data epoch: [10]  [100/218]  eta: 0:01:00  lr: 0.000075  loss: 0.0822  time: 0.4338  data: 0.0000  max mem: 5063
Train: data epoch: [10]  [120/218]  eta: 0:00:48  lr: 0.000075  loss: 0.0770  time: 0.3748  data: 0.0000  max mem: 5063
Train: data epoch: [10]  [140/218]  eta: 0:00:36  lr: 0.000075  loss: 0.1092  time: 0.3050  data: 0.0000  max mem: 5063
Train: data epoch: [10]  [160/218]  eta: 0:00:27  lr: 0.000075  loss: 0.0518  time: 0.5217  data: 0.0000  max mem: 5063
Train: data epoch: [10]  [180/218]  eta: 0:00:18  lr: 0.000075  loss: 0.0740  time: 0.4937  data: 0.0000  max mem: 5063
Train: data epoch: [10]  [200/218]  eta: 0:00:08  lr: 0.000075  loss: 0.0633  time: 0.4095  data: 0.0000  max mem: 5063
Train: data epoch: [10]  [217/218]  eta: 0:00:00  lr: 0.000075  loss: 0.0685  time: 0.4870  data: 0.0000  max mem: 5063
Train: data epoch: [10] Total time: 0:01:42 (0.4697 s / it)
2026-08-22 01:09:18,617 [INFO] AIGIQA-20K: EPOCH[10] -> SRCC 0.8522 PLCC_raw 0.9013 PLCC_mapped 0.9021 KRCC 0.6693 MainScore_official 0.8771
2026-08-22 01:09:18,634 [INFO] Saving checkpoint at epoch 10 to run/20260822004_R0_V17_20k/checkpoint_best_main.pth.
2026-08-22 01:09:18,679 [INFO] Start training
2026-08-22 01:09:18,978 [INFO] Start training epoch 11, 218 iters per inner epoch.
2026-08-22 01:11:03,347 [INFO] Averaged stats: lr: 0.000071  loss: 0.063454
2026-08-22 01:11:03,421 [INFO] Evaluating on val.
Train: data epoch: [11]  [  0/218]  eta: 0:19:32  lr: 0.000071  loss: 0.0449  time: 5.3769  data: 0.0001  max mem: 5063
Train: data epoch: [11]  [ 20/218]  eta: 0:02:25  lr: 0.000071  loss: 0.0548  time: 0.5013  data: 0.0000  max mem: 5063
Train: data epoch: [11]  [ 40/218]  eta: 0:01:51  lr: 0.000071  loss: 0.0620  time: 0.5086  data: 0.0000  max mem: 5063
Train: data epoch: [11]  [ 60/218]  eta: 0:01:31  lr: 0.000071  loss: 0.0632  time: 0.4791  data: 0.0000  max mem: 5063
Train: data epoch: [11]  [ 80/218]  eta: 0:01:15  lr: 0.000071  loss: 0.0434  time: 0.4608  data: 0.0000  max mem: 5063
Train: data epoch: [11]  [100/218]  eta: 0:01:00  lr: 0.000071  loss: 0.0517  time: 0.3849  data: 0.0000  max mem: 5063
Train: data epoch: [11]  [120/218]  eta: 0:00:50  lr: 0.000071  loss: 0.0819  time: 0.5140  data: 0.0000  max mem: 5063
Train: data epoch: [11]  [140/218]  eta: 0:00:39  lr: 0.000071  loss: 0.0967  time: 0.4927  data: 0.0000  max mem: 5063
Train: data epoch: [11]  [160/218]  eta: 0:00:28  lr: 0.000071  loss: 0.0840  time: 0.2881  data: 0.0000  max mem: 5063
Train: data epoch: [11]  [180/218]  eta: 0:00:17  lr: 0.000071  loss: 0.0525  time: 0.3249  data: 0.0000  max mem: 5063
Train: data epoch: [11]  [200/218]  eta: 0:00:08  lr: 0.000071  loss: 0.0556  time: 0.5562  data: 0.0000  max mem: 5063
Train: data epoch: [11]  [217/218]  eta: 0:00:00  lr: 0.000071  loss: 0.0753  time: 0.5144  data: 0.0000  max mem: 5063
Train: data epoch: [11] Total time: 0:01:44 (0.4787 s / it)
2026-08-22 01:11:34,998 [INFO] AIGIQA-20K: EPOCH[11] -> SRCC 0.8518 PLCC_raw 0.9006 PLCC_mapped 0.9020 KRCC 0.6691 MainScore_official 0.8769
2026-08-22 01:11:34,999 [INFO] Start training
2026-08-22 01:11:35,304 [INFO] Start training epoch 12, 218 iters per inner epoch.
2026-08-22 01:13:16,750 [INFO] Averaged stats: lr: 0.000066  loss: 0.061591
2026-08-22 01:13:16,854 [INFO] Evaluating on val.
Train: data epoch: [12]  [  0/218]  eta: 0:19:26  lr: 0.000066  loss: 0.0592  time: 5.3510  data: 0.0001  max mem: 5063
Train: data epoch: [12]  [ 20/218]  eta: 0:02:24  lr: 0.000066  loss: 0.0761  time: 0.4997  data: 0.0000  max mem: 5063
Train: data epoch: [12]  [ 40/218]  eta: 0:01:45  lr: 0.000066  loss: 0.0659  time: 0.4501  data: 0.0000  max mem: 5063
Train: data epoch: [12]  [ 60/218]  eta: 0:01:27  lr: 0.000066  loss: 0.1006  time: 0.4755  data: 0.0000  max mem: 5063
Train: data epoch: [12]  [ 80/218]  eta: 0:01:14  lr: 0.000066  loss: 0.0478  time: 0.5033  data: 0.0000  max mem: 5063
Train: data epoch: [12]  [100/218]  eta: 0:01:03  lr: 0.000066  loss: 0.0571  time: 0.5055  data: 0.0000  max mem: 5063
Train: data epoch: [12]  [120/218]  eta: 0:00:49  lr: 0.000066  loss: 0.0536  time: 0.3719  data: 0.0000  max mem: 5063
Train: data epoch: [12]  [140/218]  eta: 0:00:38  lr: 0.000066  loss: 0.0916  time: 0.4486  data: 0.0000  max mem: 5063
Train: data epoch: [12]  [160/218]  eta: 0:00:29  lr: 0.000066  loss: 0.0774  time: 0.5193  data: 0.0000  max mem: 5063
Train: data epoch: [12]  [180/218]  eta: 0:00:18  lr: 0.000066  loss: 0.0419  time: 0.3879  data: 0.0000  max mem: 5063
Train: data epoch: [12]  [200/218]  eta: 0:00:08  lr: 0.000066  loss: 0.0470  time: 0.3326  data: 0.0000  max mem: 5063
Train: data epoch: [12]  [217/218]  eta: 0:00:00  lr: 0.000066  loss: 0.0900  time: 0.3596  data: 0.0000  max mem: 5063
Train: data epoch: [12] Total time: 0:01:41 (0.4653 s / it)
2026-08-22 01:13:40,423 [INFO] AIGIQA-20K: EPOCH[12] -> SRCC 0.8524 PLCC_raw 0.9013 PLCC_mapped 0.9023 KRCC 0.6697 MainScore_official 0.8773
2026-08-22 01:13:40,437 [INFO] Saving checkpoint at epoch 12 to run/20260822004_R0_V17_20k/checkpoint_best_main.pth.
2026-08-22 01:13:40,495 [INFO] Start training
2026-08-22 01:13:40,794 [INFO] Start training epoch 13, 218 iters per inner epoch.
2026-08-22 01:15:30,825 [INFO] Averaged stats: lr: 0.000061  loss: 0.059295
2026-08-22 01:15:30,901 [INFO] Evaluating on val.
Train: data epoch: [13]  [  0/218]  eta: 0:18:23  lr: 0.000061  loss: 0.0443  time: 5.0608  data: 0.0001  max mem: 5063
Train: data epoch: [13]  [ 20/218]  eta: 0:02:22  lr: 0.000061  loss: 0.0429  time: 0.5047  data: 0.0000  max mem: 5063
Train: data epoch: [13]  [ 40/218]  eta: 0:01:49  lr: 0.000061  loss: 0.0600  time: 0.5051  data: 0.0000  max mem: 5063
Train: data epoch: [13]  [ 60/218]  eta: 0:01:31  lr: 0.000061  loss: 0.0579  time: 0.4954  data: 0.0000  max mem: 5063
Train: data epoch: [13]  [ 80/218]  eta: 0:01:17  lr: 0.000061  loss: 0.0683  time: 0.5034  data: 0.0000  max mem: 5063
Train: data epoch: [13]  [100/218]  eta: 0:01:04  lr: 0.000061  loss: 0.0879  time: 0.5073  data: 0.0000  max mem: 5063
Train: data epoch: [13]  [120/218]  eta: 0:00:53  lr: 0.000061  loss: 0.0493  time: 0.5079  data: 0.0000  max mem: 5063
Train: data epoch: [13]  [140/218]  eta: 0:00:41  lr: 0.000061  loss: 0.0516  time: 0.5080  data: 0.0000  max mem: 5063
Train: data epoch: [13]  [160/218]  eta: 0:00:30  lr: 0.000061  loss: 0.0597  time: 0.4431  data: 0.0000  max mem: 5063
Train: data epoch: [13]  [180/218]  eta: 0:00:19  lr: 0.000061  loss: 0.0457  time: 0.3806  data: 0.0000  max mem: 5063
Train: data epoch: [13]  [200/218]  eta: 0:00:09  lr: 0.000061  loss: 0.0449  time: 0.5137  data: 0.0000  max mem: 5063
Train: data epoch: [13]  [217/218]  eta: 0:00:00  lr: 0.000061  loss: 0.0564  time: 0.4576  data: 0.0000  max mem: 5063
Train: data epoch: [13] Total time: 0:01:50 (0.5047 s / it)
2026-08-22 01:15:56,874 [INFO] AIGIQA-20K: EPOCH[13] -> SRCC 0.8523 PLCC_raw 0.9007 PLCC_mapped 0.9014 KRCC 0.6693 MainScore_official 0.8768
2026-08-22 01:15:56,875 [INFO] Start training
2026-08-22 01:15:57,231 [INFO] Start training epoch 14, 218 iters per inner epoch.
2026-08-22 01:17:50,655 [INFO] Averaged stats: lr: 0.000056  loss: 0.057383
2026-08-22 01:17:50,782 [INFO] Evaluating on val.
Train: data epoch: [14]  [  0/218]  eta: 0:23:42  lr: 0.000056  loss: 0.0520  time: 6.5247  data: 0.0002  max mem: 5063
Train: data epoch: [14]  [ 20/218]  eta: 0:02:38  lr: 0.000056  loss: 0.0603  time: 0.5149  data: 0.0000  max mem: 5063
Train: data epoch: [14]  [ 40/218]  eta: 0:01:54  lr: 0.000056  loss: 0.0592  time: 0.4800  data: 0.0000  max mem: 5063
Train: data epoch: [14]  [ 60/218]  eta: 0:01:33  lr: 0.000056  loss: 0.0546  time: 0.4800  data: 0.0000  max mem: 5063
Train: data epoch: [14]  [ 80/218]  eta: 0:01:18  lr: 0.000056  loss: 0.0645  time: 0.5076  data: 0.0000  max mem: 5063
Train: data epoch: [14]  [100/218]  eta: 0:01:05  lr: 0.000056  loss: 0.0710  time: 0.5048  data: 0.0000  max mem: 5063
Train: data epoch: [14]  [120/218]  eta: 0:00:53  lr: 0.000056  loss: 0.0522  time: 0.5046  data: 0.0000  max mem: 5063
Train: data epoch: [14]  [140/218]  eta: 0:00:42  lr: 0.000056  loss: 0.0497  time: 0.5065  data: 0.0000  max mem: 5063
Train: data epoch: [14]  [160/218]  eta: 0:00:31  lr: 0.000056  loss: 0.0573  time: 0.5033  data: 0.0000  max mem: 5063
Train: data epoch: [14]  [180/218]  eta: 0:00:20  lr: 0.000056  loss: 0.0665  time: 0.5066  data: 0.0000  max mem: 5063
Train: data epoch: [14]  [200/218]  eta: 0:00:09  lr: 0.000056  loss: 0.0430  time: 0.4870  data: 0.0000  max mem: 5063
Train: data epoch: [14]  [217/218]  eta: 0:00:00  lr: 0.000056  loss: 0.0515  time: 0.4064  data: 0.0000  max mem: 5063
Train: data epoch: [14] Total time: 0:01:53 (0.5203 s / it)
2026-08-22 01:18:14,423 [INFO] AIGIQA-20K: EPOCH[14] -> SRCC 0.8524 PLCC_raw 0.9005 PLCC_mapped 0.9012 KRCC 0.6698 MainScore_official 0.8768
2026-08-22 01:18:14,424 [INFO] Start training
2026-08-22 01:18:14,710 [INFO] Start training epoch 15, 218 iters per inner epoch.
2026-08-22 01:20:08,577 [INFO] Averaged stats: lr: 0.000051  loss: 0.055748
2026-08-22 01:20:08,684 [INFO] Evaluating on val.
Train: data epoch: [15]  [  0/218]  eta: 0:12:11  lr: 0.000051  loss: 0.0416  time: 3.3535  data: 0.0001  max mem: 5063
Train: data epoch: [15]  [ 20/218]  eta: 0:02:29  lr: 0.000051  loss: 0.0372  time: 0.6244  data: 0.0000  max mem: 5063
Train: data epoch: [15]  [ 40/218]  eta: 0:02:02  lr: 0.000051  loss: 0.0460  time: 0.6150  data: 0.0000  max mem: 5063
Train: data epoch: [15]  [ 60/218]  eta: 0:01:37  lr: 0.000051  loss: 0.0662  time: 0.4700  data: 0.0000  max mem: 5063
Train: data epoch: [15]  [ 80/218]  eta: 0:01:20  lr: 0.000051  loss: 0.0689  time: 0.4907  data: 0.0000  max mem: 5063
Train: data epoch: [15]  [100/218]  eta: 0:01:07  lr: 0.000051  loss: 0.0433  time: 0.5025  data: 0.0000  max mem: 5063
Train: data epoch: [15]  [120/218]  eta: 0:00:54  lr: 0.000051  loss: 0.0412  time: 0.5059  data: 0.0000  max mem: 5063
Train: data epoch: [15]  [140/218]  eta: 0:00:42  lr: 0.000051  loss: 0.0443  time: 0.5065  data: 0.0000  max mem: 5063
Train: data epoch: [15]  [160/218]  eta: 0:00:31  lr: 0.000051  loss: 0.0411  time: 0.5042  data: 0.0000  max mem: 5063
Train: data epoch: [15]  [180/218]  eta: 0:00:20  lr: 0.000051  loss: 0.0543  time: 0.5052  data: 0.0000  max mem: 5063
Train: data epoch: [15]  [200/218]  eta: 0:00:09  lr: 0.000051  loss: 0.0650  time: 0.5042  data: 0.0000  max mem: 5063
Train: data epoch: [15]  [217/218]  eta: 0:00:00  lr: 0.000051  loss: 0.0489  time: 0.3720  data: 0.0000  max mem: 5063
Train: data epoch: [15] Total time: 0:01:53 (0.5223 s / it)
2026-08-22 01:20:29,083 [INFO] AIGIQA-20K: EPOCH[15] -> SRCC 0.8528 PLCC_raw 0.9003 PLCC_mapped 0.9012 KRCC 0.6702 MainScore_official 0.8770
2026-08-22 01:20:29,096 [INFO] Saving checkpoint at epoch 15 to run/20260822004_R0_V17_20k/checkpoint_latest.pth.
2026-08-22 01:20:29,161 [INFO] Start training
2026-08-22 01:20:29,568 [INFO] Start training epoch 16, 218 iters per inner epoch.
2026-08-22 01:22:19,385 [INFO] Averaged stats: lr: 0.000045  loss: 0.052954
2026-08-22 01:22:19,461 [INFO] Evaluating on val.
Train: data epoch: [16]  [  0/218]  eta: 0:13:44  lr: 0.000045  loss: 0.0538  time: 3.7832  data: 0.0001  max mem: 5063
Train: data epoch: [16]  [ 20/218]  eta: 0:01:58  lr: 0.000045  loss: 0.0415  time: 0.4412  data: 0.0000  max mem: 5063
Train: data epoch: [16]  [ 40/218]  eta: 0:01:33  lr: 0.000045  loss: 0.0754  time: 0.4489  data: 0.0000  max mem: 5063
Train: data epoch: [16]  [ 60/218]  eta: 0:01:19  lr: 0.000045  loss: 0.0572  time: 0.4649  data: 0.0000  max mem: 5063
Train: data epoch: [16]  [ 80/218]  eta: 0:01:09  lr: 0.000045  loss: 0.0504  time: 0.5049  data: 0.0000  max mem: 5063
Train: data epoch: [16]  [100/218]  eta: 0:00:59  lr: 0.000045  loss: 0.0767  time: 0.4841  data: 0.0000  max mem: 5063
Train: data epoch: [16]  [120/218]  eta: 0:00:49  lr: 0.000045  loss: 0.0384  time: 0.5057  data: 0.0000  max mem: 5063
Train: data epoch: [16]  [140/218]  eta: 0:00:39  lr: 0.000045  loss: 0.0654  time: 0.5066  data: 0.0000  max mem: 5063
Train: data epoch: [16]  [160/218]  eta: 0:00:29  lr: 0.000045  loss: 0.0706  time: 0.5043  data: 0.0000  max mem: 5063
Train: data epoch: [16]  [180/218]  eta: 0:00:19  lr: 0.000045  loss: 0.0673  time: 0.5048  data: 0.0000  max mem: 5063
Train: data epoch: [16]  [200/218]  eta: 0:00:09  lr: 0.000045  loss: 0.0468  time: 0.5073  data: 0.0000  max mem: 5063
Train: data epoch: [16]  [217/218]  eta: 0:00:00  lr: 0.000045  loss: 0.0655  time: 0.5049  data: 0.0000  max mem: 5063
Train: data epoch: [16] Total time: 0:01:49 (0.5037 s / it)
2026-08-22 01:22:41,378 [INFO] AIGIQA-20K: EPOCH[16] -> SRCC 0.8518 PLCC_raw 0.8996 PLCC_mapped 0.9005 KRCC 0.6693 MainScore_official 0.8762
2026-08-22 01:22:41,379 [INFO] Start training
2026-08-22 01:22:41,684 [INFO] Start training epoch 17, 218 iters per inner epoch.
2026-08-22 01:24:30,074 [INFO] Averaged stats: lr: 0.000040  loss: 0.051975
2026-08-22 01:24:30,171 [INFO] Evaluating on val.
Train: data epoch: [17]  [  0/218]  eta: 0:15:12  lr: 0.000040  loss: 0.0445  time: 4.1861  data: 0.0001  max mem: 5063
Train: data epoch: [17]  [ 20/218]  eta: 0:01:55  lr: 0.000040  loss: 0.0497  time: 0.4041  data: 0.0000  max mem: 5063
Train: data epoch: [17]  [ 40/218]  eta: 0:01:36  lr: 0.000040  loss: 0.0482  time: 0.4981  data: 0.0000  max mem: 5063
Train: data epoch: [17]  [ 60/218]  eta: 0:01:18  lr: 0.000040  loss: 0.0471  time: 0.4017  data: 0.0000  max mem: 5063
Train: data epoch: [17]  [ 80/218]  eta: 0:01:07  lr: 0.000040  loss: 0.0471  time: 0.4801  data: 0.0000  max mem: 5063
Train: data epoch: [17]  [100/218]  eta: 0:00:58  lr: 0.000040  loss: 0.0766  time: 0.5001  data: 0.0000  max mem: 5063
Train: data epoch: [17]  [120/218]  eta: 0:00:48  lr: 0.000040  loss: 0.0570  time: 0.4829  data: 0.0000  max mem: 5063
Train: data epoch: [17]  [140/218]  eta: 0:00:38  lr: 0.000040  loss: 0.0586  time: 0.5059  data: 0.0000  max mem: 5063
Train: data epoch: [17]  [160/218]  eta: 0:00:28  lr: 0.000040  loss: 0.0453  time: 0.4999  data: 0.0000  max mem: 5063
Train: data epoch: [17]  [180/218]  eta: 0:00:18  lr: 0.000040  loss: 0.0483  time: 0.5050  data: 0.0000  max mem: 5063
Train: data epoch: [17]  [200/218]  eta: 0:00:08  lr: 0.000040  loss: 0.0405  time: 0.5038  data: 0.0000  max mem: 5063
Train: data epoch: [17]  [217/218]  eta: 0:00:00  lr: 0.000040  loss: 0.0590  time: 0.5054  data: 0.0000  max mem: 5063
Train: data epoch: [17] Total time: 0:01:48 (0.4972 s / it)
2026-08-22 01:24:56,356 [INFO] AIGIQA-20K: EPOCH[17] -> SRCC 0.8520 PLCC_raw 0.8994 PLCC_mapped 0.9004 KRCC 0.6697 MainScore_official 0.8762
2026-08-22 01:24:56,357 [INFO] Start training
2026-08-22 01:24:56,713 [INFO] Start training epoch 18, 218 iters per inner epoch.
2026-08-22 01:26:42,231 [INFO] Averaged stats: lr: 0.000035  loss: 0.050480
2026-08-22 01:26:42,307 [INFO] Evaluating on val.
Train: data epoch: [18]  [  0/218]  eta: 0:12:33  lr: 0.000035  loss: 0.0490  time: 3.4584  data: 0.0001  max mem: 5063
Train: data epoch: [18]  [ 20/218]  eta: 0:01:46  lr: 0.000035  loss: 0.0647  time: 0.3941  data: 0.0000  max mem: 5063
Train: data epoch: [18]  [ 40/218]  eta: 0:01:30  lr: 0.000035  loss: 0.0492  time: 0.4730  data: 0.0000  max mem: 5063
Train: data epoch: [18]  [ 60/218]  eta: 0:01:17  lr: 0.000035  loss: 0.0612  time: 0.4634  data: 0.0000  max mem: 5063
Train: data epoch: [18]  [ 80/218]  eta: 0:01:04  lr: 0.000035  loss: 0.0368  time: 0.3889  data: 0.0000  max mem: 5063
Train: data epoch: [18]  [100/218]  eta: 0:00:55  lr: 0.000035  loss: 0.0601  time: 0.4747  data: 0.0000  max mem: 5063
Train: data epoch: [18]  [120/218]  eta: 0:00:46  lr: 0.000035  loss: 0.0419  time: 0.5199  data: 0.0000  max mem: 5063
Train: data epoch: [18]  [140/218]  eta: 0:00:37  lr: 0.000035  loss: 0.0588  time: 0.5000  data: 0.0000  max mem: 5063
Train: data epoch: [18]  [160/218]  eta: 0:00:27  lr: 0.000035  loss: 0.0460  time: 0.4748  data: 0.0000  max mem: 5063
Train: data epoch: [18]  [180/218]  eta: 0:00:18  lr: 0.000035  loss: 0.0499  time: 0.4800  data: 0.0000  max mem: 5063
Train: data epoch: [18]  [200/218]  eta: 0:00:08  lr: 0.000035  loss: 0.0705  time: 0.5026  data: 0.0000  max mem: 5063
Train: data epoch: [18]  [217/218]  eta: 0:00:00  lr: 0.000035  loss: 0.0406  time: 0.5076  data: 0.0000  max mem: 5063
Train: data epoch: [18] Total time: 0:01:45 (0.4840 s / it)
2026-08-22 01:27:09,189 [INFO] AIGIQA-20K: EPOCH[18] -> SRCC 0.8524 PLCC_raw 0.8988 PLCC_mapped 0.9002 KRCC 0.6700 MainScore_official 0.8763
2026-08-22 01:27:09,190 [INFO] Start training
2026-08-22 01:27:09,522 [INFO] Start training epoch 19, 218 iters per inner epoch.
2026-08-22 01:28:51,977 [INFO] Averaged stats: lr: 0.000030  loss: 0.049481
2026-08-22 01:28:52,070 [INFO] Evaluating on val.
Train: data epoch: [19]  [  0/218]  eta: 0:11:28  lr: 0.000030  loss: 0.0360  time: 3.1600  data: 0.0002  max mem: 5063
Train: data epoch: [19]  [ 20/218]  eta: 0:02:04  lr: 0.000030  loss: 0.0460  time: 0.5005  data: 0.0000  max mem: 5063
Train: data epoch: [19]  [ 40/218]  eta: 0:01:23  lr: 0.000030  loss: 0.0444  time: 0.3030  data: 0.0000  max mem: 5063
Train: data epoch: [19]  [ 60/218]  eta: 0:01:08  lr: 0.000030  loss: 0.0559  time: 0.3549  data: 0.0000  max mem: 5063
Train: data epoch: [19]  [ 80/218]  eta: 0:01:02  lr: 0.000030  loss: 0.0485  time: 0.5199  data: 0.0000  max mem: 5063
Train: data epoch: [19]  [100/218]  eta: 0:00:53  lr: 0.000030  loss: 0.0678  time: 0.4353  data: 0.0000  max mem: 5063
Train: data epoch: [19]  [120/218]  eta: 0:00:42  lr: 0.000030  loss: 0.0695  time: 0.3556  data: 0.0000  max mem: 5063
Train: data epoch: [19]  [140/218]  eta: 0:00:34  lr: 0.000030  loss: 0.0476  time: 0.4691  data: 0.0000  max mem: 5063
Train: data epoch: [19]  [160/218]  eta: 0:00:26  lr: 0.000030  loss: 0.0505  time: 0.6014  data: 0.0000  max mem: 5063
Train: data epoch: [19]  [180/218]  eta: 0:00:17  lr: 0.000030  loss: 0.0489  time: 0.4986  data: 0.0000  max mem: 5063
Train: data epoch: [19]  [200/218]  eta: 0:00:08  lr: 0.000030  loss: 0.0598  time: 0.4988  data: 0.0000  max mem: 5063
Train: data epoch: [19]  [217/218]  eta: 0:00:00  lr: 0.000030  loss: 0.0563  time: 0.5027  data: 0.0000  max mem: 5063
Train: data epoch: [19] Total time: 0:01:42 (0.4700 s / it)
2026-08-22 01:29:18,579 [INFO] AIGIQA-20K: EPOCH[19] -> SRCC 0.8506 PLCC_raw 0.8984 PLCC_mapped 0.8994 KRCC 0.6678 MainScore_official 0.8750
2026-08-22 01:29:18,580 [INFO] Start training
2026-08-22 01:29:18,881 [INFO] Start training epoch 20, 218 iters per inner epoch.
2026-08-22 01:31:01,856 [INFO] Averaged stats: lr: 0.000026  loss: 0.048416
2026-08-22 01:31:01,942 [INFO] Evaluating on val.
Train: data epoch: [20]  [  0/218]  eta: 0:16:37  lr: 0.000026  loss: 0.0515  time: 4.5763  data: 0.0001  max mem: 5063
Train: data epoch: [20]  [ 20/218]  eta: 0:02:23  lr: 0.000026  loss: 0.0493  time: 0.5302  data: 0.0000  max mem: 5063
Train: data epoch: [20]  [ 40/218]  eta: 0:01:47  lr: 0.000026  loss: 0.0331  time: 0.4812  data: 0.0000  max mem: 5063
Train: data epoch: [20]  [ 60/218]  eta: 0:01:25  lr: 0.000026  loss: 0.0441  time: 0.4082  data: 0.0000  max mem: 5063
Train: data epoch: [20]  [ 80/218]  eta: 0:01:08  lr: 0.000026  loss: 0.0504  time: 0.3601  data: 0.0000  max mem: 5063
Train: data epoch: [20]  [100/218]  eta: 0:00:57  lr: 0.000026  loss: 0.0460  time: 0.4642  data: 0.0000  max mem: 5063
Train: data epoch: [20]  [120/218]  eta: 0:00:47  lr: 0.000026  loss: 0.0566  time: 0.4349  data: 0.0000  max mem: 5063
Train: data epoch: [20]  [140/218]  eta: 0:00:36  lr: 0.000026  loss: 0.0373  time: 0.3819  data: 0.0000  max mem: 5063
Train: data epoch: [20]  [160/218]  eta: 0:00:27  lr: 0.000026  loss: 0.0610  time: 0.4637  data: 0.0000  max mem: 5063
Train: data epoch: [20]  [180/218]  eta: 0:00:17  lr: 0.000026  loss: 0.0514  time: 0.4899  data: 0.0000  max mem: 5063
Train: data epoch: [20]  [200/218]  eta: 0:00:08  lr: 0.000026  loss: 0.0520  time: 0.4759  data: 0.0000  max mem: 5063
Train: data epoch: [20]  [217/218]  eta: 0:00:00  lr: 0.000026  loss: 0.0561  time: 0.5043  data: 0.0000  max mem: 5063
Train: data epoch: [20] Total time: 0:01:42 (0.4724 s / it)
2026-08-22 01:31:28,860 [INFO] AIGIQA-20K: EPOCH[20] -> SRCC 0.8517 PLCC_raw 0.8981 PLCC_mapped 0.8992 KRCC 0.6689 MainScore_official 0.8755
2026-08-22 01:31:28,879 [INFO] Saving checkpoint at epoch 20 to run/20260822004_R0_V17_20k/checkpoint_latest.pth.
2026-08-22 01:31:28,931 [INFO] Start training
2026-08-22 01:31:29,236 [INFO] Start training epoch 21, 218 iters per inner epoch.
2026-08-22 01:33:15,268 [INFO] Averaged stats: lr: 0.000021  loss: 0.047770
2026-08-22 01:33:15,367 [INFO] Evaluating on val.
Train: data epoch: [21]  [  0/218]  eta: 0:17:08  lr: 0.000021  loss: 0.0446  time: 4.7194  data: 0.0001  max mem: 5063
Train: data epoch: [21]  [ 20/218]  eta: 0:03:19  lr: 0.000021  loss: 0.0499  time: 0.8198  data: 0.0000  max mem: 5063
Train: data epoch: [21]  [ 40/218]  eta: 0:02:13  lr: 0.000021  loss: 0.0497  time: 0.4843  data: 0.0000  max mem: 5063
Train: data epoch: [21]  [ 60/218]  eta: 0:01:45  lr: 0.000021  loss: 0.0438  time: 0.5051  data: 0.0000  max mem: 5063
Train: data epoch: [21]  [ 80/218]  eta: 0:01:22  lr: 0.000021  loss: 0.0348  time: 0.3684  data: 0.0000  max mem: 5063
Train: data epoch: [21]  [100/218]  eta: 0:01:03  lr: 0.000021  loss: 0.0426  time: 0.3021  data: 0.0000  max mem: 5063
Train: data epoch: [21]  [120/218]  eta: 0:00:49  lr: 0.000021  loss: 0.0362  time: 0.3454  data: 0.0000  max mem: 5063
Train: data epoch: [21]  [140/218]  eta: 0:00:39  lr: 0.000021  loss: 0.0432  time: 0.4961  data: 0.0000  max mem: 5063
Train: data epoch: [21]  [160/218]  eta: 0:00:28  lr: 0.000021  loss: 0.0389  time: 0.3934  data: 0.0000  max mem: 5063
Train: data epoch: [21]  [180/218]  eta: 0:00:18  lr: 0.000021  loss: 0.0463  time: 0.4150  data: 0.0000  max mem: 5063
Train: data epoch: [21]  [200/218]  eta: 0:00:08  lr: 0.000021  loss: 0.0385  time: 0.5002  data: 0.0000  max mem: 5063
Train: data epoch: [21]  [217/218]  eta: 0:00:00  lr: 0.000021  loss: 0.0573  time: 0.5145  data: 0.0000  max mem: 5063
Train: data epoch: [21] Total time: 0:01:46 (0.4864 s / it)
2026-08-22 01:33:42,881 [INFO] AIGIQA-20K: EPOCH[21] -> SRCC 0.8510 PLCC_raw 0.8981 PLCC_mapped 0.8992 KRCC 0.6682 MainScore_official 0.8751
2026-08-22 01:33:42,882 [INFO] Start training
2026-08-22 01:33:43,232 [INFO] Start training epoch 22, 218 iters per inner epoch.
2026-08-22 01:35:25,377 [INFO] Averaged stats: lr: 0.000017  loss: 0.046571
2026-08-22 01:35:25,488 [INFO] Evaluating on val.
Train: data epoch: [22]  [  0/218]  eta: 0:15:05  lr: 0.000017  loss: 0.0341  time: 4.1534  data: 0.0001  max mem: 5063
Train: data epoch: [22]  [ 20/218]  eta: 0:02:14  lr: 0.000017  loss: 0.0448  time: 0.5040  data: 0.0000  max mem: 5063
Train: data epoch: [22]  [ 40/218]  eta: 0:01:43  lr: 0.000017  loss: 0.0308  time: 0.4842  data: 0.0000  max mem: 5063
Train: data epoch: [22]  [ 60/218]  eta: 0:01:27  lr: 0.000017  loss: 0.0507  time: 0.4932  data: 0.0000  max mem: 5063
Train: data epoch: [22]  [ 80/218]  eta: 0:01:14  lr: 0.000017  loss: 0.0376  time: 0.5054  data: 0.0000  max mem: 5063
Train: data epoch: [22]  [100/218]  eta: 0:01:03  lr: 0.000017  loss: 0.0359  time: 0.5037  data: 0.0000  max mem: 5063
Train: data epoch: [22]  [120/218]  eta: 0:00:50  lr: 0.000017  loss: 0.0448  time: 0.4308  data: 0.0000  max mem: 5063
Train: data epoch: [22]  [140/218]  eta: 0:00:37  lr: 0.000017  loss: 0.0456  time: 0.2769  data: 0.0000  max mem: 5063
Train: data epoch: [22]  [160/218]  eta: 0:00:27  lr: 0.000017  loss: 0.0482  time: 0.4151  data: 0.0000  max mem: 5063
Train: data epoch: [22]  [180/218]  eta: 0:00:18  lr: 0.000017  loss: 0.0499  time: 0.5010  data: 0.0000  max mem: 5063
Train: data epoch: [22]  [200/218]  eta: 0:00:08  lr: 0.000017  loss: 0.0693  time: 0.4045  data: 0.0000  max mem: 5063
Train: data epoch: [22]  [217/218]  eta: 0:00:00  lr: 0.000017  loss: 0.0381  time: 0.4361  data: 0.0000  max mem: 5063
Train: data epoch: [22] Total time: 0:01:42 (0.4686 s / it)
2026-08-22 01:35:51,868 [INFO] AIGIQA-20K: EPOCH[22] -> SRCC 0.8511 PLCC_raw 0.8979 PLCC_mapped 0.8991 KRCC 0.6684 MainScore_official 0.8751
2026-08-22 01:35:51,869 [INFO] Start training
2026-08-22 01:35:52,177 [INFO] Start training epoch 23, 218 iters per inner epoch.
2026-08-22 01:37:43,367 [INFO] Averaged stats: lr: 0.000014  loss: 0.046196
2026-08-22 01:37:43,586 [INFO] Evaluating on val.
Train: data epoch: [23]  [  0/218]  eta: 0:27:32  lr: 0.000014  loss: 0.0437  time: 7.5788  data: 0.0001  max mem: 5063
Train: data epoch: [23]  [ 20/218]  eta: 0:03:23  lr: 0.000014  loss: 0.0464  time: 0.7004  data: 0.0000  max mem: 5063
Train: data epoch: [23]  [ 40/218]  eta: 0:02:23  lr: 0.000014  loss: 0.0267  time: 0.5695  data: 0.0000  max mem: 5063
Train: data epoch: [23]  [ 60/218]  eta: 0:01:51  lr: 0.000014  loss: 0.0463  time: 0.5056  data: 0.0000  max mem: 5063
Train: data epoch: [23]  [ 80/218]  eta: 0:01:30  lr: 0.000014  loss: 0.0404  time: 0.5039  data: 0.0000  max mem: 5063
Train: data epoch: [23]  [100/218]  eta: 0:01:13  lr: 0.000014  loss: 0.0422  time: 0.5084  data: 0.0000  max mem: 5063
Train: data epoch: [23]  [120/218]  eta: 0:00:59  lr: 0.000014  loss: 0.0520  time: 0.5066  data: 0.0000  max mem: 5063
Train: data epoch: [23]  [140/218]  eta: 0:00:44  lr: 0.000014  loss: 0.0596  time: 0.3204  data: 0.0000  max mem: 5063
Train: data epoch: [23]  [160/218]  eta: 0:00:30  lr: 0.000014  loss: 0.0437  time: 0.2747  data: 0.0000  max mem: 5063
Train: data epoch: [23]  [180/218]  eta: 0:00:20  lr: 0.000014  loss: 0.0435  time: 0.5100  data: 0.0000  max mem: 5063
Train: data epoch: [23]  [200/218]  eta: 0:00:09  lr: 0.000014  loss: 0.0548  time: 0.4713  data: 0.0000  max mem: 5063
Train: data epoch: [23]  [217/218]  eta: 0:00:00  lr: 0.000014  loss: 0.0523  time: 0.3746  data: 0.0000  max mem: 5063
Train: data epoch: [23] Total time: 0:01:51 (0.5100 s / it)
2026-08-22 01:38:14,189 [INFO] AIGIQA-20K: EPOCH[23] -> SRCC 0.8508 PLCC_raw 0.8975 PLCC_mapped 0.8987 KRCC 0.6681 MainScore_official 0.8748
2026-08-22 01:38:14,190 [INFO] Start training
2026-08-22 01:38:14,492 [INFO] Start training epoch 24, 218 iters per inner epoch.
2026-08-22 01:39:59,196 [INFO] Averaged stats: lr: 0.000010  loss: 0.045319
2026-08-22 01:39:59,271 [INFO] Evaluating on val.
Train: data epoch: [24]  [  0/218]  eta: 0:19:31  lr: 0.000010  loss: 0.0641  time: 5.3746  data: 0.0001  max mem: 5063
Train: data epoch: [24]  [ 20/218]  eta: 0:02:38  lr: 0.000010  loss: 0.0446  time: 0.5693  data: 0.0000  max mem: 5063
Train: data epoch: [24]  [ 40/218]  eta: 0:01:54  lr: 0.000010  loss: 0.0442  time: 0.4850  data: 0.0000  max mem: 5063
Train: data epoch: [24]  [ 60/218]  eta: 0:01:33  lr: 0.000010  loss: 0.0352  time: 0.4850  data: 0.0000  max mem: 5063
Train: data epoch: [24]  [ 80/218]  eta: 0:01:18  lr: 0.000010  loss: 0.0370  time: 0.4884  data: 0.0000  max mem: 5063
Train: data epoch: [24]  [100/218]  eta: 0:01:05  lr: 0.000010  loss: 0.0520  time: 0.5054  data: 0.0000  max mem: 5063
Train: data epoch: [24]  [120/218]  eta: 0:00:53  lr: 0.000010  loss: 0.0508  time: 0.5091  data: 0.0000  max mem: 5063
Train: data epoch: [24]  [140/218]  eta: 0:00:42  lr: 0.000010  loss: 0.0362  time: 0.5032  data: 0.0000  max mem: 5063
Train: data epoch: [24]  [160/218]  eta: 0:00:29  lr: 0.000010  loss: 0.0405  time: 0.3485  data: 0.0000  max mem: 5063
Train: data epoch: [24]  [180/218]  eta: 0:00:18  lr: 0.000010  loss: 0.0604  time: 0.2451  data: 0.0000  max mem: 5063
Train: data epoch: [24]  [200/218]  eta: 0:00:08  lr: 0.000010  loss: 0.0457  time: 0.3749  data: 0.0000  max mem: 5063
Train: data epoch: [24]  [217/218]  eta: 0:00:00  lr: 0.000010  loss: 0.0415  time: 0.5270  data: 0.0000  max mem: 5063
Train: data epoch: [24] Total time: 0:01:44 (0.4803 s / it)
2026-08-22 01:40:24,102 [INFO] AIGIQA-20K: EPOCH[24] -> SRCC 0.8504 PLCC_raw 0.8975 PLCC_mapped 0.8985 KRCC 0.6675 MainScore_official 0.8745
2026-08-22 01:40:24,103 [INFO] Start training
2026-08-22 01:40:24,407 [INFO] Start training epoch 25, 218 iters per inner epoch.
2026-08-22 01:42:11,554 [INFO] Averaged stats: lr: 0.000008  loss: 0.044899
2026-08-22 01:42:11,690 [INFO] Evaluating on val.
Train: data epoch: [25]  [  0/218]  eta: 0:17:36  lr: 0.000008  loss: 0.0299  time: 4.8481  data: 0.0001  max mem: 5063
Train: data epoch: [25]  [ 20/218]  eta: 0:02:15  lr: 0.000008  loss: 0.0492  time: 0.4762  data: 0.0000  max mem: 5063
Train: data epoch: [25]  [ 40/218]  eta: 0:01:42  lr: 0.000008  loss: 0.0417  time: 0.4607  data: 0.0000  max mem: 5063
Train: data epoch: [25]  [ 60/218]  eta: 0:01:27  lr: 0.000008  loss: 0.0399  time: 0.5047  data: 0.0000  max mem: 5063
Train: data epoch: [25]  [ 80/218]  eta: 0:01:14  lr: 0.000008  loss: 0.0516  time: 0.5043  data: 0.0000  max mem: 5063
Train: data epoch: [25]  [100/218]  eta: 0:01:02  lr: 0.000008  loss: 0.0481  time: 0.5037  data: 0.0000  max mem: 5063
Train: data epoch: [25]  [120/218]  eta: 0:00:51  lr: 0.000008  loss: 0.0343  time: 0.5083  data: 0.0000  max mem: 5063
Train: data epoch: [25]  [140/218]  eta: 0:00:41  lr: 0.000008  loss: 0.0369  time: 0.5055  data: 0.0000  max mem: 5063
Train: data epoch: [25]  [160/218]  eta: 0:00:30  lr: 0.000008  loss: 0.0829  time: 0.5039  data: 0.0000  max mem: 5063
Train: data epoch: [25]  [180/218]  eta: 0:00:19  lr: 0.000008  loss: 0.0353  time: 0.5099  data: 0.0000  max mem: 5063
Train: data epoch: [25]  [200/218]  eta: 0:00:09  lr: 0.000008  loss: 0.0408  time: 0.4568  data: 0.0000  max mem: 5063
Train: data epoch: [25]  [217/218]  eta: 0:00:00  lr: 0.000008  loss: 0.0456  time: 0.2204  data: 0.0000  max mem: 5063
Train: data epoch: [25] Total time: 0:01:47 (0.4915 s / it)
2026-08-22 01:42:33,863 [INFO] AIGIQA-20K: EPOCH[25] -> SRCC 0.8505 PLCC_raw 0.8975 PLCC_mapped 0.8986 KRCC 0.6677 MainScore_official 0.8746
2026-08-22 01:42:33,885 [INFO] Saving checkpoint at epoch 25 to run/20260822004_R0_V17_20k/checkpoint_latest.pth.
2026-08-22 01:42:34,051 [INFO] Start training
2026-08-22 01:42:34,664 [INFO] Start training epoch 26, 218 iters per inner epoch.
2026-08-22 01:44:31,650 [INFO] Averaged stats: lr: 0.000005  loss: 0.044632
2026-08-22 01:44:31,734 [INFO] Evaluating on val.
Train: data epoch: [26]  [  0/218]  eta: 0:22:54  lr: 0.000005  loss: 0.0377  time: 6.3034  data: 0.0001  max mem: 5063
Train: data epoch: [26]  [ 20/218]  eta: 0:02:48  lr: 0.000005  loss: 0.0455  time: 0.5803  data: 0.0000  max mem: 5063
Train: data epoch: [26]  [ 40/218]  eta: 0:02:02  lr: 0.000005  loss: 0.0479  time: 0.5148  data: 0.0000  max mem: 5063
Train: data epoch: [26]  [ 60/218]  eta: 0:01:37  lr: 0.000005  loss: 0.0362  time: 0.4791  data: 0.0000  max mem: 5063
Train: data epoch: [26]  [ 80/218]  eta: 0:01:21  lr: 0.000005  loss: 0.0426  time: 0.4976  data: 0.0000  max mem: 5063
Train: data epoch: [26]  [100/218]  eta: 0:01:07  lr: 0.000005  loss: 0.0525  time: 0.5038  data: 0.0000  max mem: 5063
Train: data epoch: [26]  [120/218]  eta: 0:00:55  lr: 0.000005  loss: 0.0380  time: 0.5059  data: 0.0000  max mem: 5063
Train: data epoch: [26]  [140/218]  eta: 0:00:43  lr: 0.000005  loss: 0.0307  time: 0.5072  data: 0.0000  max mem: 5063
Train: data epoch: [26]  [160/218]  eta: 0:00:31  lr: 0.000005  loss: 0.0420  time: 0.5042  data: 0.0000  max mem: 5063
Train: data epoch: [26]  [180/218]  eta: 0:00:20  lr: 0.000005  loss: 0.0326  time: 0.5058  data: 0.0000  max mem: 5063
Train: data epoch: [26]  [200/218]  eta: 0:00:09  lr: 0.000005  loss: 0.0334  time: 0.5045  data: 0.0000  max mem: 5063
Train: data epoch: [26]  [217/218]  eta: 0:00:00  lr: 0.000005  loss: 0.0472  time: 0.5063  data: 0.0000  max mem: 5063
Train: data epoch: [26] Total time: 0:01:56 (0.5366 s / it)
2026-08-22 01:44:50,012 [INFO] AIGIQA-20K: EPOCH[26] -> SRCC 0.8502 PLCC_raw 0.8973 PLCC_mapped 0.8984 KRCC 0.6673 MainScore_official 0.8743
2026-08-22 01:44:50,013 [INFO] Start training
2026-08-22 01:44:50,331 [INFO] Start training epoch 27, 218 iters per inner epoch.
2026-08-22 01:46:37,518 [INFO] Averaged stats: lr: 0.000003  loss: 0.044579
2026-08-22 01:46:37,609 [INFO] Evaluating on val.
Train: data epoch: [27]  [  0/218]  eta: 0:10:20  lr: 0.000003  loss: 0.0478  time: 2.8457  data: 0.0001  max mem: 5063
Train: data epoch: [27]  [ 20/218]  eta: 0:01:56  lr: 0.000003  loss: 0.0412  time: 0.4738  data: 0.0000  max mem: 5063
Train: data epoch: [27]  [ 40/218]  eta: 0:01:16  lr: 0.000003  loss: 0.0473  time: 0.2599  data: 0.0000  max mem: 5063
Train: data epoch: [27]  [ 60/218]  eta: 0:01:07  lr: 0.000003  loss: 0.0303  time: 0.4355  data: 0.0000  max mem: 5063
Train: data epoch: [27]  [ 80/218]  eta: 0:01:04  lr: 0.000003  loss: 0.0458  time: 0.5796  data: 0.0000  max mem: 5063
Train: data epoch: [27]  [100/218]  eta: 0:00:56  lr: 0.000003  loss: 0.0420  time: 0.5449  data: 0.0000  max mem: 5063
Train: data epoch: [27]  [120/218]  eta: 0:00:47  lr: 0.000003  loss: 0.0385  time: 0.4787  data: 0.0000  max mem: 5063
Train: data epoch: [27]  [140/218]  eta: 0:00:37  lr: 0.000003  loss: 0.0511  time: 0.5081  data: 0.0000  max mem: 5063
Train: data epoch: [27]  [160/218]  eta: 0:00:28  lr: 0.000003  loss: 0.0503  time: 0.5035  data: 0.0000  max mem: 5063
Train: data epoch: [27]  [180/218]  eta: 0:00:18  lr: 0.000003  loss: 0.0427  time: 0.5027  data: 0.0000  max mem: 5063
Train: data epoch: [27]  [200/218]  eta: 0:00:08  lr: 0.000003  loss: 0.0476  time: 0.5016  data: 0.0000  max mem: 5063
Train: data epoch: [27]  [217/218]  eta: 0:00:00  lr: 0.000003  loss: 0.0370  time: 0.5034  data: 0.0000  max mem: 5063
Train: data epoch: [27] Total time: 0:01:47 (0.4917 s / it)
2026-08-22 01:47:08,018 [INFO] AIGIQA-20K: EPOCH[27] -> SRCC 0.8502 PLCC_raw 0.8973 PLCC_mapped 0.8984 KRCC 0.6674 MainScore_official 0.8743
2026-08-22 01:47:08,019 [INFO] Start training
2026-08-22 01:47:08,584 [INFO] Start training epoch 28, 218 iters per inner epoch.
2026-08-22 01:48:57,854 [INFO] Averaged stats: lr: 0.000002  loss: 0.044263
2026-08-22 01:48:57,932 [INFO] Evaluating on val.
Train: data epoch: [28]  [  0/218]  eta: 0:24:17  lr: 0.000002  loss: 0.0462  time: 6.6871  data: 0.0001  max mem: 5063
Train: data epoch: [28]  [ 20/218]  eta: 0:02:29  lr: 0.000002  loss: 0.0435  time: 0.4582  data: 0.0000  max mem: 5063
Train: data epoch: [28]  [ 40/218]  eta: 0:01:50  lr: 0.000002  loss: 0.0410  time: 0.4808  data: 0.0000  max mem: 5063
Train: data epoch: [28]  [ 60/218]  eta: 0:01:21  lr: 0.000002  loss: 0.0482  time: 0.3050  data: 0.0000  max mem: 5063
Train: data epoch: [28]  [ 80/218]  eta: 0:01:08  lr: 0.000002  loss: 0.0653  time: 0.4450  data: 0.0000  max mem: 5063
Train: data epoch: [28]  [100/218]  eta: 0:00:57  lr: 0.000002  loss: 0.0328  time: 0.4401  data: 0.0000  max mem: 5063
Train: data epoch: [28]  [120/218]  eta: 0:00:48  lr: 0.000002  loss: 0.0516  time: 0.5597  data: 0.0000  max mem: 5063
Train: data epoch: [28]  [140/218]  eta: 0:00:38  lr: 0.000002  loss: 0.0340  time: 0.4992  data: 0.0000  max mem: 5063
Train: data epoch: [28]  [160/218]  eta: 0:00:29  lr: 0.000002  loss: 0.0460  time: 0.5047  data: 0.0000  max mem: 5063
Train: data epoch: [28]  [180/218]  eta: 0:00:19  lr: 0.000002  loss: 0.0441  time: 0.5032  data: 0.0000  max mem: 5063
Train: data epoch: [28]  [200/218]  eta: 0:00:09  lr: 0.000002  loss: 0.0560  time: 0.5045  data: 0.0000  max mem: 5063
Train: data epoch: [28]  [217/218]  eta: 0:00:00  lr: 0.000002  loss: 0.0466  time: 0.5039  data: 0.0000  max mem: 5063
Train: data epoch: [28] Total time: 0:01:49 (0.5012 s / it)
2026-08-22 01:49:24,474 [INFO] AIGIQA-20K: EPOCH[28] -> SRCC 0.8502 PLCC_raw 0.8974 PLCC_mapped 0.8984 KRCC 0.6673 MainScore_official 0.8743
2026-08-22 01:49:24,475 [INFO] Start training
2026-08-22 01:49:24,820 [INFO] Start training epoch 29, 218 iters per inner epoch.
2026-08-22 01:51:03,374 [INFO] Averaged stats: lr: 0.000001  loss: 0.044288
2026-08-22 01:51:03,461 [INFO] Evaluating on val.
Train: data epoch: [29]  [  0/218]  eta: 0:09:55  lr: 0.000001  loss: 0.0399  time: 2.7332  data: 0.0001  max mem: 5063
Train: data epoch: [29]  [ 20/218]  eta: 0:01:42  lr: 0.000001  loss: 0.0416  time: 0.4060  data: 0.0000  max mem: 5063
Train: data epoch: [29]  [ 40/218]  eta: 0:01:21  lr: 0.000001  loss: 0.0532  time: 0.3984  data: 0.0000  max mem: 5063
Train: data epoch: [29]  [ 60/218]  eta: 0:01:11  lr: 0.000001  loss: 0.0463  time: 0.4454  data: 0.0000  max mem: 5063
Train: data epoch: [29]  [ 80/218]  eta: 0:01:01  lr: 0.000001  loss: 0.0443  time: 0.4050  data: 0.0000  max mem: 5063
Train: data epoch: [29]  [100/218]  eta: 0:00:53  lr: 0.000001  loss: 0.0299  time: 0.5021  data: 0.0000  max mem: 5063
Train: data epoch: [29]  [120/218]  eta: 0:00:43  lr: 0.000001  loss: 0.0343  time: 0.3683  data: 0.0000  max mem: 5063
Train: data epoch: [29]  [140/218]  eta: 0:00:34  lr: 0.000001  loss: 0.0427  time: 0.4701  data: 0.0000  max mem: 5063
Train: data epoch: [29]  [160/218]  eta: 0:00:25  lr: 0.000001  loss: 0.0351  time: 0.4501  data: 0.0000  max mem: 5063
Train: data epoch: [29]  [180/218]  eta: 0:00:16  lr: 0.000001  loss: 0.0501  time: 0.4542  data: 0.0000  max mem: 5063
Train: data epoch: [29]  [200/218]  eta: 0:00:08  lr: 0.000001  loss: 0.0428  time: 0.4637  data: 0.0000  max mem: 5063
Train: data epoch: [29]  [217/218]  eta: 0:00:00  lr: 0.000001  loss: 0.0494  time: 0.5037  data: 0.0000  max mem: 5063
Train: data epoch: [29] Total time: 0:01:38 (0.4521 s / it)
2026-08-22 01:51:33,461 [INFO] AIGIQA-20K: EPOCH[29] -> SRCC 0.8502 PLCC_raw 0.8973 PLCC_mapped 0.8984 KRCC 0.6673 MainScore_official 0.8743
2026-08-22 01:51:33,475 [INFO] Saving checkpoint at epoch 29 to run/20260822004_R0_V17_20k/checkpoint_latest.pth.
[{'agg_metrics': np.float64(0.8773172245380265), 'main_score_raw': np.float64(0.8768364375102446), 'main_score_official': np.float64(0.8773172245380265), 'srcc': np.float64(0.8523775286640238), 'plcc_raw': np.float64(0.9012953463564654), 'plcc_mapped': np.float64(0.9022569204120291), 'krcc': np.float64(0.6697495422085108), 'mse': 0.0982782743043694, 'loss': 0.0982782743043694}]
{'agg_metrics': np.float64(0.8773172245380265), 'main_score_raw': np.float64(0.8768364375102446), 'main_score_official': np.float64(0.8773172245380265), 'srcc': np.float64(0.8523775286640238), 'plcc_raw': np.float64(0.9012953463564654), 'plcc_mapped': np.float64(0.9022569204120291), 'krcc': np.float64(0.6697495422085108), 'mse': 0.0982782743043694, 'loss': 0.0982782743043694}
