2026-08-21 17:05:18,177 [INFO] Start training
2026-08-21 17:05:18,862 [INFO] number of trainable parameters: 2544165
Not using distributed mode
['msqr_dgmpq_hcmi_v8', 'msqr_dgmpq_mscm_v10', 'msqr_dgmpq_mscm_v11', 'msqr_dgmpq_mscm_v12', 'msqr_dgmpq_tcap_v9']
2026-08-21 17:05:20,719 [INFO] Start training epoch 0, 37 iters per inner epoch.
2026-08-21 17:05:43,451 [INFO] Averaged stats: lr: 0.000036  loss: 7.084510
2026-08-21 17:05:43,532 [INFO] Evaluating on val.
Train: data epoch: [0]  [ 0/37]  eta: 0:02:57  lr: 0.000000  loss: 7.5575  time: 4.7922  data: 0.0001  max mem: 5043
Train: data epoch: [0]  [20/37]  eta: 0:00:11  lr: 0.000040  loss: 6.8896  time: 0.4989  data: 0.0000  max mem: 5055
Train: data epoch: [0]  [36/37]  eta: 0:00:00  lr: 0.000072  loss: 5.8066  time: 0.4981  data: 0.0000  max mem: 5055
Train: data epoch: [0] Total time: 0:00:22 (0.6144 s / it)
2026-08-21 17:05:48,989 [INFO] Qual: EPOCH[0] -> PLCC: -0.129944, SROCC: -0.105087, KROCC: -0.070301, LOSS: 5.734769
2026-08-21 17:05:48,989 [INFO] Align: EPOCH[0] -> PLCC: -0.068058, SROCC: -0.049126, KROCC: -0.032618, LOSS: 6.090056
2026-08-21 17:05:49,003 [INFO] Saving checkpoint at epoch 0 to run/20260821170_R0_V12_s4/checkpoint_best.pth.
2026-08-21 17:05:49,055 [INFO] Saving checkpoint at epoch 0 to run/20260821170_R0_V12_s4/checkpoint_best_joint.pth.
2026-08-21 17:05:49,093 [INFO] Start training
2026-08-21 17:05:49,353 [INFO] Start training epoch 1, 37 iters per inner epoch.
2026-08-21 17:06:06,477 [INFO] Averaged stats: lr: 0.000100  loss: 2.888370
2026-08-21 17:06:06,556 [INFO] Evaluating on val.
Train: data epoch: [1]  [ 0/37]  eta: 0:00:36  lr: 0.000100  loss: 6.8415  time: 0.9915  data: 0.0001  max mem: 5055
Train: data epoch: [1]  [20/37]  eta: 0:00:07  lr: 0.000100  loss: 2.5689  time: 0.4030  data: 0.0000  max mem: 5055
Train: data epoch: [1]  [36/37]  eta: 0:00:00  lr: 0.000100  loss: 0.9712  time: 0.5045  data: 0.0000  max mem: 5055
Train: data epoch: [1] Total time: 0:00:17 (0.4628 s / it)
2026-08-21 17:06:12,583 [INFO] Qual: EPOCH[1] -> PLCC: 0.349223, SROCC: 0.339456, KROCC: 0.231325, LOSS: 1.036182
2026-08-21 17:06:12,584 [INFO] Align: EPOCH[1] -> PLCC: 0.329437, SROCC: 0.334095, KROCC: 0.230536, LOSS: 0.951324
2026-08-21 17:06:12,597 [INFO] Saving checkpoint at epoch 1 to run/20260821170_R0_V12_s4/checkpoint_best.pth.
2026-08-21 17:06:12,652 [INFO] Saving checkpoint at epoch 1 to run/20260821170_R0_V12_s4/checkpoint_best_joint.pth.
2026-08-21 17:06:12,700 [INFO] Start training
2026-08-21 17:06:12,982 [INFO] Start training epoch 2, 37 iters per inner epoch.
2026-08-21 17:06:31,331 [INFO] Averaged stats: lr: 0.000100  loss: 0.739952
2026-08-21 17:06:31,413 [INFO] Evaluating on val.
Train: data epoch: [2]  [ 0/37]  eta: 0:00:53  lr: 0.000100  loss: 0.6647  time: 1.4468  data: 0.0001  max mem: 5055
Train: data epoch: [2]  [20/37]  eta: 0:00:08  lr: 0.000100  loss: 0.7013  time: 0.4435  data: 0.0000  max mem: 5055
Train: data epoch: [2]  [36/37]  eta: 0:00:00  lr: 0.000100  loss: 0.6006  time: 0.5015  data: 0.0000  max mem: 5055
Train: data epoch: [2] Total time: 0:00:18 (0.4959 s / it)
2026-08-21 17:06:37,287 [INFO] Qual: EPOCH[2] -> PLCC: 0.745404, SROCC: 0.695329, KROCC: 0.508015, LOSS: 0.488449
2026-08-21 17:06:37,287 [INFO] Align: EPOCH[2] -> PLCC: 0.670036, SROCC: 0.599326, KROCC: 0.428353, LOSS: 0.544217
2026-08-21 17:06:37,300 [INFO] Saving checkpoint at epoch 2 to run/20260821170_R0_V12_s4/checkpoint_best.pth.
2026-08-21 17:06:37,375 [INFO] Saving checkpoint at epoch 2 to run/20260821170_R0_V12_s4/checkpoint_best_joint.pth.
2026-08-21 17:06:37,440 [INFO] Start training
2026-08-21 17:06:37,691 [INFO] Start training epoch 3, 37 iters per inner epoch.
2026-08-21 17:06:55,850 [INFO] Averaged stats: lr: 0.000099  loss: 0.394672
2026-08-21 17:06:55,921 [INFO] Evaluating on val.
Train: data epoch: [3]  [ 0/37]  eta: 0:00:46  lr: 0.000099  loss: 0.5857  time: 1.2534  data: 0.0001  max mem: 5055
Train: data epoch: [3]  [20/37]  eta: 0:00:08  lr: 0.000099  loss: 0.4113  time: 0.4441  data: 0.0000  max mem: 5055
Train: data epoch: [3]  [36/37]  eta: 0:00:00  lr: 0.000099  loss: 0.3373  time: 0.4805  data: 0.0000  max mem: 5055
Train: data epoch: [3] Total time: 0:00:18 (0.4907 s / it)
2026-08-21 17:07:02,087 [INFO] Qual: EPOCH[3] -> PLCC: 0.843271, SROCC: 0.777638, KROCC: 0.585513, LOSS: 0.280250
2026-08-21 17:07:02,088 [INFO] Align: EPOCH[3] -> PLCC: 0.780618, SROCC: 0.668117, KROCC: 0.485104, LOSS: 0.374037
2026-08-21 17:07:02,102 [INFO] Saving checkpoint at epoch 3 to run/20260821170_R0_V12_s4/checkpoint_best.pth.
2026-08-21 17:07:02,160 [INFO] Saving checkpoint at epoch 3 to run/20260821170_R0_V12_s4/checkpoint_best_joint.pth.
2026-08-21 17:07:02,204 [INFO] Start training
2026-08-21 17:07:02,481 [INFO] Start training epoch 4, 37 iters per inner epoch.
2026-08-21 17:07:20,383 [INFO] Averaged stats: lr: 0.000098  loss: 0.268985
2026-08-21 17:07:20,456 [INFO] Evaluating on val.
Train: data epoch: [4]  [ 0/37]  eta: 0:00:43  lr: 0.000098  loss: 0.2477  time: 1.1754  data: 0.0001  max mem: 5055
Train: data epoch: [4]  [20/37]  eta: 0:00:08  lr: 0.000098  loss: 0.1905  time: 0.4536  data: 0.0000  max mem: 5055
Train: data epoch: [4]  [36/37]  eta: 0:00:00  lr: 0.000098  loss: 0.2931  time: 0.4745  data: 0.0000  max mem: 5055
Train: data epoch: [4] Total time: 0:00:17 (0.4838 s / it)
2026-08-21 17:07:26,862 [INFO] Qual: EPOCH[4] -> PLCC: 0.868138, SROCC: 0.809436, KROCC: 0.619307, LOSS: 0.238796
2026-08-21 17:07:26,862 [INFO] Align: EPOCH[4] -> PLCC: 0.821836, SROCC: 0.694031, KROCC: 0.509632, LOSS: 0.306215
2026-08-21 17:07:26,882 [INFO] Saving checkpoint at epoch 4 to run/20260821170_R0_V12_s4/checkpoint_best.pth.
2026-08-21 17:07:26,964 [INFO] Saving checkpoint at epoch 4 to run/20260821170_R0_V12_s4/checkpoint_best_joint.pth.
2026-08-21 17:07:27,017 [INFO] Start training
2026-08-21 17:07:27,321 [INFO] Start training epoch 5, 37 iters per inner epoch.
2026-08-21 17:07:44,636 [INFO] Averaged stats: lr: 0.000098  loss: 0.236738
2026-08-21 17:07:44,705 [INFO] Evaluating on val.
Train: data epoch: [5]  [ 0/37]  eta: 0:00:38  lr: 0.000098  loss: 0.2380  time: 1.0308  data: 0.0001  max mem: 5055
Train: data epoch: [5]  [20/37]  eta: 0:00:07  lr: 0.000098  loss: 0.2120  time: 0.4411  data: 0.0000  max mem: 5055
Train: data epoch: [5]  [36/37]  eta: 0:00:00  lr: 0.000098  loss: 0.2312  time: 0.4659  data: 0.0000  max mem: 5055
Train: data epoch: [5] Total time: 0:00:17 (0.4680 s / it)
2026-08-21 17:07:51,021 [INFO] Qual: EPOCH[5] -> PLCC: 0.878616, SROCC: 0.825721, KROCC: 0.636706, LOSS: 0.223238
2026-08-21 17:07:51,021 [INFO] Align: EPOCH[5] -> PLCC: 0.830416, SROCC: 0.703442, KROCC: 0.518049, LOSS: 0.304227
2026-08-21 17:07:51,039 [INFO] Saving checkpoint at epoch 5 to run/20260821170_R0_V12_s4/checkpoint_best.pth.
2026-08-21 17:07:51,109 [INFO] Saving checkpoint at epoch 5 to run/20260821170_R0_V12_s4/checkpoint_best_joint.pth.
2026-08-21 17:07:51,161 [INFO] Start training
2026-08-21 17:07:51,472 [INFO] Start training epoch 6, 37 iters per inner epoch.
2026-08-21 17:08:09,116 [INFO] Averaged stats: lr: 0.000097  loss: 0.219951
2026-08-21 17:08:09,205 [INFO] Evaluating on val.
Train: data epoch: [6]  [ 0/37]  eta: 0:00:47  lr: 0.000097  loss: 0.2793  time: 1.2825  data: 0.0001  max mem: 5055
Train: data epoch: [6]  [20/37]  eta: 0:00:08  lr: 0.000097  loss: 0.1963  time: 0.4509  data: 0.0000  max mem: 5055
Train: data epoch: [6]  [36/37]  eta: 0:00:00  lr: 0.000097  loss: 0.1751  time: 0.4405  data: 0.0000  max mem: 5055
Train: data epoch: [6] Total time: 0:00:17 (0.4769 s / it)
2026-08-21 17:08:15,674 [INFO] Qual: EPOCH[6] -> PLCC: 0.883600, SROCC: 0.833431, KROCC: 0.645360, LOSS: 0.212289
2026-08-21 17:08:15,674 [INFO] Align: EPOCH[6] -> PLCC: 0.839729, SROCC: 0.712320, KROCC: 0.526816, LOSS: 0.283134
2026-08-21 17:08:15,687 [INFO] Saving checkpoint at epoch 6 to run/20260821170_R0_V12_s4/checkpoint_best.pth.
2026-08-21 17:08:15,749 [INFO] Saving checkpoint at epoch 6 to run/20260821170_R0_V12_s4/checkpoint_best_joint.pth.
2026-08-21 17:08:15,802 [INFO] Start training
2026-08-21 17:08:16,094 [INFO] Start training epoch 7, 37 iters per inner epoch.
2026-08-21 17:08:33,540 [INFO] Averaged stats: lr: 0.000095  loss: 0.205845
2026-08-21 17:08:33,625 [INFO] Evaluating on val.
Train: data epoch: [7]  [ 0/37]  eta: 0:00:38  lr: 0.000095  loss: 0.2243  time: 1.0481  data: 0.0001  max mem: 5055
Train: data epoch: [7]  [20/37]  eta: 0:00:08  lr: 0.000095  loss: 0.2990  time: 0.4869  data: 0.0000  max mem: 5055
Train: data epoch: [7]  [36/37]  eta: 0:00:00  lr: 0.000095  loss: 0.2663  time: 0.4364  data: 0.0000  max mem: 5055
Train: data epoch: [7] Total time: 0:00:17 (0.4715 s / it)
2026-08-21 17:08:40,709 [INFO] Qual: EPOCH[7] -> PLCC: 0.888617, SROCC: 0.838916, KROCC: 0.651667, LOSS: 0.203985
2026-08-21 17:08:40,709 [INFO] Align: EPOCH[7] -> PLCC: 0.843796, SROCC: 0.718822, KROCC: 0.533461, LOSS: 0.269618
2026-08-21 17:08:40,726 [INFO] Saving checkpoint at epoch 7 to run/20260821170_R0_V12_s4/checkpoint_best.pth.
2026-08-21 17:08:40,789 [INFO] Saving checkpoint at epoch 7 to run/20260821170_R0_V12_s4/checkpoint_best_joint.pth.
2026-08-21 17:08:40,836 [INFO] Start training
2026-08-21 17:08:41,108 [INFO] Start training epoch 8, 37 iters per inner epoch.
2026-08-21 17:08:59,630 [INFO] Averaged stats: lr: 0.000094  loss: 0.195948
2026-08-21 17:08:59,712 [INFO] Evaluating on val.
Train: data epoch: [8]  [ 0/37]  eta: 0:00:48  lr: 0.000094  loss: 0.2069  time: 1.3107  data: 0.0001  max mem: 5055
Train: data epoch: [8]  [20/37]  eta: 0:00:09  lr: 0.000094  loss: 0.1799  time: 0.4915  data: 0.0000  max mem: 5055
Train: data epoch: [8]  [36/37]  eta: 0:00:00  lr: 0.000094  loss: 0.1696  time: 0.4737  data: 0.0000  max mem: 5055
Train: data epoch: [8] Total time: 0:00:18 (0.5006 s / it)
2026-08-21 17:09:05,655 [INFO] Qual: EPOCH[8] -> PLCC: 0.892739, SROCC: 0.844126, KROCC: 0.657930, LOSS: 0.207573
2026-08-21 17:09:05,655 [INFO] Align: EPOCH[8] -> PLCC: 0.845631, SROCC: 0.721776, KROCC: 0.536237, LOSS: 0.284276
2026-08-21 17:09:05,672 [INFO] Saving checkpoint at epoch 8 to run/20260821170_R0_V12_s4/checkpoint_best.pth.
2026-08-21 17:09:05,754 [INFO] Saving checkpoint at epoch 8 to run/20260821170_R0_V12_s4/checkpoint_best_joint.pth.
2026-08-21 17:09:05,814 [INFO] Start training
2026-08-21 17:09:06,113 [INFO] Start training epoch 9, 37 iters per inner epoch.
2026-08-21 17:09:24,219 [INFO] Averaged stats: lr: 0.000092  loss: 0.185312
2026-08-21 17:09:24,298 [INFO] Evaluating on val.
Train: data epoch: [9]  [ 0/37]  eta: 0:00:49  lr: 0.000092  loss: 0.1795  time: 1.3436  data: 0.0001  max mem: 5055
Train: data epoch: [9]  [20/37]  eta: 0:00:08  lr: 0.000092  loss: 0.1999  time: 0.4882  data: 0.0000  max mem: 5055
Train: data epoch: [9]  [36/37]  eta: 0:00:00  lr: 0.000092  loss: 0.2227  time: 0.4543  data: 0.0000  max mem: 5055
Train: data epoch: [9] Total time: 0:00:18 (0.4893 s / it)
2026-08-21 17:09:30,266 [INFO] Qual: EPOCH[9] -> PLCC: 0.896045, SROCC: 0.848862, KROCC: 0.663624, LOSS: 0.192655
2026-08-21 17:09:30,266 [INFO] Align: EPOCH[9] -> PLCC: 0.848219, SROCC: 0.725487, KROCC: 0.539983, LOSS: 0.272238
2026-08-21 17:09:30,280 [INFO] Saving checkpoint at epoch 9 to run/20260821170_R0_V12_s4/checkpoint_best.pth.
2026-08-21 17:09:30,345 [INFO] Saving checkpoint at epoch 9 to run/20260821170_R0_V12_s4/checkpoint_best_joint.pth.
2026-08-21 17:09:30,395 [INFO] Start training
2026-08-21 17:09:30,661 [INFO] Start training epoch 10, 37 iters per inner epoch.
2026-08-21 17:09:48,660 [INFO] Averaged stats: lr: 0.000091  loss: 0.178827
2026-08-21 17:09:48,752 [INFO] Evaluating on val.
Train: data epoch: [10]  [ 0/37]  eta: 0:00:35  lr: 0.000091  loss: 0.2059  time: 0.9554  data: 0.0001  max mem: 5055
Train: data epoch: [10]  [20/37]  eta: 0:00:08  lr: 0.000091  loss: 0.2146  time: 0.4837  data: 0.0000  max mem: 5055
Train: data epoch: [10]  [36/37]  eta: 0:00:00  lr: 0.000091  loss: 0.1893  time: 0.4676  data: 0.0000  max mem: 5055
Train: data epoch: [10] Total time: 0:00:17 (0.4865 s / it)
2026-08-21 17:09:55,136 [INFO] Qual: EPOCH[10] -> PLCC: 0.898127, SROCC: 0.851802, KROCC: 0.666889, LOSS: 0.187745
2026-08-21 17:09:55,136 [INFO] Align: EPOCH[10] -> PLCC: 0.851469, SROCC: 0.726993, KROCC: 0.541314, LOSS: 0.260306
2026-08-21 17:09:55,150 [INFO] Saving checkpoint at epoch 10 to run/20260821170_R0_V12_s4/checkpoint_best.pth.
2026-08-21 17:09:55,206 [INFO] Saving checkpoint at epoch 10 to run/20260821170_R0_V12_s4/checkpoint_best_joint.pth.
2026-08-21 17:09:55,251 [INFO] Start training
2026-08-21 17:09:55,549 [INFO] Start training epoch 11, 37 iters per inner epoch.
2026-08-21 17:10:14,639 [INFO] Averaged stats: lr: 0.000089  loss: 0.171241
2026-08-21 17:10:14,716 [INFO] Evaluating on val.
Train: data epoch: [11]  [ 0/37]  eta: 0:01:06  lr: 0.000089  loss: 0.1378  time: 1.7961  data: 0.0001  max mem: 5055
Train: data epoch: [11]  [20/37]  eta: 0:00:09  lr: 0.000089  loss: 0.1382  time: 0.4886  data: 0.0000  max mem: 5055
Train: data epoch: [11]  [36/37]  eta: 0:00:00  lr: 0.000089  loss: 0.1215  time: 0.4801  data: 0.0000  max mem: 5055
Train: data epoch: [11] Total time: 0:00:19 (0.5159 s / it)
2026-08-21 17:10:20,922 [INFO] Qual: EPOCH[11] -> PLCC: 0.899700, SROCC: 0.853333, KROCC: 0.668638, LOSS: 0.184626
2026-08-21 17:10:20,923 [INFO] Align: EPOCH[11] -> PLCC: 0.852589, SROCC: 0.729058, KROCC: 0.542431, LOSS: 0.255440
2026-08-21 17:10:20,940 [INFO] Saving checkpoint at epoch 11 to run/20260821170_R0_V12_s4/checkpoint_best.pth.
2026-08-21 17:10:21,007 [INFO] Saving checkpoint at epoch 11 to run/20260821170_R0_V12_s4/checkpoint_best_joint.pth.
2026-08-21 17:10:21,059 [INFO] Start training
2026-08-21 17:10:21,352 [INFO] Start training epoch 12, 37 iters per inner epoch.
2026-08-21 17:10:39,055 [INFO] Averaged stats: lr: 0.000087  loss: 0.164839
2026-08-21 17:10:39,133 [INFO] Evaluating on val.
Train: data epoch: [12]  [ 0/37]  eta: 0:00:32  lr: 0.000087  loss: 0.1362  time: 0.8730  data: 0.0001  max mem: 5055
Train: data epoch: [12]  [20/37]  eta: 0:00:08  lr: 0.000087  loss: 0.1568  time: 0.4630  data: 0.0000  max mem: 5055
Train: data epoch: [12]  [36/37]  eta: 0:00:00  lr: 0.000087  loss: 0.1703  time: 0.4583  data: 0.0000  max mem: 5055
Train: data epoch: [12] Total time: 0:00:17 (0.4784 s / it)
2026-08-21 17:10:45,179 [INFO] Qual: EPOCH[12] -> PLCC: 0.901461, SROCC: 0.856028, KROCC: 0.672147, LOSS: 0.183070
2026-08-21 17:10:45,179 [INFO] Align: EPOCH[12] -> PLCC: 0.852601, SROCC: 0.729385, KROCC: 0.542589, LOSS: 0.262419
2026-08-21 17:10:45,198 [INFO] Saving checkpoint at epoch 12 to run/20260821170_R0_V12_s4/checkpoint_best.pth.
2026-08-21 17:10:45,271 [INFO] Saving checkpoint at epoch 12 to run/20260821170_R0_V12_s4/checkpoint_best_joint.pth.
2026-08-21 17:10:45,324 [INFO] Start training
2026-08-21 17:10:45,689 [INFO] Start training epoch 13, 37 iters per inner epoch.
2026-08-21 17:11:03,838 [INFO] Averaged stats: lr: 0.000084  loss: 0.158517
2026-08-21 17:11:03,945 [INFO] Evaluating on val.
Train: data epoch: [13]  [ 0/37]  eta: 0:00:48  lr: 0.000084  loss: 0.1421  time: 1.3231  data: 0.0001  max mem: 5055
Train: data epoch: [13]  [20/37]  eta: 0:00:08  lr: 0.000084  loss: 0.1234  time: 0.4688  data: 0.0000  max mem: 5055
Train: data epoch: [13]  [36/37]  eta: 0:00:00  lr: 0.000084  loss: 0.1648  time: 0.4660  data: 0.0000  max mem: 5055
Train: data epoch: [13] Total time: 0:00:18 (0.4905 s / it)
2026-08-21 17:11:10,292 [INFO] Qual: EPOCH[13] -> PLCC: 0.903177, SROCC: 0.859007, KROCC: 0.675464, LOSS: 0.179102
2026-08-21 17:11:10,292 [INFO] Align: EPOCH[13] -> PLCC: 0.854077, SROCC: 0.731185, KROCC: 0.544123, LOSS: 0.254922
2026-08-21 17:11:10,306 [INFO] Saving checkpoint at epoch 13 to run/20260821170_R0_V12_s4/checkpoint_best.pth.
2026-08-21 17:11:10,377 [INFO] Saving checkpoint at epoch 13 to run/20260821170_R0_V12_s4/checkpoint_best_joint.pth.
2026-08-21 17:11:10,422 [INFO] Start training
2026-08-21 17:11:10,685 [INFO] Start training epoch 14, 37 iters per inner epoch.
2026-08-21 17:11:29,119 [INFO] Averaged stats: lr: 0.000082  loss: 0.152447
2026-08-21 17:11:29,190 [INFO] Evaluating on val.
Train: data epoch: [14]  [ 0/37]  eta: 0:00:41  lr: 0.000082  loss: 0.1430  time: 1.1276  data: 0.0001  max mem: 5055
Train: data epoch: [14]  [20/37]  eta: 0:00:08  lr: 0.000082  loss: 0.1413  time: 0.4806  data: 0.0000  max mem: 5055
Train: data epoch: [14]  [36/37]  eta: 0:00:00  lr: 0.000082  loss: 0.1543  time: 0.4838  data: 0.0000  max mem: 5055
Train: data epoch: [14] Total time: 0:00:18 (0.4982 s / it)
2026-08-21 17:11:35,199 [INFO] Qual: EPOCH[14] -> PLCC: 0.904269, SROCC: 0.859966, KROCC: 0.676705, LOSS: 0.184614
2026-08-21 17:11:35,199 [INFO] Align: EPOCH[14] -> PLCC: 0.854852, SROCC: 0.732102, KROCC: 0.545071, LOSS: 0.262104
2026-08-21 17:11:35,217 [INFO] Saving checkpoint at epoch 14 to run/20260821170_R0_V12_s4/checkpoint_best.pth.
2026-08-21 17:11:35,291 [INFO] Saving checkpoint at epoch 14 to run/20260821170_R0_V12_s4/checkpoint_best_joint.pth.
2026-08-21 17:11:35,343 [INFO] Start training
2026-08-21 17:11:35,642 [INFO] Start training epoch 15, 37 iters per inner epoch.
2026-08-21 17:11:54,806 [INFO] Averaged stats: lr: 0.000080  loss: 0.148021
2026-08-21 17:11:54,893 [INFO] Evaluating on val.
Train: data epoch: [15]  [ 0/37]  eta: 0:01:09  lr: 0.000080  loss: 0.1322  time: 1.8855  data: 0.0001  max mem: 5055
Train: data epoch: [15]  [20/37]  eta: 0:00:09  lr: 0.000080  loss: 0.1523  time: 0.4810  data: 0.0000  max mem: 5055
Train: data epoch: [15]  [36/37]  eta: 0:00:00  lr: 0.000080  loss: 0.1680  time: 0.4858  data: 0.0000  max mem: 5055
Train: data epoch: [15] Total time: 0:00:19 (0.5179 s / it)
2026-08-21 17:12:01,515 [INFO] Qual: EPOCH[15] -> PLCC: 0.905299, SROCC: 0.862206, KROCC: 0.679436, LOSS: 0.178593
2026-08-21 17:12:01,515 [INFO] Align: EPOCH[15] -> PLCC: 0.853859, SROCC: 0.731451, KROCC: 0.544699, LOSS: 0.268019
2026-08-21 17:12:01,529 [INFO] Saving checkpoint at epoch 15 to run/20260821170_R0_V12_s4/checkpoint_best.pth.
2026-08-21 17:12:01,585 [INFO] Saving checkpoint at epoch 15 to run/20260821170_R0_V12_s4/checkpoint_best_joint.pth.
2026-08-21 17:12:01,629 [INFO] Start training
2026-08-21 17:12:01,908 [INFO] Start training epoch 16, 37 iters per inner epoch.
2026-08-21 17:12:20,700 [INFO] Averaged stats: lr: 0.000077  loss: 0.142080
2026-08-21 17:12:20,780 [INFO] Evaluating on val.
Train: data epoch: [16]  [ 0/37]  eta: 0:00:49  lr: 0.000077  loss: 0.1233  time: 1.3289  data: 0.0001  max mem: 5055
Train: data epoch: [16]  [20/37]  eta: 0:00:09  lr: 0.000077  loss: 0.1475  time: 0.4902  data: 0.0000  max mem: 5055
Train: data epoch: [16]  [36/37]  eta: 0:00:00  lr: 0.000077  loss: 0.1854  time: 0.4850  data: 0.0000  max mem: 5055
Train: data epoch: [16] Total time: 0:00:18 (0.5079 s / it)
2026-08-21 17:12:27,707 [INFO] Qual: EPOCH[16] -> PLCC: 0.906173, SROCC: 0.863692, KROCC: 0.681139, LOSS: 0.175534
2026-08-21 17:12:27,707 [INFO] Align: EPOCH[16] -> PLCC: 0.854597, SROCC: 0.731815, KROCC: 0.545218, LOSS: 0.260281
2026-08-21 17:12:27,723 [INFO] Saving checkpoint at epoch 16 to run/20260821170_R0_V12_s4/checkpoint_best.pth.
2026-08-21 17:12:27,787 [INFO] Saving checkpoint at epoch 16 to run/20260821170_R0_V12_s4/checkpoint_best_joint.pth.
2026-08-21 17:12:27,840 [INFO] Start training
2026-08-21 17:12:28,124 [INFO] Start training epoch 17, 37 iters per inner epoch.
2026-08-21 17:12:46,500 [INFO] Averaged stats: lr: 0.000074  loss: 0.137459
2026-08-21 17:12:46,581 [INFO] Evaluating on val.
Train: data epoch: [17]  [ 0/37]  eta: 0:00:48  lr: 0.000074  loss: 0.1107  time: 1.3172  data: 0.0001  max mem: 5055
Train: data epoch: [17]  [20/37]  eta: 0:00:08  lr: 0.000074  loss: 0.1814  time: 0.4739  data: 0.0000  max mem: 5055
Train: data epoch: [17]  [36/37]  eta: 0:00:00  lr: 0.000074  loss: 0.1570  time: 0.4759  data: 0.0000  max mem: 5055
Train: data epoch: [17] Total time: 0:00:18 (0.4966 s / it)
2026-08-21 17:12:53,534 [INFO] Qual: EPOCH[17] -> PLCC: 0.906724, SROCC: 0.864388, KROCC: 0.681869, LOSS: 0.174037
2026-08-21 17:12:53,534 [INFO] Align: EPOCH[17] -> PLCC: 0.853816, SROCC: 0.730175, KROCC: 0.543728, LOSS: 0.259579
2026-08-21 17:12:53,548 [INFO] Saving checkpoint at epoch 17 to run/20260821170_R0_V12_s4/checkpoint_best.pth.
2026-08-21 17:12:53,591 [INFO] Start training
2026-08-21 17:12:53,871 [INFO] Start training epoch 18, 37 iters per inner epoch.
2026-08-21 17:13:12,120 [INFO] Averaged stats: lr: 0.000072  loss: 0.134079
2026-08-21 17:13:12,215 [INFO] Evaluating on val.
Train: data epoch: [18]  [ 0/37]  eta: 0:00:38  lr: 0.000072  loss: 0.1065  time: 1.0423  data: 0.0001  max mem: 5055
Train: data epoch: [18]  [20/37]  eta: 0:00:08  lr: 0.000072  loss: 0.1727  time: 0.4767  data: 0.0000  max mem: 5055
Train: data epoch: [18]  [36/37]  eta: 0:00:00  lr: 0.000072  loss: 0.1230  time: 0.4812  data: 0.0000  max mem: 5055
Train: data epoch: [18] Total time: 0:00:18 (0.4932 s / it)
2026-08-21 17:13:18,215 [INFO] Qual: EPOCH[18] -> PLCC: 0.907343, SROCC: 0.866103, KROCC: 0.683723, LOSS: 0.176902
2026-08-21 17:13:18,215 [INFO] Align: EPOCH[18] -> PLCC: 0.853799, SROCC: 0.732143, KROCC: 0.545048, LOSS: 0.266506
2026-08-21 17:13:18,229 [INFO] Saving checkpoint at epoch 18 to run/20260821170_R0_V12_s4/checkpoint_best.pth.
2026-08-21 17:13:18,282 [INFO] Saving checkpoint at epoch 18 to run/20260821170_R0_V12_s4/checkpoint_best_joint.pth.
2026-08-21 17:13:18,334 [INFO] Start training
2026-08-21 17:13:18,626 [INFO] Start training epoch 19, 37 iters per inner epoch.
2026-08-21 17:13:36,759 [INFO] Averaged stats: lr: 0.000069  loss: 0.130535
2026-08-21 17:13:36,834 [INFO] Evaluating on val.
Train: data epoch: [19]  [ 0/37]  eta: 0:00:42  lr: 0.000069  loss: 0.1160  time: 1.1507  data: 0.0001  max mem: 5055
Train: data epoch: [19]  [20/37]  eta: 0:00:08  lr: 0.000069  loss: 0.1383  time: 0.4725  data: 0.0000  max mem: 5055
Train: data epoch: [19]  [36/37]  eta: 0:00:00  lr: 0.000069  loss: 0.1352  time: 0.4572  data: 0.0000  max mem: 5055
Train: data epoch: [19] Total time: 0:00:18 (0.4901 s / it)
2026-08-21 17:13:42,749 [INFO] Qual: EPOCH[19] -> PLCC: 0.907715, SROCC: 0.865271, KROCC: 0.682945, LOSS: 0.176314
2026-08-21 17:13:42,749 [INFO] Align: EPOCH[19] -> PLCC: 0.854751, SROCC: 0.731264, KROCC: 0.544101, LOSS: 0.267907
2026-08-21 17:13:42,750 [INFO] Start training
2026-08-21 17:13:43,019 [INFO] Start training epoch 20, 37 iters per inner epoch.
2026-08-21 17:14:00,989 [INFO] Averaged stats: lr: 0.000066  loss: 0.128065
2026-08-21 17:14:01,068 [INFO] Evaluating on val.
Train: data epoch: [20]  [ 0/37]  eta: 0:00:41  lr: 0.000066  loss: 0.1142  time: 1.1312  data: 0.0001  max mem: 5055
Train: data epoch: [20]  [20/37]  eta: 0:00:08  lr: 0.000066  loss: 0.1264  time: 0.4890  data: 0.0000  max mem: 5055
Train: data epoch: [20]  [36/37]  eta: 0:00:00  lr: 0.000066  loss: 0.1423  time: 0.4563  data: 0.0000  max mem: 5055
Train: data epoch: [20] Total time: 0:00:17 (0.4857 s / it)
2026-08-21 17:14:07,152 [INFO] Qual: EPOCH[20] -> PLCC: 0.907421, SROCC: 0.865857, KROCC: 0.683204, LOSS: 0.175547
2026-08-21 17:14:07,152 [INFO] Align: EPOCH[20] -> PLCC: 0.853128, SROCC: 0.728417, KROCC: 0.541562, LOSS: 0.271410
2026-08-21 17:14:07,183 [INFO] Saving checkpoint at epoch 20 to run/20260821170_R0_V12_s4/checkpoint_latest.pth.
2026-08-21 17:14:07,267 [INFO] Start training
2026-08-21 17:14:07,621 [INFO] Start training epoch 21, 37 iters per inner epoch.
2026-08-21 17:14:25,980 [INFO] Averaged stats: lr: 0.000063  loss: 0.122326
2026-08-21 17:14:26,069 [INFO] Evaluating on val.
Train: data epoch: [21]  [ 0/37]  eta: 0:00:47  lr: 0.000063  loss: 0.1086  time: 1.2788  data: 0.0001  max mem: 5055
Train: data epoch: [21]  [20/37]  eta: 0:00:08  lr: 0.000063  loss: 0.1164  time: 0.4868  data: 0.0000  max mem: 5055
Train: data epoch: [21]  [36/37]  eta: 0:00:00  lr: 0.000063  loss: 0.1026  time: 0.4727  data: 0.0000  max mem: 5055
Train: data epoch: [21] Total time: 0:00:18 (0.4962 s / it)
2026-08-21 17:14:32,440 [INFO] Qual: EPOCH[21] -> PLCC: 0.908425, SROCC: 0.868439, KROCC: 0.686318, LOSS: 0.173111
2026-08-21 17:14:32,440 [INFO] Align: EPOCH[21] -> PLCC: 0.852679, SROCC: 0.726795, KROCC: 0.540253, LOSS: 0.262792
2026-08-21 17:14:32,458 [INFO] Saving checkpoint at epoch 21 to run/20260821170_R0_V12_s4/checkpoint_best.pth.
2026-08-21 17:14:32,512 [INFO] Start training
2026-08-21 17:14:32,830 [INFO] Start training epoch 22, 37 iters per inner epoch.
2026-08-21 17:14:52,256 [INFO] Averaged stats: lr: 0.000060  loss: 0.119505
2026-08-21 17:14:52,316 [INFO] Evaluating on val.
Train: data epoch: [22]  [ 0/37]  eta: 0:01:18  lr: 0.000060  loss: 0.1570  time: 2.1146  data: 0.0001  max mem: 5055
Train: data epoch: [22]  [20/37]  eta: 0:00:09  lr: 0.000060  loss: 0.1078  time: 0.4880  data: 0.0000  max mem: 5055
Train: data epoch: [22]  [36/37]  eta: 0:00:00  lr: 0.000060  loss: 0.1283  time: 0.4825  data: 0.0000  max mem: 5055
Train: data epoch: [22] Total time: 0:00:19 (0.5250 s / it)
2026-08-21 17:14:59,211 [INFO] Qual: EPOCH[22] -> PLCC: 0.908573, SROCC: 0.867766, KROCC: 0.685461, LOSS: 0.171584
2026-08-21 17:14:59,211 [INFO] Align: EPOCH[22] -> PLCC: 0.852110, SROCC: 0.726067, KROCC: 0.539768, LOSS: 0.269408
2026-08-21 17:14:59,212 [INFO] Start training
2026-08-21 17:14:59,483 [INFO] Start training epoch 23, 37 iters per inner epoch.
2026-08-21 17:15:17,720 [INFO] Averaged stats: lr: 0.000057  loss: 0.116220
2026-08-21 17:15:17,794 [INFO] Evaluating on val.
Train: data epoch: [23]  [ 0/37]  eta: 0:00:41  lr: 0.000057  loss: 0.1311  time: 1.1330  data: 0.0001  max mem: 5055
Train: data epoch: [23]  [20/37]  eta: 0:00:08  lr: 0.000057  loss: 0.1529  time: 0.4731  data: 0.0000  max mem: 5055
Train: data epoch: [23]  [36/37]  eta: 0:00:00  lr: 0.000057  loss: 0.1009  time: 0.4871  data: 0.0000  max mem: 5055
Train: data epoch: [23] Total time: 0:00:18 (0.4929 s / it)
2026-08-21 17:15:23,694 [INFO] Qual: EPOCH[23] -> PLCC: 0.909045, SROCC: 0.868934, KROCC: 0.686488, LOSS: 0.173227
2026-08-21 17:15:23,694 [INFO] Align: EPOCH[23] -> PLCC: 0.851628, SROCC: 0.725257, KROCC: 0.538933, LOSS: 0.264361
2026-08-21 17:15:23,707 [INFO] Saving checkpoint at epoch 23 to run/20260821170_R0_V12_s4/checkpoint_best.pth.
2026-08-21 17:15:23,755 [INFO] Start training
2026-08-21 17:15:24,020 [INFO] Start training epoch 24, 37 iters per inner epoch.
2026-08-21 17:15:41,831 [INFO] Averaged stats: lr: 0.000054  loss: 0.113607
2026-08-21 17:15:41,932 [INFO] Evaluating on val.
Train: data epoch: [24]  [ 0/37]  eta: 0:00:35  lr: 0.000054  loss: 0.0986  time: 0.9611  data: 0.0001  max mem: 5055
Train: data epoch: [24]  [20/37]  eta: 0:00:08  lr: 0.000054  loss: 0.1131  time: 0.4606  data: 0.0000  max mem: 5055
Train: data epoch: [24]  [36/37]  eta: 0:00:00  lr: 0.000054  loss: 0.1206  time: 0.4738  data: 0.0000  max mem: 5055
Train: data epoch: [24] Total time: 0:00:17 (0.4814 s / it)
2026-08-21 17:15:47,846 [INFO] Qual: EPOCH[24] -> PLCC: 0.908942, SROCC: 0.867592, KROCC: 0.685292, LOSS: 0.169989
2026-08-21 17:15:47,846 [INFO] Align: EPOCH[24] -> PLCC: 0.853342, SROCC: 0.727209, KROCC: 0.539712, LOSS: 0.259507
2026-08-21 17:15:47,847 [INFO] Start training
2026-08-21 17:15:48,122 [INFO] Start training epoch 25, 37 iters per inner epoch.
2026-08-21 17:16:06,606 [INFO] Averaged stats: lr: 0.000050  loss: 0.111056
2026-08-21 17:16:06,706 [INFO] Evaluating on val.
Train: data epoch: [25]  [ 0/37]  eta: 0:00:42  lr: 0.000051  loss: 0.1105  time: 1.1459  data: 0.0001  max mem: 5055
Train: data epoch: [25]  [20/37]  eta: 0:00:08  lr: 0.000051  loss: 0.0999  time: 0.4859  data: 0.0000  max mem: 5055
Train: data epoch: [25]  [36/37]  eta: 0:00:00  lr: 0.000051  loss: 0.0949  time: 0.4829  data: 0.0000  max mem: 5055
Train: data epoch: [25] Total time: 0:00:18 (0.4995 s / it)
2026-08-21 17:16:13,333 [INFO] Qual: EPOCH[25] -> PLCC: 0.908830, SROCC: 0.867968, KROCC: 0.685450, LOSS: 0.170308
2026-08-21 17:16:13,333 [INFO] Align: EPOCH[25] -> PLCC: 0.851576, SROCC: 0.722526, KROCC: 0.535864, LOSS: 0.263089
2026-08-21 17:16:13,349 [INFO] Saving checkpoint at epoch 25 to run/20260821170_R0_V12_s4/checkpoint_latest.pth.
2026-08-21 17:16:13,402 [INFO] Start training
2026-08-21 17:16:13,682 [INFO] Start training epoch 26, 37 iters per inner epoch.
2026-08-21 17:16:32,134 [INFO] Averaged stats: lr: 0.000047  loss: 0.107869
2026-08-21 17:16:32,209 [INFO] Evaluating on val.
Train: data epoch: [26]  [ 0/37]  eta: 0:00:42  lr: 0.000047  loss: 0.0973  time: 1.1480  data: 0.0001  max mem: 5055
Train: data epoch: [26]  [20/37]  eta: 0:00:08  lr: 0.000047  loss: 0.1127  time: 0.4796  data: 0.0000  max mem: 5055
Train: data epoch: [26]  [36/37]  eta: 0:00:00  lr: 0.000047  loss: 0.1172  time: 0.4854  data: 0.0000  max mem: 5055
Train: data epoch: [26] Total time: 0:00:18 (0.4987 s / it)
2026-08-21 17:16:38,255 [INFO] Qual: EPOCH[26] -> PLCC: 0.908828, SROCC: 0.868452, KROCC: 0.685901, LOSS: 0.172591
2026-08-21 17:16:38,255 [INFO] Align: EPOCH[26] -> PLCC: 0.850944, SROCC: 0.721132, KROCC: 0.534262, LOSS: 0.265427
2026-08-21 17:16:38,256 [INFO] Start training
2026-08-21 17:16:38,565 [INFO] Start training epoch 27, 37 iters per inner epoch.
2026-08-21 17:16:57,202 [INFO] Averaged stats: lr: 0.000044  loss: 0.105557
2026-08-21 17:16:57,277 [INFO] Evaluating on val.
Train: data epoch: [27]  [ 0/37]  eta: 0:00:47  lr: 0.000044  loss: 0.0875  time: 1.2749  data: 0.0001  max mem: 5055
Train: data epoch: [27]  [20/37]  eta: 0:00:08  lr: 0.000044  loss: 0.0987  time: 0.4756  data: 0.0000  max mem: 5055
Train: data epoch: [27]  [36/37]  eta: 0:00:00  lr: 0.000044  loss: 0.1129  time: 0.4936  data: 0.0000  max mem: 5055
Train: data epoch: [27] Total time: 0:00:18 (0.5037 s / it)
2026-08-21 17:17:03,112 [INFO] Qual: EPOCH[27] -> PLCC: 0.908924, SROCC: 0.869895, KROCC: 0.687413, LOSS: 0.172011
2026-08-21 17:17:03,112 [INFO] Align: EPOCH[27] -> PLCC: 0.849458, SROCC: 0.718518, KROCC: 0.532119, LOSS: 0.273026
2026-08-21 17:17:03,129 [INFO] Saving checkpoint at epoch 27 to run/20260821170_R0_V12_s4/checkpoint_best.pth.
2026-08-21 17:17:03,182 [INFO] Start training
2026-08-21 17:17:03,484 [INFO] Start training epoch 28, 37 iters per inner epoch.
2026-08-21 17:17:21,828 [INFO] Averaged stats: lr: 0.000041  loss: 0.103439
2026-08-21 17:17:21,907 [INFO] Evaluating on val.
Train: data epoch: [28]  [ 0/37]  eta: 0:00:52  lr: 0.000041  loss: 0.0968  time: 1.4096  data: 0.0001  max mem: 5055
Train: data epoch: [28]  [20/37]  eta: 0:00:08  lr: 0.000041  loss: 0.0996  time: 0.4653  data: 0.0000  max mem: 5055
Train: data epoch: [28]  [36/37]  eta: 0:00:00  lr: 0.000041  loss: 0.1180  time: 0.4606  data: 0.0000  max mem: 5055
Train: data epoch: [28] Total time: 0:00:18 (0.4958 s / it)
2026-08-21 17:17:27,998 [INFO] Qual: EPOCH[28] -> PLCC: 0.908871, SROCC: 0.868839, KROCC: 0.686251, LOSS: 0.171474
2026-08-21 17:17:27,998 [INFO] Align: EPOCH[28] -> PLCC: 0.850176, SROCC: 0.719433, KROCC: 0.532728, LOSS: 0.268847
2026-08-21 17:17:27,999 [INFO] Start training
2026-08-21 17:17:28,297 [INFO] Start training epoch 29, 37 iters per inner epoch.
2026-08-21 17:17:45,862 [INFO] Averaged stats: lr: 0.000038  loss: 0.100405
2026-08-21 17:17:45,954 [INFO] Evaluating on val.
Train: data epoch: [29]  [ 0/37]  eta: 0:00:40  lr: 0.000038  loss: 0.1167  time: 1.0907  data: 0.0001  max mem: 5055
Train: data epoch: [29]  [20/37]  eta: 0:00:08  lr: 0.000038  loss: 0.0901  time: 0.4661  data: 0.0000  max mem: 5055
Train: data epoch: [29]  [36/37]  eta: 0:00:00  lr: 0.000038  loss: 0.0735  time: 0.4605  data: 0.0000  max mem: 5055
Train: data epoch: [29] Total time: 0:00:17 (0.4747 s / it)
2026-08-21 17:17:52,423 [INFO] Qual: EPOCH[29] -> PLCC: 0.908855, SROCC: 0.868779, KROCC: 0.686183, LOSS: 0.171865
2026-08-21 17:17:52,423 [INFO] Align: EPOCH[29] -> PLCC: 0.849662, SROCC: 0.717911, KROCC: 0.531521, LOSS: 0.271711
2026-08-21 17:17:52,424 [INFO] Start training
2026-08-21 17:17:52,712 [INFO] Start training epoch 30, 37 iters per inner epoch.
2026-08-21 17:18:11,639 [INFO] Averaged stats: lr: 0.000035  loss: 0.099789
2026-08-21 17:18:11,715 [INFO] Evaluating on val.
Train: data epoch: [30]  [ 0/37]  eta: 0:00:55  lr: 0.000035  loss: 0.0818  time: 1.4886  data: 0.0001  max mem: 5055
Train: data epoch: [30]  [20/37]  eta: 0:00:09  lr: 0.000035  loss: 0.1104  time: 0.4817  data: 0.0000  max mem: 5055
Train: data epoch: [30]  [36/37]  eta: 0:00:00  lr: 0.000035  loss: 0.1182  time: 0.4916  data: 0.0000  max mem: 5055
Train: data epoch: [30] Total time: 0:00:18 (0.5115 s / it)
2026-08-21 17:18:17,859 [INFO] Qual: EPOCH[30] -> PLCC: 0.908706, SROCC: 0.868751, KROCC: 0.686273, LOSS: 0.171905
2026-08-21 17:18:17,860 [INFO] Align: EPOCH[30] -> PLCC: 0.848839, SROCC: 0.716753, KROCC: 0.530494, LOSS: 0.272343
2026-08-21 17:18:17,876 [INFO] Saving checkpoint at epoch 30 to run/20260821170_R0_V12_s4/checkpoint_latest.pth.
2026-08-21 17:18:17,928 [INFO] Start training
2026-08-21 17:18:18,225 [INFO] Start training epoch 31, 37 iters per inner epoch.
2026-08-21 17:18:36,241 [INFO] Averaged stats: lr: 0.000032  loss: 0.099521
2026-08-21 17:18:36,309 [INFO] Evaluating on val.
Train: data epoch: [31]  [ 0/37]  eta: 0:00:39  lr: 0.000032  loss: 0.0991  time: 1.0726  data: 0.0001  max mem: 5055
Train: data epoch: [31]  [20/37]  eta: 0:00:08  lr: 0.000032  loss: 0.1018  time: 0.4593  data: 0.0000  max mem: 5055
Train: data epoch: [31]  [36/37]  eta: 0:00:00  lr: 0.000032  loss: 0.1574  time: 0.4934  data: 0.0000  max mem: 5055
Train: data epoch: [31] Total time: 0:00:18 (0.4869 s / it)
2026-08-21 17:18:42,384 [INFO] Qual: EPOCH[31] -> PLCC: 0.908800, SROCC: 0.869366, KROCC: 0.687097, LOSS: 0.173040
2026-08-21 17:18:42,384 [INFO] Align: EPOCH[31] -> PLCC: 0.848448, SROCC: 0.716534, KROCC: 0.530065, LOSS: 0.276314
2026-08-21 17:18:42,385 [INFO] Start training
2026-08-21 17:18:42,684 [INFO] Start training epoch 32, 37 iters per inner epoch.
2026-08-21 17:19:00,610 [INFO] Averaged stats: lr: 0.000029  loss: 0.095678
2026-08-21 17:19:00,685 [INFO] Evaluating on val.
Train: data epoch: [32]  [ 0/37]  eta: 0:00:46  lr: 0.000029  loss: 0.0974  time: 1.2443  data: 0.0001  max mem: 5055
Train: data epoch: [32]  [20/37]  eta: 0:00:08  lr: 0.000029  loss: 0.0919  time: 0.4553  data: 0.0000  max mem: 5055
Train: data epoch: [32]  [36/37]  eta: 0:00:00  lr: 0.000029  loss: 0.0932  time: 0.4826  data: 0.0000  max mem: 5055
Train: data epoch: [32] Total time: 0:00:17 (0.4845 s / it)
2026-08-21 17:19:06,999 [INFO] Qual: EPOCH[32] -> PLCC: 0.908403, SROCC: 0.869110, KROCC: 0.686950, LOSS: 0.173979
2026-08-21 17:19:06,999 [INFO] Align: EPOCH[32] -> PLCC: 0.847172, SROCC: 0.714230, KROCC: 0.528034, LOSS: 0.274453
2026-08-21 17:19:07,000 [INFO] Start training
2026-08-21 17:19:07,271 [INFO] Start training epoch 33, 37 iters per inner epoch.
2026-08-21 17:19:24,749 [INFO] Averaged stats: lr: 0.000027  loss: 0.095104
2026-08-21 17:19:24,821 [INFO] Evaluating on val.
Train: data epoch: [33]  [ 0/37]  eta: 0:01:05  lr: 0.000027  loss: 0.1074  time: 1.7825  data: 0.0002  max mem: 5055
Train: data epoch: [33]  [20/37]  eta: 0:00:08  lr: 0.000027  loss: 0.0977  time: 0.4081  data: 0.0000  max mem: 5055
Train: data epoch: [33]  [36/37]  eta: 0:00:00  lr: 0.000027  loss: 0.0856  time: 0.4525  data: 0.0000  max mem: 5055
Train: data epoch: [33] Total time: 0:00:17 (0.4724 s / it)
2026-08-21 17:19:31,030 [INFO] Qual: EPOCH[33] -> PLCC: 0.908402, SROCC: 0.868790, KROCC: 0.686759, LOSS: 0.173452
2026-08-21 17:19:31,030 [INFO] Align: EPOCH[33] -> PLCC: 0.848203, SROCC: 0.715488, KROCC: 0.529061, LOSS: 0.272931
2026-08-21 17:19:31,032 [INFO] Start training
2026-08-21 17:19:31,358 [INFO] Start training epoch 34, 37 iters per inner epoch.
2026-08-21 17:19:48,636 [INFO] Averaged stats: lr: 0.000024  loss: 0.094193
2026-08-21 17:19:48,713 [INFO] Evaluating on val.
Train: data epoch: [34]  [ 0/37]  eta: 0:00:44  lr: 0.000024  loss: 0.1049  time: 1.1999  data: 0.0001  max mem: 5055
Train: data epoch: [34]  [20/37]  eta: 0:00:08  lr: 0.000024  loss: 0.0790  time: 0.4782  data: 0.0000  max mem: 5055
Train: data epoch: [34]  [36/37]  eta: 0:00:00  lr: 0.000024  loss: 0.1085  time: 0.4165  data: 0.0000  max mem: 5055
Train: data epoch: [34] Total time: 0:00:17 (0.4670 s / it)
2026-08-21 17:19:56,005 [INFO] Qual: EPOCH[34] -> PLCC: 0.908608, SROCC: 0.868722, KROCC: 0.686499, LOSS: 0.172112
2026-08-21 17:19:56,006 [INFO] Align: EPOCH[34] -> PLCC: 0.848383, SROCC: 0.714586, KROCC: 0.528079, LOSS: 0.271731
2026-08-21 17:19:56,007 [INFO] Start training
2026-08-21 17:19:56,309 [INFO] Start training epoch 35, 37 iters per inner epoch.
2026-08-21 17:20:12,916 [INFO] Averaged stats: lr: 0.000021  loss: 0.092494
2026-08-21 17:20:12,996 [INFO] Evaluating on val.
Train: data epoch: [35]  [ 0/37]  eta: 0:00:41  lr: 0.000021  loss: 0.0898  time: 1.1341  data: 0.0001  max mem: 5055
Train: data epoch: [35]  [20/37]  eta: 0:00:08  lr: 0.000021  loss: 0.1281  time: 0.4888  data: 0.0000  max mem: 5055
Train: data epoch: [35]  [36/37]  eta: 0:00:00  lr: 0.000021  loss: 0.0830  time: 0.3898  data: 0.0000  max mem: 5055
Train: data epoch: [35] Total time: 0:00:16 (0.4488 s / it)
2026-08-21 17:20:18,888 [INFO] Qual: EPOCH[35] -> PLCC: 0.908457, SROCC: 0.868944, KROCC: 0.687074, LOSS: 0.173162
2026-08-21 17:20:18,888 [INFO] Align: EPOCH[35] -> PLCC: 0.847152, SROCC: 0.713376, KROCC: 0.526962, LOSS: 0.274863
2026-08-21 17:20:18,902 [INFO] Saving checkpoint at epoch 35 to run/20260821170_R0_V12_s4/checkpoint_latest.pth.
2026-08-21 17:20:18,944 [INFO] Start training
2026-08-21 17:20:19,249 [INFO] Start training epoch 36, 37 iters per inner epoch.
2026-08-21 17:20:37,493 [INFO] Averaged stats: lr: 0.000019  loss: 0.091383
2026-08-21 17:20:37,635 [INFO] Evaluating on val.
Train: data epoch: [36]  [ 0/37]  eta: 0:00:49  lr: 0.000019  loss: 0.0893  time: 1.3290  data: 0.0003  max mem: 5055
Train: data epoch: [36]  [20/37]  eta: 0:00:09  lr: 0.000019  loss: 0.0878  time: 0.4982  data: 0.0000  max mem: 5055
Train: data epoch: [36]  [36/37]  eta: 0:00:00  lr: 0.000019  loss: 0.0872  time: 0.4294  data: 0.0000  max mem: 5055
Train: data epoch: [36] Total time: 0:00:18 (0.4931 s / it)
2026-08-21 17:20:44,646 [INFO] Qual: EPOCH[36] -> PLCC: 0.908433, SROCC: 0.868894, KROCC: 0.686680, LOSS: 0.173772
2026-08-21 17:20:44,646 [INFO] Align: EPOCH[36] -> PLCC: 0.846701, SROCC: 0.712390, KROCC: 0.525936, LOSS: 0.278107
2026-08-21 17:20:44,647 [INFO] Start training
2026-08-21 17:20:45,093 [INFO] Start training epoch 37, 37 iters per inner epoch.
2026-08-21 17:21:03,741 [INFO] Averaged stats: lr: 0.000017  loss: 0.090048
2026-08-21 17:21:03,878 [INFO] Evaluating on val.
Train: data epoch: [37]  [ 0/37]  eta: 0:01:07  lr: 0.000017  loss: 0.0839  time: 1.8185  data: 0.0001  max mem: 5055
Train: data epoch: [37]  [20/37]  eta: 0:00:09  lr: 0.000017  loss: 0.1018  time: 0.4739  data: 0.0000  max mem: 5055
Train: data epoch: [37]  [36/37]  eta: 0:00:00  lr: 0.000017  loss: 0.0601  time: 0.4601  data: 0.0000  max mem: 5055
Train: data epoch: [37] Total time: 0:00:18 (0.5040 s / it)
2026-08-21 17:21:11,423 [INFO] Qual: EPOCH[37] -> PLCC: 0.908570, SROCC: 0.869144, KROCC: 0.686826, LOSS: 0.173150
2026-08-21 17:21:11,423 [INFO] Align: EPOCH[37] -> PLCC: 0.846490, SROCC: 0.711875, KROCC: 0.525360, LOSS: 0.277620
2026-08-21 17:21:11,424 [INFO] Start training
2026-08-21 17:21:11,694 [INFO] Start training epoch 38, 37 iters per inner epoch.
2026-08-21 17:21:30,854 [INFO] Averaged stats: lr: 0.000014  loss: 0.089750
2026-08-21 17:21:30,956 [INFO] Evaluating on val.
Train: data epoch: [38]  [ 0/37]  eta: 0:00:58  lr: 0.000014  loss: 0.1035  time: 1.5744  data: 0.0001  max mem: 5055
Train: data epoch: [38]  [20/37]  eta: 0:00:09  lr: 0.000014  loss: 0.0846  time: 0.4890  data: 0.0000  max mem: 5055
Train: data epoch: [38]  [36/37]  eta: 0:00:00  lr: 0.000014  loss: 0.0848  time: 0.4948  data: 0.0000  max mem: 5055
Train: data epoch: [38] Total time: 0:00:19 (0.5178 s / it)
2026-08-21 17:21:37,114 [INFO] Qual: EPOCH[38] -> PLCC: 0.908718, SROCC: 0.869296, KROCC: 0.687153, LOSS: 0.172750
2026-08-21 17:21:37,115 [INFO] Align: EPOCH[38] -> PLCC: 0.847076, SROCC: 0.712805, KROCC: 0.526319, LOSS: 0.273519
2026-08-21 17:21:37,115 [INFO] Start training
2026-08-21 17:21:37,397 [INFO] Start training epoch 39, 37 iters per inner epoch.
2026-08-21 17:21:55,452 [INFO] Averaged stats: lr: 0.000012  loss: 0.089000
2026-08-21 17:21:55,531 [INFO] Evaluating on val.
Train: data epoch: [39]  [ 0/37]  eta: 0:00:45  lr: 0.000012  loss: 0.0812  time: 1.2258  data: 0.0001  max mem: 5055
Train: data epoch: [39]  [20/37]  eta: 0:00:08  lr: 0.000012  loss: 0.1159  time: 0.4525  data: 0.0000  max mem: 5055
Train: data epoch: [39]  [36/37]  eta: 0:00:00  lr: 0.000012  loss: 0.1194  time: 0.4657  data: 0.0000  max mem: 5055
Train: data epoch: [39] Total time: 0:00:18 (0.4880 s / it)
2026-08-21 17:22:01,496 [INFO] Qual: EPOCH[39] -> PLCC: 0.908723, SROCC: 0.869358, KROCC: 0.687379, LOSS: 0.172516
2026-08-21 17:22:01,496 [INFO] Align: EPOCH[39] -> PLCC: 0.846840, SROCC: 0.712698, KROCC: 0.526184, LOSS: 0.276445
2026-08-21 17:22:01,497 [INFO] Start training
2026-08-21 17:22:01,854 [INFO] Start training epoch 40, 37 iters per inner epoch.
2026-08-21 17:22:20,368 [INFO] Averaged stats: lr: 0.000010  loss: 0.088703
2026-08-21 17:22:20,445 [INFO] Evaluating on val.
Train: data epoch: [40]  [ 0/37]  eta: 0:00:38  lr: 0.000010  loss: 0.1044  time: 1.0438  data: 0.0002  max mem: 5055
Train: data epoch: [40]  [20/37]  eta: 0:00:08  lr: 0.000010  loss: 0.0802  time: 0.4776  data: 0.0000  max mem: 5055
Train: data epoch: [40]  [36/37]  eta: 0:00:00  lr: 0.000010  loss: 0.0663  time: 0.4959  data: 0.0000  max mem: 5055
Train: data epoch: [40] Total time: 0:00:18 (0.5004 s / it)
2026-08-21 17:22:25,970 [INFO] Qual: EPOCH[40] -> PLCC: 0.908660, SROCC: 0.869336, KROCC: 0.687244, LOSS: 0.173195
2026-08-21 17:22:25,971 [INFO] Align: EPOCH[40] -> PLCC: 0.846527, SROCC: 0.712055, KROCC: 0.525676, LOSS: 0.276369
2026-08-21 17:22:25,987 [INFO] Saving checkpoint at epoch 40 to run/20260821170_R0_V12_s4/checkpoint_latest.pth.
2026-08-21 17:22:26,038 [INFO] Start training
2026-08-21 17:22:26,325 [INFO] Start training epoch 41, 37 iters per inner epoch.
2026-08-21 17:22:44,657 [INFO] Averaged stats: lr: 0.000009  loss: 0.087179
2026-08-21 17:22:44,729 [INFO] Evaluating on val.
Train: data epoch: [41]  [ 0/37]  eta: 0:00:45  lr: 0.000009  loss: 0.0922  time: 1.2422  data: 0.0001  max mem: 5055
Train: data epoch: [41]  [20/37]  eta: 0:00:08  lr: 0.000009  loss: 0.1021  time: 0.4657  data: 0.0000  max mem: 5055
Train: data epoch: [41]  [36/37]  eta: 0:00:00  lr: 0.000009  loss: 0.0850  time: 0.4902  data: 0.0000  max mem: 5055
Train: data epoch: [41] Total time: 0:00:18 (0.4954 s / it)
2026-08-21 17:22:50,602 [INFO] Qual: EPOCH[41] -> PLCC: 0.908583, SROCC: 0.869321, KROCC: 0.687097, LOSS: 0.173072
2026-08-21 17:22:50,602 [INFO] Align: EPOCH[41] -> PLCC: 0.846418, SROCC: 0.711877, KROCC: 0.525428, LOSS: 0.275779
2026-08-21 17:22:50,603 [INFO] Start training
2026-08-21 17:22:50,883 [INFO] Start training epoch 42, 37 iters per inner epoch.
2026-08-21 17:23:09,533 [INFO] Averaged stats: lr: 0.000007  loss: 0.087548
2026-08-21 17:23:09,611 [INFO] Evaluating on val.
Train: data epoch: [42]  [ 0/37]  eta: 0:00:46  lr: 0.000007  loss: 0.0800  time: 1.2595  data: 0.0001  max mem: 5055
Train: data epoch: [42]  [20/37]  eta: 0:00:08  lr: 0.000007  loss: 0.0881  time: 0.4797  data: 0.0000  max mem: 5055
Train: data epoch: [42]  [36/37]  eta: 0:00:00  lr: 0.000007  loss: 0.0640  time: 0.4917  data: 0.0000  max mem: 5055
Train: data epoch: [42] Total time: 0:00:18 (0.5040 s / it)
2026-08-21 17:23:15,547 [INFO] Qual: EPOCH[42] -> PLCC: 0.908574, SROCC: 0.869014, KROCC: 0.686883, LOSS: 0.172526
2026-08-21 17:23:15,548 [INFO] Align: EPOCH[42] -> PLCC: 0.846322, SROCC: 0.711785, KROCC: 0.525518, LOSS: 0.276240
2026-08-21 17:23:15,548 [INFO] Start training
2026-08-21 17:23:15,806 [INFO] Start training epoch 43, 37 iters per inner epoch.
2026-08-21 17:23:34,165 [INFO] Averaged stats: lr: 0.000006  loss: 0.086935
2026-08-21 17:23:34,261 [INFO] Evaluating on val.
Train: data epoch: [43]  [ 0/37]  eta: 0:00:39  lr: 0.000006  loss: 0.1007  time: 1.0759  data: 0.0001  max mem: 5055
Train: data epoch: [43]  [20/37]  eta: 0:00:08  lr: 0.000006  loss: 0.0718  time: 0.4756  data: 0.0000  max mem: 5055
Train: data epoch: [43]  [36/37]  eta: 0:00:00  lr: 0.000006  loss: 0.0831  time: 0.4673  data: 0.0000  max mem: 5055
Train: data epoch: [43] Total time: 0:00:18 (0.4962 s / it)
2026-08-21 17:23:40,616 [INFO] Qual: EPOCH[43] -> PLCC: 0.908585, SROCC: 0.869204, KROCC: 0.687052, LOSS: 0.172738
2026-08-21 17:23:40,616 [INFO] Align: EPOCH[43] -> PLCC: 0.846243, SROCC: 0.711481, KROCC: 0.525123, LOSS: 0.276924
2026-08-21 17:23:40,616 [INFO] Start training
2026-08-21 17:23:40,888 [INFO] Start training epoch 44, 37 iters per inner epoch.
2026-08-21 17:24:00,100 [INFO] Averaged stats: lr: 0.000004  loss: 0.086432
2026-08-21 17:24:00,169 [INFO] Evaluating on val.
Train: data epoch: [44]  [ 0/37]  eta: 0:01:08  lr: 0.000004  loss: 0.0691  time: 1.8607  data: 0.0001  max mem: 5055
Train: data epoch: [44]  [20/37]  eta: 0:00:08  lr: 0.000004  loss: 0.0837  time: 0.4608  data: 0.0000  max mem: 5055
Train: data epoch: [44]  [36/37]  eta: 0:00:00  lr: 0.000004  loss: 0.0971  time: 0.4984  data: 0.0000  max mem: 5055
Train: data epoch: [44] Total time: 0:00:19 (0.5192 s / it)
2026-08-21 17:24:06,301 [INFO] Qual: EPOCH[44] -> PLCC: 0.908579, SROCC: 0.869222, KROCC: 0.686826, LOSS: 0.173036
2026-08-21 17:24:06,302 [INFO] Align: EPOCH[44] -> PLCC: 0.846139, SROCC: 0.711135, KROCC: 0.524808, LOSS: 0.277089
2026-08-21 17:24:06,302 [INFO] Start training
2026-08-21 17:24:06,556 [INFO] Start training epoch 45, 37 iters per inner epoch.
2026-08-21 17:24:24,700 [INFO] Averaged stats: lr: 0.000003  loss: 0.085797
2026-08-21 17:24:24,774 [INFO] Evaluating on val.
Train: data epoch: [45]  [ 0/37]  eta: 0:00:39  lr: 0.000003  loss: 0.0771  time: 1.0718  data: 0.0001  max mem: 5055
Train: data epoch: [45]  [20/37]  eta: 0:00:08  lr: 0.000003  loss: 0.0831  time: 0.4488  data: 0.0000  max mem: 5055
Train: data epoch: [45]  [36/37]  eta: 0:00:00  lr: 0.000003  loss: 0.0650  time: 0.4846  data: 0.0000  max mem: 5055
Train: data epoch: [45] Total time: 0:00:18 (0.4904 s / it)
2026-08-21 17:24:30,713 [INFO] Qual: EPOCH[45] -> PLCC: 0.908540, SROCC: 0.869121, KROCC: 0.686950, LOSS: 0.173127
2026-08-21 17:24:30,713 [INFO] Align: EPOCH[45] -> PLCC: 0.846140, SROCC: 0.711087, KROCC: 0.524785, LOSS: 0.277094
2026-08-21 17:24:30,727 [INFO] Saving checkpoint at epoch 45 to run/20260821170_R0_V12_s4/checkpoint_latest.pth.
2026-08-21 17:24:30,775 [INFO] Start training
2026-08-21 17:24:31,031 [INFO] Start training epoch 46, 37 iters per inner epoch.
2026-08-21 17:24:48,940 [INFO] Averaged stats: lr: 0.000003  loss: 0.085700
2026-08-21 17:24:49,034 [INFO] Evaluating on val.
Train: data epoch: [46]  [ 0/37]  eta: 0:00:46  lr: 0.000003  loss: 0.0857  time: 1.2686  data: 0.0001  max mem: 5055
Train: data epoch: [46]  [20/37]  eta: 0:00:08  lr: 0.000003  loss: 0.0802  time: 0.4474  data: 0.0000  max mem: 5055
Train: data epoch: [46]  [36/37]  eta: 0:00:00  lr: 0.000003  loss: 0.0915  time: 0.4878  data: 0.0000  max mem: 5055
Train: data epoch: [46] Total time: 0:00:17 (0.4840 s / it)
2026-08-21 17:24:55,310 [INFO] Qual: EPOCH[46] -> PLCC: 0.908528, SROCC: 0.869063, KROCC: 0.686826, LOSS: 0.173128
2026-08-21 17:24:55,311 [INFO] Align: EPOCH[46] -> PLCC: 0.846070, SROCC: 0.710769, KROCC: 0.524537, LOSS: 0.277265
2026-08-21 17:24:55,311 [INFO] Start training
2026-08-21 17:24:55,571 [INFO] Start training epoch 47, 37 iters per inner epoch.
2026-08-21 17:25:13,468 [INFO] Averaged stats: lr: 0.000002  loss: 0.086244
2026-08-21 17:25:13,539 [INFO] Evaluating on val.
Train: data epoch: [47]  [ 0/37]  eta: 0:01:00  lr: 0.000002  loss: 0.0919  time: 1.6416  data: 0.0001  max mem: 5055
Train: data epoch: [47]  [20/37]  eta: 0:00:08  lr: 0.000002  loss: 0.0590  time: 0.4421  data: 0.0000  max mem: 5055
Train: data epoch: [47]  [36/37]  eta: 0:00:00  lr: 0.000002  loss: 0.0763  time: 0.4753  data: 0.0000  max mem: 5055
Train: data epoch: [47] Total time: 0:00:17 (0.4837 s / it)
2026-08-21 17:25:19,941 [INFO] Qual: EPOCH[47] -> PLCC: 0.908524, SROCC: 0.869101, KROCC: 0.686962, LOSS: 0.172917
2026-08-21 17:25:19,942 [INFO] Align: EPOCH[47] -> PLCC: 0.846119, SROCC: 0.711007, KROCC: 0.524740, LOSS: 0.277228
2026-08-21 17:25:19,943 [INFO] Start training
2026-08-21 17:25:20,243 [INFO] Start training epoch 48, 37 iters per inner epoch.
2026-08-21 17:25:37,939 [INFO] Averaged stats: lr: 0.000001  loss: 0.086067
2026-08-21 17:25:38,007 [INFO] Evaluating on val.
Train: data epoch: [48]  [ 0/37]  eta: 0:00:43  lr: 0.000001  loss: 0.0817  time: 1.1809  data: 0.0001  max mem: 5055
Train: data epoch: [48]  [20/37]  eta: 0:00:08  lr: 0.000001  loss: 0.0763  time: 0.4484  data: 0.0000  max mem: 5055
Train: data epoch: [48]  [36/37]  eta: 0:00:00  lr: 0.000001  loss: 0.0856  time: 0.4523  data: 0.0000  max mem: 5055
Train: data epoch: [48] Total time: 0:00:17 (0.4783 s / it)
2026-08-21 17:25:44,440 [INFO] Qual: EPOCH[48] -> PLCC: 0.908508, SROCC: 0.869098, KROCC: 0.686928, LOSS: 0.173051
2026-08-21 17:25:44,440 [INFO] Align: EPOCH[48] -> PLCC: 0.846110, SROCC: 0.710951, KROCC: 0.524661, LOSS: 0.277223
2026-08-21 17:25:44,441 [INFO] Start training
2026-08-21 17:25:44,705 [INFO] Start training epoch 49, 37 iters per inner epoch.
2026-08-21 17:26:02,439 [INFO] Averaged stats: lr: 0.000001  loss: 0.085795
2026-08-21 17:26:02,543 [INFO] Evaluating on val.
Train: data epoch: [49]  [ 0/37]  eta: 0:00:42  lr: 0.000001  loss: 0.0854  time: 1.1352  data: 0.0001  max mem: 5055
Train: data epoch: [49]  [20/37]  eta: 0:00:08  lr: 0.000001  loss: 0.0788  time: 0.4769  data: 0.0000  max mem: 5055
Train: data epoch: [49]  [36/37]  eta: 0:00:00  lr: 0.000001  loss: 0.0786  time: 0.4415  data: 0.0000  max mem: 5055
Train: data epoch: [49] Total time: 0:00:17 (0.4793 s / it)
2026-08-21 17:26:08,903 [INFO] Qual: EPOCH[49] -> PLCC: 0.908507, SROCC: 0.869064, KROCC: 0.686883, LOSS: 0.172950
2026-08-21 17:26:08,903 [INFO] Align: EPOCH[49] -> PLCC: 0.846130, SROCC: 0.711046, KROCC: 0.524762, LOSS: 0.277060
2026-08-21 17:26:08,917 [INFO] Saving checkpoint at epoch 49 to run/20260821170_R0_V12_s4/checkpoint_latest.pth.
[{'agg_metrics': np.float64(4.588158787918005), 'qual_agg': np.float64(2.457168489533981), 'qual_PLCC': np.float64(0.9073426098692772), 'qual_SROCC': np.float64(0.8661025786981048), 'qual_KROCC': np.float64(0.6837233009665993), 'align_agg': np.float64(2.1309902983840234), 'align_PLCC': np.float64(0.8537991671870251), 'align_SROCC': np.float64(0.7321427397311107), 'align_KROCC': np.float64(0.5450483914658878)}]
{'agg_metrics': np.float64(4.588158787918005), 'qual_agg': np.float64(2.457168489533981), 'qual_PLCC': np.float64(0.9073426098692772), 'qual_SROCC': np.float64(0.8661025786981048), 'qual_KROCC': np.float64(0.6837233009665993), 'align_agg': np.float64(2.1309902983840234), 'align_PLCC': np.float64(0.8537991671870251), 'align_SROCC': np.float64(0.7321427397311107), 'align_KROCC': np.float64(0.5450483914658878)}
