2026-08-21 19:39:18,911 [INFO] Loaded init weights from init_ckpt/v15_init_seed42.pth
2026-08-21 19:39:18,912 [INFO] Start training
2026-08-21 19:39:18,929 [INFO] number of trainable parameters: 2226951
Not using distributed mode
['msqr_dgmpq_hcmi_v8', 'msqr_dgmpq_mscm_v10', 'msqr_dgmpq_mscm_v11', 'msqr_dgmpq_mscm_v12', 'msqr_dgmpq_msrc_v14', 'msqr_dgmpq_ptlc_v15', 'msqr_dgmpq_tcap_v9']
2026-08-21 19:39:20,229 [INFO] Start training epoch 0, 37 iters per inner epoch.
2026-08-21 19:39:34,320 [INFO] Averaged stats: lr: 0.000036  loss: 6.712814
2026-08-21 19:39:34,393 [INFO] Evaluating on val.
Train: data epoch: [0]  [ 0/37]  eta: 0:02:04  lr: 0.000000  loss: 7.3413  time: 3.3734  data: 0.0001  max mem: 5050
Train: data epoch: [0]  [20/37]  eta: 0:00:07  lr: 0.000040  loss: 6.2644  time: 0.2957  data: 0.0000  max mem: 5061
Train: data epoch: [0]  [36/37]  eta: 0:00:00  lr: 0.000072  loss: 6.2248  time: 0.2966  data: 0.0000  max mem: 5061
Train: data epoch: [0] Total time: 0:00:14 (0.3808 s / it)
2026-08-21 19:39:38,301 [INFO] Qual: EPOCH[0] -> PLCC: -0.129156, SROCC: -0.103444, KROCC: -0.069009, LOSS: 5.738541
2026-08-21 19:39:38,301 [INFO] Align: EPOCH[0] -> PLCC: -0.084496, SROCC: -0.053802, KROCC: -0.036894, LOSS: 5.285039
2026-08-21 19:39:38,318 [INFO] Saving checkpoint at epoch 0 to run/20260821193_R0_V15_s4/checkpoint_best.pth.
2026-08-21 19:39:38,377 [INFO] Saving checkpoint at epoch 0 to run/20260821193_R0_V15_s4/checkpoint_best_joint.pth.
2026-08-21 19:39:38,419 [INFO] Start training
2026-08-21 19:39:38,721 [INFO] Start training epoch 1, 37 iters per inner epoch.
2026-08-21 19:39:49,264 [INFO] Averaged stats: lr: 0.000100  loss: 2.668139
2026-08-21 19:39:49,356 [INFO] Evaluating on val.
Train: data epoch: [1]  [ 0/37]  eta: 0:00:32  lr: 0.000100  loss: 5.6253  time: 0.8730  data: 0.0001  max mem: 5061
Train: data epoch: [1]  [20/37]  eta: 0:00:04  lr: 0.000100  loss: 1.8645  time: 0.2477  data: 0.0000  max mem: 5061
Train: data epoch: [1]  [36/37]  eta: 0:00:00  lr: 0.000100  loss: 1.0734  time: 0.2894  data: 0.0000  max mem: 5061
Train: data epoch: [1] Total time: 0:00:10 (0.2849 s / it)
2026-08-21 19:39:53,974 [INFO] Qual: EPOCH[1] -> PLCC: 0.375243, SROCC: 0.375933, KROCC: 0.257338, LOSS: 0.984245
2026-08-21 19:39:53,974 [INFO] Align: EPOCH[1] -> PLCC: 0.398262, SROCC: 0.398464, KROCC: 0.277257, LOSS: 0.852862
2026-08-21 19:39:53,991 [INFO] Saving checkpoint at epoch 1 to run/20260821193_R0_V15_s4/checkpoint_best.pth.
2026-08-21 19:39:54,055 [INFO] Saving checkpoint at epoch 1 to run/20260821193_R0_V15_s4/checkpoint_best_joint.pth.
2026-08-21 19:39:54,102 [INFO] Start training
2026-08-21 19:39:54,409 [INFO] Start training epoch 2, 37 iters per inner epoch.
2026-08-21 19:40:04,525 [INFO] Averaged stats: lr: 0.000100  loss: 0.698753
2026-08-21 19:40:04,603 [INFO] Evaluating on val.
Train: data epoch: [2]  [ 0/37]  eta: 0:00:40  lr: 0.000100  loss: 1.0454  time: 1.0947  data: 0.0001  max mem: 5061
Train: data epoch: [2]  [20/37]  eta: 0:00:05  lr: 0.000100  loss: 0.7008  time: 0.2735  data: 0.0000  max mem: 5061
Train: data epoch: [2]  [36/37]  eta: 0:00:00  lr: 0.000100  loss: 0.3724  time: 0.2427  data: 0.0000  max mem: 5061
Train: data epoch: [2] Total time: 0:00:10 (0.2734 s / it)
2026-08-21 19:40:09,244 [INFO] Qual: EPOCH[2] -> PLCC: 0.762442, SROCC: 0.716640, KROCC: 0.526344, LOSS: 0.457744
2026-08-21 19:40:09,245 [INFO] Align: EPOCH[2] -> PLCC: 0.698790, SROCC: 0.626440, KROCC: 0.451223, LOSS: 0.500922
2026-08-21 19:40:09,261 [INFO] Saving checkpoint at epoch 2 to run/20260821193_R0_V15_s4/checkpoint_best.pth.
2026-08-21 19:40:09,325 [INFO] Saving checkpoint at epoch 2 to run/20260821193_R0_V15_s4/checkpoint_best_joint.pth.
2026-08-21 19:40:09,370 [INFO] Start training
2026-08-21 19:40:09,675 [INFO] Start training epoch 3, 37 iters per inner epoch.
2026-08-21 19:40:20,783 [INFO] Averaged stats: lr: 0.000099  loss: 0.377822
2026-08-21 19:40:20,864 [INFO] Evaluating on val.
Train: data epoch: [3]  [ 0/37]  eta: 0:00:33  lr: 0.000099  loss: 0.4743  time: 0.9147  data: 0.0001  max mem: 5061
Train: data epoch: [3]  [20/37]  eta: 0:00:05  lr: 0.000099  loss: 0.2837  time: 0.2939  data: 0.0000  max mem: 5061
Train: data epoch: [3]  [36/37]  eta: 0:00:00  lr: 0.000099  loss: 0.2531  time: 0.2636  data: 0.0000  max mem: 5061
Train: data epoch: [3] Total time: 0:00:11 (0.3002 s / it)
2026-08-21 19:40:24,720 [INFO] Qual: EPOCH[3] -> PLCC: 0.850931, SROCC: 0.792902, KROCC: 0.601344, LOSS: 0.273205
2026-08-21 19:40:24,720 [INFO] Align: EPOCH[3] -> PLCC: 0.781887, SROCC: 0.678389, KROCC: 0.494661, LOSS: 0.371595
2026-08-21 19:40:24,737 [INFO] Saving checkpoint at epoch 3 to run/20260821193_R0_V15_s4/checkpoint_best.pth.
2026-08-21 19:40:24,802 [INFO] Saving checkpoint at epoch 3 to run/20260821193_R0_V15_s4/checkpoint_best_joint.pth.
2026-08-21 19:40:24,865 [INFO] Start training
2026-08-21 19:40:25,171 [INFO] Start training epoch 4, 37 iters per inner epoch.
2026-08-21 19:40:36,829 [INFO] Averaged stats: lr: 0.000098  loss: 0.268277
2026-08-21 19:40:36,910 [INFO] Evaluating on val.
Train: data epoch: [4]  [ 0/37]  eta: 0:00:39  lr: 0.000098  loss: 0.2864  time: 1.0608  data: 0.0001  max mem: 5061
Train: data epoch: [4]  [20/37]  eta: 0:00:05  lr: 0.000098  loss: 0.3078  time: 0.2936  data: 0.0000  max mem: 5061
Train: data epoch: [4]  [36/37]  eta: 0:00:00  lr: 0.000098  loss: 0.2802  time: 0.2906  data: 0.0000  max mem: 5061
Train: data epoch: [4] Total time: 0:00:11 (0.3151 s / it)
2026-08-21 19:40:41,191 [INFO] Qual: EPOCH[4] -> PLCC: 0.879611, SROCC: 0.828512, KROCC: 0.640350, LOSS: 0.219709
2026-08-21 19:40:41,191 [INFO] Align: EPOCH[4] -> PLCC: 0.817583, SROCC: 0.702982, KROCC: 0.518670, LOSS: 0.317573
2026-08-21 19:40:41,204 [INFO] Saving checkpoint at epoch 4 to run/20260821193_R0_V15_s4/checkpoint_best.pth.
2026-08-21 19:40:41,255 [INFO] Saving checkpoint at epoch 4 to run/20260821193_R0_V15_s4/checkpoint_best_joint.pth.
2026-08-21 19:40:41,291 [INFO] Start training
2026-08-21 19:40:41,571 [INFO] Start training epoch 5, 37 iters per inner epoch.
2026-08-21 19:40:52,513 [INFO] Averaged stats: lr: 0.000098  loss: 0.237996
2026-08-21 19:40:52,605 [INFO] Evaluating on val.
Train: data epoch: [5]  [ 0/37]  eta: 0:00:30  lr: 0.000098  loss: 0.2406  time: 0.8235  data: 0.0001  max mem: 5061
Train: data epoch: [5]  [20/37]  eta: 0:00:05  lr: 0.000098  loss: 0.2423  time: 0.2684  data: 0.0000  max mem: 5061
Train: data epoch: [5]  [36/37]  eta: 0:00:00  lr: 0.000098  loss: 0.2537  time: 0.2991  data: 0.0000  max mem: 5061
Train: data epoch: [5] Total time: 0:00:10 (0.2957 s / it)
2026-08-21 19:40:57,256 [INFO] Qual: EPOCH[5] -> PLCC: 0.890088, SROCC: 0.843395, KROCC: 0.656756, LOSS: 0.204155
2026-08-21 19:40:57,256 [INFO] Align: EPOCH[5] -> PLCC: 0.830317, SROCC: 0.713880, KROCC: 0.528982, LOSS: 0.304389
2026-08-21 19:40:57,271 [INFO] Saving checkpoint at epoch 5 to run/20260821193_R0_V15_s4/checkpoint_best.pth.
2026-08-21 19:40:57,322 [INFO] Saving checkpoint at epoch 5 to run/20260821193_R0_V15_s4/checkpoint_best_joint.pth.
2026-08-21 19:40:57,358 [INFO] Start training
2026-08-21 19:40:57,634 [INFO] Start training epoch 6, 37 iters per inner epoch.
2026-08-21 19:41:08,672 [INFO] Averaged stats: lr: 0.000097  loss: 0.222236
2026-08-21 19:41:08,770 [INFO] Evaluating on val.
Train: data epoch: [6]  [ 0/37]  eta: 0:00:41  lr: 0.000097  loss: 0.2688  time: 1.1227  data: 0.0001  max mem: 5061
Train: data epoch: [6]  [20/37]  eta: 0:00:05  lr: 0.000097  loss: 0.2276  time: 0.2807  data: 0.0000  max mem: 5061
Train: data epoch: [6]  [36/37]  eta: 0:00:00  lr: 0.000097  loss: 0.2378  time: 0.2538  data: 0.0000  max mem: 5061
Train: data epoch: [6] Total time: 0:00:11 (0.2983 s / it)
2026-08-21 19:41:13,208 [INFO] Qual: EPOCH[6] -> PLCC: 0.895285, SROCC: 0.851562, KROCC: 0.665975, LOSS: 0.193893
2026-08-21 19:41:13,208 [INFO] Align: EPOCH[6] -> PLCC: 0.836296, SROCC: 0.719295, KROCC: 0.534149, LOSS: 0.283254
2026-08-21 19:41:13,224 [INFO] Saving checkpoint at epoch 6 to run/20260821193_R0_V15_s4/checkpoint_best.pth.
2026-08-21 19:41:13,289 [INFO] Saving checkpoint at epoch 6 to run/20260821193_R0_V15_s4/checkpoint_best_joint.pth.
2026-08-21 19:41:13,337 [INFO] Start training
2026-08-21 19:41:13,640 [INFO] Start training epoch 7, 37 iters per inner epoch.
2026-08-21 19:41:24,498 [INFO] Averaged stats: lr: 0.000095  loss: 0.206581
2026-08-21 19:41:24,564 [INFO] Evaluating on val.
Train: data epoch: [7]  [ 0/37]  eta: 0:00:41  lr: 0.000095  loss: 0.2332  time: 1.1294  data: 0.0001  max mem: 5061
Train: data epoch: [7]  [20/37]  eta: 0:00:05  lr: 0.000095  loss: 0.2014  time: 0.2736  data: 0.0000  max mem: 5061
Train: data epoch: [7]  [36/37]  eta: 0:00:00  lr: 0.000095  loss: 0.2129  time: 0.2759  data: 0.0000  max mem: 5061
Train: data epoch: [7] Total time: 0:00:10 (0.2934 s / it)
2026-08-21 19:41:29,344 [INFO] Qual: EPOCH[7] -> PLCC: 0.899343, SROCC: 0.856416, KROCC: 0.671436, LOSS: 0.186906
2026-08-21 19:41:29,344 [INFO] Align: EPOCH[7] -> PLCC: 0.840596, SROCC: 0.723952, KROCC: 0.539351, LOSS: 0.275591
2026-08-21 19:41:29,357 [INFO] Saving checkpoint at epoch 7 to run/20260821193_R0_V15_s4/checkpoint_best.pth.
2026-08-21 19:41:29,416 [INFO] Saving checkpoint at epoch 7 to run/20260821193_R0_V15_s4/checkpoint_best_joint.pth.
2026-08-21 19:41:29,469 [INFO] Start training
2026-08-21 19:41:29,773 [INFO] Start training epoch 8, 37 iters per inner epoch.
2026-08-21 19:41:40,790 [INFO] Averaged stats: lr: 0.000094  loss: 0.195933
2026-08-21 19:41:40,893 [INFO] Evaluating on val.
Train: data epoch: [8]  [ 0/37]  eta: 0:00:37  lr: 0.000094  loss: 0.1566  time: 1.0159  data: 0.0001  max mem: 5061
Train: data epoch: [8]  [20/37]  eta: 0:00:05  lr: 0.000094  loss: 0.1972  time: 0.3003  data: 0.0000  max mem: 5061
Train: data epoch: [8]  [36/37]  eta: 0:00:00  lr: 0.000094  loss: 0.1497  time: 0.2607  data: 0.0000  max mem: 5061
Train: data epoch: [8] Total time: 0:00:11 (0.2977 s / it)
2026-08-21 19:41:44,753 [INFO] Qual: EPOCH[8] -> PLCC: 0.901628, SROCC: 0.860210, KROCC: 0.675430, LOSS: 0.185448
2026-08-21 19:41:44,753 [INFO] Align: EPOCH[8] -> PLCC: 0.845798, SROCC: 0.726258, KROCC: 0.540682, LOSS: 0.275214
2026-08-21 19:41:44,767 [INFO] Saving checkpoint at epoch 8 to run/20260821193_R0_V15_s4/checkpoint_best.pth.
2026-08-21 19:41:44,827 [INFO] Saving checkpoint at epoch 8 to run/20260821193_R0_V15_s4/checkpoint_best_joint.pth.
2026-08-21 19:41:44,869 [INFO] Start training
2026-08-21 19:41:45,223 [INFO] Start training epoch 9, 37 iters per inner epoch.
2026-08-21 19:41:57,633 [INFO] Averaged stats: lr: 0.000092  loss: 0.188970
2026-08-21 19:41:57,723 [INFO] Evaluating on val.
Train: data epoch: [9]  [ 0/37]  eta: 0:00:59  lr: 0.000092  loss: 0.1690  time: 1.5990  data: 0.0001  max mem: 5061
Train: data epoch: [9]  [20/37]  eta: 0:00:06  lr: 0.000092  loss: 0.1794  time: 0.3021  data: 0.0000  max mem: 5061
Train: data epoch: [9]  [36/37]  eta: 0:00:00  lr: 0.000092  loss: 0.1710  time: 0.2956  data: 0.0000  max mem: 5061
Train: data epoch: [9] Total time: 0:00:12 (0.3354 s / it)
2026-08-21 19:42:01,496 [INFO] Qual: EPOCH[9] -> PLCC: 0.904150, SROCC: 0.863704, KROCC: 0.680045, LOSS: 0.176844
2026-08-21 19:42:01,496 [INFO] Align: EPOCH[9] -> PLCC: 0.848868, SROCC: 0.730792, KROCC: 0.544642, LOSS: 0.266039
2026-08-21 19:42:01,512 [INFO] Saving checkpoint at epoch 9 to run/20260821193_R0_V15_s4/checkpoint_best.pth.
2026-08-21 19:42:01,574 [INFO] Saving checkpoint at epoch 9 to run/20260821193_R0_V15_s4/checkpoint_best_joint.pth.
2026-08-21 19:42:01,620 [INFO] Start training
2026-08-21 19:42:01,921 [INFO] Start training epoch 10, 37 iters per inner epoch.
2026-08-21 19:42:12,661 [INFO] Averaged stats: lr: 0.000091  loss: 0.179870
2026-08-21 19:42:12,736 [INFO] Evaluating on val.
Train: data epoch: [10]  [ 0/37]  eta: 0:00:32  lr: 0.000091  loss: 0.1950  time: 0.8700  data: 0.0001  max mem: 5061
Train: data epoch: [10]  [20/37]  eta: 0:00:04  lr: 0.000091  loss: 0.2078  time: 0.2556  data: 0.0000  max mem: 5061
Train: data epoch: [10]  [36/37]  eta: 0:00:00  lr: 0.000091  loss: 0.1962  time: 0.2949  data: 0.0000  max mem: 5061
Train: data epoch: [10] Total time: 0:00:10 (0.2903 s / it)
2026-08-21 19:42:17,026 [INFO] Qual: EPOCH[10] -> PLCC: 0.905392, SROCC: 0.866142, KROCC: 0.682708, LOSS: 0.184849
2026-08-21 19:42:17,026 [INFO] Align: EPOCH[10] -> PLCC: 0.847571, SROCC: 0.731652, KROCC: 0.545274, LOSS: 0.282396
2026-08-21 19:42:17,039 [INFO] Saving checkpoint at epoch 10 to run/20260821193_R0_V15_s4/checkpoint_best.pth.
2026-08-21 19:42:17,092 [INFO] Saving checkpoint at epoch 10 to run/20260821193_R0_V15_s4/checkpoint_best_joint.pth.
2026-08-21 19:42:17,130 [INFO] Start training
2026-08-21 19:42:17,419 [INFO] Start training epoch 11, 37 iters per inner epoch.
2026-08-21 19:42:27,971 [INFO] Averaged stats: lr: 0.000089  loss: 0.174132
2026-08-21 19:42:28,073 [INFO] Evaluating on val.
Train: data epoch: [11]  [ 0/37]  eta: 0:00:35  lr: 0.000089  loss: 0.1366  time: 0.9493  data: 0.0001  max mem: 5061
Train: data epoch: [11]  [20/37]  eta: 0:00:05  lr: 0.000089  loss: 0.1987  time: 0.2810  data: 0.0000  max mem: 5061
Train: data epoch: [11]  [36/37]  eta: 0:00:00  lr: 0.000089  loss: 0.1959  time: 0.2599  data: 0.0000  max mem: 5061
Train: data epoch: [11] Total time: 0:00:10 (0.2852 s / it)
2026-08-21 19:42:32,693 [INFO] Qual: EPOCH[11] -> PLCC: 0.907239, SROCC: 0.867445, KROCC: 0.684852, LOSS: 0.174583
2026-08-21 19:42:32,693 [INFO] Align: EPOCH[11] -> PLCC: 0.851397, SROCC: 0.735383, KROCC: 0.548478, LOSS: 0.266750
2026-08-21 19:42:32,706 [INFO] Saving checkpoint at epoch 11 to run/20260821193_R0_V15_s4/checkpoint_best.pth.
2026-08-21 19:42:32,757 [INFO] Saving checkpoint at epoch 11 to run/20260821193_R0_V15_s4/checkpoint_best_joint.pth.
2026-08-21 19:42:32,794 [INFO] Start training
2026-08-21 19:42:33,076 [INFO] Start training epoch 12, 37 iters per inner epoch.
2026-08-21 19:42:44,079 [INFO] Averaged stats: lr: 0.000087  loss: 0.167381
2026-08-21 19:42:44,157 [INFO] Evaluating on val.
Train: data epoch: [12]  [ 0/37]  eta: 0:00:28  lr: 0.000087  loss: 0.1487  time: 0.7796  data: 0.0001  max mem: 5061
Train: data epoch: [12]  [20/37]  eta: 0:00:04  lr: 0.000087  loss: 0.1937  time: 0.2694  data: 0.0000  max mem: 5061
Train: data epoch: [12]  [36/37]  eta: 0:00:00  lr: 0.000087  loss: 0.1686  time: 0.2769  data: 0.0000  max mem: 5061
Train: data epoch: [12] Total time: 0:00:11 (0.2974 s / it)
2026-08-21 19:42:48,145 [INFO] Qual: EPOCH[12] -> PLCC: 0.908361, SROCC: 0.869526, KROCC: 0.687345, LOSS: 0.172965
2026-08-21 19:42:48,145 [INFO] Align: EPOCH[12] -> PLCC: 0.852385, SROCC: 0.736019, KROCC: 0.548456, LOSS: 0.263469
2026-08-21 19:42:48,162 [INFO] Saving checkpoint at epoch 12 to run/20260821193_R0_V15_s4/checkpoint_best.pth.
2026-08-21 19:42:48,223 [INFO] Saving checkpoint at epoch 12 to run/20260821193_R0_V15_s4/checkpoint_best_joint.pth.
2026-08-21 19:42:48,271 [INFO] Start training
2026-08-21 19:42:48,581 [INFO] Start training epoch 13, 37 iters per inner epoch.
2026-08-21 19:43:00,303 [INFO] Averaged stats: lr: 0.000084  loss: 0.162473
2026-08-21 19:43:00,387 [INFO] Evaluating on val.
Train: data epoch: [13]  [ 0/37]  eta: 0:00:35  lr: 0.000084  loss: 0.1141  time: 0.9701  data: 0.0001  max mem: 5061
Train: data epoch: [13]  [20/37]  eta: 0:00:05  lr: 0.000084  loss: 0.1620  time: 0.3029  data: 0.0000  max mem: 5061
Train: data epoch: [13]  [36/37]  eta: 0:00:00  lr: 0.000084  loss: 0.1795  time: 0.2959  data: 0.0000  max mem: 5061
Train: data epoch: [13] Total time: 0:00:11 (0.3168 s / it)
2026-08-21 19:43:05,031 [INFO] Qual: EPOCH[13] -> PLCC: 0.908621, SROCC: 0.869463, KROCC: 0.687548, LOSS: 0.171353
2026-08-21 19:43:05,031 [INFO] Align: EPOCH[13] -> PLCC: 0.853393, SROCC: 0.736813, KROCC: 0.548975, LOSS: 0.258956
2026-08-21 19:43:05,047 [INFO] Saving checkpoint at epoch 13 to run/20260821193_R0_V15_s4/checkpoint_best.pth.
2026-08-21 19:43:05,109 [INFO] Saving checkpoint at epoch 13 to run/20260821193_R0_V15_s4/checkpoint_best_joint.pth.
2026-08-21 19:43:05,156 [INFO] Start training
2026-08-21 19:43:05,464 [INFO] Start training epoch 14, 37 iters per inner epoch.
2026-08-21 19:43:17,129 [INFO] Averaged stats: lr: 0.000082  loss: 0.157928
2026-08-21 19:43:17,228 [INFO] Evaluating on val.
Train: data epoch: [14]  [ 0/37]  eta: 0:00:46  lr: 0.000082  loss: 0.1435  time: 1.2581  data: 0.0001  max mem: 5061
Train: data epoch: [14]  [20/37]  eta: 0:00:05  lr: 0.000082  loss: 0.1496  time: 0.2819  data: 0.0000  max mem: 5061
Train: data epoch: [14]  [36/37]  eta: 0:00:00  lr: 0.000082  loss: 0.1446  time: 0.2996  data: 0.0000  max mem: 5061
Train: data epoch: [14] Total time: 0:00:11 (0.3152 s / it)
2026-08-21 19:43:21,835 [INFO] Qual: EPOCH[14] -> PLCC: 0.909781, SROCC: 0.871651, KROCC: 0.689873, LOSS: 0.168947
2026-08-21 19:43:21,835 [INFO] Align: EPOCH[14] -> PLCC: 0.853293, SROCC: 0.737842, KROCC: 0.549810, LOSS: 0.261433
2026-08-21 19:43:21,849 [INFO] Saving checkpoint at epoch 14 to run/20260821193_R0_V15_s4/checkpoint_best.pth.
2026-08-21 19:43:21,902 [INFO] Saving checkpoint at epoch 14 to run/20260821193_R0_V15_s4/checkpoint_best_joint.pth.
2026-08-21 19:43:21,938 [INFO] Start training
2026-08-21 19:43:22,216 [INFO] Start training epoch 15, 37 iters per inner epoch.
2026-08-21 19:43:32,917 [INFO] Averaged stats: lr: 0.000080  loss: 0.152681
2026-08-21 19:43:33,005 [INFO] Evaluating on val.
Train: data epoch: [15]  [ 0/37]  eta: 0:00:37  lr: 0.000080  loss: 0.2703  time: 1.0095  data: 0.0001  max mem: 5061
Train: data epoch: [15]  [20/37]  eta: 0:00:05  lr: 0.000080  loss: 0.1468  time: 0.2758  data: 0.0000  max mem: 5061
Train: data epoch: [15]  [36/37]  eta: 0:00:00  lr: 0.000080  loss: 0.1584  time: 0.2466  data: 0.0000  max mem: 5061
Train: data epoch: [15] Total time: 0:00:10 (0.2892 s / it)
2026-08-21 19:43:37,648 [INFO] Qual: EPOCH[15] -> PLCC: 0.910219, SROCC: 0.872304, KROCC: 0.690245, LOSS: 0.167839
2026-08-21 19:43:37,648 [INFO] Align: EPOCH[15] -> PLCC: 0.853996, SROCC: 0.737065, KROCC: 0.548648, LOSS: 0.253084
2026-08-21 19:43:37,664 [INFO] Saving checkpoint at epoch 15 to run/20260821193_R0_V15_s4/checkpoint_best.pth.
2026-08-21 19:43:37,733 [INFO] Saving checkpoint at epoch 15 to run/20260821193_R0_V15_s4/checkpoint_best_joint.pth.
2026-08-21 19:43:37,786 [INFO] Start training
2026-08-21 19:43:38,093 [INFO] Start training epoch 16, 37 iters per inner epoch.
2026-08-21 19:43:48,912 [INFO] Averaged stats: lr: 0.000077  loss: 0.149254
2026-08-21 19:43:48,993 [INFO] Evaluating on val.
Train: data epoch: [16]  [ 0/37]  eta: 0:00:34  lr: 0.000077  loss: 0.1697  time: 0.9190  data: 0.0001  max mem: 5061
Train: data epoch: [16]  [20/37]  eta: 0:00:05  lr: 0.000077  loss: 0.1305  time: 0.2732  data: 0.0000  max mem: 5061
Train: data epoch: [16]  [36/37]  eta: 0:00:00  lr: 0.000077  loss: 0.1803  time: 0.2790  data: 0.0000  max mem: 5061
Train: data epoch: [16] Total time: 0:00:10 (0.2924 s / it)
2026-08-21 19:43:53,982 [INFO] Qual: EPOCH[16] -> PLCC: 0.910356, SROCC: 0.872600, KROCC: 0.690990, LOSS: 0.169088
2026-08-21 19:43:53,982 [INFO] Align: EPOCH[16] -> PLCC: 0.854061, SROCC: 0.737700, KROCC: 0.549054, LOSS: 0.265929
2026-08-21 19:43:53,995 [INFO] Saving checkpoint at epoch 16 to run/20260821193_R0_V15_s4/checkpoint_best.pth.
2026-08-21 19:43:54,044 [INFO] Saving checkpoint at epoch 16 to run/20260821193_R0_V15_s4/checkpoint_best_joint.pth.
2026-08-21 19:43:54,082 [INFO] Start training
2026-08-21 19:43:54,364 [INFO] Start training epoch 17, 37 iters per inner epoch.
2026-08-21 19:44:05,315 [INFO] Averaged stats: lr: 0.000074  loss: 0.145280
2026-08-21 19:44:05,396 [INFO] Evaluating on val.
Train: data epoch: [17]  [ 0/37]  eta: 0:00:32  lr: 0.000074  loss: 0.1382  time: 0.8813  data: 0.0001  max mem: 5061
Train: data epoch: [17]  [20/37]  eta: 0:00:05  lr: 0.000074  loss: 0.1764  time: 0.3020  data: 0.0000  max mem: 5061
Train: data epoch: [17]  [36/37]  eta: 0:00:00  lr: 0.000074  loss: 0.1726  time: 0.2640  data: 0.0000  max mem: 5061
Train: data epoch: [17] Total time: 0:00:10 (0.2960 s / it)
2026-08-21 19:44:09,668 [INFO] Qual: EPOCH[17] -> PLCC: 0.910113, SROCC: 0.871831, KROCC: 0.690166, LOSS: 0.167383
2026-08-21 19:44:09,668 [INFO] Align: EPOCH[17] -> PLCC: 0.853451, SROCC: 0.734092, KROCC: 0.545015, LOSS: 0.268843
2026-08-21 19:44:09,669 [INFO] Start training
2026-08-21 19:44:09,974 [INFO] Start training epoch 18, 37 iters per inner epoch.
2026-08-21 19:44:22,123 [INFO] Averaged stats: lr: 0.000072  loss: 0.141870
2026-08-21 19:44:22,213 [INFO] Evaluating on val.
Train: data epoch: [18]  [ 0/37]  eta: 0:00:42  lr: 0.000072  loss: 0.1170  time: 1.1534  data: 0.0001  max mem: 5061
Train: data epoch: [18]  [20/37]  eta: 0:00:05  lr: 0.000072  loss: 0.1957  time: 0.3104  data: 0.0000  max mem: 5061
Train: data epoch: [18]  [36/37]  eta: 0:00:00  lr: 0.000072  loss: 0.1791  time: 0.3015  data: 0.0000  max mem: 5061
Train: data epoch: [18] Total time: 0:00:12 (0.3283 s / it)
2026-08-21 19:44:26,328 [INFO] Qual: EPOCH[18] -> PLCC: 0.910410, SROCC: 0.874078, KROCC: 0.692592, LOSS: 0.170826
2026-08-21 19:44:26,328 [INFO] Align: EPOCH[18] -> PLCC: 0.852131, SROCC: 0.733496, KROCC: 0.544654, LOSS: 0.259473
2026-08-21 19:44:26,346 [INFO] Saving checkpoint at epoch 18 to run/20260821193_R0_V15_s4/checkpoint_best.pth.
2026-08-21 19:44:26,393 [INFO] Start training
2026-08-21 19:44:26,709 [INFO] Start training epoch 19, 37 iters per inner epoch.
2026-08-21 19:44:37,756 [INFO] Averaged stats: lr: 0.000069  loss: 0.138752
2026-08-21 19:44:37,829 [INFO] Evaluating on val.
Train: data epoch: [19]  [ 0/37]  eta: 0:00:39  lr: 0.000069  loss: 0.1258  time: 1.0810  data: 0.0001  max mem: 5061
Train: data epoch: [19]  [20/37]  eta: 0:00:05  lr: 0.000069  loss: 0.1539  time: 0.2668  data: 0.0000  max mem: 5061
Train: data epoch: [19]  [36/37]  eta: 0:00:00  lr: 0.000069  loss: 0.1487  time: 0.2932  data: 0.0000  max mem: 5061
Train: data epoch: [19] Total time: 0:00:11 (0.2985 s / it)
2026-08-21 19:44:42,432 [INFO] Qual: EPOCH[19] -> PLCC: 0.910540, SROCC: 0.873705, KROCC: 0.692310, LOSS: 0.167574
2026-08-21 19:44:42,433 [INFO] Align: EPOCH[19] -> PLCC: 0.852846, SROCC: 0.733801, KROCC: 0.544078, LOSS: 0.264822
2026-08-21 19:44:42,433 [INFO] Start training
2026-08-21 19:44:42,713 [INFO] Start training epoch 20, 37 iters per inner epoch.
2026-08-21 19:44:53,265 [INFO] Averaged stats: lr: 0.000066  loss: 0.133927
2026-08-21 19:44:53,342 [INFO] Evaluating on val.
Train: data epoch: [20]  [ 0/37]  eta: 0:00:33  lr: 0.000066  loss: 0.1128  time: 0.9147  data: 0.0002  max mem: 5061
Train: data epoch: [20]  [20/37]  eta: 0:00:05  lr: 0.000066  loss: 0.1056  time: 0.2744  data: 0.0000  max mem: 5061
Train: data epoch: [20]  [36/37]  eta: 0:00:00  lr: 0.000066  loss: 0.1371  time: 0.2669  data: 0.0000  max mem: 5061
Train: data epoch: [20] Total time: 0:00:10 (0.2852 s / it)
2026-08-21 19:44:58,005 [INFO] Qual: EPOCH[20] -> PLCC: 0.910284, SROCC: 0.873708, KROCC: 0.692231, LOSS: 0.170336
2026-08-21 19:44:58,005 [INFO] Align: EPOCH[20] -> PLCC: 0.852090, SROCC: 0.733477, KROCC: 0.543954, LOSS: 0.272671
2026-08-21 19:44:58,021 [INFO] Saving checkpoint at epoch 20 to run/20260821193_R0_V15_s4/checkpoint_latest.pth.
2026-08-21 19:44:58,065 [INFO] Start training
2026-08-21 19:44:58,369 [INFO] Start training epoch 21, 37 iters per inner epoch.
2026-08-21 19:45:09,076 [INFO] Averaged stats: lr: 0.000063  loss: 0.131549
2026-08-21 19:45:09,177 [INFO] Evaluating on val.
Train: data epoch: [21]  [ 0/37]  eta: 0:00:30  lr: 0.000063  loss: 0.1166  time: 0.8188  data: 0.0001  max mem: 5061
Train: data epoch: [21]  [20/37]  eta: 0:00:05  lr: 0.000063  loss: 0.1636  time: 0.2923  data: 0.0000  max mem: 5061
Train: data epoch: [21]  [36/37]  eta: 0:00:00  lr: 0.000063  loss: 0.1340  time: 0.2574  data: 0.0000  max mem: 5061
Train: data epoch: [21] Total time: 0:00:10 (0.2894 s / it)
2026-08-21 19:45:12,887 [INFO] Qual: EPOCH[21] -> PLCC: 0.910142, SROCC: 0.872892, KROCC: 0.691497, LOSS: 0.168498
2026-08-21 19:45:12,887 [INFO] Align: EPOCH[21] -> PLCC: 0.851694, SROCC: 0.730055, KROCC: 0.540659, LOSS: 0.261592
2026-08-21 19:45:12,888 [INFO] Start training
2026-08-21 19:45:13,171 [INFO] Start training epoch 22, 37 iters per inner epoch.
2026-08-21 19:45:25,128 [INFO] Averaged stats: lr: 0.000060  loss: 0.130103
2026-08-21 19:45:25,210 [INFO] Evaluating on val.
Train: data epoch: [22]  [ 0/37]  eta: 0:00:41  lr: 0.000060  loss: 0.1061  time: 1.1222  data: 0.0001  max mem: 5061
Train: data epoch: [22]  [20/37]  eta: 0:00:05  lr: 0.000060  loss: 0.1425  time: 0.3076  data: 0.0000  max mem: 5061
Train: data epoch: [22]  [36/37]  eta: 0:00:00  lr: 0.000060  loss: 0.0897  time: 0.2955  data: 0.0000  max mem: 5061
Train: data epoch: [22] Total time: 0:00:11 (0.3232 s / it)
2026-08-21 19:45:29,921 [INFO] Qual: EPOCH[22] -> PLCC: 0.909959, SROCC: 0.873011, KROCC: 0.691497, LOSS: 0.169007
2026-08-21 19:45:29,921 [INFO] Align: EPOCH[22] -> PLCC: 0.851443, SROCC: 0.729343, KROCC: 0.539621, LOSS: 0.262065
2026-08-21 19:45:29,922 [INFO] Start training
2026-08-21 19:45:30,228 [INFO] Start training epoch 23, 37 iters per inner epoch.
2026-08-21 19:45:42,550 [INFO] Averaged stats: lr: 0.000057  loss: 0.126246
2026-08-21 19:45:42,625 [INFO] Evaluating on val.
Train: data epoch: [23]  [ 0/37]  eta: 0:00:51  lr: 0.000057  loss: 0.1298  time: 1.4017  data: 0.0001  max mem: 5061
Train: data epoch: [23]  [20/37]  eta: 0:00:06  lr: 0.000057  loss: 0.1263  time: 0.3051  data: 0.0000  max mem: 5061
Train: data epoch: [23]  [36/37]  eta: 0:00:00  lr: 0.000057  loss: 0.1027  time: 0.3031  data: 0.0000  max mem: 5061
Train: data epoch: [23] Total time: 0:00:12 (0.3330 s / it)
2026-08-21 19:45:47,002 [INFO] Qual: EPOCH[23] -> PLCC: 0.910147, SROCC: 0.873607, KROCC: 0.692396, LOSS: 0.169437
2026-08-21 19:45:47,003 [INFO] Align: EPOCH[23] -> PLCC: 0.851067, SROCC: 0.729282, KROCC: 0.539543, LOSS: 0.261224
2026-08-21 19:45:47,004 [INFO] Start training
2026-08-21 19:45:47,344 [INFO] Start training epoch 24, 37 iters per inner epoch.
2026-08-21 19:45:58,259 [INFO] Averaged stats: lr: 0.000054  loss: 0.123520
2026-08-21 19:45:58,338 [INFO] Evaluating on val.
Train: data epoch: [24]  [ 0/37]  eta: 0:00:34  lr: 0.000054  loss: 0.1345  time: 0.9422  data: 0.0001  max mem: 5061
Train: data epoch: [24]  [20/37]  eta: 0:00:04  lr: 0.000054  loss: 0.1228  time: 0.2614  data: 0.0000  max mem: 5061
Train: data epoch: [24]  [36/37]  eta: 0:00:00  lr: 0.000054  loss: 0.1079  time: 0.2868  data: 0.0000  max mem: 5061
Train: data epoch: [24] Total time: 0:00:10 (0.2950 s / it)
2026-08-21 19:46:02,990 [INFO] Qual: EPOCH[24] -> PLCC: 0.910147, SROCC: 0.873811, KROCC: 0.692671, LOSS: 0.169603
2026-08-21 19:46:02,991 [INFO] Align: EPOCH[24] -> PLCC: 0.850417, SROCC: 0.727588, KROCC: 0.537997, LOSS: 0.264947
2026-08-21 19:46:02,991 [INFO] Start training
2026-08-21 19:46:03,299 [INFO] Start training epoch 25, 37 iters per inner epoch.
2026-08-21 19:46:13,355 [INFO] Averaged stats: lr: 0.000050  loss: 0.121465
2026-08-21 19:46:13,470 [INFO] Evaluating on val.
Train: data epoch: [25]  [ 0/37]  eta: 0:00:29  lr: 0.000051  loss: 0.1397  time: 0.8097  data: 0.0001  max mem: 5061
Train: data epoch: [25]  [20/37]  eta: 0:00:04  lr: 0.000051  loss: 0.0909  time: 0.2623  data: 0.0000  max mem: 5061
Train: data epoch: [25]  [36/37]  eta: 0:00:00  lr: 0.000051  loss: 0.1023  time: 0.2562  data: 0.0000  max mem: 5061
Train: data epoch: [25] Total time: 0:00:10 (0.2718 s / it)
2026-08-21 19:46:17,858 [INFO] Qual: EPOCH[25] -> PLCC: 0.909841, SROCC: 0.874159, KROCC: 0.692660, LOSS: 0.171493
2026-08-21 19:46:17,858 [INFO] Align: EPOCH[25] -> PLCC: 0.849777, SROCC: 0.726211, KROCC: 0.536756, LOSS: 0.263886
2026-08-21 19:46:17,871 [INFO] Saving checkpoint at epoch 25 to run/20260821193_R0_V15_s4/checkpoint_latest.pth.
2026-08-21 19:46:17,912 [INFO] Start training
2026-08-21 19:46:18,192 [INFO] Start training epoch 26, 37 iters per inner epoch.
2026-08-21 19:46:28,840 [INFO] Averaged stats: lr: 0.000047  loss: 0.120222
2026-08-21 19:46:28,917 [INFO] Evaluating on val.
Train: data epoch: [26]  [ 0/37]  eta: 0:00:23  lr: 0.000047  loss: 0.1654  time: 0.6460  data: 0.0001  max mem: 5061
Train: data epoch: [26]  [20/37]  eta: 0:00:05  lr: 0.000047  loss: 0.1480  time: 0.2976  data: 0.0000  max mem: 5061
Train: data epoch: [26]  [36/37]  eta: 0:00:00  lr: 0.000047  loss: 0.1017  time: 0.2631  data: 0.0000  max mem: 5061
Train: data epoch: [26] Total time: 0:00:10 (0.2878 s / it)
2026-08-21 19:46:32,631 [INFO] Qual: EPOCH[26] -> PLCC: 0.909498, SROCC: 0.873805, KROCC: 0.692355, LOSS: 0.172210
2026-08-21 19:46:32,631 [INFO] Align: EPOCH[26] -> PLCC: 0.849613, SROCC: 0.726042, KROCC: 0.536304, LOSS: 0.272301
2026-08-21 19:46:32,632 [INFO] Start training
2026-08-21 19:46:32,948 [INFO] Start training epoch 27, 37 iters per inner epoch.
2026-08-21 19:46:44,690 [INFO] Averaged stats: lr: 0.000044  loss: 0.119048
2026-08-21 19:46:44,775 [INFO] Evaluating on val.
Train: data epoch: [27]  [ 0/37]  eta: 0:00:40  lr: 0.000044  loss: 0.1305  time: 1.0985  data: 0.0001  max mem: 5061
Train: data epoch: [27]  [20/37]  eta: 0:00:05  lr: 0.000044  loss: 0.0968  time: 0.2973  data: 0.0000  max mem: 5061
Train: data epoch: [27]  [36/37]  eta: 0:00:00  lr: 0.000044  loss: 0.1126  time: 0.2933  data: 0.0000  max mem: 5061
Train: data epoch: [27] Total time: 0:00:11 (0.3173 s / it)
2026-08-21 19:46:48,521 [INFO] Qual: EPOCH[27] -> PLCC: 0.909199, SROCC: 0.873901, KROCC: 0.692558, LOSS: 0.172066
2026-08-21 19:46:48,521 [INFO] Align: EPOCH[27] -> PLCC: 0.848814, SROCC: 0.724927, KROCC: 0.535368, LOSS: 0.272737
2026-08-21 19:46:48,522 [INFO] Start training
2026-08-21 19:46:48,865 [INFO] Start training epoch 28, 37 iters per inner epoch.
2026-08-21 19:46:59,557 [INFO] Averaged stats: lr: 0.000041  loss: 0.117411
2026-08-21 19:46:59,638 [INFO] Evaluating on val.
Train: data epoch: [28]  [ 0/37]  eta: 0:00:38  lr: 0.000041  loss: 0.1382  time: 1.0301  data: 0.0001  max mem: 5061
Train: data epoch: [28]  [20/37]  eta: 0:00:04  lr: 0.000041  loss: 0.1027  time: 0.2515  data: 0.0000  max mem: 5061
Train: data epoch: [28]  [36/37]  eta: 0:00:00  lr: 0.000041  loss: 0.1099  time: 0.2922  data: 0.0000  max mem: 5061
Train: data epoch: [28] Total time: 0:00:10 (0.2889 s / it)
2026-08-21 19:47:04,255 [INFO] Qual: EPOCH[28] -> PLCC: 0.908752, SROCC: 0.871663, KROCC: 0.689861, LOSS: 0.172826
2026-08-21 19:47:04,255 [INFO] Align: EPOCH[28] -> PLCC: 0.848866, SROCC: 0.722504, KROCC: 0.532502, LOSS: 0.264963
2026-08-21 19:47:04,256 [INFO] Start training
2026-08-21 19:47:04,565 [INFO] Start training epoch 29, 37 iters per inner epoch.
2026-08-21 19:47:14,943 [INFO] Averaged stats: lr: 0.000038  loss: 0.115224
2026-08-21 19:47:15,028 [INFO] Evaluating on val.
Train: data epoch: [29]  [ 0/37]  eta: 0:00:35  lr: 0.000038  loss: 0.1290  time: 0.9656  data: 0.0001  max mem: 5061
Train: data epoch: [29]  [20/37]  eta: 0:00:05  lr: 0.000038  loss: 0.0913  time: 0.2771  data: 0.0000  max mem: 5061
Train: data epoch: [29]  [36/37]  eta: 0:00:00  lr: 0.000038  loss: 0.1383  time: 0.2611  data: 0.0000  max mem: 5061
Train: data epoch: [29] Total time: 0:00:10 (0.2805 s / it)
2026-08-21 19:47:19,618 [INFO] Qual: EPOCH[29] -> PLCC: 0.908707, SROCC: 0.872219, KROCC: 0.690493, LOSS: 0.172029
2026-08-21 19:47:19,618 [INFO] Align: EPOCH[29] -> PLCC: 0.848804, SROCC: 0.723108, KROCC: 0.532942, LOSS: 0.267889
2026-08-21 19:47:19,619 [INFO] Start training
2026-08-21 19:47:19,922 [INFO] Start training epoch 30, 37 iters per inner epoch.
2026-08-21 19:47:30,893 [INFO] Averaged stats: lr: 0.000035  loss: 0.113944
2026-08-21 19:47:30,970 [INFO] Evaluating on val.
Train: data epoch: [30]  [ 0/37]  eta: 0:00:32  lr: 0.000035  loss: 0.1294  time: 0.8690  data: 0.0001  max mem: 5061
Train: data epoch: [30]  [20/37]  eta: 0:00:05  lr: 0.000035  loss: 0.1260  time: 0.2758  data: 0.0000  max mem: 5061
Train: data epoch: [30]  [36/37]  eta: 0:00:00  lr: 0.000035  loss: 0.1082  time: 0.2634  data: 0.0000  max mem: 5061
Train: data epoch: [30] Total time: 0:00:10 (0.2965 s / it)
2026-08-21 19:47:34,625 [INFO] Qual: EPOCH[30] -> PLCC: 0.908506, SROCC: 0.872544, KROCC: 0.690832, LOSS: 0.173736
2026-08-21 19:47:34,625 [INFO] Align: EPOCH[30] -> PLCC: 0.848340, SROCC: 0.722500, KROCC: 0.532671, LOSS: 0.266192
2026-08-21 19:47:34,639 [INFO] Saving checkpoint at epoch 30 to run/20260821193_R0_V15_s4/checkpoint_latest.pth.
2026-08-21 19:47:34,677 [INFO] Start training
2026-08-21 19:47:34,962 [INFO] Start training epoch 31, 37 iters per inner epoch.
2026-08-21 19:47:46,703 [INFO] Averaged stats: lr: 0.000032  loss: 0.112719
2026-08-21 19:47:46,781 [INFO] Evaluating on val.
Train: data epoch: [31]  [ 0/37]  eta: 0:00:40  lr: 0.000032  loss: 0.1279  time: 1.0860  data: 0.0001  max mem: 5061
Train: data epoch: [31]  [20/37]  eta: 0:00:05  lr: 0.000032  loss: 0.1373  time: 0.2946  data: 0.0000  max mem: 5061
Train: data epoch: [31]  [36/37]  eta: 0:00:00  lr: 0.000032  loss: 0.0994  time: 0.2929  data: 0.0000  max mem: 5061
Train: data epoch: [31] Total time: 0:00:11 (0.3173 s / it)
2026-08-21 19:47:50,781 [INFO] Qual: EPOCH[31] -> PLCC: 0.908858, SROCC: 0.872929, KROCC: 0.691531, LOSS: 0.175030
2026-08-21 19:47:50,781 [INFO] Align: EPOCH[31] -> PLCC: 0.848024, SROCC: 0.722148, KROCC: 0.532299, LOSS: 0.273235
2026-08-21 19:47:50,782 [INFO] Start training
2026-08-21 19:47:51,071 [INFO] Start training epoch 32, 37 iters per inner epoch.
2026-08-21 19:48:01,825 [INFO] Averaged stats: lr: 0.000029  loss: 0.111734
2026-08-21 19:48:01,913 [INFO] Evaluating on val.
Train: data epoch: [32]  [ 0/37]  eta: 0:00:29  lr: 0.000029  loss: 0.0756  time: 0.8043  data: 0.0001  max mem: 5061
Train: data epoch: [32]  [20/37]  eta: 0:00:04  lr: 0.000029  loss: 0.1199  time: 0.2585  data: 0.0000  max mem: 5061
Train: data epoch: [32]  [36/37]  eta: 0:00:00  lr: 0.000029  loss: 0.1259  time: 0.2940  data: 0.0000  max mem: 5061
Train: data epoch: [32] Total time: 0:00:10 (0.2906 s / it)
2026-08-21 19:48:06,539 [INFO] Qual: EPOCH[32] -> PLCC: 0.908221, SROCC: 0.872120, KROCC: 0.690245, LOSS: 0.174709
2026-08-21 19:48:06,539 [INFO] Align: EPOCH[32] -> PLCC: 0.847870, SROCC: 0.721687, KROCC: 0.531916, LOSS: 0.271222
2026-08-21 19:48:06,540 [INFO] Start training
2026-08-21 19:48:06,831 [INFO] Start training epoch 33, 37 iters per inner epoch.
2026-08-21 19:48:17,379 [INFO] Averaged stats: lr: 0.000027  loss: 0.109944
2026-08-21 19:48:17,462 [INFO] Evaluating on val.
Train: data epoch: [33]  [ 0/37]  eta: 0:00:33  lr: 0.000027  loss: 0.1005  time: 0.8961  data: 0.0001  max mem: 5061
Train: data epoch: [33]  [20/37]  eta: 0:00:05  lr: 0.000027  loss: 0.1308  time: 0.2814  data: 0.0000  max mem: 5061
Train: data epoch: [33]  [36/37]  eta: 0:00:00  lr: 0.000027  loss: 0.1189  time: 0.2600  data: 0.0000  max mem: 5061
Train: data epoch: [33] Total time: 0:00:10 (0.2851 s / it)
2026-08-21 19:48:22,095 [INFO] Qual: EPOCH[33] -> PLCC: 0.908499, SROCC: 0.873079, KROCC: 0.691215, LOSS: 0.174855
2026-08-21 19:48:22,095 [INFO] Align: EPOCH[33] -> PLCC: 0.847079, SROCC: 0.720441, KROCC: 0.530832, LOSS: 0.270793
2026-08-21 19:48:22,096 [INFO] Start training
2026-08-21 19:48:22,395 [INFO] Start training epoch 34, 37 iters per inner epoch.
2026-08-21 19:48:33,494 [INFO] Averaged stats: lr: 0.000024  loss: 0.109800
2026-08-21 19:48:33,581 [INFO] Evaluating on val.
Train: data epoch: [34]  [ 0/37]  eta: 0:00:39  lr: 0.000024  loss: 0.1037  time: 1.0728  data: 0.0001  max mem: 5061
Train: data epoch: [34]  [20/37]  eta: 0:00:05  lr: 0.000024  loss: 0.0864  time: 0.2627  data: 0.0000  max mem: 5061
Train: data epoch: [34]  [36/37]  eta: 0:00:00  lr: 0.000024  loss: 0.0791  time: 0.2766  data: 0.0000  max mem: 5061
Train: data epoch: [34] Total time: 0:00:11 (0.3000 s / it)
2026-08-21 19:48:38,482 [INFO] Qual: EPOCH[34] -> PLCC: 0.908084, SROCC: 0.872321, KROCC: 0.690279, LOSS: 0.174712
2026-08-21 19:48:38,483 [INFO] Align: EPOCH[34] -> PLCC: 0.847005, SROCC: 0.719639, KROCC: 0.529761, LOSS: 0.272879
2026-08-21 19:48:38,483 [INFO] Start training
2026-08-21 19:48:38,790 [INFO] Start training epoch 35, 37 iters per inner epoch.
2026-08-21 19:48:50,218 [INFO] Averaged stats: lr: 0.000021  loss: 0.108162
2026-08-21 19:48:50,328 [INFO] Evaluating on val.
Train: data epoch: [35]  [ 0/37]  eta: 0:00:40  lr: 0.000021  loss: 0.1368  time: 1.1061  data: 0.0001  max mem: 5061
Train: data epoch: [35]  [20/37]  eta: 0:00:05  lr: 0.000021  loss: 0.0766  time: 0.2992  data: 0.0000  max mem: 5061
Train: data epoch: [35]  [36/37]  eta: 0:00:00  lr: 0.000021  loss: 0.1150  time: 0.2780  data: 0.0000  max mem: 5061
Train: data epoch: [35] Total time: 0:00:11 (0.3089 s / it)
2026-08-21 19:48:54,693 [INFO] Qual: EPOCH[35] -> PLCC: 0.908045, SROCC: 0.872673, KROCC: 0.690798, LOSS: 0.176385
2026-08-21 19:48:54,693 [INFO] Align: EPOCH[35] -> PLCC: 0.846574, SROCC: 0.719600, KROCC: 0.529930, LOSS: 0.270497
2026-08-21 19:48:54,710 [INFO] Saving checkpoint at epoch 35 to run/20260821193_R0_V15_s4/checkpoint_latest.pth.
2026-08-21 19:48:54,757 [INFO] Start training
2026-08-21 19:48:55,067 [INFO] Start training epoch 36, 37 iters per inner epoch.
2026-08-21 19:49:07,784 [INFO] Averaged stats: lr: 0.000019  loss: 0.107279
2026-08-21 19:49:07,865 [INFO] Evaluating on val.
Train: data epoch: [36]  [ 0/37]  eta: 0:01:12  lr: 0.000019  loss: 0.0885  time: 1.9606  data: 0.0001  max mem: 5061
Train: data epoch: [36]  [20/37]  eta: 0:00:06  lr: 0.000019  loss: 0.0938  time: 0.3000  data: 0.0000  max mem: 5061
Train: data epoch: [36]  [36/37]  eta: 0:00:00  lr: 0.000019  loss: 0.1282  time: 0.2998  data: 0.0000  max mem: 5061
Train: data epoch: [36] Total time: 0:00:12 (0.3437 s / it)
2026-08-21 19:49:11,657 [INFO] Qual: EPOCH[36] -> PLCC: 0.907672, SROCC: 0.871112, KROCC: 0.688959, LOSS: 0.174953
2026-08-21 19:49:11,657 [INFO] Align: EPOCH[36] -> PLCC: 0.846528, SROCC: 0.717606, KROCC: 0.527978, LOSS: 0.277052
2026-08-21 19:49:11,658 [INFO] Start training
2026-08-21 19:49:11,936 [INFO] Start training epoch 37, 37 iters per inner epoch.
2026-08-21 19:49:22,853 [INFO] Averaged stats: lr: 0.000017  loss: 0.107077
2026-08-21 19:49:22,932 [INFO] Evaluating on val.
Train: data epoch: [37]  [ 0/37]  eta: 0:00:39  lr: 0.000017  loss: 0.1230  time: 1.0801  data: 0.0001  max mem: 5061
Train: data epoch: [37]  [20/37]  eta: 0:00:05  lr: 0.000017  loss: 0.1343  time: 0.2606  data: 0.0000  max mem: 5061
Train: data epoch: [37]  [36/37]  eta: 0:00:00  lr: 0.000017  loss: 0.0876  time: 0.2922  data: 0.0000  max mem: 5061
Train: data epoch: [37] Total time: 0:00:10 (0.2951 s / it)
2026-08-21 19:49:27,378 [INFO] Qual: EPOCH[37] -> PLCC: 0.907486, SROCC: 0.871021, KROCC: 0.688688, LOSS: 0.175657
2026-08-21 19:49:27,379 [INFO] Align: EPOCH[37] -> PLCC: 0.846270, SROCC: 0.717427, KROCC: 0.527797, LOSS: 0.274358
2026-08-21 19:49:27,379 [INFO] Start training
2026-08-21 19:49:27,686 [INFO] Start training epoch 38, 37 iters per inner epoch.
2026-08-21 19:49:37,860 [INFO] Averaged stats: lr: 0.000014  loss: 0.106322
2026-08-21 19:49:37,938 [INFO] Evaluating on val.
Train: data epoch: [38]  [ 0/37]  eta: 0:00:31  lr: 0.000014  loss: 0.1139  time: 0.8590  data: 0.0001  max mem: 5061
Train: data epoch: [38]  [20/37]  eta: 0:00:05  lr: 0.000014  loss: 0.1015  time: 0.2662  data: 0.0000  max mem: 5061
Train: data epoch: [38]  [36/37]  eta: 0:00:00  lr: 0.000014  loss: 0.1136  time: 0.2575  data: 0.0000  max mem: 5061
Train: data epoch: [38] Total time: 0:00:10 (0.2750 s / it)
2026-08-21 19:49:42,592 [INFO] Qual: EPOCH[38] -> PLCC: 0.907695, SROCC: 0.871484, KROCC: 0.689467, LOSS: 0.175640
2026-08-21 19:49:42,592 [INFO] Align: EPOCH[38] -> PLCC: 0.846230, SROCC: 0.717757, KROCC: 0.528170, LOSS: 0.276300
2026-08-21 19:49:42,593 [INFO] Start training
2026-08-21 19:49:42,884 [INFO] Start training epoch 39, 37 iters per inner epoch.
2026-08-21 19:49:54,008 [INFO] Averaged stats: lr: 0.000012  loss: 0.105806
2026-08-21 19:49:54,094 [INFO] Evaluating on val.
Train: data epoch: [39]  [ 0/37]  eta: 0:00:31  lr: 0.000012  loss: 0.1097  time: 0.8595  data: 0.0001  max mem: 5061
Train: data epoch: [39]  [20/37]  eta: 0:00:05  lr: 0.000012  loss: 0.0903  time: 0.3017  data: 0.0000  max mem: 5061
Train: data epoch: [39]  [36/37]  eta: 0:00:00  lr: 0.000012  loss: 0.0987  time: 0.2689  data: 0.0000  max mem: 5061
Train: data epoch: [39] Total time: 0:00:11 (0.3006 s / it)
2026-08-21 19:49:57,964 [INFO] Qual: EPOCH[39] -> PLCC: 0.907675, SROCC: 0.871361, KROCC: 0.689004, LOSS: 0.176162
2026-08-21 19:49:57,964 [INFO] Align: EPOCH[39] -> PLCC: 0.846158, SROCC: 0.717424, KROCC: 0.527899, LOSS: 0.273397
2026-08-21 19:49:57,965 [INFO] Start training
2026-08-21 19:49:58,249 [INFO] Start training epoch 40, 37 iters per inner epoch.
2026-08-21 19:50:10,032 [INFO] Averaged stats: lr: 0.000010  loss: 0.104846
2026-08-21 19:50:10,101 [INFO] Evaluating on val.
Train: data epoch: [40]  [ 0/37]  eta: 0:00:35  lr: 0.000010  loss: 0.1309  time: 0.9509  data: 0.0001  max mem: 5061
Train: data epoch: [40]  [20/37]  eta: 0:00:05  lr: 0.000010  loss: 0.0895  time: 0.3030  data: 0.0000  max mem: 5061
Train: data epoch: [40]  [36/37]  eta: 0:00:00  lr: 0.000010  loss: 0.0749  time: 0.2934  data: 0.0000  max mem: 5061
Train: data epoch: [40] Total time: 0:00:11 (0.3184 s / it)
2026-08-21 19:50:14,448 [INFO] Qual: EPOCH[40] -> PLCC: 0.907615, SROCC: 0.871421, KROCC: 0.689342, LOSS: 0.175660
2026-08-21 19:50:14,449 [INFO] Align: EPOCH[40] -> PLCC: 0.846035, SROCC: 0.717615, KROCC: 0.527933, LOSS: 0.273992
2026-08-21 19:50:14,462 [INFO] Saving checkpoint at epoch 40 to run/20260821193_R0_V15_s4/checkpoint_latest.pth.
2026-08-21 19:50:14,500 [INFO] Start training
2026-08-21 19:50:14,802 [INFO] Start training epoch 41, 37 iters per inner epoch.
2026-08-21 19:50:26,112 [INFO] Averaged stats: lr: 0.000009  loss: 0.105162
2026-08-21 19:50:26,193 [INFO] Evaluating on val.
Train: data epoch: [41]  [ 0/37]  eta: 0:00:37  lr: 0.000009  loss: 0.0824  time: 1.0262  data: 0.0001  max mem: 5061
Train: data epoch: [41]  [20/37]  eta: 0:00:05  lr: 0.000009  loss: 0.1114  time: 0.2809  data: 0.0000  max mem: 5061
Train: data epoch: [41]  [36/37]  eta: 0:00:00  lr: 0.000009  loss: 0.0955  time: 0.2920  data: 0.0000  max mem: 5061
Train: data epoch: [41] Total time: 0:00:11 (0.3057 s / it)
2026-08-21 19:50:30,773 [INFO] Qual: EPOCH[41] -> PLCC: 0.907462, SROCC: 0.871257, KROCC: 0.689094, LOSS: 0.176326
2026-08-21 19:50:30,773 [INFO] Align: EPOCH[41] -> PLCC: 0.845794, SROCC: 0.716733, KROCC: 0.527312, LOSS: 0.275227
2026-08-21 19:50:30,774 [INFO] Start training
2026-08-21 19:50:31,055 [INFO] Start training epoch 42, 37 iters per inner epoch.
2026-08-21 19:50:41,749 [INFO] Averaged stats: lr: 0.000007  loss: 0.104324
2026-08-21 19:50:41,832 [INFO] Evaluating on val.
Train: data epoch: [42]  [ 0/37]  eta: 0:00:39  lr: 0.000007  loss: 0.0985  time: 1.0719  data: 0.0001  max mem: 5061
Train: data epoch: [42]  [20/37]  eta: 0:00:05  lr: 0.000007  loss: 0.1241  time: 0.2827  data: 0.0000  max mem: 5061
Train: data epoch: [42]  [36/37]  eta: 0:00:00  lr: 0.000007  loss: 0.1042  time: 0.2483  data: 0.0000  max mem: 5061
Train: data epoch: [42] Total time: 0:00:10 (0.2890 s / it)
2026-08-21 19:50:46,265 [INFO] Qual: EPOCH[42] -> PLCC: 0.907356, SROCC: 0.870862, KROCC: 0.688643, LOSS: 0.176002
2026-08-21 19:50:46,265 [INFO] Align: EPOCH[42] -> PLCC: 0.845829, SROCC: 0.716390, KROCC: 0.527075, LOSS: 0.273126
2026-08-21 19:50:46,266 [INFO] Start training
2026-08-21 19:50:46,545 [INFO] Start training epoch 43, 37 iters per inner epoch.
2026-08-21 19:50:57,585 [INFO] Averaged stats: lr: 0.000006  loss: 0.103602
2026-08-21 19:50:57,660 [INFO] Evaluating on val.
Train: data epoch: [43]  [ 0/37]  eta: 0:00:26  lr: 0.000006  loss: 0.1094  time: 0.7276  data: 0.0001  max mem: 5061
Train: data epoch: [43]  [20/37]  eta: 0:00:05  lr: 0.000006  loss: 0.0955  time: 0.2867  data: 0.0000  max mem: 5061
Train: data epoch: [43]  [36/37]  eta: 0:00:00  lr: 0.000006  loss: 0.0978  time: 0.2688  data: 0.0000  max mem: 5061
Train: data epoch: [43] Total time: 0:00:11 (0.2984 s / it)
2026-08-21 19:51:01,625 [INFO] Qual: EPOCH[43] -> PLCC: 0.907326, SROCC: 0.870885, KROCC: 0.688530, LOSS: 0.176184
2026-08-21 19:51:01,626 [INFO] Align: EPOCH[43] -> PLCC: 0.845813, SROCC: 0.716507, KROCC: 0.527211, LOSS: 0.273713
2026-08-21 19:51:01,626 [INFO] Start training
2026-08-21 19:51:01,944 [INFO] Start training epoch 44, 37 iters per inner epoch.
2026-08-21 19:51:13,899 [INFO] Averaged stats: lr: 0.000004  loss: 0.103737
2026-08-21 19:51:13,979 [INFO] Evaluating on val.
Train: data epoch: [44]  [ 0/37]  eta: 0:00:46  lr: 0.000004  loss: 0.1072  time: 1.2552  data: 0.0001  max mem: 5061
Train: data epoch: [44]  [20/37]  eta: 0:00:05  lr: 0.000004  loss: 0.0825  time: 0.3075  data: 0.0000  max mem: 5061
Train: data epoch: [44]  [36/37]  eta: 0:00:00  lr: 0.000004  loss: 0.1242  time: 0.2887  data: 0.0000  max mem: 5061
Train: data epoch: [44] Total time: 0:00:11 (0.3231 s / it)
2026-08-21 19:51:18,533 [INFO] Qual: EPOCH[44] -> PLCC: 0.907297, SROCC: 0.870773, KROCC: 0.688327, LOSS: 0.176092
2026-08-21 19:51:18,533 [INFO] Align: EPOCH[44] -> PLCC: 0.845725, SROCC: 0.716179, KROCC: 0.526771, LOSS: 0.273526
2026-08-21 19:51:18,534 [INFO] Start training
2026-08-21 19:51:18,813 [INFO] Start training epoch 45, 37 iters per inner epoch.
2026-08-21 19:51:30,695 [INFO] Averaged stats: lr: 0.000003  loss: 0.104741
2026-08-21 19:51:30,789 [INFO] Evaluating on val.
Train: data epoch: [45]  [ 0/37]  eta: 0:00:48  lr: 0.000003  loss: 0.1388  time: 1.3132  data: 0.0001  max mem: 5061
Train: data epoch: [45]  [20/37]  eta: 0:00:05  lr: 0.000003  loss: 0.1027  time: 0.2934  data: 0.0000  max mem: 5061
Train: data epoch: [45]  [36/37]  eta: 0:00:00  lr: 0.000003  loss: 0.1149  time: 0.2930  data: 0.0000  max mem: 5061
Train: data epoch: [45] Total time: 0:00:11 (0.3211 s / it)
2026-08-21 19:51:35,232 [INFO] Qual: EPOCH[45] -> PLCC: 0.907227, SROCC: 0.870882, KROCC: 0.688474, LOSS: 0.176301
2026-08-21 19:51:35,232 [INFO] Align: EPOCH[45] -> PLCC: 0.845677, SROCC: 0.715819, KROCC: 0.526455, LOSS: 0.273501
2026-08-21 19:51:35,245 [INFO] Saving checkpoint at epoch 45 to run/20260821193_R0_V15_s4/checkpoint_latest.pth.
2026-08-21 19:51:35,283 [INFO] Start training
2026-08-21 19:51:35,569 [INFO] Start training epoch 46, 37 iters per inner epoch.
2026-08-21 19:51:46,329 [INFO] Averaged stats: lr: 0.000003  loss: 0.103315
2026-08-21 19:51:46,433 [INFO] Evaluating on val.
Train: data epoch: [46]  [ 0/37]  eta: 0:00:40  lr: 0.000003  loss: 0.1641  time: 1.0955  data: 0.0001  max mem: 5061
Train: data epoch: [46]  [20/37]  eta: 0:00:05  lr: 0.000003  loss: 0.1161  time: 0.2687  data: 0.0000  max mem: 5061
Train: data epoch: [46]  [36/37]  eta: 0:00:00  lr: 0.000003  loss: 0.0852  time: 0.2485  data: 0.0000  max mem: 5061
Train: data epoch: [46] Total time: 0:00:10 (0.2908 s / it)
2026-08-21 19:51:51,025 [INFO] Qual: EPOCH[46] -> PLCC: 0.907216, SROCC: 0.870924, KROCC: 0.688643, LOSS: 0.176552
2026-08-21 19:51:51,026 [INFO] Align: EPOCH[46] -> PLCC: 0.845592, SROCC: 0.716067, KROCC: 0.526872, LOSS: 0.274711
2026-08-21 19:51:51,027 [INFO] Start training
2026-08-21 19:51:51,344 [INFO] Start training epoch 47, 37 iters per inner epoch.
2026-08-21 19:52:02,173 [INFO] Averaged stats: lr: 0.000002  loss: 0.103424
2026-08-21 19:52:02,257 [INFO] Evaluating on val.
Train: data epoch: [47]  [ 0/37]  eta: 0:00:26  lr: 0.000002  loss: 0.1017  time: 0.7226  data: 0.0001  max mem: 5061
Train: data epoch: [47]  [20/37]  eta: 0:00:04  lr: 0.000002  loss: 0.0974  time: 0.2713  data: 0.0000  max mem: 5061
Train: data epoch: [47]  [36/37]  eta: 0:00:00  lr: 0.000002  loss: 0.0853  time: 0.2799  data: 0.0000  max mem: 5061
Train: data epoch: [47] Total time: 0:00:10 (0.2927 s / it)
2026-08-21 19:52:07,280 [INFO] Qual: EPOCH[47] -> PLCC: 0.907182, SROCC: 0.870846, KROCC: 0.688474, LOSS: 0.176577
2026-08-21 19:52:07,280 [INFO] Align: EPOCH[47] -> PLCC: 0.845558, SROCC: 0.715817, KROCC: 0.526624, LOSS: 0.274526
2026-08-21 19:52:07,281 [INFO] Start training
2026-08-21 19:52:07,586 [INFO] Start training epoch 48, 37 iters per inner epoch.
2026-08-21 19:52:18,310 [INFO] Averaged stats: lr: 0.000001  loss: 0.102797
2026-08-21 19:52:18,424 [INFO] Evaluating on val.
Train: data epoch: [48]  [ 0/37]  eta: 0:00:31  lr: 0.000001  loss: 0.1328  time: 0.8390  data: 0.0001  max mem: 5061
Train: data epoch: [48]  [20/37]  eta: 0:00:05  lr: 0.000001  loss: 0.0717  time: 0.2957  data: 0.0000  max mem: 5061
Train: data epoch: [48]  [36/37]  eta: 0:00:00  lr: 0.000001  loss: 0.0973  time: 0.2590  data: 0.0000  max mem: 5061
Train: data epoch: [48] Total time: 0:00:10 (0.2898 s / it)
2026-08-21 19:52:22,257 [INFO] Qual: EPOCH[48] -> PLCC: 0.907185, SROCC: 0.870891, KROCC: 0.688620, LOSS: 0.176647
2026-08-21 19:52:22,257 [INFO] Align: EPOCH[48] -> PLCC: 0.845530, SROCC: 0.715929, KROCC: 0.526737, LOSS: 0.274833
2026-08-21 19:52:22,257 [INFO] Start training
2026-08-21 19:52:22,624 [INFO] Start training epoch 49, 37 iters per inner epoch.
2026-08-21 19:52:34,312 [INFO] Averaged stats: lr: 0.000001  loss: 0.104220
2026-08-21 19:52:34,408 [INFO] Evaluating on val.
Train: data epoch: [49]  [ 0/37]  eta: 0:00:40  lr: 0.000001  loss: 0.1134  time: 1.1027  data: 0.0001  max mem: 5061
Train: data epoch: [49]  [20/37]  eta: 0:00:05  lr: 0.000001  loss: 0.1143  time: 0.2904  data: 0.0000  max mem: 5061
Train: data epoch: [49]  [36/37]  eta: 0:00:00  lr: 0.000001  loss: 0.0917  time: 0.2999  data: 0.0000  max mem: 5061
Train: data epoch: [49] Total time: 0:00:11 (0.3159 s / it)
2026-08-21 19:52:38,203 [INFO] Qual: EPOCH[49] -> PLCC: 0.907177, SROCC: 0.870867, KROCC: 0.688519, LOSS: 0.176651
2026-08-21 19:52:38,203 [INFO] Align: EPOCH[49] -> PLCC: 0.845544, SROCC: 0.715922, KROCC: 0.526676, LOSS: 0.274796
2026-08-21 19:52:38,223 [INFO] Saving checkpoint at epoch 49 to run/20260821193_R0_V15_s4/checkpoint_latest.pth.
[{'agg_metrics': np.float64(4.6147602226414035), 'qual_agg': np.float64(2.4739456988966317), 'qual_PLCC': np.float64(0.9103563470530155), 'qual_SROCC': np.float64(0.8725996008502417), 'qual_KROCC': np.float64(0.6909897509933748), 'align_agg': np.float64(2.1408145237447718), 'align_PLCC': np.float64(0.8540611674046135), 'align_SROCC': np.float64(0.7376996619499627), 'align_KROCC': np.float64(0.5490536943901957)}]
{'agg_metrics': np.float64(4.6147602226414035), 'qual_agg': np.float64(2.4739456988966317), 'qual_PLCC': np.float64(0.9103563470530155), 'qual_SROCC': np.float64(0.8725996008502417), 'qual_KROCC': np.float64(0.6909897509933748), 'align_agg': np.float64(2.1408145237447718), 'align_PLCC': np.float64(0.8540611674046135), 'align_SROCC': np.float64(0.7376996619499627), 'align_KROCC': np.float64(0.5490536943901957)}
