2026-08-20 16:28:32,379 [INFO] Start training
2026-08-20 16:28:32,632 [INFO] number of trainable parameters: 1744898
Not using distributed mode
['msqr_baseline', 'msqr_shcmi_taf']
Position interpolate from 7x7 to 16x16
Freezing <class 'clip.model.Transformer'> ...
Freezing <class 'torch.nn.modules.sparse.Embedding'> ...
Freezing <class 'clip.model.LayerNorm'> ...
Freezing <class 'torch.nn.parameter.Parameter'> ...
Freezing <class 'torch.nn.parameter.Parameter'> ...
2026-08-20 16:28:33,754 [INFO] Start training epoch 0, 37 iters per inner epoch.
2026-08-20 16:29:03,469 [INFO] Averaged stats: lr: 0.000036  loss: 6.419094
2026-08-20 16:29:03,568 [INFO] Evaluating on val.
Train: data epoch: [0]  [ 0/37]  eta: 0:05:57  lr: 0.000000  loss: 8.2716  time: 9.6656  data: 0.0001  max mem: 2382
Train: data epoch: [0]  [20/37]  eta: 0:00:16  lr: 0.000040  loss: 6.3921  time: 0.5432  data: 0.0000  max mem: 2408
Train: data epoch: [0]  [36/37]  eta: 0:00:00  lr: 0.000072  loss: 3.9911  time: 0.5718  data: 0.0000  max mem: 2408
Train: data epoch: [0] Total time: 0:00:29 (0.8031 s / it)
2026-08-20 16:29:12,368 [INFO] Qual: EPOCH[0] -> PLCC: 0.010346, SROCC: 0.005180, KROCC: 0.003088, LOSS: 4.502255
2026-08-20 16:29:12,369 [INFO] Align: EPOCH[0] -> PLCC: 0.025863, SROCC: 0.024192, KROCC: 0.015803, LOSS: 4.335715
2026-08-20 16:29:12,381 [INFO] Saving checkpoint at epoch 0 to run/20260820162_B0_frozen/checkpoint_best.pth.
2026-08-20 16:29:12,423 [INFO] Saving checkpoint at epoch 0 to run/20260820162_B0_frozen/checkpoint_best_joint.pth.
2026-08-20 16:29:12,454 [INFO] Start training
2026-08-20 16:29:12,722 [INFO] Start training epoch 1, 37 iters per inner epoch.
2026-08-20 16:29:29,660 [INFO] Averaged stats: lr: 0.000100  loss: 1.517675
2026-08-20 16:29:29,756 [INFO] Evaluating on val.
Train: data epoch: [1]  [ 0/37]  eta: 0:01:00  lr: 0.000100  loss: 4.3754  time: 1.6330  data: 0.0001  max mem: 4200
Train: data epoch: [1]  [20/37]  eta: 0:00:06  lr: 0.000100  loss: 1.3016  time: 0.3210  data: 0.0000  max mem: 4200
Train: data epoch: [1]  [36/37]  eta: 0:00:00  lr: 0.000100  loss: 0.9360  time: 0.4999  data: 0.0000  max mem: 4200
Train: data epoch: [1] Total time: 0:00:16 (0.4578 s / it)
2026-08-20 16:29:40,156 [INFO] Qual: EPOCH[1] -> PLCC: 0.085568, SROCC: 0.109114, KROCC: 0.073901, LOSS: 1.025799
2026-08-20 16:29:40,156 [INFO] Align: EPOCH[1] -> PLCC: 0.117241, SROCC: 0.120928, KROCC: 0.082377, LOSS: 0.973472
2026-08-20 16:29:40,166 [INFO] Saving checkpoint at epoch 1 to run/20260820162_B0_frozen/checkpoint_best.pth.
2026-08-20 16:29:40,210 [INFO] Saving checkpoint at epoch 1 to run/20260820162_B0_frozen/checkpoint_best_joint.pth.
2026-08-20 16:29:40,250 [INFO] Start training
2026-08-20 16:29:40,561 [INFO] Start training epoch 2, 37 iters per inner epoch.
2026-08-20 16:29:57,386 [INFO] Averaged stats: lr: 0.000099  loss: 0.939083
2026-08-20 16:29:57,661 [INFO] Evaluating on val.
Train: data epoch: [2]  [ 0/37]  eta: 0:01:00  lr: 0.000099  loss: 1.0876  time: 1.6388  data: 0.0001  max mem: 4200
Train: data epoch: [2]  [20/37]  eta: 0:00:10  lr: 0.000099  loss: 0.9499  time: 0.5405  data: 0.0000  max mem: 4200
Train: data epoch: [2]  [36/37]  eta: 0:00:00  lr: 0.000099  loss: 0.8266  time: 0.3376  data: 0.0000  max mem: 4200
Train: data epoch: [2] Total time: 0:00:16 (0.4547 s / it)
2026-08-20 16:30:07,988 [INFO] Qual: EPOCH[2] -> PLCC: 0.314039, SROCC: 0.362778, KROCC: 0.247948, LOSS: 0.908736
2026-08-20 16:30:07,989 [INFO] Align: EPOCH[2] -> PLCC: 0.296541, SROCC: 0.311666, KROCC: 0.212629, LOSS: 0.899254
2026-08-20 16:30:07,997 [INFO] Saving checkpoint at epoch 2 to run/20260820162_B0_frozen/checkpoint_best.pth.
2026-08-20 16:30:08,038 [INFO] Saving checkpoint at epoch 2 to run/20260820162_B0_frozen/checkpoint_best_joint.pth.
2026-08-20 16:30:08,070 [INFO] Start training
2026-08-20 16:30:08,340 [INFO] Start training epoch 3, 37 iters per inner epoch.
2026-08-20 16:30:29,294 [INFO] Averaged stats: lr: 0.000098  loss: 0.763645
2026-08-20 16:30:29,473 [INFO] Evaluating on val.
Train: data epoch: [3]  [ 0/37]  eta: 0:01:32  lr: 0.000098  loss: 0.7738  time: 2.5021  data: 0.0001  max mem: 4200
Train: data epoch: [3]  [20/37]  eta: 0:00:09  lr: 0.000098  loss: 0.9207  time: 0.4891  data: 0.0000  max mem: 4200
Train: data epoch: [3]  [36/37]  eta: 0:00:00  lr: 0.000098  loss: 0.6446  time: 0.4931  data: 0.0000  max mem: 4200
Train: data epoch: [3] Total time: 0:00:20 (0.5663 s / it)
2026-08-20 16:30:42,155 [INFO] Qual: EPOCH[3] -> PLCC: 0.632154, SROCC: 0.631133, KROCC: 0.453272, LOSS: 0.672740
2026-08-20 16:30:42,155 [INFO] Align: EPOCH[3] -> PLCC: 0.532783, SROCC: 0.523691, KROCC: 0.366483, LOSS: 0.723730
2026-08-20 16:30:42,164 [INFO] Saving checkpoint at epoch 3 to run/20260820162_B0_frozen/checkpoint_best.pth.
2026-08-20 16:30:42,206 [INFO] Saving checkpoint at epoch 3 to run/20260820162_B0_frozen/checkpoint_best_joint.pth.
2026-08-20 16:30:42,244 [INFO] Start training
2026-08-20 16:30:42,534 [INFO] Start training epoch 4, 37 iters per inner epoch.
2026-08-20 16:31:04,016 [INFO] Averaged stats: lr: 0.000096  loss: 0.521803
2026-08-20 16:31:04,121 [INFO] Evaluating on val.
Train: data epoch: [4]  [ 0/37]  eta: 0:01:07  lr: 0.000096  loss: 0.5509  time: 1.8361  data: 0.0001  max mem: 4200
Train: data epoch: [4]  [20/37]  eta: 0:00:10  lr: 0.000096  loss: 0.4120  time: 0.5501  data: 0.0000  max mem: 4200
Train: data epoch: [4]  [36/37]  eta: 0:00:00  lr: 0.000096  loss: 0.3906  time: 0.5093  data: 0.0000  max mem: 4200
Train: data epoch: [4] Total time: 0:00:21 (0.5806 s / it)
2026-08-20 16:31:16,308 [INFO] Qual: EPOCH[4] -> PLCC: 0.784873, SROCC: 0.733955, KROCC: 0.544488, LOSS: 0.411740
2026-08-20 16:31:16,308 [INFO] Align: EPOCH[4] -> PLCC: 0.675479, SROCC: 0.616949, KROCC: 0.439636, LOSS: 0.533175
2026-08-20 16:31:16,319 [INFO] Saving checkpoint at epoch 4 to run/20260820162_B0_frozen/checkpoint_best.pth.
2026-08-20 16:31:16,373 [INFO] Saving checkpoint at epoch 4 to run/20260820162_B0_frozen/checkpoint_best_joint.pth.
2026-08-20 16:31:16,417 [INFO] Start training
2026-08-20 16:31:16,749 [INFO] Start training epoch 5, 37 iters per inner epoch.
2026-08-20 16:31:36,401 [INFO] Averaged stats: lr: 0.000093  loss: 0.359610
2026-08-20 16:31:36,488 [INFO] Evaluating on val.
Train: data epoch: [5]  [ 0/37]  eta: 0:01:13  lr: 0.000093  loss: 0.4895  time: 1.9806  data: 0.0001  max mem: 4200
Train: data epoch: [5]  [20/37]  eta: 0:00:11  lr: 0.000093  loss: 0.3283  time: 0.5821  data: 0.0000  max mem: 4200
Train: data epoch: [5]  [36/37]  eta: 0:00:00  lr: 0.000093  loss: 0.2883  time: 0.4173  data: 0.0000  max mem: 4200
Train: data epoch: [5] Total time: 0:00:19 (0.5311 s / it)
2026-08-20 16:31:43,372 [INFO] Qual: EPOCH[5] -> PLCC: 0.823332, SROCC: 0.763950, KROCC: 0.573472, LOSS: 0.323706
2026-08-20 16:31:43,373 [INFO] Align: EPOCH[5] -> PLCC: 0.720722, SROCC: 0.645083, KROCC: 0.465717, LOSS: 0.464869
2026-08-20 16:31:43,451 [INFO] Saving checkpoint at epoch 5 to run/20260820162_B0_frozen/checkpoint_best.pth.
2026-08-20 16:31:43,587 [INFO] Saving checkpoint at epoch 5 to run/20260820162_B0_frozen/checkpoint_best_joint.pth.
2026-08-20 16:31:43,754 [INFO] Start training
2026-08-20 16:31:44,954 [INFO] Start training epoch 6, 37 iters per inner epoch.
2026-08-20 16:32:08,636 [INFO] Averaged stats: lr: 0.000091  loss: 0.314187
2026-08-20 16:32:08,770 [INFO] Evaluating on val.
Train: data epoch: [6]  [ 0/37]  eta: 0:02:27  lr: 0.000091  loss: 0.3443  time: 3.9949  data: 0.0001  max mem: 4200
Train: data epoch: [6]  [20/37]  eta: 0:00:13  lr: 0.000091  loss: 0.2204  time: 0.6035  data: 0.0000  max mem: 4200
Train: data epoch: [6]  [36/37]  eta: 0:00:00  lr: 0.000091  loss: 0.2765  time: 0.4964  data: 0.0000  max mem: 4200
Train: data epoch: [6] Total time: 0:00:23 (0.6400 s / it)
2026-08-20 16:32:17,668 [INFO] Qual: EPOCH[6] -> PLCC: 0.837284, SROCC: 0.772462, KROCC: 0.583179, LOSS: 0.309636
2026-08-20 16:32:17,668 [INFO] Align: EPOCH[6] -> PLCC: 0.734454, SROCC: 0.650682, KROCC: 0.471489, LOSS: 0.446075
2026-08-20 16:32:17,676 [INFO] Saving checkpoint at epoch 6 to run/20260820162_B0_frozen/checkpoint_best.pth.
2026-08-20 16:32:17,720 [INFO] Saving checkpoint at epoch 6 to run/20260820162_B0_frozen/checkpoint_best_joint.pth.
2026-08-20 16:32:17,754 [INFO] Start training
2026-08-20 16:32:18,066 [INFO] Start training epoch 7, 37 iters per inner epoch.
2026-08-20 16:32:43,351 [INFO] Averaged stats: lr: 0.000087  loss: 0.294465
2026-08-20 16:32:43,452 [INFO] Evaluating on val.
Train: data epoch: [7]  [ 0/37]  eta: 0:03:11  lr: 0.000087  loss: 0.4038  time: 5.1811  data: 0.0001  max mem: 4200
Train: data epoch: [7]  [20/37]  eta: 0:00:13  lr: 0.000087  loss: 0.2389  time: 0.5808  data: 0.0000  max mem: 4200
Train: data epoch: [7]  [36/37]  eta: 0:00:00  lr: 0.000087  loss: 0.3574  time: 0.5403  data: 0.0000  max mem: 4200
Train: data epoch: [7] Total time: 0:00:25 (0.6834 s / it)
2026-08-20 16:32:51,013 [INFO] Qual: EPOCH[7] -> PLCC: 0.841276, SROCC: 0.772016, KROCC: 0.583784, LOSS: 0.287489
2026-08-20 16:32:51,013 [INFO] Align: EPOCH[7] -> PLCC: 0.740162, SROCC: 0.650236, KROCC: 0.471197, LOSS: 0.435319
2026-08-20 16:32:51,024 [INFO] Saving checkpoint at epoch 7 to run/20260820162_B0_frozen/checkpoint_best.pth.
2026-08-20 16:32:51,073 [INFO] Saving checkpoint at epoch 7 to run/20260820162_B0_frozen/checkpoint_best_joint.pth.
2026-08-20 16:32:51,115 [INFO] Start training
2026-08-20 16:32:51,406 [INFO] Start training epoch 8, 37 iters per inner epoch.
2026-08-20 16:33:13,289 [INFO] Averaged stats: lr: 0.000084  loss: 0.278369
2026-08-20 16:33:13,374 [INFO] Evaluating on val.
Train: data epoch: [8]  [ 0/37]  eta: 0:01:43  lr: 0.000084  loss: 0.2261  time: 2.7878  data: 0.0001  max mem: 4200
Train: data epoch: [8]  [20/37]  eta: 0:00:10  lr: 0.000084  loss: 0.2546  time: 0.5345  data: 0.0000  max mem: 4200
Train: data epoch: [8]  [36/37]  eta: 0:00:00  lr: 0.000084  loss: 0.2273  time: 0.5375  data: 0.0000  max mem: 4200
Train: data epoch: [8] Total time: 0:00:21 (0.5914 s / it)
2026-08-20 16:33:19,571 [INFO] Qual: EPOCH[8] -> PLCC: 0.849594, SROCC: 0.778016, KROCC: 0.590307, LOSS: 0.280969
2026-08-20 16:33:19,572 [INFO] Align: EPOCH[8] -> PLCC: 0.744743, SROCC: 0.648384, KROCC: 0.470984, LOSS: 0.428692
2026-08-20 16:33:19,583 [INFO] Saving checkpoint at epoch 8 to run/20260820162_B0_frozen/checkpoint_best.pth.
2026-08-20 16:33:19,694 [INFO] Saving checkpoint at epoch 8 to run/20260820162_B0_frozen/checkpoint_best_joint.pth.
2026-08-20 16:33:19,758 [INFO] Start training
2026-08-20 16:33:20,140 [INFO] Start training epoch 9, 37 iters per inner epoch.
2026-08-20 16:33:42,582 [INFO] Averaged stats: lr: 0.000080  loss: 0.263843
2026-08-20 16:33:42,697 [INFO] Evaluating on val.
Train: data epoch: [9]  [ 0/37]  eta: 0:01:57  lr: 0.000080  loss: 0.3178  time: 3.1867  data: 0.0001  max mem: 4200
Train: data epoch: [9]  [20/37]  eta: 0:00:10  lr: 0.000080  loss: 0.3182  time: 0.5170  data: 0.0000  max mem: 4200
Train: data epoch: [9]  [36/37]  eta: 0:00:00  lr: 0.000080  loss: 0.2327  time: 0.5614  data: 0.0000  max mem: 4200
Train: data epoch: [9] Total time: 0:00:22 (0.6065 s / it)
2026-08-20 16:33:52,250 [INFO] Qual: EPOCH[9] -> PLCC: 0.851378, SROCC: 0.777067, KROCC: 0.589545, LOSS: 0.275526
2026-08-20 16:33:52,250 [INFO] Align: EPOCH[9] -> PLCC: 0.749131, SROCC: 0.647437, KROCC: 0.470032, LOSS: 0.425193
2026-08-20 16:33:52,261 [INFO] Saving checkpoint at epoch 9 to run/20260820162_B0_frozen/checkpoint_best.pth.
2026-08-20 16:33:52,312 [INFO] Saving checkpoint at epoch 9 to run/20260820162_B0_frozen/checkpoint_best_joint.pth.
2026-08-20 16:33:52,344 [INFO] Start training
2026-08-20 16:33:52,628 [INFO] Start training epoch 10, 37 iters per inner epoch.
2026-08-20 16:34:16,379 [INFO] Averaged stats: lr: 0.000075  loss: 0.253676
2026-08-20 16:34:16,469 [INFO] Evaluating on val.
Train: data epoch: [10]  [ 0/37]  eta: 0:01:45  lr: 0.000075  loss: 0.2782  time: 2.8443  data: 0.0001  max mem: 4200
Train: data epoch: [10]  [20/37]  eta: 0:00:11  lr: 0.000075  loss: 0.3327  time: 0.5800  data: 0.0000  max mem: 4200
Train: data epoch: [10]  [36/37]  eta: 0:00:00  lr: 0.000075  loss: 0.2281  time: 0.5803  data: 0.0000  max mem: 4200
Train: data epoch: [10] Total time: 0:00:23 (0.6419 s / it)
2026-08-20 16:34:25,496 [INFO] Qual: EPOCH[10] -> PLCC: 0.855198, SROCC: 0.779639, KROCC: 0.592773, LOSS: 0.269173
2026-08-20 16:34:25,496 [INFO] Align: EPOCH[10] -> PLCC: 0.753637, SROCC: 0.648116, KROCC: 0.470917, LOSS: 0.421973
2026-08-20 16:34:25,506 [INFO] Saving checkpoint at epoch 10 to run/20260820162_B0_frozen/checkpoint_best.pth.
2026-08-20 16:34:25,556 [INFO] Saving checkpoint at epoch 10 to run/20260820162_B0_frozen/checkpoint_best_joint.pth.
2026-08-20 16:34:25,595 [INFO] Start training
2026-08-20 16:34:25,890 [INFO] Start training epoch 11, 37 iters per inner epoch.
2026-08-20 16:34:44,811 [INFO] Averaged stats: lr: 0.000071  loss: 0.245690
2026-08-20 16:34:44,920 [INFO] Evaluating on val.
Train: data epoch: [11]  [ 0/37]  eta: 0:01:12  lr: 0.000071  loss: 0.2793  time: 1.9567  data: 0.0001  max mem: 4200
Train: data epoch: [11]  [20/37]  eta: 0:00:07  lr: 0.000071  loss: 0.2734  time: 0.3831  data: 0.0000  max mem: 4200
Train: data epoch: [11]  [36/37]  eta: 0:00:00  lr: 0.000071  loss: 0.2244  time: 0.5709  data: 0.0000  max mem: 4200
Train: data epoch: [11] Total time: 0:00:18 (0.5113 s / it)
2026-08-20 16:34:54,083 [INFO] Qual: EPOCH[11] -> PLCC: 0.858102, SROCC: 0.781137, KROCC: 0.594891, LOSS: 0.288173
2026-08-20 16:34:54,084 [INFO] Align: EPOCH[11] -> PLCC: 0.758762, SROCC: 0.648058, KROCC: 0.471388, LOSS: 0.436609
2026-08-20 16:34:54,094 [INFO] Saving checkpoint at epoch 11 to run/20260820162_B0_frozen/checkpoint_best.pth.
2026-08-20 16:34:54,144 [INFO] Saving checkpoint at epoch 11 to run/20260820162_B0_frozen/checkpoint_best_joint.pth.
2026-08-20 16:34:54,187 [INFO] Start training
2026-08-20 16:34:54,494 [INFO] Start training epoch 12, 37 iters per inner epoch.
2026-08-20 16:35:15,841 [INFO] Averaged stats: lr: 0.000066  loss: 0.240900
2026-08-20 16:35:15,950 [INFO] Evaluating on val.
Train: data epoch: [12]  [ 0/37]  eta: 0:01:27  lr: 0.000066  loss: 0.2349  time: 2.3539  data: 0.0001  max mem: 4200
Train: data epoch: [12]  [20/37]  eta: 0:00:10  lr: 0.000066  loss: 0.2721  time: 0.5055  data: 0.0000  max mem: 4200
Train: data epoch: [12]  [36/37]  eta: 0:00:00  lr: 0.000066  loss: 0.2565  time: 0.5261  data: 0.0000  max mem: 4200
Train: data epoch: [12] Total time: 0:00:21 (0.5769 s / it)
2026-08-20 16:35:25,661 [INFO] Qual: EPOCH[12] -> PLCC: 0.860287, SROCC: 0.782405, KROCC: 0.596483, LOSS: 0.273684
2026-08-20 16:35:25,662 [INFO] Align: EPOCH[12] -> PLCC: 0.758987, SROCC: 0.645503, KROCC: 0.468620, LOSS: 0.414535
2026-08-20 16:35:25,670 [INFO] Saving checkpoint at epoch 12 to run/20260820162_B0_frozen/checkpoint_best.pth.
2026-08-20 16:35:25,717 [INFO] Saving checkpoint at epoch 12 to run/20260820162_B0_frozen/checkpoint_best_joint.pth.
2026-08-20 16:35:25,756 [INFO] Start training
2026-08-20 16:35:26,076 [INFO] Start training epoch 13, 37 iters per inner epoch.
2026-08-20 16:35:46,561 [INFO] Averaged stats: lr: 0.000061  loss: 0.238475
2026-08-20 16:35:46,670 [INFO] Evaluating on val.
Train: data epoch: [13]  [ 0/37]  eta: 0:01:32  lr: 0.000061  loss: 0.1838  time: 2.5085  data: 0.0001  max mem: 4200
Train: data epoch: [13]  [20/37]  eta: 0:00:09  lr: 0.000061  loss: 0.3041  time: 0.4716  data: 0.0000  max mem: 4200
Train: data epoch: [13]  [36/37]  eta: 0:00:00  lr: 0.000061  loss: 0.2489  time: 0.5405  data: 0.0000  max mem: 4200
Train: data epoch: [13] Total time: 0:00:20 (0.5536 s / it)
2026-08-20 16:35:55,983 [INFO] Qual: EPOCH[13] -> PLCC: 0.859920, SROCC: 0.781070, KROCC: 0.595082, LOSS: 0.261660
2026-08-20 16:35:55,983 [INFO] Align: EPOCH[13] -> PLCC: 0.762030, SROCC: 0.644718, KROCC: 0.468250, LOSS: 0.415442
2026-08-20 16:35:55,994 [INFO] Saving checkpoint at epoch 13 to run/20260820162_B0_frozen/checkpoint_best_joint.pth.
2026-08-20 16:35:56,039 [INFO] Start training
2026-08-20 16:35:56,349 [INFO] Start training epoch 14, 37 iters per inner epoch.
2026-08-20 16:36:16,539 [INFO] Averaged stats: lr: 0.000056  loss: 0.233018
2026-08-20 16:36:16,640 [INFO] Evaluating on val.
Train: data epoch: [14]  [ 0/37]  eta: 0:01:41  lr: 0.000056  loss: 0.1718  time: 2.7462  data: 0.0001  max mem: 4200
Train: data epoch: [14]  [20/37]  eta: 0:00:09  lr: 0.000056  loss: 0.2215  time: 0.4614  data: 0.0000  max mem: 4200
Train: data epoch: [14]  [36/37]  eta: 0:00:00  lr: 0.000056  loss: 0.2457  time: 0.5280  data: 0.0000  max mem: 4200
Train: data epoch: [14] Total time: 0:00:20 (0.5457 s / it)
2026-08-20 16:36:26,586 [INFO] Qual: EPOCH[14] -> PLCC: 0.861790, SROCC: 0.782294, KROCC: 0.596236, LOSS: 0.264819
2026-08-20 16:36:26,587 [INFO] Align: EPOCH[14] -> PLCC: 0.764650, SROCC: 0.644194, KROCC: 0.468373, LOSS: 0.424337
2026-08-20 16:36:26,597 [INFO] Saving checkpoint at epoch 14 to run/20260820162_B0_frozen/checkpoint_best.pth.
2026-08-20 16:36:26,652 [INFO] Saving checkpoint at epoch 14 to run/20260820162_B0_frozen/checkpoint_best_joint.pth.
2026-08-20 16:36:26,693 [INFO] Start training
2026-08-20 16:36:27,017 [INFO] Start training epoch 15, 37 iters per inner epoch.
2026-08-20 16:36:47,888 [INFO] Averaged stats: lr: 0.000050  loss: 0.226579
2026-08-20 16:36:47,985 [INFO] Evaluating on val.
Train: data epoch: [15]  [ 0/37]  eta: 0:01:46  lr: 0.000051  loss: 0.1804  time: 2.8733  data: 0.0001  max mem: 4200
Train: data epoch: [15]  [20/37]  eta: 0:00:10  lr: 0.000051  loss: 0.2261  time: 0.5112  data: 0.0000  max mem: 4200
Train: data epoch: [15]  [36/37]  eta: 0:00:00  lr: 0.000051  loss: 0.2308  time: 0.5071  data: 0.0000  max mem: 4200
Train: data epoch: [15] Total time: 0:00:20 (0.5641 s / it)
2026-08-20 16:36:57,440 [INFO] Qual: EPOCH[15] -> PLCC: 0.862409, SROCC: 0.781744, KROCC: 0.595620, LOSS: 0.257378
2026-08-20 16:36:57,440 [INFO] Align: EPOCH[15] -> PLCC: 0.764111, SROCC: 0.641522, KROCC: 0.466311, LOSS: 0.407565
2026-08-20 16:36:57,451 [INFO] Saving checkpoint at epoch 15 to run/20260820162_B0_frozen/checkpoint_best.pth.
2026-08-20 16:36:57,521 [INFO] Saving checkpoint at epoch 15 to run/20260820162_B0_frozen/checkpoint_latest.pth.
2026-08-20 16:36:57,558 [INFO] Start training
2026-08-20 16:36:57,874 [INFO] Start training epoch 16, 37 iters per inner epoch.
2026-08-20 16:37:16,716 [INFO] Averaged stats: lr: 0.000045  loss: 0.224152
2026-08-20 16:37:16,891 [INFO] Evaluating on val.
Train: data epoch: [16]  [ 0/37]  eta: 0:01:18  lr: 0.000045  loss: 0.2352  time: 2.1238  data: 0.0001  max mem: 4200
Train: data epoch: [16]  [20/37]  eta: 0:00:08  lr: 0.000045  loss: 0.2277  time: 0.3945  data: 0.0000  max mem: 4200
Train: data epoch: [16]  [36/37]  eta: 0:00:00  lr: 0.000045  loss: 0.1746  time: 0.5065  data: 0.0000  max mem: 4200
Train: data epoch: [16] Total time: 0:00:18 (0.5092 s / it)
2026-08-20 16:37:27,946 [INFO] Qual: EPOCH[16] -> PLCC: 0.862115, SROCC: 0.781343, KROCC: 0.595362, LOSS: 0.257055
2026-08-20 16:37:27,946 [INFO] Align: EPOCH[16] -> PLCC: 0.765459, SROCC: 0.641530, KROCC: 0.466277, LOSS: 0.410077
2026-08-20 16:37:27,947 [INFO] Start training
2026-08-20 16:37:28,302 [INFO] Start training epoch 17, 37 iters per inner epoch.
2026-08-20 16:37:48,175 [INFO] Averaged stats: lr: 0.000040  loss: 0.224050
2026-08-20 16:37:48,258 [INFO] Evaluating on val.
Train: data epoch: [17]  [ 0/37]  eta: 0:01:18  lr: 0.000040  loss: 0.2159  time: 2.1323  data: 0.0001  max mem: 4200
Train: data epoch: [17]  [20/37]  eta: 0:00:09  lr: 0.000040  loss: 0.2124  time: 0.4706  data: 0.0000  max mem: 4200
Train: data epoch: [17]  [36/37]  eta: 0:00:00  lr: 0.000040  loss: 0.3144  time: 0.4753  data: 0.0000  max mem: 4200
Train: data epoch: [17] Total time: 0:00:19 (0.5371 s / it)
2026-08-20 16:37:57,532 [INFO] Qual: EPOCH[17] -> PLCC: 0.864462, SROCC: 0.783203, KROCC: 0.597256, LOSS: 0.262656
2026-08-20 16:37:57,532 [INFO] Align: EPOCH[17] -> PLCC: 0.768199, SROCC: 0.642919, KROCC: 0.467521, LOSS: 0.407775
2026-08-20 16:37:57,541 [INFO] Saving checkpoint at epoch 17 to run/20260820162_B0_frozen/checkpoint_best.pth.
2026-08-20 16:37:57,581 [INFO] Saving checkpoint at epoch 17 to run/20260820162_B0_frozen/checkpoint_best_joint.pth.
2026-08-20 16:37:57,623 [INFO] Start training
2026-08-20 16:37:57,944 [INFO] Start training epoch 18, 37 iters per inner epoch.
2026-08-20 16:38:15,982 [INFO] Averaged stats: lr: 0.000035  loss: 0.222359
2026-08-20 16:38:16,073 [INFO] Evaluating on val.
Train: data epoch: [18]  [ 0/37]  eta: 0:01:09  lr: 0.000035  loss: 0.2329  time: 1.8802  data: 0.0001  max mem: 4200
Train: data epoch: [18]  [20/37]  eta: 0:00:10  lr: 0.000035  loss: 0.3154  time: 0.5601  data: 0.0000  max mem: 4200
Train: data epoch: [18]  [36/37]  eta: 0:00:00  lr: 0.000035  loss: 0.2269  time: 0.3286  data: 0.0000  max mem: 4200
Train: data epoch: [18] Total time: 0:00:18 (0.4875 s / it)
2026-08-20 16:38:24,963 [INFO] Qual: EPOCH[18] -> PLCC: 0.864441, SROCC: 0.783280, KROCC: 0.597077, LOSS: 0.255292
2026-08-20 16:38:24,964 [INFO] Align: EPOCH[18] -> PLCC: 0.768459, SROCC: 0.642244, KROCC: 0.466950, LOSS: 0.403756
2026-08-20 16:38:24,975 [INFO] Saving checkpoint at epoch 18 to run/20260820162_B0_frozen/checkpoint_best.pth.
2026-08-20 16:38:25,019 [INFO] Start training
2026-08-20 16:38:25,336 [INFO] Start training epoch 19, 37 iters per inner epoch.
2026-08-20 16:38:46,349 [INFO] Averaged stats: lr: 0.000030  loss: 0.216213
2026-08-20 16:38:46,557 [INFO] Evaluating on val.
Train: data epoch: [19]  [ 0/37]  eta: 0:02:02  lr: 0.000030  loss: 0.2881  time: 3.3233  data: 0.0001  max mem: 4200
Train: data epoch: [19]  [20/37]  eta: 0:00:11  lr: 0.000030  loss: 0.2117  time: 0.5426  data: 0.0000  max mem: 4200
Train: data epoch: [19]  [36/37]  eta: 0:00:00  lr: 0.000030  loss: 0.2158  time: 0.4597  data: 0.0000  max mem: 4200
Train: data epoch: [19] Total time: 0:00:21 (0.5679 s / it)
2026-08-20 16:38:56,691 [INFO] Qual: EPOCH[19] -> PLCC: 0.865614, SROCC: 0.784696, KROCC: 0.598254, LOSS: 0.263007
2026-08-20 16:38:56,691 [INFO] Align: EPOCH[19] -> PLCC: 0.769839, SROCC: 0.643687, KROCC: 0.468362, LOSS: 0.406620
2026-08-20 16:38:56,703 [INFO] Saving checkpoint at epoch 19 to run/20260820162_B0_frozen/checkpoint_best.pth.
2026-08-20 16:38:56,781 [INFO] Saving checkpoint at epoch 19 to run/20260820162_B0_frozen/checkpoint_best_joint.pth.
2026-08-20 16:38:56,830 [INFO] Start training
2026-08-20 16:38:57,209 [INFO] Start training epoch 20, 37 iters per inner epoch.
2026-08-20 16:39:20,695 [INFO] Averaged stats: lr: 0.000026  loss: 0.213009
2026-08-20 16:39:20,782 [INFO] Evaluating on val.
Train: data epoch: [20]  [ 0/37]  eta: 0:02:25  lr: 0.000026  loss: 0.2103  time: 3.9282  data: 0.0003  max mem: 4200
Train: data epoch: [20]  [20/37]  eta: 0:00:11  lr: 0.000026  loss: 0.2394  time: 0.5427  data: 0.0000  max mem: 4200
Train: data epoch: [20]  [36/37]  eta: 0:00:00  lr: 0.000026  loss: 0.1823  time: 0.5521  data: 0.0000  max mem: 4200
Train: data epoch: [20] Total time: 0:00:23 (0.6347 s / it)
2026-08-20 16:39:31,145 [INFO] Qual: EPOCH[20] -> PLCC: 0.863865, SROCC: 0.782104, KROCC: 0.595945, LOSS: 0.251698
2026-08-20 16:39:31,145 [INFO] Align: EPOCH[20] -> PLCC: 0.769426, SROCC: 0.642008, KROCC: 0.467174, LOSS: 0.402338
2026-08-20 16:39:31,154 [INFO] Saving checkpoint at epoch 20 to run/20260820162_B0_frozen/checkpoint_latest.pth.
2026-08-20 16:39:31,190 [INFO] Start training
2026-08-20 16:39:31,471 [INFO] Start training epoch 21, 37 iters per inner epoch.
2026-08-20 16:39:51,846 [INFO] Averaged stats: lr: 0.000021  loss: 0.215367
2026-08-20 16:39:51,953 [INFO] Evaluating on val.
Train: data epoch: [21]  [ 0/37]  eta: 0:02:05  lr: 0.000021  loss: 0.2019  time: 3.3854  data: 0.0001  max mem: 4200
Train: data epoch: [21]  [20/37]  eta: 0:00:09  lr: 0.000021  loss: 0.2371  time: 0.4449  data: 0.0000  max mem: 4200
Train: data epoch: [21]  [36/37]  eta: 0:00:00  lr: 0.000021  loss: 0.1957  time: 0.5236  data: 0.0000  max mem: 4200
Train: data epoch: [21] Total time: 0:00:20 (0.5506 s / it)
2026-08-20 16:40:01,121 [INFO] Qual: EPOCH[21] -> PLCC: 0.865620, SROCC: 0.784356, KROCC: 0.597974, LOSS: 0.257011
2026-08-20 16:40:01,121 [INFO] Align: EPOCH[21] -> PLCC: 0.769957, SROCC: 0.641835, KROCC: 0.466782, LOSS: 0.401045
2026-08-20 16:40:01,122 [INFO] Start training
2026-08-20 16:40:01,403 [INFO] Start training epoch 22, 37 iters per inner epoch.
2026-08-20 16:40:20,272 [INFO] Averaged stats: lr: 0.000017  loss: 0.209815
2026-08-20 16:40:20,380 [INFO] Evaluating on val.
Train: data epoch: [22]  [ 0/37]  eta: 0:01:14  lr: 0.000017  loss: 0.1781  time: 2.0130  data: 0.0001  max mem: 4200
Train: data epoch: [22]  [20/37]  eta: 0:00:07  lr: 0.000017  loss: 0.2253  time: 0.3934  data: 0.0000  max mem: 4200
Train: data epoch: [22]  [36/37]  eta: 0:00:00  lr: 0.000017  loss: 0.2415  time: 0.4893  data: 0.0000  max mem: 4200
Train: data epoch: [22] Total time: 0:00:18 (0.5100 s / it)
2026-08-20 16:40:30,912 [INFO] Qual: EPOCH[22] -> PLCC: 0.864630, SROCC: 0.782671, KROCC: 0.596517, LOSS: 0.251092
2026-08-20 16:40:30,912 [INFO] Align: EPOCH[22] -> PLCC: 0.769200, SROCC: 0.640534, KROCC: 0.465829, LOSS: 0.401184
2026-08-20 16:40:30,914 [INFO] Start training
2026-08-20 16:40:31,293 [INFO] Start training epoch 23, 37 iters per inner epoch.
2026-08-20 16:40:52,307 [INFO] Averaged stats: lr: 0.000014  loss: 0.211285
2026-08-20 16:40:52,414 [INFO] Evaluating on val.
Train: data epoch: [23]  [ 0/37]  eta: 0:01:16  lr: 0.000014  loss: 0.2090  time: 2.0543  data: 0.0001  max mem: 4200
Train: data epoch: [23]  [20/37]  eta: 0:00:09  lr: 0.000014  loss: 0.1851  time: 0.5124  data: 0.0000  max mem: 4200
Train: data epoch: [23]  [36/37]  eta: 0:00:00  lr: 0.000014  loss: 0.1804  time: 0.5075  data: 0.0000  max mem: 4200
Train: data epoch: [23] Total time: 0:00:21 (0.5679 s / it)
2026-08-20 16:41:01,883 [INFO] Qual: EPOCH[23] -> PLCC: 0.865535, SROCC: 0.783943, KROCC: 0.597615, LOSS: 0.255688
2026-08-20 16:41:01,883 [INFO] Align: EPOCH[23] -> PLCC: 0.770421, SROCC: 0.641189, KROCC: 0.466277, LOSS: 0.402548
2026-08-20 16:41:01,884 [INFO] Start training
2026-08-20 16:41:02,203 [INFO] Start training epoch 24, 37 iters per inner epoch.
2026-08-20 16:41:22,225 [INFO] Averaged stats: lr: 0.000010  loss: 0.211333
2026-08-20 16:41:22,333 [INFO] Evaluating on val.
Train: data epoch: [24]  [ 0/37]  eta: 0:01:34  lr: 0.000010  loss: 0.2252  time: 2.5609  data: 0.0001  max mem: 4200
Train: data epoch: [24]  [20/37]  eta: 0:00:10  lr: 0.000010  loss: 0.1748  time: 0.5210  data: 0.0000  max mem: 4200
Train: data epoch: [24]  [36/37]  eta: 0:00:00  lr: 0.000010  loss: 0.1991  time: 0.3954  data: 0.0000  max mem: 4200
Train: data epoch: [24] Total time: 0:00:20 (0.5411 s / it)
2026-08-20 16:41:31,444 [INFO] Qual: EPOCH[24] -> PLCC: 0.864995, SROCC: 0.782958, KROCC: 0.596786, LOSS: 0.253102
2026-08-20 16:41:31,444 [INFO] Align: EPOCH[24] -> PLCC: 0.769991, SROCC: 0.640269, KROCC: 0.465706, LOSS: 0.402013
2026-08-20 16:41:31,445 [INFO] Start training
2026-08-20 16:41:31,731 [INFO] Start training epoch 25, 37 iters per inner epoch.
2026-08-20 16:41:52,107 [INFO] Averaged stats: lr: 0.000008  loss: 0.207149
2026-08-20 16:41:52,194 [INFO] Evaluating on val.
Train: data epoch: [25]  [ 0/37]  eta: 0:01:46  lr: 0.000008  loss: 0.1978  time: 2.8691  data: 0.0001  max mem: 4200
Train: data epoch: [25]  [20/37]  eta: 0:00:11  lr: 0.000008  loss: 0.2080  time: 0.5495  data: 0.0000  max mem: 4200
Train: data epoch: [25]  [36/37]  eta: 0:00:00  lr: 0.000008  loss: 0.1927  time: 0.4431  data: 0.0000  max mem: 4200
Train: data epoch: [25] Total time: 0:00:20 (0.5507 s / it)
2026-08-20 16:42:01,756 [INFO] Qual: EPOCH[25] -> PLCC: 0.865549, SROCC: 0.783725, KROCC: 0.597357, LOSS: 0.255786
2026-08-20 16:42:01,756 [INFO] Align: EPOCH[25] -> PLCC: 0.770749, SROCC: 0.640933, KROCC: 0.466288, LOSS: 0.404756
2026-08-20 16:42:01,767 [INFO] Saving checkpoint at epoch 25 to run/20260820162_B0_frozen/checkpoint_latest.pth.
2026-08-20 16:42:01,810 [INFO] Start training
2026-08-20 16:42:02,125 [INFO] Start training epoch 26, 37 iters per inner epoch.
2026-08-20 16:42:23,274 [INFO] Averaged stats: lr: 0.000005  loss: 0.209900
2026-08-20 16:42:23,389 [INFO] Evaluating on val.
Train: data epoch: [26]  [ 0/37]  eta: 0:01:53  lr: 0.000005  loss: 0.1810  time: 3.0728  data: 0.0001  max mem: 4200
Train: data epoch: [26]  [20/37]  eta: 0:00:11  lr: 0.000005  loss: 0.1940  time: 0.5446  data: 0.0000  max mem: 4200
Train: data epoch: [26]  [36/37]  eta: 0:00:00  lr: 0.000005  loss: 0.2493  time: 0.4766  data: 0.0000  max mem: 4200
Train: data epoch: [26] Total time: 0:00:21 (0.5716 s / it)
2026-08-20 16:42:32,082 [INFO] Qual: EPOCH[26] -> PLCC: 0.865557, SROCC: 0.783599, KROCC: 0.597223, LOSS: 0.255258
2026-08-20 16:42:32,082 [INFO] Align: EPOCH[26] -> PLCC: 0.770515, SROCC: 0.640514, KROCC: 0.465941, LOSS: 0.402955
2026-08-20 16:42:32,083 [INFO] Start training
2026-08-20 16:42:32,393 [INFO] Start training epoch 27, 37 iters per inner epoch.
2026-08-20 16:42:53,358 [INFO] Averaged stats: lr: 0.000003  loss: 0.207097
2026-08-20 16:42:53,701 [INFO] Evaluating on val.
Train: data epoch: [27]  [ 0/37]  eta: 0:01:45  lr: 0.000003  loss: 0.1622  time: 2.8587  data: 0.0001  max mem: 4200
Train: data epoch: [27]  [20/37]  eta: 0:00:11  lr: 0.000003  loss: 0.1926  time: 0.5381  data: 0.0000  max mem: 4200
Train: data epoch: [27]  [36/37]  eta: 0:00:00  lr: 0.000003  loss: 0.1932  time: 0.4821  data: 0.0000  max mem: 4200
Train: data epoch: [27] Total time: 0:00:20 (0.5666 s / it)
2026-08-20 16:43:03,455 [INFO] Qual: EPOCH[27] -> PLCC: 0.865733, SROCC: 0.783878, KROCC: 0.597424, LOSS: 0.255585
2026-08-20 16:43:03,455 [INFO] Align: EPOCH[27] -> PLCC: 0.770986, SROCC: 0.640860, KROCC: 0.466154, LOSS: 0.403502
2026-08-20 16:43:03,456 [INFO] Start training
2026-08-20 16:43:03,771 [INFO] Start training epoch 28, 37 iters per inner epoch.
2026-08-20 16:43:25,142 [INFO] Averaged stats: lr: 0.000002  loss: 0.210563
2026-08-20 16:43:25,306 [INFO] Evaluating on val.
Train: data epoch: [28]  [ 0/37]  eta: 0:01:13  lr: 0.000002  loss: 0.1828  time: 1.9974  data: 0.0001  max mem: 4200
Train: data epoch: [28]  [20/37]  eta: 0:00:10  lr: 0.000002  loss: 0.2701  time: 0.5673  data: 0.0000  max mem: 4200
Train: data epoch: [28]  [36/37]  eta: 0:00:00  lr: 0.000002  loss: 0.2008  time: 0.4969  data: 0.0000  max mem: 4200
Train: data epoch: [28] Total time: 0:00:21 (0.5776 s / it)
2026-08-20 16:43:34,971 [INFO] Qual: EPOCH[28] -> PLCC: 0.865727, SROCC: 0.783826, KROCC: 0.597357, LOSS: 0.255246
2026-08-20 16:43:34,971 [INFO] Align: EPOCH[28] -> PLCC: 0.770984, SROCC: 0.640928, KROCC: 0.466244, LOSS: 0.403406
2026-08-20 16:43:34,972 [INFO] Start training
2026-08-20 16:43:35,286 [INFO] Start training epoch 29, 37 iters per inner epoch.
2026-08-20 16:43:57,223 [INFO] Averaged stats: lr: 0.000001  loss: 0.205084
2026-08-20 16:43:57,321 [INFO] Evaluating on val.
Train: data epoch: [29]  [ 0/37]  eta: 0:01:31  lr: 0.000001  loss: 0.1872  time: 2.4840  data: 0.0001  max mem: 4200
Train: data epoch: [29]  [20/37]  eta: 0:00:10  lr: 0.000001  loss: 0.2250  time: 0.5425  data: 0.0000  max mem: 4200
Train: data epoch: [29]  [36/37]  eta: 0:00:00  lr: 0.000001  loss: 0.2542  time: 0.5091  data: 0.0000  max mem: 4200
Train: data epoch: [29] Total time: 0:00:21 (0.5929 s / it)
2026-08-20 16:44:07,366 [INFO] Qual: EPOCH[29] -> PLCC: 0.865753, SROCC: 0.783836, KROCC: 0.597424, LOSS: 0.255146
2026-08-20 16:44:07,366 [INFO] Align: EPOCH[29] -> PLCC: 0.770967, SROCC: 0.640923, KROCC: 0.466221, LOSS: 0.403166
2026-08-20 16:44:07,377 [INFO] Saving checkpoint at epoch 29 to run/20260820162_B0_frozen/checkpoint_latest.pth.
[{'agg_metrics': np.float64(4.130451511500778), 'qual_agg': np.float64(2.248563846469734), 'qual_PLCC': np.float64(0.8656136620576835), 'qual_SROCC': np.float64(0.7846963837505879), 'qual_KROCC': np.float64(0.5982538006614627), 'align_agg': np.float64(1.8818876650310437), 'align_PLCC': np.float64(0.7698387473225387), 'align_SROCC': np.float64(0.6436870519368578), 'align_KROCC': np.float64(0.46836186577164723)}]
{'agg_metrics': np.float64(4.130451511500778), 'qual_agg': np.float64(2.248563846469734), 'qual_PLCC': np.float64(0.8656136620576835), 'qual_SROCC': np.float64(0.7846963837505879), 'qual_KROCC': np.float64(0.5982538006614627), 'align_agg': np.float64(1.8818876650310437), 'align_PLCC': np.float64(0.7698387473225387), 'align_SROCC': np.float64(0.6436870519368578), 'align_KROCC': np.float64(0.46836186577164723)}
