2026-08-20 19:23:17,949 [INFO] Start training
2026-08-20 19:23:18,207 [INFO] number of trainable parameters: 1744898
Not using distributed mode
['msqr_baseline', 'msqr_shcmi']
Position interpolate from 7x7 to 16x16
Freezing <class 'clip.model.Transformer'> ...
Freezing <class 'torch.nn.modules.sparse.Embedding'> ...
Freezing <class 'clip.model.LayerNorm'> ...
Freezing <class 'torch.nn.parameter.Parameter'> ...
Freezing <class 'torch.nn.parameter.Parameter'> ...
2026-08-20 19:23:18,509 [INFO] Start training epoch 0, 37 iters per inner epoch.
2026-08-20 19:23:47,416 [INFO] Averaged stats: lr: 0.000036  loss: 6.419094
2026-08-20 19:23:47,521 [INFO] Evaluating on val.
Train: data epoch: [0]  [ 0/37]  eta: 0:05:53  lr: 0.000000  loss: 8.2716  time: 9.5426  data: 0.0001  max mem: 2382
Train: data epoch: [0]  [20/37]  eta: 0:00:15  lr: 0.000040  loss: 6.3921  time: 0.5054  data: 0.0000  max mem: 2408
Train: data epoch: [0]  [36/37]  eta: 0:00:00  lr: 0.000072  loss: 3.9911  time: 0.5775  data: 0.0000  max mem: 2408
Train: data epoch: [0] Total time: 0:00:28 (0.7813 s / it)
2026-08-20 19:23:56,728 [INFO] Qual: EPOCH[0] -> PLCC: 0.010346, SROCC: 0.005180, KROCC: 0.003088, LOSS: 4.502255
2026-08-20 19:23:56,728 [INFO] Align: EPOCH[0] -> PLCC: 0.025863, SROCC: 0.024192, KROCC: 0.015803, LOSS: 4.335715
2026-08-20 19:23:56,739 [INFO] Saving checkpoint at epoch 0 to run/20260820192_B0_frozen/checkpoint_best.pth.
2026-08-20 19:23:56,782 [INFO] Saving checkpoint at epoch 0 to run/20260820192_B0_frozen/checkpoint_best_joint.pth.
2026-08-20 19:23:56,812 [INFO] Start training
2026-08-20 19:23:57,109 [INFO] Start training epoch 1, 37 iters per inner epoch.
2026-08-20 19:24:14,775 [INFO] Averaged stats: lr: 0.000100  loss: 1.517675
2026-08-20 19:24:14,886 [INFO] Evaluating on val.
Train: data epoch: [1]  [ 0/37]  eta: 0:01:13  lr: 0.000100  loss: 4.3754  time: 1.9897  data: 0.0001  max mem: 4200
Train: data epoch: [1]  [20/37]  eta: 0:00:06  lr: 0.000100  loss: 1.3016  time: 0.3191  data: 0.0000  max mem: 4200
Train: data epoch: [1]  [36/37]  eta: 0:00:00  lr: 0.000100  loss: 0.9360  time: 0.5385  data: 0.0000  max mem: 4200
Train: data epoch: [1] Total time: 0:00:17 (0.4774 s / it)
2026-08-20 19:24:24,351 [INFO] Qual: EPOCH[1] -> PLCC: 0.085568, SROCC: 0.109114, KROCC: 0.073901, LOSS: 1.025799
2026-08-20 19:24:24,351 [INFO] Align: EPOCH[1] -> PLCC: 0.117241, SROCC: 0.120928, KROCC: 0.082377, LOSS: 0.973472
2026-08-20 19:24:24,364 [INFO] Saving checkpoint at epoch 1 to run/20260820192_B0_frozen/checkpoint_best.pth.
2026-08-20 19:24:24,420 [INFO] Saving checkpoint at epoch 1 to run/20260820192_B0_frozen/checkpoint_best_joint.pth.
2026-08-20 19:24:24,467 [INFO] Start training
2026-08-20 19:24:24,852 [INFO] Start training epoch 2, 37 iters per inner epoch.
2026-08-20 19:24:45,600 [INFO] Averaged stats: lr: 0.000099  loss: 0.939083
2026-08-20 19:24:45,703 [INFO] Evaluating on val.
Train: data epoch: [2]  [ 0/37]  eta: 0:01:53  lr: 0.000099  loss: 1.0876  time: 3.0651  data: 0.0001  max mem: 4200
Train: data epoch: [2]  [20/37]  eta: 0:00:10  lr: 0.000099  loss: 0.9499  time: 0.4741  data: 0.0000  max mem: 4200
Train: data epoch: [2]  [36/37]  eta: 0:00:00  lr: 0.000099  loss: 0.8266  time: 0.4879  data: 0.0000  max mem: 4200
Train: data epoch: [2] Total time: 0:00:20 (0.5607 s / it)
2026-08-20 19:24:55,213 [INFO] Qual: EPOCH[2] -> PLCC: 0.314039, SROCC: 0.362778, KROCC: 0.247948, LOSS: 0.908736
2026-08-20 19:24:55,214 [INFO] Align: EPOCH[2] -> PLCC: 0.296541, SROCC: 0.311666, KROCC: 0.212629, LOSS: 0.899254
2026-08-20 19:24:55,225 [INFO] Saving checkpoint at epoch 2 to run/20260820192_B0_frozen/checkpoint_best.pth.
2026-08-20 19:24:55,279 [INFO] Saving checkpoint at epoch 2 to run/20260820192_B0_frozen/checkpoint_best_joint.pth.
2026-08-20 19:24:55,321 [INFO] Start training
2026-08-20 19:24:55,660 [INFO] Start training epoch 3, 37 iters per inner epoch.
2026-08-20 19:25:15,968 [INFO] Averaged stats: lr: 0.000098  loss: 0.763645
2026-08-20 19:25:16,099 [INFO] Evaluating on val.
Train: data epoch: [3]  [ 0/37]  eta: 0:01:43  lr: 0.000098  loss: 0.7738  time: 2.7886  data: 0.0001  max mem: 4200
Train: data epoch: [3]  [20/37]  eta: 0:00:09  lr: 0.000098  loss: 0.9207  time: 0.4700  data: 0.0000  max mem: 4200
Train: data epoch: [3]  [36/37]  eta: 0:00:00  lr: 0.000098  loss: 0.6446  time: 0.5246  data: 0.0000  max mem: 4200
Train: data epoch: [3] Total time: 0:00:20 (0.5488 s / it)
2026-08-20 19:25:25,806 [INFO] Qual: EPOCH[3] -> PLCC: 0.632154, SROCC: 0.631133, KROCC: 0.453272, LOSS: 0.672740
2026-08-20 19:25:25,807 [INFO] Align: EPOCH[3] -> PLCC: 0.532783, SROCC: 0.523691, KROCC: 0.366483, LOSS: 0.723730
2026-08-20 19:25:25,817 [INFO] Saving checkpoint at epoch 3 to run/20260820192_B0_frozen/checkpoint_best.pth.
2026-08-20 19:25:25,868 [INFO] Saving checkpoint at epoch 3 to run/20260820192_B0_frozen/checkpoint_best_joint.pth.
2026-08-20 19:25:25,911 [INFO] Start training
2026-08-20 19:25:26,277 [INFO] Start training epoch 4, 37 iters per inner epoch.
2026-08-20 19:25:46,625 [INFO] Averaged stats: lr: 0.000096  loss: 0.521803
2026-08-20 19:25:46,736 [INFO] Evaluating on val.
Train: data epoch: [4]  [ 0/37]  eta: 0:01:52  lr: 0.000096  loss: 0.5509  time: 3.0383  data: 0.0001  max mem: 4200
Train: data epoch: [4]  [20/37]  eta: 0:00:10  lr: 0.000096  loss: 0.4120  time: 0.4846  data: 0.0000  max mem: 4200
Train: data epoch: [4]  [36/37]  eta: 0:00:00  lr: 0.000096  loss: 0.3906  time: 0.4733  data: 0.0000  max mem: 4200
Train: data epoch: [4] Total time: 0:00:20 (0.5499 s / it)
2026-08-20 19:25:56,735 [INFO] Qual: EPOCH[4] -> PLCC: 0.784873, SROCC: 0.733955, KROCC: 0.544488, LOSS: 0.411740
2026-08-20 19:25:56,736 [INFO] Align: EPOCH[4] -> PLCC: 0.675479, SROCC: 0.616949, KROCC: 0.439636, LOSS: 0.533175
2026-08-20 19:25:56,744 [INFO] Saving checkpoint at epoch 4 to run/20260820192_B0_frozen/checkpoint_best.pth.
2026-08-20 19:25:56,796 [INFO] Saving checkpoint at epoch 4 to run/20260820192_B0_frozen/checkpoint_best_joint.pth.
2026-08-20 19:25:56,836 [INFO] Start training
2026-08-20 19:25:57,140 [INFO] Start training epoch 5, 37 iters per inner epoch.
2026-08-20 19:26:15,249 [INFO] Averaged stats: lr: 0.000093  loss: 0.359610
2026-08-20 19:26:15,529 [INFO] Evaluating on val.
Train: data epoch: [5]  [ 0/37]  eta: 0:01:01  lr: 0.000093  loss: 0.4895  time: 1.6634  data: 0.0001  max mem: 4200
Train: data epoch: [5]  [20/37]  eta: 0:00:09  lr: 0.000093  loss: 0.3283  time: 0.4922  data: 0.0000  max mem: 4200
Train: data epoch: [5]  [36/37]  eta: 0:00:00  lr: 0.000093  loss: 0.2883  time: 0.4486  data: 0.0000  max mem: 4200
Train: data epoch: [5] Total time: 0:00:18 (0.4894 s / it)
2026-08-20 19:26:26,205 [INFO] Qual: EPOCH[5] -> PLCC: 0.823332, SROCC: 0.763950, KROCC: 0.573472, LOSS: 0.323706
2026-08-20 19:26:26,205 [INFO] Align: EPOCH[5] -> PLCC: 0.720722, SROCC: 0.645083, KROCC: 0.465717, LOSS: 0.464869
2026-08-20 19:26:26,216 [INFO] Saving checkpoint at epoch 5 to run/20260820192_B0_frozen/checkpoint_best.pth.
2026-08-20 19:26:26,267 [INFO] Saving checkpoint at epoch 5 to run/20260820192_B0_frozen/checkpoint_best_joint.pth.
2026-08-20 19:26:26,309 [INFO] Start training
2026-08-20 19:26:26,650 [INFO] Start training epoch 6, 37 iters per inner epoch.
2026-08-20 19:26:46,632 [INFO] Averaged stats: lr: 0.000091  loss: 0.314187
2026-08-20 19:26:47,016 [INFO] Evaluating on val.
Train: data epoch: [6]  [ 0/37]  eta: 0:01:36  lr: 0.000091  loss: 0.3443  time: 2.6046  data: 0.0001  max mem: 4200
Train: data epoch: [6]  [20/37]  eta: 0:00:10  lr: 0.000091  loss: 0.2204  time: 0.5006  data: 0.0000  max mem: 4200
Train: data epoch: [6]  [36/37]  eta: 0:00:00  lr: 0.000091  loss: 0.2765  time: 0.4872  data: 0.0000  max mem: 4200
Train: data epoch: [6] Total time: 0:00:19 (0.5400 s / it)
2026-08-20 19:26:58,497 [INFO] Qual: EPOCH[6] -> PLCC: 0.837284, SROCC: 0.772462, KROCC: 0.583179, LOSS: 0.309636
2026-08-20 19:26:58,497 [INFO] Align: EPOCH[6] -> PLCC: 0.734454, SROCC: 0.650682, KROCC: 0.471489, LOSS: 0.446075
2026-08-20 19:26:58,510 [INFO] Saving checkpoint at epoch 6 to run/20260820192_B0_frozen/checkpoint_best.pth.
2026-08-20 19:26:58,561 [INFO] Saving checkpoint at epoch 6 to run/20260820192_B0_frozen/checkpoint_best_joint.pth.
2026-08-20 19:26:58,595 [INFO] Start training
2026-08-20 19:26:58,939 [INFO] Start training epoch 7, 37 iters per inner epoch.
2026-08-20 19:27:19,015 [INFO] Averaged stats: lr: 0.000087  loss: 0.294465
2026-08-20 19:27:19,113 [INFO] Evaluating on val.
Train: data epoch: [7]  [ 0/37]  eta: 0:01:10  lr: 0.000087  loss: 0.4038  time: 1.9064  data: 0.0001  max mem: 4200
Train: data epoch: [7]  [20/37]  eta: 0:00:09  lr: 0.000087  loss: 0.2389  time: 0.5006  data: 0.0000  max mem: 4200
Train: data epoch: [7]  [36/37]  eta: 0:00:00  lr: 0.000087  loss: 0.3574  time: 0.4908  data: 0.0000  max mem: 4200
Train: data epoch: [7] Total time: 0:00:20 (0.5426 s / it)
2026-08-20 19:27:31,569 [INFO] Qual: EPOCH[7] -> PLCC: 0.841276, SROCC: 0.772016, KROCC: 0.583784, LOSS: 0.287489
2026-08-20 19:27:31,569 [INFO] Align: EPOCH[7] -> PLCC: 0.740162, SROCC: 0.650236, KROCC: 0.471197, LOSS: 0.435319
2026-08-20 19:27:31,577 [INFO] Saving checkpoint at epoch 7 to run/20260820192_B0_frozen/checkpoint_best.pth.
2026-08-20 19:27:31,622 [INFO] Saving checkpoint at epoch 7 to run/20260820192_B0_frozen/checkpoint_best_joint.pth.
2026-08-20 19:27:31,656 [INFO] Start training
2026-08-20 19:27:31,972 [INFO] Start training epoch 8, 37 iters per inner epoch.
2026-08-20 19:27:52,403 [INFO] Averaged stats: lr: 0.000084  loss: 0.278369
2026-08-20 19:27:52,805 [INFO] Evaluating on val.
Train: data epoch: [8]  [ 0/37]  eta: 0:01:18  lr: 0.000084  loss: 0.2261  time: 2.1293  data: 0.0001  max mem: 4200
Train: data epoch: [8]  [20/37]  eta: 0:00:10  lr: 0.000084  loss: 0.2546  time: 0.5360  data: 0.0000  max mem: 4200
Train: data epoch: [8]  [36/37]  eta: 0:00:00  lr: 0.000084  loss: 0.2273  time: 0.4631  data: 0.0000  max mem: 4200
Train: data epoch: [8] Total time: 0:00:20 (0.5522 s / it)
2026-08-20 19:28:03,770 [INFO] Qual: EPOCH[8] -> PLCC: 0.849594, SROCC: 0.778016, KROCC: 0.590307, LOSS: 0.280969
2026-08-20 19:28:03,770 [INFO] Align: EPOCH[8] -> PLCC: 0.744743, SROCC: 0.648384, KROCC: 0.470984, LOSS: 0.428692
2026-08-20 19:28:03,781 [INFO] Saving checkpoint at epoch 8 to run/20260820192_B0_frozen/checkpoint_best.pth.
2026-08-20 19:28:03,841 [INFO] Saving checkpoint at epoch 8 to run/20260820192_B0_frozen/checkpoint_best_joint.pth.
2026-08-20 19:28:03,890 [INFO] Start training
2026-08-20 19:28:04,225 [INFO] Start training epoch 9, 37 iters per inner epoch.
2026-08-20 19:28:24,676 [INFO] Averaged stats: lr: 0.000080  loss: 0.263843
2026-08-20 19:28:24,868 [INFO] Evaluating on val.
Train: data epoch: [9]  [ 0/37]  eta: 0:01:32  lr: 0.000080  loss: 0.3178  time: 2.4975  data: 0.0001  max mem: 4200
Train: data epoch: [9]  [20/37]  eta: 0:00:09  lr: 0.000080  loss: 0.3182  time: 0.4828  data: 0.0000  max mem: 4200
Train: data epoch: [9]  [36/37]  eta: 0:00:00  lr: 0.000080  loss: 0.2327  time: 0.4831  data: 0.0000  max mem: 4200
Train: data epoch: [9] Total time: 0:00:20 (0.5527 s / it)
2026-08-20 19:28:36,112 [INFO] Qual: EPOCH[9] -> PLCC: 0.851378, SROCC: 0.777067, KROCC: 0.589545, LOSS: 0.275526
2026-08-20 19:28:36,112 [INFO] Align: EPOCH[9] -> PLCC: 0.749131, SROCC: 0.647437, KROCC: 0.470032, LOSS: 0.425193
2026-08-20 19:28:36,121 [INFO] Saving checkpoint at epoch 9 to run/20260820192_B0_frozen/checkpoint_best.pth.
2026-08-20 19:28:36,163 [INFO] Saving checkpoint at epoch 9 to run/20260820192_B0_frozen/checkpoint_best_joint.pth.
2026-08-20 19:28:36,196 [INFO] Start training
2026-08-20 19:28:36,500 [INFO] Start training epoch 10, 37 iters per inner epoch.
2026-08-20 19:28:56,124 [INFO] Averaged stats: lr: 0.000075  loss: 0.253676
2026-08-20 19:28:56,231 [INFO] Evaluating on val.
Train: data epoch: [10]  [ 0/37]  eta: 0:00:58  lr: 0.000075  loss: 0.2782  time: 1.5791  data: 0.0001  max mem: 4200
Train: data epoch: [10]  [20/37]  eta: 0:00:09  lr: 0.000075  loss: 0.3327  time: 0.5183  data: 0.0000  max mem: 4200
Train: data epoch: [10]  [36/37]  eta: 0:00:00  lr: 0.000075  loss: 0.2281  time: 0.4692  data: 0.0000  max mem: 4200
Train: data epoch: [10] Total time: 0:00:19 (0.5303 s / it)
2026-08-20 19:29:08,540 [INFO] Qual: EPOCH[10] -> PLCC: 0.855198, SROCC: 0.779639, KROCC: 0.592773, LOSS: 0.269173
2026-08-20 19:29:08,541 [INFO] Align: EPOCH[10] -> PLCC: 0.753637, SROCC: 0.648116, KROCC: 0.470917, LOSS: 0.421973
2026-08-20 19:29:08,551 [INFO] Saving checkpoint at epoch 10 to run/20260820192_B0_frozen/checkpoint_best.pth.
2026-08-20 19:29:08,603 [INFO] Saving checkpoint at epoch 10 to run/20260820192_B0_frozen/checkpoint_best_joint.pth.
2026-08-20 19:29:08,644 [INFO] Start training
2026-08-20 19:29:08,979 [INFO] Start training epoch 11, 37 iters per inner epoch.
2026-08-20 19:29:29,126 [INFO] Averaged stats: lr: 0.000071  loss: 0.245690
2026-08-20 19:29:29,245 [INFO] Evaluating on val.
Train: data epoch: [11]  [ 0/37]  eta: 0:01:35  lr: 0.000071  loss: 0.2793  time: 2.5903  data: 0.0001  max mem: 4200
Train: data epoch: [11]  [20/37]  eta: 0:00:09  lr: 0.000071  loss: 0.2734  time: 0.4839  data: 0.0000  max mem: 4200
Train: data epoch: [11]  [36/37]  eta: 0:00:00  lr: 0.000071  loss: 0.2244  time: 0.4569  data: 0.0000  max mem: 4200
Train: data epoch: [11] Total time: 0:00:20 (0.5445 s / it)
2026-08-20 19:29:40,585 [INFO] Qual: EPOCH[11] -> PLCC: 0.858102, SROCC: 0.781137, KROCC: 0.594891, LOSS: 0.288173
2026-08-20 19:29:40,586 [INFO] Align: EPOCH[11] -> PLCC: 0.758762, SROCC: 0.648058, KROCC: 0.471388, LOSS: 0.436609
2026-08-20 19:29:40,596 [INFO] Saving checkpoint at epoch 11 to run/20260820192_B0_frozen/checkpoint_best.pth.
2026-08-20 19:29:40,648 [INFO] Saving checkpoint at epoch 11 to run/20260820192_B0_frozen/checkpoint_best_joint.pth.
2026-08-20 19:29:40,688 [INFO] Start training
2026-08-20 19:29:41,024 [INFO] Start training epoch 12, 37 iters per inner epoch.
2026-08-20 19:29:58,147 [INFO] Averaged stats: lr: 0.000066  loss: 0.240900
2026-08-20 19:29:58,271 [INFO] Evaluating on val.
Train: data epoch: [12]  [ 0/37]  eta: 0:01:16  lr: 0.000066  loss: 0.2349  time: 2.0765  data: 0.0001  max mem: 4200
Train: data epoch: [12]  [20/37]  eta: 0:00:10  lr: 0.000066  loss: 0.2721  time: 0.5325  data: 0.0000  max mem: 4200
Train: data epoch: [12]  [36/37]  eta: 0:00:00  lr: 0.000066  loss: 0.2565  time: 0.3258  data: 0.0000  max mem: 4200
Train: data epoch: [12] Total time: 0:00:17 (0.4628 s / it)
2026-08-20 19:30:07,722 [INFO] Qual: EPOCH[12] -> PLCC: 0.860287, SROCC: 0.782405, KROCC: 0.596483, LOSS: 0.273684
2026-08-20 19:30:07,722 [INFO] Align: EPOCH[12] -> PLCC: 0.758987, SROCC: 0.645503, KROCC: 0.468620, LOSS: 0.414535
2026-08-20 19:30:07,733 [INFO] Saving checkpoint at epoch 12 to run/20260820192_B0_frozen/checkpoint_best.pth.
2026-08-20 19:30:07,788 [INFO] Saving checkpoint at epoch 12 to run/20260820192_B0_frozen/checkpoint_best_joint.pth.
2026-08-20 19:30:07,832 [INFO] Start training
2026-08-20 19:30:08,194 [INFO] Start training epoch 13, 37 iters per inner epoch.
2026-08-20 19:30:29,050 [INFO] Averaged stats: lr: 0.000061  loss: 0.238475
2026-08-20 19:30:29,444 [INFO] Evaluating on val.
Train: data epoch: [13]  [ 0/37]  eta: 0:02:03  lr: 0.000061  loss: 0.1838  time: 3.3268  data: 0.0001  max mem: 4200
Train: data epoch: [13]  [20/37]  eta: 0:00:11  lr: 0.000061  loss: 0.3041  time: 0.5439  data: 0.0000  max mem: 4200
Train: data epoch: [13]  [36/37]  eta: 0:00:00  lr: 0.000061  loss: 0.2489  time: 0.4493  data: 0.0000  max mem: 4200
Train: data epoch: [13] Total time: 0:00:20 (0.5637 s / it)
2026-08-20 19:30:39,213 [INFO] Qual: EPOCH[13] -> PLCC: 0.859920, SROCC: 0.781070, KROCC: 0.595082, LOSS: 0.261660
2026-08-20 19:30:39,214 [INFO] Align: EPOCH[13] -> PLCC: 0.762030, SROCC: 0.644718, KROCC: 0.468250, LOSS: 0.415442
2026-08-20 19:30:39,230 [INFO] Saving checkpoint at epoch 13 to run/20260820192_B0_frozen/checkpoint_best_joint.pth.
2026-08-20 19:30:39,307 [INFO] Start training
2026-08-20 19:30:39,692 [INFO] Start training epoch 14, 37 iters per inner epoch.
2026-08-20 19:31:01,761 [INFO] Averaged stats: lr: 0.000056  loss: 0.233018
2026-08-20 19:31:01,874 [INFO] Evaluating on val.
Train: data epoch: [14]  [ 0/37]  eta: 0:01:24  lr: 0.000056  loss: 0.1718  time: 2.2722  data: 0.0001  max mem: 4200
Train: data epoch: [14]  [20/37]  eta: 0:00:11  lr: 0.000056  loss: 0.2215  time: 0.5674  data: 0.0000  max mem: 4200
Train: data epoch: [14]  [36/37]  eta: 0:00:00  lr: 0.000056  loss: 0.2457  time: 0.5216  data: 0.0000  max mem: 4200
Train: data epoch: [14] Total time: 0:00:22 (0.5964 s / it)
2026-08-20 19:31:11,149 [INFO] Qual: EPOCH[14] -> PLCC: 0.861790, SROCC: 0.782294, KROCC: 0.596236, LOSS: 0.264819
2026-08-20 19:31:11,149 [INFO] Align: EPOCH[14] -> PLCC: 0.764650, SROCC: 0.644194, KROCC: 0.468373, LOSS: 0.424337
2026-08-20 19:31:11,161 [INFO] Saving checkpoint at epoch 14 to run/20260820192_B0_frozen/checkpoint_best.pth.
2026-08-20 19:31:11,246 [INFO] Saving checkpoint at epoch 14 to run/20260820192_B0_frozen/checkpoint_best_joint.pth.
2026-08-20 19:31:11,282 [INFO] Start training
2026-08-20 19:31:11,933 [INFO] Start training epoch 15, 37 iters per inner epoch.
2026-08-20 19:31:35,159 [INFO] Averaged stats: lr: 0.000050  loss: 0.226579
2026-08-20 19:31:35,415 [INFO] Evaluating on val.
Train: data epoch: [15]  [ 0/37]  eta: 0:02:38  lr: 0.000051  loss: 0.1804  time: 4.2793  data: 0.0001  max mem: 4200
Train: data epoch: [15]  [20/37]  eta: 0:00:12  lr: 0.000051  loss: 0.2261  time: 0.5319  data: 0.0000  max mem: 4200
Train: data epoch: [15]  [36/37]  eta: 0:00:00  lr: 0.000051  loss: 0.2308  time: 0.5132  data: 0.0000  max mem: 4200
Train: data epoch: [15] Total time: 0:00:23 (0.6277 s / it)
2026-08-20 19:31:47,211 [INFO] Qual: EPOCH[15] -> PLCC: 0.862409, SROCC: 0.781744, KROCC: 0.595620, LOSS: 0.257378
2026-08-20 19:31:47,211 [INFO] Align: EPOCH[15] -> PLCC: 0.764111, SROCC: 0.641522, KROCC: 0.466311, LOSS: 0.407565
2026-08-20 19:31:47,222 [INFO] Saving checkpoint at epoch 15 to run/20260820192_B0_frozen/checkpoint_best.pth.
2026-08-20 19:31:47,278 [INFO] Saving checkpoint at epoch 15 to run/20260820192_B0_frozen/checkpoint_latest.pth.
2026-08-20 19:31:47,317 [INFO] Start training
2026-08-20 19:31:47,738 [INFO] Start training epoch 16, 37 iters per inner epoch.
2026-08-20 19:32:10,868 [INFO] Averaged stats: lr: 0.000045  loss: 0.224152
2026-08-20 19:32:11,057 [INFO] Evaluating on val.
Train: data epoch: [16]  [ 0/37]  eta: 0:02:28  lr: 0.000045  loss: 0.2352  time: 4.0074  data: 0.0001  max mem: 4200
Train: data epoch: [16]  [20/37]  eta: 0:00:12  lr: 0.000045  loss: 0.2277  time: 0.5420  data: 0.0000  max mem: 4200
Train: data epoch: [16]  [36/37]  eta: 0:00:00  lr: 0.000045  loss: 0.1746  time: 0.5311  data: 0.0000  max mem: 4200
Train: data epoch: [16] Total time: 0:00:23 (0.6251 s / it)
2026-08-20 19:32:22,627 [INFO] Qual: EPOCH[16] -> PLCC: 0.862115, SROCC: 0.781343, KROCC: 0.595362, LOSS: 0.257055
2026-08-20 19:32:22,627 [INFO] Align: EPOCH[16] -> PLCC: 0.765459, SROCC: 0.641530, KROCC: 0.466277, LOSS: 0.410077
2026-08-20 19:32:22,628 [INFO] Start training
2026-08-20 19:32:22,956 [INFO] Start training epoch 17, 37 iters per inner epoch.
2026-08-20 19:32:44,617 [INFO] Averaged stats: lr: 0.000040  loss: 0.224050
2026-08-20 19:32:44,744 [INFO] Evaluating on val.
Train: data epoch: [17]  [ 0/37]  eta: 0:01:41  lr: 0.000040  loss: 0.2159  time: 2.7487  data: 0.0001  max mem: 4200
Train: data epoch: [17]  [20/37]  eta: 0:00:11  lr: 0.000040  loss: 0.2124  time: 0.5439  data: 0.0000  max mem: 4200
Train: data epoch: [17]  [36/37]  eta: 0:00:00  lr: 0.000040  loss: 0.3144  time: 0.5190  data: 0.0000  max mem: 4200
Train: data epoch: [17] Total time: 0:00:21 (0.5854 s / it)
2026-08-20 19:32:53,835 [INFO] Qual: EPOCH[17] -> PLCC: 0.864462, SROCC: 0.783203, KROCC: 0.597256, LOSS: 0.262656
2026-08-20 19:32:53,835 [INFO] Align: EPOCH[17] -> PLCC: 0.768199, SROCC: 0.642919, KROCC: 0.467521, LOSS: 0.407775
2026-08-20 19:32:53,846 [INFO] Saving checkpoint at epoch 17 to run/20260820192_B0_frozen/checkpoint_best.pth.
2026-08-20 19:32:53,898 [INFO] Saving checkpoint at epoch 17 to run/20260820192_B0_frozen/checkpoint_best_joint.pth.
2026-08-20 19:32:53,940 [INFO] Start training
2026-08-20 19:32:54,294 [INFO] Start training epoch 18, 37 iters per inner epoch.
2026-08-20 19:33:13,595 [INFO] Averaged stats: lr: 0.000035  loss: 0.222359
2026-08-20 19:33:13,825 [INFO] Evaluating on val.
Train: data epoch: [18]  [ 0/37]  eta: 0:01:26  lr: 0.000035  loss: 0.2329  time: 2.3313  data: 0.0001  max mem: 4200
Train: data epoch: [18]  [20/37]  eta: 0:00:08  lr: 0.000035  loss: 0.3154  time: 0.4112  data: 0.0000  max mem: 4200
Train: data epoch: [18]  [36/37]  eta: 0:00:00  lr: 0.000035  loss: 0.2269  time: 0.5379  data: 0.0000  max mem: 4200
Train: data epoch: [18] Total time: 0:00:19 (0.5216 s / it)
2026-08-20 19:33:23,903 [INFO] Qual: EPOCH[18] -> PLCC: 0.864441, SROCC: 0.783280, KROCC: 0.597077, LOSS: 0.255292
2026-08-20 19:33:23,904 [INFO] Align: EPOCH[18] -> PLCC: 0.768459, SROCC: 0.642244, KROCC: 0.466950, LOSS: 0.403756
2026-08-20 19:33:23,915 [INFO] Saving checkpoint at epoch 18 to run/20260820192_B0_frozen/checkpoint_best.pth.
2026-08-20 19:33:23,959 [INFO] Start training
2026-08-20 19:33:24,317 [INFO] Start training epoch 19, 37 iters per inner epoch.
2026-08-20 19:33:45,481 [INFO] Averaged stats: lr: 0.000030  loss: 0.216213
2026-08-20 19:33:45,587 [INFO] Evaluating on val.
Train: data epoch: [19]  [ 0/37]  eta: 0:01:23  lr: 0.000030  loss: 0.2881  time: 2.2557  data: 0.0001  max mem: 4200
Train: data epoch: [19]  [20/37]  eta: 0:00:10  lr: 0.000030  loss: 0.2117  time: 0.5060  data: 0.0000  max mem: 4200
Train: data epoch: [19]  [36/37]  eta: 0:00:00  lr: 0.000030  loss: 0.2158  time: 0.5483  data: 0.0000  max mem: 4200
Train: data epoch: [19] Total time: 0:00:21 (0.5720 s / it)
2026-08-20 19:33:53,257 [INFO] Qual: EPOCH[19] -> PLCC: 0.865614, SROCC: 0.784696, KROCC: 0.598254, LOSS: 0.263007
2026-08-20 19:33:53,257 [INFO] Align: EPOCH[19] -> PLCC: 0.769839, SROCC: 0.643687, KROCC: 0.468362, LOSS: 0.406620
2026-08-20 19:33:53,268 [INFO] Saving checkpoint at epoch 19 to run/20260820192_B0_frozen/checkpoint_best.pth.
2026-08-20 19:33:53,334 [INFO] Saving checkpoint at epoch 19 to run/20260820192_B0_frozen/checkpoint_best_joint.pth.
2026-08-20 19:33:53,386 [INFO] Start training
2026-08-20 19:33:53,746 [INFO] Start training epoch 20, 37 iters per inner epoch.
2026-08-20 19:34:15,613 [INFO] Averaged stats: lr: 0.000026  loss: 0.213009
2026-08-20 19:34:15,733 [INFO] Evaluating on val.
Train: data epoch: [20]  [ 0/37]  eta: 0:01:49  lr: 0.000026  loss: 0.2103  time: 2.9574  data: 0.0001  max mem: 4200
Train: data epoch: [20]  [20/37]  eta: 0:00:10  lr: 0.000026  loss: 0.2394  time: 0.5268  data: 0.0000  max mem: 4200
Train: data epoch: [20]  [36/37]  eta: 0:00:00  lr: 0.000026  loss: 0.1823  time: 0.5348  data: 0.0000  max mem: 4200
Train: data epoch: [20] Total time: 0:00:21 (0.5910 s / it)
2026-08-20 19:34:24,071 [INFO] Qual: EPOCH[20] -> PLCC: 0.863865, SROCC: 0.782104, KROCC: 0.595945, LOSS: 0.251698
2026-08-20 19:34:24,071 [INFO] Align: EPOCH[20] -> PLCC: 0.769426, SROCC: 0.642008, KROCC: 0.467174, LOSS: 0.402338
2026-08-20 19:34:24,105 [INFO] Saving checkpoint at epoch 20 to run/20260820192_B0_frozen/checkpoint_latest.pth.
2026-08-20 19:34:24,152 [INFO] Start training
2026-08-20 19:34:24,548 [INFO] Start training epoch 21, 37 iters per inner epoch.
2026-08-20 19:34:45,843 [INFO] Averaged stats: lr: 0.000021  loss: 0.215367
2026-08-20 19:34:45,980 [INFO] Evaluating on val.
Train: data epoch: [21]  [ 0/37]  eta: 0:01:39  lr: 0.000021  loss: 0.2019  time: 2.6814  data: 0.0002  max mem: 4200
Train: data epoch: [21]  [20/37]  eta: 0:00:10  lr: 0.000021  loss: 0.2371  time: 0.5207  data: 0.0000  max mem: 4200
Train: data epoch: [21]  [36/37]  eta: 0:00:00  lr: 0.000021  loss: 0.1957  time: 0.5187  data: 0.0000  max mem: 4200
Train: data epoch: [21] Total time: 0:00:21 (0.5755 s / it)
2026-08-20 19:34:54,481 [INFO] Qual: EPOCH[21] -> PLCC: 0.865620, SROCC: 0.784356, KROCC: 0.597974, LOSS: 0.257011
2026-08-20 19:34:54,481 [INFO] Align: EPOCH[21] -> PLCC: 0.769957, SROCC: 0.641835, KROCC: 0.466782, LOSS: 0.401045
2026-08-20 19:34:54,482 [INFO] Start training
2026-08-20 19:34:54,816 [INFO] Start training epoch 22, 37 iters per inner epoch.
2026-08-20 19:35:17,189 [INFO] Averaged stats: lr: 0.000017  loss: 0.209815
2026-08-20 19:35:17,297 [INFO] Evaluating on val.
Train: data epoch: [22]  [ 0/37]  eta: 0:02:16  lr: 0.000017  loss: 0.1781  time: 3.6871  data: 0.0001  max mem: 4200
Train: data epoch: [22]  [20/37]  eta: 0:00:11  lr: 0.000017  loss: 0.2253  time: 0.5359  data: 0.0000  max mem: 4200
Train: data epoch: [22]  [36/37]  eta: 0:00:00  lr: 0.000017  loss: 0.2415  time: 0.4772  data: 0.0000  max mem: 4200
Train: data epoch: [22] Total time: 0:00:22 (0.6047 s / it)
2026-08-20 19:35:26,115 [INFO] Qual: EPOCH[22] -> PLCC: 0.864630, SROCC: 0.782671, KROCC: 0.596517, LOSS: 0.251092
2026-08-20 19:35:26,116 [INFO] Align: EPOCH[22] -> PLCC: 0.769200, SROCC: 0.640534, KROCC: 0.465829, LOSS: 0.401184
2026-08-20 19:35:26,116 [INFO] Start training
2026-08-20 19:35:26,445 [INFO] Start training epoch 23, 37 iters per inner epoch.
2026-08-20 19:35:47,536 [INFO] Averaged stats: lr: 0.000014  loss: 0.211285
2026-08-20 19:35:47,638 [INFO] Evaluating on val.
Train: data epoch: [23]  [ 0/37]  eta: 0:01:48  lr: 0.000014  loss: 0.2090  time: 2.9353  data: 0.0001  max mem: 4200
Train: data epoch: [23]  [20/37]  eta: 0:00:11  lr: 0.000014  loss: 0.1851  time: 0.5376  data: 0.0000  max mem: 4200
Train: data epoch: [23]  [36/37]  eta: 0:00:00  lr: 0.000014  loss: 0.1804  time: 0.4759  data: 0.0000  max mem: 4200
Train: data epoch: [23] Total time: 0:00:21 (0.5700 s / it)
2026-08-20 19:35:57,036 [INFO] Qual: EPOCH[23] -> PLCC: 0.865535, SROCC: 0.783943, KROCC: 0.597615, LOSS: 0.255688
2026-08-20 19:35:57,036 [INFO] Align: EPOCH[23] -> PLCC: 0.770421, SROCC: 0.641189, KROCC: 0.466277, LOSS: 0.402548
2026-08-20 19:35:57,037 [INFO] Start training
2026-08-20 19:35:57,504 [INFO] Start training epoch 24, 37 iters per inner epoch.
2026-08-20 19:36:19,865 [INFO] Averaged stats: lr: 0.000010  loss: 0.211333
2026-08-20 19:36:19,986 [INFO] Evaluating on val.
Train: data epoch: [24]  [ 0/37]  eta: 0:01:43  lr: 0.000010  loss: 0.2252  time: 2.8096  data: 0.0001  max mem: 4200
Train: data epoch: [24]  [20/37]  eta: 0:00:11  lr: 0.000010  loss: 0.1748  time: 0.5567  data: 0.0000  max mem: 4200
Train: data epoch: [24]  [36/37]  eta: 0:00:00  lr: 0.000010  loss: 0.1991  time: 0.5302  data: 0.0000  max mem: 4200
Train: data epoch: [24] Total time: 0:00:22 (0.6043 s / it)
2026-08-20 19:36:30,482 [INFO] Qual: EPOCH[24] -> PLCC: 0.864995, SROCC: 0.782958, KROCC: 0.596786, LOSS: 0.253102
2026-08-20 19:36:30,482 [INFO] Align: EPOCH[24] -> PLCC: 0.769991, SROCC: 0.640269, KROCC: 0.465706, LOSS: 0.402013
2026-08-20 19:36:30,483 [INFO] Start training
2026-08-20 19:36:30,808 [INFO] Start training epoch 25, 37 iters per inner epoch.
2026-08-20 19:36:54,201 [INFO] Averaged stats: lr: 0.000008  loss: 0.207149
2026-08-20 19:36:54,322 [INFO] Evaluating on val.
Train: data epoch: [25]  [ 0/37]  eta: 0:03:09  lr: 0.000008  loss: 0.1978  time: 5.1232  data: 0.0001  max mem: 4200
Train: data epoch: [25]  [20/37]  eta: 0:00:12  lr: 0.000008  loss: 0.2080  time: 0.5006  data: 0.0000  max mem: 4200
Train: data epoch: [25]  [36/37]  eta: 0:00:00  lr: 0.000008  loss: 0.1927  time: 0.5296  data: 0.0000  max mem: 4200
Train: data epoch: [25] Total time: 0:00:23 (0.6322 s / it)
2026-08-20 19:37:03,976 [INFO] Qual: EPOCH[25] -> PLCC: 0.865549, SROCC: 0.783725, KROCC: 0.597357, LOSS: 0.255786
2026-08-20 19:37:03,976 [INFO] Align: EPOCH[25] -> PLCC: 0.770749, SROCC: 0.640933, KROCC: 0.466288, LOSS: 0.404756
2026-08-20 19:37:03,985 [INFO] Saving checkpoint at epoch 25 to run/20260820192_B0_frozen/checkpoint_latest.pth.
2026-08-20 19:37:04,020 [INFO] Start training
2026-08-20 19:37:04,340 [INFO] Start training epoch 26, 37 iters per inner epoch.
2026-08-20 19:37:21,265 [INFO] Averaged stats: lr: 0.000005  loss: 0.209900
2026-08-20 19:37:21,423 [INFO] Evaluating on val.
Train: data epoch: [26]  [ 0/37]  eta: 0:01:13  lr: 0.000005  loss: 0.1810  time: 1.9870  data: 0.0001  max mem: 4200
Train: data epoch: [26]  [20/37]  eta: 0:00:06  lr: 0.000005  loss: 0.1940  time: 0.2959  data: 0.0000  max mem: 4200
Train: data epoch: [26]  [36/37]  eta: 0:00:00  lr: 0.000005  loss: 0.2493  time: 0.4965  data: 0.0000  max mem: 4200
Train: data epoch: [26] Total time: 0:00:16 (0.4574 s / it)
2026-08-20 19:37:32,640 [INFO] Qual: EPOCH[26] -> PLCC: 0.865557, SROCC: 0.783599, KROCC: 0.597223, LOSS: 0.255258
2026-08-20 19:37:32,641 [INFO] Align: EPOCH[26] -> PLCC: 0.770515, SROCC: 0.640514, KROCC: 0.465941, LOSS: 0.402955
2026-08-20 19:37:32,641 [INFO] Start training
2026-08-20 19:37:33,000 [INFO] Start training epoch 27, 37 iters per inner epoch.
2026-08-20 19:37:53,620 [INFO] Averaged stats: lr: 0.000003  loss: 0.207097
2026-08-20 19:37:53,740 [INFO] Evaluating on val.
Train: data epoch: [27]  [ 0/37]  eta: 0:01:29  lr: 0.000003  loss: 0.1622  time: 2.4306  data: 0.0001  max mem: 4200
Train: data epoch: [27]  [20/37]  eta: 0:00:09  lr: 0.000003  loss: 0.1926  time: 0.4612  data: 0.0000  max mem: 4200
Train: data epoch: [27]  [36/37]  eta: 0:00:00  lr: 0.000003  loss: 0.1932  time: 0.5015  data: 0.0000  max mem: 4200
Train: data epoch: [27] Total time: 0:00:20 (0.5573 s / it)
2026-08-20 19:38:03,683 [INFO] Qual: EPOCH[27] -> PLCC: 0.865733, SROCC: 0.783878, KROCC: 0.597424, LOSS: 0.255585
2026-08-20 19:38:03,683 [INFO] Align: EPOCH[27] -> PLCC: 0.770986, SROCC: 0.640860, KROCC: 0.466154, LOSS: 0.403502
2026-08-20 19:38:03,684 [INFO] Start training
2026-08-20 19:38:04,038 [INFO] Start training epoch 28, 37 iters per inner epoch.
2026-08-20 19:38:23,922 [INFO] Averaged stats: lr: 0.000002  loss: 0.210563
2026-08-20 19:38:24,062 [INFO] Evaluating on val.
Train: data epoch: [28]  [ 0/37]  eta: 0:02:14  lr: 0.000002  loss: 0.1828  time: 3.6484  data: 0.0001  max mem: 4200
Train: data epoch: [28]  [20/37]  eta: 0:00:10  lr: 0.000002  loss: 0.2701  time: 0.4634  data: 0.0000  max mem: 4200
Train: data epoch: [28]  [36/37]  eta: 0:00:00  lr: 0.000002  loss: 0.2008  time: 0.3973  data: 0.0000  max mem: 4200
Train: data epoch: [28] Total time: 0:00:19 (0.5374 s / it)
2026-08-20 19:38:32,947 [INFO] Qual: EPOCH[28] -> PLCC: 0.865727, SROCC: 0.783826, KROCC: 0.597357, LOSS: 0.255246
2026-08-20 19:38:32,948 [INFO] Align: EPOCH[28] -> PLCC: 0.770984, SROCC: 0.640928, KROCC: 0.466244, LOSS: 0.403406
2026-08-20 19:38:32,948 [INFO] Start training
2026-08-20 19:38:33,274 [INFO] Start training epoch 29, 37 iters per inner epoch.
2026-08-20 19:38:52,247 [INFO] Averaged stats: lr: 0.000001  loss: 0.205084
2026-08-20 19:38:52,531 [INFO] Evaluating on val.
Train: data epoch: [29]  [ 0/37]  eta: 0:01:32  lr: 0.000001  loss: 0.1872  time: 2.4990  data: 0.0001  max mem: 4200
Train: data epoch: [29]  [20/37]  eta: 0:00:10  lr: 0.000001  loss: 0.2250  time: 0.5352  data: 0.0000  max mem: 4200
Train: data epoch: [29]  [36/37]  eta: 0:00:00  lr: 0.000001  loss: 0.2542  time: 0.4061  data: 0.0000  max mem: 4200
Train: data epoch: [29] Total time: 0:00:18 (0.5128 s / it)
2026-08-20 19:39:02,406 [INFO] Qual: EPOCH[29] -> PLCC: 0.865753, SROCC: 0.783836, KROCC: 0.597424, LOSS: 0.255146
2026-08-20 19:39:02,406 [INFO] Align: EPOCH[29] -> PLCC: 0.770967, SROCC: 0.640923, KROCC: 0.466221, LOSS: 0.403166
2026-08-20 19:39:02,415 [INFO] Saving checkpoint at epoch 29 to run/20260820192_B0_frozen/checkpoint_latest.pth.
[{'agg_metrics': np.float64(4.130451511500778), 'qual_agg': np.float64(2.248563846469734), 'qual_PLCC': np.float64(0.8656136620576835), 'qual_SROCC': np.float64(0.7846963837505879), 'qual_KROCC': np.float64(0.5982538006614627), 'align_agg': np.float64(1.8818876650310437), 'align_PLCC': np.float64(0.7698387473225387), 'align_SROCC': np.float64(0.6436870519368578), 'align_KROCC': np.float64(0.46836186577164723)}]
{'agg_metrics': np.float64(4.130451511500778), 'qual_agg': np.float64(2.248563846469734), 'qual_PLCC': np.float64(0.8656136620576835), 'qual_SROCC': np.float64(0.7846963837505879), 'qual_KROCC': np.float64(0.5982538006614627), 'align_agg': np.float64(1.8818876650310437), 'align_PLCC': np.float64(0.7698387473225387), 'align_SROCC': np.float64(0.6436870519368578), 'align_KROCC': np.float64(0.46836186577164723)}
