2026-08-20 12:52:51,197 [INFO] Start training
2026-08-20 12:52:51,441 [INFO] number of trainable parameters: 40617570
Not using distributed mode
['msqr_baseline', 'msqr_shcmi_taf']
Position interpolate from 7x7 to 16x16
Freezing <class 'clip.model.Transformer'> ...
Freezing <class 'torch.nn.modules.sparse.Embedding'> ...
Freezing <class 'clip.model.LayerNorm'> ...
Freezing <class 'torch.nn.parameter.Parameter'> ...
Freezing <class 'torch.nn.parameter.Parameter'> ...
2026-08-20 12:52:51,759 [INFO] Start training epoch 0, 49 iters per inner epoch.
2026-08-20 12:53:16,569 [INFO] Averaged stats: lr: 0.000005  loss: 3.582956
2026-08-20 12:53:16,659 [INFO] Evaluating on val.
Train: data epoch: [0]  [ 0/49]  eta: 0:04:36  lr: 0.000000  loss: 7.2354  time: 5.6455  data: 0.0001  max mem: 13419
Train: data epoch: [0]  [20/49]  eta: 0:00:18  lr: 0.000004  loss: 3.8044  time: 0.4009  data: 0.0000  max mem: 13732
Train: data epoch: [0]  [40/49]  eta: 0:00:04  lr: 0.000008  loss: 0.8755  time: 0.3975  data: 0.0000  max mem: 13732
Train: data epoch: [0]  [48/49]  eta: 0:00:00  lr: 0.000010  loss: 1.2542  time: 0.3988  data: 0.0000  max mem: 13732
Train: data epoch: [0] Total time: 0:00:24 (0.5063 s / it)
2026-08-20 12:53:20,840 [INFO] Qual: EPOCH[0] -> PLCC: 0.576764, SROCC: 0.551471, KROCC: 0.374856, LOSS: 0.825432
2026-08-20 12:53:20,840 [INFO] Align: EPOCH[0] -> PLCC: 0.460544, SROCC: 0.425038, KROCC: 0.284579, LOSS: 0.927866
2026-08-20 12:53:20,849 [INFO] Saving checkpoint at epoch 0 to run/20260820125_B0_baseline_quick20_bs48/checkpoint_best.pth.
2026-08-20 12:53:21,375 [INFO] Start training
2026-08-20 12:53:21,698 [INFO] Start training epoch 1, 49 iters per inner epoch.
2026-08-20 12:53:42,132 [INFO] Averaged stats: lr: 0.000010  loss: 0.452648
2026-08-20 12:53:42,233 [INFO] Evaluating on val.
Train: data epoch: [1]  [ 0/49]  eta: 0:00:59  lr: 0.000010  loss: 0.8159  time: 1.2241  data: 0.0001  max mem: 13732
Train: data epoch: [1]  [20/49]  eta: 0:00:12  lr: 0.000010  loss: 0.4980  time: 0.4046  data: 0.0000  max mem: 13732
Train: data epoch: [1]  [40/49]  eta: 0:00:03  lr: 0.000010  loss: 0.2860  time: 0.3959  data: 0.0000  max mem: 13732
Train: data epoch: [1]  [48/49]  eta: 0:00:00  lr: 0.000010  loss: 0.3805  time: 0.3972  data: 0.0000  max mem: 13732
Train: data epoch: [1] Total time: 0:00:20 (0.4170 s / it)
2026-08-20 12:53:46,369 [INFO] Qual: EPOCH[1] -> PLCC: 0.840764, SROCC: 0.782956, KROCC: 0.587122, LOSS: 0.410505
2026-08-20 12:53:46,369 [INFO] Align: EPOCH[1] -> PLCC: 0.777930, SROCC: 0.636116, KROCC: 0.456713, LOSS: 0.489078
2026-08-20 12:53:46,380 [INFO] Saving checkpoint at epoch 1 to run/20260820125_B0_baseline_quick20_bs48/checkpoint_best.pth.
2026-08-20 12:53:47,323 [INFO] Start training
2026-08-20 12:53:47,661 [INFO] Start training epoch 2, 49 iters per inner epoch.
2026-08-20 12:54:08,334 [INFO] Averaged stats: lr: 0.000010  loss: 0.263839
2026-08-20 12:54:08,447 [INFO] Evaluating on val.
Train: data epoch: [2]  [ 0/49]  eta: 0:01:15  lr: 0.000010  loss: 0.3719  time: 1.5404  data: 0.0001  max mem: 13732
Train: data epoch: [2]  [20/49]  eta: 0:00:13  lr: 0.000010  loss: 0.3171  time: 0.3988  data: 0.0000  max mem: 13732
Train: data epoch: [2]  [40/49]  eta: 0:00:03  lr: 0.000010  loss: 0.2141  time: 0.3985  data: 0.0000  max mem: 13732
Train: data epoch: [2]  [48/49]  eta: 0:00:00  lr: 0.000010  loss: 0.2158  time: 0.3988  data: 0.0000  max mem: 13732
Train: data epoch: [2] Total time: 0:00:20 (0.4219 s / it)
2026-08-20 12:54:13,014 [INFO] Qual: EPOCH[2] -> PLCC: 0.852798, SROCC: 0.788945, KROCC: 0.594852, LOSS: 0.275837
2026-08-20 12:54:13,015 [INFO] Align: EPOCH[2] -> PLCC: 0.799090, SROCC: 0.657838, KROCC: 0.476316, LOSS: 0.345466
2026-08-20 12:54:13,023 [INFO] Saving checkpoint at epoch 2 to run/20260820125_B0_baseline_quick20_bs48/checkpoint_best.pth.
2026-08-20 12:54:14,000 [INFO] Start training
2026-08-20 12:54:14,313 [INFO] Start training epoch 3, 49 iters per inner epoch.
2026-08-20 12:54:34,873 [INFO] Averaged stats: lr: 0.000010  loss: 0.210620
2026-08-20 12:54:34,983 [INFO] Evaluating on val.
Train: data epoch: [3]  [ 0/49]  eta: 0:01:11  lr: 0.000010  loss: 0.2555  time: 1.4527  data: 0.0001  max mem: 13732
Train: data epoch: [3]  [20/49]  eta: 0:00:13  lr: 0.000010  loss: 0.1741  time: 0.3998  data: 0.0000  max mem: 13732
Train: data epoch: [3]  [40/49]  eta: 0:00:03  lr: 0.000010  loss: 0.2170  time: 0.3974  data: 0.0000  max mem: 13732
Train: data epoch: [3]  [48/49]  eta: 0:00:00  lr: 0.000010  loss: 0.1777  time: 0.3959  data: 0.0000  max mem: 13732
Train: data epoch: [3] Total time: 0:00:20 (0.4196 s / it)
2026-08-20 12:54:39,296 [INFO] Qual: EPOCH[3] -> PLCC: 0.852624, SROCC: 0.793196, KROCC: 0.601934, LOSS: 0.339602
2026-08-20 12:54:39,296 [INFO] Align: EPOCH[3] -> PLCC: 0.811433, SROCC: 0.676263, KROCC: 0.493720, LOSS: 0.393087
2026-08-20 12:54:39,307 [INFO] Saving checkpoint at epoch 3 to run/20260820125_B0_baseline_quick20_bs48/checkpoint_best.pth.
2026-08-20 12:54:40,378 [INFO] Start training
2026-08-20 12:54:40,740 [INFO] Start training epoch 4, 49 iters per inner epoch.
2026-08-20 12:55:01,941 [INFO] Averaged stats: lr: 0.000009  loss: 0.177462
2026-08-20 12:55:02,036 [INFO] Evaluating on val.
Train: data epoch: [4]  [ 0/49]  eta: 0:01:38  lr: 0.000009  loss: 0.1714  time: 2.0072  data: 0.0001  max mem: 13732
Train: data epoch: [4]  [20/49]  eta: 0:00:13  lr: 0.000009  loss: 0.2443  time: 0.4008  data: 0.0000  max mem: 13732
Train: data epoch: [4]  [40/49]  eta: 0:00:03  lr: 0.000009  loss: 0.1767  time: 0.3995  data: 0.0000  max mem: 13732
Train: data epoch: [4]  [48/49]  eta: 0:00:00  lr: 0.000009  loss: 0.1188  time: 0.3988  data: 0.0000  max mem: 13732
Train: data epoch: [4] Total time: 0:00:21 (0.4327 s / it)
2026-08-20 12:55:06,558 [INFO] Qual: EPOCH[4] -> PLCC: 0.863222, SROCC: 0.800232, KROCC: 0.609653, LOSS: 0.252896
2026-08-20 12:55:06,558 [INFO] Align: EPOCH[4] -> PLCC: 0.822511, SROCC: 0.690081, KROCC: 0.508554, LOSS: 0.317099
2026-08-20 12:55:06,569 [INFO] Saving checkpoint at epoch 4 to run/20260820125_B0_baseline_quick20_bs48/checkpoint_best.pth.
2026-08-20 12:55:07,227 [INFO] Start training
2026-08-20 12:55:07,551 [INFO] Start training epoch 5, 49 iters per inner epoch.
2026-08-20 12:55:28,524 [INFO] Averaged stats: lr: 0.000009  loss: 0.154812
2026-08-20 12:55:28,636 [INFO] Evaluating on val.
Train: data epoch: [5]  [ 0/49]  eta: 0:01:28  lr: 0.000009  loss: 0.1439  time: 1.8123  data: 0.0001  max mem: 13732
Train: data epoch: [5]  [20/49]  eta: 0:00:13  lr: 0.000009  loss: 0.1476  time: 0.3997  data: 0.0000  max mem: 13732
Train: data epoch: [5]  [40/49]  eta: 0:00:03  lr: 0.000009  loss: 0.1479  time: 0.3987  data: 0.0000  max mem: 13732
Train: data epoch: [5]  [48/49]  eta: 0:00:00  lr: 0.000009  loss: 0.2546  time: 0.3983  data: 0.0000  max mem: 13732
Train: data epoch: [5] Total time: 0:00:20 (0.4280 s / it)
2026-08-20 12:55:33,144 [INFO] Qual: EPOCH[5] -> PLCC: 0.868088, SROCC: 0.806031, KROCC: 0.616948, LOSS: 0.241157
2026-08-20 12:55:33,145 [INFO] Align: EPOCH[5] -> PLCC: 0.827020, SROCC: 0.695293, KROCC: 0.511905, LOSS: 0.303305
2026-08-20 12:55:33,155 [INFO] Saving checkpoint at epoch 5 to run/20260820125_B0_baseline_quick20_bs48/checkpoint_best.pth.
2026-08-20 12:55:34,253 [INFO] Start training
2026-08-20 12:55:34,609 [INFO] Start training epoch 6, 49 iters per inner epoch.
2026-08-20 12:55:55,365 [INFO] Averaged stats: lr: 0.000008  loss: 0.133316
2026-08-20 12:55:55,459 [INFO] Evaluating on val.
Train: data epoch: [6]  [ 0/49]  eta: 0:01:19  lr: 0.000008  loss: 0.1512  time: 1.6252  data: 0.0001  max mem: 13732
Train: data epoch: [6]  [20/49]  eta: 0:00:13  lr: 0.000008  loss: 0.1152  time: 0.3990  data: 0.0000  max mem: 13732
Train: data epoch: [6]  [40/49]  eta: 0:00:03  lr: 0.000008  loss: 0.1332  time: 0.3980  data: 0.0000  max mem: 13732
Train: data epoch: [6]  [48/49]  eta: 0:00:00  lr: 0.000008  loss: 0.1187  time: 0.3981  data: 0.0000  max mem: 13732
Train: data epoch: [6] Total time: 0:00:20 (0.4236 s / it)
2026-08-20 12:55:59,705 [INFO] Qual: EPOCH[6] -> PLCC: 0.871496, SROCC: 0.808005, KROCC: 0.620377, LOSS: 0.274165
2026-08-20 12:55:59,706 [INFO] Align: EPOCH[6] -> PLCC: 0.826608, SROCC: 0.683937, KROCC: 0.500824, LOSS: 0.375131
2026-08-20 12:55:59,716 [INFO] Saving checkpoint at epoch 6 to run/20260820125_B0_baseline_quick20_bs48/checkpoint_best.pth.
2026-08-20 12:56:00,794 [INFO] Start training
2026-08-20 12:56:01,162 [INFO] Start training epoch 7, 49 iters per inner epoch.
2026-08-20 12:56:21,954 [INFO] Averaged stats: lr: 0.000008  loss: 0.119132
2026-08-20 12:56:22,070 [INFO] Evaluating on val.
Train: data epoch: [7]  [ 0/49]  eta: 0:01:17  lr: 0.000008  loss: 0.1194  time: 1.5900  data: 0.0001  max mem: 13732
Train: data epoch: [7]  [20/49]  eta: 0:00:13  lr: 0.000008  loss: 0.0927  time: 0.4021  data: 0.0000  max mem: 13732
Train: data epoch: [7]  [40/49]  eta: 0:00:03  lr: 0.000008  loss: 0.1281  time: 0.3986  data: 0.0000  max mem: 13732
Train: data epoch: [7]  [48/49]  eta: 0:00:00  lr: 0.000008  loss: 0.1256  time: 0.3981  data: 0.0000  max mem: 13732
Train: data epoch: [7] Total time: 0:00:20 (0.4243 s / it)
2026-08-20 12:56:26,302 [INFO] Qual: EPOCH[7] -> PLCC: 0.859079, SROCC: 0.793850, KROCC: 0.607229, LOSS: 0.366810
2026-08-20 12:56:26,302 [INFO] Align: EPOCH[7] -> PLCC: 0.812686, SROCC: 0.667798, KROCC: 0.487263, LOSS: 0.438611
2026-08-20 12:56:26,303 [INFO] Start training
2026-08-20 12:56:26,626 [INFO] Start training epoch 8, 49 iters per inner epoch.
2026-08-20 12:56:47,429 [INFO] Averaged stats: lr: 0.000007  loss: 0.106035
2026-08-20 12:56:47,533 [INFO] Evaluating on val.
Train: data epoch: [8]  [ 0/49]  eta: 0:01:20  lr: 0.000007  loss: 0.1122  time: 1.6384  data: 0.0001  max mem: 13732
Train: data epoch: [8]  [20/49]  eta: 0:00:13  lr: 0.000007  loss: 0.1046  time: 0.4002  data: 0.0000  max mem: 13732
Train: data epoch: [8]  [40/49]  eta: 0:00:03  lr: 0.000007  loss: 0.1111  time: 0.3984  data: 0.0000  max mem: 13732
Train: data epoch: [8]  [48/49]  eta: 0:00:00  lr: 0.000007  loss: 0.1206  time: 0.3984  data: 0.0000  max mem: 13732
Train: data epoch: [8] Total time: 0:00:20 (0.4245 s / it)
2026-08-20 12:56:51,816 [INFO] Qual: EPOCH[8] -> PLCC: 0.868171, SROCC: 0.815847, KROCC: 0.630017, LOSS: 0.279953
2026-08-20 12:56:51,816 [INFO] Align: EPOCH[8] -> PLCC: 0.818119, SROCC: 0.680775, KROCC: 0.499997, LOSS: 0.415867
2026-08-20 12:56:51,827 [INFO] Saving checkpoint at epoch 8 to run/20260820125_B0_baseline_quick20_bs48/checkpoint_best.pth.
2026-08-20 12:56:52,936 [INFO] Start training
2026-08-20 12:56:53,273 [INFO] Start training epoch 9, 49 iters per inner epoch.
2026-08-20 12:57:14,458 [INFO] Averaged stats: lr: 0.000006  loss: 0.100205
2026-08-20 12:57:14,558 [INFO] Evaluating on val.
Train: data epoch: [9]  [ 0/49]  eta: 0:01:38  lr: 0.000006  loss: 0.0725  time: 2.0041  data: 0.0001  max mem: 13732
Train: data epoch: [9]  [20/49]  eta: 0:00:13  lr: 0.000006  loss: 0.1458  time: 0.4009  data: 0.0000  max mem: 13732
Train: data epoch: [9]  [40/49]  eta: 0:00:03  lr: 0.000006  loss: 0.1024  time: 0.3987  data: 0.0000  max mem: 13732
Train: data epoch: [9]  [48/49]  eta: 0:00:00  lr: 0.000006  loss: 0.1170  time: 0.3986  data: 0.0000  max mem: 13732
Train: data epoch: [9] Total time: 0:00:21 (0.4323 s / it)
2026-08-20 12:57:18,907 [INFO] Qual: EPOCH[9] -> PLCC: 0.872669, SROCC: 0.809842, KROCC: 0.622902, LOSS: 0.292701
2026-08-20 12:57:18,907 [INFO] Align: EPOCH[9] -> PLCC: 0.815911, SROCC: 0.674855, KROCC: 0.494803, LOSS: 0.320005
2026-08-20 12:57:18,908 [INFO] Start training
2026-08-20 12:57:19,232 [INFO] Start training epoch 10, 49 iters per inner epoch.
2026-08-20 12:57:39,949 [INFO] Averaged stats: lr: 0.000006  loss: 0.083186
2026-08-20 12:57:40,062 [INFO] Evaluating on val.
Train: data epoch: [10]  [ 0/49]  eta: 0:01:15  lr: 0.000005  loss: 0.0871  time: 1.5390  data: 0.0001  max mem: 13732
Train: data epoch: [10]  [20/49]  eta: 0:00:13  lr: 0.000005  loss: 0.0762  time: 0.3993  data: 0.0000  max mem: 13732
Train: data epoch: [10]  [40/49]  eta: 0:00:03  lr: 0.000005  loss: 0.0890  time: 0.3991  data: 0.0000  max mem: 13732
Train: data epoch: [10]  [48/49]  eta: 0:00:00  lr: 0.000005  loss: 0.0977  time: 0.4000  data: 0.0000  max mem: 13732
Train: data epoch: [10] Total time: 0:00:20 (0.4228 s / it)
2026-08-20 12:57:44,396 [INFO] Qual: EPOCH[10] -> PLCC: 0.867248, SROCC: 0.802407, KROCC: 0.616657, LOSS: 0.306986
2026-08-20 12:57:44,396 [INFO] Align: EPOCH[10] -> PLCC: 0.812891, SROCC: 0.674765, KROCC: 0.493329, LOSS: 0.349875
2026-08-20 12:57:44,407 [INFO] Saving checkpoint at epoch 10 to run/20260820125_B0_baseline_quick20_bs48/checkpoint_latest.pth.
2026-08-20 12:57:45,015 [INFO] Start training
2026-08-20 12:57:45,316 [INFO] Start training epoch 11, 49 iters per inner epoch.
2026-08-20 12:58:05,791 [INFO] Averaged stats: lr: 0.000005  loss: 0.084344
2026-08-20 12:58:05,912 [INFO] Evaluating on val.
Train: data epoch: [11]  [ 0/49]  eta: 0:01:04  lr: 0.000005  loss: 0.0580  time: 1.3261  data: 0.0001  max mem: 13732
Train: data epoch: [11]  [20/49]  eta: 0:00:12  lr: 0.000005  loss: 0.0639  time: 0.3989  data: 0.0000  max mem: 13732
Train: data epoch: [11]  [40/49]  eta: 0:00:03  lr: 0.000005  loss: 0.0828  time: 0.3990  data: 0.0000  max mem: 13732
Train: data epoch: [11]  [48/49]  eta: 0:00:00  lr: 0.000005  loss: 0.0939  time: 0.3985  data: 0.0000  max mem: 13732
Train: data epoch: [11] Total time: 0:00:20 (0.4178 s / it)
2026-08-20 12:58:10,551 [INFO] Qual: EPOCH[11] -> PLCC: 0.874409, SROCC: 0.813206, KROCC: 0.628722, LOSS: 0.239909
2026-08-20 12:58:10,551 [INFO] Align: EPOCH[11] -> PLCC: 0.811202, SROCC: 0.666050, KROCC: 0.486515, LOSS: 0.339097
2026-08-20 12:58:10,562 [INFO] Saving checkpoint at epoch 11 to run/20260820125_B0_baseline_quick20_bs48/checkpoint_best.pth.
2026-08-20 12:58:11,656 [INFO] Start training
2026-08-20 12:58:12,014 [INFO] Start training epoch 12, 49 iters per inner epoch.
2026-08-20 12:58:32,588 [INFO] Averaged stats: lr: 0.000004  loss: 0.068503
2026-08-20 12:58:32,701 [INFO] Evaluating on val.
Train: data epoch: [12]  [ 0/49]  eta: 0:01:10  lr: 0.000004  loss: 0.0607  time: 1.4391  data: 0.0001  max mem: 13732
Train: data epoch: [12]  [20/49]  eta: 0:00:13  lr: 0.000004  loss: 0.0869  time: 0.3991  data: 0.0000  max mem: 13732
Train: data epoch: [12]  [40/49]  eta: 0:00:03  lr: 0.000004  loss: 0.1227  time: 0.3983  data: 0.0000  max mem: 13732
Train: data epoch: [12]  [48/49]  eta: 0:00:00  lr: 0.000004  loss: 0.0665  time: 0.3982  data: 0.0000  max mem: 13732
Train: data epoch: [12] Total time: 0:00:20 (0.4199 s / it)
2026-08-20 12:58:37,107 [INFO] Qual: EPOCH[12] -> PLCC: 0.874358, SROCC: 0.817758, KROCC: 0.632631, LOSS: 0.238909
2026-08-20 12:58:37,108 [INFO] Align: EPOCH[12] -> PLCC: 0.810683, SROCC: 0.675102, KROCC: 0.495697, LOSS: 0.333045
2026-08-20 12:58:37,119 [INFO] Saving checkpoint at epoch 12 to run/20260820125_B0_baseline_quick20_bs48/checkpoint_best.pth.
2026-08-20 12:58:38,133 [INFO] Start training
2026-08-20 12:58:38,494 [INFO] Start training epoch 13, 49 iters per inner epoch.
2026-08-20 12:58:59,403 [INFO] Averaged stats: lr: 0.000003  loss: 0.060134
2026-08-20 12:58:59,524 [INFO] Evaluating on val.
Train: data epoch: [13]  [ 0/49]  eta: 0:01:26  lr: 0.000003  loss: 0.0523  time: 1.7669  data: 0.0001  max mem: 13732
Train: data epoch: [13]  [20/49]  eta: 0:00:13  lr: 0.000003  loss: 0.0905  time: 0.3997  data: 0.0000  max mem: 13732
Train: data epoch: [13]  [40/49]  eta: 0:00:03  lr: 0.000003  loss: 0.0595  time: 0.3981  data: 0.0000  max mem: 13732
Train: data epoch: [13]  [48/49]  eta: 0:00:00  lr: 0.000003  loss: 0.0596  time: 0.3978  data: 0.0000  max mem: 13732
Train: data epoch: [13] Total time: 0:00:20 (0.4267 s / it)
2026-08-20 12:59:04,144 [INFO] Qual: EPOCH[13] -> PLCC: 0.873194, SROCC: 0.817320, KROCC: 0.633302, LOSS: 0.252264
2026-08-20 12:59:04,144 [INFO] Align: EPOCH[13] -> PLCC: 0.812363, SROCC: 0.673805, KROCC: 0.494937, LOSS: 0.367002
2026-08-20 12:59:04,145 [INFO] Start training
2026-08-20 12:59:04,470 [INFO] Start training epoch 14, 49 iters per inner epoch.
2026-08-20 12:59:25,199 [INFO] Averaged stats: lr: 0.000003  loss: 0.058381
2026-08-20 12:59:25,306 [INFO] Evaluating on val.
Train: data epoch: [14]  [ 0/49]  eta: 0:01:16  lr: 0.000003  loss: 0.0614  time: 1.5614  data: 0.0001  max mem: 13732
Train: data epoch: [14]  [20/49]  eta: 0:00:13  lr: 0.000003  loss: 0.0412  time: 0.3992  data: 0.0000  max mem: 13732
Train: data epoch: [14]  [40/49]  eta: 0:00:03  lr: 0.000003  loss: 0.0547  time: 0.3989  data: 0.0000  max mem: 13732
Train: data epoch: [14]  [48/49]  eta: 0:00:00  lr: 0.000003  loss: 0.0510  time: 0.3997  data: 0.0000  max mem: 13732
Train: data epoch: [14] Total time: 0:00:20 (0.4230 s / it)
2026-08-20 12:59:29,756 [INFO] Qual: EPOCH[14] -> PLCC: 0.869678, SROCC: 0.809547, KROCC: 0.624778, LOSS: 0.259912
2026-08-20 12:59:29,756 [INFO] Align: EPOCH[14] -> PLCC: 0.810154, SROCC: 0.670235, KROCC: 0.491530, LOSS: 0.355164
2026-08-20 12:59:29,757 [INFO] Start training
2026-08-20 12:59:30,096 [INFO] Start training epoch 15, 49 iters per inner epoch.
2026-08-20 12:59:50,751 [INFO] Averaged stats: lr: 0.000002  loss: 0.053619
2026-08-20 12:59:50,859 [INFO] Evaluating on val.
Train: data epoch: [15]  [ 0/49]  eta: 0:00:58  lr: 0.000002  loss: 0.0733  time: 1.2011  data: 0.0001  max mem: 13732
Train: data epoch: [15]  [20/49]  eta: 0:00:13  lr: 0.000002  loss: 0.0471  time: 0.4139  data: 0.0000  max mem: 13732
Train: data epoch: [15]  [40/49]  eta: 0:00:03  lr: 0.000002  loss: 0.0626  time: 0.3988  data: 0.0000  max mem: 13732
Train: data epoch: [15]  [48/49]  eta: 0:00:00  lr: 0.000002  loss: 0.0396  time: 0.3994  data: 0.0000  max mem: 13732
Train: data epoch: [15] Total time: 0:00:20 (0.4215 s / it)
2026-08-20 12:59:55,121 [INFO] Qual: EPOCH[15] -> PLCC: 0.872774, SROCC: 0.814745, KROCC: 0.628923, LOSS: 0.242174
2026-08-20 12:59:55,121 [INFO] Align: EPOCH[15] -> PLCC: 0.810578, SROCC: 0.665304, KROCC: 0.486671, LOSS: 0.344874
2026-08-20 12:59:55,130 [INFO] Saving checkpoint at epoch 15 to run/20260820125_B0_baseline_quick20_bs48/checkpoint_latest.pth.
2026-08-20 12:59:55,649 [INFO] Start training
2026-08-20 12:59:55,941 [INFO] Start training epoch 16, 49 iters per inner epoch.
2026-08-20 13:00:17,047 [INFO] Averaged stats: lr: 0.000002  loss: 0.047548
2026-08-20 13:00:17,173 [INFO] Evaluating on val.
Train: data epoch: [16]  [ 0/49]  eta: 0:01:35  lr: 0.000002  loss: 0.0420  time: 1.9584  data: 0.0001  max mem: 13732
Train: data epoch: [16]  [20/49]  eta: 0:00:13  lr: 0.000002  loss: 0.0416  time: 0.3988  data: 0.0000  max mem: 13732
Train: data epoch: [16]  [40/49]  eta: 0:00:03  lr: 0.000002  loss: 0.0304  time: 0.3989  data: 0.0000  max mem: 13732
Train: data epoch: [16]  [48/49]  eta: 0:00:00  lr: 0.000002  loss: 0.0514  time: 0.3987  data: 0.0000  max mem: 13732
Train: data epoch: [16] Total time: 0:00:21 (0.4307 s / it)
2026-08-20 13:00:21,742 [INFO] Qual: EPOCH[16] -> PLCC: 0.873720, SROCC: 0.815245, KROCC: 0.630341, LOSS: 0.236467
2026-08-20 13:00:21,742 [INFO] Align: EPOCH[16] -> PLCC: 0.809757, SROCC: 0.669517, KROCC: 0.489564, LOSS: 0.342129
2026-08-20 13:00:21,743 [INFO] Start training
2026-08-20 13:00:22,165 [INFO] Start training epoch 17, 49 iters per inner epoch.
2026-08-20 13:00:44,171 [INFO] Averaged stats: lr: 0.000001  loss: 0.043385
2026-08-20 13:00:44,279 [INFO] Evaluating on val.
Train: data epoch: [17]  [ 0/49]  eta: 0:01:16  lr: 0.000001  loss: 0.0369  time: 1.5561  data: 0.0001  max mem: 13732
Train: data epoch: [17]  [20/49]  eta: 0:00:13  lr: 0.000001  loss: 0.0360  time: 0.4229  data: 0.0000  max mem: 13732
Train: data epoch: [17]  [40/49]  eta: 0:00:04  lr: 0.000001  loss: 0.0383  time: 0.4278  data: 0.0000  max mem: 13732
Train: data epoch: [17]  [48/49]  eta: 0:00:00  lr: 0.000001  loss: 0.0364  time: 0.4266  data: 0.0000  max mem: 13732
Train: data epoch: [17] Total time: 0:00:22 (0.4491 s / it)
2026-08-20 13:00:50,116 [INFO] Qual: EPOCH[17] -> PLCC: 0.871713, SROCC: 0.812955, KROCC: 0.627560, LOSS: 0.244301
2026-08-20 13:00:50,116 [INFO] Align: EPOCH[17] -> PLCC: 0.806330, SROCC: 0.667295, KROCC: 0.488235, LOSS: 0.346254
2026-08-20 13:00:50,118 [INFO] Start training
2026-08-20 13:00:50,719 [INFO] Start training epoch 18, 49 iters per inner epoch.
2026-08-20 13:01:13,549 [INFO] Averaged stats: lr: 0.000001  loss: 0.038949
2026-08-20 13:01:13,684 [INFO] Evaluating on val.
Train: data epoch: [18]  [ 0/49]  eta: 0:02:17  lr: 0.000001  loss: 0.0453  time: 2.8003  data: 0.0002  max mem: 13732
Train: data epoch: [18]  [20/49]  eta: 0:00:15  lr: 0.000001  loss: 0.0410  time: 0.4312  data: 0.0000  max mem: 13732
Train: data epoch: [18]  [40/49]  eta: 0:00:04  lr: 0.000001  loss: 0.0323  time: 0.4101  data: 0.0000  max mem: 13732
Train: data epoch: [18]  [48/49]  eta: 0:00:00  lr: 0.000001  loss: 0.0392  time: 0.4027  data: 0.0000  max mem: 13732
Train: data epoch: [18] Total time: 0:00:22 (0.4659 s / it)
2026-08-20 13:01:18,230 [INFO] Qual: EPOCH[18] -> PLCC: 0.870632, SROCC: 0.813588, KROCC: 0.628387, LOSS: 0.250767
2026-08-20 13:01:18,230 [INFO] Align: EPOCH[18] -> PLCC: 0.804944, SROCC: 0.664174, KROCC: 0.485320, LOSS: 0.361936
2026-08-20 13:01:18,231 [INFO] Start training
2026-08-20 13:01:18,548 [INFO] Start training epoch 19, 49 iters per inner epoch.
2026-08-20 13:01:39,612 [INFO] Averaged stats: lr: 0.000001  loss: 0.040153
2026-08-20 13:01:39,737 [INFO] Evaluating on val.
Train: data epoch: [19]  [ 0/49]  eta: 0:01:32  lr: 0.000001  loss: 0.0434  time: 1.8779  data: 0.0001  max mem: 13732
Train: data epoch: [19]  [20/49]  eta: 0:00:13  lr: 0.000001  loss: 0.0393  time: 0.3999  data: 0.0000  max mem: 13732
Train: data epoch: [19]  [40/49]  eta: 0:00:03  lr: 0.000001  loss: 0.0396  time: 0.3993  data: 0.0000  max mem: 13732
Train: data epoch: [19]  [48/49]  eta: 0:00:00  lr: 0.000001  loss: 0.0285  time: 0.3996  data: 0.0000  max mem: 13732
Train: data epoch: [19] Total time: 0:00:21 (0.4299 s / it)
2026-08-20 13:01:44,205 [INFO] Qual: EPOCH[19] -> PLCC: 0.870297, SROCC: 0.810957, KROCC: 0.624745, LOSS: 0.248336
2026-08-20 13:01:44,205 [INFO] Align: EPOCH[19] -> PLCC: 0.805486, SROCC: 0.666329, KROCC: 0.487866, LOSS: 0.347742
2026-08-20 13:01:44,214 [INFO] Saving checkpoint at epoch 19 to run/20260820125_B0_baseline_quick20_bs48/checkpoint_latest.pth.
[{'agg_metrics': np.float64(4.306229270687858), 'qual_agg': np.float64(2.3247470977421427), 'qual_PLCC': np.float64(0.8743576529598348), 'qual_SROCC': np.float64(0.8177580607455962), 'qual_KROCC': np.float64(0.6326313840367117), 'align_agg': np.float64(1.9814821729457148), 'align_PLCC': np.float64(0.8106830006136703), 'align_SROCC': np.float64(0.6751024891342567), 'align_KROCC': np.float64(0.4956966831977879)}]
{'agg_metrics': np.float64(4.306229270687858), 'qual_agg': np.float64(2.3247470977421427), 'qual_PLCC': np.float64(0.8743576529598348), 'qual_SROCC': np.float64(0.8177580607455962), 'qual_KROCC': np.float64(0.6326313840367117), 'align_agg': np.float64(1.9814821729457148), 'align_PLCC': np.float64(0.8106830006136703), 'align_SROCC': np.float64(0.6751024891342567), 'align_KROCC': np.float64(0.4956966831977879)}
