2026-08-20 17:30:50,246 [INFO] Start training
2026-08-20 17:30:50,521 [INFO] number of trainable parameters: 5813513
Not using distributed mode
['msqr_baseline', 'msqr_shcmi']
Position interpolate from 7x7 to 16x16
Freezing <class 'clip.model.Transformer'> ...
Freezing <class 'torch.nn.modules.sparse.Embedding'> ...
Freezing <class 'clip.model.LayerNorm'> ...
Freezing <class 'torch.nn.parameter.Parameter'> ...
Freezing <class 'torch.nn.parameter.Parameter'> ...
2026-08-20 17:30:51,112 [INFO] Start training epoch 0, 37 iters per inner epoch.
2026-08-20 17:31:21,032 [INFO] Averaged stats: lr: 0.000036  loss: 6.390971
2026-08-20 17:31:21,147 [INFO] gates: {"epoch": 0, "shcmi_ratio": 0.0011, "lambda_shcmi": -0.0016, "eta": 0.0111, "alpha_f": 0.0113, "beta_f": 0.0085, "alpha_c": 0.0115, "beta_c": 0.0104, "scale_gate_mean": 0.541, "scale_gate_std": 0.0038}
2026-08-20 17:31:21,148 [INFO] Evaluating on val.
Train: data epoch: [0]  [ 0/37]  eta: 0:06:00  lr: 0.000000  loss: 7.4815  time: 9.7456  data: 0.0002  max mem: 2399
Train: data epoch: [0]  [20/37]  eta: 0:00:17  lr: 0.000040  loss: 7.2895  time: 0.6047  data: 0.0000  max mem: 2460
Train: data epoch: [0]  [36/37]  eta: 0:00:00  lr: 0.000072  loss: 4.3649  time: 0.5240  data: 0.0000  max mem: 2460
Train: data epoch: [0] Total time: 0:00:29 (0.8086 s / it)
2026-08-20 17:31:30,114 [INFO] Qual: EPOCH[0] -> PLCC: 0.005780, SROCC: -0.002015, KROCC: -0.001474, LOSS: 4.472457
2026-08-20 17:31:30,114 [INFO] Align: EPOCH[0] -> PLCC: 0.019883, SROCC: 0.014998, KROCC: 0.009818, LOSS: 4.315307
2026-08-20 17:31:30,134 [INFO] Saving checkpoint at epoch 0 to run/20260820173_B2_shcmi/checkpoint_best.pth.
2026-08-20 17:31:30,436 [INFO] Saving checkpoint at epoch 0 to run/20260820173_B2_shcmi/checkpoint_best_joint.pth.
2026-08-20 17:31:30,640 [INFO] Start training
2026-08-20 17:31:31,126 [INFO] Start training epoch 1, 37 iters per inner epoch.
2026-08-20 17:31:53,401 [INFO] Averaged stats: lr: 0.000100  loss: 1.520919
2026-08-20 17:31:53,730 [INFO] gates: {"epoch": 1, "shcmi_ratio": 0.0015, "lambda_shcmi": -0.0025, "eta": 0.0108, "alpha_f": 0.011, "beta_f": 0.0074, "alpha_c": 0.0112, "beta_c": 0.0101, "scale_gate_mean": 0.3311, "scale_gate_std": 0.0133}
2026-08-20 17:31:53,730 [INFO] Evaluating on val.
Train: data epoch: [1]  [ 0/37]  eta: 0:01:24  lr: 0.000100  loss: 3.8776  time: 2.2806  data: 0.0001  max mem: 4252
Train: data epoch: [1]  [20/37]  eta: 0:00:11  lr: 0.000100  loss: 1.0912  time: 0.5817  data: 0.0000  max mem: 4252
Train: data epoch: [1]  [36/37]  eta: 0:00:00  lr: 0.000100  loss: 0.8763  time: 0.5256  data: 0.0000  max mem: 4252
Train: data epoch: [1] Total time: 0:00:22 (0.6020 s / it)
2026-08-20 17:32:05,231 [INFO] Qual: EPOCH[1] -> PLCC: 0.070830, SROCC: 0.092278, KROCC: 0.062519, LOSS: 1.037953
2026-08-20 17:32:05,231 [INFO] Align: EPOCH[1] -> PLCC: 0.106426, SROCC: 0.108427, KROCC: 0.075294, LOSS: 0.982910
2026-08-20 17:32:05,242 [INFO] Saving checkpoint at epoch 1 to run/20260820173_B2_shcmi/checkpoint_best.pth.
2026-08-20 17:32:05,392 [INFO] Saving checkpoint at epoch 1 to run/20260820173_B2_shcmi/checkpoint_best_joint.pth.
2026-08-20 17:32:05,536 [INFO] Start training
2026-08-20 17:32:05,886 [INFO] Start training epoch 2, 37 iters per inner epoch.
2026-08-20 17:32:30,097 [INFO] Averaged stats: lr: 0.000099  loss: 0.943960
2026-08-20 17:32:30,201 [INFO] gates: {"epoch": 2, "shcmi_ratio": 0.0068, "lambda_shcmi": -0.0034, "eta": 0.0106, "alpha_f": 0.0108, "beta_f": 0.0073, "alpha_c": 0.0113, "beta_c": 0.0119, "scale_gate_mean": 0.0113, "scale_gate_std": 0.0254}
2026-08-20 17:32:30,202 [INFO] Evaluating on val.
Train: data epoch: [2]  [ 0/37]  eta: 0:02:27  lr: 0.000099  loss: 0.7472  time: 3.9889  data: 0.0001  max mem: 4252
Train: data epoch: [2]  [20/37]  eta: 0:00:12  lr: 0.000099  loss: 0.7808  time: 0.5798  data: 0.0000  max mem: 4252
Train: data epoch: [2]  [36/37]  eta: 0:00:00  lr: 0.000099  loss: 0.7277  time: 0.5550  data: 0.0000  max mem: 4252
Train: data epoch: [2] Total time: 0:00:24 (0.6543 s / it)
2026-08-20 17:32:40,711 [INFO] Qual: EPOCH[2] -> PLCC: 0.308061, SROCC: 0.349790, KROCC: 0.238276, LOSS: 0.893510
2026-08-20 17:32:40,711 [INFO] Align: EPOCH[2] -> PLCC: 0.291983, SROCC: 0.301451, KROCC: 0.205887, LOSS: 0.878691
2026-08-20 17:32:40,724 [INFO] Saving checkpoint at epoch 2 to run/20260820173_B2_shcmi/checkpoint_best.pth.
2026-08-20 17:32:40,876 [INFO] Saving checkpoint at epoch 2 to run/20260820173_B2_shcmi/checkpoint_best_joint.pth.
2026-08-20 17:32:41,016 [INFO] Start training
2026-08-20 17:32:41,327 [INFO] Start training epoch 3, 37 iters per inner epoch.
2026-08-20 17:33:06,413 [INFO] Averaged stats: lr: 0.000098  loss: 0.716278
2026-08-20 17:33:06,519 [INFO] gates: {"epoch": 3, "shcmi_ratio": 0.1431, "lambda_shcmi": -0.0091, "eta": 0.0126, "alpha_f": 0.0119, "beta_f": 0.0082, "alpha_c": 0.0168, "beta_c": 0.0198, "scale_gate_mean": 0.1384, "scale_gate_std": 0.3101}
2026-08-20 17:33:06,519 [INFO] Evaluating on val.
Train: data epoch: [3]  [ 0/37]  eta: 0:02:12  lr: 0.000098  loss: 0.9327  time: 3.5737  data: 0.0001  max mem: 4252
Train: data epoch: [3]  [20/37]  eta: 0:00:12  lr: 0.000098  loss: 0.5514  time: 0.6150  data: 0.0000  max mem: 4252
Train: data epoch: [3]  [36/37]  eta: 0:00:00  lr: 0.000098  loss: 0.3708  time: 0.5560  data: 0.0000  max mem: 4252
Train: data epoch: [3] Total time: 0:00:25 (0.6780 s / it)
2026-08-20 17:33:16,399 [INFO] Qual: EPOCH[3] -> PLCC: 0.787754, SROCC: 0.725370, KROCC: 0.532720, LOSS: 0.436200
2026-08-20 17:33:16,400 [INFO] Align: EPOCH[3] -> PLCC: 0.679994, SROCC: 0.607120, KROCC: 0.429404, LOSS: 0.568300
2026-08-20 17:33:16,412 [INFO] Saving checkpoint at epoch 3 to run/20260820173_B2_shcmi/checkpoint_best.pth.
2026-08-20 17:33:16,583 [INFO] Saving checkpoint at epoch 3 to run/20260820173_B2_shcmi/checkpoint_best_joint.pth.
2026-08-20 17:33:16,729 [INFO] Start training
2026-08-20 17:33:17,086 [INFO] Start training epoch 4, 37 iters per inner epoch.
2026-08-20 17:33:43,531 [INFO] Averaged stats: lr: 0.000096  loss: 0.353287
2026-08-20 17:33:43,663 [INFO] gates: {"epoch": 4, "shcmi_ratio": 0.4723, "lambda_shcmi": -0.0126, "eta": 0.0132, "alpha_f": 0.0123, "beta_f": 0.0102, "alpha_c": 0.0209, "beta_c": 0.0233, "scale_gate_mean": 0.1084, "scale_gate_std": 0.304}
2026-08-20 17:33:43,663 [INFO] Evaluating on val.
Train: data epoch: [4]  [ 0/37]  eta: 0:03:20  lr: 0.000096  loss: 0.4235  time: 5.4121  data: 0.0001  max mem: 4252
Train: data epoch: [4]  [20/37]  eta: 0:00:13  lr: 0.000096  loss: 0.3343  time: 0.5627  data: 0.0000  max mem: 4252
Train: data epoch: [4]  [36/37]  eta: 0:00:00  lr: 0.000096  loss: 0.2305  time: 0.5905  data: 0.0000  max mem: 4252
Train: data epoch: [4] Total time: 0:00:26 (0.7147 s / it)
2026-08-20 17:33:52,938 [INFO] Qual: EPOCH[4] -> PLCC: 0.864139, SROCC: 0.785639, KROCC: 0.594208, LOSS: 0.262377
2026-08-20 17:33:52,938 [INFO] Align: EPOCH[4] -> PLCC: 0.771137, SROCC: 0.652529, KROCC: 0.473966, LOSS: 0.386879
2026-08-20 17:33:52,949 [INFO] Saving checkpoint at epoch 4 to run/20260820173_B2_shcmi/checkpoint_best.pth.
2026-08-20 17:33:53,119 [INFO] Saving checkpoint at epoch 4 to run/20260820173_B2_shcmi/checkpoint_best_joint.pth.
2026-08-20 17:33:53,244 [INFO] Start training
2026-08-20 17:33:53,586 [INFO] Start training epoch 5, 37 iters per inner epoch.
2026-08-20 17:34:19,062 [INFO] Averaged stats: lr: 0.000093  loss: 0.289576
2026-08-20 17:34:19,177 [INFO] gates: {"epoch": 5, "shcmi_ratio": 0.4327, "lambda_shcmi": -0.013, "eta": 0.0131, "alpha_f": 0.0124, "beta_f": 0.0124, "alpha_c": 0.0214, "beta_c": 0.0241, "scale_gate_mean": 0.2542, "scale_gate_std": 0.4226}
2026-08-20 17:34:19,178 [INFO] Evaluating on val.
Train: data epoch: [5]  [ 0/37]  eta: 0:02:47  lr: 0.000093  loss: 0.2590  time: 4.5146  data: 0.0002  max mem: 4252
Train: data epoch: [5]  [20/37]  eta: 0:00:12  lr: 0.000093  loss: 0.2004  time: 0.5613  data: 0.0000  max mem: 4252
Train: data epoch: [5]  [36/37]  eta: 0:00:00  lr: 0.000093  loss: 0.2907  time: 0.6088  data: 0.0000  max mem: 4252
Train: data epoch: [5] Total time: 0:00:25 (0.6885 s / it)
2026-08-20 17:34:30,160 [INFO] Qual: EPOCH[5] -> PLCC: 0.874971, SROCC: 0.792892, KROCC: 0.601908, LOSS: 0.237313
2026-08-20 17:34:30,160 [INFO] Align: EPOCH[5] -> PLCC: 0.790789, SROCC: 0.659727, KROCC: 0.480085, LOSS: 0.356486
2026-08-20 17:34:30,174 [INFO] Saving checkpoint at epoch 5 to run/20260820173_B2_shcmi/checkpoint_best.pth.
2026-08-20 17:34:30,385 [INFO] Saving checkpoint at epoch 5 to run/20260820173_B2_shcmi/checkpoint_best_joint.pth.
2026-08-20 17:34:30,560 [INFO] Start training
2026-08-20 17:34:30,923 [INFO] Start training epoch 6, 37 iters per inner epoch.
2026-08-20 17:34:59,990 [INFO] Averaged stats: lr: 0.000091  loss: 0.264235
2026-08-20 17:35:00,150 [INFO] gates: {"epoch": 6, "shcmi_ratio": 0.41, "lambda_shcmi": -0.0132, "eta": 0.013, "alpha_f": 0.0124, "beta_f": 0.0156, "alpha_c": 0.0215, "beta_c": 0.0245, "scale_gate_mean": 0.2634, "scale_gate_std": 0.4255}
2026-08-20 17:35:00,151 [INFO] Evaluating on val.
Train: data epoch: [6]  [ 0/37]  eta: 0:05:02  lr: 0.000091  loss: 0.2008  time: 8.1846  data: 0.0001  max mem: 4252
Train: data epoch: [6]  [20/37]  eta: 0:00:16  lr: 0.000091  loss: 0.2378  time: 0.6105  data: 0.0000  max mem: 4252
Train: data epoch: [6]  [36/37]  eta: 0:00:00  lr: 0.000091  loss: 0.3105  time: 0.5559  data: 0.0000  max mem: 4252
Train: data epoch: [6] Total time: 0:00:29 (0.7856 s / it)
2026-08-20 17:35:09,054 [INFO] Qual: EPOCH[6] -> PLCC: 0.877193, SROCC: 0.799380, KROCC: 0.609596, LOSS: 0.226266
2026-08-20 17:35:09,054 [INFO] Align: EPOCH[6] -> PLCC: 0.799558, SROCC: 0.663926, KROCC: 0.486339, LOSS: 0.341764
2026-08-20 17:35:09,104 [INFO] Saving checkpoint at epoch 6 to run/20260820173_B2_shcmi/checkpoint_best.pth.
2026-08-20 17:35:09,415 [INFO] Saving checkpoint at epoch 6 to run/20260820173_B2_shcmi/checkpoint_best_joint.pth.
2026-08-20 17:35:09,641 [INFO] Start training
2026-08-20 17:35:10,541 [INFO] Start training epoch 7, 37 iters per inner epoch.
2026-08-20 17:35:35,745 [INFO] Averaged stats: lr: 0.000087  loss: 0.247164
2026-08-20 17:35:35,911 [INFO] gates: {"epoch": 7, "shcmi_ratio": 0.4595, "lambda_shcmi": -0.0133, "eta": 0.0127, "alpha_f": 0.0125, "beta_f": 0.0169, "alpha_c": 0.0217, "beta_c": 0.0247, "scale_gate_mean": 0.1916, "scale_gate_std": 0.3814}
2026-08-20 17:35:35,912 [INFO] Evaluating on val.
Train: data epoch: [7]  [ 0/37]  eta: 0:03:20  lr: 0.000087  loss: 0.3010  time: 5.4185  data: 0.0002  max mem: 4252
Train: data epoch: [7]  [20/37]  eta: 0:00:13  lr: 0.000087  loss: 0.2478  time: 0.5638  data: 0.0000  max mem: 4252
Train: data epoch: [7]  [36/37]  eta: 0:00:00  lr: 0.000087  loss: 0.3175  time: 0.5113  data: 0.0000  max mem: 4252
Train: data epoch: [7] Total time: 0:00:25 (0.6812 s / it)
2026-08-20 17:35:46,435 [INFO] Qual: EPOCH[7] -> PLCC: 0.883765, SROCC: 0.803146, KROCC: 0.613015, LOSS: 0.251002
2026-08-20 17:35:46,436 [INFO] Align: EPOCH[7] -> PLCC: 0.803218, SROCC: 0.662964, KROCC: 0.483885, LOSS: 0.346909
2026-08-20 17:35:46,447 [INFO] Saving checkpoint at epoch 7 to run/20260820173_B2_shcmi/checkpoint_best.pth.
2026-08-20 17:35:46,584 [INFO] Saving checkpoint at epoch 7 to run/20260820173_B2_shcmi/checkpoint_best_joint.pth.
2026-08-20 17:35:46,712 [INFO] Start training
2026-08-20 17:35:47,046 [INFO] Start training epoch 8, 37 iters per inner epoch.
2026-08-20 17:36:09,403 [INFO] Averaged stats: lr: 0.000084  loss: 0.237445
2026-08-20 17:36:09,565 [INFO] gates: {"epoch": 8, "shcmi_ratio": 0.4212, "lambda_shcmi": -0.0135, "eta": 0.0127, "alpha_f": 0.0126, "beta_f": 0.0186, "alpha_c": 0.0217, "beta_c": 0.025, "scale_gate_mean": 0.2731, "scale_gate_std": 0.4348}
2026-08-20 17:36:09,566 [INFO] Evaluating on val.
Train: data epoch: [8]  [ 0/37]  eta: 0:01:26  lr: 0.000084  loss: 0.2633  time: 2.3330  data: 0.0001  max mem: 4252
Train: data epoch: [8]  [20/37]  eta: 0:00:11  lr: 0.000084  loss: 0.3666  time: 0.5766  data: 0.0000  max mem: 4252
Train: data epoch: [8]  [36/37]  eta: 0:00:00  lr: 0.000084  loss: 0.2632  time: 0.5292  data: 0.0000  max mem: 4252
Train: data epoch: [8] Total time: 0:00:22 (0.6042 s / it)
2026-08-20 17:36:21,023 [INFO] Qual: EPOCH[8] -> PLCC: 0.885839, SROCC: 0.805391, KROCC: 0.615470, LOSS: 0.227301
2026-08-20 17:36:21,023 [INFO] Align: EPOCH[8] -> PLCC: 0.803075, SROCC: 0.663676, KROCC: 0.483851, LOSS: 0.342112
2026-08-20 17:36:21,036 [INFO] Saving checkpoint at epoch 8 to run/20260820173_B2_shcmi/checkpoint_best.pth.
2026-08-20 17:36:21,202 [INFO] Saving checkpoint at epoch 8 to run/20260820173_B2_shcmi/checkpoint_best_joint.pth.
2026-08-20 17:36:21,357 [INFO] Start training
2026-08-20 17:36:21,722 [INFO] Start training epoch 9, 37 iters per inner epoch.
2026-08-20 17:36:43,624 [INFO] Averaged stats: lr: 0.000080  loss: 0.222952
2026-08-20 17:36:43,736 [INFO] gates: {"epoch": 9, "shcmi_ratio": 0.4169, "lambda_shcmi": -0.0136, "eta": 0.0126, "alpha_f": 0.0126, "beta_f": 0.0204, "alpha_c": 0.0219, "beta_c": 0.0254, "scale_gate_mean": 0.2725, "scale_gate_std": 0.4406}
2026-08-20 17:36:43,736 [INFO] Evaluating on val.
Train: data epoch: [9]  [ 0/37]  eta: 0:01:24  lr: 0.000080  loss: 0.2423  time: 2.2879  data: 0.0002  max mem: 4252
Train: data epoch: [9]  [20/37]  eta: 0:00:10  lr: 0.000080  loss: 0.2144  time: 0.5610  data: 0.0000  max mem: 4252
Train: data epoch: [9]  [36/37]  eta: 0:00:00  lr: 0.000080  loss: 0.2216  time: 0.5209  data: 0.0000  max mem: 4252
Train: data epoch: [9] Total time: 0:00:21 (0.5919 s / it)
2026-08-20 17:36:56,356 [INFO] Qual: EPOCH[9] -> PLCC: 0.886173, SROCC: 0.804257, KROCC: 0.615122, LOSS: 0.215063
2026-08-20 17:36:56,356 [INFO] Align: EPOCH[9] -> PLCC: 0.807694, SROCC: 0.660375, KROCC: 0.481789, LOSS: 0.337067
2026-08-20 17:36:56,369 [INFO] Saving checkpoint at epoch 9 to run/20260820173_B2_shcmi/checkpoint_best_joint.pth.
2026-08-20 17:36:56,526 [INFO] Start training
2026-08-20 17:36:56,870 [INFO] Start training epoch 10, 37 iters per inner epoch.
2026-08-20 17:37:19,572 [INFO] Averaged stats: lr: 0.000075  loss: 0.214529
2026-08-20 17:37:19,671 [INFO] gates: {"epoch": 10, "shcmi_ratio": 0.4958, "lambda_shcmi": -0.0139, "eta": 0.0127, "alpha_f": 0.0126, "beta_f": 0.0216, "alpha_c": 0.0221, "beta_c": 0.0258, "scale_gate_mean": 0.1938, "scale_gate_std": 0.3876}
2026-08-20 17:37:19,671 [INFO] Evaluating on val.
Train: data epoch: [10]  [ 0/37]  eta: 0:02:15  lr: 0.000075  loss: 0.2547  time: 3.6616  data: 0.0001  max mem: 4252
Train: data epoch: [10]  [20/37]  eta: 0:00:11  lr: 0.000075  loss: 0.1471  time: 0.5285  data: 0.0000  max mem: 4252
Train: data epoch: [10]  [36/37]  eta: 0:00:00  lr: 0.000075  loss: 0.2059  time: 0.5225  data: 0.0000  max mem: 4252
Train: data epoch: [10] Total time: 0:00:22 (0.6135 s / it)
2026-08-20 17:37:30,018 [INFO] Qual: EPOCH[10] -> PLCC: 0.887541, SROCC: 0.806557, KROCC: 0.617588, LOSS: 0.209267
2026-08-20 17:37:30,018 [INFO] Align: EPOCH[10] -> PLCC: 0.809094, SROCC: 0.656438, KROCC: 0.478729, LOSS: 0.330225
2026-08-20 17:37:30,033 [INFO] Saving checkpoint at epoch 10 to run/20260820173_B2_shcmi/checkpoint_best.pth.
2026-08-20 17:37:30,211 [INFO] Saving checkpoint at epoch 10 to run/20260820173_B2_shcmi/checkpoint_best_joint.pth.
2026-08-20 17:37:30,362 [INFO] Start training
2026-08-20 17:37:30,686 [INFO] Start training epoch 11, 37 iters per inner epoch.
2026-08-20 17:37:51,971 [INFO] Averaged stats: lr: 0.000071  loss: 0.203732
2026-08-20 17:37:52,113 [INFO] gates: {"epoch": 11, "shcmi_ratio": 0.488, "lambda_shcmi": -0.0141, "eta": 0.0127, "alpha_f": 0.0127, "beta_f": 0.0226, "alpha_c": 0.0221, "beta_c": 0.0261, "scale_gate_mean": 0.2035, "scale_gate_std": 0.3903}
2026-08-20 17:37:52,114 [INFO] Evaluating on val.
Train: data epoch: [11]  [ 0/37]  eta: 0:01:26  lr: 0.000071  loss: 0.1790  time: 2.3428  data: 0.0001  max mem: 4252
Train: data epoch: [11]  [20/37]  eta: 0:00:10  lr: 0.000071  loss: 0.1989  time: 0.5242  data: 0.0000  max mem: 4252
Train: data epoch: [11]  [36/37]  eta: 0:00:00  lr: 0.000071  loss: 0.1910  time: 0.5109  data: 0.0000  max mem: 4252
Train: data epoch: [11] Total time: 0:00:21 (0.5753 s / it)
2026-08-20 17:38:02,942 [INFO] Qual: EPOCH[11] -> PLCC: 0.887546, SROCC: 0.806631, KROCC: 0.618350, LOSS: 0.213274
2026-08-20 17:38:02,943 [INFO] Align: EPOCH[11] -> PLCC: 0.810341, SROCC: 0.653555, KROCC: 0.477238, LOSS: 0.329125
2026-08-20 17:38:02,954 [INFO] Saving checkpoint at epoch 11 to run/20260820173_B2_shcmi/checkpoint_best.pth.
2026-08-20 17:38:03,099 [INFO] Start training
2026-08-20 17:38:03,453 [INFO] Start training epoch 12, 37 iters per inner epoch.
2026-08-20 17:38:25,382 [INFO] Averaged stats: lr: 0.000066  loss: 0.195999
2026-08-20 17:38:25,483 [INFO] gates: {"epoch": 12, "shcmi_ratio": 0.4271, "lambda_shcmi": -0.0141, "eta": 0.0126, "alpha_f": 0.0127, "beta_f": 0.0228, "alpha_c": 0.0221, "beta_c": 0.0262, "scale_gate_mean": 0.2783, "scale_gate_std": 0.4392}
2026-08-20 17:38:25,483 [INFO] Evaluating on val.
Train: data epoch: [12]  [ 0/37]  eta: 0:02:19  lr: 0.000066  loss: 0.1934  time: 3.7803  data: 0.0002  max mem: 4252
Train: data epoch: [12]  [20/37]  eta: 0:00:11  lr: 0.000066  loss: 0.1776  time: 0.5047  data: 0.0000  max mem: 4252
Train: data epoch: [12]  [36/37]  eta: 0:00:00  lr: 0.000066  loss: 0.1697  time: 0.4560  data: 0.0000  max mem: 4252
Train: data epoch: [12] Total time: 0:00:21 (0.5927 s / it)
2026-08-20 17:38:35,890 [INFO] Qual: EPOCH[12] -> PLCC: 0.889455, SROCC: 0.808570, KROCC: 0.620334, LOSS: 0.214396
2026-08-20 17:38:35,891 [INFO] Align: EPOCH[12] -> PLCC: 0.807415, SROCC: 0.651858, KROCC: 0.475154, LOSS: 0.344300
2026-08-20 17:38:35,900 [INFO] Saving checkpoint at epoch 12 to run/20260820173_B2_shcmi/checkpoint_best.pth.
2026-08-20 17:38:36,054 [INFO] Start training
2026-08-20 17:38:36,366 [INFO] Start training epoch 13, 37 iters per inner epoch.
2026-08-20 17:38:54,606 [INFO] Averaged stats: lr: 0.000061  loss: 0.194786
2026-08-20 17:38:55,010 [INFO] gates: {"epoch": 13, "shcmi_ratio": 0.4492, "lambda_shcmi": -0.0142, "eta": 0.0125, "alpha_f": 0.0126, "beta_f": 0.0235, "alpha_c": 0.0219, "beta_c": 0.0264, "scale_gate_mean": 0.2469, "scale_gate_std": 0.4212}
2026-08-20 17:38:55,011 [INFO] Evaluating on val.
Train: data epoch: [13]  [ 0/37]  eta: 0:01:27  lr: 0.000061  loss: 0.2331  time: 2.3650  data: 0.0001  max mem: 4252
Train: data epoch: [13]  [20/37]  eta: 0:00:09  lr: 0.000061  loss: 0.2246  time: 0.4684  data: 0.0000  max mem: 4252
Train: data epoch: [13]  [36/37]  eta: 0:00:00  lr: 0.000061  loss: 0.1633  time: 0.4504  data: 0.0000  max mem: 4252
Train: data epoch: [13] Total time: 0:00:18 (0.4930 s / it)
2026-08-20 17:39:06,787 [INFO] Qual: EPOCH[13] -> PLCC: 0.887393, SROCC: 0.811601, KROCC: 0.622889, LOSS: 0.210372
2026-08-20 17:39:06,787 [INFO] Align: EPOCH[13] -> PLCC: 0.806360, SROCC: 0.647161, KROCC: 0.472643, LOSS: 0.337754
2026-08-20 17:39:06,801 [INFO] Saving checkpoint at epoch 13 to run/20260820173_B2_shcmi/checkpoint_best.pth.
2026-08-20 17:39:06,974 [INFO] Start training
2026-08-20 17:39:07,339 [INFO] Start training epoch 14, 37 iters per inner epoch.
2026-08-20 17:39:27,517 [INFO] Averaged stats: lr: 0.000056  loss: 0.185832
2026-08-20 17:39:27,920 [INFO] gates: {"epoch": 14, "shcmi_ratio": 0.4124, "lambda_shcmi": -0.0143, "eta": 0.0126, "alpha_f": 0.0127, "beta_f": 0.0235, "alpha_c": 0.0219, "beta_c": 0.0266, "scale_gate_mean": 0.2385, "scale_gate_std": 0.4143}
2026-08-20 17:39:27,920 [INFO] Evaluating on val.
Train: data epoch: [14]  [ 0/37]  eta: 0:01:50  lr: 0.000056  loss: 0.1853  time: 2.9747  data: 0.0001  max mem: 4252
Train: data epoch: [14]  [20/37]  eta: 0:00:10  lr: 0.000056  loss: 0.1996  time: 0.4819  data: 0.0000  max mem: 4252
Train: data epoch: [14]  [36/37]  eta: 0:00:00  lr: 0.000056  loss: 0.2977  time: 0.5030  data: 0.0000  max mem: 4252
Train: data epoch: [14] Total time: 0:00:20 (0.5454 s / it)
2026-08-20 17:39:40,220 [INFO] Qual: EPOCH[14] -> PLCC: 0.890613, SROCC: 0.810073, KROCC: 0.622150, LOSS: 0.202378
2026-08-20 17:39:40,220 [INFO] Align: EPOCH[14] -> PLCC: 0.807549, SROCC: 0.646154, KROCC: 0.470917, LOSS: 0.337806
2026-08-20 17:39:40,234 [INFO] Saving checkpoint at epoch 14 to run/20260820173_B2_shcmi/checkpoint_best.pth.
2026-08-20 17:39:40,395 [INFO] Start training
2026-08-20 17:39:40,762 [INFO] Start training epoch 15, 37 iters per inner epoch.
2026-08-20 17:40:02,007 [INFO] Averaged stats: lr: 0.000050  loss: 0.177148
2026-08-20 17:40:02,247 [INFO] gates: {"epoch": 15, "shcmi_ratio": 0.4454, "lambda_shcmi": -0.0144, "eta": 0.0127, "alpha_f": 0.0128, "beta_f": 0.0235, "alpha_c": 0.0222, "beta_c": 0.0267, "scale_gate_mean": 0.2346, "scale_gate_std": 0.4113}
2026-08-20 17:40:02,248 [INFO] Evaluating on val.
Train: data epoch: [15]  [ 0/37]  eta: 0:01:26  lr: 0.000051  loss: 0.1560  time: 2.3495  data: 0.0001  max mem: 4252
Train: data epoch: [15]  [20/37]  eta: 0:00:10  lr: 0.000051  loss: 0.1462  time: 0.5339  data: 0.0000  max mem: 4252
Train: data epoch: [15]  [36/37]  eta: 0:00:00  lr: 0.000051  loss: 0.1427  time: 0.5028  data: 0.0000  max mem: 4252
Train: data epoch: [15] Total time: 0:00:21 (0.5742 s / it)
2026-08-20 17:40:15,507 [INFO] Qual: EPOCH[15] -> PLCC: 0.891353, SROCC: 0.811898, KROCC: 0.623674, LOSS: 0.206194
2026-08-20 17:40:15,507 [INFO] Align: EPOCH[15] -> PLCC: 0.806449, SROCC: 0.642913, KROCC: 0.467521, LOSS: 0.337070
2026-08-20 17:40:15,520 [INFO] Saving checkpoint at epoch 15 to run/20260820173_B2_shcmi/checkpoint_best.pth.
2026-08-20 17:40:15,695 [INFO] Saving checkpoint at epoch 15 to run/20260820173_B2_shcmi/checkpoint_latest.pth.
2026-08-20 17:40:15,817 [INFO] Start training
2026-08-20 17:40:16,163 [INFO] Start training epoch 16, 37 iters per inner epoch.
2026-08-20 17:40:37,507 [INFO] Averaged stats: lr: 0.000045  loss: 0.174858
2026-08-20 17:40:37,826 [INFO] gates: {"epoch": 16, "shcmi_ratio": 0.4739, "lambda_shcmi": -0.0145, "eta": 0.0128, "alpha_f": 0.0128, "beta_f": 0.0234, "alpha_c": 0.0224, "beta_c": 0.0269, "scale_gate_mean": 0.2011, "scale_gate_std": 0.3878}
2026-08-20 17:40:37,826 [INFO] Evaluating on val.
Train: data epoch: [16]  [ 0/37]  eta: 0:01:17  lr: 0.000045  loss: 0.1826  time: 2.1033  data: 0.0001  max mem: 4252
Train: data epoch: [16]  [20/37]  eta: 0:00:10  lr: 0.000045  loss: 0.1777  time: 0.5451  data: 0.0000  max mem: 4252
Train: data epoch: [16]  [36/37]  eta: 0:00:00  lr: 0.000045  loss: 0.2113  time: 0.5240  data: 0.0000  max mem: 4252
Train: data epoch: [16] Total time: 0:00:21 (0.5768 s / it)
2026-08-20 17:40:49,042 [INFO] Qual: EPOCH[16] -> PLCC: 0.891328, SROCC: 0.812129, KROCC: 0.624077, LOSS: 0.202759
2026-08-20 17:40:49,043 [INFO] Align: EPOCH[16] -> PLCC: 0.806106, SROCC: 0.639706, KROCC: 0.465067, LOSS: 0.342512
2026-08-20 17:40:49,056 [INFO] Saving checkpoint at epoch 16 to run/20260820173_B2_shcmi/checkpoint_best.pth.
2026-08-20 17:40:49,220 [INFO] Start training
2026-08-20 17:40:49,574 [INFO] Start training epoch 17, 37 iters per inner epoch.
2026-08-20 17:41:12,228 [INFO] Averaged stats: lr: 0.000040  loss: 0.171209
2026-08-20 17:41:12,339 [INFO] gates: {"epoch": 17, "shcmi_ratio": 0.4485, "lambda_shcmi": -0.0145, "eta": 0.0127, "alpha_f": 0.0129, "beta_f": 0.0234, "alpha_c": 0.0225, "beta_c": 0.027, "scale_gate_mean": 0.1776, "scale_gate_std": 0.3742}
2026-08-20 17:41:12,339 [INFO] Evaluating on val.
Train: data epoch: [17]  [ 0/37]  eta: 0:01:07  lr: 0.000040  loss: 0.2581  time: 1.8327  data: 0.0001  max mem: 4252
Train: data epoch: [17]  [20/37]  eta: 0:00:11  lr: 0.000040  loss: 0.1740  time: 0.5973  data: 0.0000  max mem: 4252
Train: data epoch: [17]  [36/37]  eta: 0:00:00  lr: 0.000040  loss: 0.1631  time: 0.5388  data: 0.0000  max mem: 4252
Train: data epoch: [17] Total time: 0:00:22 (0.6123 s / it)
2026-08-20 17:41:22,736 [INFO] Qual: EPOCH[17] -> PLCC: 0.890493, SROCC: 0.811382, KROCC: 0.623125, LOSS: 0.203043
2026-08-20 17:41:22,736 [INFO] Align: EPOCH[17] -> PLCC: 0.804919, SROCC: 0.636975, KROCC: 0.463217, LOSS: 0.338363
2026-08-20 17:41:22,737 [INFO] Start training
2026-08-20 17:41:23,198 [INFO] Start training epoch 18, 37 iters per inner epoch.
2026-08-20 17:41:44,890 [INFO] Averaged stats: lr: 0.000035  loss: 0.169011
2026-08-20 17:41:45,017 [INFO] gates: {"epoch": 18, "shcmi_ratio": 0.4304, "lambda_shcmi": -0.0146, "eta": 0.0128, "alpha_f": 0.0129, "beta_f": 0.0234, "alpha_c": 0.0226, "beta_c": 0.0271, "scale_gate_mean": 0.2031, "scale_gate_std": 0.376}
2026-08-20 17:41:45,018 [INFO] Evaluating on val.
Train: data epoch: [18]  [ 0/37]  eta: 0:01:19  lr: 0.000035  loss: 0.1218  time: 2.1510  data: 0.0001  max mem: 4252
Train: data epoch: [18]  [20/37]  eta: 0:00:10  lr: 0.000035  loss: 0.1394  time: 0.5327  data: 0.0000  max mem: 4252
Train: data epoch: [18]  [36/37]  eta: 0:00:00  lr: 0.000035  loss: 0.1708  time: 0.5383  data: 0.0000  max mem: 4252
Train: data epoch: [18] Total time: 0:00:21 (0.5863 s / it)
2026-08-20 17:41:55,052 [INFO] Qual: EPOCH[18] -> PLCC: 0.890546, SROCC: 0.810363, KROCC: 0.621791, LOSS: 0.209045
2026-08-20 17:41:55,052 [INFO] Align: EPOCH[18] -> PLCC: 0.802665, SROCC: 0.635528, KROCC: 0.460651, LOSS: 0.344660
2026-08-20 17:41:55,053 [INFO] Start training
2026-08-20 17:41:55,412 [INFO] Start training epoch 19, 37 iters per inner epoch.
2026-08-20 17:42:16,389 [INFO] Averaged stats: lr: 0.000030  loss: 0.163480
2026-08-20 17:42:16,529 [INFO] gates: {"epoch": 19, "shcmi_ratio": 0.4169, "lambda_shcmi": -0.0147, "eta": 0.0128, "alpha_f": 0.0129, "beta_f": 0.0235, "alpha_c": 0.0227, "beta_c": 0.0272, "scale_gate_mean": 0.2219, "scale_gate_std": 0.4047}
2026-08-20 17:42:16,530 [INFO] Evaluating on val.
Train: data epoch: [19]  [ 0/37]  eta: 0:01:10  lr: 0.000030  loss: 0.1810  time: 1.9004  data: 0.0001  max mem: 4252
Train: data epoch: [19]  [20/37]  eta: 0:00:09  lr: 0.000030  loss: 0.1873  time: 0.4973  data: 0.0000  max mem: 4252
Train: data epoch: [19]  [36/37]  eta: 0:00:00  lr: 0.000030  loss: 0.2313  time: 0.5486  data: 0.0000  max mem: 4252
Train: data epoch: [19] Total time: 0:00:20 (0.5669 s / it)
2026-08-20 17:42:26,507 [INFO] Qual: EPOCH[19] -> PLCC: 0.892062, SROCC: 0.812545, KROCC: 0.624455, LOSS: 0.200899
2026-08-20 17:42:26,507 [INFO] Align: EPOCH[19] -> PLCC: 0.804643, SROCC: 0.635354, KROCC: 0.461335, LOSS: 0.341172
2026-08-20 17:42:26,526 [INFO] Saving checkpoint at epoch 19 to run/20260820173_B2_shcmi/checkpoint_best.pth.
2026-08-20 17:42:26,734 [INFO] Start training
2026-08-20 17:42:27,189 [INFO] Start training epoch 20, 37 iters per inner epoch.
2026-08-20 17:42:48,976 [INFO] Averaged stats: lr: 0.000026  loss: 0.161840
2026-08-20 17:42:49,067 [INFO] gates: {"epoch": 20, "shcmi_ratio": 0.4683, "lambda_shcmi": -0.0147, "eta": 0.0128, "alpha_f": 0.0129, "beta_f": 0.0236, "alpha_c": 0.0228, "beta_c": 0.0273, "scale_gate_mean": 0.1881, "scale_gate_std": 0.3746}
2026-08-20 17:42:49,067 [INFO] Evaluating on val.
Train: data epoch: [20]  [ 0/37]  eta: 0:01:30  lr: 0.000026  loss: 0.1501  time: 2.4483  data: 0.0001  max mem: 4252
Train: data epoch: [20]  [20/37]  eta: 0:00:09  lr: 0.000026  loss: 0.1480  time: 0.4853  data: 0.0000  max mem: 4252
Train: data epoch: [20]  [36/37]  eta: 0:00:00  lr: 0.000026  loss: 0.1275  time: 0.5642  data: 0.0000  max mem: 4252
Train: data epoch: [20] Total time: 0:00:21 (0.5888 s / it)
2026-08-20 17:42:59,136 [INFO] Qual: EPOCH[20] -> PLCC: 0.891280, SROCC: 0.813566, KROCC: 0.625579, LOSS: 0.203833
2026-08-20 17:42:59,136 [INFO] Align: EPOCH[20] -> PLCC: 0.804776, SROCC: 0.634906, KROCC: 0.461554, LOSS: 0.339576
2026-08-20 17:42:59,149 [INFO] Saving checkpoint at epoch 20 to run/20260820173_B2_shcmi/checkpoint_best.pth.
2026-08-20 17:42:59,346 [INFO] Saving checkpoint at epoch 20 to run/20260820173_B2_shcmi/checkpoint_latest.pth.
2026-08-20 17:42:59,508 [INFO] Start training
2026-08-20 17:42:59,928 [INFO] Start training epoch 21, 37 iters per inner epoch.
2026-08-20 17:43:23,753 [INFO] Averaged stats: lr: 0.000021  loss: 0.162208
2026-08-20 17:43:23,886 [INFO] gates: {"epoch": 21, "shcmi_ratio": 0.4195, "lambda_shcmi": -0.0148, "eta": 0.0129, "alpha_f": 0.0129, "beta_f": 0.0236, "alpha_c": 0.023, "beta_c": 0.0274, "scale_gate_mean": 0.2249, "scale_gate_std": 0.3852}
2026-08-20 17:43:23,887 [INFO] Evaluating on val.
Train: data epoch: [21]  [ 0/37]  eta: 0:01:39  lr: 0.000021  loss: 0.1695  time: 2.6830  data: 0.0001  max mem: 4252
Train: data epoch: [21]  [20/37]  eta: 0:00:11  lr: 0.000021  loss: 0.1997  time: 0.5688  data: 0.0000  max mem: 4252
Train: data epoch: [21]  [36/37]  eta: 0:00:00  lr: 0.000021  loss: 0.1546  time: 0.5924  data: 0.0000  max mem: 4252
Train: data epoch: [21] Total time: 0:00:23 (0.6439 s / it)
2026-08-20 17:43:33,853 [INFO] Qual: EPOCH[21] -> PLCC: 0.891727, SROCC: 0.813237, KROCC: 0.625097, LOSS: 0.201597
2026-08-20 17:43:33,853 [INFO] Align: EPOCH[21] -> PLCC: 0.805446, SROCC: 0.635236, KROCC: 0.461615, LOSS: 0.339917
2026-08-20 17:43:33,870 [INFO] Saving checkpoint at epoch 21 to run/20260820173_B2_shcmi/checkpoint_best.pth.
2026-08-20 17:43:34,022 [INFO] Start training
2026-08-20 17:43:34,486 [INFO] Start training epoch 22, 37 iters per inner epoch.
2026-08-20 17:43:59,639 [INFO] Averaged stats: lr: 0.000017  loss: 0.155296
2026-08-20 17:43:59,815 [INFO] gates: {"epoch": 22, "shcmi_ratio": 0.4328, "lambda_shcmi": -0.0148, "eta": 0.0129, "alpha_f": 0.013, "beta_f": 0.0236, "alpha_c": 0.0231, "beta_c": 0.0275, "scale_gate_mean": 0.2731, "scale_gate_std": 0.4333}
2026-08-20 17:43:59,815 [INFO] Evaluating on val.
Train: data epoch: [22]  [ 0/37]  eta: 0:02:55  lr: 0.000017  loss: 0.1721  time: 4.7511  data: 0.0001  max mem: 4252
Train: data epoch: [22]  [20/37]  eta: 0:00:12  lr: 0.000017  loss: 0.1572  time: 0.5571  data: 0.0000  max mem: 4252
Train: data epoch: [22]  [36/37]  eta: 0:00:00  lr: 0.000017  loss: 0.1476  time: 0.5840  data: 0.0000  max mem: 4252
Train: data epoch: [22] Total time: 0:00:25 (0.6798 s / it)
2026-08-20 17:44:09,003 [INFO] Qual: EPOCH[22] -> PLCC: 0.891316, SROCC: 0.812397, KROCC: 0.624201, LOSS: 0.206715
2026-08-20 17:44:09,003 [INFO] Align: EPOCH[22] -> PLCC: 0.803400, SROCC: 0.634286, KROCC: 0.459866, LOSS: 0.345809
2026-08-20 17:44:09,005 [INFO] Start training
2026-08-20 17:44:09,654 [INFO] Start training epoch 23, 37 iters per inner epoch.
2026-08-20 17:44:36,650 [INFO] Averaged stats: lr: 0.000014  loss: 0.155353
2026-08-20 17:44:36,761 [INFO] gates: {"epoch": 23, "shcmi_ratio": 0.405, "lambda_shcmi": -0.0148, "eta": 0.0129, "alpha_f": 0.0129, "beta_f": 0.0236, "alpha_c": 0.0231, "beta_c": 0.0276, "scale_gate_mean": 0.2465, "scale_gate_std": 0.4152}
2026-08-20 17:44:36,761 [INFO] Evaluating on val.
Train: data epoch: [23]  [ 0/37]  eta: 0:01:57  lr: 0.000014  loss: 0.1824  time: 3.1725  data: 0.0001  max mem: 4252
Train: data epoch: [23]  [20/37]  eta: 0:00:14  lr: 0.000014  loss: 0.1540  time: 0.7381  data: 0.0000  max mem: 4252
Train: data epoch: [23]  [36/37]  eta: 0:00:00  lr: 0.000014  loss: 0.1642  time: 0.5744  data: 0.0000  max mem: 4252
Train: data epoch: [23] Total time: 0:00:26 (0.7296 s / it)
2026-08-20 17:44:42,372 [INFO] Qual: EPOCH[23] -> PLCC: 0.890951, SROCC: 0.813931, KROCC: 0.626005, LOSS: 0.202269
2026-08-20 17:44:42,372 [INFO] Align: EPOCH[23] -> PLCC: 0.804930, SROCC: 0.633371, KROCC: 0.459709, LOSS: 0.337948
2026-08-20 17:44:42,373 [INFO] Start training
2026-08-20 17:44:42,848 [INFO] Start training epoch 24, 37 iters per inner epoch.
2026-08-20 17:45:05,906 [INFO] Averaged stats: lr: 0.000010  loss: 0.154864
2026-08-20 17:45:06,054 [INFO] gates: {"epoch": 24, "shcmi_ratio": 0.434, "lambda_shcmi": -0.0148, "eta": 0.0129, "alpha_f": 0.013, "beta_f": 0.0236, "alpha_c": 0.0232, "beta_c": 0.0276, "scale_gate_mean": 0.2326, "scale_gate_std": 0.4167}
2026-08-20 17:45:06,054 [INFO] Evaluating on val.
Train: data epoch: [24]  [ 0/37]  eta: 0:02:03  lr: 0.000010  loss: 0.1562  time: 3.3447  data: 0.0001  max mem: 4252
Train: data epoch: [24]  [20/37]  eta: 0:00:11  lr: 0.000010  loss: 0.1439  time: 0.5487  data: 0.0000  max mem: 4252
Train: data epoch: [24]  [36/37]  eta: 0:00:00  lr: 0.000010  loss: 0.1676  time: 0.5591  data: 0.0000  max mem: 4252
Train: data epoch: [24] Total time: 0:00:23 (0.6232 s / it)
2026-08-20 17:45:13,134 [INFO] Qual: EPOCH[24] -> PLCC: 0.891172, SROCC: 0.813376, KROCC: 0.625557, LOSS: 0.205642
2026-08-20 17:45:13,136 [INFO] Align: EPOCH[24] -> PLCC: 0.803643, SROCC: 0.634180, KROCC: 0.460057, LOSS: 0.344928
2026-08-20 17:45:13,138 [INFO] Start training
2026-08-20 17:45:13,772 [INFO] Start training epoch 25, 37 iters per inner epoch.
2026-08-20 17:45:37,245 [INFO] Averaged stats: lr: 0.000008  loss: 0.152690
2026-08-20 17:45:37,372 [INFO] gates: {"epoch": 25, "shcmi_ratio": 0.4606, "lambda_shcmi": -0.0149, "eta": 0.0129, "alpha_f": 0.013, "beta_f": 0.0236, "alpha_c": 0.0232, "beta_c": 0.0276, "scale_gate_mean": 0.1272, "scale_gate_std": 0.3169}
2026-08-20 17:45:37,373 [INFO] Evaluating on val.
Train: data epoch: [25]  [ 0/37]  eta: 0:02:01  lr: 0.000008  loss: 0.1528  time: 3.2845  data: 0.0001  max mem: 4252
Train: data epoch: [25]  [20/37]  eta: 0:00:11  lr: 0.000008  loss: 0.1334  time: 0.5641  data: 0.0000  max mem: 4252
Train: data epoch: [25]  [36/37]  eta: 0:00:00  lr: 0.000008  loss: 0.1626  time: 0.5674  data: 0.0000  max mem: 4252
Train: data epoch: [25] Total time: 0:00:23 (0.6344 s / it)
2026-08-20 17:45:45,470 [INFO] Qual: EPOCH[25] -> PLCC: 0.891456, SROCC: 0.813728, KROCC: 0.625927, LOSS: 0.202969
2026-08-20 17:45:45,470 [INFO] Align: EPOCH[25] -> PLCC: 0.804107, SROCC: 0.633325, KROCC: 0.459384, LOSS: 0.342292
2026-08-20 17:45:45,512 [INFO] Saving checkpoint at epoch 25 to run/20260820173_B2_shcmi/checkpoint_best.pth.
2026-08-20 17:45:45,686 [INFO] Saving checkpoint at epoch 25 to run/20260820173_B2_shcmi/checkpoint_latest.pth.
2026-08-20 17:45:45,838 [INFO] Start training
2026-08-20 17:45:46,277 [INFO] Start training epoch 26, 37 iters per inner epoch.
2026-08-20 17:46:09,748 [INFO] Averaged stats: lr: 0.000005  loss: 0.151433
2026-08-20 17:46:09,867 [INFO] gates: {"epoch": 26, "shcmi_ratio": 0.4094, "lambda_shcmi": -0.0149, "eta": 0.0129, "alpha_f": 0.013, "beta_f": 0.0236, "alpha_c": 0.0232, "beta_c": 0.0276, "scale_gate_mean": 0.2746, "scale_gate_std": 0.4264}
2026-08-20 17:46:09,868 [INFO] Evaluating on val.
Train: data epoch: [26]  [ 0/37]  eta: 0:02:01  lr: 0.000005  loss: 0.1386  time: 3.2885  data: 0.0001  max mem: 4252
Train: data epoch: [26]  [20/37]  eta: 0:00:11  lr: 0.000005  loss: 0.1491  time: 0.5532  data: 0.0000  max mem: 4252
Train: data epoch: [26]  [36/37]  eta: 0:00:00  lr: 0.000005  loss: 0.1839  time: 0.5758  data: 0.0000  max mem: 4252
Train: data epoch: [26] Total time: 0:00:23 (0.6344 s / it)
2026-08-20 17:46:18,170 [INFO] Qual: EPOCH[26] -> PLCC: 0.891483, SROCC: 0.813860, KROCC: 0.626005, LOSS: 0.203725
2026-08-20 17:46:18,170 [INFO] Align: EPOCH[26] -> PLCC: 0.803932, SROCC: 0.633675, KROCC: 0.459620, LOSS: 0.342574
2026-08-20 17:46:18,188 [INFO] Saving checkpoint at epoch 26 to run/20260820173_B2_shcmi/checkpoint_best.pth.
2026-08-20 17:46:18,367 [INFO] Start training
2026-08-20 17:46:18,806 [INFO] Start training epoch 27, 37 iters per inner epoch.
2026-08-20 17:46:42,193 [INFO] Averaged stats: lr: 0.000003  loss: 0.153729
2026-08-20 17:46:42,293 [INFO] gates: {"epoch": 27, "shcmi_ratio": 0.4749, "lambda_shcmi": -0.0149, "eta": 0.0129, "alpha_f": 0.013, "beta_f": 0.0236, "alpha_c": 0.0232, "beta_c": 0.0277, "scale_gate_mean": 0.1562, "scale_gate_std": 0.3385}
2026-08-20 17:46:42,293 [INFO] Evaluating on val.
Train: data epoch: [27]  [ 0/37]  eta: 0:02:09  lr: 0.000003  loss: 0.2536  time: 3.5037  data: 0.0001  max mem: 4252
Train: data epoch: [27]  [20/37]  eta: 0:00:11  lr: 0.000003  loss: 0.1812  time: 0.5249  data: 0.0000  max mem: 4252
Train: data epoch: [27]  [36/37]  eta: 0:00:00  lr: 0.000003  loss: 0.1197  time: 0.5717  data: 0.0000  max mem: 4252
Train: data epoch: [27] Total time: 0:00:23 (0.6321 s / it)
2026-08-20 17:46:48,145 [INFO] Qual: EPOCH[27] -> PLCC: 0.891462, SROCC: 0.814130, KROCC: 0.626274, LOSS: 0.203804
2026-08-20 17:46:48,145 [INFO] Align: EPOCH[27] -> PLCC: 0.804068, SROCC: 0.633163, KROCC: 0.459194, LOSS: 0.341562
2026-08-20 17:46:48,155 [INFO] Saving checkpoint at epoch 27 to run/20260820173_B2_shcmi/checkpoint_best.pth.
2026-08-20 17:46:48,288 [INFO] Start training
2026-08-20 17:46:48,695 [INFO] Start training epoch 28, 37 iters per inner epoch.
2026-08-20 17:47:03,873 [INFO] Averaged stats: lr: 0.000002  loss: 0.150409
2026-08-20 17:47:03,978 [INFO] gates: {"epoch": 28, "shcmi_ratio": 0.4292, "lambda_shcmi": -0.0149, "eta": 0.013, "alpha_f": 0.013, "beta_f": 0.0236, "alpha_c": 0.0233, "beta_c": 0.0277, "scale_gate_mean": 0.2243, "scale_gate_std": 0.3937}
2026-08-20 17:47:03,978 [INFO] Evaluating on val.
Train: data epoch: [28]  [ 0/37]  eta: 0:01:12  lr: 0.000002  loss: 0.2032  time: 1.9691  data: 0.0001  max mem: 4252
Train: data epoch: [28]  [20/37]  eta: 0:00:07  lr: 0.000002  loss: 0.1530  time: 0.3361  data: 0.0000  max mem: 4252
Train: data epoch: [28]  [36/37]  eta: 0:00:00  lr: 0.000002  loss: 0.1351  time: 0.4053  data: 0.0000  max mem: 4252
Train: data epoch: [28] Total time: 0:00:15 (0.4102 s / it)
2026-08-20 17:47:10,005 [INFO] Qual: EPOCH[28] -> PLCC: 0.891424, SROCC: 0.814112, KROCC: 0.626420, LOSS: 0.202880
2026-08-20 17:47:10,005 [INFO] Align: EPOCH[28] -> PLCC: 0.804399, SROCC: 0.632780, KROCC: 0.459261, LOSS: 0.340514
2026-08-20 17:47:10,006 [INFO] Start training
2026-08-20 17:47:10,417 [INFO] Start training epoch 29, 37 iters per inner epoch.
2026-08-20 17:47:20,283 [INFO] Averaged stats: lr: 0.000001  loss: 0.153618
2026-08-20 17:47:20,389 [INFO] gates: {"epoch": 29, "shcmi_ratio": 0.4772, "lambda_shcmi": -0.0149, "eta": 0.013, "alpha_f": 0.013, "beta_f": 0.0236, "alpha_c": 0.0233, "beta_c": 0.0277, "scale_gate_mean": 0.1486, "scale_gate_std": 0.3391}
2026-08-20 17:47:20,389 [INFO] Evaluating on val.
Train: data epoch: [29]  [ 0/37]  eta: 0:01:15  lr: 0.000001  loss: 0.1275  time: 2.0457  data: 0.0001  max mem: 4252
Train: data epoch: [29]  [20/37]  eta: 0:00:05  lr: 0.000001  loss: 0.1657  time: 0.2223  data: 0.0000  max mem: 4252
Train: data epoch: [29]  [36/37]  eta: 0:00:00  lr: 0.000001  loss: 0.1936  time: 0.2110  data: 0.0000  max mem: 4252
Train: data epoch: [29] Total time: 0:00:09 (0.2666 s / it)
2026-08-20 17:47:24,952 [INFO] Qual: EPOCH[29] -> PLCC: 0.891420, SROCC: 0.814050, KROCC: 0.626218, LOSS: 0.204196
2026-08-20 17:47:24,953 [INFO] Align: EPOCH[29] -> PLCC: 0.803877, SROCC: 0.633329, KROCC: 0.459474, LOSS: 0.342358
2026-08-20 17:47:24,966 [INFO] Saving checkpoint at epoch 29 to run/20260820173_B2_shcmi/checkpoint_latest.pth.
[{'agg_metrics': np.float64(4.255947290510478), 'qual_agg': np.float64(2.3116857420076298), 'qual_PLCC': np.float64(0.8875409536051799), 'qual_SROCC': np.float64(0.8065568649314918), 'qual_KROCC': np.float64(0.617587923470958), 'align_agg': np.float64(1.9442615485028483), 'align_PLCC': np.float64(0.8090942357436728), 'align_SROCC': np.float64(0.6564382516529003), 'align_KROCC': np.float64(0.47872906110627533)}]
{'agg_metrics': np.float64(4.255947290510478), 'qual_agg': np.float64(2.3116857420076298), 'qual_PLCC': np.float64(0.8875409536051799), 'qual_SROCC': np.float64(0.8065568649314918), 'qual_KROCC': np.float64(0.617587923470958), 'align_agg': np.float64(1.9442615485028483), 'align_PLCC': np.float64(0.8090942357436728), 'align_SROCC': np.float64(0.6564382516529003), 'align_KROCC': np.float64(0.47872906110627533)}
