2026-08-20 16:28:36,350 [INFO] Start training
2026-08-20 16:28:37,149 [INFO] number of trainable parameters: 5813513
Not using distributed mode
['msqr_baseline', 'msqr_shcmi_taf']
Position interpolate from 7x7 to 16x16
Freezing <class 'clip.model.Transformer'> ...
Freezing <class 'torch.nn.modules.sparse.Embedding'> ...
Freezing <class 'clip.model.LayerNorm'> ...
Freezing <class 'torch.nn.parameter.Parameter'> ...
Freezing <class 'torch.nn.parameter.Parameter'> ...
2026-08-20 16:28:38,352 [INFO] Start training epoch 0, 37 iters per inner epoch.
2026-08-20 16:29:04,608 [INFO] Averaged stats: lr: 0.000036  loss: 6.390971
2026-08-20 16:29:04,813 [INFO] gates: {"epoch": 0, "shcmi_ratio": 0.0011, "lambda_shcmi": -0.0016, "eta": 0.0111, "alpha_f": 0.0113, "beta_f": 0.0085, "alpha_c": 0.0115, "beta_c": 0.0104, "scale_gate_mean": 0.541, "scale_gate_std": 0.0038}
2026-08-20 16:29:04,814 [INFO] Evaluating on val.
Train: data epoch: [0]  [ 0/37]  eta: 0:02:53  lr: 0.000000  loss: 7.4815  time: 4.6867  data: 0.0001  max mem: 2399
Train: data epoch: [0]  [20/37]  eta: 0:00:13  lr: 0.000040  loss: 7.2895  time: 0.6202  data: 0.0000  max mem: 2460
Train: data epoch: [0]  [36/37]  eta: 0:00:00  lr: 0.000072  loss: 4.3649  time: 0.5787  data: 0.0000  max mem: 2460
Train: data epoch: [0] Total time: 0:00:26 (0.7096 s / it)
2026-08-20 16:29:14,878 [INFO] Qual: EPOCH[0] -> PLCC: 0.005780, SROCC: -0.002015, KROCC: -0.001474, LOSS: 4.472457
2026-08-20 16:29:14,878 [INFO] Align: EPOCH[0] -> PLCC: 0.019883, SROCC: 0.014998, KROCC: 0.009818, LOSS: 4.315307
2026-08-20 16:29:14,890 [INFO] Saving checkpoint at epoch 0 to run/20260820162_B2_shcmi/checkpoint_best.pth.
2026-08-20 16:29:15,018 [INFO] Saving checkpoint at epoch 0 to run/20260820162_B2_shcmi/checkpoint_best_joint.pth.
2026-08-20 16:29:15,132 [INFO] Start training
2026-08-20 16:29:15,469 [INFO] Start training epoch 1, 37 iters per inner epoch.
2026-08-20 16:29:41,750 [INFO] Averaged stats: lr: 0.000100  loss: 1.520919
2026-08-20 16:29:41,973 [INFO] gates: {"epoch": 1, "shcmi_ratio": 0.0015, "lambda_shcmi": -0.0025, "eta": 0.0108, "alpha_f": 0.011, "beta_f": 0.0074, "alpha_c": 0.0112, "beta_c": 0.0101, "scale_gate_mean": 0.3311, "scale_gate_std": 0.0133}
2026-08-20 16:29:41,973 [INFO] Evaluating on val.
Train: data epoch: [1]  [ 0/37]  eta: 0:03:46  lr: 0.000100  loss: 3.8776  time: 6.1135  data: 0.0001  max mem: 4252
Train: data epoch: [1]  [20/37]  eta: 0:00:14  lr: 0.000100  loss: 1.0912  time: 0.5628  data: 0.0000  max mem: 4252
Train: data epoch: [1]  [36/37]  eta: 0:00:00  lr: 0.000100  loss: 0.8763  time: 0.5489  data: 0.0000  max mem: 4252
Train: data epoch: [1] Total time: 0:00:26 (0.7103 s / it)
2026-08-20 16:29:53,192 [INFO] Qual: EPOCH[1] -> PLCC: 0.070830, SROCC: 0.092278, KROCC: 0.062519, LOSS: 1.037953
2026-08-20 16:29:53,192 [INFO] Align: EPOCH[1] -> PLCC: 0.106426, SROCC: 0.108427, KROCC: 0.075294, LOSS: 0.982910
2026-08-20 16:29:53,208 [INFO] Saving checkpoint at epoch 1 to run/20260820162_B2_shcmi/checkpoint_best.pth.
2026-08-20 16:29:53,378 [INFO] Saving checkpoint at epoch 1 to run/20260820162_B2_shcmi/checkpoint_best_joint.pth.
2026-08-20 16:29:53,516 [INFO] Start training
2026-08-20 16:29:53,832 [INFO] Start training epoch 2, 37 iters per inner epoch.
2026-08-20 16:30:18,389 [INFO] Averaged stats: lr: 0.000099  loss: 0.943960
2026-08-20 16:30:18,486 [INFO] gates: {"epoch": 2, "shcmi_ratio": 0.0068, "lambda_shcmi": -0.0034, "eta": 0.0106, "alpha_f": 0.0108, "beta_f": 0.0073, "alpha_c": 0.0113, "beta_c": 0.0119, "scale_gate_mean": 0.0113, "scale_gate_std": 0.0254}
2026-08-20 16:30:18,486 [INFO] Evaluating on val.
Train: data epoch: [2]  [ 0/37]  eta: 0:02:41  lr: 0.000099  loss: 0.7472  time: 4.3758  data: 0.0001  max mem: 4252
Train: data epoch: [2]  [20/37]  eta: 0:00:12  lr: 0.000099  loss: 0.7808  time: 0.5451  data: 0.0000  max mem: 4252
Train: data epoch: [2]  [36/37]  eta: 0:00:00  lr: 0.000099  loss: 0.7277  time: 0.5582  data: 0.0000  max mem: 4252
Train: data epoch: [2] Total time: 0:00:24 (0.6637 s / it)
2026-08-20 16:30:28,139 [INFO] Qual: EPOCH[2] -> PLCC: 0.308061, SROCC: 0.349790, KROCC: 0.238276, LOSS: 0.893510
2026-08-20 16:30:28,139 [INFO] Align: EPOCH[2] -> PLCC: 0.291983, SROCC: 0.301451, KROCC: 0.205887, LOSS: 0.878691
2026-08-20 16:30:28,151 [INFO] Saving checkpoint at epoch 2 to run/20260820162_B2_shcmi/checkpoint_best.pth.
2026-08-20 16:30:28,321 [INFO] Saving checkpoint at epoch 2 to run/20260820162_B2_shcmi/checkpoint_best_joint.pth.
2026-08-20 16:30:28,455 [INFO] Start training
2026-08-20 16:30:28,751 [INFO] Start training epoch 3, 37 iters per inner epoch.
2026-08-20 16:30:54,259 [INFO] Averaged stats: lr: 0.000098  loss: 0.716278
2026-08-20 16:30:54,361 [INFO] gates: {"epoch": 3, "shcmi_ratio": 0.1431, "lambda_shcmi": -0.0091, "eta": 0.0126, "alpha_f": 0.0119, "beta_f": 0.0082, "alpha_c": 0.0168, "beta_c": 0.0198, "scale_gate_mean": 0.1384, "scale_gate_std": 0.3101}
2026-08-20 16:30:54,362 [INFO] Evaluating on val.
Train: data epoch: [3]  [ 0/37]  eta: 0:01:29  lr: 0.000098  loss: 0.9327  time: 2.4300  data: 0.0001  max mem: 4252
Train: data epoch: [3]  [20/37]  eta: 0:00:12  lr: 0.000098  loss: 0.5514  time: 0.6655  data: 0.0000  max mem: 4252
Train: data epoch: [3]  [36/37]  eta: 0:00:00  lr: 0.000098  loss: 0.3708  time: 0.5845  data: 0.0000  max mem: 4252
Train: data epoch: [3] Total time: 0:00:25 (0.6894 s / it)
2026-08-20 16:31:04,126 [INFO] Qual: EPOCH[3] -> PLCC: 0.787754, SROCC: 0.725370, KROCC: 0.532720, LOSS: 0.436200
2026-08-20 16:31:04,126 [INFO] Align: EPOCH[3] -> PLCC: 0.679994, SROCC: 0.607120, KROCC: 0.429404, LOSS: 0.568300
2026-08-20 16:31:04,137 [INFO] Saving checkpoint at epoch 3 to run/20260820162_B2_shcmi/checkpoint_best.pth.
2026-08-20 16:31:04,303 [INFO] Saving checkpoint at epoch 3 to run/20260820162_B2_shcmi/checkpoint_best_joint.pth.
2026-08-20 16:31:04,434 [INFO] Start training
2026-08-20 16:31:04,818 [INFO] Start training epoch 4, 37 iters per inner epoch.
2026-08-20 16:31:31,126 [INFO] Averaged stats: lr: 0.000096  loss: 0.353287
2026-08-20 16:31:31,222 [INFO] gates: {"epoch": 4, "shcmi_ratio": 0.4723, "lambda_shcmi": -0.0126, "eta": 0.0132, "alpha_f": 0.0123, "beta_f": 0.0102, "alpha_c": 0.0209, "beta_c": 0.0233, "scale_gate_mean": 0.1084, "scale_gate_std": 0.304}
2026-08-20 16:31:31,222 [INFO] Evaluating on val.
Train: data epoch: [4]  [ 0/37]  eta: 0:03:13  lr: 0.000096  loss: 0.4235  time: 5.2319  data: 0.0001  max mem: 4252
Train: data epoch: [4]  [20/37]  eta: 0:00:13  lr: 0.000096  loss: 0.3343  time: 0.5724  data: 0.0000  max mem: 4252
Train: data epoch: [4]  [36/37]  eta: 0:00:00  lr: 0.000096  loss: 0.2305  time: 0.6032  data: 0.0000  max mem: 4252
Train: data epoch: [4] Total time: 0:00:26 (0.7110 s / it)
2026-08-20 16:31:41,016 [INFO] Qual: EPOCH[4] -> PLCC: 0.864139, SROCC: 0.785639, KROCC: 0.594208, LOSS: 0.262377
2026-08-20 16:31:41,016 [INFO] Align: EPOCH[4] -> PLCC: 0.771137, SROCC: 0.652529, KROCC: 0.473966, LOSS: 0.386879
2026-08-20 16:31:41,029 [INFO] Saving checkpoint at epoch 4 to run/20260820162_B2_shcmi/checkpoint_best.pth.
2026-08-20 16:31:41,184 [INFO] Saving checkpoint at epoch 4 to run/20260820162_B2_shcmi/checkpoint_best_joint.pth.
2026-08-20 16:31:41,331 [INFO] Start training
2026-08-20 16:31:41,682 [INFO] Start training epoch 5, 37 iters per inner epoch.
2026-08-20 16:32:07,671 [INFO] Averaged stats: lr: 0.000093  loss: 0.289576
2026-08-20 16:32:07,814 [INFO] gates: {"epoch": 5, "shcmi_ratio": 0.4327, "lambda_shcmi": -0.013, "eta": 0.0131, "alpha_f": 0.0124, "beta_f": 0.0124, "alpha_c": 0.0214, "beta_c": 0.0241, "scale_gate_mean": 0.2542, "scale_gate_std": 0.4226}
2026-08-20 16:32:07,814 [INFO] Evaluating on val.
Train: data epoch: [5]  [ 0/37]  eta: 0:03:16  lr: 0.000093  loss: 0.2590  time: 5.3083  data: 0.0001  max mem: 4252
Train: data epoch: [5]  [20/37]  eta: 0:00:13  lr: 0.000093  loss: 0.2004  time: 0.5620  data: 0.0000  max mem: 4252
Train: data epoch: [5]  [36/37]  eta: 0:00:00  lr: 0.000093  loss: 0.2907  time: 0.5943  data: 0.0000  max mem: 4252
Train: data epoch: [5] Total time: 0:00:25 (0.7024 s / it)
2026-08-20 16:32:17,347 [INFO] Qual: EPOCH[5] -> PLCC: 0.874971, SROCC: 0.792892, KROCC: 0.601908, LOSS: 0.237313
2026-08-20 16:32:17,348 [INFO] Align: EPOCH[5] -> PLCC: 0.790789, SROCC: 0.659727, KROCC: 0.480085, LOSS: 0.356486
2026-08-20 16:32:17,358 [INFO] Saving checkpoint at epoch 5 to run/20260820162_B2_shcmi/checkpoint_best.pth.
2026-08-20 16:32:17,529 [INFO] Saving checkpoint at epoch 5 to run/20260820162_B2_shcmi/checkpoint_best_joint.pth.
2026-08-20 16:32:17,653 [INFO] Start training
2026-08-20 16:32:17,964 [INFO] Start training epoch 6, 37 iters per inner epoch.
2026-08-20 16:32:43,770 [INFO] Averaged stats: lr: 0.000091  loss: 0.264235
2026-08-20 16:32:43,962 [INFO] gates: {"epoch": 6, "shcmi_ratio": 0.41, "lambda_shcmi": -0.0132, "eta": 0.013, "alpha_f": 0.0124, "beta_f": 0.0156, "alpha_c": 0.0215, "beta_c": 0.0245, "scale_gate_mean": 0.2634, "scale_gate_std": 0.4255}
2026-08-20 16:32:43,962 [INFO] Evaluating on val.
Train: data epoch: [6]  [ 0/37]  eta: 0:02:56  lr: 0.000091  loss: 0.2008  time: 4.7831  data: 0.0001  max mem: 4252
Train: data epoch: [6]  [20/37]  eta: 0:00:13  lr: 0.000091  loss: 0.2378  time: 0.6143  data: 0.0000  max mem: 4252
Train: data epoch: [6]  [36/37]  eta: 0:00:00  lr: 0.000091  loss: 0.3105  time: 0.5590  data: 0.0000  max mem: 4252
Train: data epoch: [6] Total time: 0:00:25 (0.6974 s / it)
2026-08-20 16:32:52,871 [INFO] Qual: EPOCH[6] -> PLCC: 0.877193, SROCC: 0.799380, KROCC: 0.609596, LOSS: 0.226266
2026-08-20 16:32:52,871 [INFO] Align: EPOCH[6] -> PLCC: 0.799558, SROCC: 0.663926, KROCC: 0.486339, LOSS: 0.341764
2026-08-20 16:32:52,896 [INFO] Saving checkpoint at epoch 6 to run/20260820162_B2_shcmi/checkpoint_best.pth.
2026-08-20 16:32:53,176 [INFO] Saving checkpoint at epoch 6 to run/20260820162_B2_shcmi/checkpoint_best_joint.pth.
2026-08-20 16:32:53,393 [INFO] Start training
2026-08-20 16:32:53,896 [INFO] Start training epoch 7, 37 iters per inner epoch.
2026-08-20 16:33:17,180 [INFO] Averaged stats: lr: 0.000087  loss: 0.247164
2026-08-20 16:33:17,257 [INFO] gates: {"epoch": 7, "shcmi_ratio": 0.4595, "lambda_shcmi": -0.0133, "eta": 0.0127, "alpha_f": 0.0125, "beta_f": 0.0169, "alpha_c": 0.0217, "beta_c": 0.0247, "scale_gate_mean": 0.1916, "scale_gate_std": 0.3814}
2026-08-20 16:33:17,257 [INFO] Evaluating on val.
Train: data epoch: [7]  [ 0/37]  eta: 0:01:54  lr: 0.000087  loss: 0.3010  time: 3.0959  data: 0.0001  max mem: 4252
Train: data epoch: [7]  [20/37]  eta: 0:00:11  lr: 0.000087  loss: 0.2478  time: 0.5715  data: 0.0000  max mem: 4252
Train: data epoch: [7]  [36/37]  eta: 0:00:00  lr: 0.000087  loss: 0.3175  time: 0.5209  data: 0.0000  max mem: 4252
Train: data epoch: [7] Total time: 0:00:23 (0.6293 s / it)
2026-08-20 16:33:27,937 [INFO] Qual: EPOCH[7] -> PLCC: 0.883765, SROCC: 0.803146, KROCC: 0.613015, LOSS: 0.251002
2026-08-20 16:33:27,937 [INFO] Align: EPOCH[7] -> PLCC: 0.803218, SROCC: 0.662964, KROCC: 0.483885, LOSS: 0.346909
2026-08-20 16:33:27,948 [INFO] Saving checkpoint at epoch 7 to run/20260820162_B2_shcmi/checkpoint_best.pth.
2026-08-20 16:33:28,111 [INFO] Saving checkpoint at epoch 7 to run/20260820162_B2_shcmi/checkpoint_best_joint.pth.
2026-08-20 16:33:28,234 [INFO] Start training
2026-08-20 16:33:28,575 [INFO] Start training epoch 8, 37 iters per inner epoch.
2026-08-20 16:33:50,156 [INFO] Averaged stats: lr: 0.000084  loss: 0.237445
2026-08-20 16:33:50,257 [INFO] gates: {"epoch": 8, "shcmi_ratio": 0.4212, "lambda_shcmi": -0.0135, "eta": 0.0127, "alpha_f": 0.0126, "beta_f": 0.0186, "alpha_c": 0.0217, "beta_c": 0.025, "scale_gate_mean": 0.2731, "scale_gate_std": 0.4348}
2026-08-20 16:33:50,257 [INFO] Evaluating on val.
Train: data epoch: [8]  [ 0/37]  eta: 0:01:22  lr: 0.000084  loss: 0.2633  time: 2.2301  data: 0.0001  max mem: 4252
Train: data epoch: [8]  [20/37]  eta: 0:00:11  lr: 0.000084  loss: 0.3666  time: 0.5938  data: 0.0000  max mem: 4252
Train: data epoch: [8]  [36/37]  eta: 0:00:00  lr: 0.000084  loss: 0.2632  time: 0.4658  data: 0.0000  max mem: 4252
Train: data epoch: [8] Total time: 0:00:21 (0.5832 s / it)
2026-08-20 16:33:55,551 [INFO] Qual: EPOCH[8] -> PLCC: 0.885839, SROCC: 0.805391, KROCC: 0.615470, LOSS: 0.227301
2026-08-20 16:33:55,551 [INFO] Align: EPOCH[8] -> PLCC: 0.803075, SROCC: 0.663676, KROCC: 0.483851, LOSS: 0.342112
2026-08-20 16:33:55,566 [INFO] Saving checkpoint at epoch 8 to run/20260820162_B2_shcmi/checkpoint_best.pth.
2026-08-20 16:33:55,986 [INFO] Saving checkpoint at epoch 8 to run/20260820162_B2_shcmi/checkpoint_best_joint.pth.
2026-08-20 16:33:56,345 [INFO] Start training
2026-08-20 16:33:56,830 [INFO] Start training epoch 9, 37 iters per inner epoch.
2026-08-20 16:34:21,534 [INFO] Averaged stats: lr: 0.000080  loss: 0.222952
2026-08-20 16:34:21,644 [INFO] gates: {"epoch": 9, "shcmi_ratio": 0.4169, "lambda_shcmi": -0.0136, "eta": 0.0126, "alpha_f": 0.0126, "beta_f": 0.0204, "alpha_c": 0.0219, "beta_c": 0.0254, "scale_gate_mean": 0.2725, "scale_gate_std": 0.4406}
2026-08-20 16:34:21,645 [INFO] Evaluating on val.
Train: data epoch: [9]  [ 0/37]  eta: 0:02:50  lr: 0.000080  loss: 0.2423  time: 4.6198  data: 0.0001  max mem: 4252
Train: data epoch: [9]  [20/37]  eta: 0:00:13  lr: 0.000080  loss: 0.2144  time: 0.6121  data: 0.0000  max mem: 4252
Train: data epoch: [9]  [36/37]  eta: 0:00:00  lr: 0.000080  loss: 0.2216  time: 0.5148  data: 0.0000  max mem: 4252
Train: data epoch: [9] Total time: 0:00:24 (0.6677 s / it)
2026-08-20 16:34:28,867 [INFO] Qual: EPOCH[9] -> PLCC: 0.886173, SROCC: 0.804257, KROCC: 0.615122, LOSS: 0.215063
2026-08-20 16:34:28,867 [INFO] Align: EPOCH[9] -> PLCC: 0.807694, SROCC: 0.660375, KROCC: 0.481789, LOSS: 0.337067
2026-08-20 16:34:28,885 [INFO] Saving checkpoint at epoch 9 to run/20260820162_B2_shcmi/checkpoint_best_joint.pth.
2026-08-20 16:34:29,203 [INFO] Start training
2026-08-20 16:34:29,793 [INFO] Start training epoch 10, 37 iters per inner epoch.
2026-08-20 16:34:54,811 [INFO] Averaged stats: lr: 0.000075  loss: 0.214529
2026-08-20 16:34:55,000 [INFO] gates: {"epoch": 10, "shcmi_ratio": 0.4958, "lambda_shcmi": -0.0139, "eta": 0.0127, "alpha_f": 0.0126, "beta_f": 0.0216, "alpha_c": 0.0221, "beta_c": 0.0258, "scale_gate_mean": 0.1938, "scale_gate_std": 0.3876}
2026-08-20 16:34:55,000 [INFO] Evaluating on val.
Train: data epoch: [10]  [ 0/37]  eta: 0:02:46  lr: 0.000075  loss: 0.2547  time: 4.5090  data: 0.0001  max mem: 4252
Train: data epoch: [10]  [20/37]  eta: 0:00:13  lr: 0.000075  loss: 0.1471  time: 0.5814  data: 0.0000  max mem: 4252
Train: data epoch: [10]  [36/37]  eta: 0:00:00  lr: 0.000075  loss: 0.2059  time: 0.5397  data: 0.0000  max mem: 4252
Train: data epoch: [10] Total time: 0:00:25 (0.6761 s / it)
2026-08-20 16:35:04,973 [INFO] Qual: EPOCH[10] -> PLCC: 0.887541, SROCC: 0.806557, KROCC: 0.617588, LOSS: 0.209267
2026-08-20 16:35:04,973 [INFO] Align: EPOCH[10] -> PLCC: 0.809094, SROCC: 0.656438, KROCC: 0.478729, LOSS: 0.330225
2026-08-20 16:35:04,986 [INFO] Saving checkpoint at epoch 10 to run/20260820162_B2_shcmi/checkpoint_best.pth.
2026-08-20 16:35:05,138 [INFO] Saving checkpoint at epoch 10 to run/20260820162_B2_shcmi/checkpoint_best_joint.pth.
2026-08-20 16:35:05,285 [INFO] Start training
2026-08-20 16:35:05,624 [INFO] Start training epoch 11, 37 iters per inner epoch.
2026-08-20 16:35:27,721 [INFO] Averaged stats: lr: 0.000071  loss: 0.203732
2026-08-20 16:35:27,916 [INFO] gates: {"epoch": 11, "shcmi_ratio": 0.488, "lambda_shcmi": -0.0141, "eta": 0.0127, "alpha_f": 0.0127, "beta_f": 0.0226, "alpha_c": 0.0221, "beta_c": 0.0261, "scale_gate_mean": 0.2035, "scale_gate_std": 0.3903}
2026-08-20 16:35:27,917 [INFO] Evaluating on val.
Train: data epoch: [11]  [ 0/37]  eta: 0:01:42  lr: 0.000071  loss: 0.1790  time: 2.7718  data: 0.0001  max mem: 4252
Train: data epoch: [11]  [20/37]  eta: 0:00:11  lr: 0.000071  loss: 0.1989  time: 0.5617  data: 0.0000  max mem: 4252
Train: data epoch: [11]  [36/37]  eta: 0:00:00  lr: 0.000071  loss: 0.1910  time: 0.5162  data: 0.0000  max mem: 4252
Train: data epoch: [11] Total time: 0:00:22 (0.5972 s / it)
2026-08-20 16:35:37,959 [INFO] Qual: EPOCH[11] -> PLCC: 0.887546, SROCC: 0.806631, KROCC: 0.618350, LOSS: 0.213274
2026-08-20 16:35:37,959 [INFO] Align: EPOCH[11] -> PLCC: 0.810341, SROCC: 0.653555, KROCC: 0.477238, LOSS: 0.329125
2026-08-20 16:35:37,973 [INFO] Saving checkpoint at epoch 11 to run/20260820162_B2_shcmi/checkpoint_best.pth.
2026-08-20 16:35:38,132 [INFO] Start training
2026-08-20 16:35:38,460 [INFO] Start training epoch 12, 37 iters per inner epoch.
2026-08-20 16:35:59,969 [INFO] Averaged stats: lr: 0.000066  loss: 0.195999
2026-08-20 16:36:00,075 [INFO] gates: {"epoch": 12, "shcmi_ratio": 0.4271, "lambda_shcmi": -0.0141, "eta": 0.0126, "alpha_f": 0.0127, "beta_f": 0.0228, "alpha_c": 0.0221, "beta_c": 0.0262, "scale_gate_mean": 0.2783, "scale_gate_std": 0.4392}
2026-08-20 16:36:00,076 [INFO] Evaluating on val.
Train: data epoch: [12]  [ 0/37]  eta: 0:01:10  lr: 0.000066  loss: 0.1934  time: 1.9057  data: 0.0001  max mem: 4252
Train: data epoch: [12]  [20/37]  eta: 0:00:10  lr: 0.000066  loss: 0.1776  time: 0.5738  data: 0.0000  max mem: 4252
Train: data epoch: [12]  [36/37]  eta: 0:00:00  lr: 0.000066  loss: 0.1697  time: 0.5278  data: 0.0000  max mem: 4252
Train: data epoch: [12] Total time: 0:00:21 (0.5813 s / it)
2026-08-20 16:36:08,995 [INFO] Qual: EPOCH[12] -> PLCC: 0.889455, SROCC: 0.808570, KROCC: 0.620334, LOSS: 0.214396
2026-08-20 16:36:08,995 [INFO] Align: EPOCH[12] -> PLCC: 0.807415, SROCC: 0.651858, KROCC: 0.475154, LOSS: 0.344300
2026-08-20 16:36:09,005 [INFO] Saving checkpoint at epoch 12 to run/20260820162_B2_shcmi/checkpoint_best.pth.
2026-08-20 16:36:09,140 [INFO] Start training
2026-08-20 16:36:09,440 [INFO] Start training epoch 13, 37 iters per inner epoch.
2026-08-20 16:36:31,153 [INFO] Averaged stats: lr: 0.000061  loss: 0.194786
2026-08-20 16:36:31,269 [INFO] gates: {"epoch": 13, "shcmi_ratio": 0.4492, "lambda_shcmi": -0.0142, "eta": 0.0125, "alpha_f": 0.0126, "beta_f": 0.0235, "alpha_c": 0.0219, "beta_c": 0.0264, "scale_gate_mean": 0.2469, "scale_gate_std": 0.4212}
2026-08-20 16:36:31,269 [INFO] Evaluating on val.
Train: data epoch: [13]  [ 0/37]  eta: 0:01:30  lr: 0.000061  loss: 0.2331  time: 2.4562  data: 0.0001  max mem: 4252
Train: data epoch: [13]  [20/37]  eta: 0:00:11  lr: 0.000061  loss: 0.2246  time: 0.5686  data: 0.0000  max mem: 4252
Train: data epoch: [13]  [36/37]  eta: 0:00:00  lr: 0.000061  loss: 0.1633  time: 0.5173  data: 0.0000  max mem: 4252
Train: data epoch: [13] Total time: 0:00:21 (0.5868 s / it)
2026-08-20 16:36:40,727 [INFO] Qual: EPOCH[13] -> PLCC: 0.887393, SROCC: 0.811601, KROCC: 0.622889, LOSS: 0.210372
2026-08-20 16:36:40,727 [INFO] Align: EPOCH[13] -> PLCC: 0.806360, SROCC: 0.647161, KROCC: 0.472643, LOSS: 0.337754
2026-08-20 16:36:40,740 [INFO] Saving checkpoint at epoch 13 to run/20260820162_B2_shcmi/checkpoint_best.pth.
2026-08-20 16:36:40,894 [INFO] Start training
2026-08-20 16:36:41,270 [INFO] Start training epoch 14, 37 iters per inner epoch.
2026-08-20 16:37:04,395 [INFO] Averaged stats: lr: 0.000056  loss: 0.185832
2026-08-20 16:37:04,490 [INFO] gates: {"epoch": 14, "shcmi_ratio": 0.4124, "lambda_shcmi": -0.0143, "eta": 0.0126, "alpha_f": 0.0127, "beta_f": 0.0235, "alpha_c": 0.0219, "beta_c": 0.0266, "scale_gate_mean": 0.2385, "scale_gate_std": 0.4143}
2026-08-20 16:37:04,490 [INFO] Evaluating on val.
Train: data epoch: [14]  [ 0/37]  eta: 0:01:59  lr: 0.000056  loss: 0.1853  time: 3.2371  data: 0.0001  max mem: 4252
Train: data epoch: [14]  [20/37]  eta: 0:00:11  lr: 0.000056  loss: 0.1996  time: 0.5727  data: 0.0000  max mem: 4252
Train: data epoch: [14]  [36/37]  eta: 0:00:00  lr: 0.000056  loss: 0.2977  time: 0.5433  data: 0.0000  max mem: 4252
Train: data epoch: [14] Total time: 0:00:23 (0.6250 s / it)
2026-08-20 16:37:15,950 [INFO] Qual: EPOCH[14] -> PLCC: 0.890613, SROCC: 0.810073, KROCC: 0.622150, LOSS: 0.202378
2026-08-20 16:37:15,950 [INFO] Align: EPOCH[14] -> PLCC: 0.807549, SROCC: 0.646154, KROCC: 0.470917, LOSS: 0.337806
2026-08-20 16:37:15,972 [INFO] Saving checkpoint at epoch 14 to run/20260820162_B2_shcmi/checkpoint_best.pth.
2026-08-20 16:37:16,160 [INFO] Start training
2026-08-20 16:37:16,501 [INFO] Start training epoch 15, 37 iters per inner epoch.
2026-08-20 16:37:38,073 [INFO] Averaged stats: lr: 0.000050  loss: 0.177148
2026-08-20 16:37:38,244 [INFO] gates: {"epoch": 15, "shcmi_ratio": 0.4454, "lambda_shcmi": -0.0144, "eta": 0.0127, "alpha_f": 0.0128, "beta_f": 0.0235, "alpha_c": 0.0222, "beta_c": 0.0267, "scale_gate_mean": 0.2346, "scale_gate_std": 0.4113}
2026-08-20 16:37:38,245 [INFO] Evaluating on val.
Train: data epoch: [15]  [ 0/37]  eta: 0:01:45  lr: 0.000051  loss: 0.1560  time: 2.8479  data: 0.0001  max mem: 4252
Train: data epoch: [15]  [20/37]  eta: 0:00:10  lr: 0.000051  loss: 0.1462  time: 0.4912  data: 0.0000  max mem: 4252
Train: data epoch: [15]  [36/37]  eta: 0:00:00  lr: 0.000051  loss: 0.1427  time: 0.4973  data: 0.0000  max mem: 4252
Train: data epoch: [15] Total time: 0:00:21 (0.5830 s / it)
2026-08-20 16:37:49,075 [INFO] Qual: EPOCH[15] -> PLCC: 0.891353, SROCC: 0.811898, KROCC: 0.623674, LOSS: 0.206194
2026-08-20 16:37:49,075 [INFO] Align: EPOCH[15] -> PLCC: 0.806449, SROCC: 0.642913, KROCC: 0.467521, LOSS: 0.337070
2026-08-20 16:37:49,088 [INFO] Saving checkpoint at epoch 15 to run/20260820162_B2_shcmi/checkpoint_best.pth.
2026-08-20 16:37:49,279 [INFO] Saving checkpoint at epoch 15 to run/20260820162_B2_shcmi/checkpoint_latest.pth.
2026-08-20 16:37:49,396 [INFO] Start training
2026-08-20 16:37:49,724 [INFO] Start training epoch 16, 37 iters per inner epoch.
2026-08-20 16:38:10,807 [INFO] Averaged stats: lr: 0.000045  loss: 0.174858
2026-08-20 16:38:10,957 [INFO] gates: {"epoch": 16, "shcmi_ratio": 0.4739, "lambda_shcmi": -0.0145, "eta": 0.0128, "alpha_f": 0.0128, "beta_f": 0.0234, "alpha_c": 0.0224, "beta_c": 0.0269, "scale_gate_mean": 0.2011, "scale_gate_std": 0.3878}
2026-08-20 16:38:10,957 [INFO] Evaluating on val.
Train: data epoch: [16]  [ 0/37]  eta: 0:01:07  lr: 0.000045  loss: 0.1826  time: 1.8268  data: 0.0001  max mem: 4252
Train: data epoch: [16]  [20/37]  eta: 0:00:09  lr: 0.000045  loss: 0.1777  time: 0.4866  data: 0.0000  max mem: 4252
Train: data epoch: [16]  [36/37]  eta: 0:00:00  lr: 0.000045  loss: 0.2113  time: 0.5365  data: 0.0000  max mem: 4252
Train: data epoch: [16] Total time: 0:00:21 (0.5698 s / it)
2026-08-20 16:38:22,255 [INFO] Qual: EPOCH[16] -> PLCC: 0.891328, SROCC: 0.812129, KROCC: 0.624077, LOSS: 0.202759
2026-08-20 16:38:22,255 [INFO] Align: EPOCH[16] -> PLCC: 0.806106, SROCC: 0.639706, KROCC: 0.465067, LOSS: 0.342512
2026-08-20 16:38:22,267 [INFO] Saving checkpoint at epoch 16 to run/20260820162_B2_shcmi/checkpoint_best.pth.
2026-08-20 16:38:22,384 [INFO] Start training
2026-08-20 16:38:22,710 [INFO] Start training epoch 17, 37 iters per inner epoch.
2026-08-20 16:38:44,679 [INFO] Averaged stats: lr: 0.000040  loss: 0.171209
2026-08-20 16:38:44,861 [INFO] gates: {"epoch": 17, "shcmi_ratio": 0.4485, "lambda_shcmi": -0.0145, "eta": 0.0127, "alpha_f": 0.0129, "beta_f": 0.0234, "alpha_c": 0.0225, "beta_c": 0.027, "scale_gate_mean": 0.1776, "scale_gate_std": 0.3742}
2026-08-20 16:38:44,861 [INFO] Evaluating on val.
Train: data epoch: [17]  [ 0/37]  eta: 0:01:30  lr: 0.000040  loss: 0.2581  time: 2.4594  data: 0.0001  max mem: 4252
Train: data epoch: [17]  [20/37]  eta: 0:00:10  lr: 0.000040  loss: 0.1740  time: 0.5083  data: 0.0000  max mem: 4252
Train: data epoch: [17]  [36/37]  eta: 0:00:00  lr: 0.000040  loss: 0.1631  time: 0.5571  data: 0.0000  max mem: 4252
Train: data epoch: [17] Total time: 0:00:21 (0.5938 s / it)
2026-08-20 16:38:56,116 [INFO] Qual: EPOCH[17] -> PLCC: 0.890493, SROCC: 0.811382, KROCC: 0.623125, LOSS: 0.203043
2026-08-20 16:38:56,117 [INFO] Align: EPOCH[17] -> PLCC: 0.804919, SROCC: 0.636975, KROCC: 0.463217, LOSS: 0.338363
2026-08-20 16:38:56,117 [INFO] Start training
2026-08-20 16:38:56,427 [INFO] Start training epoch 18, 37 iters per inner epoch.
2026-08-20 16:39:20,881 [INFO] Averaged stats: lr: 0.000035  loss: 0.169011
2026-08-20 16:39:20,990 [INFO] gates: {"epoch": 18, "shcmi_ratio": 0.4304, "lambda_shcmi": -0.0146, "eta": 0.0128, "alpha_f": 0.0129, "beta_f": 0.0234, "alpha_c": 0.0226, "beta_c": 0.0271, "scale_gate_mean": 0.2031, "scale_gate_std": 0.376}
2026-08-20 16:39:20,990 [INFO] Evaluating on val.
Train: data epoch: [18]  [ 0/37]  eta: 0:02:27  lr: 0.000035  loss: 0.1218  time: 3.9827  data: 0.0001  max mem: 4252
Train: data epoch: [18]  [20/37]  eta: 0:00:12  lr: 0.000035  loss: 0.1394  time: 0.5707  data: 0.0000  max mem: 4252
Train: data epoch: [18]  [36/37]  eta: 0:00:00  lr: 0.000035  loss: 0.1708  time: 0.5767  data: 0.0000  max mem: 4252
Train: data epoch: [18] Total time: 0:00:24 (0.6609 s / it)
2026-08-20 16:39:32,115 [INFO] Qual: EPOCH[18] -> PLCC: 0.890546, SROCC: 0.810363, KROCC: 0.621791, LOSS: 0.209045
2026-08-20 16:39:32,115 [INFO] Align: EPOCH[18] -> PLCC: 0.802665, SROCC: 0.635528, KROCC: 0.460651, LOSS: 0.344660
2026-08-20 16:39:32,116 [INFO] Start training
2026-08-20 16:39:32,867 [INFO] Start training epoch 19, 37 iters per inner epoch.
2026-08-20 16:39:58,206 [INFO] Averaged stats: lr: 0.000030  loss: 0.163480
2026-08-20 16:39:58,327 [INFO] gates: {"epoch": 19, "shcmi_ratio": 0.4169, "lambda_shcmi": -0.0147, "eta": 0.0128, "alpha_f": 0.0129, "beta_f": 0.0235, "alpha_c": 0.0227, "beta_c": 0.0272, "scale_gate_mean": 0.2219, "scale_gate_std": 0.4047}
2026-08-20 16:39:58,327 [INFO] Evaluating on val.
Train: data epoch: [19]  [ 0/37]  eta: 0:03:19  lr: 0.000030  loss: 0.1810  time: 5.3906  data: 0.0001  max mem: 4252
Train: data epoch: [19]  [20/37]  eta: 0:00:13  lr: 0.000030  loss: 0.1873  time: 0.5479  data: 0.0000  max mem: 4252
Train: data epoch: [19]  [36/37]  eta: 0:00:00  lr: 0.000030  loss: 0.2313  time: 0.5476  data: 0.0000  max mem: 4252
Train: data epoch: [19] Total time: 0:00:25 (0.6848 s / it)
2026-08-20 16:40:08,164 [INFO] Qual: EPOCH[19] -> PLCC: 0.892062, SROCC: 0.812545, KROCC: 0.624455, LOSS: 0.200899
2026-08-20 16:40:08,165 [INFO] Align: EPOCH[19] -> PLCC: 0.804643, SROCC: 0.635354, KROCC: 0.461335, LOSS: 0.341172
2026-08-20 16:40:08,178 [INFO] Saving checkpoint at epoch 19 to run/20260820162_B2_shcmi/checkpoint_best.pth.
2026-08-20 16:40:08,335 [INFO] Start training
2026-08-20 16:40:08,674 [INFO] Start training epoch 20, 37 iters per inner epoch.
2026-08-20 16:40:30,259 [INFO] Averaged stats: lr: 0.000026  loss: 0.161840
2026-08-20 16:40:30,367 [INFO] gates: {"epoch": 20, "shcmi_ratio": 0.4683, "lambda_shcmi": -0.0147, "eta": 0.0128, "alpha_f": 0.0129, "beta_f": 0.0236, "alpha_c": 0.0228, "beta_c": 0.0273, "scale_gate_mean": 0.1881, "scale_gate_std": 0.3746}
2026-08-20 16:40:30,367 [INFO] Evaluating on val.
Train: data epoch: [20]  [ 0/37]  eta: 0:02:11  lr: 0.000026  loss: 0.1501  time: 3.5452  data: 0.0001  max mem: 4252
Train: data epoch: [20]  [20/37]  eta: 0:00:10  lr: 0.000026  loss: 0.1480  time: 0.4869  data: 0.0000  max mem: 4252
Train: data epoch: [20]  [36/37]  eta: 0:00:00  lr: 0.000026  loss: 0.1275  time: 0.4680  data: 0.0000  max mem: 4252
Train: data epoch: [20] Total time: 0:00:21 (0.5834 s / it)
2026-08-20 16:40:40,170 [INFO] Qual: EPOCH[20] -> PLCC: 0.891280, SROCC: 0.813566, KROCC: 0.625579, LOSS: 0.203833
2026-08-20 16:40:40,170 [INFO] Align: EPOCH[20] -> PLCC: 0.804776, SROCC: 0.634906, KROCC: 0.461554, LOSS: 0.339576
2026-08-20 16:40:40,183 [INFO] Saving checkpoint at epoch 20 to run/20260820162_B2_shcmi/checkpoint_best.pth.
2026-08-20 16:40:40,361 [INFO] Saving checkpoint at epoch 20 to run/20260820162_B2_shcmi/checkpoint_latest.pth.
2026-08-20 16:40:40,509 [INFO] Start training
2026-08-20 16:40:40,847 [INFO] Start training epoch 21, 37 iters per inner epoch.
2026-08-20 16:41:02,431 [INFO] Averaged stats: lr: 0.000021  loss: 0.162208
2026-08-20 16:41:02,690 [INFO] gates: {"epoch": 21, "shcmi_ratio": 0.4195, "lambda_shcmi": -0.0148, "eta": 0.0129, "alpha_f": 0.0129, "beta_f": 0.0236, "alpha_c": 0.023, "beta_c": 0.0274, "scale_gate_mean": 0.2249, "scale_gate_std": 0.3852}
2026-08-20 16:41:02,690 [INFO] Evaluating on val.
Train: data epoch: [21]  [ 0/37]  eta: 0:01:30  lr: 0.000021  loss: 0.1695  time: 2.4553  data: 0.0001  max mem: 4252
Train: data epoch: [21]  [20/37]  eta: 0:00:10  lr: 0.000021  loss: 0.1997  time: 0.5166  data: 0.0000  max mem: 4252
Train: data epoch: [21]  [36/37]  eta: 0:00:00  lr: 0.000021  loss: 0.1546  time: 0.5031  data: 0.0000  max mem: 4252
Train: data epoch: [21] Total time: 0:00:21 (0.5833 s / it)
2026-08-20 16:41:14,203 [INFO] Qual: EPOCH[21] -> PLCC: 0.891727, SROCC: 0.813237, KROCC: 0.625097, LOSS: 0.201597
2026-08-20 16:41:14,203 [INFO] Align: EPOCH[21] -> PLCC: 0.805446, SROCC: 0.635236, KROCC: 0.461615, LOSS: 0.339917
2026-08-20 16:41:14,216 [INFO] Saving checkpoint at epoch 21 to run/20260820162_B2_shcmi/checkpoint_best.pth.
2026-08-20 16:41:14,399 [INFO] Start training
2026-08-20 16:41:14,729 [INFO] Start training epoch 22, 37 iters per inner epoch.
2026-08-20 16:41:37,892 [INFO] Averaged stats: lr: 0.000017  loss: 0.155296
2026-08-20 16:41:37,988 [INFO] gates: {"epoch": 22, "shcmi_ratio": 0.4328, "lambda_shcmi": -0.0148, "eta": 0.0129, "alpha_f": 0.013, "beta_f": 0.0236, "alpha_c": 0.0231, "beta_c": 0.0275, "scale_gate_mean": 0.2731, "scale_gate_std": 0.4333}
2026-08-20 16:41:37,988 [INFO] Evaluating on val.
Train: data epoch: [22]  [ 0/37]  eta: 0:02:07  lr: 0.000017  loss: 0.1721  time: 3.4467  data: 0.0001  max mem: 4252
Train: data epoch: [22]  [20/37]  eta: 0:00:11  lr: 0.000017  loss: 0.1572  time: 0.5536  data: 0.0000  max mem: 4252
Train: data epoch: [22]  [36/37]  eta: 0:00:00  lr: 0.000017  loss: 0.1476  time: 0.5552  data: 0.0000  max mem: 4252
Train: data epoch: [22] Total time: 0:00:23 (0.6260 s / it)
2026-08-20 16:41:47,891 [INFO] Qual: EPOCH[22] -> PLCC: 0.891316, SROCC: 0.812397, KROCC: 0.624201, LOSS: 0.206715
2026-08-20 16:41:47,891 [INFO] Align: EPOCH[22] -> PLCC: 0.803400, SROCC: 0.634286, KROCC: 0.459866, LOSS: 0.345809
2026-08-20 16:41:47,892 [INFO] Start training
2026-08-20 16:41:48,240 [INFO] Start training epoch 23, 37 iters per inner epoch.
2026-08-20 16:42:10,037 [INFO] Averaged stats: lr: 0.000014  loss: 0.155353
2026-08-20 16:42:10,184 [INFO] gates: {"epoch": 23, "shcmi_ratio": 0.405, "lambda_shcmi": -0.0148, "eta": 0.0129, "alpha_f": 0.0129, "beta_f": 0.0236, "alpha_c": 0.0231, "beta_c": 0.0276, "scale_gate_mean": 0.2465, "scale_gate_std": 0.4152}
2026-08-20 16:42:10,185 [INFO] Evaluating on val.
Train: data epoch: [23]  [ 0/37]  eta: 0:01:27  lr: 0.000014  loss: 0.1824  time: 2.3614  data: 0.0001  max mem: 4252
Train: data epoch: [23]  [20/37]  eta: 0:00:10  lr: 0.000014  loss: 0.1540  time: 0.5464  data: 0.0000  max mem: 4252
Train: data epoch: [23]  [36/37]  eta: 0:00:00  lr: 0.000014  loss: 0.1642  time: 0.5476  data: 0.0000  max mem: 4252
Train: data epoch: [23] Total time: 0:00:21 (0.5891 s / it)
2026-08-20 16:42:20,103 [INFO] Qual: EPOCH[23] -> PLCC: 0.890951, SROCC: 0.813931, KROCC: 0.626005, LOSS: 0.202269
2026-08-20 16:42:20,103 [INFO] Align: EPOCH[23] -> PLCC: 0.804930, SROCC: 0.633371, KROCC: 0.459709, LOSS: 0.337948
2026-08-20 16:42:20,104 [INFO] Start training
2026-08-20 16:42:20,438 [INFO] Start training epoch 24, 37 iters per inner epoch.
2026-08-20 16:42:41,928 [INFO] Averaged stats: lr: 0.000010  loss: 0.154864
2026-08-20 16:42:42,075 [INFO] gates: {"epoch": 24, "shcmi_ratio": 0.434, "lambda_shcmi": -0.0148, "eta": 0.0129, "alpha_f": 0.013, "beta_f": 0.0236, "alpha_c": 0.0232, "beta_c": 0.0276, "scale_gate_mean": 0.2326, "scale_gate_std": 0.4167}
2026-08-20 16:42:42,075 [INFO] Evaluating on val.
Train: data epoch: [24]  [ 0/37]  eta: 0:01:25  lr: 0.000010  loss: 0.1562  time: 2.3151  data: 0.0001  max mem: 4252
Train: data epoch: [24]  [20/37]  eta: 0:00:10  lr: 0.000010  loss: 0.1439  time: 0.5096  data: 0.0000  max mem: 4252
Train: data epoch: [24]  [36/37]  eta: 0:00:00  lr: 0.000010  loss: 0.1676  time: 0.5465  data: 0.0000  max mem: 4252
Train: data epoch: [24] Total time: 0:00:21 (0.5808 s / it)
2026-08-20 16:42:52,091 [INFO] Qual: EPOCH[24] -> PLCC: 0.891172, SROCC: 0.813376, KROCC: 0.625557, LOSS: 0.205642
2026-08-20 16:42:52,092 [INFO] Align: EPOCH[24] -> PLCC: 0.803643, SROCC: 0.634180, KROCC: 0.460057, LOSS: 0.344928
2026-08-20 16:42:52,093 [INFO] Start training
2026-08-20 16:42:52,406 [INFO] Start training epoch 25, 37 iters per inner epoch.
2026-08-20 16:43:14,627 [INFO] Averaged stats: lr: 0.000008  loss: 0.152690
2026-08-20 16:43:14,734 [INFO] gates: {"epoch": 25, "shcmi_ratio": 0.4606, "lambda_shcmi": -0.0149, "eta": 0.0129, "alpha_f": 0.013, "beta_f": 0.0236, "alpha_c": 0.0232, "beta_c": 0.0276, "scale_gate_mean": 0.1272, "scale_gate_std": 0.3169}
2026-08-20 16:43:14,734 [INFO] Evaluating on val.
Train: data epoch: [25]  [ 0/37]  eta: 0:01:08  lr: 0.000008  loss: 0.1528  time: 1.8476  data: 0.0001  max mem: 4252
Train: data epoch: [25]  [20/37]  eta: 0:00:10  lr: 0.000008  loss: 0.1334  time: 0.5418  data: 0.0000  max mem: 4252
Train: data epoch: [25]  [36/37]  eta: 0:00:00  lr: 0.000008  loss: 0.1626  time: 0.5621  data: 0.0000  max mem: 4252
Train: data epoch: [25] Total time: 0:00:22 (0.6005 s / it)
2026-08-20 16:43:24,082 [INFO] Qual: EPOCH[25] -> PLCC: 0.891456, SROCC: 0.813728, KROCC: 0.625927, LOSS: 0.202969
2026-08-20 16:43:24,083 [INFO] Align: EPOCH[25] -> PLCC: 0.804107, SROCC: 0.633325, KROCC: 0.459384, LOSS: 0.342292
2026-08-20 16:43:24,096 [INFO] Saving checkpoint at epoch 25 to run/20260820162_B2_shcmi/checkpoint_best.pth.
2026-08-20 16:43:24,268 [INFO] Saving checkpoint at epoch 25 to run/20260820162_B2_shcmi/checkpoint_latest.pth.
2026-08-20 16:43:24,414 [INFO] Start training
2026-08-20 16:43:24,743 [INFO] Start training epoch 26, 37 iters per inner epoch.
2026-08-20 16:43:47,046 [INFO] Averaged stats: lr: 0.000005  loss: 0.151433
2026-08-20 16:43:47,170 [INFO] gates: {"epoch": 26, "shcmi_ratio": 0.4094, "lambda_shcmi": -0.0149, "eta": 0.0129, "alpha_f": 0.013, "beta_f": 0.0236, "alpha_c": 0.0232, "beta_c": 0.0276, "scale_gate_mean": 0.2746, "scale_gate_std": 0.4264}
2026-08-20 16:43:47,171 [INFO] Evaluating on val.
Train: data epoch: [26]  [ 0/37]  eta: 0:01:14  lr: 0.000005  loss: 0.1386  time: 2.0150  data: 0.0001  max mem: 4252
Train: data epoch: [26]  [20/37]  eta: 0:00:10  lr: 0.000005  loss: 0.1491  time: 0.5251  data: 0.0000  max mem: 4252
Train: data epoch: [26]  [36/37]  eta: 0:00:00  lr: 0.000005  loss: 0.1839  time: 0.5770  data: 0.0000  max mem: 4252
Train: data epoch: [26] Total time: 0:00:22 (0.6028 s / it)
2026-08-20 16:43:56,815 [INFO] Qual: EPOCH[26] -> PLCC: 0.891483, SROCC: 0.813860, KROCC: 0.626005, LOSS: 0.203725
2026-08-20 16:43:56,815 [INFO] Align: EPOCH[26] -> PLCC: 0.803932, SROCC: 0.633675, KROCC: 0.459620, LOSS: 0.342574
2026-08-20 16:43:56,828 [INFO] Saving checkpoint at epoch 26 to run/20260820162_B2_shcmi/checkpoint_best.pth.
2026-08-20 16:43:56,970 [INFO] Start training
2026-08-20 16:43:57,313 [INFO] Start training epoch 27, 37 iters per inner epoch.
2026-08-20 16:44:17,512 [INFO] Averaged stats: lr: 0.000003  loss: 0.153729
2026-08-20 16:44:17,628 [INFO] gates: {"epoch": 27, "shcmi_ratio": 0.4749, "lambda_shcmi": -0.0149, "eta": 0.0129, "alpha_f": 0.013, "beta_f": 0.0236, "alpha_c": 0.0232, "beta_c": 0.0277, "scale_gate_mean": 0.1562, "scale_gate_std": 0.3385}
2026-08-20 16:44:17,628 [INFO] Evaluating on val.
Train: data epoch: [27]  [ 0/37]  eta: 0:01:34  lr: 0.000003  loss: 0.2536  time: 2.5409  data: 0.0001  max mem: 4252
Train: data epoch: [27]  [20/37]  eta: 0:00:11  lr: 0.000003  loss: 0.1812  time: 0.5564  data: 0.0000  max mem: 4252
Train: data epoch: [27]  [36/37]  eta: 0:00:00  lr: 0.000003  loss: 0.1197  time: 0.4069  data: 0.0000  max mem: 4252
Train: data epoch: [27] Total time: 0:00:20 (0.5459 s / it)
2026-08-20 16:44:23,866 [INFO] Qual: EPOCH[27] -> PLCC: 0.891462, SROCC: 0.814130, KROCC: 0.626274, LOSS: 0.203804
2026-08-20 16:44:23,866 [INFO] Align: EPOCH[27] -> PLCC: 0.804068, SROCC: 0.633163, KROCC: 0.459194, LOSS: 0.341562
2026-08-20 16:44:23,880 [INFO] Saving checkpoint at epoch 27 to run/20260820162_B2_shcmi/checkpoint_best.pth.
2026-08-20 16:44:24,040 [INFO] Start training
2026-08-20 16:44:24,374 [INFO] Start training epoch 28, 37 iters per inner epoch.
2026-08-20 16:44:42,706 [INFO] Averaged stats: lr: 0.000002  loss: 0.150409
2026-08-20 16:44:42,827 [INFO] gates: {"epoch": 28, "shcmi_ratio": 0.4292, "lambda_shcmi": -0.0149, "eta": 0.013, "alpha_f": 0.013, "beta_f": 0.0236, "alpha_c": 0.0233, "beta_c": 0.0277, "scale_gate_mean": 0.2243, "scale_gate_std": 0.3937}
2026-08-20 16:44:42,828 [INFO] Evaluating on val.
Train: data epoch: [28]  [ 0/37]  eta: 0:01:58  lr: 0.000002  loss: 0.2032  time: 3.1920  data: 0.0001  max mem: 4252
Train: data epoch: [28]  [20/37]  eta: 0:00:08  lr: 0.000002  loss: 0.1530  time: 0.3912  data: 0.0000  max mem: 4252
Train: data epoch: [28]  [36/37]  eta: 0:00:00  lr: 0.000002  loss: 0.1351  time: 0.4581  data: 0.0000  max mem: 4252
Train: data epoch: [28] Total time: 0:00:18 (0.4954 s / it)
2026-08-20 16:44:52,774 [INFO] Qual: EPOCH[28] -> PLCC: 0.891424, SROCC: 0.814112, KROCC: 0.626420, LOSS: 0.202880
2026-08-20 16:44:52,774 [INFO] Align: EPOCH[28] -> PLCC: 0.804399, SROCC: 0.632780, KROCC: 0.459261, LOSS: 0.340514
2026-08-20 16:44:52,775 [INFO] Start training
2026-08-20 16:44:53,111 [INFO] Start training epoch 29, 37 iters per inner epoch.
2026-08-20 16:45:07,651 [INFO] Averaged stats: lr: 0.000001  loss: 0.153618
2026-08-20 16:45:07,815 [INFO] gates: {"epoch": 29, "shcmi_ratio": 0.4772, "lambda_shcmi": -0.0149, "eta": 0.013, "alpha_f": 0.013, "beta_f": 0.0236, "alpha_c": 0.0233, "beta_c": 0.0277, "scale_gate_mean": 0.1486, "scale_gate_std": 0.3391}
2026-08-20 16:45:07,816 [INFO] Evaluating on val.
Train: data epoch: [29]  [ 0/37]  eta: 0:01:16  lr: 0.000001  loss: 0.1275  time: 2.0622  data: 0.0001  max mem: 4252
Train: data epoch: [29]  [20/37]  eta: 0:00:07  lr: 0.000001  loss: 0.1657  time: 0.3483  data: 0.0000  max mem: 4252
Train: data epoch: [29]  [36/37]  eta: 0:00:00  lr: 0.000001  loss: 0.1936  time: 0.3559  data: 0.0000  max mem: 4252
Train: data epoch: [29] Total time: 0:00:14 (0.3929 s / it)
2026-08-20 16:45:16,092 [INFO] Qual: EPOCH[29] -> PLCC: 0.891420, SROCC: 0.814050, KROCC: 0.626218, LOSS: 0.204196
2026-08-20 16:45:16,092 [INFO] Align: EPOCH[29] -> PLCC: 0.803877, SROCC: 0.633329, KROCC: 0.459474, LOSS: 0.342358
2026-08-20 16:45:16,104 [INFO] Saving checkpoint at epoch 29 to run/20260820162_B2_shcmi/checkpoint_latest.pth.
[{'agg_metrics': np.float64(4.255947290510478), 'qual_agg': np.float64(2.3116857420076298), 'qual_PLCC': np.float64(0.8875409536051799), 'qual_SROCC': np.float64(0.8065568649314918), 'qual_KROCC': np.float64(0.617587923470958), 'align_agg': np.float64(1.9442615485028483), 'align_PLCC': np.float64(0.8090942357436728), 'align_SROCC': np.float64(0.6564382516529003), 'align_KROCC': np.float64(0.47872906110627533)}]
{'agg_metrics': np.float64(4.255947290510478), 'qual_agg': np.float64(2.3116857420076298), 'qual_PLCC': np.float64(0.8875409536051799), 'qual_SROCC': np.float64(0.8065568649314918), 'qual_KROCC': np.float64(0.617587923470958), 'align_agg': np.float64(1.9442615485028483), 'align_PLCC': np.float64(0.8090942357436728), 'align_SROCC': np.float64(0.6564382516529003), 'align_KROCC': np.float64(0.47872906110627533)}
