2026-08-20 19:23:20,924 [INFO] Start training
2026-08-20 19:23:21,542 [INFO] number of trainable parameters: 5846539
Not using distributed mode
['msqr_baseline', 'msqr_shcmi']
Position interpolate from 7x7 to 16x16
Freezing <class 'clip.model.Transformer'> ...
Freezing <class 'torch.nn.modules.sparse.Embedding'> ...
Freezing <class 'clip.model.LayerNorm'> ...
Freezing <class 'torch.nn.parameter.Parameter'> ...
Freezing <class 'torch.nn.parameter.Parameter'> ...
2026-08-20 19:23:23,304 [INFO] Start training epoch 0, 37 iters per inner epoch.
2026-08-20 19:23:51,239 [INFO] Averaged stats: lr: 0.000036  loss: 6.392524
2026-08-20 19:23:51,364 [INFO] gates: {"epoch": 0, "shcmi_ratio": 0.0005, "lambda_shcmi": -0.0015, "eta": 0.0104, "alpha_f": 0.0112, "beta_f": 0.0088, "alpha_c": 0.0095, "beta_c": 0.0094, "scale_gate_mean": 0.4989, "scale_gate_std": 0.0009, "prompt_w_mean": 0.013, "prompt_w_std": 0.0007, "beta_align": 0.0}
2026-08-20 19:23:51,365 [INFO] Evaluating on val.
Train: data epoch: [0]  [ 0/37]  eta: 0:04:35  lr: 0.000000  loss: 7.2934  time: 7.4474  data: 0.0001  max mem: 2399
Train: data epoch: [0]  [20/37]  eta: 0:00:16  lr: 0.000040  loss: 6.6336  time: 0.6287  data: 0.0000  max mem: 2460
Train: data epoch: [0]  [36/37]  eta: 0:00:00  lr: 0.000072  loss: 4.5263  time: 0.5183  data: 0.0000  max mem: 2460
Train: data epoch: [0] Total time: 0:00:27 (0.7550 s / it)
2026-08-20 19:24:00,034 [INFO] Qual: EPOCH[0] -> PLCC: 0.009673, SROCC: 0.003364, KROCC: 0.001821, LOSS: 4.480955
2026-08-20 19:24:00,034 [INFO] Align: EPOCH[0] -> PLCC: 0.023281, SROCC: 0.021267, KROCC: 0.014335, LOSS: 4.344205
2026-08-20 19:24:00,055 [INFO] Saving checkpoint at epoch 0 to run/20260820192_B2_shcmi/checkpoint_best.pth.
2026-08-20 19:24:00,351 [INFO] Saving checkpoint at epoch 0 to run/20260820192_B2_shcmi/checkpoint_best_joint.pth.
2026-08-20 19:24:00,631 [INFO] Start training
2026-08-20 19:24:01,307 [INFO] Start training epoch 1, 37 iters per inner epoch.
2026-08-20 19:24:25,704 [INFO] Averaged stats: lr: 0.000100  loss: 1.521780
2026-08-20 19:24:26,020 [INFO] gates: {"epoch": 1, "shcmi_ratio": 0.0009, "lambda_shcmi": -0.0023, "eta": 0.0107, "alpha_f": 0.0116, "beta_f": 0.0082, "alpha_c": 0.0101, "beta_c": 0.0093, "scale_gate_mean": 0.6422, "scale_gate_std": 0.017, "prompt_w_mean": 0.013, "prompt_w_std": 0.0009, "beta_align": 0.0}
2026-08-20 19:24:26,020 [INFO] Evaluating on val.
Train: data epoch: [1]  [ 0/37]  eta: 0:02:58  lr: 0.000100  loss: 4.6527  time: 4.8308  data: 0.0001  max mem: 4252
Train: data epoch: [1]  [20/37]  eta: 0:00:13  lr: 0.000100  loss: 1.1499  time: 0.5863  data: 0.0000  max mem: 4252
Train: data epoch: [1]  [36/37]  eta: 0:00:00  lr: 0.000100  loss: 1.1059  time: 0.5044  data: 0.0000  max mem: 4252
Train: data epoch: [1] Total time: 0:00:24 (0.6594 s / it)
2026-08-20 19:24:35,878 [INFO] Qual: EPOCH[1] -> PLCC: 0.067419, SROCC: 0.078905, KROCC: 0.053032, LOSS: 1.049125
2026-08-20 19:24:35,879 [INFO] Align: EPOCH[1] -> PLCC: 0.093455, SROCC: 0.080654, KROCC: 0.054806, LOSS: 0.994636
2026-08-20 19:24:35,900 [INFO] Saving checkpoint at epoch 1 to run/20260820192_B2_shcmi/checkpoint_best.pth.
2026-08-20 19:24:36,091 [INFO] Saving checkpoint at epoch 1 to run/20260820192_B2_shcmi/checkpoint_best_joint.pth.
2026-08-20 19:24:36,243 [INFO] Start training
2026-08-20 19:24:36,601 [INFO] Start training epoch 2, 37 iters per inner epoch.
2026-08-20 19:24:59,754 [INFO] Averaged stats: lr: 0.000099  loss: 0.947524
2026-08-20 19:24:59,883 [INFO] gates: {"epoch": 2, "shcmi_ratio": 0.006, "lambda_shcmi": -0.0037, "eta": 0.0105, "alpha_f": 0.0115, "beta_f": 0.0081, "alpha_c": 0.0101, "beta_c": 0.0126, "scale_gate_mean": 0.04, "scale_gate_std": 0.0814, "prompt_w_mean": 0.013, "prompt_w_std": 0.0012, "beta_align": 0.0}
2026-08-20 19:24:59,884 [INFO] Evaluating on val.
Train: data epoch: [2]  [ 0/37]  eta: 0:02:11  lr: 0.000099  loss: 1.1311  time: 3.5587  data: 0.0001  max mem: 4252
Train: data epoch: [2]  [20/37]  eta: 0:00:12  lr: 0.000099  loss: 0.9768  time: 0.5794  data: 0.0000  max mem: 4252
Train: data epoch: [2]  [36/37]  eta: 0:00:00  lr: 0.000099  loss: 1.0131  time: 0.5251  data: 0.0000  max mem: 4252
Train: data epoch: [2] Total time: 0:00:23 (0.6257 s / it)
2026-08-20 19:25:09,589 [INFO] Qual: EPOCH[2] -> PLCC: 0.308154, SROCC: 0.346431, KROCC: 0.237283, LOSS: 0.974457
2026-08-20 19:25:09,589 [INFO] Align: EPOCH[2] -> PLCC: 0.278640, SROCC: 0.278997, KROCC: 0.190106, LOSS: 0.946235
2026-08-20 19:25:09,602 [INFO] Saving checkpoint at epoch 2 to run/20260820192_B2_shcmi/checkpoint_best.pth.
2026-08-20 19:25:09,773 [INFO] Saving checkpoint at epoch 2 to run/20260820192_B2_shcmi/checkpoint_best_joint.pth.
2026-08-20 19:25:09,929 [INFO] Start training
2026-08-20 19:25:10,295 [INFO] Start training epoch 3, 37 iters per inner epoch.
2026-08-20 19:25:30,208 [INFO] Averaged stats: lr: 0.000098  loss: 0.698241
2026-08-20 19:25:30,355 [INFO] gates: {"epoch": 3, "shcmi_ratio": 0.1386, "lambda_shcmi": -0.0104, "eta": 0.0139, "alpha_f": 0.0118, "beta_f": 0.01, "alpha_c": 0.0116, "beta_c": 0.0194, "scale_gate_mean": 0.2929, "scale_gate_std": 0.3865, "prompt_w_mean": 0.013, "prompt_w_std": 0.0072, "beta_align": 0.0}
2026-08-20 19:25:30,356 [INFO] Evaluating on val.
Train: data epoch: [3]  [ 0/37]  eta: 0:01:17  lr: 0.000098  loss: 0.9508  time: 2.0818  data: 0.0001  max mem: 4252
Train: data epoch: [3]  [20/37]  eta: 0:00:11  lr: 0.000098  loss: 0.7531  time: 0.5858  data: 0.0000  max mem: 4252
Train: data epoch: [3]  [36/37]  eta: 0:00:00  lr: 0.000098  loss: 0.3833  time: 0.4302  data: 0.0000  max mem: 4252
Train: data epoch: [3] Total time: 0:00:19 (0.5382 s / it)
2026-08-20 19:25:39,573 [INFO] Qual: EPOCH[3] -> PLCC: 0.782242, SROCC: 0.732255, KROCC: 0.538450, LOSS: 0.447666
2026-08-20 19:25:39,574 [INFO] Align: EPOCH[3] -> PLCC: 0.667836, SROCC: 0.603159, KROCC: 0.425828, LOSS: 0.550285
2026-08-20 19:25:39,587 [INFO] Saving checkpoint at epoch 3 to run/20260820192_B2_shcmi/checkpoint_best.pth.
2026-08-20 19:25:39,790 [INFO] Saving checkpoint at epoch 3 to run/20260820192_B2_shcmi/checkpoint_best_joint.pth.
2026-08-20 19:25:39,975 [INFO] Start training
2026-08-20 19:25:40,346 [INFO] Start training epoch 4, 37 iters per inner epoch.
2026-08-20 19:26:03,193 [INFO] Averaged stats: lr: 0.000096  loss: 0.350288
2026-08-20 19:26:03,362 [INFO] gates: {"epoch": 4, "shcmi_ratio": 0.5074, "lambda_shcmi": -0.0131, "eta": 0.0185, "alpha_f": 0.0124, "beta_f": 0.0116, "alpha_c": 0.0123, "beta_c": 0.0221, "scale_gate_mean": 0.1165, "scale_gate_std": 0.3145, "prompt_w_mean": 0.013, "prompt_w_std": 0.033, "beta_align": 0.0}
2026-08-20 19:26:03,362 [INFO] Evaluating on val.
Train: data epoch: [4]  [ 0/37]  eta: 0:01:24  lr: 0.000096  loss: 0.5783  time: 2.2762  data: 0.0001  max mem: 4252
Train: data epoch: [4]  [20/37]  eta: 0:00:11  lr: 0.000096  loss: 0.3313  time: 0.6169  data: 0.0000  max mem: 4252
Train: data epoch: [4]  [36/37]  eta: 0:00:00  lr: 0.000096  loss: 0.3733  time: 0.5364  data: 0.0000  max mem: 4252
Train: data epoch: [4] Total time: 0:00:22 (0.6175 s / it)
2026-08-20 19:26:12,284 [INFO] Qual: EPOCH[4] -> PLCC: 0.870258, SROCC: 0.791503, KROCC: 0.599924, LOSS: 0.256274
2026-08-20 19:26:12,284 [INFO] Align: EPOCH[4] -> PLCC: 0.778667, SROCC: 0.658503, KROCC: 0.477238, LOSS: 0.380223
2026-08-20 19:26:12,298 [INFO] Saving checkpoint at epoch 4 to run/20260820192_B2_shcmi/checkpoint_best.pth.
2026-08-20 19:26:12,465 [INFO] Saving checkpoint at epoch 4 to run/20260820192_B2_shcmi/checkpoint_best_joint.pth.
2026-08-20 19:26:12,619 [INFO] Start training
2026-08-20 19:26:12,988 [INFO] Start training epoch 5, 37 iters per inner epoch.
2026-08-20 19:26:35,108 [INFO] Averaged stats: lr: 0.000093  loss: 0.288587
2026-08-20 19:26:35,240 [INFO] gates: {"epoch": 5, "shcmi_ratio": 0.4686, "lambda_shcmi": -0.0133, "eta": 0.0189, "alpha_f": 0.0125, "beta_f": 0.0115, "alpha_c": 0.0116, "beta_c": 0.0223, "scale_gate_mean": 0.182, "scale_gate_std": 0.3814, "prompt_w_mean": 0.013, "prompt_w_std": 0.0328, "beta_align": 0.0}
2026-08-20 19:26:35,240 [INFO] Evaluating on val.
Train: data epoch: [5]  [ 0/37]  eta: 0:01:33  lr: 0.000093  loss: 0.3102  time: 2.5174  data: 0.0001  max mem: 4252
Train: data epoch: [5]  [20/37]  eta: 0:00:11  lr: 0.000093  loss: 0.1882  time: 0.5811  data: 0.0000  max mem: 4252
Train: data epoch: [5]  [36/37]  eta: 0:00:00  lr: 0.000093  loss: 0.3168  time: 0.4973  data: 0.0000  max mem: 4252
Train: data epoch: [5] Total time: 0:00:22 (0.5978 s / it)
2026-08-20 19:26:44,606 [INFO] Qual: EPOCH[5] -> PLCC: 0.873266, SROCC: 0.795989, KROCC: 0.605192, LOSS: 0.264506
2026-08-20 19:26:44,606 [INFO] Align: EPOCH[5] -> PLCC: 0.790402, SROCC: 0.664610, KROCC: 0.484311, LOSS: 0.357135
2026-08-20 19:26:44,619 [INFO] Saving checkpoint at epoch 5 to run/20260820192_B2_shcmi/checkpoint_best.pth.
2026-08-20 19:26:44,802 [INFO] Saving checkpoint at epoch 5 to run/20260820192_B2_shcmi/checkpoint_best_joint.pth.
2026-08-20 19:26:44,955 [INFO] Start training
2026-08-20 19:26:45,317 [INFO] Start training epoch 6, 37 iters per inner epoch.
2026-08-20 19:27:08,902 [INFO] Averaged stats: lr: 0.000091  loss: 0.258396
2026-08-20 19:27:09,036 [INFO] gates: {"epoch": 6, "shcmi_ratio": 0.5289, "lambda_shcmi": -0.0136, "eta": 0.0199, "alpha_f": 0.0128, "beta_f": 0.0116, "alpha_c": 0.0115, "beta_c": 0.023, "scale_gate_mean": 0.0864, "scale_gate_std": 0.2696, "prompt_w_mean": 0.013, "prompt_w_std": 0.0337, "beta_align": 0.0}
2026-08-20 19:27:09,037 [INFO] Evaluating on val.
Train: data epoch: [6]  [ 0/37]  eta: 0:01:39  lr: 0.000091  loss: 0.2171  time: 2.6974  data: 0.0001  max mem: 4252
Train: data epoch: [6]  [20/37]  eta: 0:00:11  lr: 0.000091  loss: 0.2624  time: 0.5994  data: 0.0000  max mem: 4252
Train: data epoch: [6]  [36/37]  eta: 0:00:00  lr: 0.000091  loss: 0.2941  time: 0.5292  data: 0.0000  max mem: 4252
Train: data epoch: [6] Total time: 0:00:23 (0.6374 s / it)
2026-08-20 19:27:18,500 [INFO] Qual: EPOCH[6] -> PLCC: 0.878798, SROCC: 0.801109, KROCC: 0.611065, LOSS: 0.221410
2026-08-20 19:27:18,500 [INFO] Align: EPOCH[6] -> PLCC: 0.802969, SROCC: 0.668051, KROCC: 0.488301, LOSS: 0.336791
2026-08-20 19:27:18,520 [INFO] Saving checkpoint at epoch 6 to run/20260820192_B2_shcmi/checkpoint_best.pth.
2026-08-20 19:27:18,686 [INFO] Saving checkpoint at epoch 6 to run/20260820192_B2_shcmi/checkpoint_best_joint.pth.
2026-08-20 19:27:18,840 [INFO] Start training
2026-08-20 19:27:19,190 [INFO] Start training epoch 7, 37 iters per inner epoch.
2026-08-20 19:27:41,891 [INFO] Averaged stats: lr: 0.000087  loss: 0.235307
2026-08-20 19:27:42,023 [INFO] gates: {"epoch": 7, "shcmi_ratio": 0.4972, "lambda_shcmi": -0.0138, "eta": 0.0203, "alpha_f": 0.0128, "beta_f": 0.0117, "alpha_c": 0.0115, "beta_c": 0.0233, "scale_gate_mean": 0.1788, "scale_gate_std": 0.377, "prompt_w_mean": 0.013, "prompt_w_std": 0.0349, "beta_align": 0.0}
2026-08-20 19:27:42,024 [INFO] Evaluating on val.
Train: data epoch: [7]  [ 0/37]  eta: 0:02:48  lr: 0.000087  loss: 0.2036  time: 4.5439  data: 0.0001  max mem: 4252
Train: data epoch: [7]  [20/37]  eta: 0:00:11  lr: 0.000087  loss: 0.1905  time: 0.4934  data: 0.0000  max mem: 4252
Train: data epoch: [7]  [36/37]  eta: 0:00:00  lr: 0.000087  loss: 0.2364  time: 0.4714  data: 0.0000  max mem: 4252
Train: data epoch: [7] Total time: 0:00:22 (0.6135 s / it)
2026-08-20 19:27:50,623 [INFO] Qual: EPOCH[7] -> PLCC: 0.883164, SROCC: 0.806249, KROCC: 0.616064, LOSS: 0.216963
2026-08-20 19:27:50,623 [INFO] Align: EPOCH[7] -> PLCC: 0.809743, SROCC: 0.671093, KROCC: 0.491069, LOSS: 0.326034
2026-08-20 19:27:50,634 [INFO] Saving checkpoint at epoch 7 to run/20260820192_B2_shcmi/checkpoint_best.pth.
2026-08-20 19:27:50,785 [INFO] Saving checkpoint at epoch 7 to run/20260820192_B2_shcmi/checkpoint_best_joint.pth.
2026-08-20 19:27:50,923 [INFO] Start training
2026-08-20 19:27:51,263 [INFO] Start training epoch 8, 37 iters per inner epoch.
2026-08-20 19:28:13,862 [INFO] Averaged stats: lr: 0.000084  loss: 0.222352
2026-08-20 19:28:14,041 [INFO] gates: {"epoch": 8, "shcmi_ratio": 0.4916, "lambda_shcmi": -0.0139, "eta": 0.0203, "alpha_f": 0.0128, "beta_f": 0.0118, "alpha_c": 0.0114, "beta_c": 0.0236, "scale_gate_mean": 0.2148, "scale_gate_std": 0.4067, "prompt_w_mean": 0.013, "prompt_w_std": 0.0342, "beta_align": 0.0}
2026-08-20 19:28:14,041 [INFO] Evaluating on val.
Train: data epoch: [8]  [ 0/37]  eta: 0:01:15  lr: 0.000084  loss: 0.2439  time: 2.0444  data: 0.0001  max mem: 4252
Train: data epoch: [8]  [20/37]  eta: 0:00:11  lr: 0.000084  loss: 0.2451  time: 0.6013  data: 0.0000  max mem: 4252
Train: data epoch: [8]  [36/37]  eta: 0:00:00  lr: 0.000084  loss: 0.2427  time: 0.5067  data: 0.0000  max mem: 4252
Train: data epoch: [8] Total time: 0:00:22 (0.6108 s / it)
2026-08-20 19:28:23,739 [INFO] Qual: EPOCH[8] -> PLCC: 0.885712, SROCC: 0.808218, KROCC: 0.618585, LOSS: 0.242849
2026-08-20 19:28:23,739 [INFO] Align: EPOCH[8] -> PLCC: 0.810069, SROCC: 0.668980, KROCC: 0.489264, LOSS: 0.333583
2026-08-20 19:28:23,749 [INFO] Saving checkpoint at epoch 8 to run/20260820192_B2_shcmi/checkpoint_best.pth.
2026-08-20 19:28:23,912 [INFO] Saving checkpoint at epoch 8 to run/20260820192_B2_shcmi/checkpoint_best_joint.pth.
2026-08-20 19:28:24,043 [INFO] Start training
2026-08-20 19:28:24,382 [INFO] Start training epoch 9, 37 iters per inner epoch.
2026-08-20 19:28:47,129 [INFO] Averaged stats: lr: 0.000080  loss: 0.221585
2026-08-20 19:28:47,277 [INFO] gates: {"epoch": 9, "shcmi_ratio": 0.5746, "lambda_shcmi": -0.0142, "eta": 0.0205, "alpha_f": 0.0129, "beta_f": 0.0118, "alpha_c": 0.0116, "beta_c": 0.0239, "scale_gate_mean": 0.1492, "scale_gate_std": 0.342, "prompt_w_mean": 0.013, "prompt_w_std": 0.0342, "beta_align": 0.0}
2026-08-20 19:28:47,278 [INFO] Evaluating on val.
Train: data epoch: [9]  [ 0/37]  eta: 0:01:33  lr: 0.000080  loss: 0.2978  time: 2.5254  data: 0.0001  max mem: 4252
Train: data epoch: [9]  [20/37]  eta: 0:00:11  lr: 0.000080  loss: 0.2538  time: 0.5705  data: 0.0000  max mem: 4252
Train: data epoch: [9]  [36/37]  eta: 0:00:00  lr: 0.000080  loss: 0.1870  time: 0.4998  data: 0.0000  max mem: 4252
Train: data epoch: [9] Total time: 0:00:22 (0.6148 s / it)
2026-08-20 19:28:55,877 [INFO] Qual: EPOCH[9] -> PLCC: 0.888253, SROCC: 0.809604, KROCC: 0.619841, LOSS: 0.207421
2026-08-20 19:28:55,877 [INFO] Align: EPOCH[9] -> PLCC: 0.811215, SROCC: 0.668260, KROCC: 0.487807, LOSS: 0.329406
2026-08-20 19:28:55,888 [INFO] Saving checkpoint at epoch 9 to run/20260820192_B2_shcmi/checkpoint_best.pth.
2026-08-20 19:28:56,051 [INFO] Saving checkpoint at epoch 9 to run/20260820192_B2_shcmi/checkpoint_best_joint.pth.
2026-08-20 19:28:56,191 [INFO] Start training
2026-08-20 19:28:56,540 [INFO] Start training epoch 10, 37 iters per inner epoch.
2026-08-20 19:29:19,307 [INFO] Averaged stats: lr: 0.000075  loss: 0.219044
2026-08-20 19:29:19,443 [INFO] gates: {"epoch": 10, "shcmi_ratio": 0.5037, "lambda_shcmi": -0.0142, "eta": 0.0201, "alpha_f": 0.0128, "beta_f": 0.0117, "alpha_c": 0.0112, "beta_c": 0.0239, "scale_gate_mean": 0.2032, "scale_gate_std": 0.3929, "prompt_w_mean": 0.013, "prompt_w_std": 0.037, "beta_align": 0.0}
2026-08-20 19:29:19,443 [INFO] Evaluating on val.
Train: data epoch: [10]  [ 0/37]  eta: 0:01:58  lr: 0.000075  loss: 0.1764  time: 3.2061  data: 0.0001  max mem: 4252
Train: data epoch: [10]  [20/37]  eta: 0:00:11  lr: 0.000075  loss: 0.2652  time: 0.5539  data: 0.0000  max mem: 4252
Train: data epoch: [10]  [36/37]  eta: 0:00:00  lr: 0.000075  loss: 0.1972  time: 0.5010  data: 0.0000  max mem: 4252
Train: data epoch: [10] Total time: 0:00:22 (0.6153 s / it)
2026-08-20 19:29:28,627 [INFO] Qual: EPOCH[10] -> PLCC: 0.888495, SROCC: 0.813875, KROCC: 0.624851, LOSS: 0.206779
2026-08-20 19:29:28,627 [INFO] Align: EPOCH[10] -> PLCC: 0.810397, SROCC: 0.664147, KROCC: 0.485375, LOSS: 0.326890
2026-08-20 19:29:28,642 [INFO] Saving checkpoint at epoch 10 to run/20260820192_B2_shcmi/checkpoint_best.pth.
2026-08-20 19:29:28,827 [INFO] Saving checkpoint at epoch 10 to run/20260820192_B2_shcmi/checkpoint_latest.pth.
2026-08-20 19:29:28,951 [INFO] Start training
2026-08-20 19:29:29,318 [INFO] Start training epoch 11, 37 iters per inner epoch.
2026-08-20 19:29:53,704 [INFO] Averaged stats: lr: 0.000071  loss: 0.202279
2026-08-20 19:29:53,829 [INFO] gates: {"epoch": 11, "shcmi_ratio": 0.4335, "lambda_shcmi": -0.0142, "eta": 0.0201, "alpha_f": 0.0129, "beta_f": 0.0117, "alpha_c": 0.0112, "beta_c": 0.024, "scale_gate_mean": 0.2343, "scale_gate_std": 0.3937, "prompt_w_mean": 0.013, "prompt_w_std": 0.0385, "beta_align": 0.0}
2026-08-20 19:29:53,829 [INFO] Evaluating on val.
Train: data epoch: [11]  [ 0/37]  eta: 0:02:01  lr: 0.000071  loss: 0.1961  time: 3.2875  data: 0.0001  max mem: 4252
Train: data epoch: [11]  [20/37]  eta: 0:00:11  lr: 0.000071  loss: 0.2305  time: 0.5740  data: 0.0000  max mem: 4252
Train: data epoch: [11]  [36/37]  eta: 0:00:00  lr: 0.000071  loss: 0.2248  time: 0.5592  data: 0.0000  max mem: 4252
Train: data epoch: [11] Total time: 0:00:24 (0.6591 s / it)
2026-08-20 19:30:04,194 [INFO] Qual: EPOCH[11] -> PLCC: 0.890362, SROCC: 0.815907, KROCC: 0.627350, LOSS: 0.219748
2026-08-20 19:30:04,194 [INFO] Align: EPOCH[11] -> PLCC: 0.811822, SROCC: 0.665201, KROCC: 0.486877, LOSS: 0.329584
2026-08-20 19:30:04,210 [INFO] Saving checkpoint at epoch 11 to run/20260820192_B2_shcmi/checkpoint_best.pth.
2026-08-20 19:30:04,370 [INFO] Saving checkpoint at epoch 11 to run/20260820192_B2_shcmi/checkpoint_best_joint.pth.
2026-08-20 19:30:04,520 [INFO] Start training
2026-08-20 19:30:04,874 [INFO] Start training epoch 12, 37 iters per inner epoch.
2026-08-20 19:30:27,331 [INFO] Averaged stats: lr: 0.000066  loss: 0.197485
2026-08-20 19:30:27,479 [INFO] gates: {"epoch": 12, "shcmi_ratio": 0.4475, "lambda_shcmi": -0.0145, "eta": 0.0201, "alpha_f": 0.0129, "beta_f": 0.0118, "alpha_c": 0.0114, "beta_c": 0.0242, "scale_gate_mean": 0.2854, "scale_gate_std": 0.4343, "prompt_w_mean": 0.013, "prompt_w_std": 0.0374, "beta_align": 0.0}
2026-08-20 19:30:27,480 [INFO] Evaluating on val.
Train: data epoch: [12]  [ 0/37]  eta: 0:01:26  lr: 0.000066  loss: 0.1687  time: 2.3295  data: 0.0001  max mem: 4252
Train: data epoch: [12]  [20/37]  eta: 0:00:10  lr: 0.000066  loss: 0.1821  time: 0.5276  data: 0.0000  max mem: 4252
Train: data epoch: [12]  [36/37]  eta: 0:00:00  lr: 0.000066  loss: 0.2236  time: 0.5849  data: 0.0000  max mem: 4252
Train: data epoch: [12] Total time: 0:00:22 (0.6069 s / it)
2026-08-20 19:30:36,547 [INFO] Qual: EPOCH[12] -> PLCC: 0.891960, SROCC: 0.815551, KROCC: 0.627283, LOSS: 0.201724
2026-08-20 19:30:36,547 [INFO] Align: EPOCH[12] -> PLCC: 0.810018, SROCC: 0.657932, KROCC: 0.479704, LOSS: 0.331268
2026-08-20 19:30:36,560 [INFO] Saving checkpoint at epoch 12 to run/20260820192_B2_shcmi/checkpoint_best.pth.
2026-08-20 19:30:36,732 [INFO] Start training
2026-08-20 19:30:37,094 [INFO] Start training epoch 13, 37 iters per inner epoch.
2026-08-20 19:31:00,777 [INFO] Averaged stats: lr: 0.000061  loss: 0.190690
2026-08-20 19:31:00,940 [INFO] gates: {"epoch": 13, "shcmi_ratio": 0.4938, "lambda_shcmi": -0.0145, "eta": 0.0201, "alpha_f": 0.0128, "beta_f": 0.0116, "alpha_c": 0.0116, "beta_c": 0.0243, "scale_gate_mean": 0.1889, "scale_gate_std": 0.3754, "prompt_w_mean": 0.013, "prompt_w_std": 0.0398, "beta_align": 0.0}
2026-08-20 19:31:00,940 [INFO] Evaluating on val.
Train: data epoch: [13]  [ 0/37]  eta: 0:01:47  lr: 0.000061  loss: 0.2375  time: 2.9116  data: 0.0001  max mem: 4252
Train: data epoch: [13]  [20/37]  eta: 0:00:11  lr: 0.000061  loss: 0.1628  time: 0.5847  data: 0.0000  max mem: 4252
Train: data epoch: [13]  [36/37]  eta: 0:00:00  lr: 0.000061  loss: 0.1530  time: 0.5755  data: 0.0000  max mem: 4252
Train: data epoch: [13] Total time: 0:00:23 (0.6400 s / it)
2026-08-20 19:31:09,858 [INFO] Qual: EPOCH[13] -> PLCC: 0.891415, SROCC: 0.818281, KROCC: 0.629547, LOSS: 0.201218
2026-08-20 19:31:09,858 [INFO] Align: EPOCH[13] -> PLCC: 0.808977, SROCC: 0.658353, KROCC: 0.480915, LOSS: 0.329436
2026-08-20 19:31:09,868 [INFO] Saving checkpoint at epoch 13 to run/20260820192_B2_shcmi/checkpoint_best.pth.
2026-08-20 19:31:10,042 [INFO] Start training
2026-08-20 19:31:10,389 [INFO] Start training epoch 14, 37 iters per inner epoch.
2026-08-20 19:31:34,688 [INFO] Averaged stats: lr: 0.000056  loss: 0.185663
2026-08-20 19:31:34,808 [INFO] gates: {"epoch": 14, "shcmi_ratio": 0.4827, "lambda_shcmi": -0.0146, "eta": 0.0203, "alpha_f": 0.013, "beta_f": 0.0117, "alpha_c": 0.0117, "beta_c": 0.0244, "scale_gate_mean": 0.1941, "scale_gate_std": 0.3903, "prompt_w_mean": 0.013, "prompt_w_std": 0.0387, "beta_align": 0.0}
2026-08-20 19:31:34,808 [INFO] Evaluating on val.
Train: data epoch: [14]  [ 0/37]  eta: 0:01:08  lr: 0.000056  loss: 0.2203  time: 1.8580  data: 0.0001  max mem: 4252
Train: data epoch: [14]  [20/37]  eta: 0:00:11  lr: 0.000056  loss: 0.1931  time: 0.6399  data: 0.0000  max mem: 4252
Train: data epoch: [14]  [36/37]  eta: 0:00:00  lr: 0.000056  loss: 0.1806  time: 0.5671  data: 0.0000  max mem: 4252
Train: data epoch: [14] Total time: 0:00:24 (0.6567 s / it)
2026-08-20 19:31:46,510 [INFO] Qual: EPOCH[14] -> PLCC: 0.894503, SROCC: 0.820595, KROCC: 0.632484, LOSS: 0.206508
2026-08-20 19:31:46,511 [INFO] Align: EPOCH[14] -> PLCC: 0.811436, SROCC: 0.657933, KROCC: 0.479951, LOSS: 0.325935
2026-08-20 19:31:46,524 [INFO] Saving checkpoint at epoch 14 to run/20260820192_B2_shcmi/checkpoint_best.pth.
2026-08-20 19:31:46,712 [INFO] Saving checkpoint at epoch 14 to run/20260820192_B2_shcmi/checkpoint_best_joint.pth.
2026-08-20 19:31:46,862 [INFO] Start training
2026-08-20 19:31:47,216 [INFO] Start training epoch 15, 37 iters per inner epoch.
2026-08-20 19:32:11,453 [INFO] Averaged stats: lr: 0.000050  loss: 0.184195
2026-08-20 19:32:11,654 [INFO] gates: {"epoch": 15, "shcmi_ratio": 0.4694, "lambda_shcmi": -0.0147, "eta": 0.0202, "alpha_f": 0.0134, "beta_f": 0.0118, "alpha_c": 0.0119, "beta_c": 0.0245, "scale_gate_mean": 0.1616, "scale_gate_std": 0.3631, "prompt_w_mean": 0.013, "prompt_w_std": 0.0371, "beta_align": 0.0}
2026-08-20 19:32:11,654 [INFO] Evaluating on val.
Train: data epoch: [15]  [ 0/37]  eta: 0:02:50  lr: 0.000051  loss: 0.2185  time: 4.5980  data: 0.0001  max mem: 4252
Train: data epoch: [15]  [20/37]  eta: 0:00:13  lr: 0.000051  loss: 0.2109  time: 0.5833  data: 0.0000  max mem: 4252
Train: data epoch: [15]  [36/37]  eta: 0:00:00  lr: 0.000051  loss: 0.2083  time: 0.5233  data: 0.0000  max mem: 4252
Train: data epoch: [15] Total time: 0:00:24 (0.6550 s / it)
2026-08-20 19:32:22,548 [INFO] Qual: EPOCH[15] -> PLCC: 0.894977, SROCC: 0.821471, KROCC: 0.632943, LOSS: 0.200246
2026-08-20 19:32:22,549 [INFO] Align: EPOCH[15] -> PLCC: 0.810670, SROCC: 0.655893, KROCC: 0.477272, LOSS: 0.328591
2026-08-20 19:32:22,560 [INFO] Saving checkpoint at epoch 15 to run/20260820192_B2_shcmi/checkpoint_best.pth.
2026-08-20 19:32:22,709 [INFO] Saving checkpoint at epoch 15 to run/20260820192_B2_shcmi/checkpoint_latest.pth.
2026-08-20 19:32:22,836 [INFO] Start training
2026-08-20 19:32:23,163 [INFO] Start training epoch 16, 37 iters per inner epoch.
2026-08-20 19:32:48,611 [INFO] Averaged stats: lr: 0.000045  loss: 0.174172
2026-08-20 19:32:48,743 [INFO] gates: {"epoch": 16, "shcmi_ratio": 0.4383, "lambda_shcmi": -0.0148, "eta": 0.0202, "alpha_f": 0.014, "beta_f": 0.0118, "alpha_c": 0.0121, "beta_c": 0.0246, "scale_gate_mean": 0.2403, "scale_gate_std": 0.4137, "prompt_w_mean": 0.013, "prompt_w_std": 0.0428, "beta_align": 0.0}
2026-08-20 19:32:48,743 [INFO] Evaluating on val.
Train: data epoch: [16]  [ 0/37]  eta: 0:03:19  lr: 0.000045  loss: 0.1611  time: 5.3860  data: 0.0001  max mem: 4252
Train: data epoch: [16]  [20/37]  eta: 0:00:13  lr: 0.000045  loss: 0.1504  time: 0.5677  data: 0.0000  max mem: 4252
Train: data epoch: [16]  [36/37]  eta: 0:00:00  lr: 0.000045  loss: 0.2116  time: 0.5217  data: 0.0000  max mem: 4252
Train: data epoch: [16] Total time: 0:00:25 (0.6878 s / it)
2026-08-20 19:32:58,178 [INFO] Qual: EPOCH[16] -> PLCC: 0.894856, SROCC: 0.821801, KROCC: 0.633773, LOSS: 0.198058
2026-08-20 19:32:58,178 [INFO] Align: EPOCH[16] -> PLCC: 0.810496, SROCC: 0.653849, KROCC: 0.475490, LOSS: 0.331154
2026-08-20 19:32:58,191 [INFO] Saving checkpoint at epoch 16 to run/20260820192_B2_shcmi/checkpoint_best.pth.
2026-08-20 19:32:58,344 [INFO] Start training
2026-08-20 19:32:58,674 [INFO] Start training epoch 17, 37 iters per inner epoch.
2026-08-20 19:33:19,502 [INFO] Averaged stats: lr: 0.000040  loss: 0.169752
2026-08-20 19:33:19,633 [INFO] gates: {"epoch": 17, "shcmi_ratio": 0.463, "lambda_shcmi": -0.0148, "eta": 0.0202, "alpha_f": 0.0143, "beta_f": 0.0117, "alpha_c": 0.0123, "beta_c": 0.0247, "scale_gate_mean": 0.1569, "scale_gate_std": 0.3485, "prompt_w_mean": 0.013, "prompt_w_std": 0.0416, "beta_align": 0.0}
2026-08-20 19:33:19,633 [INFO] Evaluating on val.
Train: data epoch: [17]  [ 0/37]  eta: 0:01:28  lr: 0.000040  loss: 0.1490  time: 2.3809  data: 0.0001  max mem: 4252
Train: data epoch: [17]  [20/37]  eta: 0:00:11  lr: 0.000040  loss: 0.1458  time: 0.5902  data: 0.0000  max mem: 4252
Train: data epoch: [17]  [36/37]  eta: 0:00:00  lr: 0.000040  loss: 0.2080  time: 0.4428  data: 0.0000  max mem: 4252
Train: data epoch: [17] Total time: 0:00:20 (0.5629 s / it)
2026-08-20 19:33:28,822 [INFO] Qual: EPOCH[17] -> PLCC: 0.893831, SROCC: 0.820107, KROCC: 0.632103, LOSS: 0.202656
2026-08-20 19:33:28,822 [INFO] Align: EPOCH[17] -> PLCC: 0.809297, SROCC: 0.650259, KROCC: 0.472845, LOSS: 0.330601
2026-08-20 19:33:28,823 [INFO] Start training
2026-08-20 19:33:29,158 [INFO] Start training epoch 18, 37 iters per inner epoch.
2026-08-20 19:33:50,918 [INFO] Averaged stats: lr: 0.000035  loss: 0.168601
2026-08-20 19:33:51,055 [INFO] gates: {"epoch": 18, "shcmi_ratio": 0.4679, "lambda_shcmi": -0.0149, "eta": 0.0202, "alpha_f": 0.0149, "beta_f": 0.0118, "alpha_c": 0.0126, "beta_c": 0.0248, "scale_gate_mean": 0.167, "scale_gate_std": 0.3693, "prompt_w_mean": 0.013, "prompt_w_std": 0.0424, "beta_align": 0.0}
2026-08-20 19:33:51,056 [INFO] Evaluating on val.
Train: data epoch: [18]  [ 0/37]  eta: 0:01:15  lr: 0.000035  loss: 0.1770  time: 2.0470  data: 0.0001  max mem: 4252
Train: data epoch: [18]  [20/37]  eta: 0:00:11  lr: 0.000035  loss: 0.1528  time: 0.6201  data: 0.0000  max mem: 4252
Train: data epoch: [18]  [36/37]  eta: 0:00:00  lr: 0.000035  loss: 0.1568  time: 0.4901  data: 0.0000  max mem: 4252
Train: data epoch: [18] Total time: 0:00:21 (0.5881 s / it)
2026-08-20 19:34:00,304 [INFO] Qual: EPOCH[18] -> PLCC: 0.894225, SROCC: 0.819935, KROCC: 0.631408, LOSS: 0.196699
2026-08-20 19:34:00,304 [INFO] Align: EPOCH[18] -> PLCC: 0.809702, SROCC: 0.648719, KROCC: 0.471422, LOSS: 0.330568
2026-08-20 19:34:00,305 [INFO] Start training
2026-08-20 19:34:00,637 [INFO] Start training epoch 19, 37 iters per inner epoch.
2026-08-20 19:34:22,977 [INFO] Averaged stats: lr: 0.000030  loss: 0.170569
2026-08-20 19:34:23,124 [INFO] gates: {"epoch": 19, "shcmi_ratio": 0.5083, "lambda_shcmi": -0.015, "eta": 0.0202, "alpha_f": 0.0154, "beta_f": 0.0118, "alpha_c": 0.0127, "beta_c": 0.0248, "scale_gate_mean": 0.1653, "scale_gate_std": 0.3677, "prompt_w_mean": 0.013, "prompt_w_std": 0.045, "beta_align": 0.0}
2026-08-20 19:34:23,125 [INFO] Evaluating on val.
Train: data epoch: [19]  [ 0/37]  eta: 0:01:36  lr: 0.000030  loss: 0.2009  time: 2.6005  data: 0.0001  max mem: 4252
Train: data epoch: [19]  [20/37]  eta: 0:00:11  lr: 0.000030  loss: 0.1579  time: 0.5760  data: 0.0000  max mem: 4252
Train: data epoch: [19]  [36/37]  eta: 0:00:00  lr: 0.000030  loss: 0.1479  time: 0.5358  data: 0.0000  max mem: 4252
Train: data epoch: [19] Total time: 0:00:22 (0.6038 s / it)
2026-08-20 19:34:33,410 [INFO] Qual: EPOCH[19] -> PLCC: 0.894747, SROCC: 0.821714, KROCC: 0.633369, LOSS: 0.209598
2026-08-20 19:34:33,410 [INFO] Align: EPOCH[19] -> PLCC: 0.808386, SROCC: 0.646979, KROCC: 0.469501, LOSS: 0.333844
2026-08-20 19:34:33,411 [INFO] Start training
2026-08-20 19:34:33,801 [INFO] Start training epoch 20, 37 iters per inner epoch.
2026-08-20 19:34:55,501 [INFO] Averaged stats: lr: 0.000026  loss: 0.167131
2026-08-20 19:34:55,762 [INFO] gates: {"epoch": 20, "shcmi_ratio": 0.4377, "lambda_shcmi": -0.015, "eta": 0.0202, "alpha_f": 0.0156, "beta_f": 0.0118, "alpha_c": 0.0128, "beta_c": 0.0248, "scale_gate_mean": 0.2328, "scale_gate_std": 0.4209, "prompt_w_mean": 0.013, "prompt_w_std": 0.0448, "beta_align": 0.0}
2026-08-20 19:34:55,762 [INFO] Evaluating on val.
Train: data epoch: [20]  [ 0/37]  eta: 0:01:37  lr: 0.000026  loss: 0.1660  time: 2.6220  data: 0.0001  max mem: 4252
Train: data epoch: [20]  [20/37]  eta: 0:00:10  lr: 0.000026  loss: 0.1299  time: 0.5373  data: 0.0000  max mem: 4252
Train: data epoch: [20]  [36/37]  eta: 0:00:00  lr: 0.000026  loss: 0.1787  time: 0.5108  data: 0.0000  max mem: 4252
Train: data epoch: [20] Total time: 0:00:21 (0.5865 s / it)
2026-08-20 19:35:07,913 [INFO] Qual: EPOCH[20] -> PLCC: 0.894232, SROCC: 0.819922, KROCC: 0.631464, LOSS: 0.201352
2026-08-20 19:35:07,913 [INFO] Align: EPOCH[20] -> PLCC: 0.808443, SROCC: 0.647179, KROCC: 0.470234, LOSS: 0.332677
2026-08-20 19:35:07,928 [INFO] Saving checkpoint at epoch 20 to run/20260820192_B2_shcmi/checkpoint_latest.pth.
2026-08-20 19:35:08,109 [INFO] Start training
2026-08-20 19:35:08,469 [INFO] Start training epoch 21, 37 iters per inner epoch.
2026-08-20 19:35:29,128 [INFO] Averaged stats: lr: 0.000021  loss: 0.162056
2026-08-20 19:35:29,271 [INFO] gates: {"epoch": 21, "shcmi_ratio": 0.4313, "lambda_shcmi": -0.015, "eta": 0.0202, "alpha_f": 0.0159, "beta_f": 0.0118, "alpha_c": 0.013, "beta_c": 0.0249, "scale_gate_mean": 0.2689, "scale_gate_std": 0.4284, "prompt_w_mean": 0.013, "prompt_w_std": 0.0469, "beta_align": 0.0}
2026-08-20 19:35:29,271 [INFO] Evaluating on val.
Train: data epoch: [21]  [ 0/37]  eta: 0:01:04  lr: 0.000021  loss: 0.1508  time: 1.7539  data: 0.0001  max mem: 4252
Train: data epoch: [21]  [20/37]  eta: 0:00:10  lr: 0.000021  loss: 0.1392  time: 0.5758  data: 0.0000  max mem: 4252
Train: data epoch: [21]  [36/37]  eta: 0:00:00  lr: 0.000021  loss: 0.1405  time: 0.4958  data: 0.0000  max mem: 4252
Train: data epoch: [21] Total time: 0:00:20 (0.5583 s / it)
2026-08-20 19:35:39,801 [INFO] Qual: EPOCH[21] -> PLCC: 0.894526, SROCC: 0.821123, KROCC: 0.633055, LOSS: 0.200306
2026-08-20 19:35:39,802 [INFO] Align: EPOCH[21] -> PLCC: 0.809160, SROCC: 0.646041, KROCC: 0.469326, LOSS: 0.331367
2026-08-20 19:35:39,802 [INFO] Start training
2026-08-20 19:35:40,115 [INFO] Start training epoch 22, 37 iters per inner epoch.
2026-08-20 19:35:59,103 [INFO] Averaged stats: lr: 0.000017  loss: 0.160429
2026-08-20 19:35:59,361 [INFO] gates: {"epoch": 22, "shcmi_ratio": 0.4285, "lambda_shcmi": -0.0151, "eta": 0.0202, "alpha_f": 0.0162, "beta_f": 0.0119, "alpha_c": 0.0131, "beta_c": 0.0249, "scale_gate_mean": 0.2277, "scale_gate_std": 0.3981, "prompt_w_mean": 0.013, "prompt_w_std": 0.0466, "beta_align": 0.0}
2026-08-20 19:35:59,362 [INFO] Evaluating on val.
Train: data epoch: [22]  [ 0/37]  eta: 0:01:20  lr: 0.000017  loss: 0.1770  time: 2.1699  data: 0.0001  max mem: 4252
Train: data epoch: [22]  [20/37]  eta: 0:00:10  lr: 0.000017  loss: 0.1473  time: 0.5366  data: 0.0000  max mem: 4252
Train: data epoch: [22]  [36/37]  eta: 0:00:00  lr: 0.000017  loss: 0.1517  time: 0.4302  data: 0.0000  max mem: 4252
Train: data epoch: [22] Total time: 0:00:18 (0.5132 s / it)
2026-08-20 19:36:11,267 [INFO] Qual: EPOCH[22] -> PLCC: 0.893842, SROCC: 0.820015, KROCC: 0.631665, LOSS: 0.203989
2026-08-20 19:36:11,267 [INFO] Align: EPOCH[22] -> PLCC: 0.807687, SROCC: 0.645461, KROCC: 0.468216, LOSS: 0.336606
2026-08-20 19:36:11,269 [INFO] Start training
2026-08-20 19:36:11,620 [INFO] Start training epoch 23, 37 iters per inner epoch.
2026-08-20 19:36:31,412 [INFO] Averaged stats: lr: 0.000014  loss: 0.161498
2026-08-20 19:36:31,902 [INFO] gates: {"epoch": 23, "shcmi_ratio": 0.496, "lambda_shcmi": -0.0151, "eta": 0.0202, "alpha_f": 0.0163, "beta_f": 0.0118, "alpha_c": 0.0131, "beta_c": 0.0249, "scale_gate_mean": 0.1685, "scale_gate_std": 0.3592, "prompt_w_mean": 0.013, "prompt_w_std": 0.0446, "beta_align": 0.0}
2026-08-20 19:36:31,903 [INFO] Evaluating on val.
Train: data epoch: [23]  [ 0/37]  eta: 0:01:06  lr: 0.000014  loss: 0.1554  time: 1.8001  data: 0.0001  max mem: 4252
Train: data epoch: [23]  [20/37]  eta: 0:00:09  lr: 0.000014  loss: 0.1490  time: 0.4721  data: 0.0000  max mem: 4252
Train: data epoch: [23]  [36/37]  eta: 0:00:00  lr: 0.000014  loss: 0.1714  time: 0.5137  data: 0.0000  max mem: 4252
Train: data epoch: [23] Total time: 0:00:19 (0.5349 s / it)
2026-08-20 19:36:45,988 [INFO] Qual: EPOCH[23] -> PLCC: 0.894266, SROCC: 0.820619, KROCC: 0.632304, LOSS: 0.197312
2026-08-20 19:36:45,988 [INFO] Align: EPOCH[23] -> PLCC: 0.808190, SROCC: 0.643441, KROCC: 0.466860, LOSS: 0.334248
2026-08-20 19:36:45,989 [INFO] Start training
2026-08-20 19:36:46,310 [INFO] Start training epoch 24, 37 iters per inner epoch.
2026-08-20 19:37:07,877 [INFO] Averaged stats: lr: 0.000010  loss: 0.157949
2026-08-20 19:37:08,004 [INFO] gates: {"epoch": 24, "shcmi_ratio": 0.3791, "lambda_shcmi": -0.0151, "eta": 0.0202, "alpha_f": 0.0165, "beta_f": 0.0119, "alpha_c": 0.0132, "beta_c": 0.0249, "scale_gate_mean": 0.317, "scale_gate_std": 0.4477, "prompt_w_mean": 0.013, "prompt_w_std": 0.0475, "beta_align": 0.0}
2026-08-20 19:37:08,005 [INFO] Evaluating on val.
Train: data epoch: [24]  [ 0/37]  eta: 0:01:23  lr: 0.000010  loss: 0.1651  time: 2.2676  data: 0.0001  max mem: 4252
Train: data epoch: [24]  [20/37]  eta: 0:00:10  lr: 0.000010  loss: 0.1223  time: 0.5306  data: 0.0000  max mem: 4252
Train: data epoch: [24]  [36/37]  eta: 0:00:00  lr: 0.000010  loss: 0.1453  time: 0.5257  data: 0.0000  max mem: 4252
Train: data epoch: [24] Total time: 0:00:21 (0.5829 s / it)
2026-08-20 19:37:20,744 [INFO] Qual: EPOCH[24] -> PLCC: 0.894176, SROCC: 0.820532, KROCC: 0.632192, LOSS: 0.200482
2026-08-20 19:37:20,744 [INFO] Align: EPOCH[24] -> PLCC: 0.807864, SROCC: 0.644895, KROCC: 0.467936, LOSS: 0.335498
2026-08-20 19:37:20,745 [INFO] Start training
2026-08-20 19:37:21,136 [INFO] Start training epoch 25, 37 iters per inner epoch.
2026-08-20 19:37:43,605 [INFO] Averaged stats: lr: 0.000008  loss: 0.158639
2026-08-20 19:37:43,902 [INFO] gates: {"epoch": 25, "shcmi_ratio": 0.4153, "lambda_shcmi": -0.0151, "eta": 0.0202, "alpha_f": 0.0166, "beta_f": 0.0119, "alpha_c": 0.0133, "beta_c": 0.025, "scale_gate_mean": 0.2754, "scale_gate_std": 0.436, "prompt_w_mean": 0.013, "prompt_w_std": 0.0456, "beta_align": 0.0}
2026-08-20 19:37:43,902 [INFO] Evaluating on val.
Train: data epoch: [25]  [ 0/37]  eta: 0:01:16  lr: 0.000008  loss: 0.1743  time: 2.0692  data: 0.0002  max mem: 4252
Train: data epoch: [25]  [20/37]  eta: 0:00:11  lr: 0.000008  loss: 0.1490  time: 0.5787  data: 0.0000  max mem: 4252
Train: data epoch: [25]  [36/37]  eta: 0:00:00  lr: 0.000008  loss: 0.1267  time: 0.5270  data: 0.0000  max mem: 4252
Train: data epoch: [25] Total time: 0:00:22 (0.6073 s / it)
2026-08-20 19:37:54,148 [INFO] Qual: EPOCH[25] -> PLCC: 0.894648, SROCC: 0.821567, KROCC: 0.633604, LOSS: 0.198352
2026-08-20 19:37:54,149 [INFO] Align: EPOCH[25] -> PLCC: 0.808435, SROCC: 0.644304, KROCC: 0.467387, LOSS: 0.334087
2026-08-20 19:37:54,162 [INFO] Saving checkpoint at epoch 25 to run/20260820192_B2_shcmi/checkpoint_latest.pth.
2026-08-20 19:37:54,351 [INFO] Start training
2026-08-20 19:37:54,736 [INFO] Start training epoch 26, 37 iters per inner epoch.
2026-08-20 19:38:15,499 [INFO] Averaged stats: lr: 0.000005  loss: 0.158095
2026-08-20 19:38:15,716 [INFO] gates: {"epoch": 26, "shcmi_ratio": 0.4838, "lambda_shcmi": -0.0151, "eta": 0.0202, "alpha_f": 0.0167, "beta_f": 0.0119, "alpha_c": 0.0133, "beta_c": 0.025, "scale_gate_mean": 0.1727, "scale_gate_std": 0.3712, "prompt_w_mean": 0.013, "prompt_w_std": 0.0455, "beta_align": 0.0}
2026-08-20 19:38:15,717 [INFO] Evaluating on val.
Train: data epoch: [26]  [ 0/37]  eta: 0:01:38  lr: 0.000005  loss: 0.1271  time: 2.6502  data: 0.0001  max mem: 4252
Train: data epoch: [26]  [20/37]  eta: 0:00:09  lr: 0.000005  loss: 0.1459  time: 0.4461  data: 0.0000  max mem: 4252
Train: data epoch: [26]  [36/37]  eta: 0:00:00  lr: 0.000005  loss: 0.1297  time: 0.5147  data: 0.0000  max mem: 4252
Train: data epoch: [26] Total time: 0:00:20 (0.5611 s / it)
2026-08-20 19:38:27,108 [INFO] Qual: EPOCH[26] -> PLCC: 0.894301, SROCC: 0.821087, KROCC: 0.632887, LOSS: 0.201192
2026-08-20 19:38:27,108 [INFO] Align: EPOCH[26] -> PLCC: 0.807698, SROCC: 0.644320, KROCC: 0.467387, LOSS: 0.335892
2026-08-20 19:38:27,109 [INFO] Start training
2026-08-20 19:38:27,466 [INFO] Start training epoch 27, 37 iters per inner epoch.
2026-08-20 19:38:50,075 [INFO] Averaged stats: lr: 0.000003  loss: 0.156371
2026-08-20 19:38:50,201 [INFO] gates: {"epoch": 27, "shcmi_ratio": 0.4648, "lambda_shcmi": -0.0152, "eta": 0.0202, "alpha_f": 0.0167, "beta_f": 0.0119, "alpha_c": 0.0133, "beta_c": 0.025, "scale_gate_mean": 0.1949, "scale_gate_std": 0.3879, "prompt_w_mean": 0.013, "prompt_w_std": 0.0438, "beta_align": 0.0}
2026-08-20 19:38:50,201 [INFO] Evaluating on val.
Train: data epoch: [27]  [ 0/37]  eta: 0:01:25  lr: 0.000003  loss: 0.1228  time: 2.3036  data: 0.0001  max mem: 4252
Train: data epoch: [27]  [20/37]  eta: 0:00:10  lr: 0.000003  loss: 0.1414  time: 0.5347  data: 0.0000  max mem: 4252
Train: data epoch: [27]  [36/37]  eta: 0:00:00  lr: 0.000003  loss: 0.1401  time: 0.5647  data: 0.0000  max mem: 4252
Train: data epoch: [27] Total time: 0:00:22 (0.6110 s / it)
2026-08-20 19:39:00,513 [INFO] Qual: EPOCH[27] -> PLCC: 0.894288, SROCC: 0.820853, KROCC: 0.632719, LOSS: 0.199932
2026-08-20 19:39:00,514 [INFO] Align: EPOCH[27] -> PLCC: 0.807813, SROCC: 0.644619, KROCC: 0.467555, LOSS: 0.336003
2026-08-20 19:39:00,514 [INFO] Start training
2026-08-20 19:39:00,863 [INFO] Start training epoch 28, 37 iters per inner epoch.
2026-08-20 19:39:16,565 [INFO] Averaged stats: lr: 0.000002  loss: 0.154917
2026-08-20 19:39:16,698 [INFO] gates: {"epoch": 28, "shcmi_ratio": 0.4746, "lambda_shcmi": -0.0152, "eta": 0.0202, "alpha_f": 0.0167, "beta_f": 0.0119, "alpha_c": 0.0133, "beta_c": 0.025, "scale_gate_mean": 0.1376, "scale_gate_std": 0.3246, "prompt_w_mean": 0.013, "prompt_w_std": 0.0464, "beta_align": 0.0}
2026-08-20 19:39:16,698 [INFO] Evaluating on val.
Train: data epoch: [28]  [ 0/37]  eta: 0:01:12  lr: 0.000002  loss: 0.1663  time: 1.9511  data: 0.0001  max mem: 4252
Train: data epoch: [28]  [20/37]  eta: 0:00:08  lr: 0.000002  loss: 0.1718  time: 0.4287  data: 0.0000  max mem: 4252
Train: data epoch: [28]  [36/37]  eta: 0:00:00  lr: 0.000002  loss: 0.1572  time: 0.3186  data: 0.0000  max mem: 4252
Train: data epoch: [28] Total time: 0:00:15 (0.4244 s / it)
2026-08-20 19:39:22,702 [INFO] Qual: EPOCH[28] -> PLCC: 0.894369, SROCC: 0.821031, KROCC: 0.632910, LOSS: 0.199864
2026-08-20 19:39:22,702 [INFO] Align: EPOCH[28] -> PLCC: 0.807853, SROCC: 0.644394, KROCC: 0.467465, LOSS: 0.335540
2026-08-20 19:39:22,703 [INFO] Start training
2026-08-20 19:39:23,100 [INFO] Start training epoch 29, 37 iters per inner epoch.
2026-08-20 19:39:39,074 [INFO] Averaged stats: lr: 0.000001  loss: 0.157812
2026-08-20 19:39:39,204 [INFO] gates: {"epoch": 29, "shcmi_ratio": 0.4276, "lambda_shcmi": -0.0152, "eta": 0.0202, "alpha_f": 0.0168, "beta_f": 0.0119, "alpha_c": 0.0134, "beta_c": 0.025, "scale_gate_mean": 0.2435, "scale_gate_std": 0.4192, "prompt_w_mean": 0.013, "prompt_w_std": 0.0437, "beta_align": 0.0}
2026-08-20 19:39:39,204 [INFO] Evaluating on val.
Train: data epoch: [29]  [ 0/37]  eta: 0:01:48  lr: 0.000001  loss: 0.1537  time: 2.9364  data: 0.0001  max mem: 4252
Train: data epoch: [29]  [20/37]  eta: 0:00:08  lr: 0.000001  loss: 0.1318  time: 0.3862  data: 0.0000  max mem: 4252
Train: data epoch: [29]  [36/37]  eta: 0:00:00  lr: 0.000001  loss: 0.1461  time: 0.3213  data: 0.0000  max mem: 4252
Train: data epoch: [29] Total time: 0:00:15 (0.4317 s / it)
2026-08-20 19:39:43,976 [INFO] Qual: EPOCH[29] -> PLCC: 0.894331, SROCC: 0.821008, KROCC: 0.632954, LOSS: 0.200040
2026-08-20 19:39:43,976 [INFO] Align: EPOCH[29] -> PLCC: 0.807833, SROCC: 0.644293, KROCC: 0.467387, LOSS: 0.335609
2026-08-20 19:39:43,989 [INFO] Saving checkpoint at epoch 29 to run/20260820192_B2_shcmi/checkpoint_latest.pth.
[{'agg_metrics': np.float64(4.296901123252851), 'qual_agg': np.float64(2.3475812087120085), 'qual_PLCC': np.float64(0.8945030408605416), 'qual_SROCC': np.float64(0.8205945636768457), 'qual_KROCC': np.float64(0.6324836041746213), 'align_agg': np.float64(1.9493199145408424), 'align_PLCC': np.float64(0.8114357673880802), 'align_SROCC': np.float64(0.6579334381638118), 'align_KROCC': np.float64(0.4799507089889505)}]
{'agg_metrics': np.float64(4.296901123252851), 'qual_agg': np.float64(2.3475812087120085), 'qual_PLCC': np.float64(0.8945030408605416), 'qual_SROCC': np.float64(0.8205945636768457), 'qual_KROCC': np.float64(0.6324836041746213), 'align_agg': np.float64(1.9493199145408424), 'align_PLCC': np.float64(0.8114357673880802), 'align_SROCC': np.float64(0.6579334381638118), 'align_KROCC': np.float64(0.4799507089889505)}
