2026-08-20 18:28:24,815 [INFO] Start training
2026-08-20 18:28:25,611 [INFO] number of trainable parameters: 6010889
Not using distributed mode
['msqr_baseline', 'msqr_shcmi']
Position interpolate from 7x7 to 16x16
Freezing <class 'clip.model.Transformer'> ...
Freezing <class 'torch.nn.modules.sparse.Embedding'> ...
Freezing <class 'clip.model.LayerNorm'> ...
Freezing <class 'torch.nn.parameter.Parameter'> ...
Freezing <class 'torch.nn.parameter.Parameter'> ...
2026-08-20 18:28:27,727 [INFO] Start training epoch 0, 37 iters per inner epoch.
2026-08-20 18:28:56,198 [INFO] Averaged stats: lr: 0.000036  loss: 6.814622
2026-08-20 18:28:56,307 [INFO] gates: {"epoch": 0, "shcmi_ratio": 0.0009, "lambda_shcmi": 0.0016, "eta": 0.0114, "alpha_f": 0.0113, "beta_f": 0.0111, "alpha_c": 0.0113, "beta_c": 0.0106, "scale_gate_mean": 0.4863, "scale_gate_std": 0.0023}
2026-08-20 18:28:56,307 [INFO] Evaluating on val.
Train: data epoch: [0]  [ 0/37]  eta: 0:04:47  lr: 0.000000  loss: 6.7469  time: 7.7689  data: 0.0002  max mem: 2400
Train: data epoch: [0]  [20/37]  eta: 0:00:16  lr: 0.000040  loss: 7.1545  time: 0.6013  data: 0.0000  max mem: 2462
Train: data epoch: [0]  [36/37]  eta: 0:00:00  lr: 0.000072  loss: 5.3070  time: 0.5554  data: 0.0000  max mem: 2462
Train: data epoch: [0] Total time: 0:00:28 (0.7695 s / it)
2026-08-20 18:29:05,469 [INFO] Qual: EPOCH[0] -> PLCC: -0.005103, SROCC: -0.009220, KROCC: -0.006215, LOSS: 5.898429
2026-08-20 18:29:05,469 [INFO] Align: EPOCH[0] -> PLCC: 0.031126, SROCC: 0.030132, KROCC: 0.019927, LOSS: 5.923146
2026-08-20 18:29:05,482 [INFO] Saving checkpoint at epoch 0 to run/20260820182_B2_shcmi/checkpoint_best.pth.
2026-08-20 18:29:05,592 [INFO] Saving checkpoint at epoch 0 to run/20260820182_B2_shcmi/checkpoint_best_joint.pth.
2026-08-20 18:29:05,693 [INFO] Start training
2026-08-20 18:29:06,035 [INFO] Start training epoch 1, 37 iters per inner epoch.
2026-08-20 18:29:31,018 [INFO] Averaged stats: lr: 0.000100  loss: 1.917643
2026-08-20 18:29:31,432 [INFO] gates: {"epoch": 1, "shcmi_ratio": 0.0015, "lambda_shcmi": 0.0029, "eta": 0.0114, "alpha_f": 0.0114, "beta_f": 0.011, "alpha_c": 0.0134, "beta_c": 0.0124, "scale_gate_mean": 0.9992, "scale_gate_std": 0.0004}
2026-08-20 18:29:31,433 [INFO] Evaluating on val.
Train: data epoch: [1]  [ 0/37]  eta: 0:01:09  lr: 0.000100  loss: 5.1162  time: 1.8735  data: 0.0001  max mem: 4254
Train: data epoch: [1]  [20/37]  eta: 0:00:12  lr: 0.000100  loss: 0.6990  time: 0.6985  data: 0.0000  max mem: 4254
Train: data epoch: [1]  [36/37]  eta: 0:00:00  lr: 0.000100  loss: 1.0764  time: 0.5504  data: 0.0000  max mem: 4254
Train: data epoch: [1] Total time: 0:00:24 (0.6752 s / it)
2026-08-20 18:29:43,129 [INFO] Qual: EPOCH[1] -> PLCC: 0.050291, SROCC: 0.066383, KROCC: 0.043673, LOSS: 1.039796
2026-08-20 18:29:43,129 [INFO] Align: EPOCH[1] -> PLCC: 0.089693, SROCC: 0.080508, KROCC: 0.053943, LOSS: 0.973670
2026-08-20 18:29:43,139 [INFO] Saving checkpoint at epoch 1 to run/20260820182_B2_shcmi/checkpoint_best.pth.
2026-08-20 18:29:43,301 [INFO] Saving checkpoint at epoch 1 to run/20260820182_B2_shcmi/checkpoint_best_joint.pth.
2026-08-20 18:29:43,443 [INFO] Start training
2026-08-20 18:29:43,830 [INFO] Start training epoch 2, 37 iters per inner epoch.
2026-08-20 18:30:07,138 [INFO] Averaged stats: lr: 0.000099  loss: 0.988115
2026-08-20 18:30:07,252 [INFO] gates: {"epoch": 2, "shcmi_ratio": 0.0021, "lambda_shcmi": 0.0031, "eta": 0.0112, "alpha_f": 0.0112, "beta_f": 0.011, "alpha_c": 0.0135, "beta_c": 0.0125, "scale_gate_mean": 0.9999, "scale_gate_std": 0.0004}
2026-08-20 18:30:07,253 [INFO] Evaluating on val.
Train: data epoch: [2]  [ 0/37]  eta: 0:02:24  lr: 0.000099  loss: 0.9649  time: 3.9129  data: 0.0001  max mem: 4254
Train: data epoch: [2]  [20/37]  eta: 0:00:11  lr: 0.000099  loss: 0.8115  time: 0.5262  data: 0.0000  max mem: 4254
Train: data epoch: [2]  [36/37]  eta: 0:00:00  lr: 0.000099  loss: 1.0198  time: 0.5663  data: 0.0000  max mem: 4254
Train: data epoch: [2] Total time: 0:00:23 (0.6299 s / it)
2026-08-20 18:30:17,076 [INFO] Qual: EPOCH[2] -> PLCC: 0.238042, SROCC: 0.287784, KROCC: 0.194412, LOSS: 0.971365
2026-08-20 18:30:17,076 [INFO] Align: EPOCH[2] -> PLCC: 0.256697, SROCC: 0.265030, KROCC: 0.181028, LOSS: 0.906903
2026-08-20 18:30:17,086 [INFO] Saving checkpoint at epoch 2 to run/20260820182_B2_shcmi/checkpoint_best.pth.
2026-08-20 18:30:17,253 [INFO] Saving checkpoint at epoch 2 to run/20260820182_B2_shcmi/checkpoint_best_joint.pth.
2026-08-20 18:30:17,417 [INFO] Start training
2026-08-20 18:30:17,787 [INFO] Start training epoch 3, 37 iters per inner epoch.
2026-08-20 18:30:38,945 [INFO] Averaged stats: lr: 0.000098  loss: 0.810557
2026-08-20 18:30:39,090 [INFO] gates: {"epoch": 3, "shcmi_ratio": 0.0133, "lambda_shcmi": 0.0054, "eta": 0.0113, "alpha_f": 0.0131, "beta_f": 0.0148, "alpha_c": 0.0141, "beta_c": 0.0128, "scale_gate_mean": 0.9999, "scale_gate_std": 0.0012}
2026-08-20 18:30:39,090 [INFO] Evaluating on val.
Train: data epoch: [3]  [ 0/37]  eta: 0:01:22  lr: 0.000098  loss: 0.8265  time: 2.2362  data: 0.0001  max mem: 4254
Train: data epoch: [3]  [20/37]  eta: 0:00:10  lr: 0.000098  loss: 0.8078  time: 0.5070  data: 0.0000  max mem: 4254
Train: data epoch: [3]  [36/37]  eta: 0:00:00  lr: 0.000098  loss: 0.7407  time: 0.5625  data: 0.0000  max mem: 4254
Train: data epoch: [3] Total time: 0:00:21 (0.5718 s / it)
2026-08-20 18:30:49,125 [INFO] Qual: EPOCH[3] -> PLCC: 0.622460, SROCC: 0.626669, KROCC: 0.449644, LOSS: 0.719137
2026-08-20 18:30:49,126 [INFO] Align: EPOCH[3] -> PLCC: 0.571439, SROCC: 0.550246, KROCC: 0.385794, LOSS: 0.730163
2026-08-20 18:30:49,136 [INFO] Saving checkpoint at epoch 3 to run/20260820182_B2_shcmi/checkpoint_best.pth.
2026-08-20 18:30:49,290 [INFO] Saving checkpoint at epoch 3 to run/20260820182_B2_shcmi/checkpoint_best_joint.pth.
2026-08-20 18:30:49,422 [INFO] Start training
2026-08-20 18:30:49,754 [INFO] Start training epoch 4, 37 iters per inner epoch.
2026-08-20 18:31:10,243 [INFO] Averaged stats: lr: 0.000096  loss: 0.472300
2026-08-20 18:31:10,355 [INFO] gates: {"epoch": 4, "shcmi_ratio": 0.1276, "lambda_shcmi": 0.0114, "eta": 0.0129, "alpha_f": 0.021, "beta_f": 0.0214, "alpha_c": 0.0154, "beta_c": 0.0134, "scale_gate_mean": 1.0, "scale_gate_std": 0.0}
2026-08-20 18:31:10,356 [INFO] Evaluating on val.
Train: data epoch: [4]  [ 0/37]  eta: 0:01:09  lr: 0.000096  loss: 0.5906  time: 1.8667  data: 0.0001  max mem: 4254
Train: data epoch: [4]  [20/37]  eta: 0:00:09  lr: 0.000096  loss: 0.4023  time: 0.4879  data: 0.0000  max mem: 4254
Train: data epoch: [4]  [36/37]  eta: 0:00:00  lr: 0.000096  loss: 0.2132  time: 0.5473  data: 0.0000  max mem: 4254
Train: data epoch: [4] Total time: 0:00:20 (0.5538 s / it)
2026-08-20 18:31:20,002 [INFO] Qual: EPOCH[4] -> PLCC: 0.833844, SROCC: 0.771597, KROCC: 0.580601, LOSS: 0.304519
2026-08-20 18:31:20,002 [INFO] Align: EPOCH[4] -> PLCC: 0.736463, SROCC: 0.652045, KROCC: 0.472710, LOSS: 0.443803
2026-08-20 18:31:20,015 [INFO] Saving checkpoint at epoch 4 to run/20260820182_B2_shcmi/checkpoint_best.pth.
2026-08-20 18:31:20,150 [INFO] Saving checkpoint at epoch 4 to run/20260820182_B2_shcmi/checkpoint_best_joint.pth.
2026-08-20 18:31:20,290 [INFO] Start training
2026-08-20 18:31:20,661 [INFO] Start training epoch 5, 37 iters per inner epoch.
2026-08-20 18:31:42,245 [INFO] Averaged stats: lr: 0.000093  loss: 0.318539
2026-08-20 18:31:42,361 [INFO] gates: {"epoch": 5, "shcmi_ratio": 0.1693, "lambda_shcmi": 0.012, "eta": 0.0108, "alpha_f": 0.0237, "beta_f": 0.0238, "alpha_c": 0.0154, "beta_c": 0.0134, "scale_gate_mean": 1.0, "scale_gate_std": 0.0}
2026-08-20 18:31:42,361 [INFO] Evaluating on val.
Train: data epoch: [5]  [ 0/37]  eta: 0:01:22  lr: 0.000093  loss: 0.3170  time: 2.2233  data: 0.0001  max mem: 4254
Train: data epoch: [5]  [20/37]  eta: 0:00:09  lr: 0.000093  loss: 0.2452  time: 0.4859  data: 0.0000  max mem: 4254
Train: data epoch: [5]  [36/37]  eta: 0:00:00  lr: 0.000093  loss: 0.2118  time: 0.5745  data: 0.0000  max mem: 4254
Train: data epoch: [5] Total time: 0:00:21 (0.5833 s / it)
2026-08-20 18:31:51,925 [INFO] Qual: EPOCH[5] -> PLCC: 0.862900, SROCC: 0.780625, KROCC: 0.592538, LOSS: 0.255717
2026-08-20 18:31:51,926 [INFO] Align: EPOCH[5] -> PLCC: 0.775223, SROCC: 0.659970, KROCC: 0.481453, LOSS: 0.381518
2026-08-20 18:31:51,939 [INFO] Saving checkpoint at epoch 5 to run/20260820182_B2_shcmi/checkpoint_best.pth.
2026-08-20 18:31:52,108 [INFO] Saving checkpoint at epoch 5 to run/20260820182_B2_shcmi/checkpoint_best_joint.pth.
2026-08-20 18:31:52,241 [INFO] Start training
2026-08-20 18:31:52,611 [INFO] Start training epoch 6, 37 iters per inner epoch.
2026-08-20 18:32:14,896 [INFO] Averaged stats: lr: 0.000091  loss: 0.271996
2026-08-20 18:32:15,065 [INFO] gates: {"epoch": 6, "shcmi_ratio": 0.1702, "lambda_shcmi": 0.0126, "eta": 0.0112, "alpha_f": 0.026, "beta_f": 0.0258, "alpha_c": 0.0154, "beta_c": 0.0134, "scale_gate_mean": 1.0, "scale_gate_std": 0.0}
2026-08-20 18:32:15,065 [INFO] Evaluating on val.
Train: data epoch: [6]  [ 0/37]  eta: 0:01:33  lr: 0.000091  loss: 0.2850  time: 2.5163  data: 0.0001  max mem: 4254
Train: data epoch: [6]  [20/37]  eta: 0:00:10  lr: 0.000091  loss: 0.2251  time: 0.5139  data: 0.0000  max mem: 4254
Train: data epoch: [6]  [36/37]  eta: 0:00:00  lr: 0.000091  loss: 0.2192  time: 0.5557  data: 0.0000  max mem: 4254
Train: data epoch: [6] Total time: 0:00:22 (0.6023 s / it)
2026-08-20 18:32:24,200 [INFO] Qual: EPOCH[6] -> PLCC: 0.868957, SROCC: 0.779032, KROCC: 0.591484, LOSS: 0.242836
2026-08-20 18:32:24,200 [INFO] Align: EPOCH[6] -> PLCC: 0.795364, SROCC: 0.657363, KROCC: 0.480859, LOSS: 0.349954
2026-08-20 18:32:24,214 [INFO] Saving checkpoint at epoch 6 to run/20260820182_B2_shcmi/checkpoint_best.pth.
2026-08-20 18:32:24,364 [INFO] Saving checkpoint at epoch 6 to run/20260820182_B2_shcmi/checkpoint_best_joint.pth.
2026-08-20 18:32:24,519 [INFO] Start training
2026-08-20 18:32:24,887 [INFO] Start training epoch 7, 37 iters per inner epoch.
2026-08-20 18:32:47,332 [INFO] Averaged stats: lr: 0.000087  loss: 0.249435
2026-08-20 18:32:47,455 [INFO] gates: {"epoch": 7, "shcmi_ratio": 0.1867, "lambda_shcmi": 0.013, "eta": 0.0116, "alpha_f": 0.0268, "beta_f": 0.0273, "alpha_c": 0.0154, "beta_c": 0.0134, "scale_gate_mean": 1.0, "scale_gate_std": 0.0}
2026-08-20 18:32:47,455 [INFO] Evaluating on val.
Train: data epoch: [7]  [ 0/37]  eta: 0:02:09  lr: 0.000087  loss: 0.1908  time: 3.4918  data: 0.0001  max mem: 4254
Train: data epoch: [7]  [20/37]  eta: 0:00:10  lr: 0.000087  loss: 0.2574  time: 0.4813  data: 0.0000  max mem: 4254
Train: data epoch: [7]  [36/37]  eta: 0:00:00  lr: 0.000087  loss: 0.2164  time: 0.5513  data: 0.0000  max mem: 4254
Train: data epoch: [7] Total time: 0:00:22 (0.6066 s / it)
2026-08-20 18:32:56,910 [INFO] Qual: EPOCH[7] -> PLCC: 0.871870, SROCC: 0.776576, KROCC: 0.588727, LOSS: 0.246036
2026-08-20 18:32:56,910 [INFO] Align: EPOCH[7] -> PLCC: 0.803020, SROCC: 0.657175, KROCC: 0.481015, LOSS: 0.339465
2026-08-20 18:32:56,923 [INFO] Saving checkpoint at epoch 7 to run/20260820182_B2_shcmi/checkpoint_best.pth.
2026-08-20 18:32:57,094 [INFO] Saving checkpoint at epoch 7 to run/20260820182_B2_shcmi/checkpoint_best_joint.pth.
2026-08-20 18:32:57,251 [INFO] Start training
2026-08-20 18:32:57,618 [INFO] Start training epoch 8, 37 iters per inner epoch.
2026-08-20 18:33:18,597 [INFO] Averaged stats: lr: 0.000084  loss: 0.232928
2026-08-20 18:33:18,707 [INFO] gates: {"epoch": 8, "shcmi_ratio": 0.1793, "lambda_shcmi": 0.0134, "eta": 0.0121, "alpha_f": 0.0272, "beta_f": 0.0284, "alpha_c": 0.0154, "beta_c": 0.0134, "scale_gate_mean": 1.0, "scale_gate_std": 0.0}
2026-08-20 18:33:18,707 [INFO] Evaluating on val.
Train: data epoch: [8]  [ 0/37]  eta: 0:01:35  lr: 0.000084  loss: 0.2174  time: 2.5886  data: 0.0001  max mem: 4254
Train: data epoch: [8]  [20/37]  eta: 0:00:09  lr: 0.000084  loss: 0.2059  time: 0.4733  data: 0.0000  max mem: 4254
Train: data epoch: [8]  [36/37]  eta: 0:00:00  lr: 0.000084  loss: 0.2135  time: 0.5447  data: 0.0000  max mem: 4254
Train: data epoch: [8] Total time: 0:00:20 (0.5670 s / it)
2026-08-20 18:33:28,144 [INFO] Qual: EPOCH[8] -> PLCC: 0.874037, SROCC: 0.774108, KROCC: 0.586519, LOSS: 0.247891
2026-08-20 18:33:28,144 [INFO] Align: EPOCH[8] -> PLCC: 0.806424, SROCC: 0.653040, KROCC: 0.478068, LOSS: 0.338053
2026-08-20 18:33:28,145 [INFO] Start training
2026-08-20 18:33:28,505 [INFO] Start training epoch 9, 37 iters per inner epoch.
2026-08-20 18:33:49,679 [INFO] Averaged stats: lr: 0.000080  loss: 0.227443
2026-08-20 18:33:49,813 [INFO] gates: {"epoch": 9, "shcmi_ratio": 0.1779, "lambda_shcmi": 0.0136, "eta": 0.0117, "alpha_f": 0.027, "beta_f": 0.0289, "alpha_c": 0.0154, "beta_c": 0.0134, "scale_gate_mean": 1.0, "scale_gate_std": 0.0}
2026-08-20 18:33:49,813 [INFO] Evaluating on val.
Train: data epoch: [9]  [ 0/37]  eta: 0:01:14  lr: 0.000080  loss: 0.2043  time: 2.0003  data: 0.0001  max mem: 4254
Train: data epoch: [9]  [20/37]  eta: 0:00:10  lr: 0.000080  loss: 0.2316  time: 0.5244  data: 0.0000  max mem: 4254
Train: data epoch: [9]  [36/37]  eta: 0:00:00  lr: 0.000080  loss: 0.1842  time: 0.5460  data: 0.0000  max mem: 4254
Train: data epoch: [9] Total time: 0:00:21 (0.5723 s / it)
2026-08-20 18:33:59,304 [INFO] Qual: EPOCH[9] -> PLCC: 0.876168, SROCC: 0.778379, KROCC: 0.590823, LOSS: 0.229473
2026-08-20 18:33:59,304 [INFO] Align: EPOCH[9] -> PLCC: 0.806819, SROCC: 0.649223, KROCC: 0.473999, LOSS: 0.340841
2026-08-20 18:33:59,317 [INFO] Saving checkpoint at epoch 9 to run/20260820182_B2_shcmi/checkpoint_best.pth.
2026-08-20 18:33:59,483 [INFO] Saving checkpoint at epoch 9 to run/20260820182_B2_shcmi/checkpoint_best_joint.pth.
2026-08-20 18:33:59,639 [INFO] Start training
2026-08-20 18:34:00,015 [INFO] Start training epoch 10, 37 iters per inner epoch.
2026-08-20 18:34:20,278 [INFO] Averaged stats: lr: 0.000075  loss: 0.218851
2026-08-20 18:34:20,391 [INFO] gates: {"epoch": 10, "shcmi_ratio": 0.1768, "lambda_shcmi": 0.0136, "eta": 0.0118, "alpha_f": 0.027, "beta_f": 0.0292, "alpha_c": 0.0154, "beta_c": 0.0134, "scale_gate_mean": 1.0, "scale_gate_std": 0.0}
2026-08-20 18:34:20,391 [INFO] Evaluating on val.
Train: data epoch: [10]  [ 0/37]  eta: 0:01:11  lr: 0.000075  loss: 0.2360  time: 1.9334  data: 0.0001  max mem: 4254
Train: data epoch: [10]  [20/37]  eta: 0:00:09  lr: 0.000075  loss: 0.2031  time: 0.5088  data: 0.0000  max mem: 4254
Train: data epoch: [10]  [36/37]  eta: 0:00:00  lr: 0.000075  loss: 0.2812  time: 0.5222  data: 0.0000  max mem: 4254
Train: data epoch: [10] Total time: 0:00:20 (0.5476 s / it)
2026-08-20 18:34:30,428 [INFO] Qual: EPOCH[10] -> PLCC: 0.879409, SROCC: 0.784922, KROCC: 0.596673, LOSS: 0.231801
2026-08-20 18:34:30,429 [INFO] Align: EPOCH[10] -> PLCC: 0.807450, SROCC: 0.645394, KROCC: 0.471141, LOSS: 0.338420
2026-08-20 18:34:30,442 [INFO] Saving checkpoint at epoch 10 to run/20260820182_B2_shcmi/checkpoint_best.pth.
2026-08-20 18:34:30,584 [INFO] Saving checkpoint at epoch 10 to run/20260820182_B2_shcmi/checkpoint_best_joint.pth.
2026-08-20 18:34:30,717 [INFO] Start training
2026-08-20 18:34:31,054 [INFO] Start training epoch 11, 37 iters per inner epoch.
2026-08-20 18:34:52,587 [INFO] Averaged stats: lr: 0.000071  loss: 0.204022
2026-08-20 18:34:52,705 [INFO] gates: {"epoch": 11, "shcmi_ratio": 0.1674, "lambda_shcmi": 0.0139, "eta": 0.0122, "alpha_f": 0.0274, "beta_f": 0.0295, "alpha_c": 0.0154, "beta_c": 0.0134, "scale_gate_mean": 1.0, "scale_gate_std": 0.0}
2026-08-20 18:34:52,706 [INFO] Evaluating on val.
Train: data epoch: [11]  [ 0/37]  eta: 0:01:40  lr: 0.000071  loss: 0.1594  time: 2.7099  data: 0.0001  max mem: 4254
Train: data epoch: [11]  [20/37]  eta: 0:00:10  lr: 0.000071  loss: 0.1892  time: 0.4930  data: 0.0000  max mem: 4254
Train: data epoch: [11]  [36/37]  eta: 0:00:00  lr: 0.000071  loss: 0.1773  time: 0.5417  data: 0.0000  max mem: 4254
Train: data epoch: [11] Total time: 0:00:21 (0.5820 s / it)
2026-08-20 18:35:02,338 [INFO] Qual: EPOCH[11] -> PLCC: 0.879595, SROCC: 0.783055, KROCC: 0.593939, LOSS: 0.234288
2026-08-20 18:35:02,338 [INFO] Align: EPOCH[11] -> PLCC: 0.805637, SROCC: 0.643143, KROCC: 0.468227, LOSS: 0.344131
2026-08-20 18:35:02,339 [INFO] Start training
2026-08-20 18:35:02,715 [INFO] Start training epoch 12, 37 iters per inner epoch.
2026-08-20 18:35:24,910 [INFO] Averaged stats: lr: 0.000066  loss: 0.202375
2026-08-20 18:35:25,053 [INFO] gates: {"epoch": 12, "shcmi_ratio": 0.1736, "lambda_shcmi": 0.014, "eta": 0.0128, "alpha_f": 0.0275, "beta_f": 0.0299, "alpha_c": 0.0154, "beta_c": 0.0134, "scale_gate_mean": 1.0, "scale_gate_std": 0.0}
2026-08-20 18:35:25,053 [INFO] Evaluating on val.
Train: data epoch: [12]  [ 0/37]  eta: 0:01:45  lr: 0.000066  loss: 0.2241  time: 2.8419  data: 0.0001  max mem: 4254
Train: data epoch: [12]  [20/37]  eta: 0:00:10  lr: 0.000066  loss: 0.1591  time: 0.4895  data: 0.0000  max mem: 4254
Train: data epoch: [12]  [36/37]  eta: 0:00:00  lr: 0.000066  loss: 0.1879  time: 0.5629  data: 0.0000  max mem: 4254
Train: data epoch: [12] Total time: 0:00:22 (0.5999 s / it)
2026-08-20 18:35:34,406 [INFO] Qual: EPOCH[12] -> PLCC: 0.880755, SROCC: 0.787684, KROCC: 0.598736, LOSS: 0.219939
2026-08-20 18:35:34,406 [INFO] Align: EPOCH[12] -> PLCC: 0.806093, SROCC: 0.636988, KROCC: 0.462904, LOSS: 0.336820
2026-08-20 18:35:34,417 [INFO] Saving checkpoint at epoch 12 to run/20260820182_B2_shcmi/checkpoint_best.pth.
2026-08-20 18:35:34,583 [INFO] Start training
2026-08-20 18:35:34,927 [INFO] Start training epoch 13, 37 iters per inner epoch.
2026-08-20 18:35:57,116 [INFO] Averaged stats: lr: 0.000061  loss: 0.191829
2026-08-20 18:35:57,234 [INFO] gates: {"epoch": 13, "shcmi_ratio": 0.1701, "lambda_shcmi": 0.0142, "eta": 0.0135, "alpha_f": 0.0276, "beta_f": 0.0302, "alpha_c": 0.0154, "beta_c": 0.0134, "scale_gate_mean": 1.0, "scale_gate_std": 0.0}
2026-08-20 18:35:57,234 [INFO] Evaluating on val.
Train: data epoch: [13]  [ 0/37]  eta: 0:01:28  lr: 0.000061  loss: 0.1534  time: 2.3822  data: 0.0001  max mem: 4254
Train: data epoch: [13]  [20/37]  eta: 0:00:10  lr: 0.000061  loss: 0.1560  time: 0.5268  data: 0.0000  max mem: 4254
Train: data epoch: [13]  [36/37]  eta: 0:00:00  lr: 0.000061  loss: 0.2536  time: 0.5469  data: 0.0000  max mem: 4254
Train: data epoch: [13] Total time: 0:00:22 (0.5997 s / it)
2026-08-20 18:36:06,601 [INFO] Qual: EPOCH[13] -> PLCC: 0.883389, SROCC: 0.793181, KROCC: 0.604004, LOSS: 0.216963
2026-08-20 18:36:06,601 [INFO] Align: EPOCH[13] -> PLCC: 0.807033, SROCC: 0.640562, KROCC: 0.465896, LOSS: 0.340178
2026-08-20 18:36:06,611 [INFO] Saving checkpoint at epoch 13 to run/20260820182_B2_shcmi/checkpoint_best.pth.
2026-08-20 18:36:06,752 [INFO] Saving checkpoint at epoch 13 to run/20260820182_B2_shcmi/checkpoint_best_joint.pth.
2026-08-20 18:36:06,886 [INFO] Start training
2026-08-20 18:36:07,220 [INFO] Start training epoch 14, 37 iters per inner epoch.
2026-08-20 18:36:27,890 [INFO] Averaged stats: lr: 0.000056  loss: 0.186093
2026-08-20 18:36:28,002 [INFO] gates: {"epoch": 14, "shcmi_ratio": 0.1506, "lambda_shcmi": 0.0143, "eta": 0.0141, "alpha_f": 0.0278, "beta_f": 0.0304, "alpha_c": 0.0154, "beta_c": 0.0134, "scale_gate_mean": 1.0, "scale_gate_std": 0.0}
2026-08-20 18:36:28,002 [INFO] Evaluating on val.
Train: data epoch: [14]  [ 0/37]  eta: 0:01:04  lr: 0.000056  loss: 0.1757  time: 1.7521  data: 0.0001  max mem: 4254
Train: data epoch: [14]  [20/37]  eta: 0:00:09  lr: 0.000056  loss: 0.2097  time: 0.4989  data: 0.0000  max mem: 4254
Train: data epoch: [14]  [36/37]  eta: 0:00:00  lr: 0.000056  loss: 0.2755  time: 0.5305  data: 0.0000  max mem: 4254
Train: data epoch: [14] Total time: 0:00:20 (0.5586 s / it)
2026-08-20 18:36:37,651 [INFO] Qual: EPOCH[14] -> PLCC: 0.883689, SROCC: 0.793471, KROCC: 0.604093, LOSS: 0.217181
2026-08-20 18:36:37,652 [INFO] Align: EPOCH[14] -> PLCC: 0.804502, SROCC: 0.635923, KROCC: 0.461559, LOSS: 0.346328
2026-08-20 18:36:37,667 [INFO] Saving checkpoint at epoch 14 to run/20260820182_B2_shcmi/checkpoint_best.pth.
2026-08-20 18:36:37,853 [INFO] Start training
2026-08-20 18:36:38,223 [INFO] Start training epoch 15, 37 iters per inner epoch.
2026-08-20 18:36:59,398 [INFO] Averaged stats: lr: 0.000050  loss: 0.181997
2026-08-20 18:36:59,497 [INFO] gates: {"epoch": 15, "shcmi_ratio": 0.1587, "lambda_shcmi": 0.0144, "eta": 0.0146, "alpha_f": 0.0278, "beta_f": 0.0306, "alpha_c": 0.0154, "beta_c": 0.0134, "scale_gate_mean": 1.0, "scale_gate_std": 0.0}
2026-08-20 18:36:59,497 [INFO] Evaluating on val.
Train: data epoch: [15]  [ 0/37]  eta: 0:01:28  lr: 0.000051  loss: 0.1522  time: 2.3904  data: 0.0001  max mem: 4254
Train: data epoch: [15]  [20/37]  eta: 0:00:09  lr: 0.000051  loss: 0.1606  time: 0.4895  data: 0.0000  max mem: 4254
Train: data epoch: [15]  [36/37]  eta: 0:00:00  lr: 0.000051  loss: 0.1900  time: 0.5434  data: 0.0000  max mem: 4254
Train: data epoch: [15] Total time: 0:00:21 (0.5723 s / it)
2026-08-20 18:37:08,858 [INFO] Qual: EPOCH[15] -> PLCC: 0.884247, SROCC: 0.796858, KROCC: 0.607411, LOSS: 0.217023
2026-08-20 18:37:08,858 [INFO] Align: EPOCH[15] -> PLCC: 0.803300, SROCC: 0.634439, KROCC: 0.460449, LOSS: 0.345250
2026-08-20 18:37:08,868 [INFO] Saving checkpoint at epoch 15 to run/20260820182_B2_shcmi/checkpoint_best.pth.
2026-08-20 18:37:09,015 [INFO] Saving checkpoint at epoch 15 to run/20260820182_B2_shcmi/checkpoint_latest.pth.
2026-08-20 18:37:09,127 [INFO] Start training
2026-08-20 18:37:09,497 [INFO] Start training epoch 16, 37 iters per inner epoch.
2026-08-20 18:37:31,204 [INFO] Averaged stats: lr: 0.000045  loss: 0.175521
2026-08-20 18:37:31,337 [INFO] gates: {"epoch": 16, "shcmi_ratio": 0.1661, "lambda_shcmi": 0.0145, "eta": 0.0153, "alpha_f": 0.0279, "beta_f": 0.0308, "alpha_c": 0.0154, "beta_c": 0.0134, "scale_gate_mean": 1.0, "scale_gate_std": 0.0}
2026-08-20 18:37:31,338 [INFO] Evaluating on val.
Train: data epoch: [16]  [ 0/37]  eta: 0:01:38  lr: 0.000045  loss: 0.1715  time: 2.6504  data: 0.0001  max mem: 4254
Train: data epoch: [16]  [20/37]  eta: 0:00:09  lr: 0.000045  loss: 0.1924  time: 0.4763  data: 0.0000  max mem: 4254
Train: data epoch: [16]  [36/37]  eta: 0:00:00  lr: 0.000045  loss: 0.1594  time: 0.5623  data: 0.0000  max mem: 4254
Train: data epoch: [16] Total time: 0:00:21 (0.5866 s / it)
2026-08-20 18:37:41,306 [INFO] Qual: EPOCH[16] -> PLCC: 0.884165, SROCC: 0.797944, KROCC: 0.608341, LOSS: 0.225573
2026-08-20 18:37:41,306 [INFO] Align: EPOCH[16] -> PLCC: 0.801386, SROCC: 0.630892, KROCC: 0.457423, LOSS: 0.350764
2026-08-20 18:37:41,319 [INFO] Saving checkpoint at epoch 16 to run/20260820182_B2_shcmi/checkpoint_best.pth.
2026-08-20 18:37:41,467 [INFO] Start training
2026-08-20 18:37:41,871 [INFO] Start training epoch 17, 37 iters per inner epoch.
2026-08-20 18:38:04,712 [INFO] Averaged stats: lr: 0.000040  loss: 0.172418
2026-08-20 18:38:04,820 [INFO] gates: {"epoch": 17, "shcmi_ratio": 0.1891, "lambda_shcmi": 0.0145, "eta": 0.016, "alpha_f": 0.028, "beta_f": 0.0309, "alpha_c": 0.0154, "beta_c": 0.0134, "scale_gate_mean": 1.0, "scale_gate_std": 0.0}
2026-08-20 18:38:04,820 [INFO] Evaluating on val.
Train: data epoch: [17]  [ 0/37]  eta: 0:01:36  lr: 0.000040  loss: 0.1516  time: 2.6015  data: 0.0001  max mem: 4254
Train: data epoch: [17]  [20/37]  eta: 0:00:10  lr: 0.000040  loss: 0.2055  time: 0.5297  data: 0.0000  max mem: 4254
Train: data epoch: [17]  [36/37]  eta: 0:00:00  lr: 0.000040  loss: 0.1468  time: 0.5697  data: 0.0000  max mem: 4254
Train: data epoch: [17] Total time: 0:00:22 (0.6173 s / it)
2026-08-20 18:38:14,793 [INFO] Qual: EPOCH[17] -> PLCC: 0.885008, SROCC: 0.800648, KROCC: 0.611715, LOSS: 0.213430
2026-08-20 18:38:14,793 [INFO] Align: EPOCH[17] -> PLCC: 0.801769, SROCC: 0.628018, KROCC: 0.455226, LOSS: 0.345116
2026-08-20 18:38:14,803 [INFO] Saving checkpoint at epoch 17 to run/20260820182_B2_shcmi/checkpoint_best.pth.
2026-08-20 18:38:14,950 [INFO] Start training
2026-08-20 18:38:15,304 [INFO] Start training epoch 18, 37 iters per inner epoch.
2026-08-20 18:38:40,183 [INFO] Averaged stats: lr: 0.000035  loss: 0.168693
2026-08-20 18:38:40,288 [INFO] gates: {"epoch": 18, "shcmi_ratio": 0.1645, "lambda_shcmi": 0.0146, "eta": 0.0166, "alpha_f": 0.0281, "beta_f": 0.031, "alpha_c": 0.0154, "beta_c": 0.0134, "scale_gate_mean": 1.0, "scale_gate_std": 0.0}
2026-08-20 18:38:40,288 [INFO] Evaluating on val.
Train: data epoch: [18]  [ 0/37]  eta: 0:02:46  lr: 0.000035  loss: 0.1613  time: 4.5033  data: 0.0001  max mem: 4254
Train: data epoch: [18]  [20/37]  eta: 0:00:12  lr: 0.000035  loss: 0.1692  time: 0.5310  data: 0.0000  max mem: 4254
Train: data epoch: [18]  [36/37]  eta: 0:00:00  lr: 0.000035  loss: 0.1903  time: 0.5888  data: 0.0000  max mem: 4254
Train: data epoch: [18] Total time: 0:00:24 (0.6724 s / it)
2026-08-20 18:38:49,836 [INFO] Qual: EPOCH[18] -> PLCC: 0.884790, SROCC: 0.799568, KROCC: 0.610101, LOSS: 0.213926
2026-08-20 18:38:49,837 [INFO] Align: EPOCH[18] -> PLCC: 0.803257, SROCC: 0.631566, KROCC: 0.458264, LOSS: 0.347165
2026-08-20 18:38:49,837 [INFO] Start training
2026-08-20 18:38:50,190 [INFO] Start training epoch 19, 37 iters per inner epoch.
2026-08-20 18:39:15,054 [INFO] Averaged stats: lr: 0.000030  loss: 0.164052
2026-08-20 18:39:15,170 [INFO] gates: {"epoch": 19, "shcmi_ratio": 0.1702, "lambda_shcmi": 0.0147, "eta": 0.0172, "alpha_f": 0.0282, "beta_f": 0.0311, "alpha_c": 0.0154, "beta_c": 0.0134, "scale_gate_mean": 1.0, "scale_gate_std": 0.0}
2026-08-20 18:39:15,170 [INFO] Evaluating on val.
Train: data epoch: [19]  [ 0/37]  eta: 0:02:44  lr: 0.000030  loss: 0.1792  time: 4.4578  data: 0.0001  max mem: 4254
Train: data epoch: [19]  [20/37]  eta: 0:00:12  lr: 0.000030  loss: 0.1588  time: 0.5322  data: 0.0000  max mem: 4254
Train: data epoch: [19]  [36/37]  eta: 0:00:00  lr: 0.000030  loss: 0.1700  time: 0.6097  data: 0.0000  max mem: 4254
Train: data epoch: [19] Total time: 0:00:24 (0.6720 s / it)
2026-08-20 18:39:24,834 [INFO] Qual: EPOCH[19] -> PLCC: 0.884583, SROCC: 0.800709, KROCC: 0.611390, LOSS: 0.220975
2026-08-20 18:39:24,834 [INFO] Align: EPOCH[19] -> PLCC: 0.803766, SROCC: 0.633082, KROCC: 0.459541, LOSS: 0.360380
2026-08-20 18:39:24,835 [INFO] Start training
2026-08-20 18:39:25,182 [INFO] Start training epoch 20, 37 iters per inner epoch.
2026-08-20 18:39:51,238 [INFO] Averaged stats: lr: 0.000026  loss: 0.163988
2026-08-20 18:39:51,363 [INFO] gates: {"epoch": 20, "shcmi_ratio": 0.1487, "lambda_shcmi": 0.0147, "eta": 0.0175, "alpha_f": 0.0283, "beta_f": 0.0312, "alpha_c": 0.0154, "beta_c": 0.0134, "scale_gate_mean": 1.0, "scale_gate_std": 0.0}
2026-08-20 18:39:51,364 [INFO] Evaluating on val.
Train: data epoch: [20]  [ 0/37]  eta: 0:01:11  lr: 0.000026  loss: 0.1664  time: 1.9373  data: 0.0002  max mem: 4254
Train: data epoch: [20]  [20/37]  eta: 0:00:13  lr: 0.000026  loss: 0.1497  time: 0.7187  data: 0.0000  max mem: 4254
Train: data epoch: [20]  [36/37]  eta: 0:00:00  lr: 0.000026  loss: 0.2180  time: 0.6084  data: 0.0000  max mem: 4254
Train: data epoch: [20] Total time: 0:00:26 (0.7042 s / it)
2026-08-20 18:39:58,897 [INFO] Qual: EPOCH[20] -> PLCC: 0.883283, SROCC: 0.798813, KROCC: 0.609518, LOSS: 0.217925
2026-08-20 18:39:58,898 [INFO] Align: EPOCH[20] -> PLCC: 0.801843, SROCC: 0.631240, KROCC: 0.457681, LOSS: 0.354977
2026-08-20 18:39:58,910 [INFO] Saving checkpoint at epoch 20 to run/20260820182_B2_shcmi/checkpoint_latest.pth.
2026-08-20 18:39:59,090 [INFO] Start training
2026-08-20 18:39:59,473 [INFO] Start training epoch 21, 37 iters per inner epoch.
2026-08-20 18:40:18,975 [INFO] Averaged stats: lr: 0.000021  loss: 0.161929
2026-08-20 18:40:19,089 [INFO] gates: {"epoch": 21, "shcmi_ratio": 0.1562, "lambda_shcmi": 0.0148, "eta": 0.0179, "alpha_f": 0.0283, "beta_f": 0.0313, "alpha_c": 0.0154, "beta_c": 0.0134, "scale_gate_mean": 1.0, "scale_gate_std": 0.0}
2026-08-20 18:40:19,089 [INFO] Evaluating on val.
Train: data epoch: [21]  [ 0/37]  eta: 0:01:43  lr: 0.000021  loss: 0.1665  time: 2.8055  data: 0.0001  max mem: 4254
Train: data epoch: [21]  [20/37]  eta: 0:00:07  lr: 0.000021  loss: 0.1599  time: 0.3458  data: 0.0000  max mem: 4254
Train: data epoch: [21]  [36/37]  eta: 0:00:00  lr: 0.000021  loss: 0.1376  time: 0.5483  data: 0.0000  max mem: 4254
Train: data epoch: [21] Total time: 0:00:19 (0.5271 s / it)
2026-08-20 18:40:29,185 [INFO] Qual: EPOCH[21] -> PLCC: 0.883203, SROCC: 0.799912, KROCC: 0.610191, LOSS: 0.223650
2026-08-20 18:40:29,185 [INFO] Align: EPOCH[21] -> PLCC: 0.802880, SROCC: 0.633853, KROCC: 0.460281, LOSS: 0.360954
2026-08-20 18:40:29,186 [INFO] Start training
2026-08-20 18:40:29,544 [INFO] Start training epoch 22, 37 iters per inner epoch.
2026-08-20 18:40:51,268 [INFO] Averaged stats: lr: 0.000017  loss: 0.159256
2026-08-20 18:40:51,389 [INFO] gates: {"epoch": 22, "shcmi_ratio": 0.1421, "lambda_shcmi": 0.0148, "eta": 0.0181, "alpha_f": 0.0284, "beta_f": 0.0314, "alpha_c": 0.0154, "beta_c": 0.0134, "scale_gate_mean": 1.0, "scale_gate_std": 0.0}
2026-08-20 18:40:51,389 [INFO] Evaluating on val.
Train: data epoch: [22]  [ 0/37]  eta: 0:01:42  lr: 0.000017  loss: 0.1522  time: 2.7587  data: 0.0001  max mem: 4254
Train: data epoch: [22]  [20/37]  eta: 0:00:10  lr: 0.000017  loss: 0.1544  time: 0.5348  data: 0.0000  max mem: 4254
Train: data epoch: [22]  [36/37]  eta: 0:00:00  lr: 0.000017  loss: 0.1850  time: 0.4676  data: 0.0000  max mem: 4254
Train: data epoch: [22] Total time: 0:00:21 (0.5871 s / it)
2026-08-20 18:41:02,108 [INFO] Qual: EPOCH[22] -> PLCC: 0.883902, SROCC: 0.800776, KROCC: 0.611367, LOSS: 0.217884
2026-08-20 18:41:02,109 [INFO] Align: EPOCH[22] -> PLCC: 0.802495, SROCC: 0.631122, KROCC: 0.457759, LOSS: 0.351552
2026-08-20 18:41:02,109 [INFO] Start training
2026-08-20 18:41:02,456 [INFO] Start training epoch 23, 37 iters per inner epoch.
2026-08-20 18:41:24,096 [INFO] Averaged stats: lr: 0.000014  loss: 0.159423
2026-08-20 18:41:24,232 [INFO] gates: {"epoch": 23, "shcmi_ratio": 0.1717, "lambda_shcmi": 0.0149, "eta": 0.0184, "alpha_f": 0.0284, "beta_f": 0.0315, "alpha_c": 0.0154, "beta_c": 0.0134, "scale_gate_mean": 1.0, "scale_gate_std": 0.0}
2026-08-20 18:41:24,232 [INFO] Evaluating on val.
Train: data epoch: [23]  [ 0/37]  eta: 0:02:21  lr: 0.000014  loss: 0.1476  time: 3.8206  data: 0.0002  max mem: 4254
Train: data epoch: [23]  [20/37]  eta: 0:00:11  lr: 0.000014  loss: 0.1509  time: 0.5174  data: 0.0000  max mem: 4254
Train: data epoch: [23]  [36/37]  eta: 0:00:00  lr: 0.000014  loss: 0.1613  time: 0.4308  data: 0.0000  max mem: 4254
Train: data epoch: [23] Total time: 0:00:21 (0.5848 s / it)
2026-08-20 18:41:35,166 [INFO] Qual: EPOCH[23] -> PLCC: 0.884470, SROCC: 0.802022, KROCC: 0.612634, LOSS: 0.214733
2026-08-20 18:41:35,166 [INFO] Align: EPOCH[23] -> PLCC: 0.801771, SROCC: 0.629197, KROCC: 0.456190, LOSS: 0.351922
2026-08-20 18:41:35,181 [INFO] Saving checkpoint at epoch 23 to run/20260820182_B2_shcmi/checkpoint_best.pth.
2026-08-20 18:41:35,361 [INFO] Start training
2026-08-20 18:41:35,689 [INFO] Start training epoch 24, 37 iters per inner epoch.
2026-08-20 18:41:55,998 [INFO] Averaged stats: lr: 0.000010  loss: 0.156698
2026-08-20 18:41:56,136 [INFO] gates: {"epoch": 24, "shcmi_ratio": 0.1747, "lambda_shcmi": 0.0149, "eta": 0.0185, "alpha_f": 0.0284, "beta_f": 0.0316, "alpha_c": 0.0154, "beta_c": 0.0134, "scale_gate_mean": 1.0, "scale_gate_std": 0.0}
2026-08-20 18:41:56,136 [INFO] Evaluating on val.
Train: data epoch: [24]  [ 0/37]  eta: 0:01:22  lr: 0.000010  loss: 0.1886  time: 2.2388  data: 0.0001  max mem: 4254
Train: data epoch: [24]  [20/37]  eta: 0:00:10  lr: 0.000010  loss: 0.1587  time: 0.5188  data: 0.0000  max mem: 4254
Train: data epoch: [24]  [36/37]  eta: 0:00:00  lr: 0.000010  loss: 0.1106  time: 0.4804  data: 0.0000  max mem: 4254
Train: data epoch: [24] Total time: 0:00:20 (0.5489 s / it)
2026-08-20 18:42:06,981 [INFO] Qual: EPOCH[24] -> PLCC: 0.884129, SROCC: 0.801806, KROCC: 0.612197, LOSS: 0.216026
2026-08-20 18:42:06,981 [INFO] Align: EPOCH[24] -> PLCC: 0.801343, SROCC: 0.629500, KROCC: 0.456414, LOSS: 0.351350
2026-08-20 18:42:06,982 [INFO] Start training
2026-08-20 18:42:07,346 [INFO] Start training epoch 25, 37 iters per inner epoch.
2026-08-20 18:42:28,450 [INFO] Averaged stats: lr: 0.000008  loss: 0.153239
2026-08-20 18:42:28,579 [INFO] gates: {"epoch": 25, "shcmi_ratio": 0.1644, "lambda_shcmi": 0.0149, "eta": 0.0186, "alpha_f": 0.0284, "beta_f": 0.0316, "alpha_c": 0.0154, "beta_c": 0.0134, "scale_gate_mean": 1.0, "scale_gate_std": 0.0}
2026-08-20 18:42:28,579 [INFO] Evaluating on val.
Train: data epoch: [25]  [ 0/37]  eta: 0:01:47  lr: 0.000008  loss: 0.1302  time: 2.9106  data: 0.0001  max mem: 4254
Train: data epoch: [25]  [20/37]  eta: 0:00:10  lr: 0.000008  loss: 0.1462  time: 0.5042  data: 0.0000  max mem: 4254
Train: data epoch: [25]  [36/37]  eta: 0:00:00  lr: 0.000008  loss: 0.1366  time: 0.4968  data: 0.0000  max mem: 4254
Train: data epoch: [25] Total time: 0:00:21 (0.5704 s / it)
2026-08-20 18:42:38,942 [INFO] Qual: EPOCH[25] -> PLCC: 0.884280, SROCC: 0.802318, KROCC: 0.612847, LOSS: 0.218476
2026-08-20 18:42:38,942 [INFO] Align: EPOCH[25] -> PLCC: 0.801975, SROCC: 0.630818, KROCC: 0.457804, LOSS: 0.354165
2026-08-20 18:42:38,952 [INFO] Saving checkpoint at epoch 25 to run/20260820182_B2_shcmi/checkpoint_best.pth.
2026-08-20 18:42:39,083 [INFO] Saving checkpoint at epoch 25 to run/20260820182_B2_shcmi/checkpoint_latest.pth.
2026-08-20 18:42:39,211 [INFO] Start training
2026-08-20 18:42:39,567 [INFO] Start training epoch 26, 37 iters per inner epoch.
2026-08-20 18:43:01,569 [INFO] Averaged stats: lr: 0.000005  loss: 0.154690
2026-08-20 18:43:01,678 [INFO] gates: {"epoch": 26, "shcmi_ratio": 0.173, "lambda_shcmi": 0.0149, "eta": 0.0187, "alpha_f": 0.0285, "beta_f": 0.0316, "alpha_c": 0.0154, "beta_c": 0.0134, "scale_gate_mean": 1.0, "scale_gate_std": 0.0}
2026-08-20 18:43:01,678 [INFO] Evaluating on val.
Train: data epoch: [26]  [ 0/37]  eta: 0:01:22  lr: 0.000005  loss: 0.1139  time: 2.2400  data: 0.0001  max mem: 4254
Train: data epoch: [26]  [20/37]  eta: 0:00:10  lr: 0.000005  loss: 0.1793  time: 0.5547  data: 0.0000  max mem: 4254
Train: data epoch: [26]  [36/37]  eta: 0:00:00  lr: 0.000005  loss: 0.1753  time: 0.5381  data: 0.0000  max mem: 4254
Train: data epoch: [26] Total time: 0:00:22 (0.5946 s / it)
2026-08-20 18:43:11,624 [INFO] Qual: EPOCH[26] -> PLCC: 0.884385, SROCC: 0.802568, KROCC: 0.613183, LOSS: 0.216593
2026-08-20 18:43:11,624 [INFO] Align: EPOCH[26] -> PLCC: 0.801989, SROCC: 0.630594, KROCC: 0.457681, LOSS: 0.352499
2026-08-20 18:43:11,641 [INFO] Saving checkpoint at epoch 26 to run/20260820182_B2_shcmi/checkpoint_best.pth.
2026-08-20 18:43:11,810 [INFO] Start training
2026-08-20 18:43:12,241 [INFO] Start training epoch 27, 37 iters per inner epoch.
2026-08-20 18:43:33,946 [INFO] Averaged stats: lr: 0.000003  loss: 0.153183
2026-08-20 18:43:34,068 [INFO] gates: {"epoch": 27, "shcmi_ratio": 0.1796, "lambda_shcmi": 0.0149, "eta": 0.0187, "alpha_f": 0.0285, "beta_f": 0.0316, "alpha_c": 0.0154, "beta_c": 0.0134, "scale_gate_mean": 1.0, "scale_gate_std": 0.0}
2026-08-20 18:43:34,068 [INFO] Evaluating on val.
Train: data epoch: [27]  [ 0/37]  eta: 0:01:28  lr: 0.000003  loss: 0.1644  time: 2.3795  data: 0.0001  max mem: 4254
Train: data epoch: [27]  [20/37]  eta: 0:00:10  lr: 0.000003  loss: 0.1492  time: 0.5224  data: 0.0000  max mem: 4254
Train: data epoch: [27]  [36/37]  eta: 0:00:00  lr: 0.000003  loss: 0.1394  time: 0.5410  data: 0.0000  max mem: 4254
Train: data epoch: [27] Total time: 0:00:21 (0.5866 s / it)
2026-08-20 18:43:44,053 [INFO] Qual: EPOCH[27] -> PLCC: 0.884158, SROCC: 0.802340, KROCC: 0.613082, LOSS: 0.217728
2026-08-20 18:43:44,054 [INFO] Align: EPOCH[27] -> PLCC: 0.801508, SROCC: 0.630140, KROCC: 0.457333, LOSS: 0.353379
2026-08-20 18:43:44,054 [INFO] Start training
2026-08-20 18:43:44,409 [INFO] Start training epoch 28, 37 iters per inner epoch.
2026-08-20 18:44:05,232 [INFO] Averaged stats: lr: 0.000002  loss: 0.149395
2026-08-20 18:44:05,359 [INFO] gates: {"epoch": 28, "shcmi_ratio": 0.1642, "lambda_shcmi": 0.0149, "eta": 0.0188, "alpha_f": 0.0285, "beta_f": 0.0317, "alpha_c": 0.0154, "beta_c": 0.0134, "scale_gate_mean": 1.0, "scale_gate_std": 0.0}
2026-08-20 18:44:05,360 [INFO] Evaluating on val.
Train: data epoch: [28]  [ 0/37]  eta: 0:01:40  lr: 0.000002  loss: 0.1547  time: 2.7199  data: 0.0001  max mem: 4254
Train: data epoch: [28]  [20/37]  eta: 0:00:09  lr: 0.000002  loss: 0.1251  time: 0.4719  data: 0.0000  max mem: 4254
Train: data epoch: [28]  [36/37]  eta: 0:00:00  lr: 0.000002  loss: 0.1681  time: 0.5573  data: 0.0000  max mem: 4254
Train: data epoch: [28] Total time: 0:00:20 (0.5628 s / it)
2026-08-20 18:44:14,828 [INFO] Qual: EPOCH[28] -> PLCC: 0.884024, SROCC: 0.802232, KROCC: 0.612914, LOSS: 0.218228
2026-08-20 18:44:14,828 [INFO] Align: EPOCH[28] -> PLCC: 0.801444, SROCC: 0.630341, KROCC: 0.457681, LOSS: 0.354023
2026-08-20 18:44:14,829 [INFO] Start training
2026-08-20 18:44:15,167 [INFO] Start training epoch 29, 37 iters per inner epoch.
2026-08-20 18:44:30,373 [INFO] Averaged stats: lr: 0.000001  loss: 0.150158
2026-08-20 18:44:30,633 [INFO] gates: {"epoch": 29, "shcmi_ratio": 0.1645, "lambda_shcmi": 0.0149, "eta": 0.0188, "alpha_f": 0.0285, "beta_f": 0.0317, "alpha_c": 0.0154, "beta_c": 0.0134, "scale_gate_mean": 1.0, "scale_gate_std": 0.0}
2026-08-20 18:44:30,633 [INFO] Evaluating on val.
Train: data epoch: [29]  [ 0/37]  eta: 0:01:09  lr: 0.000001  loss: 0.1552  time: 1.8857  data: 0.0001  max mem: 4254
Train: data epoch: [29]  [20/37]  eta: 0:00:08  lr: 0.000001  loss: 0.1422  time: 0.4109  data: 0.0000  max mem: 4254
Train: data epoch: [29]  [36/37]  eta: 0:00:00  lr: 0.000001  loss: 0.1467  time: 0.3396  data: 0.0000  max mem: 4254
Train: data epoch: [29] Total time: 0:00:15 (0.4110 s / it)
2026-08-20 18:44:38,164 [INFO] Qual: EPOCH[29] -> PLCC: 0.883914, SROCC: 0.802250, KROCC: 0.612937, LOSS: 0.219830
2026-08-20 18:44:38,164 [INFO] Align: EPOCH[29] -> PLCC: 0.801253, SROCC: 0.630711, KROCC: 0.457961, LOSS: 0.355410
2026-08-20 18:44:38,177 [INFO] Saving checkpoint at epoch 29 to run/20260820182_B2_shcmi/checkpoint_latest.pth.
[{'agg_metrics': np.float64(4.194063930924086), 'qual_agg': np.float64(2.2805735764981514), 'qual_PLCC': np.float64(0.8833890722649722), 'qual_SROCC': np.float64(0.7931809035709795), 'qual_KROCC': np.float64(0.6040036006621996), 'align_agg': np.float64(1.9134903544259347), 'align_PLCC': np.float64(0.8070325059054684), 'align_SROCC': np.float64(0.6405616940716498), 'align_KROCC': np.float64(0.46589615444881677)}]
{'agg_metrics': np.float64(4.194063930924086), 'qual_agg': np.float64(2.2805735764981514), 'qual_PLCC': np.float64(0.8833890722649722), 'qual_SROCC': np.float64(0.7931809035709795), 'qual_KROCC': np.float64(0.6040036006621996), 'align_agg': np.float64(1.9134903544259347), 'align_PLCC': np.float64(0.8070325059054684), 'align_SROCC': np.float64(0.6405616940716498), 'align_KROCC': np.float64(0.46589615444881677)}
