2026-08-20 16:44:31,467 [INFO] Start training
2026-08-20 16:44:33,643 [INFO] number of trainable parameters: 8068652
Not using distributed mode
['msqr_baseline', 'msqr_shcmi_taf']
Position interpolate from 7x7 to 16x16
Freezing <class 'clip.model.Transformer'> ...
Freezing <class 'torch.nn.modules.sparse.Embedding'> ...
Freezing <class 'clip.model.LayerNorm'> ...
Freezing <class 'torch.nn.parameter.Parameter'> ...
Freezing <class 'torch.nn.parameter.Parameter'> ...
2026-08-20 16:44:34,454 [INFO] Start training epoch 0, 37 iters per inner epoch.
2026-08-20 16:44:58,949 [INFO] Averaged stats: lr: 0.000036  loss: 6.432046
2026-08-20 16:44:59,046 [INFO] gates: {"epoch": 0, "msqr_ratio": 0.0519, "shcmi_ratio": 0.0029, "lambda_msqr": 0.0015, "gamma_f": -0.0014, "gamma_c": -0.0014, "lambda_shcmi": -0.0015, "eta": 0.011, "alpha_f": 0.0086, "beta_f": 0.0114, "alpha_c": 0.0113, "beta_c": 0.01, "scale_gate_mean": 0.3296, "scale_gate_std": 0.0053}
2026-08-20 16:44:59,047 [INFO] Evaluating on val.
Train: data epoch: [0]  [ 0/37]  eta: 0:04:07  lr: 0.000000  loss: 6.9369  time: 6.6822  data: 0.0001  max mem: 2538
Train: data epoch: [0]  [20/37]  eta: 0:00:14  lr: 0.000040  loss: 6.4172  time: 0.5581  data: 0.0000  max mem: 2608
Train: data epoch: [0]  [36/37]  eta: 0:00:00  lr: 0.000072  loss: 4.7690  time: 0.4659  data: 0.0000  max mem: 2608
Train: data epoch: [0] Total time: 0:00:24 (0.6620 s / it)
2026-08-20 16:45:06,575 [INFO] Qual: EPOCH[0] -> PLCC: 0.007130, SROCC: 0.001731, KROCC: 0.001126, LOSS: 4.753896
2026-08-20 16:45:06,576 [INFO] Align: EPOCH[0] -> PLCC: 0.020739, SROCC: 0.016804, KROCC: 0.011286, LOSS: 4.588773
2026-08-20 16:45:06,586 [INFO] Saving checkpoint at epoch 0 to run/20260820164_B3_msqr_shcmi/checkpoint_best.pth.
2026-08-20 16:45:06,724 [INFO] Saving checkpoint at epoch 0 to run/20260820164_B3_msqr_shcmi/checkpoint_best_joint.pth.
2026-08-20 16:45:06,847 [INFO] Start training
2026-08-20 16:45:07,148 [INFO] Start training epoch 1, 37 iters per inner epoch.
2026-08-20 16:45:20,980 [INFO] Averaged stats: lr: 0.000100  loss: 1.657551
2026-08-20 16:45:21,076 [INFO] gates: {"epoch": 1, "msqr_ratio": 0.1556, "shcmi_ratio": 0.004, "lambda_msqr": 0.0028, "gamma_f": -0.0009, "gamma_c": -0.0011, "lambda_shcmi": -0.0023, "eta": 0.0107, "alpha_f": 0.0079, "beta_f": 0.0134, "alpha_c": 0.011, "beta_c": 0.0096, "scale_gate_mean": 0.0, "scale_gate_std": 0.0}
2026-08-20 16:45:21,076 [INFO] Evaluating on val.
Train: data epoch: [1]  [ 0/37]  eta: 0:00:56  lr: 0.000100  loss: 4.3768  time: 1.5223  data: 0.0001  max mem: 4278
Train: data epoch: [1]  [20/37]  eta: 0:00:08  lr: 0.000100  loss: 1.1820  time: 0.4363  data: 0.0000  max mem: 4278
Train: data epoch: [1]  [36/37]  eta: 0:00:00  lr: 0.000100  loss: 1.3196  time: 0.2236  data: 0.0000  max mem: 4278
Train: data epoch: [1] Total time: 0:00:13 (0.3738 s / it)
2026-08-20 16:45:25,440 [INFO] Qual: EPOCH[1] -> PLCC: 0.065730, SROCC: 0.071250, KROCC: 0.047775, LOSS: 1.064636
2026-08-20 16:45:25,440 [INFO] Align: EPOCH[1] -> PLCC: 0.093197, SROCC: 0.080340, KROCC: 0.056521, LOSS: 1.001550
2026-08-20 16:45:25,452 [INFO] Saving checkpoint at epoch 1 to run/20260820164_B3_msqr_shcmi/checkpoint_best.pth.
2026-08-20 16:45:25,645 [INFO] Saving checkpoint at epoch 1 to run/20260820164_B3_msqr_shcmi/checkpoint_best_joint.pth.
2026-08-20 16:45:25,825 [INFO] Start training
2026-08-20 16:45:26,141 [INFO] Start training epoch 2, 37 iters per inner epoch.
2026-08-20 16:45:36,520 [INFO] Averaged stats: lr: 0.000099  loss: 0.922416
2026-08-20 16:45:36,615 [INFO] gates: {"epoch": 2, "msqr_ratio": 0.4323, "shcmi_ratio": 0.0142, "lambda_msqr": 0.0048, "gamma_f": 0.0027, "gamma_c": -0.0002, "lambda_shcmi": -0.0035, "eta": 0.0107, "alpha_f": 0.0103, "beta_f": 0.0145, "alpha_c": 0.0118, "beta_c": 0.0101, "scale_gate_mean": 0.0025, "scale_gate_std": 0.008}
2026-08-20 16:45:36,615 [INFO] Evaluating on val.
Train: data epoch: [2]  [ 0/37]  eta: 0:01:21  lr: 0.000099  loss: 1.1234  time: 2.2050  data: 0.0001  max mem: 4278
Train: data epoch: [2]  [20/37]  eta: 0:00:05  lr: 0.000099  loss: 1.0126  time: 0.2295  data: 0.0000  max mem: 4278
Train: data epoch: [2]  [36/37]  eta: 0:00:00  lr: 0.000099  loss: 0.8237  time: 0.2245  data: 0.0000  max mem: 4278
Train: data epoch: [2] Total time: 0:00:10 (0.2805 s / it)
2026-08-20 16:45:40,855 [INFO] Qual: EPOCH[2] -> PLCC: 0.512458, SROCC: 0.508770, KROCC: 0.352436, LOSS: 0.821339
2026-08-20 16:45:40,855 [INFO] Align: EPOCH[2] -> PLCC: 0.452825, SROCC: 0.429516, KROCC: 0.295034, LOSS: 0.800794
2026-08-20 16:45:40,867 [INFO] Saving checkpoint at epoch 2 to run/20260820164_B3_msqr_shcmi/checkpoint_best.pth.
2026-08-20 16:45:41,074 [INFO] Saving checkpoint at epoch 2 to run/20260820164_B3_msqr_shcmi/checkpoint_best_joint.pth.
2026-08-20 16:45:41,253 [INFO] Start training
2026-08-20 16:45:41,547 [INFO] Start training epoch 3, 37 iters per inner epoch.
2026-08-20 16:45:52,072 [INFO] Averaged stats: lr: 0.000098  loss: 0.403729
2026-08-20 16:45:52,198 [INFO] gates: {"epoch": 3, "msqr_ratio": 2.5831, "shcmi_ratio": 0.2002, "lambda_msqr": 0.0078, "gamma_f": 0.0059, "gamma_c": -0.0013, "lambda_shcmi": -0.0065, "eta": 0.0125, "alpha_f": 0.0119, "beta_f": 0.0153, "alpha_c": 0.0146, "beta_c": 0.0093, "scale_gate_mean": 0.0, "scale_gate_std": 0.0}
2026-08-20 16:45:52,199 [INFO] Evaluating on val.
Train: data epoch: [3]  [ 0/37]  eta: 0:01:26  lr: 0.000098  loss: 0.8142  time: 2.3495  data: 0.0001  max mem: 4278
Train: data epoch: [3]  [20/37]  eta: 0:00:05  lr: 0.000098  loss: 0.2320  time: 0.2286  data: 0.0000  max mem: 4278
Train: data epoch: [3]  [36/37]  eta: 0:00:00  lr: 0.000098  loss: 0.3317  time: 0.2247  data: 0.0000  max mem: 4278
Train: data epoch: [3] Total time: 0:00:10 (0.2845 s / it)
2026-08-20 16:45:56,768 [INFO] Qual: EPOCH[3] -> PLCC: 0.860936, SROCC: 0.737983, KROCC: 0.548108, LOSS: 0.252356
2026-08-20 16:45:56,768 [INFO] Align: EPOCH[3] -> PLCC: 0.797043, SROCC: 0.635697, KROCC: 0.459306, LOSS: 0.345510
2026-08-20 16:45:56,781 [INFO] Saving checkpoint at epoch 3 to run/20260820164_B3_msqr_shcmi/checkpoint_best.pth.
2026-08-20 16:45:57,026 [INFO] Saving checkpoint at epoch 3 to run/20260820164_B3_msqr_shcmi/checkpoint_best_joint.pth.
2026-08-20 16:45:57,241 [INFO] Start training
2026-08-20 16:45:57,582 [INFO] Start training epoch 4, 37 iters per inner epoch.
2026-08-20 16:46:08,003 [INFO] Averaged stats: lr: 0.000096  loss: 0.258546
2026-08-20 16:46:08,124 [INFO] gates: {"epoch": 4, "msqr_ratio": 2.6377, "shcmi_ratio": 0.2344, "lambda_msqr": 0.0079, "gamma_f": 0.0066, "gamma_c": -0.0004, "lambda_shcmi": -0.0069, "eta": 0.0119, "alpha_f": 0.012, "beta_f": 0.0153, "alpha_c": 0.0143, "beta_c": 0.0096, "scale_gate_mean": 0.0, "scale_gate_std": 0.0}
2026-08-20 16:46:08,124 [INFO] Evaluating on val.
Train: data epoch: [4]  [ 0/37]  eta: 0:01:25  lr: 0.000096  loss: 0.2637  time: 2.3129  data: 0.0001  max mem: 4278
Train: data epoch: [4]  [20/37]  eta: 0:00:05  lr: 0.000096  loss: 0.2749  time: 0.2274  data: 0.0000  max mem: 4278
Train: data epoch: [4]  [36/37]  eta: 0:00:00  lr: 0.000096  loss: 0.3026  time: 0.2220  data: 0.0000  max mem: 4278
Train: data epoch: [4] Total time: 0:00:10 (0.2816 s / it)
2026-08-20 16:46:12,811 [INFO] Qual: EPOCH[4] -> PLCC: 0.870991, SROCC: 0.755860, KROCC: 0.567364, LOSS: 0.240156
2026-08-20 16:46:12,811 [INFO] Align: EPOCH[4] -> PLCC: 0.809962, SROCC: 0.643404, KROCC: 0.467891, LOSS: 0.332942
2026-08-20 16:46:12,821 [INFO] Saving checkpoint at epoch 4 to run/20260820164_B3_msqr_shcmi/checkpoint_best.pth.
2026-08-20 16:46:13,030 [INFO] Saving checkpoint at epoch 4 to run/20260820164_B3_msqr_shcmi/checkpoint_best_joint.pth.
2026-08-20 16:46:13,207 [INFO] Start training
2026-08-20 16:46:13,513 [INFO] Start training epoch 5, 37 iters per inner epoch.
2026-08-20 16:46:23,770 [INFO] Averaged stats: lr: 0.000093  loss: 0.236974
2026-08-20 16:46:23,870 [INFO] gates: {"epoch": 5, "msqr_ratio": 2.5359, "shcmi_ratio": 0.2167, "lambda_msqr": 0.0079, "gamma_f": 0.0071, "gamma_c": -0.0003, "lambda_shcmi": -0.0068, "eta": 0.0117, "alpha_f": 0.012, "beta_f": 0.0153, "alpha_c": 0.0141, "beta_c": 0.0099, "scale_gate_mean": 0.0, "scale_gate_std": 0.0}
2026-08-20 16:46:23,871 [INFO] Evaluating on val.
Train: data epoch: [5]  [ 0/37]  eta: 0:00:52  lr: 0.000093  loss: 0.1979  time: 1.4119  data: 0.0001  max mem: 4278
Train: data epoch: [5]  [20/37]  eta: 0:00:05  lr: 0.000093  loss: 0.1960  time: 0.2638  data: 0.0000  max mem: 4278
Train: data epoch: [5]  [36/37]  eta: 0:00:00  lr: 0.000093  loss: 0.2729  time: 0.2235  data: 0.0000  max mem: 4278
Train: data epoch: [5] Total time: 0:00:10 (0.2772 s / it)
2026-08-20 16:46:28,867 [INFO] Qual: EPOCH[5] -> PLCC: 0.879543, SROCC: 0.776131, KROCC: 0.587281, LOSS: 0.242780
2026-08-20 16:46:28,867 [INFO] Align: EPOCH[5] -> PLCC: 0.812070, SROCC: 0.649259, KROCC: 0.473260, LOSS: 0.335717
2026-08-20 16:46:28,881 [INFO] Saving checkpoint at epoch 5 to run/20260820164_B3_msqr_shcmi/checkpoint_best.pth.
2026-08-20 16:46:29,110 [INFO] Saving checkpoint at epoch 5 to run/20260820164_B3_msqr_shcmi/checkpoint_best_joint.pth.
2026-08-20 16:46:29,328 [INFO] Start training
2026-08-20 16:46:29,678 [INFO] Start training epoch 6, 37 iters per inner epoch.
2026-08-20 16:46:39,836 [INFO] Averaged stats: lr: 0.000091  loss: 0.224822
2026-08-20 16:46:39,939 [INFO] gates: {"epoch": 6, "msqr_ratio": 2.1788, "shcmi_ratio": 0.1945, "lambda_msqr": 0.0079, "gamma_f": 0.007, "gamma_c": -0.0, "lambda_shcmi": -0.0068, "eta": 0.0116, "alpha_f": 0.012, "beta_f": 0.0153, "alpha_c": 0.0139, "beta_c": 0.0099, "scale_gate_mean": 0.0, "scale_gate_std": 0.0}
2026-08-20 16:46:39,939 [INFO] Evaluating on val.
Train: data epoch: [6]  [ 0/37]  eta: 0:00:49  lr: 0.000091  loss: 0.2192  time: 1.3417  data: 0.0001  max mem: 4278
Train: data epoch: [6]  [20/37]  eta: 0:00:05  lr: 0.000091  loss: 0.2619  time: 0.2596  data: 0.0000  max mem: 4278
Train: data epoch: [6]  [36/37]  eta: 0:00:00  lr: 0.000091  loss: 0.1479  time: 0.2262  data: 0.0000  max mem: 4278
Train: data epoch: [6] Total time: 0:00:10 (0.2745 s / it)
2026-08-20 16:46:44,404 [INFO] Qual: EPOCH[6] -> PLCC: 0.883944, SROCC: 0.786609, KROCC: 0.597548, LOSS: 0.249806
2026-08-20 16:46:44,404 [INFO] Align: EPOCH[6] -> PLCC: 0.807478, SROCC: 0.643827, KROCC: 0.468418, LOSS: 0.338771
2026-08-20 16:46:44,418 [INFO] Saving checkpoint at epoch 6 to run/20260820164_B3_msqr_shcmi/checkpoint_best.pth.
2026-08-20 16:46:44,655 [INFO] Saving checkpoint at epoch 6 to run/20260820164_B3_msqr_shcmi/checkpoint_best_joint.pth.
2026-08-20 16:46:44,879 [INFO] Start training
2026-08-20 16:46:45,235 [INFO] Start training epoch 7, 37 iters per inner epoch.
2026-08-20 16:46:55,368 [INFO] Averaged stats: lr: 0.000087  loss: 0.207844
2026-08-20 16:46:55,479 [INFO] gates: {"epoch": 7, "msqr_ratio": 2.363, "shcmi_ratio": 0.2299, "lambda_msqr": 0.0081, "gamma_f": 0.0073, "gamma_c": -0.0001, "lambda_shcmi": -0.0071, "eta": 0.0117, "alpha_f": 0.012, "beta_f": 0.0153, "alpha_c": 0.0142, "beta_c": 0.0105, "scale_gate_mean": 0.0, "scale_gate_std": 0.0}
2026-08-20 16:46:55,480 [INFO] Evaluating on val.
Train: data epoch: [7]  [ 0/37]  eta: 0:00:52  lr: 0.000087  loss: 0.2051  time: 1.4323  data: 0.0001  max mem: 4278
Train: data epoch: [7]  [20/37]  eta: 0:00:05  lr: 0.000087  loss: 0.2507  time: 0.2526  data: 0.0000  max mem: 4278
Train: data epoch: [7]  [36/37]  eta: 0:00:00  lr: 0.000087  loss: 0.1937  time: 0.2278  data: 0.0000  max mem: 4278
Train: data epoch: [7] Total time: 0:00:10 (0.2738 s / it)
2026-08-20 16:47:00,236 [INFO] Qual: EPOCH[7] -> PLCC: 0.887090, SROCC: 0.794333, KROCC: 0.605539, LOSS: 0.210066
2026-08-20 16:47:00,236 [INFO] Align: EPOCH[7] -> PLCC: 0.811039, SROCC: 0.642109, KROCC: 0.466782, LOSS: 0.336351
2026-08-20 16:47:00,250 [INFO] Saving checkpoint at epoch 7 to run/20260820164_B3_msqr_shcmi/checkpoint_best.pth.
2026-08-20 16:47:00,475 [INFO] Saving checkpoint at epoch 7 to run/20260820164_B3_msqr_shcmi/checkpoint_best_joint.pth.
2026-08-20 16:47:00,692 [INFO] Start training
2026-08-20 16:47:01,030 [INFO] Start training epoch 8, 37 iters per inner epoch.
2026-08-20 16:47:11,146 [INFO] Averaged stats: lr: 0.000084  loss: 0.194823
2026-08-20 16:47:11,259 [INFO] gates: {"epoch": 8, "msqr_ratio": 2.3286, "shcmi_ratio": 0.244, "lambda_msqr": 0.0081, "gamma_f": 0.0073, "gamma_c": -0.0001, "lambda_shcmi": -0.0071, "eta": 0.0118, "alpha_f": 0.012, "beta_f": 0.0153, "alpha_c": 0.0142, "beta_c": 0.011, "scale_gate_mean": 0.0, "scale_gate_std": 0.0}
2026-08-20 16:47:11,259 [INFO] Evaluating on val.
Train: data epoch: [8]  [ 0/37]  eta: 0:00:53  lr: 0.000084  loss: 0.1990  time: 1.4374  data: 0.0001  max mem: 4278
Train: data epoch: [8]  [20/37]  eta: 0:00:05  lr: 0.000084  loss: 0.2191  time: 0.2560  data: 0.0000  max mem: 4278
Train: data epoch: [8]  [36/37]  eta: 0:00:00  lr: 0.000084  loss: 0.2101  time: 0.2232  data: 0.0000  max mem: 4278
Train: data epoch: [8] Total time: 0:00:10 (0.2734 s / it)
2026-08-20 16:47:15,706 [INFO] Qual: EPOCH[8] -> PLCC: 0.888371, SROCC: 0.800818, KROCC: 0.611726, LOSS: 0.212635
2026-08-20 16:47:15,706 [INFO] Align: EPOCH[8] -> PLCC: 0.802632, SROCC: 0.633191, KROCC: 0.459351, LOSS: 0.341803
2026-08-20 16:47:15,724 [INFO] Saving checkpoint at epoch 8 to run/20260820164_B3_msqr_shcmi/checkpoint_best.pth.
2026-08-20 16:47:15,969 [INFO] Start training
2026-08-20 16:47:16,311 [INFO] Start training epoch 9, 37 iters per inner epoch.
2026-08-20 16:47:26,580 [INFO] Averaged stats: lr: 0.000080  loss: 0.193252
2026-08-20 16:47:26,691 [INFO] gates: {"epoch": 9, "msqr_ratio": 2.4124, "shcmi_ratio": 0.2255, "lambda_msqr": 0.008, "gamma_f": 0.0071, "gamma_c": 0.0, "lambda_shcmi": -0.0071, "eta": 0.0122, "alpha_f": 0.012, "beta_f": 0.0153, "alpha_c": 0.0145, "beta_c": 0.0109, "scale_gate_mean": 0.0, "scale_gate_std": 0.0}
2026-08-20 16:47:26,692 [INFO] Evaluating on val.
Train: data epoch: [9]  [ 0/37]  eta: 0:01:18  lr: 0.000080  loss: 0.2365  time: 2.1167  data: 0.0001  max mem: 4278
Train: data epoch: [9]  [20/37]  eta: 0:00:05  lr: 0.000080  loss: 0.1879  time: 0.2293  data: 0.0000  max mem: 4278
Train: data epoch: [9]  [36/37]  eta: 0:00:00  lr: 0.000080  loss: 0.2011  time: 0.2230  data: 0.0000  max mem: 4278
Train: data epoch: [9] Total time: 0:00:10 (0.2775 s / it)
2026-08-20 16:47:31,089 [INFO] Qual: EPOCH[9] -> PLCC: 0.891360, SROCC: 0.808026, KROCC: 0.619303, LOSS: 0.200171
2026-08-20 16:47:31,089 [INFO] Align: EPOCH[9] -> PLCC: 0.802784, SROCC: 0.634500, KROCC: 0.460247, LOSS: 0.345689
2026-08-20 16:47:31,103 [INFO] Saving checkpoint at epoch 9 to run/20260820164_B3_msqr_shcmi/checkpoint_best.pth.
2026-08-20 16:47:31,381 [INFO] Saving checkpoint at epoch 9 to run/20260820164_B3_msqr_shcmi/checkpoint_best_joint.pth.
2026-08-20 16:47:31,598 [INFO] Start training
2026-08-20 16:47:31,943 [INFO] Start training epoch 10, 37 iters per inner epoch.
2026-08-20 16:47:42,368 [INFO] Averaged stats: lr: 0.000075  loss: 0.178490
2026-08-20 16:47:42,469 [INFO] gates: {"epoch": 10, "msqr_ratio": 2.2583, "shcmi_ratio": 0.2315, "lambda_msqr": 0.008, "gamma_f": 0.0071, "gamma_c": -0.0001, "lambda_shcmi": -0.0071, "eta": 0.0125, "alpha_f": 0.012, "beta_f": 0.0153, "alpha_c": 0.0147, "beta_c": 0.0109, "scale_gate_mean": 0.0, "scale_gate_std": 0.0}
2026-08-20 16:47:42,469 [INFO] Evaluating on val.
Train: data epoch: [10]  [ 0/37]  eta: 0:01:16  lr: 0.000075  loss: 0.1554  time: 2.0613  data: 0.0002  max mem: 4278
Train: data epoch: [10]  [20/37]  eta: 0:00:05  lr: 0.000075  loss: 0.1352  time: 0.2397  data: 0.0000  max mem: 4278
Train: data epoch: [10]  [36/37]  eta: 0:00:00  lr: 0.000075  loss: 0.1719  time: 0.2231  data: 0.0000  max mem: 4278
Train: data epoch: [10] Total time: 0:00:10 (0.2817 s / it)
2026-08-20 16:47:46,908 [INFO] Qual: EPOCH[10] -> PLCC: 0.893570, SROCC: 0.814931, KROCC: 0.627205, LOSS: 0.195995
2026-08-20 16:47:46,908 [INFO] Align: EPOCH[10] -> PLCC: 0.797948, SROCC: 0.627160, KROCC: 0.454341, LOSS: 0.348236
2026-08-20 16:47:46,918 [INFO] Saving checkpoint at epoch 10 to run/20260820164_B3_msqr_shcmi/checkpoint_best.pth.
2026-08-20 16:47:47,123 [INFO] Saving checkpoint at epoch 10 to run/20260820164_B3_msqr_shcmi/checkpoint_latest.pth.
2026-08-20 16:47:47,277 [INFO] Start training
2026-08-20 16:47:47,611 [INFO] Start training epoch 11, 37 iters per inner epoch.
2026-08-20 16:47:57,912 [INFO] Averaged stats: lr: 0.000071  loss: 0.174697
2026-08-20 16:47:58,006 [INFO] gates: {"epoch": 11, "msqr_ratio": 2.3102, "shcmi_ratio": 0.2236, "lambda_msqr": 0.0081, "gamma_f": 0.0072, "gamma_c": -0.0001, "lambda_shcmi": -0.0072, "eta": 0.0129, "alpha_f": 0.012, "beta_f": 0.0153, "alpha_c": 0.015, "beta_c": 0.011, "scale_gate_mean": 0.0, "scale_gate_std": 0.0}
2026-08-20 16:47:58,007 [INFO] Evaluating on val.
Train: data epoch: [11]  [ 0/37]  eta: 0:01:19  lr: 0.000071  loss: 0.1378  time: 2.1516  data: 0.0001  max mem: 4278
Train: data epoch: [11]  [20/37]  eta: 0:00:05  lr: 0.000071  loss: 0.2217  time: 0.2272  data: 0.0000  max mem: 4278
Train: data epoch: [11]  [36/37]  eta: 0:00:00  lr: 0.000071  loss: 0.1469  time: 0.2244  data: 0.0000  max mem: 4278
Train: data epoch: [11] Total time: 0:00:10 (0.2784 s / it)
2026-08-20 16:48:02,731 [INFO] Qual: EPOCH[11] -> PLCC: 0.894695, SROCC: 0.817158, KROCC: 0.630074, LOSS: 0.195710
2026-08-20 16:48:02,731 [INFO] Align: EPOCH[11] -> PLCC: 0.800818, SROCC: 0.626366, KROCC: 0.452772, LOSS: 0.352328
2026-08-20 16:48:02,742 [INFO] Saving checkpoint at epoch 11 to run/20260820164_B3_msqr_shcmi/checkpoint_best.pth.
2026-08-20 16:48:02,943 [INFO] Saving checkpoint at epoch 11 to run/20260820164_B3_msqr_shcmi/checkpoint_best_joint.pth.
2026-08-20 16:48:03,118 [INFO] Start training
2026-08-20 16:48:03,414 [INFO] Start training epoch 12, 37 iters per inner epoch.
2026-08-20 16:48:13,524 [INFO] Averaged stats: lr: 0.000066  loss: 0.166830
2026-08-20 16:48:13,634 [INFO] gates: {"epoch": 12, "msqr_ratio": 2.281, "shcmi_ratio": 0.2046, "lambda_msqr": 0.008, "gamma_f": 0.0071, "gamma_c": -0.0, "lambda_shcmi": -0.0072, "eta": 0.0135, "alpha_f": 0.012, "beta_f": 0.0153, "alpha_c": 0.0154, "beta_c": 0.0111, "scale_gate_mean": 0.0, "scale_gate_std": 0.0}
2026-08-20 16:48:13,634 [INFO] Evaluating on val.
Train: data epoch: [12]  [ 0/37]  eta: 0:01:13  lr: 0.000066  loss: 0.1490  time: 1.9964  data: 0.0001  max mem: 4278
Train: data epoch: [12]  [20/37]  eta: 0:00:05  lr: 0.000066  loss: 0.1825  time: 0.2271  data: 0.0000  max mem: 4278
Train: data epoch: [12]  [36/37]  eta: 0:00:00  lr: 0.000066  loss: 0.1649  time: 0.2233  data: 0.0000  max mem: 4278
Train: data epoch: [12] Total time: 0:00:10 (0.2732 s / it)
2026-08-20 16:48:18,036 [INFO] Qual: EPOCH[12] -> PLCC: 0.895308, SROCC: 0.820234, KROCC: 0.632775, LOSS: 0.193229
2026-08-20 16:48:18,036 [INFO] Align: EPOCH[12] -> PLCC: 0.799806, SROCC: 0.625382, KROCC: 0.451830, LOSS: 0.348412
2026-08-20 16:48:18,049 [INFO] Saving checkpoint at epoch 12 to run/20260820164_B3_msqr_shcmi/checkpoint_best.pth.
2026-08-20 16:48:18,298 [INFO] Saving checkpoint at epoch 12 to run/20260820164_B3_msqr_shcmi/checkpoint_best_joint.pth.
2026-08-20 16:48:18,516 [INFO] Start training
2026-08-20 16:48:18,851 [INFO] Start training epoch 13, 37 iters per inner epoch.
2026-08-20 16:48:29,190 [INFO] Averaged stats: lr: 0.000061  loss: 0.164472
2026-08-20 16:48:29,291 [INFO] gates: {"epoch": 13, "msqr_ratio": 2.012, "shcmi_ratio": 0.2353, "lambda_msqr": 0.008, "gamma_f": 0.0071, "gamma_c": -0.0001, "lambda_shcmi": -0.0073, "eta": 0.0145, "alpha_f": 0.012, "beta_f": 0.0153, "alpha_c": 0.016, "beta_c": 0.0115, "scale_gate_mean": 0.0, "scale_gate_std": 0.0}
2026-08-20 16:48:29,292 [INFO] Evaluating on val.
Train: data epoch: [13]  [ 0/37]  eta: 0:01:24  lr: 0.000061  loss: 0.1698  time: 2.2754  data: 0.0001  max mem: 4278
Train: data epoch: [13]  [20/37]  eta: 0:00:05  lr: 0.000061  loss: 0.1581  time: 0.2247  data: 0.0000  max mem: 4278
Train: data epoch: [13]  [36/37]  eta: 0:00:00  lr: 0.000061  loss: 0.1488  time: 0.2231  data: 0.0000  max mem: 4278
Train: data epoch: [13] Total time: 0:00:10 (0.2794 s / it)
2026-08-20 16:48:34,005 [INFO] Qual: EPOCH[13] -> PLCC: 0.895731, SROCC: 0.823931, KROCC: 0.636844, LOSS: 0.196972
2026-08-20 16:48:34,005 [INFO] Align: EPOCH[13] -> PLCC: 0.803387, SROCC: 0.629883, KROCC: 0.455394, LOSS: 0.352182
2026-08-20 16:48:34,020 [INFO] Saving checkpoint at epoch 13 to run/20260820164_B3_msqr_shcmi/checkpoint_best.pth.
2026-08-20 16:48:34,279 [INFO] Saving checkpoint at epoch 13 to run/20260820164_B3_msqr_shcmi/checkpoint_best_joint.pth.
2026-08-20 16:48:34,511 [INFO] Start training
2026-08-20 16:48:34,881 [INFO] Start training epoch 14, 37 iters per inner epoch.
2026-08-20 16:48:45,304 [INFO] Averaged stats: lr: 0.000056  loss: 0.156719
2026-08-20 16:48:45,405 [INFO] gates: {"epoch": 14, "msqr_ratio": 2.0936, "shcmi_ratio": 0.2587, "lambda_msqr": 0.008, "gamma_f": 0.0072, "gamma_c": -0.0001, "lambda_shcmi": -0.0073, "eta": 0.0156, "alpha_f": 0.012, "beta_f": 0.0153, "alpha_c": 0.0165, "beta_c": 0.0116, "scale_gate_mean": 0.0, "scale_gate_std": 0.0}
2026-08-20 16:48:45,405 [INFO] Evaluating on val.
Train: data epoch: [14]  [ 0/37]  eta: 0:01:26  lr: 0.000056  loss: 0.2201  time: 2.3327  data: 0.0002  max mem: 4278
Train: data epoch: [14]  [20/37]  eta: 0:00:05  lr: 0.000056  loss: 0.1546  time: 0.2233  data: 0.0000  max mem: 4278
Train: data epoch: [14]  [36/37]  eta: 0:00:00  lr: 0.000056  loss: 0.1353  time: 0.2258  data: 0.0000  max mem: 4278
Train: data epoch: [14] Total time: 0:00:10 (0.2817 s / it)
2026-08-20 16:48:49,807 [INFO] Qual: EPOCH[14] -> PLCC: 0.896409, SROCC: 0.824954, KROCC: 0.638009, LOSS: 0.195479
2026-08-20 16:48:49,807 [INFO] Align: EPOCH[14] -> PLCC: 0.801088, SROCC: 0.628503, KROCC: 0.454543, LOSS: 0.352749
2026-08-20 16:48:49,818 [INFO] Saving checkpoint at epoch 14 to run/20260820164_B3_msqr_shcmi/checkpoint_best.pth.
2026-08-20 16:48:50,013 [INFO] Start training
2026-08-20 16:48:50,475 [INFO] Start training epoch 15, 37 iters per inner epoch.
2026-08-20 16:49:06,582 [INFO] Averaged stats: lr: 0.000050  loss: 0.155335
2026-08-20 16:49:06,695 [INFO] gates: {"epoch": 15, "msqr_ratio": 2.0978, "shcmi_ratio": 0.2465, "lambda_msqr": 0.008, "gamma_f": 0.0071, "gamma_c": -0.0001, "lambda_shcmi": -0.0073, "eta": 0.0171, "alpha_f": 0.012, "beta_f": 0.0153, "alpha_c": 0.0173, "beta_c": 0.0119, "scale_gate_mean": 0.0, "scale_gate_std": 0.0}
2026-08-20 16:49:06,696 [INFO] Evaluating on val.
Train: data epoch: [15]  [ 0/37]  eta: 0:02:13  lr: 0.000051  loss: 0.1234  time: 3.5993  data: 0.0001  max mem: 4278
Train: data epoch: [15]  [20/37]  eta: 0:00:07  lr: 0.000051  loss: 0.1289  time: 0.2829  data: 0.0000  max mem: 4278
Train: data epoch: [15]  [36/37]  eta: 0:00:00  lr: 0.000051  loss: 0.1758  time: 0.4245  data: 0.0000  max mem: 4278
Train: data epoch: [15] Total time: 0:00:16 (0.4353 s / it)
2026-08-20 16:49:13,199 [INFO] Qual: EPOCH[15] -> PLCC: 0.896003, SROCC: 0.825299, KROCC: 0.638278, LOSS: 0.195865
2026-08-20 16:49:13,199 [INFO] Align: EPOCH[15] -> PLCC: 0.802457, SROCC: 0.628624, KROCC: 0.454868, LOSS: 0.356873
2026-08-20 16:49:13,221 [INFO] Saving checkpoint at epoch 15 to run/20260820164_B3_msqr_shcmi/checkpoint_latest.pth.
2026-08-20 16:49:13,465 [INFO] Start training
2026-08-20 16:49:13,855 [INFO] Start training epoch 16, 37 iters per inner epoch.
2026-08-20 16:49:29,954 [INFO] Averaged stats: lr: 0.000045  loss: 0.152966
2026-08-20 16:49:30,071 [INFO] gates: {"epoch": 16, "msqr_ratio": 2.1765, "shcmi_ratio": 0.2302, "lambda_msqr": 0.0081, "gamma_f": 0.0071, "gamma_c": -0.0001, "lambda_shcmi": -0.0074, "eta": 0.0183, "alpha_f": 0.012, "beta_f": 0.0153, "alpha_c": 0.0178, "beta_c": 0.012, "scale_gate_mean": 0.0, "scale_gate_std": 0.0}
2026-08-20 16:49:30,071 [INFO] Evaluating on val.
Train: data epoch: [16]  [ 0/37]  eta: 0:01:27  lr: 0.000045  loss: 0.1610  time: 2.3633  data: 0.0001  max mem: 4278
Train: data epoch: [16]  [20/37]  eta: 0:00:07  lr: 0.000045  loss: 0.1560  time: 0.3462  data: 0.0000  max mem: 4278
Train: data epoch: [16]  [36/37]  eta: 0:00:00  lr: 0.000045  loss: 0.1799  time: 0.4152  data: 0.0000  max mem: 4278
Train: data epoch: [16] Total time: 0:00:16 (0.4351 s / it)
2026-08-20 16:49:37,170 [INFO] Qual: EPOCH[16] -> PLCC: 0.896441, SROCC: 0.825718, KROCC: 0.638614, LOSS: 0.193087
2026-08-20 16:49:37,170 [INFO] Align: EPOCH[16] -> PLCC: 0.798298, SROCC: 0.626134, KROCC: 0.452458, LOSS: 0.354581
2026-08-20 16:49:37,183 [INFO] Saving checkpoint at epoch 16 to run/20260820164_B3_msqr_shcmi/checkpoint_best.pth.
2026-08-20 16:49:37,431 [INFO] Start training
2026-08-20 16:49:37,848 [INFO] Start training epoch 17, 37 iters per inner epoch.
2026-08-20 16:49:54,108 [INFO] Averaged stats: lr: 0.000040  loss: 0.147629
2026-08-20 16:49:54,207 [INFO] gates: {"epoch": 17, "msqr_ratio": 2.0259, "shcmi_ratio": 0.2532, "lambda_msqr": 0.008, "gamma_f": 0.007, "gamma_c": -0.0001, "lambda_shcmi": -0.0074, "eta": 0.0196, "alpha_f": 0.012, "beta_f": 0.0153, "alpha_c": 0.0186, "beta_c": 0.0122, "scale_gate_mean": 0.0, "scale_gate_std": 0.0}
2026-08-20 16:49:54,207 [INFO] Evaluating on val.
Train: data epoch: [17]  [ 0/37]  eta: 0:01:27  lr: 0.000040  loss: 0.1271  time: 2.3690  data: 0.0001  max mem: 4278
Train: data epoch: [17]  [20/37]  eta: 0:00:07  lr: 0.000040  loss: 0.1131  time: 0.3550  data: 0.0000  max mem: 4278
Train: data epoch: [17]  [36/37]  eta: 0:00:00  lr: 0.000040  loss: 0.1367  time: 0.4136  data: 0.0000  max mem: 4278
Train: data epoch: [17] Total time: 0:00:16 (0.4394 s / it)
2026-08-20 16:50:01,385 [INFO] Qual: EPOCH[17] -> PLCC: 0.894642, SROCC: 0.824601, KROCC: 0.637415, LOSS: 0.201522
2026-08-20 16:50:01,385 [INFO] Align: EPOCH[17] -> PLCC: 0.800860, SROCC: 0.628015, KROCC: 0.453982, LOSS: 0.360030
2026-08-20 16:50:01,387 [INFO] Start training
2026-08-20 16:50:01,827 [INFO] Start training epoch 18, 37 iters per inner epoch.
2026-08-20 16:50:17,627 [INFO] Averaged stats: lr: 0.000035  loss: 0.140522
2026-08-20 16:50:17,733 [INFO] gates: {"epoch": 18, "msqr_ratio": 1.9976, "shcmi_ratio": 0.2183, "lambda_msqr": 0.008, "gamma_f": 0.0071, "gamma_c": -0.0, "lambda_shcmi": -0.0074, "eta": 0.0208, "alpha_f": 0.012, "beta_f": 0.0153, "alpha_c": 0.0192, "beta_c": 0.0122, "scale_gate_mean": 0.0, "scale_gate_std": 0.0}
2026-08-20 16:50:17,733 [INFO] Evaluating on val.
Train: data epoch: [18]  [ 0/37]  eta: 0:01:27  lr: 0.000035  loss: 0.1196  time: 2.3591  data: 0.0001  max mem: 4278
Train: data epoch: [18]  [20/37]  eta: 0:00:07  lr: 0.000035  loss: 0.1380  time: 0.3259  data: 0.0000  max mem: 4278
Train: data epoch: [18]  [36/37]  eta: 0:00:00  lr: 0.000035  loss: 0.1138  time: 0.4039  data: 0.0000  max mem: 4278
Train: data epoch: [18] Total time: 0:00:15 (0.4270 s / it)
2026-08-20 16:50:25,190 [INFO] Qual: EPOCH[18] -> PLCC: 0.895068, SROCC: 0.824146, KROCC: 0.637124, LOSS: 0.195549
2026-08-20 16:50:25,190 [INFO] Align: EPOCH[18] -> PLCC: 0.799587, SROCC: 0.625462, KROCC: 0.452211, LOSS: 0.354203
2026-08-20 16:50:25,191 [INFO] Start training
2026-08-20 16:50:25,503 [INFO] Start training epoch 19, 37 iters per inner epoch.
2026-08-20 16:50:42,347 [INFO] Averaged stats: lr: 0.000030  loss: 0.138415
2026-08-20 16:50:42,474 [INFO] gates: {"epoch": 19, "msqr_ratio": 1.981, "shcmi_ratio": 0.2541, "lambda_msqr": 0.008, "gamma_f": 0.0071, "gamma_c": -0.0, "lambda_shcmi": -0.0074, "eta": 0.0216, "alpha_f": 0.012, "beta_f": 0.0153, "alpha_c": 0.0198, "beta_c": 0.0122, "scale_gate_mean": 0.0, "scale_gate_std": 0.0}
2026-08-20 16:50:42,475 [INFO] Evaluating on val.
Train: data epoch: [19]  [ 0/37]  eta: 0:01:58  lr: 0.000030  loss: 0.1313  time: 3.1951  data: 0.0001  max mem: 4278
Train: data epoch: [19]  [20/37]  eta: 0:00:08  lr: 0.000030  loss: 0.1295  time: 0.3482  data: 0.0000  max mem: 4278
Train: data epoch: [19]  [36/37]  eta: 0:00:00  lr: 0.000030  loss: 0.1653  time: 0.3853  data: 0.0000  max mem: 4278
Train: data epoch: [19] Total time: 0:00:16 (0.4552 s / it)
2026-08-20 16:50:49,715 [INFO] Qual: EPOCH[19] -> PLCC: 0.893130, SROCC: 0.823425, KROCC: 0.635902, LOSS: 0.200268
2026-08-20 16:50:49,716 [INFO] Align: EPOCH[19] -> PLCC: 0.799118, SROCC: 0.626312, KROCC: 0.452805, LOSS: 0.357327
2026-08-20 16:50:49,716 [INFO] Start training
2026-08-20 16:50:50,044 [INFO] Start training epoch 20, 37 iters per inner epoch.
2026-08-20 16:51:07,101 [INFO] Averaged stats: lr: 0.000026  loss: 0.135000
2026-08-20 16:51:07,215 [INFO] gates: {"epoch": 20, "msqr_ratio": 2.0663, "shcmi_ratio": 0.2456, "lambda_msqr": 0.008, "gamma_f": 0.0071, "gamma_c": -0.0, "lambda_shcmi": -0.0074, "eta": 0.0222, "alpha_f": 0.012, "beta_f": 0.0153, "alpha_c": 0.0203, "beta_c": 0.0122, "scale_gate_mean": 0.0, "scale_gate_std": 0.0}
2026-08-20 16:51:07,215 [INFO] Evaluating on val.
Train: data epoch: [20]  [ 0/37]  eta: 0:02:10  lr: 0.000026  loss: 0.1200  time: 3.5160  data: 0.0001  max mem: 4278
Train: data epoch: [20]  [20/37]  eta: 0:00:08  lr: 0.000026  loss: 0.1777  time: 0.3596  data: 0.0000  max mem: 4278
Train: data epoch: [20]  [36/37]  eta: 0:00:00  lr: 0.000026  loss: 0.1046  time: 0.3664  data: 0.0000  max mem: 4278
Train: data epoch: [20] Total time: 0:00:17 (0.4610 s / it)
2026-08-20 16:51:14,670 [INFO] Qual: EPOCH[20] -> PLCC: 0.893768, SROCC: 0.824288, KROCC: 0.637292, LOSS: 0.196581
2026-08-20 16:51:14,671 [INFO] Align: EPOCH[20] -> PLCC: 0.797531, SROCC: 0.626206, KROCC: 0.453489, LOSS: 0.355832
2026-08-20 16:51:14,683 [INFO] Saving checkpoint at epoch 20 to run/20260820164_B3_msqr_shcmi/checkpoint_latest.pth.
2026-08-20 16:51:14,863 [INFO] Start training
2026-08-20 16:51:15,199 [INFO] Start training epoch 21, 37 iters per inner epoch.
2026-08-20 16:51:31,454 [INFO] Averaged stats: lr: 0.000021  loss: 0.132851
2026-08-20 16:51:31,566 [INFO] gates: {"epoch": 21, "msqr_ratio": 2.027, "shcmi_ratio": 0.241, "lambda_msqr": 0.008, "gamma_f": 0.0071, "gamma_c": -0.0, "lambda_shcmi": -0.0075, "eta": 0.0229, "alpha_f": 0.012, "beta_f": 0.0153, "alpha_c": 0.0208, "beta_c": 0.0123, "scale_gate_mean": 0.0, "scale_gate_std": 0.0}
2026-08-20 16:51:31,566 [INFO] Evaluating on val.
Train: data epoch: [21]  [ 0/37]  eta: 0:01:24  lr: 0.000021  loss: 0.1311  time: 2.2803  data: 0.0001  max mem: 4278
Train: data epoch: [21]  [20/37]  eta: 0:00:08  lr: 0.000021  loss: 0.1154  time: 0.4109  data: 0.0000  max mem: 4278
Train: data epoch: [21]  [36/37]  eta: 0:00:00  lr: 0.000021  loss: 0.1702  time: 0.3324  data: 0.0000  max mem: 4278
Train: data epoch: [21] Total time: 0:00:16 (0.4393 s / it)
2026-08-20 16:51:38,793 [INFO] Qual: EPOCH[21] -> PLCC: 0.894224, SROCC: 0.824339, KROCC: 0.637337, LOSS: 0.196377
2026-08-20 16:51:38,793 [INFO] Align: EPOCH[21] -> PLCC: 0.797016, SROCC: 0.625806, KROCC: 0.452660, LOSS: 0.355166
2026-08-20 16:51:38,794 [INFO] Start training
2026-08-20 16:51:39,099 [INFO] Start training epoch 22, 37 iters per inner epoch.
2026-08-20 16:51:53,193 [INFO] Averaged stats: lr: 0.000017  loss: 0.130470
2026-08-20 16:51:53,314 [INFO] gates: {"epoch": 22, "msqr_ratio": 2.0161, "shcmi_ratio": 0.2602, "lambda_msqr": 0.008, "gamma_f": 0.0071, "gamma_c": -0.0001, "lambda_shcmi": -0.0075, "eta": 0.0233, "alpha_f": 0.012, "beta_f": 0.0153, "alpha_c": 0.0211, "beta_c": 0.0124, "scale_gate_mean": 0.0, "scale_gate_std": 0.0}
2026-08-20 16:51:53,315 [INFO] Evaluating on val.
Train: data epoch: [22]  [ 0/37]  eta: 0:01:09  lr: 0.000017  loss: 0.1188  time: 1.8768  data: 0.0001  max mem: 4278
Train: data epoch: [22]  [20/37]  eta: 0:00:07  lr: 0.000017  loss: 0.1600  time: 0.3859  data: 0.0000  max mem: 4278
Train: data epoch: [22]  [36/37]  eta: 0:00:00  lr: 0.000017  loss: 0.1283  time: 0.3139  data: 0.0000  max mem: 4278
Train: data epoch: [22] Total time: 0:00:14 (0.3809 s / it)
2026-08-20 16:52:00,724 [INFO] Qual: EPOCH[22] -> PLCC: 0.892994, SROCC: 0.823564, KROCC: 0.636507, LOSS: 0.200384
2026-08-20 16:52:00,724 [INFO] Align: EPOCH[22] -> PLCC: 0.799050, SROCC: 0.627508, KROCC: 0.454173, LOSS: 0.362893
2026-08-20 16:52:00,725 [INFO] Start training
2026-08-20 16:52:01,071 [INFO] Start training epoch 23, 37 iters per inner epoch.
2026-08-20 16:52:15,257 [INFO] Averaged stats: lr: 0.000014  loss: 0.128673
2026-08-20 16:52:15,384 [INFO] gates: {"epoch": 23, "msqr_ratio": 2.0148, "shcmi_ratio": 0.2273, "lambda_msqr": 0.008, "gamma_f": 0.0071, "gamma_c": -0.0001, "lambda_shcmi": -0.0075, "eta": 0.0236, "alpha_f": 0.012, "beta_f": 0.0153, "alpha_c": 0.0214, "beta_c": 0.0125, "scale_gate_mean": 0.0, "scale_gate_std": 0.0}
2026-08-20 16:52:15,384 [INFO] Evaluating on val.
Train: data epoch: [23]  [ 0/37]  eta: 0:01:23  lr: 0.000014  loss: 0.1327  time: 2.2433  data: 0.0001  max mem: 4278
Train: data epoch: [23]  [20/37]  eta: 0:00:07  lr: 0.000014  loss: 0.1311  time: 0.3573  data: 0.0000  max mem: 4278
Train: data epoch: [23]  [36/37]  eta: 0:00:00  lr: 0.000014  loss: 0.1099  time: 0.3279  data: 0.0000  max mem: 4278
Train: data epoch: [23] Total time: 0:00:14 (0.3834 s / it)
2026-08-20 16:52:22,976 [INFO] Qual: EPOCH[23] -> PLCC: 0.892219, SROCC: 0.823133, KROCC: 0.636429, LOSS: 0.203764
2026-08-20 16:52:22,976 [INFO] Align: EPOCH[23] -> PLCC: 0.799689, SROCC: 0.629754, KROCC: 0.455899, LOSS: 0.363349
2026-08-20 16:52:22,977 [INFO] Start training
2026-08-20 16:52:23,320 [INFO] Start training epoch 24, 37 iters per inner epoch.
2026-08-20 16:52:38,103 [INFO] Averaged stats: lr: 0.000010  loss: 0.127184
2026-08-20 16:52:38,365 [INFO] gates: {"epoch": 24, "msqr_ratio": 1.9847, "shcmi_ratio": 0.2205, "lambda_msqr": 0.008, "gamma_f": 0.0071, "gamma_c": -0.0001, "lambda_shcmi": -0.0075, "eta": 0.0238, "alpha_f": 0.012, "beta_f": 0.0153, "alpha_c": 0.0216, "beta_c": 0.0125, "scale_gate_mean": 0.0, "scale_gate_std": 0.0}
2026-08-20 16:52:38,366 [INFO] Evaluating on val.
Train: data epoch: [24]  [ 0/37]  eta: 0:01:25  lr: 0.000010  loss: 0.1324  time: 2.3042  data: 0.0001  max mem: 4278
Train: data epoch: [24]  [20/37]  eta: 0:00:07  lr: 0.000010  loss: 0.1240  time: 0.3657  data: 0.0000  max mem: 4278
Train: data epoch: [24]  [36/37]  eta: 0:00:00  lr: 0.000010  loss: 0.1151  time: 0.3463  data: 0.0000  max mem: 4278
Train: data epoch: [24] Total time: 0:00:14 (0.3995 s / it)
2026-08-20 16:52:45,701 [INFO] Qual: EPOCH[24] -> PLCC: 0.892796, SROCC: 0.823916, KROCC: 0.637079, LOSS: 0.200374
2026-08-20 16:52:45,702 [INFO] Align: EPOCH[24] -> PLCC: 0.798222, SROCC: 0.628130, KROCC: 0.454677, LOSS: 0.359485
2026-08-20 16:52:45,702 [INFO] Start training
2026-08-20 16:52:46,031 [INFO] Start training epoch 25, 37 iters per inner epoch.
2026-08-20 16:53:01,456 [INFO] Averaged stats: lr: 0.000008  loss: 0.128052
2026-08-20 16:53:01,590 [INFO] gates: {"epoch": 25, "msqr_ratio": 2.0319, "shcmi_ratio": 0.231, "lambda_msqr": 0.008, "gamma_f": 0.0071, "gamma_c": -0.0001, "lambda_shcmi": -0.0075, "eta": 0.024, "alpha_f": 0.012, "beta_f": 0.0153, "alpha_c": 0.0218, "beta_c": 0.0126, "scale_gate_mean": 0.0, "scale_gate_std": 0.0}
2026-08-20 16:53:01,590 [INFO] Evaluating on val.
Train: data epoch: [25]  [ 0/37]  eta: 0:01:10  lr: 0.000008  loss: 0.0893  time: 1.9050  data: 0.0001  max mem: 4278
Train: data epoch: [25]  [20/37]  eta: 0:00:07  lr: 0.000008  loss: 0.1135  time: 0.3649  data: 0.0000  max mem: 4278
Train: data epoch: [25]  [36/37]  eta: 0:00:00  lr: 0.000008  loss: 0.1411  time: 0.3702  data: 0.0000  max mem: 4278
Train: data epoch: [25] Total time: 0:00:15 (0.4169 s / it)
2026-08-20 16:53:10,270 [INFO] Qual: EPOCH[25] -> PLCC: 0.892852, SROCC: 0.823088, KROCC: 0.636463, LOSS: 0.200108
2026-08-20 16:53:10,271 [INFO] Align: EPOCH[25] -> PLCC: 0.798045, SROCC: 0.626913, KROCC: 0.453769, LOSS: 0.360361
2026-08-20 16:53:10,284 [INFO] Saving checkpoint at epoch 25 to run/20260820164_B3_msqr_shcmi/checkpoint_latest.pth.
2026-08-20 16:53:10,498 [INFO] Start training
2026-08-20 16:53:10,854 [INFO] Start training epoch 26, 37 iters per inner epoch.
2026-08-20 16:53:26,690 [INFO] Averaged stats: lr: 0.000005  loss: 0.126149
2026-08-20 16:53:26,790 [INFO] gates: {"epoch": 26, "msqr_ratio": 1.9438, "shcmi_ratio": 0.2529, "lambda_msqr": 0.008, "gamma_f": 0.0071, "gamma_c": -0.0001, "lambda_shcmi": -0.0075, "eta": 0.0241, "alpha_f": 0.012, "beta_f": 0.0153, "alpha_c": 0.0219, "beta_c": 0.0126, "scale_gate_mean": 0.0, "scale_gate_std": 0.0}
2026-08-20 16:53:26,791 [INFO] Evaluating on val.
Train: data epoch: [26]  [ 0/37]  eta: 0:01:24  lr: 0.000005  loss: 0.1147  time: 2.2888  data: 0.0001  max mem: 4278
Train: data epoch: [26]  [20/37]  eta: 0:00:07  lr: 0.000005  loss: 0.0812  time: 0.3546  data: 0.0000  max mem: 4278
Train: data epoch: [26]  [36/37]  eta: 0:00:00  lr: 0.000005  loss: 0.1013  time: 0.3701  data: 0.0000  max mem: 4278
Train: data epoch: [26] Total time: 0:00:15 (0.4280 s / it)
2026-08-20 16:53:35,264 [INFO] Qual: EPOCH[26] -> PLCC: 0.892643, SROCC: 0.822907, KROCC: 0.635992, LOSS: 0.200898
2026-08-20 16:53:35,265 [INFO] Align: EPOCH[26] -> PLCC: 0.798087, SROCC: 0.627403, KROCC: 0.454150, LOSS: 0.359654
2026-08-20 16:53:35,265 [INFO] Start training
2026-08-20 16:53:35,574 [INFO] Start training epoch 27, 37 iters per inner epoch.
2026-08-20 16:53:51,416 [INFO] Averaged stats: lr: 0.000003  loss: 0.127120
2026-08-20 16:53:51,528 [INFO] gates: {"epoch": 27, "msqr_ratio": 1.9917, "shcmi_ratio": 0.2542, "lambda_msqr": 0.008, "gamma_f": 0.0071, "gamma_c": -0.0001, "lambda_shcmi": -0.0075, "eta": 0.0241, "alpha_f": 0.012, "beta_f": 0.0153, "alpha_c": 0.022, "beta_c": 0.0126, "scale_gate_mean": 0.0, "scale_gate_std": 0.0}
2026-08-20 16:53:51,529 [INFO] Evaluating on val.
Train: data epoch: [27]  [ 0/37]  eta: 0:01:16  lr: 0.000003  loss: 0.1303  time: 2.0695  data: 0.0001  max mem: 4278
Train: data epoch: [27]  [20/37]  eta: 0:00:07  lr: 0.000003  loss: 0.1200  time: 0.3641  data: 0.0000  max mem: 4278
Train: data epoch: [27]  [36/37]  eta: 0:00:00  lr: 0.000003  loss: 0.0915  time: 0.3702  data: 0.0000  max mem: 4278
Train: data epoch: [27] Total time: 0:00:15 (0.4282 s / it)
2026-08-20 16:53:59,230 [INFO] Qual: EPOCH[27] -> PLCC: 0.892080, SROCC: 0.822412, KROCC: 0.635465, LOSS: 0.204978
2026-08-20 16:53:59,230 [INFO] Align: EPOCH[27] -> PLCC: 0.798521, SROCC: 0.628456, KROCC: 0.455036, LOSS: 0.362647
2026-08-20 16:53:59,231 [INFO] Start training
2026-08-20 16:53:59,558 [INFO] Start training epoch 28, 37 iters per inner epoch.
2026-08-20 16:54:15,373 [INFO] Averaged stats: lr: 0.000002  loss: 0.125658
2026-08-20 16:54:15,481 [INFO] gates: {"epoch": 28, "msqr_ratio": 2.0772, "shcmi_ratio": 0.2426, "lambda_msqr": 0.008, "gamma_f": 0.0071, "gamma_c": -0.0001, "lambda_shcmi": -0.0075, "eta": 0.0242, "alpha_f": 0.012, "beta_f": 0.0153, "alpha_c": 0.022, "beta_c": 0.0126, "scale_gate_mean": 0.0, "scale_gate_std": 0.0}
2026-08-20 16:54:15,481 [INFO] Evaluating on val.
Train: data epoch: [28]  [ 0/37]  eta: 0:01:05  lr: 0.000002  loss: 0.1694  time: 1.7647  data: 0.0001  max mem: 4278
Train: data epoch: [28]  [20/37]  eta: 0:00:08  lr: 0.000002  loss: 0.0994  time: 0.4140  data: 0.0000  max mem: 4278
Train: data epoch: [28]  [36/37]  eta: 0:00:00  lr: 0.000002  loss: 0.1195  time: 0.3568  data: 0.0000  max mem: 4278
Train: data epoch: [28] Total time: 0:00:15 (0.4274 s / it)
2026-08-20 16:54:21,368 [INFO] Qual: EPOCH[28] -> PLCC: 0.892240, SROCC: 0.822414, KROCC: 0.635611, LOSS: 0.203375
2026-08-20 16:54:21,368 [INFO] Align: EPOCH[28] -> PLCC: 0.798164, SROCC: 0.628128, KROCC: 0.454744, LOSS: 0.361459
2026-08-20 16:54:21,369 [INFO] Start training
2026-08-20 16:54:21,735 [INFO] Start training epoch 29, 37 iters per inner epoch.
2026-08-20 16:54:39,105 [INFO] Averaged stats: lr: 0.000001  loss: 0.125275
2026-08-20 16:54:39,228 [INFO] gates: {"epoch": 29, "msqr_ratio": 2.1307, "shcmi_ratio": 0.2477, "lambda_msqr": 0.008, "gamma_f": 0.0071, "gamma_c": -0.0001, "lambda_shcmi": -0.0075, "eta": 0.0242, "alpha_f": 0.012, "beta_f": 0.0153, "alpha_c": 0.022, "beta_c": 0.0126, "scale_gate_mean": 0.0, "scale_gate_std": 0.0}
2026-08-20 16:54:39,228 [INFO] Evaluating on val.
Train: data epoch: [29]  [ 0/37]  eta: 0:01:46  lr: 0.000001  loss: 0.1401  time: 2.8772  data: 0.0001  max mem: 4278
Train: data epoch: [29]  [20/37]  eta: 0:00:09  lr: 0.000001  loss: 0.1074  time: 0.4360  data: 0.0000  max mem: 4278
Train: data epoch: [29]  [36/37]  eta: 0:00:00  lr: 0.000001  loss: 0.1075  time: 0.3743  data: 0.0000  max mem: 4278
Train: data epoch: [29] Total time: 0:00:17 (0.4694 s / it)
2026-08-20 16:54:44,489 [INFO] Qual: EPOCH[29] -> PLCC: 0.892129, SROCC: 0.822322, KROCC: 0.635487, LOSS: 0.203243
2026-08-20 16:54:44,489 [INFO] Align: EPOCH[29] -> PLCC: 0.798341, SROCC: 0.628259, KROCC: 0.454924, LOSS: 0.361907
2026-08-20 16:54:44,503 [INFO] Saving checkpoint at epoch 29 to run/20260820164_B3_msqr_shcmi/checkpoint_latest.pth.
[{'agg_metrics': np.float64(4.245169405447519), 'qual_agg': np.float64(2.3565052924792274), 'qual_PLCC': np.float64(0.895730647872761), 'qual_SROCC': np.float64(0.8239310556359646), 'qual_KROCC': np.float64(0.6368435889705016), 'align_agg': np.float64(1.8886641129682917), 'align_PLCC': np.float64(0.8033870190586083), 'align_SROCC': np.float64(0.6298826281403765), 'align_KROCC': np.float64(0.455394465769307)}]
{'agg_metrics': np.float64(4.245169405447519), 'qual_agg': np.float64(2.3565052924792274), 'qual_PLCC': np.float64(0.895730647872761), 'qual_SROCC': np.float64(0.8239310556359646), 'qual_KROCC': np.float64(0.6368435889705016), 'align_agg': np.float64(1.8886641129682917), 'align_PLCC': np.float64(0.8033870190586083), 'align_SROCC': np.float64(0.6298826281403765), 'align_KROCC': np.float64(0.455394465769307)}
