2026-08-20 15:35:34,944 [INFO] Start training
2026-08-20 15:35:35,203 [INFO] number of trainable parameters: 8463408
Not using distributed mode
['msqr_baseline', 'msqr_shcmi_taf']
Position interpolate from 7x7 to 16x16
Freezing <class 'clip.model.Transformer'> ...
Freezing <class 'torch.nn.modules.sparse.Embedding'> ...
Freezing <class 'clip.model.LayerNorm'> ...
Freezing <class 'torch.nn.parameter.Parameter'> ...
Freezing <class 'torch.nn.parameter.Parameter'> ...
2026-08-20 15:35:35,555 [INFO] Start training epoch 0, 49 iters per inner epoch.
2026-08-20 15:35:49,759 [INFO] Averaged stats: lr: 0.000048  loss: 5.502438
2026-08-20 15:35:49,848 [INFO] gates: {"epoch": 0, "msqr_ratio": 0.2131, "shcmi_ratio": 0.01, "taf_q_ratio": 0.001, "taf_a_ratio": 0.0011, "lambda_msqr": 0.0028, "gamma_f": -0.0022, "gamma_c": -0.0026, "lambda_shcmi": -0.0028, "eta": 0.0122, "alpha_f": 0.0084, "beta_f": 0.0125, "alpha_c": 0.0125, "beta_c": 0.0114, "scale_gate_mean": 0.0001, "scale_gate_std": 0.0, "lambda_taf_q": -0.0028, "lambda_taf_a": -0.0028, "g_q_mean": 0.4728, "g_q_std": 0.0043, "g_a_mean": 0.472, "g_a_std": 0.0046}
2026-08-20 15:35:49,848 [INFO] Evaluating on val.
Train: data epoch: [0]  [ 0/49]  eta: 0:04:21  lr: 0.000000  loss: 6.7505  time: 5.3346  data: 0.0001  max mem: 2034
Train: data epoch: [0]  [20/49]  eta: 0:00:12  lr: 0.000040  loss: 5.5710  time: 0.1889  data: 0.0000  max mem: 2107
Train: data epoch: [0]  [40/49]  eta: 0:00:02  lr: 0.000080  loss: 3.7854  time: 0.1826  data: 0.0000  max mem: 2107
Train: data epoch: [0]  [48/49]  eta: 0:00:00  lr: 0.000096  loss: 1.1458  time: 0.1797  data: 0.0000  max mem: 2107
Train: data epoch: [0] Total time: 0:00:14 (0.2899 s / it)
2026-08-20 15:35:54,148 [INFO] Qual: EPOCH[0] -> PLCC: -0.001647, SROCC: -0.012797, KROCC: -0.008983, LOSS: 1.163304
2026-08-20 15:35:54,148 [INFO] Align: EPOCH[0] -> PLCC: 0.018109, SROCC: -0.000627, KROCC: -0.001849, LOSS: 1.122442
2026-08-20 15:35:54,163 [INFO] Saving checkpoint at epoch 0 to run/20260820153_B4_full/checkpoint_best.pth.
2026-08-20 15:35:54,345 [INFO] Saving checkpoint at epoch 0 to run/20260820153_B4_full/checkpoint_best_joint.pth.
2026-08-20 15:35:54,508 [INFO] Start training
2026-08-20 15:35:54,822 [INFO] Start training epoch 1, 49 iters per inner epoch.
2026-08-20 15:36:05,126 [INFO] Averaged stats: lr: 0.000100  loss: 1.169614
2026-08-20 15:36:05,233 [INFO] gates: {"epoch": 1, "msqr_ratio": 0.1326, "shcmi_ratio": 0.0034, "taf_q_ratio": 0.0008, "taf_a_ratio": 0.0009, "lambda_msqr": 0.0031, "gamma_f": 0.0001, "gamma_c": -0.001, "lambda_shcmi": -0.0024, "eta": 0.0106, "alpha_f": 0.0085, "beta_f": 0.0134, "alpha_c": 0.011, "beta_c": 0.0099, "scale_gate_mean": 0.0012, "scale_gate_std": 0.007, "lambda_taf_q": -0.0024, "lambda_taf_a": -0.0024, "g_q_mean": 0.4976, "g_q_std": 0.0005, "g_a_mean": 0.4967, "g_a_std": 0.0004}
2026-08-20 15:36:05,233 [INFO] Evaluating on val.
Train: data epoch: [1]  [ 0/49]  eta: 0:01:05  lr: 0.000100  loss: 1.6860  time: 1.3350  data: 0.0001  max mem: 3339
Train: data epoch: [1]  [20/49]  eta: 0:00:07  lr: 0.000100  loss: 1.1272  time: 0.1942  data: 0.0000  max mem: 3339
Train: data epoch: [1]  [40/49]  eta: 0:00:01  lr: 0.000100  loss: 1.0605  time: 0.1809  data: 0.0000  max mem: 3339
Train: data epoch: [1]  [48/49]  eta: 0:00:00  lr: 0.000100  loss: 1.2775  time: 0.1805  data: 0.0000  max mem: 3339
Train: data epoch: [1] Total time: 0:00:10 (0.2103 s / it)
2026-08-20 15:36:09,483 [INFO] Qual: EPOCH[1] -> PLCC: 0.191444, SROCC: 0.226011, KROCC: 0.154589, LOSS: 1.038939
2026-08-20 15:36:09,483 [INFO] Align: EPOCH[1] -> PLCC: 0.208619, SROCC: 0.207596, KROCC: 0.140321, LOSS: 0.985129
2026-08-20 15:36:09,498 [INFO] Saving checkpoint at epoch 1 to run/20260820153_B4_full/checkpoint_best.pth.
2026-08-20 15:36:09,724 [INFO] Saving checkpoint at epoch 1 to run/20260820153_B4_full/checkpoint_best_joint.pth.
2026-08-20 15:36:09,956 [INFO] Start training
2026-08-20 15:36:10,269 [INFO] Start training epoch 2, 49 iters per inner epoch.
2026-08-20 15:36:21,004 [INFO] Averaged stats: lr: 0.000100  loss: 0.597492
2026-08-20 15:36:21,109 [INFO] gates: {"epoch": 2, "msqr_ratio": 2.2752, "shcmi_ratio": 0.1679, "taf_q_ratio": 0.0007, "taf_a_ratio": 0.0007, "lambda_msqr": 0.0076, "gamma_f": 0.0067, "gamma_c": -0.0047, "lambda_shcmi": -0.0064, "eta": 0.0116, "alpha_f": 0.0108, "beta_f": 0.0192, "alpha_c": 0.0137, "beta_c": 0.012, "scale_gate_mean": 0.1667, "scale_gate_std": 0.3766, "lambda_taf_q": -0.0022, "lambda_taf_a": -0.0023, "g_q_mean": 0.4976, "g_q_std": 0.0011, "g_a_mean": 0.4976, "g_a_std": 0.0008}
2026-08-20 15:36:21,110 [INFO] Evaluating on val.
Train: data epoch: [2]  [ 0/49]  eta: 0:01:29  lr: 0.000100  loss: 0.9461  time: 1.8299  data: 0.0001  max mem: 3339
Train: data epoch: [2]  [20/49]  eta: 0:00:07  lr: 0.000100  loss: 0.9112  time: 0.1899  data: 0.0000  max mem: 3339
Train: data epoch: [2]  [40/49]  eta: 0:00:02  lr: 0.000100  loss: 0.2378  time: 0.1824  data: 0.0000  max mem: 3339
Train: data epoch: [2]  [48/49]  eta: 0:00:00  lr: 0.000100  loss: 0.2622  time: 0.1805  data: 0.0000  max mem: 3339
Train: data epoch: [2] Total time: 0:00:10 (0.2191 s / it)
2026-08-20 15:36:25,275 [INFO] Qual: EPOCH[2] -> PLCC: 0.855277, SROCC: 0.744153, KROCC: 0.554463, LOSS: 0.289183
2026-08-20 15:36:25,275 [INFO] Align: EPOCH[2] -> PLCC: 0.784647, SROCC: 0.638798, KROCC: 0.460662, LOSS: 0.390689
2026-08-20 15:36:25,286 [INFO] Saving checkpoint at epoch 2 to run/20260820153_B4_full/checkpoint_best.pth.
2026-08-20 15:36:25,473 [INFO] Saving checkpoint at epoch 2 to run/20260820153_B4_full/checkpoint_best_joint.pth.
2026-08-20 15:36:25,644 [INFO] Start training
2026-08-20 15:36:25,931 [INFO] Start training epoch 3, 49 iters per inner epoch.
2026-08-20 15:36:36,363 [INFO] Averaged stats: lr: 0.000100  loss: 0.283285
2026-08-20 15:36:36,466 [INFO] gates: {"epoch": 3, "msqr_ratio": 2.3171, "shcmi_ratio": 0.1723, "taf_q_ratio": 0.0007, "taf_a_ratio": 0.0008, "lambda_msqr": 0.0079, "gamma_f": 0.0071, "gamma_c": -0.0043, "lambda_shcmi": -0.0062, "eta": 0.0108, "alpha_f": 0.0105, "beta_f": 0.0186, "alpha_c": 0.0135, "beta_c": 0.0119, "scale_gate_mean": 0.2598, "scale_gate_std": 0.4371, "lambda_taf_q": -0.0023, "lambda_taf_a": -0.0024, "g_q_mean": 0.4976, "g_q_std": 0.0014, "g_a_mean": 0.4974, "g_a_std": 0.001}
2026-08-20 15:36:36,466 [INFO] Evaluating on val.
Train: data epoch: [3]  [ 0/49]  eta: 0:01:07  lr: 0.000100  loss: 0.2320  time: 1.3730  data: 0.0001  max mem: 3339
Train: data epoch: [3]  [20/49]  eta: 0:00:07  lr: 0.000100  loss: 0.2812  time: 0.1941  data: 0.0000  max mem: 3339
Train: data epoch: [3]  [40/49]  eta: 0:00:01  lr: 0.000100  loss: 0.2284  time: 0.1855  data: 0.0000  max mem: 3339
Train: data epoch: [3]  [48/49]  eta: 0:00:00  lr: 0.000100  loss: 0.1980  time: 0.1845  data: 0.0000  max mem: 3339
Train: data epoch: [3] Total time: 0:00:10 (0.2129 s / it)
2026-08-20 15:36:40,568 [INFO] Qual: EPOCH[3] -> PLCC: 0.870935, SROCC: 0.763285, KROCC: 0.575355, LOSS: 0.244094
2026-08-20 15:36:40,568 [INFO] Align: EPOCH[3] -> PLCC: 0.807435, SROCC: 0.648003, KROCC: 0.471074, LOSS: 0.343680
2026-08-20 15:36:40,580 [INFO] Saving checkpoint at epoch 3 to run/20260820153_B4_full/checkpoint_best.pth.
2026-08-20 15:36:40,766 [INFO] Saving checkpoint at epoch 3 to run/20260820153_B4_full/checkpoint_best_joint.pth.
2026-08-20 15:36:40,950 [INFO] Start training
2026-08-20 15:36:41,250 [INFO] Start training epoch 4, 49 iters per inner epoch.
2026-08-20 15:36:51,636 [INFO] Averaged stats: lr: 0.000100  loss: 0.245893
2026-08-20 15:36:51,747 [INFO] gates: {"epoch": 4, "msqr_ratio": 2.3947, "shcmi_ratio": 0.1624, "taf_q_ratio": 0.0007, "taf_a_ratio": 0.0008, "lambda_msqr": 0.0078, "gamma_f": 0.0069, "gamma_c": -0.0038, "lambda_shcmi": -0.0062, "eta": 0.0108, "alpha_f": 0.0106, "beta_f": 0.0183, "alpha_c": 0.0133, "beta_c": 0.0119, "scale_gate_mean": 0.1868, "scale_gate_std": 0.393, "lambda_taf_q": -0.0023, "lambda_taf_a": -0.0025, "g_q_mean": 0.4975, "g_q_std": 0.0013, "g_a_mean": 0.4959, "g_a_std": 0.001}
2026-08-20 15:36:51,747 [INFO] Evaluating on val.
Train: data epoch: [4]  [ 0/49]  eta: 0:01:17  lr: 0.000100  loss: 0.2224  time: 1.5899  data: 0.0001  max mem: 3339
Train: data epoch: [4]  [20/49]  eta: 0:00:07  lr: 0.000100  loss: 0.2427  time: 0.1901  data: 0.0000  max mem: 3339
Train: data epoch: [4]  [40/49]  eta: 0:00:01  lr: 0.000100  loss: 0.2164  time: 0.1787  data: 0.0000  max mem: 3339
Train: data epoch: [4]  [48/49]  eta: 0:00:00  lr: 0.000100  loss: 0.2680  time: 0.1773  data: 0.0000  max mem: 3339
Train: data epoch: [4] Total time: 0:00:10 (0.2120 s / it)
2026-08-20 15:36:55,976 [INFO] Qual: EPOCH[4] -> PLCC: 0.872775, SROCC: 0.773366, KROCC: 0.585006, LOSS: 0.233028
2026-08-20 15:36:55,976 [INFO] Align: EPOCH[4] -> PLCC: 0.806423, SROCC: 0.647269, KROCC: 0.472004, LOSS: 0.341742
2026-08-20 15:36:55,990 [INFO] Saving checkpoint at epoch 4 to run/20260820153_B4_full/checkpoint_best.pth.
2026-08-20 15:36:56,220 [INFO] Saving checkpoint at epoch 4 to run/20260820153_B4_full/checkpoint_best_joint.pth.
2026-08-20 15:36:56,438 [INFO] Start training
2026-08-20 15:36:56,775 [INFO] Start training epoch 5, 49 iters per inner epoch.
2026-08-20 15:37:07,019 [INFO] Averaged stats: lr: 0.000099  loss: 0.232630
2026-08-20 15:37:07,120 [INFO] gates: {"epoch": 5, "msqr_ratio": 2.2352, "shcmi_ratio": 0.1641, "taf_q_ratio": 0.0007, "taf_a_ratio": 0.0009, "lambda_msqr": 0.0078, "gamma_f": 0.0072, "gamma_c": -0.0036, "lambda_shcmi": -0.0064, "eta": 0.0109, "alpha_f": 0.0108, "beta_f": 0.0186, "alpha_c": 0.0131, "beta_c": 0.0117, "scale_gate_mean": 0.2291, "scale_gate_std": 0.4246, "lambda_taf_q": -0.0024, "lambda_taf_a": -0.0025, "g_q_mean": 0.4975, "g_q_std": 0.0014, "g_a_mean": 0.4961, "g_a_std": 0.0011}
2026-08-20 15:37:07,121 [INFO] Evaluating on val.
Train: data epoch: [5]  [ 0/49]  eta: 0:00:56  lr: 0.000099  loss: 0.2391  time: 1.1550  data: 0.0001  max mem: 3339
Train: data epoch: [5]  [20/49]  eta: 0:00:07  lr: 0.000099  loss: 0.2539  time: 0.2032  data: 0.0000  max mem: 3339
Train: data epoch: [5]  [40/49]  eta: 0:00:01  lr: 0.000099  loss: 0.2378  time: 0.1806  data: 0.0000  max mem: 3339
Train: data epoch: [5]  [48/49]  eta: 0:00:00  lr: 0.000099  loss: 0.2127  time: 0.1780  data: 0.0000  max mem: 3339
Train: data epoch: [5] Total time: 0:00:10 (0.2090 s / it)
2026-08-20 15:37:11,402 [INFO] Qual: EPOCH[5] -> PLCC: 0.881742, SROCC: 0.787048, KROCC: 0.598803, LOSS: 0.225720
2026-08-20 15:37:11,402 [INFO] Align: EPOCH[5] -> PLCC: 0.810886, SROCC: 0.652111, KROCC: 0.476207, LOSS: 0.334722
2026-08-20 15:37:11,416 [INFO] Saving checkpoint at epoch 5 to run/20260820153_B4_full/checkpoint_best.pth.
2026-08-20 15:37:11,643 [INFO] Saving checkpoint at epoch 5 to run/20260820153_B4_full/checkpoint_best_joint.pth.
2026-08-20 15:37:11,863 [INFO] Start training
2026-08-20 15:37:12,191 [INFO] Start training epoch 6, 49 iters per inner epoch.
2026-08-20 15:37:22,555 [INFO] Averaged stats: lr: 0.000099  loss: 0.207586
2026-08-20 15:37:22,658 [INFO] gates: {"epoch": 6, "msqr_ratio": 2.27, "shcmi_ratio": 0.2036, "taf_q_ratio": 0.0008, "taf_a_ratio": 0.0009, "lambda_msqr": 0.0079, "gamma_f": 0.007, "gamma_c": -0.0031, "lambda_shcmi": -0.0066, "eta": 0.0113, "alpha_f": 0.0111, "beta_f": 0.0186, "alpha_c": 0.0133, "beta_c": 0.0118, "scale_gate_mean": 0.25, "scale_gate_std": 0.4376, "lambda_taf_q": -0.0025, "lambda_taf_a": -0.0027, "g_q_mean": 0.4971, "g_q_std": 0.0021, "g_a_mean": 0.4948, "g_a_std": 0.0016}
2026-08-20 15:37:22,658 [INFO] Evaluating on val.
Train: data epoch: [6]  [ 0/49]  eta: 0:01:21  lr: 0.000099  loss: 0.2684  time: 1.6618  data: 0.0001  max mem: 3339
Train: data epoch: [6]  [20/49]  eta: 0:00:07  lr: 0.000099  loss: 0.1964  time: 0.1812  data: 0.0000  max mem: 3339
Train: data epoch: [6]  [40/49]  eta: 0:00:01  lr: 0.000099  loss: 0.2015  time: 0.1817  data: 0.0000  max mem: 3339
Train: data epoch: [6]  [48/49]  eta: 0:00:00  lr: 0.000099  loss: 0.2074  time: 0.1815  data: 0.0000  max mem: 3339
Train: data epoch: [6] Total time: 0:00:10 (0.2115 s / it)
2026-08-20 15:37:27,053 [INFO] Qual: EPOCH[6] -> PLCC: 0.887119, SROCC: 0.799198, KROCC: 0.610863, LOSS: 0.210272
2026-08-20 15:37:27,053 [INFO] Align: EPOCH[6] -> PLCC: 0.811552, SROCC: 0.645355, KROCC: 0.469281, LOSS: 0.335358
2026-08-20 15:37:27,067 [INFO] Saving checkpoint at epoch 6 to run/20260820153_B4_full/checkpoint_best.pth.
2026-08-20 15:37:27,305 [INFO] Saving checkpoint at epoch 6 to run/20260820153_B4_full/checkpoint_best_joint.pth.
2026-08-20 15:37:27,532 [INFO] Start training
2026-08-20 15:37:27,888 [INFO] Start training epoch 7, 49 iters per inner epoch.
2026-08-20 15:37:38,618 [INFO] Averaged stats: lr: 0.000099  loss: 0.199693
2026-08-20 15:37:38,711 [INFO] gates: {"epoch": 7, "msqr_ratio": 2.0066, "shcmi_ratio": 0.1595, "taf_q_ratio": 0.0008, "taf_a_ratio": 0.001, "lambda_msqr": 0.0078, "gamma_f": 0.0068, "gamma_c": -0.0027, "lambda_shcmi": -0.0065, "eta": 0.0114, "alpha_f": 0.0112, "beta_f": 0.0185, "alpha_c": 0.0132, "beta_c": 0.0118, "scale_gate_mean": 0.174, "scale_gate_std": 0.3715, "lambda_taf_q": -0.0026, "lambda_taf_a": -0.0028, "g_q_mean": 0.4972, "g_q_std": 0.0018, "g_a_mean": 0.4941, "g_a_std": 0.0013}
2026-08-20 15:37:38,711 [INFO] Evaluating on val.
Train: data epoch: [7]  [ 0/49]  eta: 0:01:01  lr: 0.000099  loss: 0.1843  time: 1.2586  data: 0.0001  max mem: 3339
Train: data epoch: [7]  [20/49]  eta: 0:00:07  lr: 0.000099  loss: 0.1821  time: 0.2096  data: 0.0000  max mem: 3339
Train: data epoch: [7]  [40/49]  eta: 0:00:02  lr: 0.000099  loss: 0.2541  time: 0.1884  data: 0.0000  max mem: 3339
Train: data epoch: [7]  [48/49]  eta: 0:00:00  lr: 0.000099  loss: 0.1857  time: 0.1885  data: 0.0000  max mem: 3339
Train: data epoch: [7] Total time: 0:00:10 (0.2190 s / it)
2026-08-20 15:37:43,001 [INFO] Qual: EPOCH[7] -> PLCC: 0.890031, SROCC: 0.807280, KROCC: 0.619045, LOSS: 0.204014
2026-08-20 15:37:43,001 [INFO] Align: EPOCH[7] -> PLCC: 0.804376, SROCC: 0.642143, KROCC: 0.466120, LOSS: 0.337462
2026-08-20 15:37:43,017 [INFO] Saving checkpoint at epoch 7 to run/20260820153_B4_full/checkpoint_best.pth.
2026-08-20 15:37:43,276 [INFO] Saving checkpoint at epoch 7 to run/20260820153_B4_full/checkpoint_best_joint.pth.
2026-08-20 15:37:43,496 [INFO] Start training
2026-08-20 15:37:43,829 [INFO] Start training epoch 8, 49 iters per inner epoch.
2026-08-20 15:37:54,443 [INFO] Averaged stats: lr: 0.000098  loss: 0.183231
2026-08-20 15:37:54,551 [INFO] gates: {"epoch": 8, "msqr_ratio": 2.0297, "shcmi_ratio": 0.1699, "taf_q_ratio": 0.0009, "taf_a_ratio": 0.0011, "lambda_msqr": 0.0078, "gamma_f": 0.0067, "gamma_c": -0.0023, "lambda_shcmi": -0.0067, "eta": 0.0124, "alpha_f": 0.012, "beta_f": 0.019, "alpha_c": 0.0133, "beta_c": 0.0117, "scale_gate_mean": 0.2471, "scale_gate_std": 0.433, "lambda_taf_q": -0.0027, "lambda_taf_a": -0.0029, "g_q_mean": 0.4974, "g_q_std": 0.002, "g_a_mean": 0.4938, "g_a_std": 0.0016}
2026-08-20 15:37:54,551 [INFO] Evaluating on val.
Train: data epoch: [8]  [ 0/49]  eta: 0:01:16  lr: 0.000098  loss: 0.1578  time: 1.5513  data: 0.0001  max mem: 3339
Train: data epoch: [8]  [20/49]  eta: 0:00:07  lr: 0.000098  loss: 0.1721  time: 0.1919  data: 0.0000  max mem: 3339
Train: data epoch: [8]  [40/49]  eta: 0:00:02  lr: 0.000098  loss: 0.2513  time: 0.1877  data: 0.0000  max mem: 3339
Train: data epoch: [8]  [48/49]  eta: 0:00:00  lr: 0.000098  loss: 0.1667  time: 0.1839  data: 0.0000  max mem: 3339
Train: data epoch: [8] Total time: 0:00:10 (0.2166 s / it)
2026-08-20 15:37:58,826 [INFO] Qual: EPOCH[8] -> PLCC: 0.893379, SROCC: 0.809565, KROCC: 0.620345, LOSS: 0.198961
2026-08-20 15:37:58,826 [INFO] Align: EPOCH[8] -> PLCC: 0.801999, SROCC: 0.636921, KROCC: 0.462859, LOSS: 0.341222
2026-08-20 15:37:58,840 [INFO] Saving checkpoint at epoch 8 to run/20260820153_B4_full/checkpoint_best.pth.
2026-08-20 15:37:59,060 [INFO] Start training
2026-08-20 15:37:59,391 [INFO] Start training epoch 9, 49 iters per inner epoch.
2026-08-20 15:38:09,792 [INFO] Averaged stats: lr: 0.000098  loss: 0.175857
2026-08-20 15:38:09,879 [INFO] gates: {"epoch": 9, "msqr_ratio": 1.9704, "shcmi_ratio": 0.1861, "taf_q_ratio": 0.0009, "taf_a_ratio": 0.001, "lambda_msqr": 0.0078, "gamma_f": 0.0065, "gamma_c": -0.0021, "lambda_shcmi": -0.0068, "eta": 0.0131, "alpha_f": 0.0127, "beta_f": 0.0187, "alpha_c": 0.0134, "beta_c": 0.0117, "scale_gate_mean": 0.1042, "scale_gate_std": 0.3087, "lambda_taf_q": -0.0028, "lambda_taf_a": -0.003, "g_q_mean": 0.4957, "g_q_std": 0.0021, "g_a_mean": 0.4921, "g_a_std": 0.0017}
2026-08-20 15:38:09,879 [INFO] Evaluating on val.
Train: data epoch: [9]  [ 0/49]  eta: 0:01:14  lr: 0.000098  loss: 0.1310  time: 1.5175  data: 0.0001  max mem: 3339
Train: data epoch: [9]  [20/49]  eta: 0:00:07  lr: 0.000098  loss: 0.1251  time: 0.1897  data: 0.0000  max mem: 3339
Train: data epoch: [9]  [40/49]  eta: 0:00:01  lr: 0.000098  loss: 0.1788  time: 0.1817  data: 0.0000  max mem: 3339
Train: data epoch: [9]  [48/49]  eta: 0:00:00  lr: 0.000098  loss: 0.1548  time: 0.1812  data: 0.0000  max mem: 3339
Train: data epoch: [9] Total time: 0:00:10 (0.2123 s / it)
2026-08-20 15:38:14,222 [INFO] Qual: EPOCH[9] -> PLCC: 0.892926, SROCC: 0.810777, KROCC: 0.622430, LOSS: 0.201834
2026-08-20 15:38:14,222 [INFO] Align: EPOCH[9] -> PLCC: 0.803918, SROCC: 0.635343, KROCC: 0.461010, LOSS: 0.343218
2026-08-20 15:38:14,239 [INFO] Saving checkpoint at epoch 9 to run/20260820153_B4_full/checkpoint_best.pth.
2026-08-20 15:38:14,460 [INFO] Start training
2026-08-20 15:38:14,797 [INFO] Start training epoch 10, 49 iters per inner epoch.
2026-08-20 15:38:25,075 [INFO] Averaged stats: lr: 0.000098  loss: 0.170157
2026-08-20 15:38:25,198 [INFO] gates: {"epoch": 10, "msqr_ratio": 1.939, "shcmi_ratio": 0.1802, "taf_q_ratio": 0.001, "taf_a_ratio": 0.0011, "lambda_msqr": 0.0078, "gamma_f": 0.0062, "gamma_c": -0.002, "lambda_shcmi": -0.0067, "eta": 0.0134, "alpha_f": 0.0139, "beta_f": 0.0192, "alpha_c": 0.0133, "beta_c": 0.0115, "scale_gate_mean": 0.1582, "scale_gate_std": 0.3614, "lambda_taf_q": -0.003, "lambda_taf_a": -0.0031, "g_q_mean": 0.4949, "g_q_std": 0.0024, "g_a_mean": 0.491, "g_a_std": 0.0015}
2026-08-20 15:38:25,199 [INFO] Evaluating on val.
Train: data epoch: [10]  [ 0/49]  eta: 0:00:49  lr: 0.000098  loss: 0.1925  time: 1.0011  data: 0.0001  max mem: 3339
Train: data epoch: [10]  [20/49]  eta: 0:00:07  lr: 0.000098  loss: 0.1724  time: 0.2099  data: 0.0000  max mem: 3339
Train: data epoch: [10]  [40/49]  eta: 0:00:01  lr: 0.000098  loss: 0.1606  time: 0.1820  data: 0.0000  max mem: 3339
Train: data epoch: [10]  [48/49]  eta: 0:00:00  lr: 0.000098  loss: 0.2094  time: 0.1807  data: 0.0000  max mem: 3339
Train: data epoch: [10] Total time: 0:00:10 (0.2097 s / it)
2026-08-20 15:38:29,439 [INFO] Qual: EPOCH[10] -> PLCC: 0.889624, SROCC: 0.809575, KROCC: 0.620984, LOSS: 0.212617
2026-08-20 15:38:29,439 [INFO] Align: EPOCH[10] -> PLCC: 0.808796, SROCC: 0.642229, KROCC: 0.466457, LOSS: 0.338171
2026-08-20 15:38:29,455 [INFO] Saving checkpoint at epoch 10 to run/20260820153_B4_full/checkpoint_best_joint.pth.
2026-08-20 15:38:29,674 [INFO] Start training
2026-08-20 15:38:30,014 [INFO] Start training epoch 11, 49 iters per inner epoch.
2026-08-20 15:38:40,463 [INFO] Averaged stats: lr: 0.000097  loss: 0.178841
2026-08-20 15:38:40,566 [INFO] gates: {"epoch": 11, "msqr_ratio": 1.9461, "shcmi_ratio": 0.1877, "taf_q_ratio": 0.001, "taf_a_ratio": 0.0013, "lambda_msqr": 0.0078, "gamma_f": 0.0059, "gamma_c": -0.0019, "lambda_shcmi": -0.0069, "eta": 0.0148, "alpha_f": 0.0154, "beta_f": 0.0192, "alpha_c": 0.0131, "beta_c": 0.0111, "scale_gate_mean": 0.1875, "scale_gate_std": 0.3944, "lambda_taf_q": -0.0031, "lambda_taf_a": -0.0033, "g_q_mean": 0.4972, "g_q_std": 0.0024, "g_a_mean": 0.4903, "g_a_std": 0.0027}
2026-08-20 15:38:40,566 [INFO] Evaluating on val.
Train: data epoch: [11]  [ 0/49]  eta: 0:01:12  lr: 0.000097  loss: 0.0883  time: 1.4855  data: 0.0001  max mem: 3339
Train: data epoch: [11]  [20/49]  eta: 0:00:07  lr: 0.000097  loss: 0.2055  time: 0.1896  data: 0.0000  max mem: 3339
Train: data epoch: [11]  [40/49]  eta: 0:00:01  lr: 0.000097  loss: 0.1460  time: 0.1826  data: 0.0000  max mem: 3339
Train: data epoch: [11]  [48/49]  eta: 0:00:00  lr: 0.000097  loss: 0.1329  time: 0.1849  data: 0.0000  max mem: 3339
Train: data epoch: [11] Total time: 0:00:10 (0.2132 s / it)
2026-08-20 15:38:44,881 [INFO] Qual: EPOCH[11] -> PLCC: 0.895258, SROCC: 0.816297, KROCC: 0.627586, LOSS: 0.195698
2026-08-20 15:38:44,881 [INFO] Align: EPOCH[11] -> PLCC: 0.806659, SROCC: 0.640822, KROCC: 0.465459, LOSS: 0.351159
2026-08-20 15:38:44,896 [INFO] Saving checkpoint at epoch 11 to run/20260820153_B4_full/checkpoint_best.pth.
2026-08-20 15:38:45,132 [INFO] Saving checkpoint at epoch 11 to run/20260820153_B4_full/checkpoint_best_joint.pth.
2026-08-20 15:38:45,355 [INFO] Start training
2026-08-20 15:38:45,692 [INFO] Start training epoch 12, 49 iters per inner epoch.
2026-08-20 15:38:55,472 [INFO] Averaged stats: lr: 0.000097  loss: 0.151352
2026-08-20 15:38:55,560 [INFO] gates: {"epoch": 12, "msqr_ratio": 1.661, "shcmi_ratio": 0.1628, "taf_q_ratio": 0.0011, "taf_a_ratio": 0.0014, "lambda_msqr": 0.0077, "gamma_f": 0.0057, "gamma_c": -0.0022, "lambda_shcmi": -0.0068, "eta": 0.0167, "alpha_f": 0.0173, "beta_f": 0.0192, "alpha_c": 0.0131, "beta_c": 0.0111, "scale_gate_mean": 0.1252, "scale_gate_std": 0.3341, "lambda_taf_q": -0.0032, "lambda_taf_a": -0.0035, "g_q_mean": 0.4964, "g_q_std": 0.0023, "g_a_mean": 0.4883, "g_a_std": 0.0025}
2026-08-20 15:38:55,561 [INFO] Evaluating on val.
Train: data epoch: [12]  [ 0/49]  eta: 0:01:09  lr: 0.000097  loss: 0.1687  time: 1.4106  data: 0.0001  max mem: 3339
Train: data epoch: [12]  [20/49]  eta: 0:00:06  lr: 0.000097  loss: 0.1528  time: 0.1650  data: 0.0000  max mem: 3339
Train: data epoch: [12]  [40/49]  eta: 0:00:01  lr: 0.000097  loss: 0.1479  time: 0.1819  data: 0.0000  max mem: 3339
Train: data epoch: [12]  [48/49]  eta: 0:00:00  lr: 0.000097  loss: 0.1771  time: 0.1804  data: 0.0000  max mem: 3339
Train: data epoch: [12] Total time: 0:00:09 (0.1996 s / it)
2026-08-20 15:39:00,242 [INFO] Qual: EPOCH[12] -> PLCC: 0.893334, SROCC: 0.814680, KROCC: 0.627249, LOSS: 0.199988
2026-08-20 15:39:00,242 [INFO] Align: EPOCH[12] -> PLCC: 0.801977, SROCC: 0.637727, KROCC: 0.463520, LOSS: 0.350562
2026-08-20 15:39:00,243 [INFO] Start training
2026-08-20 15:39:00,575 [INFO] Start training epoch 13, 49 iters per inner epoch.
2026-08-20 15:39:11,290 [INFO] Averaged stats: lr: 0.000096  loss: 0.146291
2026-08-20 15:39:11,409 [INFO] gates: {"epoch": 13, "msqr_ratio": 1.6678, "shcmi_ratio": 0.1956, "taf_q_ratio": 0.0012, "taf_a_ratio": 0.0013, "lambda_msqr": 0.0077, "gamma_f": 0.0058, "gamma_c": -0.0031, "lambda_shcmi": -0.0069, "eta": 0.0194, "alpha_f": 0.0196, "beta_f": 0.0184, "alpha_c": 0.0132, "beta_c": 0.0111, "scale_gate_mean": 0.1042, "scale_gate_std": 0.3087, "lambda_taf_q": -0.0034, "lambda_taf_a": -0.0035, "g_q_mean": 0.4942, "g_q_std": 0.0027, "g_a_mean": 0.4879, "g_a_std": 0.0028}
2026-08-20 15:39:11,409 [INFO] Evaluating on val.
Train: data epoch: [13]  [ 0/49]  eta: 0:01:27  lr: 0.000096  loss: 0.1691  time: 1.7937  data: 0.0001  max mem: 3339
Train: data epoch: [13]  [20/49]  eta: 0:00:07  lr: 0.000096  loss: 0.1101  time: 0.1913  data: 0.0000  max mem: 3339
Train: data epoch: [13]  [40/49]  eta: 0:00:02  lr: 0.000096  loss: 0.1278  time: 0.1819  data: 0.0000  max mem: 3339
Train: data epoch: [13]  [48/49]  eta: 0:00:00  lr: 0.000096  loss: 0.2107  time: 0.1800  data: 0.0000  max mem: 3339
Train: data epoch: [13] Total time: 0:00:10 (0.2187 s / it)
2026-08-20 15:39:15,656 [INFO] Qual: EPOCH[13] -> PLCC: 0.892401, SROCC: 0.810807, KROCC: 0.623270, LOSS: 0.213818
2026-08-20 15:39:15,656 [INFO] Align: EPOCH[13] -> PLCC: 0.809678, SROCC: 0.639093, KROCC: 0.464316, LOSS: 0.352294
2026-08-20 15:39:15,657 [INFO] Start training
2026-08-20 15:39:15,983 [INFO] Start training epoch 14, 49 iters per inner epoch.
2026-08-20 15:39:26,962 [INFO] Averaged stats: lr: 0.000095  loss: 0.133886
2026-08-20 15:39:27,068 [INFO] gates: {"epoch": 14, "msqr_ratio": 1.7395, "shcmi_ratio": 0.2242, "taf_q_ratio": 0.0013, "taf_a_ratio": 0.0015, "lambda_msqr": 0.0078, "gamma_f": 0.0058, "gamma_c": -0.0031, "lambda_shcmi": -0.0072, "eta": 0.0233, "alpha_f": 0.0232, "beta_f": 0.0185, "alpha_c": 0.0133, "beta_c": 0.0112, "scale_gate_mean": 0.2292, "scale_gate_std": 0.4247, "lambda_taf_q": -0.0036, "lambda_taf_a": -0.0038, "g_q_mean": 0.4942, "g_q_std": 0.0036, "g_a_mean": 0.4851, "g_a_std": 0.0056}
2026-08-20 15:39:27,068 [INFO] Evaluating on val.
Train: data epoch: [14]  [ 0/49]  eta: 0:01:32  lr: 0.000095  loss: 0.1206  time: 1.8805  data: 0.0001  max mem: 3339
Train: data epoch: [14]  [20/49]  eta: 0:00:07  lr: 0.000095  loss: 0.1552  time: 0.1909  data: 0.0000  max mem: 3339
Train: data epoch: [14]  [40/49]  eta: 0:00:02  lr: 0.000095  loss: 0.1603  time: 0.1883  data: 0.0000  max mem: 3339
Train: data epoch: [14]  [48/49]  eta: 0:00:00  lr: 0.000095  loss: 0.1219  time: 0.1885  data: 0.0000  max mem: 3339
Train: data epoch: [14] Total time: 0:00:10 (0.2240 s / it)
2026-08-20 15:39:31,844 [INFO] Qual: EPOCH[14] -> PLCC: 0.888678, SROCC: 0.810155, KROCC: 0.622676, LOSS: 0.217837
2026-08-20 15:39:31,844 [INFO] Align: EPOCH[14] -> PLCC: 0.811593, SROCC: 0.649593, KROCC: 0.473450, LOSS: 0.351623
2026-08-20 15:39:31,858 [INFO] Saving checkpoint at epoch 14 to run/20260820153_B4_full/checkpoint_best_joint.pth.
2026-08-20 15:39:32,083 [INFO] Start training
2026-08-20 15:39:32,459 [INFO] Start training epoch 15, 49 iters per inner epoch.
2026-08-20 15:39:42,993 [INFO] Averaged stats: lr: 0.000095  loss: 0.127040
2026-08-20 15:39:43,083 [INFO] gates: {"epoch": 15, "msqr_ratio": 1.5684, "shcmi_ratio": 0.2076, "taf_q_ratio": 0.0014, "taf_a_ratio": 0.0016, "lambda_msqr": 0.0077, "gamma_f": 0.0056, "gamma_c": -0.0036, "lambda_shcmi": -0.007, "eta": 0.0258, "alpha_f": 0.0262, "beta_f": 0.0183, "alpha_c": 0.0133, "beta_c": 0.0111, "scale_gate_mean": 0.2292, "scale_gate_std": 0.4247, "lambda_taf_q": -0.0037, "lambda_taf_a": -0.0039, "g_q_mean": 0.4942, "g_q_std": 0.0032, "g_a_mean": 0.4827, "g_a_std": 0.0056}
2026-08-20 15:39:43,083 [INFO] Evaluating on val.
Train: data epoch: [15]  [ 0/49]  eta: 0:00:55  lr: 0.000095  loss: 0.1412  time: 1.1385  data: 0.0001  max mem: 3339
Train: data epoch: [15]  [20/49]  eta: 0:00:07  lr: 0.000095  loss: 0.1197  time: 0.2084  data: 0.0000  max mem: 3339
Train: data epoch: [15]  [40/49]  eta: 0:00:01  lr: 0.000095  loss: 0.1963  time: 0.1860  data: 0.0000  max mem: 3339
Train: data epoch: [15]  [48/49]  eta: 0:00:00  lr: 0.000095  loss: 0.0921  time: 0.1878  data: 0.0000  max mem: 3339
Train: data epoch: [15] Total time: 0:00:10 (0.2150 s / it)
2026-08-20 15:39:47,380 [INFO] Qual: EPOCH[15] -> PLCC: 0.887555, SROCC: 0.811524, KROCC: 0.624414, LOSS: 0.257350
2026-08-20 15:39:47,380 [INFO] Align: EPOCH[15] -> PLCC: 0.802590, SROCC: 0.640857, KROCC: 0.465627, LOSS: 0.362952
2026-08-20 15:39:47,395 [INFO] Saving checkpoint at epoch 15 to run/20260820153_B4_full/checkpoint_latest.pth.
2026-08-20 15:39:47,563 [INFO] Start training
2026-08-20 15:39:47,894 [INFO] Start training epoch 16, 49 iters per inner epoch.
2026-08-20 15:39:58,405 [INFO] Averaged stats: lr: 0.000094  loss: 0.125511
2026-08-20 15:39:58,509 [INFO] gates: {"epoch": 16, "msqr_ratio": 1.5755, "shcmi_ratio": 0.2024, "taf_q_ratio": 0.0015, "taf_a_ratio": 0.0017, "lambda_msqr": 0.0077, "gamma_f": 0.0056, "gamma_c": -0.0035, "lambda_shcmi": -0.0072, "eta": 0.0277, "alpha_f": 0.0281, "beta_f": 0.0187, "alpha_c": 0.0132, "beta_c": 0.0111, "scale_gate_mean": 0.1667, "scale_gate_std": 0.3766, "lambda_taf_q": -0.0039, "lambda_taf_a": -0.0041, "g_q_mean": 0.4917, "g_q_std": 0.0039, "g_a_mean": 0.4808, "g_a_std": 0.0055}
2026-08-20 15:39:58,509 [INFO] Evaluating on val.
Train: data epoch: [16]  [ 0/49]  eta: 0:01:10  lr: 0.000094  loss: 0.1601  time: 1.4394  data: 0.0001  max mem: 3339
Train: data epoch: [16]  [20/49]  eta: 0:00:07  lr: 0.000094  loss: 0.1146  time: 0.1923  data: 0.0000  max mem: 3339
Train: data epoch: [16]  [40/49]  eta: 0:00:01  lr: 0.000094  loss: 0.1231  time: 0.1863  data: 0.0000  max mem: 3339
Train: data epoch: [16]  [48/49]  eta: 0:00:00  lr: 0.000094  loss: 0.1260  time: 0.1859  data: 0.0000  max mem: 3339
Train: data epoch: [16] Total time: 0:00:10 (0.2145 s / it)
2026-08-20 15:40:02,811 [INFO] Qual: EPOCH[16] -> PLCC: 0.887724, SROCC: 0.810369, KROCC: 0.621623, LOSS: 0.214575
2026-08-20 15:40:02,811 [INFO] Align: EPOCH[16] -> PLCC: 0.799849, SROCC: 0.635098, KROCC: 0.461402, LOSS: 0.356817
2026-08-20 15:40:02,812 [INFO] Start training
2026-08-20 15:40:03,093 [INFO] Start training epoch 17, 49 iters per inner epoch.
2026-08-20 15:40:13,182 [INFO] Averaged stats: lr: 0.000093  loss: 0.114588
2026-08-20 15:40:13,282 [INFO] gates: {"epoch": 17, "msqr_ratio": 1.4872, "shcmi_ratio": 0.2227, "taf_q_ratio": 0.0016, "taf_a_ratio": 0.0018, "lambda_msqr": 0.0077, "gamma_f": 0.0056, "gamma_c": -0.0039, "lambda_shcmi": -0.0073, "eta": 0.0291, "alpha_f": 0.0295, "beta_f": 0.0188, "alpha_c": 0.0133, "beta_c": 0.0111, "scale_gate_mean": 0.1875, "scale_gate_std": 0.3944, "lambda_taf_q": -0.0041, "lambda_taf_a": -0.0043, "g_q_mean": 0.4911, "g_q_std": 0.0046, "g_a_mean": 0.4753, "g_a_std": 0.0076}
2026-08-20 15:40:13,283 [INFO] Evaluating on val.
Train: data epoch: [17]  [ 0/49]  eta: 0:01:12  lr: 0.000093  loss: 0.0911  time: 1.4787  data: 0.0001  max mem: 3339
Train: data epoch: [17]  [20/49]  eta: 0:00:07  lr: 0.000093  loss: 0.1039  time: 0.1797  data: 0.0000  max mem: 3339
Train: data epoch: [17]  [40/49]  eta: 0:00:01  lr: 0.000093  loss: 0.1109  time: 0.1793  data: 0.0000  max mem: 3339
Train: data epoch: [17]  [48/49]  eta: 0:00:00  lr: 0.000093  loss: 0.1013  time: 0.1791  data: 0.0000  max mem: 3339
Train: data epoch: [17] Total time: 0:00:10 (0.2059 s / it)
2026-08-20 15:40:17,488 [INFO] Qual: EPOCH[17] -> PLCC: 0.884838, SROCC: 0.803775, KROCC: 0.616344, LOSS: 0.225363
2026-08-20 15:40:17,488 [INFO] Align: EPOCH[17] -> PLCC: 0.802445, SROCC: 0.629901, KROCC: 0.456896, LOSS: 0.355376
2026-08-20 15:40:17,489 [INFO] Start training
2026-08-20 15:40:17,778 [INFO] Start training epoch 18, 49 iters per inner epoch.
2026-08-20 15:40:28,140 [INFO] Averaged stats: lr: 0.000092  loss: 0.113755
2026-08-20 15:40:28,263 [INFO] gates: {"epoch": 18, "msqr_ratio": 1.5723, "shcmi_ratio": 0.2335, "taf_q_ratio": 0.0016, "taf_a_ratio": 0.0019, "lambda_msqr": 0.0078, "gamma_f": 0.0056, "gamma_c": -0.0034, "lambda_shcmi": -0.0074, "eta": 0.0296, "alpha_f": 0.0303, "beta_f": 0.0187, "alpha_c": 0.013, "beta_c": 0.011, "scale_gate_mean": 0.2129, "scale_gate_std": 0.4092, "lambda_taf_q": -0.0042, "lambda_taf_a": -0.0044, "g_q_mean": 0.491, "g_q_std": 0.0051, "g_a_mean": 0.4719, "g_a_std": 0.0091}
2026-08-20 15:40:28,263 [INFO] Evaluating on val.
Train: data epoch: [18]  [ 0/49]  eta: 0:00:55  lr: 0.000092  loss: 0.1013  time: 1.1411  data: 0.0001  max mem: 3339
Train: data epoch: [18]  [20/49]  eta: 0:00:07  lr: 0.000092  loss: 0.1075  time: 0.1989  data: 0.0000  max mem: 3339
Train: data epoch: [18]  [40/49]  eta: 0:00:01  lr: 0.000092  loss: 0.1219  time: 0.1889  data: 0.0000  max mem: 3339
Train: data epoch: [18]  [48/49]  eta: 0:00:00  lr: 0.000092  loss: 0.1321  time: 0.1859  data: 0.0000  max mem: 3339
Train: data epoch: [18] Total time: 0:00:10 (0.2115 s / it)
2026-08-20 15:40:32,563 [INFO] Qual: EPOCH[18] -> PLCC: 0.888029, SROCC: 0.812830, KROCC: 0.626532, LOSS: 0.269958
2026-08-20 15:40:32,563 [INFO] Align: EPOCH[18] -> PLCC: 0.807430, SROCC: 0.638447, KROCC: 0.464125, LOSS: 0.412364
2026-08-20 15:40:32,564 [INFO] Start training
2026-08-20 15:40:32,868 [INFO] Start training epoch 19, 49 iters per inner epoch.
2026-08-20 15:40:43,637 [INFO] Averaged stats: lr: 0.000091  loss: 0.135702
2026-08-20 15:40:43,740 [INFO] gates: {"epoch": 19, "msqr_ratio": 1.5438, "shcmi_ratio": 0.1713, "taf_q_ratio": 0.0018, "taf_a_ratio": 0.0021, "lambda_msqr": 0.0079, "gamma_f": 0.005, "gamma_c": -0.003, "lambda_shcmi": -0.0072, "eta": 0.0293, "alpha_f": 0.0308, "beta_f": 0.0175, "alpha_c": 0.0121, "beta_c": 0.0103, "scale_gate_mean": 0.1458, "scale_gate_std": 0.3567, "lambda_taf_q": -0.0045, "lambda_taf_a": -0.0047, "g_q_mean": 0.4908, "g_q_std": 0.0039, "g_a_mean": 0.4722, "g_a_std": 0.0083}
2026-08-20 15:40:43,740 [INFO] Evaluating on val.
Train: data epoch: [19]  [ 0/49]  eta: 0:01:20  lr: 0.000091  loss: 0.1405  time: 1.6335  data: 0.0001  max mem: 3339
Train: data epoch: [19]  [20/49]  eta: 0:00:07  lr: 0.000091  loss: 0.1324  time: 0.1899  data: 0.0000  max mem: 3339
Train: data epoch: [19]  [40/49]  eta: 0:00:02  lr: 0.000091  loss: 0.1311  time: 0.1910  data: 0.0000  max mem: 3339
Train: data epoch: [19]  [48/49]  eta: 0:00:00  lr: 0.000091  loss: 0.1049  time: 0.1893  data: 0.0000  max mem: 3339
Train: data epoch: [19] Total time: 0:00:10 (0.2198 s / it)
2026-08-20 15:40:47,987 [INFO] Qual: EPOCH[19] -> PLCC: 0.890540, SROCC: 0.812649, KROCC: 0.626016, LOSS: 0.216959
2026-08-20 15:40:47,987 [INFO] Align: EPOCH[19] -> PLCC: 0.811030, SROCC: 0.637159, KROCC: 0.464002, LOSS: 0.349642
2026-08-20 15:40:47,988 [INFO] Start training
2026-08-20 15:40:48,321 [INFO] Start training epoch 20, 49 iters per inner epoch.
2026-08-20 15:40:58,955 [INFO] Averaged stats: lr: 0.000091  loss: 0.103296
2026-08-20 15:40:59,040 [INFO] gates: {"epoch": 20, "msqr_ratio": 1.3862, "shcmi_ratio": 0.1837, "taf_q_ratio": 0.0019, "taf_a_ratio": 0.0023, "lambda_msqr": 0.0079, "gamma_f": 0.005, "gamma_c": -0.0033, "lambda_shcmi": -0.0072, "eta": 0.0301, "alpha_f": 0.0312, "beta_f": 0.0175, "alpha_c": 0.0122, "beta_c": 0.0103, "scale_gate_mean": 0.1876, "scale_gate_std": 0.3944, "lambda_taf_q": -0.0046, "lambda_taf_a": -0.0049, "g_q_mean": 0.4896, "g_q_std": 0.0042, "g_a_mean": 0.4702, "g_a_std": 0.0075}
2026-08-20 15:40:59,041 [INFO] Evaluating on val.
Train: data epoch: [20]  [ 0/49]  eta: 0:01:14  lr: 0.000091  loss: 0.1839  time: 1.5249  data: 0.0001  max mem: 3339
Train: data epoch: [20]  [20/49]  eta: 0:00:07  lr: 0.000091  loss: 0.1095  time: 0.1925  data: 0.0000  max mem: 3339
Train: data epoch: [20]  [40/49]  eta: 0:00:02  lr: 0.000091  loss: 0.0626  time: 0.1883  data: 0.0000  max mem: 3339
Train: data epoch: [20]  [48/49]  eta: 0:00:00  lr: 0.000091  loss: 0.1285  time: 0.1858  data: 0.0000  max mem: 3339
Train: data epoch: [20] Total time: 0:00:10 (0.2170 s / it)
2026-08-20 15:41:03,419 [INFO] Qual: EPOCH[20] -> PLCC: 0.889482, SROCC: 0.810902, KROCC: 0.624380, LOSS: 0.227124
2026-08-20 15:41:03,420 [INFO] Align: EPOCH[20] -> PLCC: 0.808280, SROCC: 0.636116, KROCC: 0.462668, LOSS: 0.343689
2026-08-20 15:41:03,434 [INFO] Saving checkpoint at epoch 20 to run/20260820153_B4_full/checkpoint_latest.pth.
2026-08-20 15:41:03,653 [INFO] Start training
2026-08-20 15:41:03,996 [INFO] Start training epoch 21, 49 iters per inner epoch.
2026-08-20 15:41:14,712 [INFO] Averaged stats: lr: 0.000090  loss: 0.097921
2026-08-20 15:41:14,819 [INFO] gates: {"epoch": 21, "msqr_ratio": 1.3827, "shcmi_ratio": 0.18, "taf_q_ratio": 0.0021, "taf_a_ratio": 0.0025, "lambda_msqr": 0.0079, "gamma_f": 0.005, "gamma_c": -0.0033, "lambda_shcmi": -0.0074, "eta": 0.0308, "alpha_f": 0.0317, "beta_f": 0.0175, "alpha_c": 0.0123, "beta_c": 0.0104, "scale_gate_mean": 0.2292, "scale_gate_std": 0.4247, "lambda_taf_q": -0.0048, "lambda_taf_a": -0.0051, "g_q_mean": 0.4888, "g_q_std": 0.0046, "g_a_mean": 0.4677, "g_a_std": 0.0096}
2026-08-20 15:41:14,820 [INFO] Evaluating on val.
Train: data epoch: [21]  [ 0/49]  eta: 0:01:22  lr: 0.000090  loss: 0.1452  time: 1.6854  data: 0.0001  max mem: 3339
Train: data epoch: [21]  [20/49]  eta: 0:00:07  lr: 0.000090  loss: 0.1112  time: 0.1883  data: 0.0000  max mem: 3339
Train: data epoch: [21]  [40/49]  eta: 0:00:02  lr: 0.000090  loss: 0.0957  time: 0.1879  data: 0.0000  max mem: 3339
Train: data epoch: [21]  [48/49]  eta: 0:00:00  lr: 0.000090  loss: 0.0878  time: 0.1883  data: 0.0000  max mem: 3339
Train: data epoch: [21] Total time: 0:00:10 (0.2187 s / it)
2026-08-20 15:41:19,122 [INFO] Qual: EPOCH[21] -> PLCC: 0.883058, SROCC: 0.803468, KROCC: 0.616568, LOSS: 0.226481
2026-08-20 15:41:19,122 [INFO] Align: EPOCH[21] -> PLCC: 0.802387, SROCC: 0.636355, KROCC: 0.462354, LOSS: 0.362679
2026-08-20 15:41:19,123 [INFO] Start training
2026-08-20 15:41:19,450 [INFO] Start training epoch 22, 49 iters per inner epoch.
2026-08-20 15:41:29,850 [INFO] Averaged stats: lr: 0.000089  loss: 0.096382
2026-08-20 15:41:29,949 [INFO] gates: {"epoch": 22, "msqr_ratio": 1.6151, "shcmi_ratio": 0.1948, "taf_q_ratio": 0.0021, "taf_a_ratio": 0.0026, "lambda_msqr": 0.0079, "gamma_f": 0.005, "gamma_c": -0.0034, "lambda_shcmi": -0.0073, "eta": 0.0311, "alpha_f": 0.0318, "beta_f": 0.0176, "alpha_c": 0.0124, "beta_c": 0.0104, "scale_gate_mean": 0.2083, "scale_gate_std": 0.4104, "lambda_taf_q": -0.005, "lambda_taf_a": -0.0053, "g_q_mean": 0.4863, "g_q_std": 0.0052, "g_a_mean": 0.4572, "g_a_std": 0.0102}
2026-08-20 15:41:29,949 [INFO] Evaluating on val.
Train: data epoch: [22]  [ 0/49]  eta: 0:01:17  lr: 0.000089  loss: 0.0724  time: 1.5866  data: 0.0001  max mem: 3339
Train: data epoch: [22]  [20/49]  eta: 0:00:07  lr: 0.000089  loss: 0.0610  time: 0.1893  data: 0.0000  max mem: 3339
Train: data epoch: [22]  [40/49]  eta: 0:00:01  lr: 0.000089  loss: 0.1163  time: 0.1795  data: 0.0000  max mem: 3339
Train: data epoch: [22]  [48/49]  eta: 0:00:00  lr: 0.000089  loss: 0.1142  time: 0.1781  data: 0.0000  max mem: 3339
Train: data epoch: [22] Total time: 0:00:10 (0.2122 s / it)
2026-08-20 15:41:34,042 [INFO] Qual: EPOCH[22] -> PLCC: 0.888911, SROCC: 0.808490, KROCC: 0.621544, LOSS: 0.208048
2026-08-20 15:41:34,042 [INFO] Align: EPOCH[22] -> PLCC: 0.799766, SROCC: 0.629162, KROCC: 0.455428, LOSS: 0.353396
2026-08-20 15:41:34,043 [INFO] Start training
2026-08-20 15:41:34,322 [INFO] Start training epoch 23, 49 iters per inner epoch.
2026-08-20 15:41:44,551 [INFO] Averaged stats: lr: 0.000088  loss: 0.090049
2026-08-20 15:41:44,662 [INFO] gates: {"epoch": 23, "msqr_ratio": 1.5828, "shcmi_ratio": 0.2093, "taf_q_ratio": 0.0023, "taf_a_ratio": 0.0029, "lambda_msqr": 0.008, "gamma_f": 0.005, "gamma_c": -0.0034, "lambda_shcmi": -0.0075, "eta": 0.0312, "alpha_f": 0.0319, "beta_f": 0.0176, "alpha_c": 0.0123, "beta_c": 0.0104, "scale_gate_mean": 0.2292, "scale_gate_std": 0.4247, "lambda_taf_q": -0.0052, "lambda_taf_a": -0.0055, "g_q_mean": 0.4873, "g_q_std": 0.0059, "g_a_mean": 0.4567, "g_a_std": 0.0123}
2026-08-20 15:41:44,662 [INFO] Evaluating on val.
Train: data epoch: [23]  [ 0/49]  eta: 0:01:05  lr: 0.000088  loss: 0.0709  time: 1.3340  data: 0.0001  max mem: 3339
Train: data epoch: [23]  [20/49]  eta: 0:00:07  lr: 0.000088  loss: 0.0749  time: 0.1911  data: 0.0000  max mem: 3339
Train: data epoch: [23]  [40/49]  eta: 0:00:01  lr: 0.000088  loss: 0.0984  time: 0.1813  data: 0.0000  max mem: 3339
Train: data epoch: [23]  [48/49]  eta: 0:00:00  lr: 0.000088  loss: 0.0762  time: 0.1800  data: 0.0000  max mem: 3339
Train: data epoch: [23] Total time: 0:00:10 (0.2087 s / it)
2026-08-20 15:41:49,036 [INFO] Qual: EPOCH[23] -> PLCC: 0.889818, SROCC: 0.804714, KROCC: 0.618843, LOSS: 0.209062
2026-08-20 15:41:49,036 [INFO] Align: EPOCH[23] -> PLCC: 0.806432, SROCC: 0.628722, KROCC: 0.454464, LOSS: 0.352424
2026-08-20 15:41:49,036 [INFO] Start training
2026-08-20 15:41:49,324 [INFO] Start training epoch 24, 49 iters per inner epoch.
2026-08-20 15:41:59,642 [INFO] Averaged stats: lr: 0.000087  loss: 0.087342
2026-08-20 15:41:59,756 [INFO] gates: {"epoch": 24, "msqr_ratio": 1.4349, "shcmi_ratio": 0.1725, "taf_q_ratio": 0.0023, "taf_a_ratio": 0.0029, "lambda_msqr": 0.0079, "gamma_f": 0.0049, "gamma_c": -0.0036, "lambda_shcmi": -0.0075, "eta": 0.0314, "alpha_f": 0.0321, "beta_f": 0.0176, "alpha_c": 0.0124, "beta_c": 0.0103, "scale_gate_mean": 0.125, "scale_gate_std": 0.3342, "lambda_taf_q": -0.0053, "lambda_taf_a": -0.0057, "g_q_mean": 0.4844, "g_q_std": 0.0043, "g_a_mean": 0.4512, "g_a_std": 0.0124}
2026-08-20 15:41:59,757 [INFO] Evaluating on val.
Train: data epoch: [24]  [ 0/49]  eta: 0:00:58  lr: 0.000087  loss: 0.0878  time: 1.2013  data: 0.0001  max mem: 3339
Train: data epoch: [24]  [20/49]  eta: 0:00:07  lr: 0.000087  loss: 0.0799  time: 0.2002  data: 0.0000  max mem: 3339
Train: data epoch: [24]  [40/49]  eta: 0:00:01  lr: 0.000087  loss: 0.1057  time: 0.1837  data: 0.0000  max mem: 3339
Train: data epoch: [24]  [48/49]  eta: 0:00:00  lr: 0.000087  loss: 0.0691  time: 0.1810  data: 0.0000  max mem: 3339
Train: data epoch: [24] Total time: 0:00:10 (0.2106 s / it)
2026-08-20 15:42:04,036 [INFO] Qual: EPOCH[24] -> PLCC: 0.890874, SROCC: 0.810294, KROCC: 0.624840, LOSS: 0.213582
2026-08-20 15:42:04,036 [INFO] Align: EPOCH[24] -> PLCC: 0.803510, SROCC: 0.630079, KROCC: 0.456717, LOSS: 0.351592
2026-08-20 15:42:04,037 [INFO] Start training
2026-08-20 15:42:04,350 [INFO] Start training epoch 25, 49 iters per inner epoch.
2026-08-20 15:42:14,911 [INFO] Averaged stats: lr: 0.000086  loss: 0.085327
2026-08-20 15:42:15,015 [INFO] gates: {"epoch": 25, "msqr_ratio": 1.5163, "shcmi_ratio": 0.2211, "taf_q_ratio": 0.0025, "taf_a_ratio": 0.0032, "lambda_msqr": 0.0079, "gamma_f": 0.0049, "gamma_c": -0.0036, "lambda_shcmi": -0.0075, "eta": 0.0315, "alpha_f": 0.0323, "beta_f": 0.0176, "alpha_c": 0.0124, "beta_c": 0.0104, "scale_gate_mean": 0.2097, "scale_gate_std": 0.4094, "lambda_taf_q": -0.0056, "lambda_taf_a": -0.006, "g_q_mean": 0.4822, "g_q_std": 0.0067, "g_a_mean": 0.4459, "g_a_std": 0.0148}
2026-08-20 15:42:15,016 [INFO] Evaluating on val.
Train: data epoch: [25]  [ 0/49]  eta: 0:01:08  lr: 0.000086  loss: 0.0783  time: 1.3974  data: 0.0001  max mem: 3339
Train: data epoch: [25]  [20/49]  eta: 0:00:07  lr: 0.000086  loss: 0.0992  time: 0.1963  data: 0.0000  max mem: 3339
Train: data epoch: [25]  [40/49]  eta: 0:00:01  lr: 0.000086  loss: 0.0728  time: 0.1877  data: 0.0000  max mem: 3339
Train: data epoch: [25]  [48/49]  eta: 0:00:00  lr: 0.000086  loss: 0.0715  time: 0.1863  data: 0.0000  max mem: 3339
Train: data epoch: [25] Total time: 0:00:10 (0.2155 s / it)
2026-08-20 15:42:19,291 [INFO] Qual: EPOCH[25] -> PLCC: 0.887374, SROCC: 0.805474, KROCC: 0.620065, LOSS: 0.210961
2026-08-20 15:42:19,292 [INFO] Align: EPOCH[25] -> PLCC: 0.799966, SROCC: 0.625882, KROCC: 0.454128, LOSS: 0.356488
2026-08-20 15:42:19,306 [INFO] Saving checkpoint at epoch 25 to run/20260820153_B4_full/checkpoint_latest.pth.
2026-08-20 15:42:19,555 [INFO] Start training
2026-08-20 15:42:19,891 [INFO] Start training epoch 26, 49 iters per inner epoch.
2026-08-20 15:42:30,329 [INFO] Averaged stats: lr: 0.000084  loss: 0.083661
2026-08-20 15:42:30,421 [INFO] gates: {"epoch": 26, "msqr_ratio": 1.5024, "shcmi_ratio": 0.217, "taf_q_ratio": 0.0026, "taf_a_ratio": 0.0033, "lambda_msqr": 0.008, "gamma_f": 0.0052, "gamma_c": -0.0036, "lambda_shcmi": -0.0077, "eta": 0.0313, "alpha_f": 0.0319, "beta_f": 0.018, "alpha_c": 0.0125, "beta_c": 0.0104, "scale_gate_mean": 0.2083, "scale_gate_std": 0.4104, "lambda_taf_q": -0.0056, "lambda_taf_a": -0.006, "g_q_mean": 0.4828, "g_q_std": 0.008, "g_a_mean": 0.4445, "g_a_std": 0.0171}
2026-08-20 15:42:30,422 [INFO] Evaluating on val.
Train: data epoch: [26]  [ 0/49]  eta: 0:01:04  lr: 0.000084  loss: 0.0832  time: 1.3216  data: 0.0001  max mem: 3339
Train: data epoch: [26]  [20/49]  eta: 0:00:07  lr: 0.000084  loss: 0.0539  time: 0.1951  data: 0.0000  max mem: 3339
Train: data epoch: [26]  [40/49]  eta: 0:00:01  lr: 0.000084  loss: 0.0800  time: 0.1883  data: 0.0000  max mem: 3339
Train: data epoch: [26]  [48/49]  eta: 0:00:00  lr: 0.000084  loss: 0.0686  time: 0.1843  data: 0.0000  max mem: 3339
Train: data epoch: [26] Total time: 0:00:10 (0.2130 s / it)
2026-08-20 15:42:34,894 [INFO] Qual: EPOCH[26] -> PLCC: 0.891024, SROCC: 0.808260, KROCC: 0.621791, LOSS: 0.208984
2026-08-20 15:42:34,894 [INFO] Align: EPOCH[26] -> PLCC: 0.799835, SROCC: 0.631292, KROCC: 0.457132, LOSS: 0.360951
2026-08-20 15:42:34,895 [INFO] Start training
2026-08-20 15:42:35,235 [INFO] Start training epoch 27, 49 iters per inner epoch.
2026-08-20 15:42:45,482 [INFO] Averaged stats: lr: 0.000083  loss: 0.086633
2026-08-20 15:42:45,590 [INFO] gates: {"epoch": 27, "msqr_ratio": 1.4348, "shcmi_ratio": 0.1951, "taf_q_ratio": 0.0028, "taf_a_ratio": 0.0037, "lambda_msqr": 0.0079, "gamma_f": 0.005, "gamma_c": -0.0037, "lambda_shcmi": -0.0076, "eta": 0.0318, "alpha_f": 0.0323, "beta_f": 0.0177, "alpha_c": 0.0125, "beta_c": 0.0103, "scale_gate_mean": 0.1458, "scale_gate_std": 0.3567, "lambda_taf_q": -0.0059, "lambda_taf_a": -0.0063, "g_q_mean": 0.48, "g_q_std": 0.0056, "g_a_mean": 0.4333, "g_a_std": 0.0171}
2026-08-20 15:42:45,590 [INFO] Evaluating on val.
Train: data epoch: [27]  [ 0/49]  eta: 0:01:04  lr: 0.000083  loss: 0.0651  time: 1.3197  data: 0.0001  max mem: 3339
Train: data epoch: [27]  [20/49]  eta: 0:00:07  lr: 0.000083  loss: 0.0886  time: 0.1894  data: 0.0000  max mem: 3339
Train: data epoch: [27]  [40/49]  eta: 0:00:01  lr: 0.000083  loss: 0.0767  time: 0.1832  data: 0.0000  max mem: 3339
Train: data epoch: [27]  [48/49]  eta: 0:00:00  lr: 0.000083  loss: 0.0906  time: 0.1828  data: 0.0000  max mem: 3339
Train: data epoch: [27] Total time: 0:00:10 (0.2091 s / it)
