2026-08-20 12:43:37,498 [INFO] Start training
2026-08-20 12:43:37,767 [INFO] number of trainable parameters: 46548108
Not using distributed mode
['msqr_baseline', 'msqr_shcmi_taf']
Position interpolate from 7x7 to 16x16
Freezing <class 'clip.model.Transformer'> ...
Freezing <class 'torch.nn.modules.sparse.Embedding'> ...
Freezing <class 'clip.model.LayerNorm'> ...
Freezing <class 'torch.nn.parameter.Parameter'> ...
Freezing <class 'torch.nn.parameter.Parameter'> ...
2026-08-20 12:43:38,143 [INFO] Start training epoch 0, 49 iters per inner epoch.
2026-08-20 12:44:04,050 [INFO] Averaged stats: lr: 0.000005  loss: 3.598049
2026-08-20 12:44:04,151 [INFO] Evaluating on val.
Train: data epoch: [0]  [ 0/49]  eta: 0:04:46  lr: 0.000000  loss: 7.5970  time: 5.8556  data: 0.0001  max mem: 13900
Train: data epoch: [0]  [20/49]  eta: 0:00:20  lr: 0.000004  loss: 3.1047  time: 0.4381  data: 0.0000  max mem: 14151
Train: data epoch: [0]  [40/49]  eta: 0:00:04  lr: 0.000008  loss: 1.2347  time: 0.4035  data: 0.0000  max mem: 14151
Train: data epoch: [0]  [48/49]  eta: 0:00:00  lr: 0.000010  loss: 0.7056  time: 0.4011  data: 0.0000  max mem: 14151
Train: data epoch: [0] Total time: 0:00:25 (0.5287 s / it)
2026-08-20 12:44:09,708 [INFO] Qual: EPOCH[0] -> PLCC: 0.550363, SROCC: 0.512200, KROCC: 0.350180, LOSS: 0.891282
2026-08-20 12:44:09,709 [INFO] Align: EPOCH[0] -> PLCC: 0.422643, SROCC: 0.373496, KROCC: 0.242769, LOSS: 0.881511
2026-08-20 12:44:09,719 [INFO] Saving checkpoint at epoch 0 to run/20260820124_B4_full_quick20_bs48/checkpoint_best.pth.
2026-08-20 12:44:10,324 [INFO] Start training
2026-08-20 12:44:10,845 [INFO] Start training epoch 1, 49 iters per inner epoch.
2026-08-20 12:44:31,874 [INFO] Averaged stats: lr: 0.000010  loss: 0.575664
2026-08-20 12:44:31,968 [INFO] Evaluating on val.
Train: data epoch: [1]  [ 0/49]  eta: 0:01:14  lr: 0.000010  loss: 0.8140  time: 1.5146  data: 0.0002  max mem: 14151
Train: data epoch: [1]  [20/49]  eta: 0:00:13  lr: 0.000010  loss: 0.6155  time: 0.4092  data: 0.0000  max mem: 14151
Train: data epoch: [1]  [40/49]  eta: 0:00:03  lr: 0.000010  loss: 0.5895  time: 0.4056  data: 0.0000  max mem: 14151
Train: data epoch: [1]  [48/49]  eta: 0:00:00  lr: 0.000010  loss: 0.3670  time: 0.4032  data: 0.0000  max mem: 14151
Train: data epoch: [1] Total time: 0:00:21 (0.4291 s / it)
2026-08-20 12:44:36,636 [INFO] Qual: EPOCH[1] -> PLCC: 0.816339, SROCC: 0.730218, KROCC: 0.534027, LOSS: 0.334520
2026-08-20 12:44:36,636 [INFO] Align: EPOCH[1] -> PLCC: 0.767855, SROCC: 0.613999, KROCC: 0.438505, LOSS: 0.409662
2026-08-20 12:44:36,652 [INFO] Saving checkpoint at epoch 1 to run/20260820124_B4_full_quick20_bs48/checkpoint_best.pth.
2026-08-20 12:44:37,664 [INFO] Start training
2026-08-20 12:44:38,026 [INFO] Start training epoch 2, 49 iters per inner epoch.
2026-08-20 12:44:59,808 [INFO] Averaged stats: lr: 0.000010  loss: 0.313155
2026-08-20 12:44:59,904 [INFO] Evaluating on val.
Train: data epoch: [2]  [ 0/49]  eta: 0:01:24  lr: 0.000010  loss: 0.2944  time: 1.7290  data: 0.0001  max mem: 14151
Train: data epoch: [2]  [20/49]  eta: 0:00:13  lr: 0.000010  loss: 0.2511  time: 0.4175  data: 0.0000  max mem: 14151
Train: data epoch: [2]  [40/49]  eta: 0:00:04  lr: 0.000010  loss: 0.2856  time: 0.4225  data: 0.0000  max mem: 14151
Train: data epoch: [2]  [48/49]  eta: 0:00:00  lr: 0.000010  loss: 0.3839  time: 0.4179  data: 0.0000  max mem: 14151
Train: data epoch: [2] Total time: 0:00:21 (0.4445 s / it)
2026-08-20 12:45:04,585 [INFO] Qual: EPOCH[2] -> PLCC: 0.868933, SROCC: 0.791658, KROCC: 0.602035, LOSS: 0.322959
2026-08-20 12:45:04,585 [INFO] Align: EPOCH[2] -> PLCC: 0.806651, SROCC: 0.660914, KROCC: 0.481589, LOSS: 0.398782
2026-08-20 12:45:04,599 [INFO] Saving checkpoint at epoch 2 to run/20260820124_B4_full_quick20_bs48/checkpoint_best.pth.
2026-08-20 12:45:05,783 [INFO] Start training
2026-08-20 12:45:06,604 [INFO] Start training epoch 3, 49 iters per inner epoch.
2026-08-20 12:45:28,302 [INFO] Averaged stats: lr: 0.000010  loss: 0.268907
2026-08-20 12:45:28,379 [INFO] Evaluating on val.
Train: data epoch: [3]  [ 0/49]  eta: 0:01:35  lr: 0.000010  loss: 0.4480  time: 1.9529  data: 0.0002  max mem: 14151
Train: data epoch: [3]  [20/49]  eta: 0:00:14  lr: 0.000010  loss: 0.2614  time: 0.4187  data: 0.0000  max mem: 14151
Train: data epoch: [3]  [40/49]  eta: 0:00:04  lr: 0.000010  loss: 0.2732  time: 0.4056  data: 0.0000  max mem: 14151
Train: data epoch: [3]  [48/49]  eta: 0:00:00  lr: 0.000010  loss: 0.2407  time: 0.4051  data: 0.0000  max mem: 14151
Train: data epoch: [3] Total time: 0:00:21 (0.4428 s / it)
2026-08-20 12:45:33,018 [INFO] Qual: EPOCH[3] -> PLCC: 0.875642, SROCC: 0.813089, KROCC: 0.624957, LOSS: 0.229051
2026-08-20 12:45:33,018 [INFO] Align: EPOCH[3] -> PLCC: 0.814483, SROCC: 0.671286, KROCC: 0.490268, LOSS: 0.319259
2026-08-20 12:45:33,032 [INFO] Saving checkpoint at epoch 3 to run/20260820124_B4_full_quick20_bs48/checkpoint_best.pth.
2026-08-20 12:45:34,041 [INFO] Start training
2026-08-20 12:45:34,388 [INFO] Start training epoch 4, 49 iters per inner epoch.
2026-08-20 12:45:56,363 [INFO] Averaged stats: lr: 0.000009  loss: 0.242675
2026-08-20 12:45:56,473 [INFO] Evaluating on val.
Train: data epoch: [4]  [ 0/49]  eta: 0:01:31  lr: 0.000009  loss: 0.2109  time: 1.8582  data: 0.0001  max mem: 14151
Train: data epoch: [4]  [20/49]  eta: 0:00:14  lr: 0.000009  loss: 0.2854  time: 0.4222  data: 0.0000  max mem: 14151
Train: data epoch: [4]  [40/49]  eta: 0:00:04  lr: 0.000009  loss: 0.1763  time: 0.4159  data: 0.0000  max mem: 14151
Train: data epoch: [4]  [48/49]  eta: 0:00:00  lr: 0.000009  loss: 0.1569  time: 0.4172  data: 0.0000  max mem: 14151
Train: data epoch: [4] Total time: 0:00:21 (0.4485 s / it)
2026-08-20 12:46:00,942 [INFO] Qual: EPOCH[4] -> PLCC: 0.874432, SROCC: 0.810901, KROCC: 0.620366, LOSS: 0.271063
2026-08-20 12:46:00,942 [INFO] Align: EPOCH[4] -> PLCC: 0.814976, SROCC: 0.682472, KROCC: 0.499271, LOSS: 0.399243
2026-08-20 12:46:00,943 [INFO] Start training
2026-08-20 12:46:01,457 [INFO] Start training epoch 5, 49 iters per inner epoch.
2026-08-20 12:46:22,867 [INFO] Averaged stats: lr: 0.000009  loss: 0.211533
2026-08-20 12:46:22,970 [INFO] Evaluating on val.
Train: data epoch: [5]  [ 0/49]  eta: 0:01:29  lr: 0.000009  loss: 0.2099  time: 1.8319  data: 0.0002  max mem: 14151
Train: data epoch: [5]  [20/49]  eta: 0:00:13  lr: 0.000009  loss: 0.2026  time: 0.4064  data: 0.0000  max mem: 14151
Train: data epoch: [5]  [40/49]  eta: 0:00:03  lr: 0.000009  loss: 0.2608  time: 0.4109  data: 0.0000  max mem: 14151
Train: data epoch: [5]  [48/49]  eta: 0:00:00  lr: 0.000009  loss: 0.2149  time: 0.4108  data: 0.0000  max mem: 14151
Train: data epoch: [5] Total time: 0:00:21 (0.4369 s / it)
2026-08-20 12:46:27,697 [INFO] Qual: EPOCH[5] -> PLCC: 0.875840, SROCC: 0.819966, KROCC: 0.630565, LOSS: 0.236030
2026-08-20 12:46:27,698 [INFO] Align: EPOCH[5] -> PLCC: 0.822056, SROCC: 0.689454, KROCC: 0.506264, LOSS: 0.309499
2026-08-20 12:46:27,708 [INFO] Saving checkpoint at epoch 5 to run/20260820124_B4_full_quick20_bs48/checkpoint_best.pth.
2026-08-20 12:46:28,597 [INFO] Start training
2026-08-20 12:46:28,939 [INFO] Start training epoch 6, 49 iters per inner epoch.
2026-08-20 12:46:50,478 [INFO] Averaged stats: lr: 0.000008  loss: 0.194275
2026-08-20 12:46:50,581 [INFO] Evaluating on val.
Train: data epoch: [6]  [ 0/49]  eta: 0:01:41  lr: 0.000008  loss: 0.3090  time: 2.0701  data: 0.0001  max mem: 14151
Train: data epoch: [6]  [20/49]  eta: 0:00:14  lr: 0.000008  loss: 0.2369  time: 0.4078  data: 0.0000  max mem: 14151
Train: data epoch: [6]  [40/49]  eta: 0:00:04  lr: 0.000008  loss: 0.1109  time: 0.4038  data: 0.0000  max mem: 14151
Train: data epoch: [6]  [48/49]  eta: 0:00:00  lr: 0.000008  loss: 0.1940  time: 0.4041  data: 0.0000  max mem: 14151
Train: data epoch: [6] Total time: 0:00:21 (0.4396 s / it)
2026-08-20 12:46:55,160 [INFO] Qual: EPOCH[6] -> PLCC: 0.871875, SROCC: 0.819709, KROCC: 0.629135, LOSS: 0.314567
2026-08-20 12:46:55,160 [INFO] Align: EPOCH[6] -> PLCC: 0.812878, SROCC: 0.681203, KROCC: 0.502745, LOSS: 0.422921
2026-08-20 12:46:55,161 [INFO] Start training
2026-08-20 12:46:55,500 [INFO] Start training epoch 7, 49 iters per inner epoch.
2026-08-20 12:47:17,153 [INFO] Averaged stats: lr: 0.000008  loss: 0.157964
2026-08-20 12:47:17,256 [INFO] Evaluating on val.
Train: data epoch: [7]  [ 0/49]  eta: 0:01:39  lr: 0.000008  loss: 0.1497  time: 2.0363  data: 0.0001  max mem: 14151
Train: data epoch: [7]  [20/49]  eta: 0:00:14  lr: 0.000008  loss: 0.1257  time: 0.4078  data: 0.0000  max mem: 14151
Train: data epoch: [7]  [40/49]  eta: 0:00:04  lr: 0.000008  loss: 0.2214  time: 0.4091  data: 0.0000  max mem: 14151
Train: data epoch: [7]  [48/49]  eta: 0:00:00  lr: 0.000008  loss: 0.1923  time: 0.4094  data: 0.0000  max mem: 14151
Train: data epoch: [7] Total time: 0:00:21 (0.4419 s / it)
2026-08-20 12:47:21,626 [INFO] Qual: EPOCH[7] -> PLCC: 0.874776, SROCC: 0.819989, KROCC: 0.630408, LOSS: 0.266231
2026-08-20 12:47:21,626 [INFO] Align: EPOCH[7] -> PLCC: 0.822295, SROCC: 0.684863, KROCC: 0.503817, LOSS: 0.360385
2026-08-20 12:47:21,627 [INFO] Start training
2026-08-20 12:47:21,951 [INFO] Start training epoch 8, 49 iters per inner epoch.
2026-08-20 12:47:42,862 [INFO] Averaged stats: lr: 0.000007  loss: 0.152001
2026-08-20 12:47:42,960 [INFO] Evaluating on val.
Train: data epoch: [8]  [ 0/49]  eta: 0:01:03  lr: 0.000007  loss: 0.2084  time: 1.2930  data: 0.0002  max mem: 14151
Train: data epoch: [8]  [20/49]  eta: 0:00:13  lr: 0.000007  loss: 0.1183  time: 0.4135  data: 0.0000  max mem: 14151
Train: data epoch: [8]  [40/49]  eta: 0:00:03  lr: 0.000007  loss: 0.1659  time: 0.4045  data: 0.0000  max mem: 14151
Train: data epoch: [8]  [48/49]  eta: 0:00:00  lr: 0.000007  loss: 0.1226  time: 0.4054  data: 0.0000  max mem: 14151
Train: data epoch: [8] Total time: 0:00:20 (0.4267 s / it)
2026-08-20 12:47:47,292 [INFO] Qual: EPOCH[8] -> PLCC: 0.884452, SROCC: 0.823668, KROCC: 0.635636, LOSS: 0.263241
2026-08-20 12:47:47,292 [INFO] Align: EPOCH[8] -> PLCC: 0.833038, SROCC: 0.685197, KROCC: 0.505683, LOSS: 0.292893
2026-08-20 12:47:47,303 [INFO] Saving checkpoint at epoch 8 to run/20260820124_B4_full_quick20_bs48/checkpoint_best.pth.
2026-08-20 12:47:48,154 [INFO] Start training
2026-08-20 12:47:48,508 [INFO] Start training epoch 9, 49 iters per inner epoch.
2026-08-20 12:48:10,516 [INFO] Averaged stats: lr: 0.000006  loss: 0.121958
2026-08-20 12:48:10,641 [INFO] Evaluating on val.
Train: data epoch: [9]  [ 0/49]  eta: 0:01:32  lr: 0.000006  loss: 0.1041  time: 1.8975  data: 0.0001  max mem: 14151
Train: data epoch: [9]  [20/49]  eta: 0:00:13  lr: 0.000006  loss: 0.1648  time: 0.4089  data: 0.0000  max mem: 14151
Train: data epoch: [9]  [40/49]  eta: 0:00:04  lr: 0.000006  loss: 0.0792  time: 0.4234  data: 0.0000  max mem: 14151
Train: data epoch: [9]  [48/49]  eta: 0:00:00  lr: 0.000006  loss: 0.1122  time: 0.4255  data: 0.0000  max mem: 14151
Train: data epoch: [9] Total time: 0:00:22 (0.4491 s / it)
2026-08-20 12:48:15,589 [INFO] Qual: EPOCH[9] -> PLCC: 0.882906, SROCC: 0.827920, KROCC: 0.640440, LOSS: 0.237915
2026-08-20 12:48:15,589 [INFO] Align: EPOCH[9] -> PLCC: 0.822101, SROCC: 0.670706, KROCC: 0.491620, LOSS: 0.317651
2026-08-20 12:48:15,603 [INFO] Saving checkpoint at epoch 9 to run/20260820124_B4_full_quick20_bs48/checkpoint_best.pth.
2026-08-20 12:48:16,595 [INFO] Start training
2026-08-20 12:48:16,947 [INFO] Start training epoch 10, 49 iters per inner epoch.
2026-08-20 12:48:38,861 [INFO] Averaged stats: lr: 0.000006  loss: 0.123472
2026-08-20 12:48:38,974 [INFO] Evaluating on val.
Train: data epoch: [10]  [ 0/49]  eta: 0:01:11  lr: 0.000005  loss: 0.1118  time: 1.4583  data: 0.0001  max mem: 14151
Train: data epoch: [10]  [20/49]  eta: 0:00:13  lr: 0.000005  loss: 0.1154  time: 0.4271  data: 0.0000  max mem: 14151
Train: data epoch: [10]  [40/49]  eta: 0:00:04  lr: 0.000005  loss: 0.1825  time: 0.4284  data: 0.0000  max mem: 14151
Train: data epoch: [10]  [48/49]  eta: 0:00:00  lr: 0.000005  loss: 0.1435  time: 0.4191  data: 0.0000  max mem: 14151
Train: data epoch: [10] Total time: 0:00:21 (0.4472 s / it)
2026-08-20 12:48:43,930 [INFO] Qual: EPOCH[10] -> PLCC: 0.877824, SROCC: 0.828658, KROCC: 0.640931, LOSS: 0.272077
2026-08-20 12:48:43,931 [INFO] Align: EPOCH[10] -> PLCC: 0.808881, SROCC: 0.673467, KROCC: 0.494088, LOSS: 0.455114
2026-08-20 12:48:43,942 [INFO] Saving checkpoint at epoch 10 to run/20260820124_B4_full_quick20_bs48/checkpoint_latest.pth.
2026-08-20 12:48:44,416 [INFO] Start training
2026-08-20 12:48:44,706 [INFO] Start training epoch 11, 49 iters per inner epoch.
2026-08-20 12:49:06,266 [INFO] Averaged stats: lr: 0.000005  loss: 0.110505
2026-08-20 12:49:06,369 [INFO] Evaluating on val.
Train: data epoch: [11]  [ 0/49]  eta: 0:01:40  lr: 0.000005  loss: 0.0830  time: 2.0426  data: 0.0001  max mem: 14151
Train: data epoch: [11]  [20/49]  eta: 0:00:14  lr: 0.000005  loss: 0.0983  time: 0.4092  data: 0.0000  max mem: 14151
Train: data epoch: [11]  [40/49]  eta: 0:00:04  lr: 0.000005  loss: 0.1326  time: 0.4048  data: 0.0000  max mem: 14151
Train: data epoch: [11]  [48/49]  eta: 0:00:00  lr: 0.000005  loss: 0.1384  time: 0.4042  data: 0.0000  max mem: 14151
Train: data epoch: [11] Total time: 0:00:21 (0.4400 s / it)
2026-08-20 12:49:10,646 [INFO] Qual: EPOCH[11] -> PLCC: 0.876090, SROCC: 0.816110, KROCC: 0.625694, LOSS: 0.240453
2026-08-20 12:49:10,646 [INFO] Align: EPOCH[11] -> PLCC: 0.818537, SROCC: 0.666527, KROCC: 0.487308, LOSS: 0.337839
2026-08-20 12:49:10,647 [INFO] Start training
2026-08-20 12:49:10,979 [INFO] Start training epoch 12, 49 iters per inner epoch.
2026-08-20 12:49:32,679 [INFO] Averaged stats: lr: 0.000004  loss: 0.099721
2026-08-20 12:49:32,777 [INFO] Evaluating on val.
Train: data epoch: [12]  [ 0/49]  eta: 0:01:45  lr: 0.000004  loss: 0.1224  time: 2.1558  data: 0.0001  max mem: 14151
Train: data epoch: [12]  [20/49]  eta: 0:00:14  lr: 0.000004  loss: 0.0775  time: 0.4073  data: 0.0000  max mem: 14151
Train: data epoch: [12]  [40/49]  eta: 0:00:04  lr: 0.000004  loss: 0.1453  time: 0.4059  data: 0.0000  max mem: 14151
Train: data epoch: [12]  [48/49]  eta: 0:00:00  lr: 0.000004  loss: 0.0944  time: 0.4072  data: 0.0000  max mem: 14151
Train: data epoch: [12] Total time: 0:00:21 (0.4429 s / it)
2026-08-20 12:49:37,234 [INFO] Qual: EPOCH[12] -> PLCC: 0.880821, SROCC: 0.823704, KROCC: 0.635257, LOSS: 0.239061
2026-08-20 12:49:37,234 [INFO] Align: EPOCH[12] -> PLCC: 0.814213, SROCC: 0.658211, KROCC: 0.480438, LOSS: 0.342592
2026-08-20 12:49:37,235 [INFO] Start training
2026-08-20 12:49:37,537 [INFO] Start training epoch 13, 49 iters per inner epoch.
2026-08-20 12:49:58,797 [INFO] Averaged stats: lr: 0.000003  loss: 0.088527
2026-08-20 12:49:58,893 [INFO] Evaluating on val.
Train: data epoch: [13]  [ 0/49]  eta: 0:00:57  lr: 0.000003  loss: 0.0873  time: 1.1675  data: 0.0001  max mem: 14151
Train: data epoch: [13]  [20/49]  eta: 0:00:13  lr: 0.000003  loss: 0.0616  time: 0.4364  data: 0.0000  max mem: 14151
Train: data epoch: [13]  [40/49]  eta: 0:00:03  lr: 0.000003  loss: 0.1376  time: 0.4061  data: 0.0000  max mem: 14151
Train: data epoch: [13]  [48/49]  eta: 0:00:00  lr: 0.000003  loss: 0.0898  time: 0.4051  data: 0.0000  max mem: 14151
Train: data epoch: [13] Total time: 0:00:21 (0.4339 s / it)
2026-08-20 12:50:03,233 [INFO] Qual: EPOCH[13] -> PLCC: 0.881009, SROCC: 0.829316, KROCC: 0.640887, LOSS: 0.221506
2026-08-20 12:50:03,233 [INFO] Align: EPOCH[13] -> PLCC: 0.814595, SROCC: 0.665022, KROCC: 0.487140, LOSS: 0.338271
2026-08-20 12:50:03,234 [INFO] Start training
2026-08-20 12:50:03,543 [INFO] Start training epoch 14, 49 iters per inner epoch.
2026-08-20 12:50:24,462 [INFO] Averaged stats: lr: 0.000003  loss: 0.083219
2026-08-20 12:50:24,549 [INFO] Evaluating on val.
Train: data epoch: [14]  [ 0/49]  eta: 0:01:13  lr: 0.000003  loss: 0.0933  time: 1.5001  data: 0.0001  max mem: 14151
Train: data epoch: [14]  [20/49]  eta: 0:00:13  lr: 0.000003  loss: 0.0802  time: 0.4044  data: 0.0000  max mem: 14151
Train: data epoch: [14]  [40/49]  eta: 0:00:03  lr: 0.000003  loss: 0.1083  time: 0.4050  data: 0.0000  max mem: 14151
Train: data epoch: [14]  [48/49]  eta: 0:00:00  lr: 0.000003  loss: 0.1135  time: 0.4039  data: 0.0000  max mem: 14151
Train: data epoch: [14] Total time: 0:00:20 (0.4269 s / it)
2026-08-20 12:50:29,125 [INFO] Qual: EPOCH[14] -> PLCC: 0.876087, SROCC: 0.824940, KROCC: 0.635279, LOSS: 0.245187
2026-08-20 12:50:29,125 [INFO] Align: EPOCH[14] -> PLCC: 0.807250, SROCC: 0.658774, KROCC: 0.480885, LOSS: 0.378879
2026-08-20 12:50:29,126 [INFO] Start training
2026-08-20 12:50:29,460 [INFO] Start training epoch 15, 49 iters per inner epoch.
2026-08-20 12:50:50,869 [INFO] Averaged stats: lr: 0.000002  loss: 0.076983
2026-08-20 12:50:50,964 [INFO] Evaluating on val.
Train: data epoch: [15]  [ 0/49]  eta: 0:01:35  lr: 0.000002  loss: 0.0839  time: 1.9504  data: 0.0001  max mem: 14151
Train: data epoch: [15]  [20/49]  eta: 0:00:13  lr: 0.000002  loss: 0.0874  time: 0.4080  data: 0.0000  max mem: 14151
Train: data epoch: [15]  [40/49]  eta: 0:00:03  lr: 0.000002  loss: 0.0607  time: 0.4036  data: 0.0000  max mem: 14151
Train: data epoch: [15]  [48/49]  eta: 0:00:00  lr: 0.000002  loss: 0.0786  time: 0.4034  data: 0.0000  max mem: 14151
Train: data epoch: [15] Total time: 0:00:21 (0.4369 s / it)
2026-08-20 12:50:55,244 [INFO] Qual: EPOCH[15] -> PLCC: 0.881438, SROCC: 0.828959, KROCC: 0.640015, LOSS: 0.237054
2026-08-20 12:50:55,244 [INFO] Align: EPOCH[15] -> PLCC: 0.813723, SROCC: 0.663965, KROCC: 0.486392, LOSS: 0.356293
2026-08-20 12:50:55,258 [INFO] Saving checkpoint at epoch 15 to run/20260820124_B4_full_quick20_bs48/checkpoint_latest.pth.
2026-08-20 12:50:56,264 [INFO] Start training
2026-08-20 12:50:56,609 [INFO] Start training epoch 16, 49 iters per inner epoch.
2026-08-20 12:51:18,080 [INFO] Averaged stats: lr: 0.000002  loss: 0.069890
2026-08-20 12:51:18,174 [INFO] Evaluating on val.
Train: data epoch: [16]  [ 0/49]  eta: 0:01:40  lr: 0.000002  loss: 0.0694  time: 2.0459  data: 0.0001  max mem: 14151
Train: data epoch: [16]  [20/49]  eta: 0:00:14  lr: 0.000002  loss: 0.0570  time: 0.4061  data: 0.0000  max mem: 14151
Train: data epoch: [16]  [40/49]  eta: 0:00:04  lr: 0.000002  loss: 0.0881  time: 0.4037  data: 0.0000  max mem: 14151
Train: data epoch: [16]  [48/49]  eta: 0:00:00  lr: 0.000002  loss: 0.0577  time: 0.4032  data: 0.0000  max mem: 14151
Train: data epoch: [16] Total time: 0:00:21 (0.4382 s / it)
2026-08-20 12:51:22,635 [INFO] Qual: EPOCH[16] -> PLCC: 0.881086, SROCC: 0.827430, KROCC: 0.638809, LOSS: 0.226881
2026-08-20 12:51:22,635 [INFO] Align: EPOCH[16] -> PLCC: 0.807948, SROCC: 0.647875, KROCC: 0.472150, LOSS: 0.345155
2026-08-20 12:51:22,636 [INFO] Start training
2026-08-20 12:51:22,944 [INFO] Start training epoch 17, 49 iters per inner epoch.
2026-08-20 12:51:43,857 [INFO] Averaged stats: lr: 0.000001  loss: 0.066887
2026-08-20 12:51:43,945 [INFO] Evaluating on val.
Train: data epoch: [17]  [ 0/49]  eta: 0:01:04  lr: 0.000001  loss: 0.0940  time: 1.3248  data: 0.0001  max mem: 14151
Train: data epoch: [17]  [20/49]  eta: 0:00:13  lr: 0.000001  loss: 0.0382  time: 0.4087  data: 0.0000  max mem: 14151
Train: data epoch: [17]  [40/49]  eta: 0:00:03  lr: 0.000001  loss: 0.0658  time: 0.4080  data: 0.0000  max mem: 14151
Train: data epoch: [17]  [48/49]  eta: 0:00:00  lr: 0.000001  loss: 0.0812  time: 0.4070  data: 0.0000  max mem: 14151
Train: data epoch: [17] Total time: 0:00:20 (0.4268 s / it)
2026-08-20 12:51:48,350 [INFO] Qual: EPOCH[17] -> PLCC: 0.881296, SROCC: 0.827326, KROCC: 0.638206, LOSS: 0.229083
2026-08-20 12:51:48,350 [INFO] Align: EPOCH[17] -> PLCC: 0.804495, SROCC: 0.640800, KROCC: 0.466464, LOSS: 0.354023
2026-08-20 12:51:48,351 [INFO] Start training
2026-08-20 12:51:48,674 [INFO] Start training epoch 18, 49 iters per inner epoch.
2026-08-20 12:52:09,908 [INFO] Averaged stats: lr: 0.000001  loss: 0.067102
2026-08-20 12:52:10,008 [INFO] Evaluating on val.
Train: data epoch: [18]  [ 0/49]  eta: 0:01:21  lr: 0.000001  loss: 0.0646  time: 1.6620  data: 0.0001  max mem: 14151
Train: data epoch: [18]  [20/49]  eta: 0:00:13  lr: 0.000001  loss: 0.0609  time: 0.4080  data: 0.0000  max mem: 14151
Train: data epoch: [18]  [40/49]  eta: 0:00:03  lr: 0.000001  loss: 0.0427  time: 0.4070  data: 0.0000  max mem: 14151
Train: data epoch: [18]  [48/49]  eta: 0:00:00  lr: 0.000001  loss: 0.0732  time: 0.4085  data: 0.0000  max mem: 14151
Train: data epoch: [18] Total time: 0:00:21 (0.4333 s / it)
2026-08-20 12:52:14,530 [INFO] Qual: EPOCH[18] -> PLCC: 0.879572, SROCC: 0.827097, KROCC: 0.637502, LOSS: 0.228027
2026-08-20 12:52:14,530 [INFO] Align: EPOCH[18] -> PLCC: 0.804730, SROCC: 0.647696, KROCC: 0.471658, LOSS: 0.359798
2026-08-20 12:52:14,531 [INFO] Start training
2026-08-20 12:52:14,854 [INFO] Start training epoch 19, 49 iters per inner epoch.
2026-08-20 12:52:36,264 [INFO] Averaged stats: lr: 0.000001  loss: 0.062509
2026-08-20 12:52:36,358 [INFO] Evaluating on val.
Train: data epoch: [19]  [ 0/49]  eta: 0:01:32  lr: 0.000001  loss: 0.0633  time: 1.8961  data: 0.0001  max mem: 14151
Train: data epoch: [19]  [20/49]  eta: 0:00:13  lr: 0.000001  loss: 0.0570  time: 0.4088  data: 0.0000  max mem: 14151
Train: data epoch: [19]  [40/49]  eta: 0:00:03  lr: 0.000001  loss: 0.0368  time: 0.4043  data: 0.0000  max mem: 14151
Train: data epoch: [19]  [48/49]  eta: 0:00:00  lr: 0.000001  loss: 0.0674  time: 0.4047  data: 0.0000  max mem: 14151
Train: data epoch: [19] Total time: 0:00:21 (0.4369 s / it)
2026-08-20 12:52:40,710 [INFO] Qual: EPOCH[19] -> PLCC: 0.878174, SROCC: 0.824197, KROCC: 0.634776, LOSS: 0.235816
2026-08-20 12:52:40,710 [INFO] Align: EPOCH[19] -> PLCC: 0.806179, SROCC: 0.645023, KROCC: 0.469257, LOSS: 0.351098
2026-08-20 12:52:40,724 [INFO] Saving checkpoint at epoch 19 to run/20260820124_B4_full_quick20_bs48/checkpoint_latest.pth.
[{'agg_metrics': np.float64(4.335691969795073), 'qual_agg': np.float64(2.3512654323268065), 'qual_PLCC': np.float64(0.8829058534937209), 'qual_SROCC': np.float64(0.8279198615376436), 'qual_KROCC': np.float64(0.6404397172954418), 'align_agg': np.float64(1.9844265374682668), 'align_PLCC': np.float64(0.8221008886774812), 'align_SROCC': np.float64(0.6707061075345028), 'align_KROCC': np.float64(0.491619541256283)}]
{'agg_metrics': np.float64(4.335691969795073), 'qual_agg': np.float64(2.3512654323268065), 'qual_PLCC': np.float64(0.8829058534937209), 'qual_SROCC': np.float64(0.8279198615376436), 'qual_KROCC': np.float64(0.6404397172954418), 'align_agg': np.float64(1.9844265374682668), 'align_PLCC': np.float64(0.8221008886774812), 'align_SROCC': np.float64(0.6707061075345028), 'align_KROCC': np.float64(0.491619541256283)}
