2026-08-20 13:19:27,508 [INFO] Start training
2026-08-20 13:19:27,742 [INFO] number of trainable parameters: 46548108
Not using distributed mode
['msqr_baseline', 'msqr_shcmi_taf']
Position interpolate from 7x7 to 16x16
Freezing <class 'clip.model.Transformer'> ...
Freezing <class 'torch.nn.modules.sparse.Embedding'> ...
Freezing <class 'clip.model.LayerNorm'> ...
Freezing <class 'torch.nn.parameter.Parameter'> ...
Freezing <class 'torch.nn.parameter.Parameter'> ...
2026-08-20 13:19:28,257 [INFO] Start training epoch 0, 49 iters per inner epoch.
2026-08-20 13:19:53,380 [INFO] Averaged stats: lr: 0.000005  loss: 3.571598
2026-08-20 13:19:53,475 [INFO] Evaluating on val.
Train: data epoch: [0]  [ 0/49]  eta: 0:04:39  lr: 0.000000  loss: 7.1077  time: 5.7139  data: 0.0001  max mem: 13900
Train: data epoch: [0]  [20/49]  eta: 0:00:19  lr: 0.000004  loss: 4.8345  time: 0.4079  data: 0.0000  max mem: 14153
Train: data epoch: [0]  [40/49]  eta: 0:00:04  lr: 0.000008  loss: 1.3251  time: 0.4020  data: 0.0000  max mem: 14153
Train: data epoch: [0]  [48/49]  eta: 0:00:00  lr: 0.000010  loss: 0.9754  time: 0.4026  data: 0.0000  max mem: 14153
Train: data epoch: [0] Total time: 0:00:25 (0.5127 s / it)
2026-08-20 13:19:57,708 [INFO] Qual: EPOCH[0] -> PLCC: 0.593159, SROCC: 0.506611, KROCC: 0.345610, LOSS: 0.895380
2026-08-20 13:19:57,708 [INFO] Align: EPOCH[0] -> PLCC: 0.496999, SROCC: 0.384303, KROCC: 0.258054, LOSS: 0.896908
2026-08-20 13:19:57,719 [INFO] Saving checkpoint at epoch 0 to run/20260820131_B4_full_quick20_bs48/checkpoint_best.pth.
2026-08-20 13:19:58,175 [INFO] Start training
2026-08-20 13:19:58,471 [INFO] Start training epoch 1, 49 iters per inner epoch.
2026-08-20 13:20:19,694 [INFO] Averaged stats: lr: 0.000010  loss: 0.503810
2026-08-20 13:20:19,772 [INFO] Evaluating on val.
Train: data epoch: [1]  [ 0/49]  eta: 0:01:26  lr: 0.000010  loss: 1.1116  time: 1.7685  data: 0.0001  max mem: 14153
Train: data epoch: [1]  [20/49]  eta: 0:00:13  lr: 0.000010  loss: 0.4935  time: 0.4075  data: 0.0000  max mem: 14153
Train: data epoch: [1]  [40/49]  eta: 0:00:03  lr: 0.000010  loss: 0.5017  time: 0.4037  data: 0.0000  max mem: 14153
Train: data epoch: [1]  [48/49]  eta: 0:00:00  lr: 0.000010  loss: 0.4278  time: 0.4030  data: 0.0000  max mem: 14153
Train: data epoch: [1] Total time: 0:00:21 (0.4331 s / it)
2026-08-20 13:20:24,142 [INFO] Qual: EPOCH[1] -> PLCC: 0.851260, SROCC: 0.733191, KROCC: 0.545430, LOSS: 0.285952
2026-08-20 13:20:24,142 [INFO] Align: EPOCH[1] -> PLCC: 0.793333, SROCC: 0.598031, KROCC: 0.426747, LOSS: 0.366236
2026-08-20 13:20:24,157 [INFO] Saving checkpoint at epoch 1 to run/20260820131_B4_full_quick20_bs48/checkpoint_best.pth.
2026-08-20 13:20:25,117 [INFO] Start training
2026-08-20 13:20:25,530 [INFO] Start training epoch 2, 49 iters per inner epoch.
2026-08-20 13:20:46,786 [INFO] Averaged stats: lr: 0.000010  loss: 0.312093
2026-08-20 13:20:46,888 [INFO] Evaluating on val.
Train: data epoch: [2]  [ 0/49]  eta: 0:01:29  lr: 0.000010  loss: 0.3098  time: 1.8357  data: 0.0001  max mem: 14153
Train: data epoch: [2]  [20/49]  eta: 0:00:13  lr: 0.000010  loss: 0.3329  time: 0.4081  data: 0.0000  max mem: 14153
Train: data epoch: [2]  [40/49]  eta: 0:00:03  lr: 0.000010  loss: 0.3401  time: 0.4020  data: 0.0000  max mem: 14153
Train: data epoch: [2]  [48/49]  eta: 0:00:00  lr: 0.000010  loss: 0.3239  time: 0.4020  data: 0.0000  max mem: 14153
Train: data epoch: [2] Total time: 0:00:21 (0.4338 s / it)
2026-08-20 13:20:51,305 [INFO] Qual: EPOCH[2] -> PLCC: 0.884494, SROCC: 0.802216, KROCC: 0.613956, LOSS: 0.229052
2026-08-20 13:20:51,305 [INFO] Align: EPOCH[2] -> PLCC: 0.802085, SROCC: 0.639308, KROCC: 0.462377, LOSS: 0.366063
2026-08-20 13:20:51,321 [INFO] Saving checkpoint at epoch 2 to run/20260820131_B4_full_quick20_bs48/checkpoint_best.pth.
2026-08-20 13:20:52,203 [INFO] Start training
2026-08-20 13:20:52,572 [INFO] Start training epoch 3, 49 iters per inner epoch.
2026-08-20 13:21:13,848 [INFO] Averaged stats: lr: 0.000010  loss: 0.267263
2026-08-20 13:21:13,950 [INFO] Evaluating on val.
Train: data epoch: [3]  [ 0/49]  eta: 0:01:33  lr: 0.000010  loss: 0.2633  time: 1.8984  data: 0.0001  max mem: 14153
Train: data epoch: [3]  [20/49]  eta: 0:00:13  lr: 0.000010  loss: 0.2948  time: 0.4030  data: 0.0000  max mem: 14153
Train: data epoch: [3]  [40/49]  eta: 0:00:03  lr: 0.000010  loss: 0.1796  time: 0.4037  data: 0.0000  max mem: 14153
Train: data epoch: [3]  [48/49]  eta: 0:00:00  lr: 0.000010  loss: 0.2796  time: 0.4043  data: 0.0000  max mem: 14153
Train: data epoch: [3] Total time: 0:00:21 (0.4342 s / it)
