2026-08-20 12:41:30,809 [INFO] Start training
2026-08-20 12:41:31,041 [INFO] number of trainable parameters: 46548108
Not using distributed mode
['msqr_baseline', 'msqr_shcmi_taf']
Position interpolate from 7x7 to 16x16
Freezing <class 'clip.model.Transformer'> ...
Freezing <class 'torch.nn.modules.sparse.Embedding'> ...
Freezing <class 'clip.model.LayerNorm'> ...
Freezing <class 'torch.nn.parameter.Parameter'> ...
Freezing <class 'torch.nn.parameter.Parameter'> ...
2026-08-20 12:41:31,349 [INFO] Start training epoch 0, 37 iters per inner epoch.
2026-08-20 12:41:56,922 [INFO] Averaged stats: lr: 0.000009  loss: 2.525302
2026-08-20 12:41:57,019 [INFO] Evaluating on val.
Train: data epoch: [0]  [ 0/37]  eta: 0:03:58  lr: 0.000000  loss: 7.2386  time: 6.4573  data: 0.0001  max mem: 18361
Train: data epoch: [0]  [20/37]  eta: 0:00:13  lr: 0.000010  loss: 1.3326  time: 0.5345  data: 0.0000  max mem: 18613
Train: data epoch: [0]  [36/37]  eta: 0:00:00  lr: 0.000010  loss: 0.5570  time: 0.5271  data: 0.0000  max mem: 18613
Train: data epoch: [0] Total time: 0:00:25 (0.6911 s / it)
2026-08-20 12:42:01,575 [INFO] Qual: EPOCH[0] -> PLCC: 0.659651, SROCC: 0.613149, KROCC: 0.428140, LOSS: 0.640621
2026-08-20 12:42:01,575 [INFO] Align: EPOCH[0] -> PLCC: 0.555868, SROCC: 0.489344, KROCC: 0.326802, LOSS: 0.728135
2026-08-20 12:42:01,589 [INFO] Saving checkpoint at epoch 0 to run/20260820124_B4_bs64_smoke/checkpoint_best.pth.
2026-08-20 12:42:02,119 [INFO] Start training
2026-08-20 12:42:02,445 [INFO] Start training epoch 1, 37 iters per inner epoch.
2026-08-20 12:42:23,263 [INFO] Averaged stats: lr: 0.000005  loss: 0.445804
2026-08-20 12:42:23,371 [INFO] Evaluating on val.
Train: data epoch: [1]  [ 0/37]  eta: 0:01:04  lr: 0.000005  loss: 0.5560  time: 1.7338  data: 0.0001  max mem: 18613
Train: data epoch: [1]  [20/37]  eta: 0:00:09  lr: 0.000005  loss: 0.5670  time: 0.5306  data: 0.0000  max mem: 18613
Train: data epoch: [1]  [36/37]  eta: 0:00:00  lr: 0.000005  loss: 0.4207  time: 0.5296  data: 0.0000  max mem: 18613
Train: data epoch: [1] Total time: 0:00:20 (0.5627 s / it)
2026-08-20 12:42:27,673 [INFO] Qual: EPOCH[1] -> PLCC: 0.824076, SROCC: 0.747057, KROCC: 0.555866, LOSS: 0.322249
2026-08-20 12:42:27,674 [INFO] Align: EPOCH[1] -> PLCC: 0.782621, SROCC: 0.632423, KROCC: 0.455584, LOSS: 0.380545
2026-08-20 12:42:27,687 [INFO] Saving checkpoint at epoch 1 to run/20260820124_B4_bs64_smoke/checkpoint_best.pth.
[{'agg_metrics': np.float64(3.9976270398792906), 'qual_agg': np.float64(2.1269992741079187), 'qual_PLCC': np.float64(0.8240759657458441), 'qual_SROCC': np.float64(0.7470571119562546), 'qual_KROCC': np.float64(0.5558661964058201), 'align_agg': np.float64(1.8706277657713717), 'align_PLCC': np.float64(0.7826205902018317), 'align_SROCC': np.float64(0.6324228669250236), 'align_KROCC': np.float64(0.4555843086445163)}]
{'agg_metrics': np.float64(3.9976270398792906), 'qual_agg': np.float64(2.1269992741079187), 'qual_PLCC': np.float64(0.8240759657458441), 'qual_SROCC': np.float64(0.7470571119562546), 'qual_KROCC': np.float64(0.5558661964058201), 'align_agg': np.float64(1.8706277657713717), 'align_PLCC': np.float64(0.7826205902018317), 'align_SROCC': np.float64(0.6324228669250236), 'align_KROCC': np.float64(0.4555843086445163)}
